<?xml version="1.0" encoding="UTF-8" ?>
<testsuites name="vitest tests" tests="9367" failures="1" errors="0" time="70.936996816">
    <testsuite name="src/shared/agent-id.test.ts" timestamp="2026-03-25T04:47:29.086Z" hostname="runnervm46oaq" tests="5" failures="0" errors="0" skipped="0" time="0.007249154">
        <testcase classname="src/shared/agent-id.test.ts" name="generateQuickAgentId &gt; returns a string starting with quick_" time="0.003189082">
        </testcase>
        <testcase classname="src/shared/agent-id.test.ts" name="generateQuickAgentId &gt; has three underscore-separated parts" time="0.001086151">
        </testcase>
        <testcase classname="src/shared/agent-id.test.ts" name="generateQuickAgentId &gt; includes a numeric timestamp in the second segment" time="0.000356543">
        </testcase>
        <testcase classname="src/shared/agent-id.test.ts" name="generateQuickAgentId &gt; includes an 8-character hex/alphanumeric suffix" time="0.000396318">
        </testcase>
        <testcase classname="src/shared/agent-id.test.ts" name="generateQuickAgentId &gt; generates unique IDs across 200 rapid calls" time="0.00069321">
        </testcase>
    </testsuite>
    <testsuite name="src/shared/eslint-ignores.test.ts" timestamp="2026-03-25T04:47:29.089Z" hostname="runnervm46oaq" tests="2" failures="0" errors="0" skipped="0" time="0.006669876">
        <testcase classname="src/shared/eslint-ignores.test.ts" name="eslint ignores configuration &gt; excludes root-level generated directories" time="0.0036343">
        </testcase>
        <testcase classname="src/shared/eslint-ignores.test.ts" name="eslint ignores configuration &gt; excludes agent worktree generated directories" time="0.000904292">
        </testcase>
    </testsuite>
    <testsuite name="src/shared/ipc-channel-sync.test.ts" timestamp="2026-03-25T04:47:29.089Z" hostname="runnervm46oaq" tests="661" failures="0" errors="0" skipped="0" time="0.117810763">
        <testcase classname="src/shared/ipc-channel-sync.test.ts" name="IPC Channel Sync &gt; all channels defined in ipc-channels.ts have a handler registered &gt; IPC.PTY.SPAWN_SHELL (&apos;pty:spawn-shell&apos;) has a handler in src/main/ipc/" time="0.002706344">
        </testcase>
        <testcase classname="src/shared/ipc-channel-sync.test.ts" name="IPC Channel Sync &gt; all channels defined in ipc-channels.ts have a handler registered &gt; IPC.PTY.WRITE (&apos;pty:write&apos;) has a handler in src/main/ipc/" time="0.000374988">
        </testcase>
        <testcase classname="src/shared/ipc-channel-sync.test.ts" name="IPC Channel Sync &gt; all channels defined in ipc-channels.ts have a handler registered &gt; IPC.PTY.RESIZE (&apos;pty:resize&apos;) has a handler in src/main/ipc/" time="0.000309976">
        </testcase>
        <testcase classname="src/shared/ipc-channel-sync.test.ts" name="IPC Channel Sync &gt; all channels defined in ipc-channels.ts have a handler registered &gt; IPC.PTY.KILL (&apos;pty:kill&apos;) has a handler in src/main/ipc/" time="0.000353698">
        </testcase>
        <testcase classname="src/shared/ipc-channel-sync.test.ts" name="IPC Channel Sync &gt; all channels defined in ipc-channels.ts have a handler registered &gt; IPC.PTY.GET_BUFFER (&apos;pty:get-buffer&apos;) has a handler in src/main/ipc/" time="0.000327038">
        </testcase>
        <testcase classname="src/shared/ipc-channel-sync.test.ts" name="IPC Channel Sync &gt; all channels defined in ipc-channels.ts have a handler registered &gt; IPC.PROJECT.LIST (&apos;project:list&apos;) has a handler in src/main/ipc/" time="0.000259642">
        </testcase>
        <testcase classname="src/shared/ipc-channel-sync.test.ts" name="IPC Channel Sync &gt; all channels defined in ipc-channels.ts have a handler registered &gt; IPC.PROJECT.ADD (&apos;project:add&apos;) has a handler in src/main/ipc/" time="0.000343388">
        </testcase>
        <testcase classname="src/shared/ipc-channel-sync.test.ts" name="IPC Channel Sync &gt; all channels defined in ipc-channels.ts have a handler registered &gt; IPC.PROJECT.REMOVE (&apos;project:remove&apos;) has a handler in src/main/ipc/" time="0.000277566">
        </testcase>
        <testcase classname="src/shared/ipc-channel-sync.test.ts" name="IPC Channel Sync &gt; all channels defined in ipc-channels.ts have a handler registered &gt; IPC.PROJECT.PICK_DIR (&apos;project:pick-dir&apos;) has a handler in src/main/ipc/" time="0.00086594">
        </testcase>
        <testcase classname="src/shared/ipc-channel-sync.test.ts" name="IPC Channel Sync &gt; all channels defined in ipc-channels.ts have a handler registered &gt; IPC.PROJECT.CHECK_GIT (&apos;project:check-git&apos;) has a handler in src/main/ipc/" time="0.000351093">
        </testcase>
        <testcase classname="src/shared/ipc-channel-sync.test.ts" name="IPC Channel Sync &gt; all channels defined in ipc-channels.ts have a handler registered &gt; IPC.PROJECT.GIT_INIT (&apos;project:git-init&apos;) has a handler in src/main/ipc/" time="0.000310808">
        </testcase>
        <testcase classname="src/shared/ipc-channel-sync.test.ts" name="IPC Channel Sync &gt; all channels defined in ipc-channels.ts have a handler registered &gt; IPC.PROJECT.UPDATE (&apos;project:update&apos;) has a handler in src/main/ipc/" time="0.000203739">
        </testcase>
        <testcase classname="src/shared/ipc-channel-sync.test.ts" name="IPC Channel Sync &gt; all channels defined in ipc-channels.ts have a handler registered &gt; IPC.PROJECT.PICK_ICON (&apos;project:pick-icon&apos;) has a handler in src/main/ipc/" time="0.000163304">
        </testcase>
        <testcase classname="src/shared/ipc-channel-sync.test.ts" name="IPC Channel Sync &gt; all channels defined in ipc-channels.ts have a handler registered &gt; IPC.PROJECT.REORDER (&apos;project:reorder&apos;) has a handler in src/main/ipc/" time="0.0001615">
        </testcase>
        <testcase classname="src/shared/ipc-channel-sync.test.ts" name="IPC Channel Sync &gt; all channels defined in ipc-channels.ts have a handler registered &gt; IPC.PROJECT.READ_ICON (&apos;project:read-icon&apos;) has a handler in src/main/ipc/" time="0.000149258">
        </testcase>
        <testcase classname="src/shared/ipc-channel-sync.test.ts" name="IPC Channel Sync &gt; all channels defined in ipc-channels.ts have a handler registered &gt; IPC.PROJECT.PICK_IMAGE (&apos;project:pick-image&apos;) has a handler in src/main/ipc/" time="0.000189783">
        </testcase>
        <testcase classname="src/shared/ipc-channel-sync.test.ts" name="IPC Channel Sync &gt; all channels defined in ipc-channels.ts have a handler registered &gt; IPC.PROJECT.SAVE_CROPPED_ICON (&apos;project:save-cropped-icon&apos;) has a handler in src/main/ipc/" time="0.000138969">
        </testcase>
        <testcase classname="src/shared/ipc-channel-sync.test.ts" name="IPC Channel Sync &gt; all channels defined in ipc-channels.ts have a handler registered &gt; IPC.PROJECT.LIST_CLUBHOUSE_FILES (&apos;project:list-clubhouse-files&apos;) has a handler in src/main/ipc/" time="0.000116236">
        </testcase>
        <testcase classname="src/shared/ipc-channel-sync.test.ts" name="IPC Channel Sync &gt; all channels defined in ipc-channels.ts have a handler registered &gt; IPC.PROJECT.RESET_PROJECT (&apos;project:reset-project&apos;) has a handler in src/main/ipc/" time="0.000125073">
        </testcase>
        <testcase classname="src/shared/ipc-channel-sync.test.ts" name="IPC Channel Sync &gt; all channels defined in ipc-channels.ts have a handler registered &gt; IPC.PROJECT.READ_LAUNCH_WRAPPER (&apos;project:read-launch-wrapper&apos;) has a handler in src/main/ipc/" time="0.000158775">
        </testcase>
        <testcase classname="src/shared/ipc-channel-sync.test.ts" name="IPC Channel Sync &gt; all channels defined in ipc-channels.ts have a handler registered &gt; IPC.PROJECT.WRITE_LAUNCH_WRAPPER (&apos;project:write-launch-wrapper&apos;) has a handler in src/main/ipc/" time="0.000118701">
        </testcase>
        <testcase classname="src/shared/ipc-channel-sync.test.ts" name="IPC Channel Sync &gt; all channels defined in ipc-channels.ts have a handler registered &gt; IPC.PROJECT.READ_MCP_CATALOG (&apos;project:read-mcp-catalog&apos;) has a handler in src/main/ipc/" time="0.000118661">
        </testcase>
        <testcase classname="src/shared/ipc-channel-sync.test.ts" name="IPC Channel Sync &gt; all channels defined in ipc-channels.ts have a handler registered &gt; IPC.PROJECT.WRITE_MCP_CATALOG (&apos;project:write-mcp-catalog&apos;) has a handler in src/main/ipc/" time="0.000114984">
        </testcase>
        <testcase classname="src/shared/ipc-channel-sync.test.ts" name="IPC Channel Sync &gt; all channels defined in ipc-channels.ts have a handler registered &gt; IPC.PROJECT.READ_DEFAULT_MCPS (&apos;project:read-default-mcps&apos;) has a handler in src/main/ipc/" time="0.000115425">
        </testcase>
        <testcase classname="src/shared/ipc-channel-sync.test.ts" name="IPC Channel Sync &gt; all channels defined in ipc-channels.ts have a handler registered &gt; IPC.PROJECT.WRITE_DEFAULT_MCPS (&apos;project:write-default-mcps&apos;) has a handler in src/main/ipc/" time="0.000115274">
        </testcase>
        <testcase classname="src/shared/ipc-channel-sync.test.ts" name="IPC Channel Sync &gt; all channels defined in ipc-channels.ts have a handler registered &gt; IPC.AGENT.CREATE_DURABLE (&apos;agent:create-durable&apos;) has a handler in src/main/ipc/" time="0.000098242">
        </testcase>
        <testcase classname="src/shared/ipc-channel-sync.test.ts" name="IPC Channel Sync &gt; all channels defined in ipc-channels.ts have a handler registered &gt; IPC.AGENT.LIST_DURABLE (&apos;agent:list-durable&apos;) has a handler in src/main/ipc/" time="0.000102141">
        </testcase>
        <testcase classname="src/shared/ipc-channel-sync.test.ts" name="IPC Channel Sync &gt; all channels defined in ipc-channels.ts have a handler registered &gt; IPC.AGENT.DELETE_DURABLE (&apos;agent:delete-durable&apos;) has a handler in src/main/ipc/" time="0.000127877">
        </testcase>
        <testcase classname="src/shared/ipc-channel-sync.test.ts" name="IPC Channel Sync &gt; all channels defined in ipc-channels.ts have a handler registered &gt; IPC.AGENT.READ_INSTRUCTIONS (&apos;agent:read-instructions&apos;) has a handler in src/main/ipc/" time="0.000114233">
        </testcase>
        <testcase classname="src/shared/ipc-channel-sync.test.ts" name="IPC Channel Sync &gt; all channels defined in ipc-channels.ts have a handler registered &gt; IPC.AGENT.SAVE_INSTRUCTIONS (&apos;agent:save-instructions&apos;) has a handler in src/main/ipc/" time="0.000100496">
        </testcase>
        <testcase classname="src/shared/ipc-channel-sync.test.ts" name="IPC Channel Sync &gt; all channels defined in ipc-channels.ts have a handler registered &gt; IPC.AGENT.READ_MCP_CONFIG (&apos;agent:read-mcp-config&apos;) has a handler in src/main/ipc/" time="0.000120985">
        </testcase>
        <testcase classname="src/shared/ipc-channel-sync.test.ts" name="IPC Channel Sync &gt; all channels defined in ipc-channels.ts have a handler registered &gt; IPC.AGENT.LIST_SKILLS (&apos;agent:list-skills&apos;) has a handler in src/main/ipc/" time="0.000103493">
        </testcase>
        <testcase classname="src/shared/ipc-channel-sync.test.ts" name="IPC Channel Sync &gt; all channels defined in ipc-channels.ts have a handler registered &gt; IPC.AGENT.GET_WORKTREE_STATUS (&apos;agent:get-worktree-status&apos;) has a handler in src/main/ipc/" time="0.000088754">
        </testcase>
        <testcase classname="src/shared/ipc-channel-sync.test.ts" name="IPC Channel Sync &gt; all channels defined in ipc-channels.ts have a handler registered &gt; IPC.AGENT.DELETE_COMMIT_PUSH (&apos;agent:delete-commit-push&apos;) has a handler in src/main/ipc/" time="0.000093945">
        </testcase>
        <testcase classname="src/shared/ipc-channel-sync.test.ts" name="IPC Channel Sync &gt; all channels defined in ipc-channels.ts have a handler registered &gt; IPC.AGENT.DELETE_CLEANUP_BRANCH (&apos;agent:delete-cleanup-branch&apos;) has a handler in src/main/ipc/" time="0.000088585">
        </testcase>
        <testcase classname="src/shared/ipc-channel-sync.test.ts" name="IPC Channel Sync &gt; all channels defined in ipc-channels.ts have a handler registered &gt; IPC.AGENT.DELETE_SAVE_PATCH (&apos;agent:delete-save-patch&apos;) has a handler in src/main/ipc/" time="0.000092663">
        </testcase>
        <testcase classname="src/shared/ipc-channel-sync.test.ts" name="IPC Channel Sync &gt; all channels defined in ipc-channels.ts have a handler registered &gt; IPC.AGENT.DELETE_FORCE (&apos;agent:delete-force&apos;) has a handler in src/main/ipc/" time="0.0001026">
        </testcase>
        <testcase classname="src/shared/ipc-channel-sync.test.ts" name="IPC Channel Sync &gt; all channels defined in ipc-channels.ts have a handler registered &gt; IPC.AGENT.DELETE_UNREGISTER (&apos;agent:delete-unregister&apos;) has a handler in src/main/ipc/" time="0.000114152">
        </testcase>
        <testcase classname="src/shared/ipc-channel-sync.test.ts" name="IPC Channel Sync &gt; all channels defined in ipc-channels.ts have a handler registered &gt; IPC.AGENT.RENAME_DURABLE (&apos;agent:rename-durable&apos;) has a handler in src/main/ipc/" time="0.000098273">
        </testcase>
        <testcase classname="src/shared/ipc-channel-sync.test.ts" name="IPC Channel Sync &gt; all channels defined in ipc-channels.ts have a handler registered &gt; IPC.AGENT.UPDATE_DURABLE (&apos;agent:update-durable&apos;) has a handler in src/main/ipc/" time="0.000096349">
        </testcase>
        <testcase classname="src/shared/ipc-channel-sync.test.ts" name="IPC Channel Sync &gt; all channels defined in ipc-channels.ts have a handler registered &gt; IPC.AGENT.READ_QUICK_SUMMARY (&apos;agent:read-quick-summary&apos;) has a handler in src/main/ipc/" time="0.000092883">
        </testcase>
        <testcase classname="src/shared/ipc-channel-sync.test.ts" name="IPC Channel Sync &gt; all channels defined in ipc-channels.ts have a handler registered &gt; IPC.AGENT.GET_DURABLE_CONFIG (&apos;agent:get-durable-config&apos;) has a handler in src/main/ipc/" time="0.000093003">
        </testcase>
        <testcase classname="src/shared/ipc-channel-sync.test.ts" name="IPC Channel Sync &gt; all channels defined in ipc-channels.ts have a handler registered &gt; IPC.AGENT.UPDATE_DURABLE_CONFIG (&apos;agent:update-durable-config&apos;) has a handler in src/main/ipc/" time="0.004046767">
        </testcase>
        <testcase classname="src/shared/ipc-channel-sync.test.ts" name="IPC Channel Sync &gt; all channels defined in ipc-channels.ts have a handler registered &gt; IPC.AGENT.LIST_AGENT_TEMPLATES (&apos;agent:list-agent-templates&apos;) has a handler in src/main/ipc/" time="0.000178753">
        </testcase>
        <testcase classname="src/shared/ipc-channel-sync.test.ts" name="IPC Channel Sync &gt; all channels defined in ipc-channels.ts have a handler registered &gt; IPC.AGENT.LIST_SOURCE_SKILLS (&apos;agent:list-source-skills&apos;) has a handler in src/main/ipc/" time="0.000171118">
        </testcase>
        <testcase classname="src/shared/ipc-channel-sync.test.ts" name="IPC Channel Sync &gt; all channels defined in ipc-channels.ts have a handler registered &gt; IPC.AGENT.LIST_SOURCE_AGENT_TEMPLATES (&apos;agent:list-source-agent-templates&apos;) has a handler in src/main/ipc/" time="0.000245467">
        </testcase>
        <testcase classname="src/shared/ipc-channel-sync.test.ts" name="IPC Channel Sync &gt; all channels defined in ipc-channels.ts have a handler registered &gt; IPC.AGENT.CREATE_SKILL (&apos;agent:create-skill&apos;) has a handler in src/main/ipc/" time="0.000324253">
        </testcase>
        <testcase classname="src/shared/ipc-channel-sync.test.ts" name="IPC Channel Sync &gt; all channels defined in ipc-channels.ts have a handler registered &gt; IPC.AGENT.CREATE_AGENT_TEMPLATE (&apos;agent:create-agent-template&apos;) has a handler in src/main/ipc/" time="0.000179123">
        </testcase>
        <testcase classname="src/shared/ipc-channel-sync.test.ts" name="IPC Channel Sync &gt; all channels defined in ipc-channels.ts have a handler registered &gt; IPC.AGENT.SPAWN_AGENT (&apos;agent:spawn-agent&apos;) has a handler in src/main/ipc/" time="0.000172831">
        </testcase>
        <testcase classname="src/shared/ipc-channel-sync.test.ts" name="IPC Channel Sync &gt; all channels defined in ipc-channels.ts have a handler registered &gt; IPC.AGENT.KILL_AGENT (&apos;agent:kill-agent&apos;) has a handler in src/main/ipc/" time="0.000190765">
        </testcase>
        <testcase classname="src/shared/ipc-channel-sync.test.ts" name="IPC Channel Sync &gt; all channels defined in ipc-channels.ts have a handler registered &gt; IPC.AGENT.SPAWN_COMPANION (&apos;agent:spawn-companion&apos;) has a handler in src/main/ipc/" time="0.000152463">
        </testcase>
        <testcase classname="src/shared/ipc-channel-sync.test.ts" name="IPC Channel Sync &gt; all channels defined in ipc-channels.ts have a handler registered &gt; IPC.AGENT.GET_COMPANION_STATUS (&apos;agent:get-companion-status&apos;) has a handler in src/main/ipc/" time="0.000155259">
        </testcase>
        <testcase classname="src/shared/ipc-channel-sync.test.ts" name="IPC Channel Sync &gt; all channels defined in ipc-channels.ts have a handler registered &gt; IPC.AGENT.GET_COMPANION_WORKSPACE (&apos;agent:get-companion-workspace&apos;) has a handler in src/main/ipc/" time="0.000158645">
        </testcase>
        <testcase classname="src/shared/ipc-channel-sync.test.ts" name="IPC Channel Sync &gt; all channels defined in ipc-channels.ts have a handler registered &gt; IPC.AGENT.GET_MODEL_OPTIONS (&apos;agent:get-model-options&apos;) has a handler in src/main/ipc/" time="0.000161611">
        </testcase>
        <testcase classname="src/shared/ipc-channel-sync.test.ts" name="IPC Channel Sync &gt; all channels defined in ipc-channels.ts have a handler registered &gt; IPC.AGENT.CHECK_ORCHESTRATOR (&apos;agent:check-orchestrator&apos;) has a handler in src/main/ipc/" time="0.000167391">
        </testcase>
        <testcase classname="src/shared/ipc-channel-sync.test.ts" name="IPC Channel Sync &gt; all channels defined in ipc-channels.ts have a handler registered &gt; IPC.AGENT.GET_ORCHESTRATORS (&apos;agent:get-orchestrators&apos;) has a handler in src/main/ipc/" time="0.00018278">
        </testcase>
        <testcase classname="src/shared/ipc-channel-sync.test.ts" name="IPC Channel Sync &gt; all channels defined in ipc-channels.ts have a handler registered &gt; IPC.AGENT.GET_TOOL_VERB (&apos;agent:get-tool-verb&apos;) has a handler in src/main/ipc/" time="0.000161911">
        </testcase>
        <testcase classname="src/shared/ipc-channel-sync.test.ts" name="IPC Channel Sync &gt; all channels defined in ipc-channels.ts have a handler registered &gt; IPC.AGENT.GET_SUMMARY_INSTRUCTION (&apos;agent:get-summary-instruction&apos;) has a handler in src/main/ipc/" time="0.0001449">
        </testcase>
        <testcase classname="src/shared/ipc-channel-sync.test.ts" name="IPC Channel Sync &gt; all channels defined in ipc-channels.ts have a handler registered &gt; IPC.AGENT.READ_TRANSCRIPT (&apos;agent:read-transcript&apos;) has a handler in src/main/ipc/" time="0.000146602">
        </testcase>
        <testcase classname="src/shared/ipc-channel-sync.test.ts" name="IPC Channel Sync &gt; all channels defined in ipc-channels.ts have a handler registered &gt; IPC.AGENT.GET_TRANSCRIPT_INFO (&apos;agent:get-transcript-info&apos;) has a handler in src/main/ipc/" time="0.000154928">
        </testcase>
        <testcase classname="src/shared/ipc-channel-sync.test.ts" name="IPC Channel Sync &gt; all channels defined in ipc-channels.ts have a handler registered &gt; IPC.AGENT.READ_TRANSCRIPT_PAGE (&apos;agent:read-transcript-page&apos;) has a handler in src/main/ipc/" time="0.000156111">
        </testcase>
        <testcase classname="src/shared/ipc-channel-sync.test.ts" name="IPC Channel Sync &gt; all channels defined in ipc-channels.ts have a handler registered &gt; IPC.AGENT.IS_HEADLESS_AGENT (&apos;agent:is-headless-agent&apos;) has a handler in src/main/ipc/" time="0.000179194">
        </testcase>
        <testcase classname="src/shared/ipc-channel-sync.test.ts" name="IPC Channel Sync &gt; all channels defined in ipc-channels.ts have a handler registered &gt; IPC.AGENT.REORDER_DURABLE (&apos;agent:reorder-durable&apos;) has a handler in src/main/ipc/" time="0.000168093">
        </testcase>
        <testcase classname="src/shared/ipc-channel-sync.test.ts" name="IPC Channel Sync &gt; all channels defined in ipc-channels.ts have a handler registered &gt; IPC.AGENT.PICK_ICON (&apos;agent:pick-icon&apos;) has a handler in src/main/ipc/" time="0.000167221">
        </testcase>
        <testcase classname="src/shared/ipc-channel-sync.test.ts" name="IPC Channel Sync &gt; all channels defined in ipc-channels.ts have a handler registered &gt; IPC.AGENT.SAVE_ICON (&apos;agent:save-icon&apos;) has a handler in src/main/ipc/" time="0.000163213">
        </testcase>
        <testcase classname="src/shared/ipc-channel-sync.test.ts" name="IPC Channel Sync &gt; all channels defined in ipc-channels.ts have a handler registered &gt; IPC.AGENT.READ_ICON (&apos;agent:read-icon&apos;) has a handler in src/main/ipc/" time="0.000169275">
        </testcase>
        <testcase classname="src/shared/ipc-channel-sync.test.ts" name="IPC Channel Sync &gt; all channels defined in ipc-channels.ts have a handler registered &gt; IPC.AGENT.REMOVE_ICON (&apos;agent:remove-icon&apos;) has a handler in src/main/ipc/" time="0.000185415">
        </testcase>
        <testcase classname="src/shared/ipc-channel-sync.test.ts" name="IPC Channel Sync &gt; all channels defined in ipc-channels.ts have a handler registered &gt; IPC.AGENT.READ_PERMISSIONS (&apos;agent:read-permissions&apos;) has a handler in src/main/ipc/" time="0.000168874">
        </testcase>
        <testcase classname="src/shared/ipc-channel-sync.test.ts" name="IPC Channel Sync &gt; all channels defined in ipc-channels.ts have a handler registered &gt; IPC.AGENT.SAVE_PERMISSIONS (&apos;agent:save-permissions&apos;) has a handler in src/main/ipc/" time="0.00016653">
        </testcase>
        <testcase classname="src/shared/ipc-channel-sync.test.ts" name="IPC Channel Sync &gt; all channels defined in ipc-channels.ts have a handler registered &gt; IPC.AGENT.READ_SKILL_CONTENT (&apos;agent:read-skill-content&apos;) has a handler in src/main/ipc/" time="0.000162693">
        </testcase>
        <testcase classname="src/shared/ipc-channel-sync.test.ts" name="IPC Channel Sync &gt; all channels defined in ipc-channels.ts have a handler registered &gt; IPC.AGENT.WRITE_SKILL_CONTENT (&apos;agent:write-skill-content&apos;) has a handler in src/main/ipc/" time="0.000149779">
        </testcase>
        <testcase classname="src/shared/ipc-channel-sync.test.ts" name="IPC Channel Sync &gt; all channels defined in ipc-channels.ts have a handler registered &gt; IPC.AGENT.DELETE_SKILL (&apos;agent:delete-skill&apos;) has a handler in src/main/ipc/" time="0.00015115">
        </testcase>
        <testcase classname="src/shared/ipc-channel-sync.test.ts" name="IPC Channel Sync &gt; all channels defined in ipc-channels.ts have a handler registered &gt; IPC.AGENT.READ_AGENT_TEMPLATE_CONTENT (&apos;agent:read-agent-template-content&apos;) has a handler in src/main/ipc/" time="0.000160539">
        </testcase>
        <testcase classname="src/shared/ipc-channel-sync.test.ts" name="IPC Channel Sync &gt; all channels defined in ipc-channels.ts have a handler registered &gt; IPC.AGENT.WRITE_AGENT_TEMPLATE_CONTENT (&apos;agent:write-agent-template-content&apos;) has a handler in src/main/ipc/" time="0.000154087">
        </testcase>
        <testcase classname="src/shared/ipc-channel-sync.test.ts" name="IPC Channel Sync &gt; all channels defined in ipc-channels.ts have a handler registered &gt; IPC.AGENT.DELETE_AGENT_TEMPLATE (&apos;agent:delete-agent-template&apos;) has a handler in src/main/ipc/" time="0.000157042">
        </testcase>
        <testcase classname="src/shared/ipc-channel-sync.test.ts" name="IPC Channel Sync &gt; all channels defined in ipc-channels.ts have a handler registered &gt; IPC.AGENT.LIST_AGENT_TEMPLATE_FILES (&apos;agent:list-agent-template-files&apos;) has a handler in src/main/ipc/" time="0.000153776">
        </testcase>
        <testcase classname="src/shared/ipc-channel-sync.test.ts" name="IPC Channel Sync &gt; all channels defined in ipc-channels.ts have a handler registered &gt; IPC.AGENT.READ_MCP_RAW_JSON (&apos;agent:read-mcp-raw-json&apos;) has a handler in src/main/ipc/" time="0.000154677">
        </testcase>
        <testcase classname="src/shared/ipc-channel-sync.test.ts" name="IPC Channel Sync &gt; all channels defined in ipc-channels.ts have a handler registered &gt; IPC.AGENT.WRITE_MCP_RAW_JSON (&apos;agent:write-mcp-raw-json&apos;) has a handler in src/main/ipc/" time="0.000146913">
        </testcase>
        <testcase classname="src/shared/ipc-channel-sync.test.ts" name="IPC Channel Sync &gt; all channels defined in ipc-channels.ts have a handler registered &gt; IPC.AGENT.READ_PROJECT_AGENT_DEFAULTS (&apos;agent:read-project-agent-defaults&apos;) has a handler in src/main/ipc/" time="0.000138919">
        </testcase>
        <testcase classname="src/shared/ipc-channel-sync.test.ts" name="IPC Channel Sync &gt; all channels defined in ipc-channels.ts have a handler registered &gt; IPC.AGENT.WRITE_PROJECT_AGENT_DEFAULTS (&apos;agent:write-project-agent-defaults&apos;) has a handler in src/main/ipc/" time="0.000167412">
        </testcase>
        <testcase classname="src/shared/ipc-channel-sync.test.ts" name="IPC Channel Sync &gt; all channels defined in ipc-channels.ts have a handler registered &gt; IPC.AGENT.RESET_PROJECT_AGENT_DEFAULTS (&apos;agent:reset-project-agent-defaults&apos;) has a handler in src/main/ipc/" time="0.000135612">
        </testcase>
        <testcase classname="src/shared/ipc-channel-sync.test.ts" name="IPC Channel Sync &gt; all channels defined in ipc-channels.ts have a handler registered &gt; IPC.AGENT.GET_CONVENTIONS (&apos;agent:get-conventions&apos;) has a handler in src/main/ipc/" time="0.000157312">
        </testcase>
        <testcase classname="src/shared/ipc-channel-sync.test.ts" name="IPC Channel Sync &gt; all channels defined in ipc-channels.ts have a handler registered &gt; IPC.AGENT.MATERIALIZE_AGENT (&apos;agent:materialize-agent&apos;) has a handler in src/main/ipc/" time="0.000160899">
        </testcase>
        <testcase classname="src/shared/ipc-channel-sync.test.ts" name="IPC Channel Sync &gt; all channels defined in ipc-channels.ts have a handler registered &gt; IPC.AGENT.PREVIEW_MATERIALIZATION (&apos;agent:preview-materialization&apos;) has a handler in src/main/ipc/" time="0.000157663">
        </testcase>
        <testcase classname="src/shared/ipc-channel-sync.test.ts" name="IPC Channel Sync &gt; all channels defined in ipc-channels.ts have a handler registered &gt; IPC.AGENT.READ_SOURCE_SKILL_CONTENT (&apos;agent:read-source-skill-content&apos;) has a handler in src/main/ipc/" time="0.000151782">
        </testcase>
        <testcase classname="src/shared/ipc-channel-sync.test.ts" name="IPC Channel Sync &gt; all channels defined in ipc-channels.ts have a handler registered &gt; IPC.AGENT.WRITE_SOURCE_SKILL_CONTENT (&apos;agent:write-source-skill-content&apos;) has a handler in src/main/ipc/" time="0.00018291">
        </testcase>
        <testcase classname="src/shared/ipc-channel-sync.test.ts" name="IPC Channel Sync &gt; all channels defined in ipc-channels.ts have a handler registered &gt; IPC.AGENT.DELETE_SOURCE_SKILL (&apos;agent:delete-source-skill&apos;) has a handler in src/main/ipc/" time="0.000158114">
        </testcase>
        <testcase classname="src/shared/ipc-channel-sync.test.ts" name="IPC Channel Sync &gt; all channels defined in ipc-channels.ts have a handler registered &gt; IPC.AGENT.READ_SOURCE_AGENT_TEMPLATE_CONTENT (&apos;agent:read-source-agent-template-content&apos;) has a handler in src/main/ipc/" time="0.000151372">
        </testcase>
        <testcase classname="src/shared/ipc-channel-sync.test.ts" name="IPC Channel Sync &gt; all channels defined in ipc-channels.ts have a handler registered &gt; IPC.AGENT.WRITE_SOURCE_AGENT_TEMPLATE_CONTENT (&apos;agent:write-source-agent-template-content&apos;) has a handler in src/main/ipc/" time="0.000138047">
        </testcase>
        <testcase classname="src/shared/ipc-channel-sync.test.ts" name="IPC Channel Sync &gt; all channels defined in ipc-channels.ts have a handler registered &gt; IPC.AGENT.DELETE_SOURCE_AGENT_TEMPLATE (&apos;agent:delete-source-agent-template&apos;) has a handler in src/main/ipc/" time="0.000151332">
        </testcase>
        <testcase classname="src/shared/ipc-channel-sync.test.ts" name="IPC Channel Sync &gt; all channels defined in ipc-channels.ts have a handler registered &gt; IPC.AGENT.GET_PROJECT_CONFIG_BREAKDOWN (&apos;agent:get-project-config-breakdown&apos;) has a handler in src/main/ipc/" time="0.000147044">
        </testcase>
        <testcase classname="src/shared/ipc-channel-sync.test.ts" name="IPC Channel Sync &gt; all channels defined in ipc-channels.ts have a handler registered &gt; IPC.AGENT.REMOVE_PLUGIN_INJECTION_ITEM (&apos;agent:remove-plugin-injection-item&apos;) has a handler in src/main/ipc/" time="0.00016696">
        </testcase>
        <testcase classname="src/shared/ipc-channel-sync.test.ts" name="IPC Channel Sync &gt; all channels defined in ipc-channels.ts have a handler registered &gt; IPC.AGENT.COMPUTE_CONFIG_DIFF (&apos;agent:compute-config-diff&apos;) has a handler in src/main/ipc/" time="0.000149258">
        </testcase>
        <testcase classname="src/shared/ipc-channel-sync.test.ts" name="IPC Channel Sync &gt; all channels defined in ipc-channels.ts have a handler registered &gt; IPC.AGENT.PROPAGATE_CONFIG_CHANGES (&apos;agent:propagate-config-changes&apos;) has a handler in src/main/ipc/" time="0.000152033">
        </testcase>
        <testcase classname="src/shared/ipc-channel-sync.test.ts" name="IPC Channel Sync &gt; all channels defined in ipc-channels.ts have a handler registered &gt; IPC.AGENT.LIST_SESSIONS (&apos;agent:list-sessions&apos;) has a handler in src/main/ipc/" time="0.000158345">
        </testcase>
        <testcase classname="src/shared/ipc-channel-sync.test.ts" name="IPC Channel Sync &gt; all channels defined in ipc-channels.ts have a handler registered &gt; IPC.AGENT.UPDATE_SESSION_NAME (&apos;agent:update-session-name&apos;) has a handler in src/main/ipc/" time="0.000147414">
        </testcase>
        <testcase classname="src/shared/ipc-channel-sync.test.ts" name="IPC Channel Sync &gt; all channels defined in ipc-channels.ts have a handler registered &gt; IPC.AGENT.READ_SESSION_TRANSCRIPT (&apos;agent:read-session-transcript&apos;) has a handler in src/main/ipc/" time="0.000155369">
        </testcase>
        <testcase classname="src/shared/ipc-channel-sync.test.ts" name="IPC Channel Sync &gt; all channels defined in ipc-channels.ts have a handler registered &gt; IPC.AGENT.GET_SESSION_SUMMARY (&apos;agent:get-session-summary&apos;) has a handler in src/main/ipc/" time="0.000177961">
        </testcase>
        <testcase classname="src/shared/ipc-channel-sync.test.ts" name="IPC Channel Sync &gt; all channels defined in ipc-channels.ts have a handler registered &gt; IPC.AGENT.GET_BACKUP_INFO (&apos;agent:get-backup-info&apos;) has a handler in src/main/ipc/" time="0.00016131">
        </testcase>
        <testcase classname="src/shared/ipc-channel-sync.test.ts" name="IPC Channel Sync &gt; all channels defined in ipc-channels.ts have a handler registered &gt; IPC.AGENT.RESTORE_FROM_BACKUP (&apos;agent:restore-from-backup&apos;) has a handler in src/main/ipc/" time="0.000158635">
        </testcase>
        <testcase classname="src/shared/ipc-channel-sync.test.ts" name="IPC Channel Sync &gt; all channels defined in ipc-channels.ts have a handler registered &gt; IPC.AGENT.START_STRUCTURED (&apos;agent:start-structured&apos;) has a handler in src/main/ipc/" time="0.000152303">
        </testcase>
        <testcase classname="src/shared/ipc-channel-sync.test.ts" name="IPC Channel Sync &gt; all channels defined in ipc-channels.ts have a handler registered &gt; IPC.AGENT.CANCEL_STRUCTURED (&apos;agent:cancel-structured&apos;) has a handler in src/main/ipc/" time="0.000153175">
        </testcase>
        <testcase classname="src/shared/ipc-channel-sync.test.ts" name="IPC Channel Sync &gt; all channels defined in ipc-channels.ts have a handler registered &gt; IPC.AGENT.SEND_STRUCTURED_MESSAGE (&apos;agent:send-structured-message&apos;) has a handler in src/main/ipc/" time="0.000145982">
        </testcase>
        <testcase classname="src/shared/ipc-channel-sync.test.ts" name="IPC Channel Sync &gt; all channels defined in ipc-channels.ts have a handler registered &gt; IPC.AGENT.RESPOND_PERMISSION (&apos;agent:respond-permission&apos;) has a handler in src/main/ipc/" time="0.000189302">
        </testcase>
        <testcase classname="src/shared/ipc-channel-sync.test.ts" name="IPC Channel Sync &gt; all channels defined in ipc-channels.ts have a handler registered &gt; IPC.FILE.READ_TREE (&apos;file:read-tree&apos;) has a handler in src/main/ipc/" time="0.000202206">
        </testcase>
        <testcase classname="src/shared/ipc-channel-sync.test.ts" name="IPC Channel Sync &gt; all channels defined in ipc-channels.ts have a handler registered &gt; IPC.FILE.READ (&apos;file:read&apos;) has a handler in src/main/ipc/" time="0.000213347">
        </testcase>
        <testcase classname="src/shared/ipc-channel-sync.test.ts" name="IPC Channel Sync &gt; all channels defined in ipc-channels.ts have a handler registered &gt; IPC.FILE.READ_BINARY (&apos;file:read-binary&apos;) has a handler in src/main/ipc/" time="0.000180055">
        </testcase>
        <testcase classname="src/shared/ipc-channel-sync.test.ts" name="IPC Channel Sync &gt; all channels defined in ipc-channels.ts have a handler registered &gt; IPC.FILE.WRITE (&apos;file:write&apos;) has a handler in src/main/ipc/" time="0.000237181">
        </testcase>
        <testcase classname="src/shared/ipc-channel-sync.test.ts" name="IPC Channel Sync &gt; all channels defined in ipc-channels.ts have a handler registered &gt; IPC.FILE.SHOW_IN_FOLDER (&apos;file:show-in-folder&apos;) has a handler in src/main/ipc/" time="0.000175657">
        </testcase>
        <testcase classname="src/shared/ipc-channel-sync.test.ts" name="IPC Channel Sync &gt; all channels defined in ipc-channels.ts have a handler registered &gt; IPC.FILE.MKDIR (&apos;file:mkdir&apos;) has a handler in src/main/ipc/" time="0.000202616">
        </testcase>
        <testcase classname="src/shared/ipc-channel-sync.test.ts" name="IPC Channel Sync &gt; all channels defined in ipc-channels.ts have a handler registered &gt; IPC.FILE.DELETE (&apos;file:delete&apos;) has a handler in src/main/ipc/" time="0.000191607">
        </testcase>
        <testcase classname="src/shared/ipc-channel-sync.test.ts" name="IPC Channel Sync &gt; all channels defined in ipc-channels.ts have a handler registered &gt; IPC.FILE.RENAME (&apos;file:rename&apos;) has a handler in src/main/ipc/" time="0.00019869">
        </testcase>
        <testcase classname="src/shared/ipc-channel-sync.test.ts" name="IPC Channel Sync &gt; all channels defined in ipc-channels.ts have a handler registered &gt; IPC.FILE.COPY (&apos;file:copy&apos;) has a handler in src/main/ipc/" time="0.000236871">
        </testcase>
        <testcase classname="src/shared/ipc-channel-sync.test.ts" name="IPC Channel Sync &gt; all channels defined in ipc-channels.ts have a handler registered &gt; IPC.FILE.STAT (&apos;file:stat&apos;) has a handler in src/main/ipc/" time="0.000222324">
        </testcase>
        <testcase classname="src/shared/ipc-channel-sync.test.ts" name="IPC Channel Sync &gt; all channels defined in ipc-channels.ts have a handler registered &gt; IPC.FILE.WATCH_START (&apos;file:watch-start&apos;) has a handler in src/main/ipc/" time="0.000179123">
        </testcase>
        <testcase classname="src/shared/ipc-channel-sync.test.ts" name="IPC Channel Sync &gt; all channels defined in ipc-channels.ts have a handler registered &gt; IPC.FILE.WATCH_STOP (&apos;file:watch-stop&apos;) has a handler in src/main/ipc/" time="0.000176448">
        </testcase>
        <testcase classname="src/shared/ipc-channel-sync.test.ts" name="IPC Channel Sync &gt; all channels defined in ipc-channels.ts have a handler registered &gt; IPC.FILE.SEARCH (&apos;file:search&apos;) has a handler in src/main/ipc/" time="0.000198039">
        </testcase>
        <testcase classname="src/shared/ipc-channel-sync.test.ts" name="IPC Channel Sync &gt; all channels defined in ipc-channels.ts have a handler registered &gt; IPC.FILE.OPEN_IN_EDITOR (&apos;file:open-in-editor&apos;) has a handler in src/main/ipc/" time="0.000190886">
        </testcase>
        <testcase classname="src/shared/ipc-channel-sync.test.ts" name="IPC Channel Sync &gt; all channels defined in ipc-channels.ts have a handler registered &gt; IPC.GIT.INFO (&apos;git:info&apos;) has a handler in src/main/ipc/" time="0.000233224">
        </testcase>
        <testcase classname="src/shared/ipc-channel-sync.test.ts" name="IPC Channel Sync &gt; all channels defined in ipc-channels.ts have a handler registered &gt; IPC.GIT.CHECKOUT (&apos;git:checkout&apos;) has a handler in src/main/ipc/" time="0.000202497">
        </testcase>
        <testcase classname="src/shared/ipc-channel-sync.test.ts" name="IPC Channel Sync &gt; all channels defined in ipc-channels.ts have a handler registered &gt; IPC.GIT.STAGE (&apos;git:stage&apos;) has a handler in src/main/ipc/" time="0.000226241">
        </testcase>
        <testcase classname="src/shared/ipc-channel-sync.test.ts" name="IPC Channel Sync &gt; all channels defined in ipc-channels.ts have a handler registered &gt; IPC.GIT.UNSTAGE (&apos;git:unstage&apos;) has a handler in src/main/ipc/" time="0.000247921">
        </testcase>
        <testcase classname="src/shared/ipc-channel-sync.test.ts" name="IPC Channel Sync &gt; all channels defined in ipc-channels.ts have a handler registered &gt; IPC.GIT.STAGE_ALL (&apos;git:stage-all&apos;) has a handler in src/main/ipc/" time="0.000203018">
        </testcase>
        <testcase classname="src/shared/ipc-channel-sync.test.ts" name="IPC Channel Sync &gt; all channels defined in ipc-channels.ts have a handler registered &gt; IPC.GIT.UNSTAGE_ALL (&apos;git:unstage-all&apos;) has a handler in src/main/ipc/" time="0.000191135">
        </testcase>
        <testcase classname="src/shared/ipc-channel-sync.test.ts" name="IPC Channel Sync &gt; all channels defined in ipc-channels.ts have a handler registered &gt; IPC.GIT.DISCARD (&apos;git:discard&apos;) has a handler in src/main/ipc/" time="0.000205352">
        </testcase>
        <testcase classname="src/shared/ipc-channel-sync.test.ts" name="IPC Channel Sync &gt; all channels defined in ipc-channels.ts have a handler registered &gt; IPC.GIT.COMMIT (&apos;git:commit&apos;) has a handler in src/main/ipc/" time="0.000201765">
        </testcase>
        <testcase classname="src/shared/ipc-channel-sync.test.ts" name="IPC Channel Sync &gt; all channels defined in ipc-channels.ts have a handler registered &gt; IPC.GIT.PUSH (&apos;git:push&apos;) has a handler in src/main/ipc/" time="0.000315867">
        </testcase>
        <testcase classname="src/shared/ipc-channel-sync.test.ts" name="IPC Channel Sync &gt; all channels defined in ipc-channels.ts have a handler registered &gt; IPC.GIT.PULL (&apos;git:pull&apos;) has a handler in src/main/ipc/" time="0.000244174">
        </testcase>
        <testcase classname="src/shared/ipc-channel-sync.test.ts" name="IPC Channel Sync &gt; all channels defined in ipc-channels.ts have a handler registered &gt; IPC.GIT.DIFF (&apos;git:diff&apos;) has a handler in src/main/ipc/" time="0.000207736">
        </testcase>
        <testcase classname="src/shared/ipc-channel-sync.test.ts" name="IPC Channel Sync &gt; all channels defined in ipc-channels.ts have a handler registered &gt; IPC.GIT.CREATE_BRANCH (&apos;git:create-branch&apos;) has a handler in src/main/ipc/" time="0.000168524">
        </testcase>
        <testcase classname="src/shared/ipc-channel-sync.test.ts" name="IPC Channel Sync &gt; all channels defined in ipc-channels.ts have a handler registered &gt; IPC.GIT.STASH (&apos;git:stash&apos;) has a handler in src/main/ipc/" time="0.001030197">
        </testcase>
        <testcase classname="src/shared/ipc-channel-sync.test.ts" name="IPC Channel Sync &gt; all channels defined in ipc-channels.ts have a handler registered &gt; IPC.GIT.STASH_POP (&apos;git:stash-pop&apos;) has a handler in src/main/ipc/" time="0.000218696">
        </testcase>
        <testcase classname="src/shared/ipc-channel-sync.test.ts" name="IPC Channel Sync &gt; all channels defined in ipc-channels.ts have a handler registered &gt; IPC.GIT.LIST_WORKTREES (&apos;git:list-worktrees&apos;) has a handler in src/main/ipc/" time="0.00016689">
        </testcase>
        <testcase classname="src/shared/ipc-channel-sync.test.ts" name="IPC Channel Sync &gt; all channels defined in ipc-channels.ts have a handler registered &gt; IPC.GIT.LOG (&apos;git:log&apos;) has a handler in src/main/ipc/" time="0.000250185">
        </testcase>
        <testcase classname="src/shared/ipc-channel-sync.test.ts" name="IPC Channel Sync &gt; all channels defined in ipc-channels.ts have a handler registered &gt; IPC.GIT.SHOW_COMMIT (&apos;git:show-commit&apos;) has a handler in src/main/ipc/" time="0.000192007">
        </testcase>
        <testcase classname="src/shared/ipc-channel-sync.test.ts" name="IPC Channel Sync &gt; all channels defined in ipc-channels.ts have a handler registered &gt; IPC.GIT.COMMIT_DIFF (&apos;git:commit-diff&apos;) has a handler in src/main/ipc/" time="0.000178432">
        </testcase>
        <testcase classname="src/shared/ipc-channel-sync.test.ts" name="IPC Channel Sync &gt; all channels defined in ipc-channels.ts have a handler registered &gt; IPC.APP.OPEN_EXTERNAL_URL (&apos;app:open-external-url&apos;) has a handler in src/main/ipc/" time="0.000225419">
        </testcase>
        <testcase classname="src/shared/ipc-channel-sync.test.ts" name="IPC Channel Sync &gt; all channels defined in ipc-channels.ts have a handler registered &gt; IPC.APP.GET_NOTIFICATION_SETTINGS (&apos;app:get-notification-settings&apos;) has a handler in src/main/ipc/" time="0.000170467">
        </testcase>
        <testcase classname="src/shared/ipc-channel-sync.test.ts" name="IPC Channel Sync &gt; all channels defined in ipc-channels.ts have a handler registered &gt; IPC.APP.SAVE_NOTIFICATION_SETTINGS (&apos;app:save-notification-settings&apos;) has a handler in src/main/ipc/" time="0.000164055">
        </testcase>
        <testcase classname="src/shared/ipc-channel-sync.test.ts" name="IPC Channel Sync &gt; all channels defined in ipc-channels.ts have a handler registered &gt; IPC.APP.SEND_NOTIFICATION (&apos;app:send-notification&apos;) has a handler in src/main/ipc/" time="0.000173112">
        </testcase>
        <testcase classname="src/shared/ipc-channel-sync.test.ts" name="IPC Channel Sync &gt; all channels defined in ipc-channels.ts have a handler registered &gt; IPC.APP.CLOSE_NOTIFICATION (&apos;app:close-notification&apos;) has a handler in src/main/ipc/" time="0.000174504">
        </testcase>
        <testcase classname="src/shared/ipc-channel-sync.test.ts" name="IPC Channel Sync &gt; all channels defined in ipc-channels.ts have a handler registered &gt; IPC.APP.GET_THEME (&apos;app:get-theme&apos;) has a handler in src/main/ipc/" time="0.000216613">
        </testcase>
        <testcase classname="src/shared/ipc-channel-sync.test.ts" name="IPC Channel Sync &gt; all channels defined in ipc-channels.ts have a handler registered &gt; IPC.APP.SAVE_THEME (&apos;app:save-theme&apos;) has a handler in src/main/ipc/" time="0.000196575">
        </testcase>
        <testcase classname="src/shared/ipc-channel-sync.test.ts" name="IPC Channel Sync &gt; all channels defined in ipc-channels.ts have a handler registered &gt; IPC.APP.UPDATE_TITLE_BAR_OVERLAY (&apos;app:update-title-bar-overlay&apos;) has a handler in src/main/ipc/" time="0.000159066">
        </testcase>
        <testcase classname="src/shared/ipc-channel-sync.test.ts" name="IPC Channel Sync &gt; all channels defined in ipc-channels.ts have a handler registered &gt; IPC.APP.GET_ORCHESTRATOR_SETTINGS (&apos;app:get-orchestrator-settings&apos;) has a handler in src/main/ipc/" time="0.000157113">
        </testcase>
        <testcase classname="src/shared/ipc-channel-sync.test.ts" name="IPC Channel Sync &gt; all channels defined in ipc-channels.ts have a handler registered &gt; IPC.APP.SAVE_ORCHESTRATOR_SETTINGS (&apos;app:save-orchestrator-settings&apos;) has a handler in src/main/ipc/" time="0.000163964">
        </testcase>
        <testcase classname="src/shared/ipc-channel-sync.test.ts" name="IPC Channel Sync &gt; all channels defined in ipc-channels.ts have a handler registered &gt; IPC.APP.GET_VERSION (&apos;app:get-version&apos;) has a handler in src/main/ipc/" time="0.000189683">
        </testcase>
        <testcase classname="src/shared/ipc-channel-sync.test.ts" name="IPC Channel Sync &gt; all channels defined in ipc-channels.ts have a handler registered &gt; IPC.APP.GET_ARCH_INFO (&apos;app:get-arch-info&apos;) has a handler in src/main/ipc/" time="0.000236089">
        </testcase>
        <testcase classname="src/shared/ipc-channel-sync.test.ts" name="IPC Channel Sync &gt; all channels defined in ipc-channels.ts have a handler registered &gt; IPC.APP.GET_HEADLESS_SETTINGS (&apos;app:get-headless-settings&apos;) has a handler in src/main/ipc/" time="0.000165889">
        </testcase>
        <testcase classname="src/shared/ipc-channel-sync.test.ts" name="IPC Channel Sync &gt; all channels defined in ipc-channels.ts have a handler registered &gt; IPC.APP.SAVE_HEADLESS_SETTINGS (&apos;app:save-headless-settings&apos;) has a handler in src/main/ipc/" time="0.000165878">
        </testcase>
        <testcase classname="src/shared/ipc-channel-sync.test.ts" name="IPC Channel Sync &gt; all channels defined in ipc-channels.ts have a handler registered &gt; IPC.APP.SET_DOCK_BADGE (&apos;app:set-dock-badge&apos;) has a handler in src/main/ipc/" time="0.000176038">
        </testcase>
        <testcase classname="src/shared/ipc-channel-sync.test.ts" name="IPC Channel Sync &gt; all channels defined in ipc-channels.ts have a handler registered &gt; IPC.APP.GET_BADGE_SETTINGS (&apos;app:get-badge-settings&apos;) has a handler in src/main/ipc/" time="0.000158344">
        </testcase>
        <testcase classname="src/shared/ipc-channel-sync.test.ts" name="IPC Channel Sync &gt; all channels defined in ipc-channels.ts have a handler registered &gt; IPC.APP.SAVE_BADGE_SETTINGS (&apos;app:save-badge-settings&apos;) has a handler in src/main/ipc/" time="0.000186898">
        </testcase>
        <testcase classname="src/shared/ipc-channel-sync.test.ts" name="IPC Channel Sync &gt; all channels defined in ipc-channels.ts have a handler registered &gt; IPC.APP.GET_UPDATE_SETTINGS (&apos;app:get-update-settings&apos;) has a handler in src/main/ipc/" time="0.000164396">
        </testcase>
        <testcase classname="src/shared/ipc-channel-sync.test.ts" name="IPC Channel Sync &gt; all channels defined in ipc-channels.ts have a handler registered &gt; IPC.APP.SAVE_UPDATE_SETTINGS (&apos;app:save-update-settings&apos;) has a handler in src/main/ipc/" time="0.000165056">
        </testcase>
        <testcase classname="src/shared/ipc-channel-sync.test.ts" name="IPC Channel Sync &gt; all channels defined in ipc-channels.ts have a handler registered &gt; IPC.APP.CHECK_FOR_UPDATES (&apos;app:check-for-updates&apos;) has a handler in src/main/ipc/" time="0.000170687">
        </testcase>
        <testcase classname="src/shared/ipc-channel-sync.test.ts" name="IPC Channel Sync &gt; all channels defined in ipc-channels.ts have a handler registered &gt; IPC.APP.GET_UPDATE_STATUS (&apos;app:get-update-status&apos;) has a handler in src/main/ipc/" time="0.00016671">
        </testcase>
        <testcase classname="src/shared/ipc-channel-sync.test.ts" name="IPC Channel Sync &gt; all channels defined in ipc-channels.ts have a handler registered &gt; IPC.APP.APPLY_UPDATE (&apos;app:apply-update&apos;) has a handler in src/main/ipc/" time="0.000203188">
        </testcase>
        <testcase classname="src/shared/ipc-channel-sync.test.ts" name="IPC Channel Sync &gt; all channels defined in ipc-channels.ts have a handler registered &gt; IPC.APP.GET_PENDING_RELEASE_NOTES (&apos;app:get-pending-release-notes&apos;) has a handler in src/main/ipc/" time="0.000162653">
        </testcase>
        <testcase classname="src/shared/ipc-channel-sync.test.ts" name="IPC Channel Sync &gt; all channels defined in ipc-channels.ts have a handler registered &gt; IPC.APP.CLEAR_PENDING_RELEASE_NOTES (&apos;app:clear-pending-release-notes&apos;) has a handler in src/main/ipc/" time="0.000158525">
        </testcase>
        <testcase classname="src/shared/ipc-channel-sync.test.ts" name="IPC Channel Sync &gt; all channels defined in ipc-channels.ts have a handler registered &gt; IPC.APP.GET_VERSION_HISTORY (&apos;app:get-version-history&apos;) has a handler in src/main/ipc/" time="0.000152845">
        </testcase>
        <testcase classname="src/shared/ipc-channel-sync.test.ts" name="IPC Channel Sync &gt; all channels defined in ipc-channels.ts have a handler registered &gt; IPC.APP.GET_CLIPBOARD_SETTINGS (&apos;app:get-clipboard-settings&apos;) has a handler in src/main/ipc/" time="0.000158605">
        </testcase>
        <testcase classname="src/shared/ipc-channel-sync.test.ts" name="IPC Channel Sync &gt; all channels defined in ipc-channels.ts have a handler registered &gt; IPC.APP.SAVE_CLIPBOARD_SETTINGS (&apos;app:save-clipboard-settings&apos;) has a handler in src/main/ipc/" time="0.000163093">
        </testcase>
        <testcase classname="src/shared/ipc-channel-sync.test.ts" name="IPC Channel Sync &gt; all channels defined in ipc-channels.ts have a handler registered &gt; IPC.APP.READ_CLIPBOARD_IMAGE (&apos;app:read-clipboard-image&apos;) has a handler in src/main/ipc/" time="0.000186687">
        </testcase>
        <testcase classname="src/shared/ipc-channel-sync.test.ts" name="IPC Channel Sync &gt; all channels defined in ipc-channels.ts have a handler registered &gt; IPC.APP.GET_CLUBHOUSE_MODE_SETTINGS (&apos;app:get-clubhouse-mode-settings&apos;) has a handler in src/main/ipc/" time="0.000162783">
        </testcase>
        <testcase classname="src/shared/ipc-channel-sync.test.ts" name="IPC Channel Sync &gt; all channels defined in ipc-channels.ts have a handler registered &gt; IPC.APP.SAVE_CLUBHOUSE_MODE_SETTINGS (&apos;app:save-clubhouse-mode-settings&apos;) has a handler in src/main/ipc/" time="0.000183291">
        </testcase>
        <testcase classname="src/shared/ipc-channel-sync.test.ts" name="IPC Channel Sync &gt; all channels defined in ipc-channels.ts have a handler registered &gt; IPC.APP.GET_SOUND_SETTINGS (&apos;app:get-sound-settings&apos;) has a handler in src/main/ipc/" time="0.000186467">
        </testcase>
        <testcase classname="src/shared/ipc-channel-sync.test.ts" name="IPC Channel Sync &gt; all channels defined in ipc-channels.ts have a handler registered &gt; IPC.APP.SAVE_SOUND_SETTINGS (&apos;app:save-sound-settings&apos;) has a handler in src/main/ipc/" time="0.000191126">
        </testcase>
        <testcase classname="src/shared/ipc-channel-sync.test.ts" name="IPC Channel Sync &gt; all channels defined in ipc-channels.ts have a handler registered &gt; IPC.APP.LIST_SOUND_PACKS (&apos;app:list-sound-packs&apos;) has a handler in src/main/ipc/" time="0.00022584">
        </testcase>
        <testcase classname="src/shared/ipc-channel-sync.test.ts" name="IPC Channel Sync &gt; all channels defined in ipc-channels.ts have a handler registered &gt; IPC.APP.IMPORT_SOUND_PACK (&apos;app:import-sound-pack&apos;) has a handler in src/main/ipc/" time="0.000204701">
        </testcase>
        <testcase classname="src/shared/ipc-channel-sync.test.ts" name="IPC Channel Sync &gt; all channels defined in ipc-channels.ts have a handler registered &gt; IPC.APP.DELETE_SOUND_PACK (&apos;app:delete-sound-pack&apos;) has a handler in src/main/ipc/" time="0.0001937">
        </testcase>
        <testcase classname="src/shared/ipc-channel-sync.test.ts" name="IPC Channel Sync &gt; all channels defined in ipc-channels.ts have a handler registered &gt; IPC.APP.GET_SOUND_DATA (&apos;app:get-sound-data&apos;) has a handler in src/main/ipc/" time="0.000198269">
        </testcase>
        <testcase classname="src/shared/ipc-channel-sync.test.ts" name="IPC Channel Sync &gt; all channels defined in ipc-channels.ts have a handler registered &gt; IPC.APP.GET_SESSION_SETTINGS (&apos;app:get-session-settings&apos;) has a handler in src/main/ipc/" time="0.000185204">
        </testcase>
        <testcase classname="src/shared/ipc-channel-sync.test.ts" name="IPC Channel Sync &gt; all channels defined in ipc-channels.ts have a handler registered &gt; IPC.APP.SAVE_SESSION_SETTINGS (&apos;app:save-session-settings&apos;) has a handler in src/main/ipc/" time="0.000211784">
        </testcase>
        <testcase classname="src/shared/ipc-channel-sync.test.ts" name="IPC Channel Sync &gt; all channels defined in ipc-channels.ts have a handler registered &gt; IPC.APP.RESTART (&apos;app:restart&apos;) has a handler in src/main/ipc/" time="0.000224057">
        </testcase>
        <testcase classname="src/shared/ipc-channel-sync.test.ts" name="IPC Channel Sync &gt; all channels defined in ipc-channels.ts have a handler registered &gt; IPC.APP.GET_EXPERIMENTAL_SETTINGS (&apos;app:get-experimental-settings&apos;) has a handler in src/main/ipc/" time="0.000186177">
        </testcase>
        <testcase classname="src/shared/ipc-channel-sync.test.ts" name="IPC Channel Sync &gt; all channels defined in ipc-channels.ts have a handler registered &gt; IPC.APP.SAVE_EXPERIMENTAL_SETTINGS (&apos;app:save-experimental-settings&apos;) has a handler in src/main/ipc/" time="0.000183251">
        </testcase>
        <testcase classname="src/shared/ipc-channel-sync.test.ts" name="IPC Channel Sync &gt; all channels defined in ipc-channels.ts have a handler registered &gt; IPC.APP.GET_PENDING_RESUMES (&apos;app:get-pending-resumes&apos;) has a handler in src/main/ipc/" time="0.000205553">
        </testcase>
        <testcase classname="src/shared/ipc-channel-sync.test.ts" name="IPC Channel Sync &gt; all channels defined in ipc-channels.ts have a handler registered &gt; IPC.APP.RESUME_MANUAL_AGENT (&apos;app:resume-manual-agent&apos;) has a handler in src/main/ipc/" time="0.000226251">
        </testcase>
        <testcase classname="src/shared/ipc-channel-sync.test.ts" name="IPC Channel Sync &gt; all channels defined in ipc-channels.ts have a handler registered &gt; IPC.APP.GET_LIVE_AGENTS_FOR_UPDATE (&apos;app:get-live-agents-for-update&apos;) has a handler in src/main/ipc/" time="0.000184984">
        </testcase>
        <testcase classname="src/shared/ipc-channel-sync.test.ts" name="IPC Channel Sync &gt; all channels defined in ipc-channels.ts have a handler registered &gt; IPC.APP.RESOLVE_WORKING_AGENT (&apos;app:resolve-working-agent&apos;) has a handler in src/main/ipc/" time="0.000195964">
        </testcase>
        <testcase classname="src/shared/ipc-channel-sync.test.ts" name="IPC Channel Sync &gt; all channels defined in ipc-channels.ts have a handler registered &gt; IPC.APP.CONFIRM_UPDATE_RESTART (&apos;app:confirm-update-restart&apos;) has a handler in src/main/ipc/" time="0.000191336">
        </testcase>
        <testcase classname="src/shared/ipc-channel-sync.test.ts" name="IPC Channel Sync &gt; all channels defined in ipc-channels.ts have a handler registered &gt; IPC.PLUGIN.DISCOVER_COMMUNITY (&apos;plugin:discover-community&apos;) has a handler in src/main/ipc/" time="0.000203569">
        </testcase>
        <testcase classname="src/shared/ipc-channel-sync.test.ts" name="IPC Channel Sync &gt; all channels defined in ipc-channels.ts have a handler registered &gt; IPC.PLUGIN.STORAGE_READ (&apos;plugin:storage-read&apos;) has a handler in src/main/ipc/" time="0.000232903">
        </testcase>
        <testcase classname="src/shared/ipc-channel-sync.test.ts" name="IPC Channel Sync &gt; all channels defined in ipc-channels.ts have a handler registered &gt; IPC.PLUGIN.STORAGE_WRITE (&apos;plugin:storage-write&apos;) has a handler in src/main/ipc/" time="0.000214358">
        </testcase>
        <testcase classname="src/shared/ipc-channel-sync.test.ts" name="IPC Channel Sync &gt; all channels defined in ipc-channels.ts have a handler registered &gt; IPC.PLUGIN.STORAGE_DELETE (&apos;plugin:storage-delete&apos;) has a handler in src/main/ipc/" time="0.000203629">
        </testcase>
        <testcase classname="src/shared/ipc-channel-sync.test.ts" name="IPC Channel Sync &gt; all channels defined in ipc-channels.ts have a handler registered &gt; IPC.PLUGIN.STORAGE_LIST (&apos;plugin:storage-list&apos;) has a handler in src/main/ipc/" time="0.000215501">
        </testcase>
        <testcase classname="src/shared/ipc-channel-sync.test.ts" name="IPC Channel Sync &gt; all channels defined in ipc-channels.ts have a handler registered &gt; IPC.PLUGIN.FILE_READ (&apos;plugin:file-read&apos;) has a handler in src/main/ipc/" time="0.000237482">
        </testcase>
        <testcase classname="src/shared/ipc-channel-sync.test.ts" name="IPC Channel Sync &gt; all channels defined in ipc-channels.ts have a handler registered &gt; IPC.PLUGIN.FILE_WRITE (&apos;plugin:file-write&apos;) has a handler in src/main/ipc/" time="0.00021545">
        </testcase>
        <testcase classname="src/shared/ipc-channel-sync.test.ts" name="IPC Channel Sync &gt; all channels defined in ipc-channels.ts have a handler registered &gt; IPC.PLUGIN.FILE_DELETE (&apos;plugin:file-delete&apos;) has a handler in src/main/ipc/" time="0.000206775">
        </testcase>
        <testcase classname="src/shared/ipc-channel-sync.test.ts" name="IPC Channel Sync &gt; all channels defined in ipc-channels.ts have a handler registered &gt; IPC.PLUGIN.FILE_EXISTS (&apos;plugin:file-exists&apos;) has a handler in src/main/ipc/" time="0.000202546">
        </testcase>
        <testcase classname="src/shared/ipc-channel-sync.test.ts" name="IPC Channel Sync &gt; all channels defined in ipc-channels.ts have a handler registered &gt; IPC.PLUGIN.FILE_LIST_DIR (&apos;plugin:file-list-dir&apos;) has a handler in src/main/ipc/" time="0.00019871">
        </testcase>
        <testcase classname="src/shared/ipc-channel-sync.test.ts" name="IPC Channel Sync &gt; all channels defined in ipc-channels.ts have a handler registered &gt; IPC.PLUGIN.GITIGNORE_ADD (&apos;plugin:gitignore-add&apos;) has a handler in src/main/ipc/" time="0.00020437">
        </testcase>
        <testcase classname="src/shared/ipc-channel-sync.test.ts" name="IPC Channel Sync &gt; all channels defined in ipc-channels.ts have a handler registered &gt; IPC.PLUGIN.GITIGNORE_REMOVE (&apos;plugin:gitignore-remove&apos;) has a handler in src/main/ipc/" time="0.00018278">
        </testcase>
        <testcase classname="src/shared/ipc-channel-sync.test.ts" name="IPC Channel Sync &gt; all channels defined in ipc-channels.ts have a handler registered &gt; IPC.PLUGIN.GITIGNORE_CHECK (&apos;plugin:gitignore-check&apos;) has a handler in src/main/ipc/" time="0.000192999">
        </testcase>
        <testcase classname="src/shared/ipc-channel-sync.test.ts" name="IPC Channel Sync &gt; all channels defined in ipc-channels.ts have a handler registered &gt; IPC.PLUGIN.STARTUP_MARKER_READ (&apos;plugin:startup-marker-read&apos;) has a handler in src/main/ipc/" time="0.000171158">
        </testcase>
        <testcase classname="src/shared/ipc-channel-sync.test.ts" name="IPC Channel Sync &gt; all channels defined in ipc-channels.ts have a handler registered &gt; IPC.PLUGIN.STARTUP_MARKER_WRITE (&apos;plugin:startup-marker-write&apos;) has a handler in src/main/ipc/" time="0.000175766">
        </testcase>
        <testcase classname="src/shared/ipc-channel-sync.test.ts" name="IPC Channel Sync &gt; all channels defined in ipc-channels.ts have a handler registered &gt; IPC.PLUGIN.STARTUP_MARKER_CLEAR (&apos;plugin:startup-marker-clear&apos;) has a handler in src/main/ipc/" time="0.000203308">
        </testcase>
        <testcase classname="src/shared/ipc-channel-sync.test.ts" name="IPC Channel Sync &gt; all channels defined in ipc-channels.ts have a handler registered &gt; IPC.PLUGIN.MKDIR (&apos;plugin:mkdir&apos;) has a handler in src/main/ipc/" time="0.000217575">
        </testcase>
        <testcase classname="src/shared/ipc-channel-sync.test.ts" name="IPC Channel Sync &gt; all channels defined in ipc-channels.ts have a handler registered &gt; IPC.PLUGIN.UNINSTALL (&apos;plugin:uninstall&apos;) has a handler in src/main/ipc/" time="0.000198279">
        </testcase>
        <testcase classname="src/shared/ipc-channel-sync.test.ts" name="IPC Channel Sync &gt; all channels defined in ipc-channels.ts have a handler registered &gt; IPC.PLUGIN.LOAD_MODULE_SOURCE (&apos;plugin:load-module-source&apos;) has a handler in src/main/ipc/" time="0.000179313">
        </testcase>
        <testcase classname="src/shared/ipc-channel-sync.test.ts" name="IPC Channel Sync &gt; all channels defined in ipc-channels.ts have a handler registered &gt; IPC.PLUGIN.REFRESH_MANIFEST_FROM_DISK (&apos;plugin:refresh-manifest-from-disk&apos;) has a handler in src/main/ipc/" time="0.000162913">
        </testcase>
        <testcase classname="src/shared/ipc-channel-sync.test.ts" name="IPC Channel Sync &gt; all channels defined in ipc-channels.ts have a handler registered &gt; IPC.PLUGIN.CLEANUP_PROJECT_INJECTIONS (&apos;plugin:cleanup-project-injections&apos;) has a handler in src/main/ipc/" time="0.000186617">
        </testcase>
        <testcase classname="src/shared/ipc-channel-sync.test.ts" name="IPC Channel Sync &gt; all channels defined in ipc-channels.ts have a handler registered &gt; IPC.PLUGIN.LIST_PROJECT_INJECTIONS (&apos;plugin:list-project-injections&apos;) has a handler in src/main/ipc/" time="0.000162372">
        </testcase>
        <testcase classname="src/shared/ipc-channel-sync.test.ts" name="IPC Channel Sync &gt; all channels defined in ipc-channels.ts have a handler registered &gt; IPC.PLUGIN.LIST_ORPHANED_PLUGIN_IDS (&apos;plugin:list-orphaned-plugin-ids&apos;) has a handler in src/main/ipc/" time="0.000163193">
        </testcase>
        <testcase classname="src/shared/ipc-channel-sync.test.ts" name="IPC Channel Sync &gt; all channels defined in ipc-channels.ts have a handler registered &gt; IPC.LOG.LOG_WRITE (&apos;log:write&apos;) has a handler in src/main/ipc/" time="0.000225429">
        </testcase>
        <testcase classname="src/shared/ipc-channel-sync.test.ts" name="IPC Channel Sync &gt; all channels defined in ipc-channels.ts have a handler registered &gt; IPC.LOG.GET_LOG_SETTINGS (&apos;log:get-settings&apos;) has a handler in src/main/ipc/" time="0.000195234">
        </testcase>
        <testcase classname="src/shared/ipc-channel-sync.test.ts" name="IPC Channel Sync &gt; all channels defined in ipc-channels.ts have a handler registered &gt; IPC.LOG.SAVE_LOG_SETTINGS (&apos;log:save-settings&apos;) has a handler in src/main/ipc/" time="0.000220971">
        </testcase>
        <testcase classname="src/shared/ipc-channel-sync.test.ts" name="IPC Channel Sync &gt; all channels defined in ipc-channels.ts have a handler registered &gt; IPC.LOG.GET_LOG_NAMESPACES (&apos;log:get-namespaces&apos;) has a handler in src/main/ipc/" time="0.00018251">
        </testcase>
        <testcase classname="src/shared/ipc-channel-sync.test.ts" name="IPC Channel Sync &gt; all channels defined in ipc-channels.ts have a handler registered &gt; IPC.LOG.GET_LOG_PATH (&apos;log:get-path&apos;) has a handler in src/main/ipc/" time="0.000206454">
        </testcase>
        <testcase classname="src/shared/ipc-channel-sync.test.ts" name="IPC Channel Sync &gt; all channels defined in ipc-channels.ts have a handler registered &gt; IPC.PROCESS.EXEC (&apos;process:exec&apos;) has a handler in src/main/ipc/" time="0.000234717">
        </testcase>
        <testcase classname="src/shared/ipc-channel-sync.test.ts" name="IPC Channel Sync &gt; all channels defined in ipc-channels.ts have a handler registered &gt; IPC.WINDOW.CREATE_POPOUT (&apos;window:create-popout&apos;) has a handler in src/main/ipc/" time="0.000225911">
        </testcase>
        <testcase classname="src/shared/ipc-channel-sync.test.ts" name="IPC Channel Sync &gt; all channels defined in ipc-channels.ts have a handler registered &gt; IPC.WINDOW.CLOSE_POPOUT (&apos;window:close-popout&apos;) has a handler in src/main/ipc/" time="0.000192007">
        </testcase>
        <testcase classname="src/shared/ipc-channel-sync.test.ts" name="IPC Channel Sync &gt; all channels defined in ipc-channels.ts have a handler registered &gt; IPC.WINDOW.LIST_POPOUTS (&apos;window:list-popouts&apos;) has a handler in src/main/ipc/" time="0.0001991">
        </testcase>
        <testcase classname="src/shared/ipc-channel-sync.test.ts" name="IPC Channel Sync &gt; all channels defined in ipc-channels.ts have a handler registered &gt; IPC.WINDOW.FOCUS_MAIN (&apos;window:focus-main&apos;) has a handler in src/main/ipc/" time="0.000211283">
        </testcase>
        <testcase classname="src/shared/ipc-channel-sync.test.ts" name="IPC Channel Sync &gt; all channels defined in ipc-channels.ts have a handler registered &gt; IPC.WINDOW.GET_AGENT_STATE (&apos;window:get-agent-state&apos;) has a handler in src/main/ipc/" time="0.000181538">
        </testcase>
        <testcase classname="src/shared/ipc-channel-sync.test.ts" name="IPC Channel Sync &gt; all channels defined in ipc-channels.ts have a handler registered &gt; IPC.WINDOW.AGENT_STATE_RESPONSE (&apos;window:agent-state-response&apos;) has a handler in src/main/ipc/" time="0.000200172">
        </testcase>
        <testcase classname="src/shared/ipc-channel-sync.test.ts" name="IPC Channel Sync &gt; all channels defined in ipc-channels.ts have a handler registered &gt; IPC.WINDOW.GET_HUB_STATE (&apos;window:get-hub-state&apos;) has a handler in src/main/ipc/" time="0.000209199">
        </testcase>
        <testcase classname="src/shared/ipc-channel-sync.test.ts" name="IPC Channel Sync &gt; all channels defined in ipc-channels.ts have a handler registered &gt; IPC.WINDOW.HUB_STATE_RESPONSE (&apos;window:hub-state-response&apos;) has a handler in src/main/ipc/" time="0.000199742">
        </testcase>
        <testcase classname="src/shared/ipc-channel-sync.test.ts" name="IPC Channel Sync &gt; all channels defined in ipc-channels.ts have a handler registered &gt; IPC.WINDOW.AGENT_STATE_CHANGED (&apos;window:agent-state-changed&apos;) has a handler in src/main/ipc/" time="0.000179153">
        </testcase>
        <testcase classname="src/shared/ipc-channel-sync.test.ts" name="IPC Channel Sync &gt; all channels defined in ipc-channels.ts have a handler registered &gt; IPC.WINDOW.HUB_STATE_CHANGED (&apos;window:hub-state-changed&apos;) has a handler in src/main/ipc/" time="0.000186847">
        </testcase>
        <testcase classname="src/shared/ipc-channel-sync.test.ts" name="IPC Channel Sync &gt; all channels defined in ipc-channels.ts have a handler registered &gt; IPC.WINDOW.HUB_MUTATION (&apos;window:hub-mutation&apos;) has a handler in src/main/ipc/" time="0.000222203">
        </testcase>
        <testcase classname="src/shared/ipc-channel-sync.test.ts" name="IPC Channel Sync &gt; all channels defined in ipc-channels.ts have a handler registered &gt; IPC.WINDOW.SET_TITLE (&apos;window:set-title&apos;) has a handler in src/main/ipc/" time="0.000209389">
        </testcase>
        <testcase classname="src/shared/ipc-channel-sync.test.ts" name="IPC Channel Sync &gt; all channels defined in ipc-channels.ts have a handler registered &gt; IPC.WINDOW.GET_CANVAS_STATE (&apos;window:get-canvas-state&apos;) has a handler in src/main/ipc/" time="0.000173864">
        </testcase>
        <testcase classname="src/shared/ipc-channel-sync.test.ts" name="IPC Channel Sync &gt; all channels defined in ipc-channels.ts have a handler registered &gt; IPC.WINDOW.REQUEST_CANVAS_STATE (&apos;window:request-canvas-state&apos;) has a handler in src/main/ipc/" time="0.000175346">
        </testcase>
        <testcase classname="src/shared/ipc-channel-sync.test.ts" name="IPC Channel Sync &gt; all channels defined in ipc-channels.ts have a handler registered &gt; IPC.WINDOW.CANVAS_STATE_RESPONSE (&apos;window:canvas-state-response&apos;) has a handler in src/main/ipc/" time="0.000178482">
        </testcase>
        <testcase classname="src/shared/ipc-channel-sync.test.ts" name="IPC Channel Sync &gt; all channels defined in ipc-channels.ts have a handler registered &gt; IPC.WINDOW.CANVAS_STATE_CHANGED (&apos;window:canvas-state-changed&apos;) has a handler in src/main/ipc/" time="0.000205422">
        </testcase>
        <testcase classname="src/shared/ipc-channel-sync.test.ts" name="IPC Channel Sync &gt; all channels defined in ipc-channels.ts have a handler registered &gt; IPC.WINDOW.CANVAS_MUTATION (&apos;window:canvas-mutation&apos;) has a handler in src/main/ipc/" time="0.00019859">
        </testcase>
        <testcase classname="src/shared/ipc-channel-sync.test.ts" name="IPC Channel Sync &gt; all channels defined in ipc-channels.ts have a handler registered &gt; IPC.WINDOW.REQUEST_CANVAS_MUTATION (&apos;window:request-canvas-mutation&apos;) has a handler in src/main/ipc/" time="0.000198379">
        </testcase>
        <testcase classname="src/shared/ipc-channel-sync.test.ts" name="IPC Channel Sync &gt; all channels defined in ipc-channels.ts have a handler registered &gt; IPC.WINDOW.FOCUS_POPOUT (&apos;window:focus-popout&apos;) has a handler in src/main/ipc/" time="0.000197908">
        </testcase>
        <testcase classname="src/shared/ipc-channel-sync.test.ts" name="IPC Channel Sync &gt; all channels defined in ipc-channels.ts have a handler registered &gt; IPC.WINDOW.POPOUTS_CHANGED (&apos;window:popouts-changed&apos;) has a handler in src/main/ipc/" time="0.00019407">
        </testcase>
        <testcase classname="src/shared/ipc-channel-sync.test.ts" name="IPC Channel Sync &gt; all channels defined in ipc-channels.ts have a handler registered &gt; IPC.MARKETPLACE.FETCH_REGISTRY (&apos;marketplace:fetch-registry&apos;) has a handler in src/main/ipc/" time="0.000207476">
        </testcase>
        <testcase classname="src/shared/ipc-channel-sync.test.ts" name="IPC Channel Sync &gt; all channels defined in ipc-channels.ts have a handler registered &gt; IPC.MARKETPLACE.INSTALL_PLUGIN (&apos;marketplace:install-plugin&apos;) has a handler in src/main/ipc/" time="0.000179103">
        </testcase>
        <testcase classname="src/shared/ipc-channel-sync.test.ts" name="IPC Channel Sync &gt; all channels defined in ipc-channels.ts have a handler registered &gt; IPC.MARKETPLACE.CHECK_PLUGIN_UPDATES (&apos;marketplace:check-plugin-updates&apos;) has a handler in src/main/ipc/" time="0.000185104">
        </testcase>
        <testcase classname="src/shared/ipc-channel-sync.test.ts" name="IPC Channel Sync &gt; all channels defined in ipc-channels.ts have a handler registered &gt; IPC.MARKETPLACE.UPDATE_PLUGIN (&apos;marketplace:update-plugin&apos;) has a handler in src/main/ipc/" time="0.000187498">
        </testcase>
        <testcase classname="src/shared/ipc-channel-sync.test.ts" name="IPC Channel Sync &gt; all channels defined in ipc-channels.ts have a handler registered &gt; IPC.MARKETPLACE.LIST_CUSTOM (&apos;marketplace:list-custom&apos;) has a handler in src/main/ipc/" time="0.000186537">
        </testcase>
        <testcase classname="src/shared/ipc-channel-sync.test.ts" name="IPC Channel Sync &gt; all channels defined in ipc-channels.ts have a handler registered &gt; IPC.MARKETPLACE.ADD_CUSTOM (&apos;marketplace:add-custom&apos;) has a handler in src/main/ipc/" time="0.000215421">
        </testcase>
        <testcase classname="src/shared/ipc-channel-sync.test.ts" name="IPC Channel Sync &gt; all channels defined in ipc-channels.ts have a handler registered &gt; IPC.MARKETPLACE.REMOVE_CUSTOM (&apos;marketplace:remove-custom&apos;) has a handler in src/main/ipc/" time="0.000177991">
        </testcase>
        <testcase classname="src/shared/ipc-channel-sync.test.ts" name="IPC Channel Sync &gt; all channels defined in ipc-channels.ts have a handler registered &gt; IPC.MARKETPLACE.TOGGLE_CUSTOM (&apos;marketplace:toggle-custom&apos;) has a handler in src/main/ipc/" time="0.000173393">
        </testcase>
        <testcase classname="src/shared/ipc-channel-sync.test.ts" name="IPC Channel Sync &gt; all channels defined in ipc-channels.ts have a handler registered &gt; IPC.PROFILE.GET_SETTINGS (&apos;profile:get-settings&apos;) has a handler in src/main/ipc/" time="0.000189983">
        </testcase>
        <testcase classname="src/shared/ipc-channel-sync.test.ts" name="IPC Channel Sync &gt; all channels defined in ipc-channels.ts have a handler registered &gt; IPC.PROFILE.SAVE_PROFILE (&apos;profile:save-profile&apos;) has a handler in src/main/ipc/" time="0.000182339">
        </testcase>
        <testcase classname="src/shared/ipc-channel-sync.test.ts" name="IPC Channel Sync &gt; all channels defined in ipc-channels.ts have a handler registered &gt; IPC.PROFILE.DELETE_PROFILE (&apos;profile:delete-profile&apos;) has a handler in src/main/ipc/" time="0.00020939">
        </testcase>
        <testcase classname="src/shared/ipc-channel-sync.test.ts" name="IPC Channel Sync &gt; all channels defined in ipc-channels.ts have a handler registered &gt; IPC.PROFILE.GET_PROFILE_ENV_KEYS (&apos;profile:get-profile-env-keys&apos;) has a handler in src/main/ipc/" time="0.000176278">
        </testcase>
        <testcase classname="src/shared/ipc-channel-sync.test.ts" name="IPC Channel Sync &gt; all channels defined in ipc-channels.ts have a handler registered &gt; IPC.ANNEX.GET_SETTINGS (&apos;annex:get-settings&apos;) has a handler in src/main/ipc/" time="0.000169245">
        </testcase>
        <testcase classname="src/shared/ipc-channel-sync.test.ts" name="IPC Channel Sync &gt; all channels defined in ipc-channels.ts have a handler registered &gt; IPC.ANNEX.SAVE_SETTINGS (&apos;annex:save-settings&apos;) has a handler in src/main/ipc/" time="0.000169886">
        </testcase>
        <testcase classname="src/shared/ipc-channel-sync.test.ts" name="IPC Channel Sync &gt; all channels defined in ipc-channels.ts have a handler registered &gt; IPC.ANNEX.GET_STATUS (&apos;annex:get-status&apos;) has a handler in src/main/ipc/" time="0.000175687">
        </testcase>
        <testcase classname="src/shared/ipc-channel-sync.test.ts" name="IPC Channel Sync &gt; all channels defined in ipc-channels.ts have a handler registered &gt; IPC.ANNEX.REGENERATE_PIN (&apos;annex:regenerate-pin&apos;) has a handler in src/main/ipc/" time="0.000188841">
        </testcase>
        <testcase classname="src/shared/ipc-channel-sync.test.ts" name="IPC Channel Sync &gt; all channels defined in ipc-channels.ts have a handler registered &gt; IPC.ANNEX.LIST_PEERS (&apos;annex:list-peers&apos;) has a handler in src/main/ipc/" time="0.000190445">
        </testcase>
        <testcase classname="src/shared/ipc-channel-sync.test.ts" name="IPC Channel Sync &gt; all channels defined in ipc-channels.ts have a handler registered &gt; IPC.ANNEX.REMOVE_PEER (&apos;annex:remove-peer&apos;) has a handler in src/main/ipc/" time="0.000230098">
        </testcase>
        <testcase classname="src/shared/ipc-channel-sync.test.ts" name="IPC Channel Sync &gt; all channels defined in ipc-channels.ts have a handler registered &gt; IPC.ANNEX.REMOVE_ALL_PEERS (&apos;annex:remove-all-peers&apos;) has a handler in src/main/ipc/" time="0.000181488">
        </testcase>
        <testcase classname="src/shared/ipc-channel-sync.test.ts" name="IPC Channel Sync &gt; all channels defined in ipc-channels.ts have a handler registered &gt; IPC.ANNEX.UNLOCK_PAIRING (&apos;annex:unlock-pairing&apos;) has a handler in src/main/ipc/" time="0.000194061">
        </testcase>
        <testcase classname="src/shared/ipc-channel-sync.test.ts" name="IPC Channel Sync &gt; all channels defined in ipc-channels.ts have a handler registered &gt; IPC.ANNEX.NOTIFY_PAUSE (&apos;annex:notify-pause&apos;) has a handler in src/main/ipc/" time="0.000228706">
        </testcase>
        <testcase classname="src/shared/ipc-channel-sync.test.ts" name="IPC Channel Sync &gt; all channels defined in ipc-channels.ts have a handler registered &gt; IPC.ANNEX.DISCONNECT_CONTROLLER (&apos;annex:disconnect-controller&apos;) has a handler in src/main/ipc/" time="0.000178052">
        </testcase>
        <testcase classname="src/shared/ipc-channel-sync.test.ts" name="IPC Channel Sync &gt; all channels defined in ipc-channels.ts have a handler registered &gt; IPC.ANNEX.DISABLE_AND_DISCONNECT (&apos;annex:disable-and-disconnect&apos;) has a handler in src/main/ipc/" time="0.00016672">
        </testcase>
        <testcase classname="src/shared/ipc-channel-sync.test.ts" name="IPC Channel Sync &gt; all channels defined in ipc-channels.ts have a handler registered &gt; IPC.ANNEX.PURGE_SERVER_CONFIG (&apos;annex:purge-server-config&apos;) has a handler in src/main/ipc/" time="0.000197818">
        </testcase>
        <testcase classname="src/shared/ipc-channel-sync.test.ts" name="IPC Channel Sync &gt; all channels defined in ipc-channels.ts have a handler registered &gt; IPC.ANNEX_CLIENT.GET_SATELLITES (&apos;annex-client:get-satellites&apos;) has a handler in src/main/ipc/" time="0.000177821">
        </testcase>
        <testcase classname="src/shared/ipc-channel-sync.test.ts" name="IPC Channel Sync &gt; all channels defined in ipc-channels.ts have a handler registered &gt; IPC.ANNEX_CLIENT.CONNECT (&apos;annex-client:connect&apos;) has a handler in src/main/ipc/" time="0.000217224">
        </testcase>
        <testcase classname="src/shared/ipc-channel-sync.test.ts" name="IPC Channel Sync &gt; all channels defined in ipc-channels.ts have a handler registered &gt; IPC.ANNEX_CLIENT.DISCONNECT (&apos;annex-client:disconnect&apos;) has a handler in src/main/ipc/" time="0.000178242">
        </testcase>
        <testcase classname="src/shared/ipc-channel-sync.test.ts" name="IPC Channel Sync &gt; all channels defined in ipc-channels.ts have a handler registered &gt; IPC.ANNEX_CLIENT.RETRY (&apos;annex-client:retry&apos;) has a handler in src/main/ipc/" time="0.000192057">
        </testcase>
        <testcase classname="src/shared/ipc-channel-sync.test.ts" name="IPC Channel Sync &gt; all channels defined in ipc-channels.ts have a handler registered &gt; IPC.ANNEX_CLIENT.SCAN (&apos;annex-client:scan&apos;) has a handler in src/main/ipc/" time="0.000191937">
        </testcase>
        <testcase classname="src/shared/ipc-channel-sync.test.ts" name="IPC Channel Sync &gt; all channels defined in ipc-channels.ts have a handler registered &gt; IPC.ANNEX_CLIENT.GET_DISCOVERED (&apos;annex-client:get-discovered&apos;) has a handler in src/main/ipc/" time="0.000171559">
        </testcase>
        <testcase classname="src/shared/ipc-channel-sync.test.ts" name="IPC Channel Sync &gt; all channels defined in ipc-channels.ts have a handler registered &gt; IPC.ANNEX_CLIENT.PAIR_WITH (&apos;annex-client:pair-with&apos;) has a handler in src/main/ipc/" time="0.000212475">
        </testcase>
        <testcase classname="src/shared/ipc-channel-sync.test.ts" name="IPC Channel Sync &gt; all channels defined in ipc-channels.ts have a handler registered &gt; IPC.ANNEX_CLIENT.PTY_INPUT (&apos;annex-client:pty-input&apos;) has a handler in src/main/ipc/" time="0.000175367">
        </testcase>
        <testcase classname="src/shared/ipc-channel-sync.test.ts" name="IPC Channel Sync &gt; all channels defined in ipc-channels.ts have a handler registered &gt; IPC.ANNEX_CLIENT.PTY_RESIZE (&apos;annex-client:pty-resize&apos;) has a handler in src/main/ipc/" time="0.0002048">
        </testcase>
        <testcase classname="src/shared/ipc-channel-sync.test.ts" name="IPC Channel Sync &gt; all channels defined in ipc-channels.ts have a handler registered &gt; IPC.ANNEX_CLIENT.AGENT_SPAWN (&apos;annex-client:agent-spawn&apos;) has a handler in src/main/ipc/" time="0.000178321">
        </testcase>
        <testcase classname="src/shared/ipc-channel-sync.test.ts" name="IPC Channel Sync &gt; all channels defined in ipc-channels.ts have a handler registered &gt; IPC.ANNEX_CLIENT.AGENT_KILL (&apos;annex-client:agent-kill&apos;) has a handler in src/main/ipc/" time="0.000174595">
        </testcase>
        <testcase classname="src/shared/ipc-channel-sync.test.ts" name="IPC Channel Sync &gt; all channels defined in ipc-channels.ts have a handler registered &gt; IPC.ANNEX_CLIENT.AGENT_WAKE (&apos;annex-client:agent-wake&apos;) has a handler in src/main/ipc/" time="0.000208699">
        </testcase>
        <testcase classname="src/shared/ipc-channel-sync.test.ts" name="IPC Channel Sync &gt; all channels defined in ipc-channels.ts have a handler registered &gt; IPC.ANNEX_CLIENT.PTY_GET_BUFFER (&apos;annex-client:pty-get-buffer&apos;) has a handler in src/main/ipc/" time="0.000165117">
        </testcase>
        <testcase classname="src/shared/ipc-channel-sync.test.ts" name="IPC Channel Sync &gt; all channels defined in ipc-channels.ts have a handler registered &gt; IPC.ANNEX_CLIENT.FORGET_SATELLITE (&apos;annex-client:forget-satellite&apos;) has a handler in src/main/ipc/" time="0.000157984">
        </testcase>
        <testcase classname="src/shared/ipc-channel-sync.test.ts" name="IPC Channel Sync &gt; all channels defined in ipc-channels.ts have a handler registered &gt; IPC.ANNEX_CLIENT.FORGET_ALL_SATELLITES (&apos;annex-client:forget-all-satellites&apos;) has a handler in src/main/ipc/" time="0.000159257">
        </testcase>
        <testcase classname="src/shared/ipc-channel-sync.test.ts" name="IPC Channel Sync &gt; all channels defined in ipc-channels.ts have a handler registered &gt; IPC.ANNEX_CLIENT.FILE_TREE (&apos;annex-client:file-tree&apos;) has a handler in src/main/ipc/" time="0.000162011">
        </testcase>
        <testcase classname="src/shared/ipc-channel-sync.test.ts" name="IPC Channel Sync &gt; all channels defined in ipc-channels.ts have a handler registered &gt; IPC.ANNEX_CLIENT.FILE_READ (&apos;annex-client:file-read&apos;) has a handler in src/main/ipc/" time="0.000165287">
        </testcase>
        <testcase classname="src/shared/ipc-channel-sync.test.ts" name="IPC Channel Sync &gt; all channels defined in ipc-channels.ts have a handler registered &gt; IPC.ANNEX_CLIENT.PTY_SPAWN_SHELL (&apos;annex-client:pty-spawn-shell&apos;) has a handler in src/main/ipc/" time="0.000186957">
        </testcase>
        <testcase classname="src/shared/ipc-channel-sync.test.ts" name="IPC Channel Sync &gt; all channels defined in ipc-channels.ts have a handler registered &gt; IPC.ANNEX_CLIENT.CLIPBOARD_IMAGE (&apos;annex-client:clipboard-image&apos;) has a handler in src/main/ipc/" time="0.000161471">
        </testcase>
        <testcase classname="src/shared/ipc-channel-sync.test.ts" name="IPC Channel Sync &gt; all channels defined in ipc-channels.ts have a handler registered &gt; IPC.ANNEX_CLIENT.GIT_OPERATION (&apos;annex-client:git-operation&apos;) has a handler in src/main/ipc/" time="0.000161471">
        </testcase>
        <testcase classname="src/shared/ipc-channel-sync.test.ts" name="IPC Channel Sync &gt; all channels defined in ipc-channels.ts have a handler registered &gt; IPC.ANNEX_CLIENT.SESSION_LIST (&apos;annex-client:session-list&apos;) has a handler in src/main/ipc/" time="0.0001613">
        </testcase>
        <testcase classname="src/shared/ipc-channel-sync.test.ts" name="IPC Channel Sync &gt; all channels defined in ipc-channels.ts have a handler registered &gt; IPC.ANNEX_CLIENT.SESSION_TRANSCRIPT (&apos;annex-client:session-transcript&apos;) has a handler in src/main/ipc/" time="0.000178492">
        </testcase>
        <testcase classname="src/shared/ipc-channel-sync.test.ts" name="IPC Channel Sync &gt; all channels defined in ipc-channels.ts have a handler registered &gt; IPC.ANNEX_CLIENT.SESSION_SUMMARY (&apos;annex-client:session-summary&apos;) has a handler in src/main/ipc/" time="0.000196826">
        </testcase>
        <testcase classname="src/shared/ipc-channel-sync.test.ts" name="IPC Channel Sync &gt; all channels defined in ipc-channels.ts have a handler registered &gt; IPC.ANNEX_CLIENT.AGENT_CREATE_DURABLE (&apos;annex-client:agent-create-durable&apos;) has a handler in src/main/ipc/" time="0.000173242">
        </testcase>
        <testcase classname="src/shared/ipc-channel-sync.test.ts" name="IPC Channel Sync &gt; all channels defined in ipc-channels.ts have a handler registered &gt; IPC.ANNEX_CLIENT.AGENT_DELETE_DURABLE (&apos;annex-client:agent-delete-durable&apos;) has a handler in src/main/ipc/" time="0.000162382">
        </testcase>
        <testcase classname="src/shared/ipc-channel-sync.test.ts" name="IPC Channel Sync &gt; all channels defined in ipc-channels.ts have a handler registered &gt; IPC.ANNEX_CLIENT.AGENT_WORKTREE_STATUS (&apos;annex-client:agent-worktree-status&apos;) has a handler in src/main/ipc/" time="0.000176228">
        </testcase>
        <testcase classname="src/shared/ipc-channel-sync.test.ts" name="IPC Channel Sync &gt; all channels defined in ipc-channels.ts have a handler registered &gt; IPC.ANNEX_CLIENT.AGENT_REORDER (&apos;annex-client:agent-reorder&apos;) has a handler in src/main/ipc/" time="0.000183151">
        </testcase>
        <testcase classname="src/shared/ipc-channel-sync.test.ts" name="IPC Channel Sync &gt; all channels defined in ipc-channels.ts have a handler registered &gt; IPC.ANNEX_CLIENT.CANVAS_MUTATION (&apos;annex-client:canvas-mutation&apos;) has a handler in src/main/ipc/" time="0.000173763">
        </testcase>
        <testcase classname="src/shared/ipc-channel-sync.test.ts" name="IPC Channel Sync &gt; all channels defined in ipc-channels.ts have a handler registered &gt; IPC.GROUP_PROJECT.CREATE (&apos;group-project:create&apos;) has a handler in src/main/ipc/" time="0.000222043">
        </testcase>
        <testcase classname="src/shared/ipc-channel-sync.test.ts" name="IPC Channel Sync &gt; all channels defined in ipc-channels.ts have a handler registered &gt; IPC.GROUP_PROJECT.GET (&apos;group-project:get&apos;) has a handler in src/main/ipc/" time="0.000194271">
        </testcase>
        <testcase classname="src/shared/ipc-channel-sync.test.ts" name="IPC Channel Sync &gt; all channels defined in ipc-channels.ts have a handler registered &gt; IPC.GROUP_PROJECT.LIST (&apos;group-project:list&apos;) has a handler in src/main/ipc/" time="0.000213387">
        </testcase>
        <testcase classname="src/shared/ipc-channel-sync.test.ts" name="IPC Channel Sync &gt; all channels defined in ipc-channels.ts have a handler registered &gt; IPC.GROUP_PROJECT.UPDATE (&apos;group-project:update&apos;) has a handler in src/main/ipc/" time="0.000198389">
        </testcase>
        <testcase classname="src/shared/ipc-channel-sync.test.ts" name="IPC Channel Sync &gt; all channels defined in ipc-channels.ts have a handler registered &gt; IPC.GROUP_PROJECT.DELETE (&apos;group-project:delete&apos;) has a handler in src/main/ipc/" time="0.000214459">
        </testcase>
        <testcase classname="src/shared/ipc-channel-sync.test.ts" name="IPC Channel Sync &gt; all channels defined in ipc-channels.ts have a handler registered &gt; IPC.GROUP_PROJECT.GET_BULLETIN_DIGEST (&apos;group-project:get-bulletin-digest&apos;) has a handler in src/main/ipc/" time="0.000180736">
        </testcase>
        <testcase classname="src/shared/ipc-channel-sync.test.ts" name="IPC Channel Sync &gt; all channels defined in ipc-channels.ts have a handler registered &gt; IPC.GROUP_PROJECT.GET_TOPIC_MESSAGES (&apos;group-project:get-topic-messages&apos;) has a handler in src/main/ipc/" time="0.000176068">
        </testcase>
        <testcase classname="src/shared/ipc-channel-sync.test.ts" name="IPC Channel Sync &gt; all channels defined in ipc-channels.ts have a handler registered &gt; IPC.GROUP_PROJECT.GET_ALL_MESSAGES (&apos;group-project:get-all-messages&apos;) has a handler in src/main/ipc/" time="0.000190134">
        </testcase>
        <testcase classname="src/shared/ipc-channel-sync.test.ts" name="IPC Channel Sync &gt; all channels defined in ipc-channels.ts have a handler registered &gt; IPC.GROUP_PROJECT.CHANGED (&apos;group-project:changed&apos;) has a handler in src/main/ipc/" time="0.000186637">
        </testcase>
        <testcase classname="src/shared/ipc-channel-sync.test.ts" name="IPC Channel Sync &gt; all channels defined in ipc-channels.ts have a handler registered &gt; IPC.GROUP_PROJECT.POST_BULLETIN_MESSAGE (&apos;group-project:post-bulletin-message&apos;) has a handler in src/main/ipc/" time="0.000202006">
        </testcase>
        <testcase classname="src/shared/ipc-channel-sync.test.ts" name="IPC Channel Sync &gt; all channels defined in ipc-channels.ts have a handler registered &gt; IPC.GROUP_PROJECT.SEND_SHOULDER_TAP (&apos;group-project:send-shoulder-tap&apos;) has a handler in src/main/ipc/" time="0.000186768">
        </testcase>
        <testcase classname="src/shared/ipc-channel-sync.test.ts" name="IPC Channel Sync &gt; all channels defined in ipc-channels.ts have a handler registered &gt; IPC.MCP_BINDING.GET_BINDINGS (&apos;mcp-binding:get-bindings&apos;) has a handler in src/main/ipc/" time="0.000185926">
        </testcase>
        <testcase classname="src/shared/ipc-channel-sync.test.ts" name="IPC Channel Sync &gt; all channels defined in ipc-channels.ts have a handler registered &gt; IPC.MCP_BINDING.BIND (&apos;mcp-binding:bind&apos;) has a handler in src/main/ipc/" time="0.000203639">
        </testcase>
        <testcase classname="src/shared/ipc-channel-sync.test.ts" name="IPC Channel Sync &gt; all channels defined in ipc-channels.ts have a handler registered &gt; IPC.MCP_BINDING.UNBIND (&apos;mcp-binding:unbind&apos;) has a handler in src/main/ipc/" time="0.000196816">
        </testcase>
        <testcase classname="src/shared/ipc-channel-sync.test.ts" name="IPC Channel Sync &gt; all channels defined in ipc-channels.ts have a handler registered &gt; IPC.MCP_BINDING.BINDINGS_CHANGED (&apos;mcp-binding:bindings-changed&apos;) has a handler in src/main/ipc/" time="0.000203629">
        </testcase>
        <testcase classname="src/shared/ipc-channel-sync.test.ts" name="IPC Channel Sync &gt; all channels defined in ipc-channels.ts have a handler registered &gt; IPC.MCP_BINDING.REGISTER_WEBVIEW (&apos;mcp-binding:register-webview&apos;) has a handler in src/main/ipc/" time="0.00017695">
        </testcase>
        <testcase classname="src/shared/ipc-channel-sync.test.ts" name="IPC Channel Sync &gt; all channels defined in ipc-channels.ts have a handler registered &gt; IPC.MCP_BINDING.UNREGISTER_WEBVIEW (&apos;mcp-binding:unregister-webview&apos;) has a handler in src/main/ipc/" time="0.000179503">
        </testcase>
        <testcase classname="src/shared/ipc-channel-sync.test.ts" name="IPC Channel Sync &gt; all channels defined in ipc-channels.ts have a handler registered &gt; IPC.MCP_BINDING.SET_INSTRUCTIONS (&apos;mcp-binding:set-instructions&apos;) has a handler in src/main/ipc/" time="0.000179253">
        </testcase>
        <testcase classname="src/shared/ipc-channel-sync.test.ts" name="IPC Channel Sync &gt; all channels defined in ipc-channels.ts have a handler registered &gt; IPC.MCP_BINDING.SET_DISABLED_TOOLS (&apos;mcp-binding:set-disabled-tools&apos;) has a handler in src/main/ipc/" time="0.000172621">
        </testcase>
        <testcase classname="src/shared/ipc-channel-sync.test.ts" name="IPC Channel Sync &gt; all channels defined in ipc-channels.ts have a handler registered &gt; IPC.PLUGIN_MCP.CONTRIBUTE_TOOLS (&apos;plugin-mcp:contribute-tools&apos;) has a handler in src/main/ipc/" time="0.000208428">
        </testcase>
        <testcase classname="src/shared/ipc-channel-sync.test.ts" name="IPC Channel Sync &gt; all channels defined in ipc-channels.ts have a handler registered &gt; IPC.PLUGIN_MCP.REMOVE_TOOLS (&apos;plugin-mcp:remove-tools&apos;) has a handler in src/main/ipc/" time="0.000192969">
        </testcase>
        <testcase classname="src/shared/ipc-channel-sync.test.ts" name="IPC Channel Sync &gt; all channels defined in ipc-channels.ts have a handler registered &gt; IPC.PLUGIN_MCP.LIST_TOOLS (&apos;plugin-mcp:list-tools&apos;) has a handler in src/main/ipc/" time="0.000191797">
        </testcase>
        <testcase classname="src/shared/ipc-channel-sync.test.ts" name="IPC Channel Sync &gt; all channels defined in ipc-channels.ts have a handler registered &gt; IPC.PLUGIN_MCP.TOOL_RESULT (&apos;plugin-mcp:tool-result&apos;) has a handler in src/main/ipc/" time="0.000209179">
        </testcase>
        <testcase classname="src/shared/ipc-channel-sync.test.ts" name="IPC Channel Sync &gt; all channels defined in ipc-channels.ts have a handler registered &gt; IPC.AGENT_QUEUE.CREATE (&apos;agent-queue:create&apos;) has a handler in src/main/ipc/" time="0.00018298">
        </testcase>
        <testcase classname="src/shared/ipc-channel-sync.test.ts" name="IPC Channel Sync &gt; all channels defined in ipc-channels.ts have a handler registered &gt; IPC.AGENT_QUEUE.GET (&apos;agent-queue:get&apos;) has a handler in src/main/ipc/" time="0.000218807">
        </testcase>
        <testcase classname="src/shared/ipc-channel-sync.test.ts" name="IPC Channel Sync &gt; all channels defined in ipc-channels.ts have a handler registered &gt; IPC.AGENT_QUEUE.LIST (&apos;agent-queue:list&apos;) has a handler in src/main/ipc/" time="0.000190043">
        </testcase>
        <testcase classname="src/shared/ipc-channel-sync.test.ts" name="IPC Channel Sync &gt; all channels defined in ipc-channels.ts have a handler registered &gt; IPC.AGENT_QUEUE.UPDATE (&apos;agent-queue:update&apos;) has a handler in src/main/ipc/" time="0.00018792">
        </testcase>
        <testcase classname="src/shared/ipc-channel-sync.test.ts" name="IPC Channel Sync &gt; all channels defined in ipc-channels.ts have a handler registered &gt; IPC.AGENT_QUEUE.DELETE (&apos;agent-queue:delete&apos;) has a handler in src/main/ipc/" time="0.000181698">
        </testcase>
        <testcase classname="src/shared/ipc-channel-sync.test.ts" name="IPC Channel Sync &gt; all channels defined in ipc-channels.ts have a handler registered &gt; IPC.AGENT_QUEUE.LIST_TASKS (&apos;agent-queue:list-tasks&apos;) has a handler in src/main/ipc/" time="0.000175677">
        </testcase>
        <testcase classname="src/shared/ipc-channel-sync.test.ts" name="IPC Channel Sync &gt; all channels defined in ipc-channels.ts have a handler registered &gt; IPC.AGENT_QUEUE.GET_TASK (&apos;agent-queue:get-task&apos;) has a handler in src/main/ipc/" time="0.000198028">
        </testcase>
        <testcase classname="src/shared/ipc-channel-sync.test.ts" name="IPC Channel Sync &gt; all channels defined in ipc-channels.ts have a handler registered &gt; IPC.AGENT_QUEUE.CHANGED (&apos;agent-queue:changed&apos;) has a handler in src/main/ipc/" time="0.000179914">
        </testcase>
        <testcase classname="src/shared/ipc-channel-sync.test.ts" name="IPC Channel Sync &gt; all channels defined in ipc-channels.ts have a handler registered &gt; IPC.AGENT_QUEUE.TASK_CHANGED (&apos;agent-queue:task-changed&apos;) has a handler in src/main/ipc/" time="0.000173172">
        </testcase>
        <testcase classname="src/shared/ipc-channel-sync.test.ts" name="IPC Channel Sync &gt; all channels defined in ipc-channels.ts are exposed in preload &gt; IPC.PTY.SPAWN_SHELL (&apos;pty:spawn-shell&apos;) is referenced in src/preload/index.ts" time="0.000222353">
        </testcase>
        <testcase classname="src/shared/ipc-channel-sync.test.ts" name="IPC Channel Sync &gt; all channels defined in ipc-channels.ts are exposed in preload &gt; IPC.PTY.WRITE (&apos;pty:write&apos;) is referenced in src/preload/index.ts" time="0.000152654">
        </testcase>
        <testcase classname="src/shared/ipc-channel-sync.test.ts" name="IPC Channel Sync &gt; all channels defined in ipc-channels.ts are exposed in preload &gt; IPC.PTY.RESIZE (&apos;pty:resize&apos;) is referenced in src/preload/index.ts" time="0.000130152">
        </testcase>
        <testcase classname="src/shared/ipc-channel-sync.test.ts" name="IPC Channel Sync &gt; all channels defined in ipc-channels.ts are exposed in preload &gt; IPC.PTY.KILL (&apos;pty:kill&apos;) is referenced in src/preload/index.ts" time="0.000139208">
        </testcase>
        <testcase classname="src/shared/ipc-channel-sync.test.ts" name="IPC Channel Sync &gt; all channels defined in ipc-channels.ts are exposed in preload &gt; IPC.PTY.GET_BUFFER (&apos;pty:get-buffer&apos;) is referenced in src/preload/index.ts" time="0.000126044">
        </testcase>
        <testcase classname="src/shared/ipc-channel-sync.test.ts" name="IPC Channel Sync &gt; all channels defined in ipc-channels.ts are exposed in preload &gt; IPC.PTY.DATA (&apos;pty:data&apos;) is referenced in src/preload/index.ts" time="0.000163334">
        </testcase>
        <testcase classname="src/shared/ipc-channel-sync.test.ts" name="IPC Channel Sync &gt; all channels defined in ipc-channels.ts are exposed in preload &gt; IPC.PTY.EXIT (&apos;pty:exit&apos;) is referenced in src/preload/index.ts" time="0.001552358">
        </testcase>
        <testcase classname="src/shared/ipc-channel-sync.test.ts" name="IPC Channel Sync &gt; all channels defined in ipc-channels.ts are exposed in preload &gt; IPC.PROJECT.LIST (&apos;project:list&apos;) is referenced in src/preload/index.ts" time="0.000101138">
        </testcase>
        <testcase classname="src/shared/ipc-channel-sync.test.ts" name="IPC Channel Sync &gt; all channels defined in ipc-channels.ts are exposed in preload &gt; IPC.PROJECT.ADD (&apos;project:add&apos;) is referenced in src/preload/index.ts" time="0.000082513">
        </testcase>
        <testcase classname="src/shared/ipc-channel-sync.test.ts" name="IPC Channel Sync &gt; all channels defined in ipc-channels.ts are exposed in preload &gt; IPC.PROJECT.REMOVE (&apos;project:remove&apos;) is referenced in src/preload/index.ts" time="0.000079598">
        </testcase>
        <testcase classname="src/shared/ipc-channel-sync.test.ts" name="IPC Channel Sync &gt; all channels defined in ipc-channels.ts are exposed in preload &gt; IPC.PROJECT.PICK_DIR (&apos;project:pick-dir&apos;) is referenced in src/preload/index.ts" time="0.000069629">
        </testcase>
        <testcase classname="src/shared/ipc-channel-sync.test.ts" name="IPC Channel Sync &gt; all channels defined in ipc-channels.ts are exposed in preload &gt; IPC.PROJECT.CHECK_GIT (&apos;project:check-git&apos;) is referenced in src/preload/index.ts" time="0.000099515">
        </testcase>
        <testcase classname="src/shared/ipc-channel-sync.test.ts" name="IPC Channel Sync &gt; all channels defined in ipc-channels.ts are exposed in preload &gt; IPC.PROJECT.GIT_INIT (&apos;project:git-init&apos;) is referenced in src/preload/index.ts" time="0.000072285">
        </testcase>
        <testcase classname="src/shared/ipc-channel-sync.test.ts" name="IPC Channel Sync &gt; all channels defined in ipc-channels.ts are exposed in preload &gt; IPC.PROJECT.UPDATE (&apos;project:update&apos;) is referenced in src/preload/index.ts" time="0.000066574">
        </testcase>
        <testcase classname="src/shared/ipc-channel-sync.test.ts" name="IPC Channel Sync &gt; all channels defined in ipc-channels.ts are exposed in preload &gt; IPC.PROJECT.PICK_ICON (&apos;project:pick-icon&apos;) is referenced in src/preload/index.ts" time="0.00006419">
        </testcase>
        <testcase classname="src/shared/ipc-channel-sync.test.ts" name="IPC Channel Sync &gt; all channels defined in ipc-channels.ts are exposed in preload &gt; IPC.PROJECT.REORDER (&apos;project:reorder&apos;) is referenced in src/preload/index.ts" time="0.000066584">
        </testcase>
        <testcase classname="src/shared/ipc-channel-sync.test.ts" name="IPC Channel Sync &gt; all channels defined in ipc-channels.ts are exposed in preload &gt; IPC.PROJECT.READ_ICON (&apos;project:read-icon&apos;) is referenced in src/preload/index.ts" time="0.00006419">
        </testcase>
        <testcase classname="src/shared/ipc-channel-sync.test.ts" name="IPC Channel Sync &gt; all channels defined in ipc-channels.ts are exposed in preload &gt; IPC.PROJECT.PICK_IMAGE (&apos;project:pick-image&apos;) is referenced in src/preload/index.ts" time="0.0000696">
        </testcase>
        <testcase classname="src/shared/ipc-channel-sync.test.ts" name="IPC Channel Sync &gt; all channels defined in ipc-channels.ts are exposed in preload &gt; IPC.PROJECT.SAVE_CROPPED_ICON (&apos;project:save-cropped-icon&apos;) is referenced in src/preload/index.ts" time="0.000127647">
        </testcase>
        <testcase classname="src/shared/ipc-channel-sync.test.ts" name="IPC Channel Sync &gt; all channels defined in ipc-channels.ts are exposed in preload &gt; IPC.PROJECT.LIST_CLUBHOUSE_FILES (&apos;project:list-clubhouse-files&apos;) is referenced in src/preload/index.ts" time="0.000111537">
        </testcase>
        <testcase classname="src/shared/ipc-channel-sync.test.ts" name="IPC Channel Sync &gt; all channels defined in ipc-channels.ts are exposed in preload &gt; IPC.PROJECT.RESET_PROJECT (&apos;project:reset-project&apos;) is referenced in src/preload/index.ts" time="0.000113892">
        </testcase>
        <testcase classname="src/shared/ipc-channel-sync.test.ts" name="IPC Channel Sync &gt; all channels defined in ipc-channels.ts are exposed in preload &gt; IPC.PROJECT.READ_LAUNCH_WRAPPER (&apos;project:read-launch-wrapper&apos;) is referenced in src/preload/index.ts" time="0.000127367">
        </testcase>
        <testcase classname="src/shared/ipc-channel-sync.test.ts" name="IPC Channel Sync &gt; all channels defined in ipc-channels.ts are exposed in preload &gt; IPC.PROJECT.WRITE_LAUNCH_WRAPPER (&apos;project:write-launch-wrapper&apos;) is referenced in src/preload/index.ts" time="0.000107079">
        </testcase>
        <testcase classname="src/shared/ipc-channel-sync.test.ts" name="IPC Channel Sync &gt; all channels defined in ipc-channels.ts are exposed in preload &gt; IPC.PROJECT.READ_MCP_CATALOG (&apos;project:read-mcp-catalog&apos;) is referenced in src/preload/index.ts" time="0.000066464">
        </testcase>
        <testcase classname="src/shared/ipc-channel-sync.test.ts" name="IPC Channel Sync &gt; all channels defined in ipc-channels.ts are exposed in preload &gt; IPC.PROJECT.WRITE_MCP_CATALOG (&apos;project:write-mcp-catalog&apos;) is referenced in src/preload/index.ts" time="0.00006421">
        </testcase>
        <testcase classname="src/shared/ipc-channel-sync.test.ts" name="IPC Channel Sync &gt; all channels defined in ipc-channels.ts are exposed in preload &gt; IPC.PROJECT.READ_DEFAULT_MCPS (&apos;project:read-default-mcps&apos;) is referenced in src/preload/index.ts" time="0.000061044">
        </testcase>
        <testcase classname="src/shared/ipc-channel-sync.test.ts" name="IPC Channel Sync &gt; all channels defined in ipc-channels.ts are exposed in preload &gt; IPC.PROJECT.WRITE_DEFAULT_MCPS (&apos;project:write-default-mcps&apos;) is referenced in src/preload/index.ts" time="0.000059921">
        </testcase>
        <testcase classname="src/shared/ipc-channel-sync.test.ts" name="IPC Channel Sync &gt; all channels defined in ipc-channels.ts are exposed in preload &gt; IPC.AGENT.CREATE_DURABLE (&apos;agent:create-durable&apos;) is referenced in src/preload/index.ts" time="0.000059771">
        </testcase>
        <testcase classname="src/shared/ipc-channel-sync.test.ts" name="IPC Channel Sync &gt; all channels defined in ipc-channels.ts are exposed in preload &gt; IPC.AGENT.LIST_DURABLE (&apos;agent:list-durable&apos;) is referenced in src/preload/index.ts" time="0.000061534">
        </testcase>
        <testcase classname="src/shared/ipc-channel-sync.test.ts" name="IPC Channel Sync &gt; all channels defined in ipc-channels.ts are exposed in preload &gt; IPC.AGENT.DELETE_DURABLE (&apos;agent:delete-durable&apos;) is referenced in src/preload/index.ts" time="0.000058799">
        </testcase>
        <testcase classname="src/shared/ipc-channel-sync.test.ts" name="IPC Channel Sync &gt; all channels defined in ipc-channels.ts are exposed in preload &gt; IPC.AGENT.READ_INSTRUCTIONS (&apos;agent:read-instructions&apos;) is referenced in src/preload/index.ts" time="0.000060804">
        </testcase>
        <testcase classname="src/shared/ipc-channel-sync.test.ts" name="IPC Channel Sync &gt; all channels defined in ipc-channels.ts are exposed in preload &gt; IPC.AGENT.SAVE_INSTRUCTIONS (&apos;agent:save-instructions&apos;) is referenced in src/preload/index.ts" time="0.000061284">
        </testcase>
        <testcase classname="src/shared/ipc-channel-sync.test.ts" name="IPC Channel Sync &gt; all channels defined in ipc-channels.ts are exposed in preload &gt; IPC.AGENT.READ_MCP_CONFIG (&apos;agent:read-mcp-config&apos;) is referenced in src/preload/index.ts" time="0.000061514">
        </testcase>
        <testcase classname="src/shared/ipc-channel-sync.test.ts" name="IPC Channel Sync &gt; all channels defined in ipc-channels.ts are exposed in preload &gt; IPC.AGENT.LIST_SKILLS (&apos;agent:list-skills&apos;) is referenced in src/preload/index.ts" time="0.000062316">
        </testcase>
        <testcase classname="src/shared/ipc-channel-sync.test.ts" name="IPC Channel Sync &gt; all channels defined in ipc-channels.ts are exposed in preload &gt; IPC.AGENT.HOOK_EVENT (&apos;agent:hook-event&apos;) is referenced in src/preload/index.ts" time="0.000069469">
        </testcase>
        <testcase classname="src/shared/ipc-channel-sync.test.ts" name="IPC Channel Sync &gt; all channels defined in ipc-channels.ts are exposed in preload &gt; IPC.AGENT.GET_WORKTREE_STATUS (&apos;agent:get-worktree-status&apos;) is referenced in src/preload/index.ts" time="0.000059871">
        </testcase>
        <testcase classname="src/shared/ipc-channel-sync.test.ts" name="IPC Channel Sync &gt; all channels defined in ipc-channels.ts are exposed in preload &gt; IPC.AGENT.DELETE_COMMIT_PUSH (&apos;agent:delete-commit-push&apos;) is referenced in src/preload/index.ts" time="0.000057156">
        </testcase>
        <testcase classname="src/shared/ipc-channel-sync.test.ts" name="IPC Channel Sync &gt; all channels defined in ipc-channels.ts are exposed in preload &gt; IPC.AGENT.DELETE_CLEANUP_BRANCH (&apos;agent:delete-cleanup-branch&apos;) is referenced in src/preload/index.ts" time="0.000087693">
        </testcase>
        <testcase classname="src/shared/ipc-channel-sync.test.ts" name="IPC Channel Sync &gt; all channels defined in ipc-channels.ts are exposed in preload &gt; IPC.AGENT.DELETE_SAVE_PATCH (&apos;agent:delete-save-patch&apos;) is referenced in src/preload/index.ts" time="0.000062316">
        </testcase>
        <testcase classname="src/shared/ipc-channel-sync.test.ts" name="IPC Channel Sync &gt; all channels defined in ipc-channels.ts are exposed in preload &gt; IPC.AGENT.DELETE_FORCE (&apos;agent:delete-force&apos;) is referenced in src/preload/index.ts" time="0.000063538">
        </testcase>
        <testcase classname="src/shared/ipc-channel-sync.test.ts" name="IPC Channel Sync &gt; all channels defined in ipc-channels.ts are exposed in preload &gt; IPC.AGENT.DELETE_UNREGISTER (&apos;agent:delete-unregister&apos;) is referenced in src/preload/index.ts" time="0.00005923">
        </testcase>
        <testcase classname="src/shared/ipc-channel-sync.test.ts" name="IPC Channel Sync &gt; all channels defined in ipc-channels.ts are exposed in preload &gt; IPC.AGENT.RENAME_DURABLE (&apos;agent:rename-durable&apos;) is referenced in src/preload/index.ts" time="0.000060643">
        </testcase>
        <testcase classname="src/shared/ipc-channel-sync.test.ts" name="IPC Channel Sync &gt; all channels defined in ipc-channels.ts are exposed in preload &gt; IPC.AGENT.UPDATE_DURABLE (&apos;agent:update-durable&apos;) is referenced in src/preload/index.ts" time="0.00005919">
        </testcase>
        <testcase classname="src/shared/ipc-channel-sync.test.ts" name="IPC Channel Sync &gt; all channels defined in ipc-channels.ts are exposed in preload &gt; IPC.AGENT.READ_QUICK_SUMMARY (&apos;agent:read-quick-summary&apos;) is referenced in src/preload/index.ts" time="0.00005889">
        </testcase>
        <testcase classname="src/shared/ipc-channel-sync.test.ts" name="IPC Channel Sync &gt; all channels defined in ipc-channels.ts are exposed in preload &gt; IPC.AGENT.GET_DURABLE_CONFIG (&apos;agent:get-durable-config&apos;) is referenced in src/preload/index.ts" time="0.00005949">
        </testcase>
        <testcase classname="src/shared/ipc-channel-sync.test.ts" name="IPC Channel Sync &gt; all channels defined in ipc-channels.ts are exposed in preload &gt; IPC.AGENT.UPDATE_DURABLE_CONFIG (&apos;agent:update-durable-config&apos;) is referenced in src/preload/index.ts" time="0.000060122">
        </testcase>
        <testcase classname="src/shared/ipc-channel-sync.test.ts" name="IPC Channel Sync &gt; all channels defined in ipc-channels.ts are exposed in preload &gt; IPC.AGENT.LIST_AGENT_TEMPLATES (&apos;agent:list-agent-templates&apos;) is referenced in src/preload/index.ts" time="0.000060662">
        </testcase>
        <testcase classname="src/shared/ipc-channel-sync.test.ts" name="IPC Channel Sync &gt; all channels defined in ipc-channels.ts are exposed in preload &gt; IPC.AGENT.LIST_SOURCE_SKILLS (&apos;agent:list-source-skills&apos;) is referenced in src/preload/index.ts" time="0.000060683">
        </testcase>
        <testcase classname="src/shared/ipc-channel-sync.test.ts" name="IPC Channel Sync &gt; all channels defined in ipc-channels.ts are exposed in preload &gt; IPC.AGENT.LIST_SOURCE_AGENT_TEMPLATES (&apos;agent:list-source-agent-templates&apos;) is referenced in src/preload/index.ts" time="0.00005915">
        </testcase>
        <testcase classname="src/shared/ipc-channel-sync.test.ts" name="IPC Channel Sync &gt; all channels defined in ipc-channels.ts are exposed in preload &gt; IPC.AGENT.CREATE_SKILL (&apos;agent:create-skill&apos;) is referenced in src/preload/index.ts" time="0.000066083">
        </testcase>
        <testcase classname="src/shared/ipc-channel-sync.test.ts" name="IPC Channel Sync &gt; all channels defined in ipc-channels.ts are exposed in preload &gt; IPC.AGENT.CREATE_AGENT_TEMPLATE (&apos;agent:create-agent-template&apos;) is referenced in src/preload/index.ts" time="0.000063909">
        </testcase>
        <testcase classname="src/shared/ipc-channel-sync.test.ts" name="IPC Channel Sync &gt; all channels defined in ipc-channels.ts are exposed in preload &gt; IPC.AGENT.SPAWN_AGENT (&apos;agent:spawn-agent&apos;) is referenced in src/preload/index.ts" time="0.000101439">
        </testcase>
        <testcase classname="src/shared/ipc-channel-sync.test.ts" name="IPC Channel Sync &gt; all channels defined in ipc-channels.ts are exposed in preload &gt; IPC.AGENT.KILL_AGENT (&apos;agent:kill-agent&apos;) is referenced in src/preload/index.ts" time="0.000076702">
        </testcase>
        <testcase classname="src/shared/ipc-channel-sync.test.ts" name="IPC Channel Sync &gt; all channels defined in ipc-channels.ts are exposed in preload &gt; IPC.AGENT.AGENT_WAKING (&apos;agent:agent-waking&apos;) is referenced in src/preload/index.ts" time="0.000065351">
        </testcase>
        <testcase classname="src/shared/ipc-channel-sync.test.ts" name="IPC Channel Sync &gt; all channels defined in ipc-channels.ts are exposed in preload &gt; IPC.AGENT.SPAWN_COMPANION (&apos;agent:spawn-companion&apos;) is referenced in src/preload/index.ts" time="0.000061244">
        </testcase>
        <testcase classname="src/shared/ipc-channel-sync.test.ts" name="IPC Channel Sync &gt; all channels defined in ipc-channels.ts are exposed in preload &gt; IPC.AGENT.GET_COMPANION_STATUS (&apos;agent:get-companion-status&apos;) is referenced in src/preload/index.ts" time="0.000058199">
        </testcase>
        <testcase classname="src/shared/ipc-channel-sync.test.ts" name="IPC Channel Sync &gt; all channels defined in ipc-channels.ts are exposed in preload &gt; IPC.AGENT.GET_COMPANION_WORKSPACE (&apos;agent:get-companion-workspace&apos;) is referenced in src/preload/index.ts" time="0.000057457">
        </testcase>
        <testcase classname="src/shared/ipc-channel-sync.test.ts" name="IPC Channel Sync &gt; all channels defined in ipc-channels.ts are exposed in preload &gt; IPC.AGENT.GET_MODEL_OPTIONS (&apos;agent:get-model-options&apos;) is referenced in src/preload/index.ts" time="0.000058178">
        </testcase>
        <testcase classname="src/shared/ipc-channel-sync.test.ts" name="IPC Channel Sync &gt; all channels defined in ipc-channels.ts are exposed in preload &gt; IPC.AGENT.CHECK_ORCHESTRATOR (&apos;agent:check-orchestrator&apos;) is referenced in src/preload/index.ts" time="0.00005873">
        </testcase>
        <testcase classname="src/shared/ipc-channel-sync.test.ts" name="IPC Channel Sync &gt; all channels defined in ipc-channels.ts are exposed in preload &gt; IPC.AGENT.GET_ORCHESTRATORS (&apos;agent:get-orchestrators&apos;) is referenced in src/preload/index.ts" time="0.000059751">
        </testcase>
        <testcase classname="src/shared/ipc-channel-sync.test.ts" name="IPC Channel Sync &gt; all channels defined in ipc-channels.ts are exposed in preload &gt; IPC.AGENT.GET_TOOL_VERB (&apos;agent:get-tool-verb&apos;) is referenced in src/preload/index.ts" time="0.000060443">
        </testcase>
        <testcase classname="src/shared/ipc-channel-sync.test.ts" name="IPC Channel Sync &gt; all channels defined in ipc-channels.ts are exposed in preload &gt; IPC.AGENT.GET_SUMMARY_INSTRUCTION (&apos;agent:get-summary-instruction&apos;) is referenced in src/preload/index.ts" time="0.000057177">
        </testcase>
        <testcase classname="src/shared/ipc-channel-sync.test.ts" name="IPC Channel Sync &gt; all channels defined in ipc-channels.ts are exposed in preload &gt; IPC.AGENT.READ_TRANSCRIPT (&apos;agent:read-transcript&apos;) is referenced in src/preload/index.ts" time="0.00005911">
        </testcase>
        <testcase classname="src/shared/ipc-channel-sync.test.ts" name="IPC Channel Sync &gt; all channels defined in ipc-channels.ts are exposed in preload &gt; IPC.AGENT.GET_TRANSCRIPT_INFO (&apos;agent:get-transcript-info&apos;) is referenced in src/preload/index.ts" time="0.000057266">
        </testcase>
        <testcase classname="src/shared/ipc-channel-sync.test.ts" name="IPC Channel Sync &gt; all channels defined in ipc-channels.ts are exposed in preload &gt; IPC.AGENT.READ_TRANSCRIPT_PAGE (&apos;agent:read-transcript-page&apos;) is referenced in src/preload/index.ts" time="0.000060253">
        </testcase>
        <testcase classname="src/shared/ipc-channel-sync.test.ts" name="IPC Channel Sync &gt; all channels defined in ipc-channels.ts are exposed in preload &gt; IPC.AGENT.IS_HEADLESS_AGENT (&apos;agent:is-headless-agent&apos;) is referenced in src/preload/index.ts" time="0.000057787">
        </testcase>
        <testcase classname="src/shared/ipc-channel-sync.test.ts" name="IPC Channel Sync &gt; all channels defined in ipc-channels.ts are exposed in preload &gt; IPC.AGENT.REORDER_DURABLE (&apos;agent:reorder-durable&apos;) is referenced in src/preload/index.ts" time="0.000082814">
        </testcase>
        <testcase classname="src/shared/ipc-channel-sync.test.ts" name="IPC Channel Sync &gt; all channels defined in ipc-channels.ts are exposed in preload &gt; IPC.AGENT.PICK_ICON (&apos;agent:pick-icon&apos;) is referenced in src/preload/index.ts" time="0.00007526">
        </testcase>
        <testcase classname="src/shared/ipc-channel-sync.test.ts" name="IPC Channel Sync &gt; all channels defined in ipc-channels.ts are exposed in preload &gt; IPC.AGENT.SAVE_ICON (&apos;agent:save-icon&apos;) is referenced in src/preload/index.ts" time="0.000065081">
        </testcase>
        <testcase classname="src/shared/ipc-channel-sync.test.ts" name="IPC Channel Sync &gt; all channels defined in ipc-channels.ts are exposed in preload &gt; IPC.AGENT.READ_ICON (&apos;agent:read-icon&apos;) is referenced in src/preload/index.ts" time="0.00006452">
        </testcase>
        <testcase classname="src/shared/ipc-channel-sync.test.ts" name="IPC Channel Sync &gt; all channels defined in ipc-channels.ts are exposed in preload &gt; IPC.AGENT.REMOVE_ICON (&apos;agent:remove-icon&apos;) is referenced in src/preload/index.ts" time="0.000062947">
        </testcase>
        <testcase classname="src/shared/ipc-channel-sync.test.ts" name="IPC Channel Sync &gt; all channels defined in ipc-channels.ts are exposed in preload &gt; IPC.AGENT.READ_PERMISSIONS (&apos;agent:read-permissions&apos;) is referenced in src/preload/index.ts" time="0.000064049">
        </testcase>
        <testcase classname="src/shared/ipc-channel-sync.test.ts" name="IPC Channel Sync &gt; all channels defined in ipc-channels.ts are exposed in preload &gt; IPC.AGENT.SAVE_PERMISSIONS (&apos;agent:save-permissions&apos;) is referenced in src/preload/index.ts" time="0.000061615">
        </testcase>
        <testcase classname="src/shared/ipc-channel-sync.test.ts" name="IPC Channel Sync &gt; all channels defined in ipc-channels.ts are exposed in preload &gt; IPC.AGENT.READ_SKILL_CONTENT (&apos;agent:read-skill-content&apos;) is referenced in src/preload/index.ts" time="0.000060702">
        </testcase>
        <testcase classname="src/shared/ipc-channel-sync.test.ts" name="IPC Channel Sync &gt; all channels defined in ipc-channels.ts are exposed in preload &gt; IPC.AGENT.WRITE_SKILL_CONTENT (&apos;agent:write-skill-content&apos;) is referenced in src/preload/index.ts" time="0.000061164">
        </testcase>
        <testcase classname="src/shared/ipc-channel-sync.test.ts" name="IPC Channel Sync &gt; all channels defined in ipc-channels.ts are exposed in preload &gt; IPC.AGENT.DELETE_SKILL (&apos;agent:delete-skill&apos;) is referenced in src/preload/index.ts" time="0.000064299">
        </testcase>
        <testcase classname="src/shared/ipc-channel-sync.test.ts" name="IPC Channel Sync &gt; all channels defined in ipc-channels.ts are exposed in preload &gt; IPC.AGENT.READ_AGENT_TEMPLATE_CONTENT (&apos;agent:read-agent-template-content&apos;) is referenced in src/preload/index.ts" time="0.000059391">
        </testcase>
        <testcase classname="src/shared/ipc-channel-sync.test.ts" name="IPC Channel Sync &gt; all channels defined in ipc-channels.ts are exposed in preload &gt; IPC.AGENT.WRITE_AGENT_TEMPLATE_CONTENT (&apos;agent:write-agent-template-content&apos;) is referenced in src/preload/index.ts" time="0.00005913">
        </testcase>
        <testcase classname="src/shared/ipc-channel-sync.test.ts" name="IPC Channel Sync &gt; all channels defined in ipc-channels.ts are exposed in preload &gt; IPC.AGENT.DELETE_AGENT_TEMPLATE (&apos;agent:delete-agent-template&apos;) is referenced in src/preload/index.ts" time="0.000060412">
        </testcase>
        <testcase classname="src/shared/ipc-channel-sync.test.ts" name="IPC Channel Sync &gt; all channels defined in ipc-channels.ts are exposed in preload &gt; IPC.AGENT.LIST_AGENT_TEMPLATE_FILES (&apos;agent:list-agent-template-files&apos;) is referenced in src/preload/index.ts" time="0.00005885">
        </testcase>
        <testcase classname="src/shared/ipc-channel-sync.test.ts" name="IPC Channel Sync &gt; all channels defined in ipc-channels.ts are exposed in preload &gt; IPC.AGENT.READ_MCP_RAW_JSON (&apos;agent:read-mcp-raw-json&apos;) is referenced in src/preload/index.ts" time="0.000059732">
        </testcase>
        <testcase classname="src/shared/ipc-channel-sync.test.ts" name="IPC Channel Sync &gt; all channels defined in ipc-channels.ts are exposed in preload &gt; IPC.AGENT.WRITE_MCP_RAW_JSON (&apos;agent:write-mcp-raw-json&apos;) is referenced in src/preload/index.ts" time="0.000090558">
        </testcase>
        <testcase classname="src/shared/ipc-channel-sync.test.ts" name="IPC Channel Sync &gt; all channels defined in ipc-channels.ts are exposed in preload &gt; IPC.AGENT.READ_PROJECT_AGENT_DEFAULTS (&apos;agent:read-project-agent-defaults&apos;) is referenced in src/preload/index.ts" time="0.000068407">
        </testcase>
        <testcase classname="src/shared/ipc-channel-sync.test.ts" name="IPC Channel Sync &gt; all channels defined in ipc-channels.ts are exposed in preload &gt; IPC.AGENT.WRITE_PROJECT_AGENT_DEFAULTS (&apos;agent:write-project-agent-defaults&apos;) is referenced in src/preload/index.ts" time="0.000061144">
        </testcase>
        <testcase classname="src/shared/ipc-channel-sync.test.ts" name="IPC Channel Sync &gt; all channels defined in ipc-channels.ts are exposed in preload &gt; IPC.AGENT.RESET_PROJECT_AGENT_DEFAULTS (&apos;agent:reset-project-agent-defaults&apos;) is referenced in src/preload/index.ts" time="0.000062095">
        </testcase>
        <testcase classname="src/shared/ipc-channel-sync.test.ts" name="IPC Channel Sync &gt; all channels defined in ipc-channels.ts are exposed in preload &gt; IPC.AGENT.GET_CONVENTIONS (&apos;agent:get-conventions&apos;) is referenced in src/preload/index.ts" time="0.000063137">
        </testcase>
        <testcase classname="src/shared/ipc-channel-sync.test.ts" name="IPC Channel Sync &gt; all channels defined in ipc-channels.ts are exposed in preload &gt; IPC.AGENT.MATERIALIZE_AGENT (&apos;agent:materialize-agent&apos;) is referenced in src/preload/index.ts" time="0.000061755">
        </testcase>
        <testcase classname="src/shared/ipc-channel-sync.test.ts" name="IPC Channel Sync &gt; all channels defined in ipc-channels.ts are exposed in preload &gt; IPC.AGENT.PREVIEW_MATERIALIZATION (&apos;agent:preview-materialization&apos;) is referenced in src/preload/index.ts" time="0.000061274">
        </testcase>
        <testcase classname="src/shared/ipc-channel-sync.test.ts" name="IPC Channel Sync &gt; all channels defined in ipc-channels.ts are exposed in preload &gt; IPC.AGENT.READ_SOURCE_SKILL_CONTENT (&apos;agent:read-source-skill-content&apos;) is referenced in src/preload/index.ts" time="0.000058339">
        </testcase>
        <testcase classname="src/shared/ipc-channel-sync.test.ts" name="IPC Channel Sync &gt; all channels defined in ipc-channels.ts are exposed in preload &gt; IPC.AGENT.WRITE_SOURCE_SKILL_CONTENT (&apos;agent:write-source-skill-content&apos;) is referenced in src/preload/index.ts" time="0.000058388">
        </testcase>
        <testcase classname="src/shared/ipc-channel-sync.test.ts" name="IPC Channel Sync &gt; all channels defined in ipc-channels.ts are exposed in preload &gt; IPC.AGENT.DELETE_SOURCE_SKILL (&apos;agent:delete-source-skill&apos;) is referenced in src/preload/index.ts" time="0.000057948">
        </testcase>
        <testcase classname="src/shared/ipc-channel-sync.test.ts" name="IPC Channel Sync &gt; all channels defined in ipc-channels.ts are exposed in preload &gt; IPC.AGENT.READ_SOURCE_AGENT_TEMPLATE_CONTENT (&apos;agent:read-source-agent-template-content&apos;) is referenced in src/preload/index.ts" time="0.000055212">
        </testcase>
        <testcase classname="src/shared/ipc-channel-sync.test.ts" name="IPC Channel Sync &gt; all channels defined in ipc-channels.ts are exposed in preload &gt; IPC.AGENT.WRITE_SOURCE_AGENT_TEMPLATE_CONTENT (&apos;agent:write-source-agent-template-content&apos;) is referenced in src/preload/index.ts" time="0.000055884">
        </testcase>
        <testcase classname="src/shared/ipc-channel-sync.test.ts" name="IPC Channel Sync &gt; all channels defined in ipc-channels.ts are exposed in preload &gt; IPC.AGENT.DELETE_SOURCE_AGENT_TEMPLATE (&apos;agent:delete-source-agent-template&apos;) is referenced in src/preload/index.ts" time="0.000058519">
        </testcase>
        <testcase classname="src/shared/ipc-channel-sync.test.ts" name="IPC Channel Sync &gt; all channels defined in ipc-channels.ts are exposed in preload &gt; IPC.AGENT.GET_PROJECT_CONFIG_BREAKDOWN (&apos;agent:get-project-config-breakdown&apos;) is referenced in src/preload/index.ts" time="0.000060843">
        </testcase>
        <testcase classname="src/shared/ipc-channel-sync.test.ts" name="IPC Channel Sync &gt; all channels defined in ipc-channels.ts are exposed in preload &gt; IPC.AGENT.REMOVE_PLUGIN_INJECTION_ITEM (&apos;agent:remove-plugin-injection-item&apos;) is referenced in src/preload/index.ts" time="0.000059681">
        </testcase>
        <testcase classname="src/shared/ipc-channel-sync.test.ts" name="IPC Channel Sync &gt; all channels defined in ipc-channels.ts are exposed in preload &gt; IPC.AGENT.COMPUTE_CONFIG_DIFF (&apos;agent:compute-config-diff&apos;) is referenced in src/preload/index.ts" time="0.000060773">
        </testcase>
        <testcase classname="src/shared/ipc-channel-sync.test.ts" name="IPC Channel Sync &gt; all channels defined in ipc-channels.ts are exposed in preload &gt; IPC.AGENT.PROPAGATE_CONFIG_CHANGES (&apos;agent:propagate-config-changes&apos;) is referenced in src/preload/index.ts" time="0.000111317">
        </testcase>
        <testcase classname="src/shared/ipc-channel-sync.test.ts" name="IPC Channel Sync &gt; all channels defined in ipc-channels.ts are exposed in preload &gt; IPC.AGENT.LIST_SESSIONS (&apos;agent:list-sessions&apos;) is referenced in src/preload/index.ts" time="0.000066094">
        </testcase>
        <testcase classname="src/shared/ipc-channel-sync.test.ts" name="IPC Channel Sync &gt; all channels defined in ipc-channels.ts are exposed in preload &gt; IPC.AGENT.UPDATE_SESSION_NAME (&apos;agent:update-session-name&apos;) is referenced in src/preload/index.ts" time="0.000060432">
        </testcase>
        <testcase classname="src/shared/ipc-channel-sync.test.ts" name="IPC Channel Sync &gt; all channels defined in ipc-channels.ts are exposed in preload &gt; IPC.AGENT.READ_SESSION_TRANSCRIPT (&apos;agent:read-session-transcript&apos;) is referenced in src/preload/index.ts" time="0.000068247">
        </testcase>
        <testcase classname="src/shared/ipc-channel-sync.test.ts" name="IPC Channel Sync &gt; all channels defined in ipc-channels.ts are exposed in preload &gt; IPC.AGENT.GET_SESSION_SUMMARY (&apos;agent:get-session-summary&apos;) is referenced in src/preload/index.ts" time="0.000059311">
        </testcase>
        <testcase classname="src/shared/ipc-channel-sync.test.ts" name="IPC Channel Sync &gt; all channels defined in ipc-channels.ts are exposed in preload &gt; IPC.AGENT.GET_BACKUP_INFO (&apos;agent:get-backup-info&apos;) is referenced in src/preload/index.ts" time="0.000060402">
        </testcase>
        <testcase classname="src/shared/ipc-channel-sync.test.ts" name="IPC Channel Sync &gt; all channels defined in ipc-channels.ts are exposed in preload &gt; IPC.AGENT.RESTORE_FROM_BACKUP (&apos;agent:restore-from-backup&apos;) is referenced in src/preload/index.ts" time="0.000058779">
        </testcase>
        <testcase classname="src/shared/ipc-channel-sync.test.ts" name="IPC Channel Sync &gt; all channels defined in ipc-channels.ts are exposed in preload &gt; IPC.AGENT.STRUCTURED_EVENT (&apos;agent:structured-event&apos;) is referenced in src/preload/index.ts" time="0.000061074">
        </testcase>
        <testcase classname="src/shared/ipc-channel-sync.test.ts" name="IPC Channel Sync &gt; all channels defined in ipc-channels.ts are exposed in preload &gt; IPC.AGENT.START_STRUCTURED (&apos;agent:start-structured&apos;) is referenced in src/preload/index.ts" time="0.000059651">
        </testcase>
        <testcase classname="src/shared/ipc-channel-sync.test.ts" name="IPC Channel Sync &gt; all channels defined in ipc-channels.ts are exposed in preload &gt; IPC.AGENT.CANCEL_STRUCTURED (&apos;agent:cancel-structured&apos;) is referenced in src/preload/index.ts" time="0.000058018">
        </testcase>
        <testcase classname="src/shared/ipc-channel-sync.test.ts" name="IPC Channel Sync &gt; all channels defined in ipc-channels.ts are exposed in preload &gt; IPC.AGENT.SEND_STRUCTURED_MESSAGE (&apos;agent:send-structured-message&apos;) is referenced in src/preload/index.ts" time="0.000058869">
        </testcase>
        <testcase classname="src/shared/ipc-channel-sync.test.ts" name="IPC Channel Sync &gt; all channels defined in ipc-channels.ts are exposed in preload &gt; IPC.AGENT.RESPOND_PERMISSION (&apos;agent:respond-permission&apos;) is referenced in src/preload/index.ts" time="0.000057096">
        </testcase>
        <testcase classname="src/shared/ipc-channel-sync.test.ts" name="IPC Channel Sync &gt; all channels defined in ipc-channels.ts are exposed in preload &gt; IPC.FILE.READ_TREE (&apos;file:read-tree&apos;) is referenced in src/preload/index.ts" time="0.00006422">
        </testcase>
        <testcase classname="src/shared/ipc-channel-sync.test.ts" name="IPC Channel Sync &gt; all channels defined in ipc-channels.ts are exposed in preload &gt; IPC.FILE.READ (&apos;file:read&apos;) is referenced in src/preload/index.ts" time="0.000078476">
        </testcase>
        <testcase classname="src/shared/ipc-channel-sync.test.ts" name="IPC Channel Sync &gt; all channels defined in ipc-channels.ts are exposed in preload &gt; IPC.FILE.READ_BINARY (&apos;file:read-binary&apos;) is referenced in src/preload/index.ts" time="0.000100527">
        </testcase>
        <testcase classname="src/shared/ipc-channel-sync.test.ts" name="IPC Channel Sync &gt; all channels defined in ipc-channels.ts are exposed in preload &gt; IPC.FILE.WRITE (&apos;file:write&apos;) is referenced in src/preload/index.ts" time="0.00008108">
        </testcase>
        <testcase classname="src/shared/ipc-channel-sync.test.ts" name="IPC Channel Sync &gt; all channels defined in ipc-channels.ts are exposed in preload &gt; IPC.FILE.SHOW_IN_FOLDER (&apos;file:show-in-folder&apos;) is referenced in src/preload/index.ts" time="0.000063809">
        </testcase>
        <testcase classname="src/shared/ipc-channel-sync.test.ts" name="IPC Channel Sync &gt; all channels defined in ipc-channels.ts are exposed in preload &gt; IPC.FILE.MKDIR (&apos;file:mkdir&apos;) is referenced in src/preload/index.ts" time="0.000079257">
        </testcase>
        <testcase classname="src/shared/ipc-channel-sync.test.ts" name="IPC Channel Sync &gt; all channels defined in ipc-channels.ts are exposed in preload &gt; IPC.FILE.DELETE (&apos;file:delete&apos;) is referenced in src/preload/index.ts" time="0.000068918">
        </testcase>
        <testcase classname="src/shared/ipc-channel-sync.test.ts" name="IPC Channel Sync &gt; all channels defined in ipc-channels.ts are exposed in preload &gt; IPC.FILE.RENAME (&apos;file:rename&apos;) is referenced in src/preload/index.ts" time="0.000069499">
        </testcase>
        <testcase classname="src/shared/ipc-channel-sync.test.ts" name="IPC Channel Sync &gt; all channels defined in ipc-channels.ts are exposed in preload &gt; IPC.FILE.COPY (&apos;file:copy&apos;) is referenced in src/preload/index.ts" time="0.000077254">
        </testcase>
        <testcase classname="src/shared/ipc-channel-sync.test.ts" name="IPC Channel Sync &gt; all channels defined in ipc-channels.ts are exposed in preload &gt; IPC.FILE.STAT (&apos;file:stat&apos;) is referenced in src/preload/index.ts" time="0.000076993">
        </testcase>
        <testcase classname="src/shared/ipc-channel-sync.test.ts" name="IPC Channel Sync &gt; all channels defined in ipc-channels.ts are exposed in preload &gt; IPC.FILE.WATCH_START (&apos;file:watch-start&apos;) is referenced in src/preload/index.ts" time="0.000062456">
        </testcase>
        <testcase classname="src/shared/ipc-channel-sync.test.ts" name="IPC Channel Sync &gt; all channels defined in ipc-channels.ts are exposed in preload &gt; IPC.FILE.WATCH_STOP (&apos;file:watch-stop&apos;) is referenced in src/preload/index.ts" time="0.000061405">
        </testcase>
        <testcase classname="src/shared/ipc-channel-sync.test.ts" name="IPC Channel Sync &gt; all channels defined in ipc-channels.ts are exposed in preload &gt; IPC.FILE.WATCH_EVENT (&apos;file:watch-event&apos;) is referenced in src/preload/index.ts" time="0.000062326">
        </testcase>
        <testcase classname="src/shared/ipc-channel-sync.test.ts" name="IPC Channel Sync &gt; all channels defined in ipc-channels.ts are exposed in preload &gt; IPC.FILE.SEARCH (&apos;file:search&apos;) is referenced in src/preload/index.ts" time="0.00006951">
        </testcase>
        <testcase classname="src/shared/ipc-channel-sync.test.ts" name="IPC Channel Sync &gt; all channels defined in ipc-channels.ts are exposed in preload &gt; IPC.FILE.OPEN_IN_EDITOR (&apos;file:open-in-editor&apos;) is referenced in src/preload/index.ts" time="0.000059811">
        </testcase>
        <testcase classname="src/shared/ipc-channel-sync.test.ts" name="IPC Channel Sync &gt; all channels defined in ipc-channels.ts are exposed in preload &gt; IPC.GIT.INFO (&apos;git:info&apos;) is referenced in src/preload/index.ts" time="0.000117979">
        </testcase>
        <testcase classname="src/shared/ipc-channel-sync.test.ts" name="IPC Channel Sync &gt; all channels defined in ipc-channels.ts are exposed in preload &gt; IPC.GIT.CHECKOUT (&apos;git:checkout&apos;) is referenced in src/preload/index.ts" time="0.000078596">
        </testcase>
        <testcase classname="src/shared/ipc-channel-sync.test.ts" name="IPC Channel Sync &gt; all channels defined in ipc-channels.ts are exposed in preload &gt; IPC.GIT.STAGE (&apos;git:stage&apos;) is referenced in src/preload/index.ts" time="0.00008086">
        </testcase>
        <testcase classname="src/shared/ipc-channel-sync.test.ts" name="IPC Channel Sync &gt; all channels defined in ipc-channels.ts are exposed in preload &gt; IPC.GIT.UNSTAGE (&apos;git:unstage&apos;) is referenced in src/preload/index.ts" time="0.00007534">
        </testcase>
        <testcase classname="src/shared/ipc-channel-sync.test.ts" name="IPC Channel Sync &gt; all channels defined in ipc-channels.ts are exposed in preload &gt; IPC.GIT.STAGE_ALL (&apos;git:stage-all&apos;) is referenced in src/preload/index.ts" time="0.000066404">
        </testcase>
        <testcase classname="src/shared/ipc-channel-sync.test.ts" name="IPC Channel Sync &gt; all channels defined in ipc-channels.ts are exposed in preload &gt; IPC.GIT.UNSTAGE_ALL (&apos;git:unstage-all&apos;) is referenced in src/preload/index.ts" time="0.00006423">
        </testcase>
        <testcase classname="src/shared/ipc-channel-sync.test.ts" name="IPC Channel Sync &gt; all channels defined in ipc-channels.ts are exposed in preload &gt; IPC.GIT.DISCARD (&apos;git:discard&apos;) is referenced in src/preload/index.ts" time="0.00007488">
        </testcase>
        <testcase classname="src/shared/ipc-channel-sync.test.ts" name="IPC Channel Sync &gt; all channels defined in ipc-channels.ts are exposed in preload &gt; IPC.GIT.COMMIT (&apos;git:commit&apos;) is referenced in src/preload/index.ts" time="0.00007546">
        </testcase>
        <testcase classname="src/shared/ipc-channel-sync.test.ts" name="IPC Channel Sync &gt; all channels defined in ipc-channels.ts are exposed in preload &gt; IPC.GIT.PUSH (&apos;git:push&apos;) is referenced in src/preload/index.ts" time="0.000117949">
        </testcase>
        <testcase classname="src/shared/ipc-channel-sync.test.ts" name="IPC Channel Sync &gt; all channels defined in ipc-channels.ts are exposed in preload &gt; IPC.GIT.PULL (&apos;git:pull&apos;) is referenced in src/preload/index.ts" time="0.000107921">
        </testcase>
        <testcase classname="src/shared/ipc-channel-sync.test.ts" name="IPC Channel Sync &gt; all channels defined in ipc-channels.ts are exposed in preload &gt; IPC.GIT.DIFF (&apos;git:diff&apos;) is referenced in src/preload/index.ts" time="0.000110876">
        </testcase>
        <testcase classname="src/shared/ipc-channel-sync.test.ts" name="IPC Channel Sync &gt; all channels defined in ipc-channels.ts are exposed in preload &gt; IPC.GIT.CREATE_BRANCH (&apos;git:create-branch&apos;) is referenced in src/preload/index.ts" time="0.000116106">
        </testcase>
        <testcase classname="src/shared/ipc-channel-sync.test.ts" name="IPC Channel Sync &gt; all channels defined in ipc-channels.ts are exposed in preload &gt; IPC.GIT.STASH (&apos;git:stash&apos;) is referenced in src/preload/index.ts" time="0.000105616">
        </testcase>
        <testcase classname="src/shared/ipc-channel-sync.test.ts" name="IPC Channel Sync &gt; all channels defined in ipc-channels.ts are exposed in preload &gt; IPC.GIT.STASH_POP (&apos;git:stash-pop&apos;) is referenced in src/preload/index.ts" time="0.000089627">
        </testcase>
        <testcase classname="src/shared/ipc-channel-sync.test.ts" name="IPC Channel Sync &gt; all channels defined in ipc-channels.ts are exposed in preload &gt; IPC.GIT.LIST_WORKTREES (&apos;git:list-worktrees&apos;) is referenced in src/preload/index.ts" time="0.00008589">
        </testcase>
        <testcase classname="src/shared/ipc-channel-sync.test.ts" name="IPC Channel Sync &gt; all channels defined in ipc-channels.ts are exposed in preload &gt; IPC.GIT.LOG (&apos;git:log&apos;) is referenced in src/preload/index.ts" time="0.000106418">
        </testcase>
        <testcase classname="src/shared/ipc-channel-sync.test.ts" name="IPC Channel Sync &gt; all channels defined in ipc-channels.ts are exposed in preload &gt; IPC.GIT.SHOW_COMMIT (&apos;git:show-commit&apos;) is referenced in src/preload/index.ts" time="0.000087513">
        </testcase>
        <testcase classname="src/shared/ipc-channel-sync.test.ts" name="IPC Channel Sync &gt; all channels defined in ipc-channels.ts are exposed in preload &gt; IPC.GIT.COMMIT_DIFF (&apos;git:commit-diff&apos;) is referenced in src/preload/index.ts" time="0.00008605">
        </testcase>
        <testcase classname="src/shared/ipc-channel-sync.test.ts" name="IPC Channel Sync &gt; all channels defined in ipc-channels.ts are exposed in preload &gt; IPC.APP.OPEN_EXTERNAL_URL (&apos;app:open-external-url&apos;) is referenced in src/preload/index.ts" time="0.00008649">
        </testcase>
        <testcase classname="src/shared/ipc-channel-sync.test.ts" name="IPC Channel Sync &gt; all channels defined in ipc-channels.ts are exposed in preload &gt; IPC.APP.OPEN_SETTINGS (&apos;app:open-settings&apos;) is referenced in src/preload/index.ts" time="0.000093184">
        </testcase>
        <testcase classname="src/shared/ipc-channel-sync.test.ts" name="IPC Channel Sync &gt; all channels defined in ipc-channels.ts are exposed in preload &gt; IPC.APP.OPEN_ABOUT (&apos;app:open-about&apos;) is referenced in src/preload/index.ts" time="0.000094796">
        </testcase>
        <testcase classname="src/shared/ipc-channel-sync.test.ts" name="IPC Channel Sync &gt; all channels defined in ipc-channels.ts are exposed in preload &gt; IPC.APP.GET_NOTIFICATION_SETTINGS (&apos;app:get-notification-settings&apos;) is referenced in src/preload/index.ts" time="0.000108091">
        </testcase>
        <testcase classname="src/shared/ipc-channel-sync.test.ts" name="IPC Channel Sync &gt; all channels defined in ipc-channels.ts are exposed in preload &gt; IPC.APP.SAVE_NOTIFICATION_SETTINGS (&apos;app:save-notification-settings&apos;) is referenced in src/preload/index.ts" time="0.000088705">
        </testcase>
        <testcase classname="src/shared/ipc-channel-sync.test.ts" name="IPC Channel Sync &gt; all channels defined in ipc-channels.ts are exposed in preload &gt; IPC.APP.SEND_NOTIFICATION (&apos;app:send-notification&apos;) is referenced in src/preload/index.ts" time="0.000086611">
        </testcase>
        <testcase classname="src/shared/ipc-channel-sync.test.ts" name="IPC Channel Sync &gt; all channels defined in ipc-channels.ts are exposed in preload &gt; IPC.APP.CLOSE_NOTIFICATION (&apos;app:close-notification&apos;) is referenced in src/preload/index.ts" time="0.00008605">
        </testcase>
        <testcase classname="src/shared/ipc-channel-sync.test.ts" name="IPC Channel Sync &gt; all channels defined in ipc-channels.ts are exposed in preload &gt; IPC.APP.NOTIFICATION_CLICKED (&apos;app:notification-clicked&apos;) is referenced in src/preload/index.ts" time="0.000090418">
        </testcase>
        <testcase classname="src/shared/ipc-channel-sync.test.ts" name="IPC Channel Sync &gt; all channels defined in ipc-channels.ts are exposed in preload &gt; IPC.APP.GET_THEME (&apos;app:get-theme&apos;) is referenced in src/preload/index.ts" time="0.000085659">
        </testcase>
        <testcase classname="src/shared/ipc-channel-sync.test.ts" name="IPC Channel Sync &gt; all channels defined in ipc-channels.ts are exposed in preload &gt; IPC.APP.SAVE_THEME (&apos;app:save-theme&apos;) is referenced in src/preload/index.ts" time="0.000073647">
        </testcase>
        <testcase classname="src/shared/ipc-channel-sync.test.ts" name="IPC Channel Sync &gt; all channels defined in ipc-channels.ts are exposed in preload &gt; IPC.APP.UPDATE_TITLE_BAR_OVERLAY (&apos;app:update-title-bar-overlay&apos;) is referenced in src/preload/index.ts" time="0.000062326">
        </testcase>
        <testcase classname="src/shared/ipc-channel-sync.test.ts" name="IPC Channel Sync &gt; all channels defined in ipc-channels.ts are exposed in preload &gt; IPC.APP.GET_ORCHESTRATOR_SETTINGS (&apos;app:get-orchestrator-settings&apos;) is referenced in src/preload/index.ts" time="0.000082163">
        </testcase>
        <testcase classname="src/shared/ipc-channel-sync.test.ts" name="IPC Channel Sync &gt; all channels defined in ipc-channels.ts are exposed in preload &gt; IPC.APP.SAVE_ORCHESTRATOR_SETTINGS (&apos;app:save-orchestrator-settings&apos;) is referenced in src/preload/index.ts" time="0.000079998">
        </testcase>
        <testcase classname="src/shared/ipc-channel-sync.test.ts" name="IPC Channel Sync &gt; all channels defined in ipc-channels.ts are exposed in preload &gt; IPC.APP.GET_VERSION (&apos;app:get-version&apos;) is referenced in src/preload/index.ts" time="0.000092772">
        </testcase>
        <testcase classname="src/shared/ipc-channel-sync.test.ts" name="IPC Channel Sync &gt; all channels defined in ipc-channels.ts are exposed in preload &gt; IPC.APP.GET_ARCH_INFO (&apos;app:get-arch-info&apos;) is referenced in src/preload/index.ts" time="0.00012334">
        </testcase>
        <testcase classname="src/shared/ipc-channel-sync.test.ts" name="IPC Channel Sync &gt; all channels defined in ipc-channels.ts are exposed in preload &gt; IPC.APP.GET_HEADLESS_SETTINGS (&apos;app:get-headless-settings&apos;) is referenced in src/preload/index.ts" time="0.000096139">
        </testcase>
        <testcase classname="src/shared/ipc-channel-sync.test.ts" name="IPC Channel Sync &gt; all channels defined in ipc-channels.ts are exposed in preload &gt; IPC.APP.SAVE_HEADLESS_SETTINGS (&apos;app:save-headless-settings&apos;) is referenced in src/preload/index.ts" time="0.00008058">
        </testcase>
        <testcase classname="src/shared/ipc-channel-sync.test.ts" name="IPC Channel Sync &gt; all channels defined in ipc-channels.ts are exposed in preload &gt; IPC.APP.SET_DOCK_BADGE (&apos;app:set-dock-badge&apos;) is referenced in src/preload/index.ts" time="0.00008596">
        </testcase>
        <testcase classname="src/shared/ipc-channel-sync.test.ts" name="IPC Channel Sync &gt; all channels defined in ipc-channels.ts are exposed in preload &gt; IPC.APP.GET_BADGE_SETTINGS (&apos;app:get-badge-settings&apos;) is referenced in src/preload/index.ts" time="0.000084797">
        </testcase>
        <testcase classname="src/shared/ipc-channel-sync.test.ts" name="IPC Channel Sync &gt; all channels defined in ipc-channels.ts are exposed in preload &gt; IPC.APP.SAVE_BADGE_SETTINGS (&apos;app:save-badge-settings&apos;) is referenced in src/preload/index.ts" time="0.000078315">
        </testcase>
        <testcase classname="src/shared/ipc-channel-sync.test.ts" name="IPC Channel Sync &gt; all channels defined in ipc-channels.ts are exposed in preload &gt; IPC.APP.GET_UPDATE_SETTINGS (&apos;app:get-update-settings&apos;) is referenced in src/preload/index.ts" time="0.000079728">
        </testcase>
        <testcase classname="src/shared/ipc-channel-sync.test.ts" name="IPC Channel Sync &gt; all channels defined in ipc-channels.ts are exposed in preload &gt; IPC.APP.SAVE_UPDATE_SETTINGS (&apos;app:save-update-settings&apos;) is referenced in src/preload/index.ts" time="0.000081652">
        </testcase>
        <testcase classname="src/shared/ipc-channel-sync.test.ts" name="IPC Channel Sync &gt; all channels defined in ipc-channels.ts are exposed in preload &gt; IPC.APP.CHECK_FOR_UPDATES (&apos;app:check-for-updates&apos;) is referenced in src/preload/index.ts" time="0.000079558">
        </testcase>
        <testcase classname="src/shared/ipc-channel-sync.test.ts" name="IPC Channel Sync &gt; all channels defined in ipc-channels.ts are exposed in preload &gt; IPC.APP.GET_UPDATE_STATUS (&apos;app:get-update-status&apos;) is referenced in src/preload/index.ts" time="0.000083395">
        </testcase>
        <testcase classname="src/shared/ipc-channel-sync.test.ts" name="IPC Channel Sync &gt; all channels defined in ipc-channels.ts are exposed in preload &gt; IPC.APP.APPLY_UPDATE (&apos;app:apply-update&apos;) is referenced in src/preload/index.ts" time="0.000088835">
        </testcase>
        <testcase classname="src/shared/ipc-channel-sync.test.ts" name="IPC Channel Sync &gt; all channels defined in ipc-channels.ts are exposed in preload &gt; IPC.APP.UPDATE_STATUS_CHANGED (&apos;app:update-status-changed&apos;) is referenced in src/preload/index.ts" time="0.000130222">
        </testcase>
        <testcase classname="src/shared/ipc-channel-sync.test.ts" name="IPC Channel Sync &gt; all channels defined in ipc-channels.ts are exposed in preload &gt; IPC.APP.GET_PENDING_RELEASE_NOTES (&apos;app:get-pending-release-notes&apos;) is referenced in src/preload/index.ts" time="0.000129942">
        </testcase>
        <testcase classname="src/shared/ipc-channel-sync.test.ts" name="IPC Channel Sync &gt; all channels defined in ipc-channels.ts are exposed in preload &gt; IPC.APP.CLEAR_PENDING_RELEASE_NOTES (&apos;app:clear-pending-release-notes&apos;) is referenced in src/preload/index.ts" time="0.000117468">
        </testcase>
        <testcase classname="src/shared/ipc-channel-sync.test.ts" name="IPC Channel Sync &gt; all channels defined in ipc-channels.ts are exposed in preload &gt; IPC.APP.GET_VERSION_HISTORY (&apos;app:get-version-history&apos;) is referenced in src/preload/index.ts" time="0.000127637">
        </testcase>
        <testcase classname="src/shared/ipc-channel-sync.test.ts" name="IPC Channel Sync &gt; all channels defined in ipc-channels.ts are exposed in preload &gt; IPC.APP.GET_CLIPBOARD_SETTINGS (&apos;app:get-clipboard-settings&apos;) is referenced in src/preload/index.ts" time="0.000130933">
        </testcase>
        <testcase classname="src/shared/ipc-channel-sync.test.ts" name="IPC Channel Sync &gt; all channels defined in ipc-channels.ts are exposed in preload &gt; IPC.APP.SAVE_CLIPBOARD_SETTINGS (&apos;app:save-clipboard-settings&apos;) is referenced in src/preload/index.ts" time="0.000122838">
        </testcase>
        <testcase classname="src/shared/ipc-channel-sync.test.ts" name="IPC Channel Sync &gt; all channels defined in ipc-channels.ts are exposed in preload &gt; IPC.APP.READ_CLIPBOARD_IMAGE (&apos;app:read-clipboard-image&apos;) is referenced in src/preload/index.ts" time="0.000127687">
        </testcase>
        <testcase classname="src/shared/ipc-channel-sync.test.ts" name="IPC Channel Sync &gt; all channels defined in ipc-channels.ts are exposed in preload &gt; IPC.APP.GET_CLUBHOUSE_MODE_SETTINGS (&apos;app:get-clubhouse-mode-settings&apos;) is referenced in src/preload/index.ts" time="0.000144228">
        </testcase>
        <testcase classname="src/shared/ipc-channel-sync.test.ts" name="IPC Channel Sync &gt; all channels defined in ipc-channels.ts are exposed in preload &gt; IPC.APP.SAVE_CLUBHOUSE_MODE_SETTINGS (&apos;app:save-clubhouse-mode-settings&apos;) is referenced in src/preload/index.ts" time="0.000133869">
        </testcase>
        <testcase classname="src/shared/ipc-channel-sync.test.ts" name="IPC Channel Sync &gt; all channels defined in ipc-channels.ts are exposed in preload &gt; IPC.APP.GET_SOUND_SETTINGS (&apos;app:get-sound-settings&apos;) is referenced in src/preload/index.ts" time="0.000127537">
        </testcase>
        <testcase classname="src/shared/ipc-channel-sync.test.ts" name="IPC Channel Sync &gt; all channels defined in ipc-channels.ts are exposed in preload &gt; IPC.APP.SAVE_SOUND_SETTINGS (&apos;app:save-sound-settings&apos;) is referenced in src/preload/index.ts" time="0.000133648">
        </testcase>
        <testcase classname="src/shared/ipc-channel-sync.test.ts" name="IPC Channel Sync &gt; all channels defined in ipc-channels.ts are exposed in preload &gt; IPC.APP.LIST_SOUND_PACKS (&apos;app:list-sound-packs&apos;) is referenced in src/preload/index.ts" time="0.000135603">
        </testcase>
        <testcase classname="src/shared/ipc-channel-sync.test.ts" name="IPC Channel Sync &gt; all channels defined in ipc-channels.ts are exposed in preload &gt; IPC.APP.IMPORT_SOUND_PACK (&apos;app:import-sound-pack&apos;) is referenced in src/preload/index.ts" time="0.000135822">
        </testcase>
        <testcase classname="src/shared/ipc-channel-sync.test.ts" name="IPC Channel Sync &gt; all channels defined in ipc-channels.ts are exposed in preload &gt; IPC.APP.DELETE_SOUND_PACK (&apos;app:delete-sound-pack&apos;) is referenced in src/preload/index.ts" time="0.000135903">
        </testcase>
        <testcase classname="src/shared/ipc-channel-sync.test.ts" name="IPC Channel Sync &gt; all channels defined in ipc-channels.ts are exposed in preload &gt; IPC.APP.GET_SOUND_DATA (&apos;app:get-sound-data&apos;) is referenced in src/preload/index.ts" time="0.000156521">
        </testcase>
        <testcase classname="src/shared/ipc-channel-sync.test.ts" name="IPC Channel Sync &gt; all channels defined in ipc-channels.ts are exposed in preload &gt; IPC.APP.GET_SESSION_SETTINGS (&apos;app:get-session-settings&apos;) is referenced in src/preload/index.ts" time="0.00012891">
        </testcase>
        <testcase classname="src/shared/ipc-channel-sync.test.ts" name="IPC Channel Sync &gt; all channels defined in ipc-channels.ts are exposed in preload &gt; IPC.APP.SAVE_SESSION_SETTINGS (&apos;app:save-session-settings&apos;) is referenced in src/preload/index.ts" time="0.000131916">
        </testcase>
        <testcase classname="src/shared/ipc-channel-sync.test.ts" name="IPC Channel Sync &gt; all channels defined in ipc-channels.ts are exposed in preload &gt; IPC.APP.RESTART (&apos;app:restart&apos;) is referenced in src/preload/index.ts" time="0.000222835">
        </testcase>
        <testcase classname="src/shared/ipc-channel-sync.test.ts" name="IPC Channel Sync &gt; all channels defined in ipc-channels.ts are exposed in preload &gt; IPC.APP.GET_EXPERIMENTAL_SETTINGS (&apos;app:get-experimental-settings&apos;) is referenced in src/preload/index.ts" time="0.000128549">
        </testcase>
        <testcase classname="src/shared/ipc-channel-sync.test.ts" name="IPC Channel Sync &gt; all channels defined in ipc-channels.ts are exposed in preload &gt; IPC.APP.SAVE_EXPERIMENTAL_SETTINGS (&apos;app:save-experimental-settings&apos;) is referenced in src/preload/index.ts" time="0.000122198">
        </testcase>
        <testcase classname="src/shared/ipc-channel-sync.test.ts" name="IPC Channel Sync &gt; all channels defined in ipc-channels.ts are exposed in preload &gt; IPC.APP.GET_PENDING_RESUMES (&apos;app:get-pending-resumes&apos;) is referenced in src/preload/index.ts" time="0.000120744">
        </testcase>
        <testcase classname="src/shared/ipc-channel-sync.test.ts" name="IPC Channel Sync &gt; all channels defined in ipc-channels.ts are exposed in preload &gt; IPC.APP.RESUME_MANUAL_AGENT (&apos;app:resume-manual-agent&apos;) is referenced in src/preload/index.ts" time="0.000159817">
        </testcase>
        <testcase classname="src/shared/ipc-channel-sync.test.ts" name="IPC Channel Sync &gt; all channels defined in ipc-channels.ts are exposed in preload &gt; IPC.APP.RESUME_STATUS_UPDATE (&apos;app:resume-status-update&apos;) is referenced in src/preload/index.ts" time="0.000126876">
        </testcase>
        <testcase classname="src/shared/ipc-channel-sync.test.ts" name="IPC Channel Sync &gt; all channels defined in ipc-channels.ts are exposed in preload &gt; IPC.APP.GET_LIVE_AGENTS_FOR_UPDATE (&apos;app:get-live-agents-for-update&apos;) is referenced in src/preload/index.ts" time="0.000135923">
        </testcase>
        <testcase classname="src/shared/ipc-channel-sync.test.ts" name="IPC Channel Sync &gt; all channels defined in ipc-channels.ts are exposed in preload &gt; IPC.APP.RESOLVE_WORKING_AGENT (&apos;app:resolve-working-agent&apos;) is referenced in src/preload/index.ts" time="0.000117239">
        </testcase>
        <testcase classname="src/shared/ipc-channel-sync.test.ts" name="IPC Channel Sync &gt; all channels defined in ipc-channels.ts are exposed in preload &gt; IPC.APP.CONFIRM_UPDATE_RESTART (&apos;app:confirm-update-restart&apos;) is referenced in src/preload/index.ts" time="0.000127097">
        </testcase>
        <testcase classname="src/shared/ipc-channel-sync.test.ts" name="IPC Channel Sync &gt; all channels defined in ipc-channels.ts are exposed in preload &gt; IPC.APP.DEV_SIMULATE_UPDATE_RESTART (&apos;app:dev-simulate-update-restart&apos;) is referenced in src/preload/index.ts" time="0.000132316">
        </testcase>
        <testcase classname="src/shared/ipc-channel-sync.test.ts" name="IPC Channel Sync &gt; all channels defined in ipc-channels.ts are exposed in preload &gt; IPC.PLUGIN.DISCOVER_COMMUNITY (&apos;plugin:discover-community&apos;) is referenced in src/preload/index.ts" time="0.000133287">
        </testcase>
        <testcase classname="src/shared/ipc-channel-sync.test.ts" name="IPC Channel Sync &gt; all channels defined in ipc-channels.ts are exposed in preload &gt; IPC.PLUGIN.STORAGE_READ (&apos;plugin:storage-read&apos;) is referenced in src/preload/index.ts" time="0.000148416">
        </testcase>
        <testcase classname="src/shared/ipc-channel-sync.test.ts" name="IPC Channel Sync &gt; all channels defined in ipc-channels.ts are exposed in preload &gt; IPC.PLUGIN.STORAGE_WRITE (&apos;plugin:storage-write&apos;) is referenced in src/preload/index.ts" time="0.000120404">
        </testcase>
        <testcase classname="src/shared/ipc-channel-sync.test.ts" name="IPC Channel Sync &gt; all channels defined in ipc-channels.ts are exposed in preload &gt; IPC.PLUGIN.STORAGE_DELETE (&apos;plugin:storage-delete&apos;) is referenced in src/preload/index.ts" time="0.000086941">
        </testcase>
        <testcase classname="src/shared/ipc-channel-sync.test.ts" name="IPC Channel Sync &gt; all channels defined in ipc-channels.ts are exposed in preload &gt; IPC.PLUGIN.STORAGE_LIST (&apos;plugin:storage-list&apos;) is referenced in src/preload/index.ts" time="0.000122208">
        </testcase>
        <testcase classname="src/shared/ipc-channel-sync.test.ts" name="IPC Channel Sync &gt; all channels defined in ipc-channels.ts are exposed in preload &gt; IPC.PLUGIN.FILE_READ (&apos;plugin:file-read&apos;) is referenced in src/preload/index.ts" time="0.000153415">
        </testcase>
        <testcase classname="src/shared/ipc-channel-sync.test.ts" name="IPC Channel Sync &gt; all channels defined in ipc-channels.ts are exposed in preload &gt; IPC.PLUGIN.FILE_WRITE (&apos;plugin:file-write&apos;) is referenced in src/preload/index.ts" time="0.000140472">
        </testcase>
        <testcase classname="src/shared/ipc-channel-sync.test.ts" name="IPC Channel Sync &gt; all channels defined in ipc-channels.ts are exposed in preload &gt; IPC.PLUGIN.FILE_DELETE (&apos;plugin:file-delete&apos;) is referenced in src/preload/index.ts" time="0.000136243">
        </testcase>
        <testcase classname="src/shared/ipc-channel-sync.test.ts" name="IPC Channel Sync &gt; all channels defined in ipc-channels.ts are exposed in preload &gt; IPC.PLUGIN.FILE_EXISTS (&apos;plugin:file-exists&apos;) is referenced in src/preload/index.ts" time="0.000170968">
        </testcase>
        <testcase classname="src/shared/ipc-channel-sync.test.ts" name="IPC Channel Sync &gt; all channels defined in ipc-channels.ts are exposed in preload &gt; IPC.PLUGIN.FILE_LIST_DIR (&apos;plugin:file-list-dir&apos;) is referenced in src/preload/index.ts" time="0.000159376">
        </testcase>
        <testcase classname="src/shared/ipc-channel-sync.test.ts" name="IPC Channel Sync &gt; all channels defined in ipc-channels.ts are exposed in preload &gt; IPC.PLUGIN.GITIGNORE_ADD (&apos;plugin:gitignore-add&apos;) is referenced in src/preload/index.ts" time="0.000334775">
        </testcase>
        <testcase classname="src/shared/ipc-channel-sync.test.ts" name="IPC Channel Sync &gt; all channels defined in ipc-channels.ts are exposed in preload &gt; IPC.PLUGIN.GITIGNORE_REMOVE (&apos;plugin:gitignore-remove&apos;) is referenced in src/preload/index.ts" time="0.000142825">
        </testcase>
        <testcase classname="src/shared/ipc-channel-sync.test.ts" name="IPC Channel Sync &gt; all channels defined in ipc-channels.ts are exposed in preload &gt; IPC.PLUGIN.GITIGNORE_CHECK (&apos;plugin:gitignore-check&apos;) is referenced in src/preload/index.ts" time="0.000136033">
        </testcase>
        <testcase classname="src/shared/ipc-channel-sync.test.ts" name="IPC Channel Sync &gt; all channels defined in ipc-channels.ts are exposed in preload &gt; IPC.PLUGIN.STARTUP_MARKER_READ (&apos;plugin:startup-marker-read&apos;) is referenced in src/preload/index.ts" time="0.000163955">
        </testcase>
        <testcase classname="src/shared/ipc-channel-sync.test.ts" name="IPC Channel Sync &gt; all channels defined in ipc-channels.ts are exposed in preload &gt; IPC.PLUGIN.STARTUP_MARKER_WRITE (&apos;plugin:startup-marker-write&apos;) is referenced in src/preload/index.ts" time="0.000137867">
        </testcase>
        <testcase classname="src/shared/ipc-channel-sync.test.ts" name="IPC Channel Sync &gt; all channels defined in ipc-channels.ts are exposed in preload &gt; IPC.PLUGIN.STARTUP_MARKER_CLEAR (&apos;plugin:startup-marker-clear&apos;) is referenced in src/preload/index.ts" time="0.000124602">
        </testcase>
        <testcase classname="src/shared/ipc-channel-sync.test.ts" name="IPC Channel Sync &gt; all channels defined in ipc-channels.ts are exposed in preload &gt; IPC.PLUGIN.MKDIR (&apos;plugin:mkdir&apos;) is referenced in src/preload/index.ts" time="0.000136334">
        </testcase>
        <testcase classname="src/shared/ipc-channel-sync.test.ts" name="IPC Channel Sync &gt; all channels defined in ipc-channels.ts are exposed in preload &gt; IPC.PLUGIN.UNINSTALL (&apos;plugin:uninstall&apos;) is referenced in src/preload/index.ts" time="0.000135893">
        </testcase>
        <testcase classname="src/shared/ipc-channel-sync.test.ts" name="IPC Channel Sync &gt; all channels defined in ipc-channels.ts are exposed in preload &gt; IPC.PLUGIN.LOAD_MODULE_SOURCE (&apos;plugin:load-module-source&apos;) is referenced in src/preload/index.ts" time="0.000128158">
        </testcase>
        <testcase classname="src/shared/ipc-channel-sync.test.ts" name="IPC Channel Sync &gt; all channels defined in ipc-channels.ts are exposed in preload &gt; IPC.PLUGIN.REFRESH_MANIFEST_FROM_DISK (&apos;plugin:refresh-manifest-from-disk&apos;) is referenced in src/preload/index.ts" time="0.000119953">
        </testcase>
        <testcase classname="src/shared/ipc-channel-sync.test.ts" name="IPC Channel Sync &gt; all channels defined in ipc-channels.ts are exposed in preload &gt; IPC.PLUGIN.CLEANUP_PROJECT_INJECTIONS (&apos;plugin:cleanup-project-injections&apos;) is referenced in src/preload/index.ts" time="0.00013965">
        </testcase>
        <testcase classname="src/shared/ipc-channel-sync.test.ts" name="IPC Channel Sync &gt; all channels defined in ipc-channels.ts are exposed in preload &gt; IPC.PLUGIN.LIST_PROJECT_INJECTIONS (&apos;plugin:list-project-injections&apos;) is referenced in src/preload/index.ts" time="0.000132536">
        </testcase>
        <testcase classname="src/shared/ipc-channel-sync.test.ts" name="IPC Channel Sync &gt; all channels defined in ipc-channels.ts are exposed in preload &gt; IPC.PLUGIN.LIST_ORPHANED_PLUGIN_IDS (&apos;plugin:list-orphaned-plugin-ids&apos;) is referenced in src/preload/index.ts" time="0.00012336">
        </testcase>
        <testcase classname="src/shared/ipc-channel-sync.test.ts" name="IPC Channel Sync &gt; all channels defined in ipc-channels.ts are exposed in preload &gt; IPC.LOG.LOG_WRITE (&apos;log:write&apos;) is referenced in src/preload/index.ts" time="0.000153415">
        </testcase>
        <testcase classname="src/shared/ipc-channel-sync.test.ts" name="IPC Channel Sync &gt; all channels defined in ipc-channels.ts are exposed in preload &gt; IPC.LOG.GET_LOG_SETTINGS (&apos;log:get-settings&apos;) is referenced in src/preload/index.ts" time="0.000132516">
        </testcase>
        <testcase classname="src/shared/ipc-channel-sync.test.ts" name="IPC Channel Sync &gt; all channels defined in ipc-channels.ts are exposed in preload &gt; IPC.LOG.SAVE_LOG_SETTINGS (&apos;log:save-settings&apos;) is referenced in src/preload/index.ts" time="0.000127657">
        </testcase>
        <testcase classname="src/shared/ipc-channel-sync.test.ts" name="IPC Channel Sync &gt; all channels defined in ipc-channels.ts are exposed in preload &gt; IPC.LOG.GET_LOG_NAMESPACES (&apos;log:get-namespaces&apos;) is referenced in src/preload/index.ts" time="0.000119693">
        </testcase>
        <testcase classname="src/shared/ipc-channel-sync.test.ts" name="IPC Channel Sync &gt; all channels defined in ipc-channels.ts are exposed in preload &gt; IPC.LOG.GET_LOG_PATH (&apos;log:get-path&apos;) is referenced in src/preload/index.ts" time="0.000116917">
        </testcase>
        <testcase classname="src/shared/ipc-channel-sync.test.ts" name="IPC Channel Sync &gt; all channels defined in ipc-channels.ts are exposed in preload &gt; IPC.PROCESS.EXEC (&apos;process:exec&apos;) is referenced in src/preload/index.ts" time="0.000156741">
        </testcase>
        <testcase classname="src/shared/ipc-channel-sync.test.ts" name="IPC Channel Sync &gt; all channels defined in ipc-channels.ts are exposed in preload &gt; IPC.WINDOW.CREATE_POPOUT (&apos;window:create-popout&apos;) is referenced in src/preload/index.ts" time="0.0001128">
        </testcase>
        <testcase classname="src/shared/ipc-channel-sync.test.ts" name="IPC Channel Sync &gt; all channels defined in ipc-channels.ts are exposed in preload &gt; IPC.WINDOW.CLOSE_POPOUT (&apos;window:close-popout&apos;) is referenced in src/preload/index.ts" time="0.000109534">
        </testcase>
        <testcase classname="src/shared/ipc-channel-sync.test.ts" name="IPC Channel Sync &gt; all channels defined in ipc-channels.ts are exposed in preload &gt; IPC.WINDOW.LIST_POPOUTS (&apos;window:list-popouts&apos;) is referenced in src/preload/index.ts" time="0.000123209">
        </testcase>
        <testcase classname="src/shared/ipc-channel-sync.test.ts" name="IPC Channel Sync &gt; all channels defined in ipc-channels.ts are exposed in preload &gt; IPC.WINDOW.FOCUS_MAIN (&apos;window:focus-main&apos;) is referenced in src/preload/index.ts" time="0.000120614">
        </testcase>
        <testcase classname="src/shared/ipc-channel-sync.test.ts" name="IPC Channel Sync &gt; all channels defined in ipc-channels.ts are exposed in preload &gt; IPC.WINDOW.NAVIGATE_TO_AGENT (&apos;window:navigate-to-agent&apos;) is referenced in src/preload/index.ts" time="0.00011319">
        </testcase>
        <testcase classname="src/shared/ipc-channel-sync.test.ts" name="IPC Channel Sync &gt; all channels defined in ipc-channels.ts are exposed in preload &gt; IPC.WINDOW.GET_AGENT_STATE (&apos;window:get-agent-state&apos;) is referenced in src/preload/index.ts" time="0.000116437">
        </testcase>
        <testcase classname="src/shared/ipc-channel-sync.test.ts" name="IPC Channel Sync &gt; all channels defined in ipc-channels.ts are exposed in preload &gt; IPC.WINDOW.REQUEST_AGENT_STATE (&apos;window:request-agent-state&apos;) is referenced in src/preload/index.ts" time="0.000133739">
        </testcase>
        <testcase classname="src/shared/ipc-channel-sync.test.ts" name="IPC Channel Sync &gt; all channels defined in ipc-channels.ts are exposed in preload &gt; IPC.WINDOW.AGENT_STATE_RESPONSE (&apos;window:agent-state-response&apos;) is referenced in src/preload/index.ts" time="0.000129009">
        </testcase>
        <testcase classname="src/shared/ipc-channel-sync.test.ts" name="IPC Channel Sync &gt; all channels defined in ipc-channels.ts are exposed in preload &gt; IPC.WINDOW.GET_HUB_STATE (&apos;window:get-hub-state&apos;) is referenced in src/preload/index.ts" time="0.000125994">
        </testcase>
        <testcase classname="src/shared/ipc-channel-sync.test.ts" name="IPC Channel Sync &gt; all channels defined in ipc-channels.ts are exposed in preload &gt; IPC.WINDOW.REQUEST_HUB_STATE (&apos;window:request-hub-state&apos;) is referenced in src/preload/index.ts" time="0.000120865">
        </testcase>
        <testcase classname="src/shared/ipc-channel-sync.test.ts" name="IPC Channel Sync &gt; all channels defined in ipc-channels.ts are exposed in preload &gt; IPC.WINDOW.HUB_STATE_RESPONSE (&apos;window:hub-state-response&apos;) is referenced in src/preload/index.ts" time="0.000115745">
        </testcase>
        <testcase classname="src/shared/ipc-channel-sync.test.ts" name="IPC Channel Sync &gt; all channels defined in ipc-channels.ts are exposed in preload &gt; IPC.WINDOW.AGENT_STATE_CHANGED (&apos;window:agent-state-changed&apos;) is referenced in src/preload/index.ts" time="0.000116346">
        </testcase>
        <testcase classname="src/shared/ipc-channel-sync.test.ts" name="IPC Channel Sync &gt; all channels defined in ipc-channels.ts are exposed in preload &gt; IPC.WINDOW.HUB_STATE_CHANGED (&apos;window:hub-state-changed&apos;) is referenced in src/preload/index.ts" time="0.00011268">
        </testcase>
        <testcase classname="src/shared/ipc-channel-sync.test.ts" name="IPC Channel Sync &gt; all channels defined in ipc-channels.ts are exposed in preload &gt; IPC.WINDOW.HUB_MUTATION (&apos;window:hub-mutation&apos;) is referenced in src/preload/index.ts" time="0.000132987">
        </testcase>
        <testcase classname="src/shared/ipc-channel-sync.test.ts" name="IPC Channel Sync &gt; all channels defined in ipc-channels.ts are exposed in preload &gt; IPC.WINDOW.REQUEST_HUB_MUTATION (&apos;window:request-hub-mutation&apos;) is referenced in src/preload/index.ts" time="0.000160318">
        </testcase>
        <testcase classname="src/shared/ipc-channel-sync.test.ts" name="IPC Channel Sync &gt; all channels defined in ipc-channels.ts are exposed in preload &gt; IPC.WINDOW.SET_TITLE (&apos;window:set-title&apos;) is referenced in src/preload/index.ts" time="0.000147875">
        </testcase>
        <testcase classname="src/shared/ipc-channel-sync.test.ts" name="IPC Channel Sync &gt; all channels defined in ipc-channels.ts are exposed in preload &gt; IPC.WINDOW.GET_CANVAS_STATE (&apos;window:get-canvas-state&apos;) is referenced in src/preload/index.ts" time="0.000124732">
        </testcase>
        <testcase classname="src/shared/ipc-channel-sync.test.ts" name="IPC Channel Sync &gt; all channels defined in ipc-channels.ts are exposed in preload &gt; IPC.WINDOW.REQUEST_CANVAS_STATE (&apos;window:request-canvas-state&apos;) is referenced in src/preload/index.ts" time="0.000126265">
        </testcase>
        <testcase classname="src/shared/ipc-channel-sync.test.ts" name="IPC Channel Sync &gt; all channels defined in ipc-channels.ts are exposed in preload &gt; IPC.WINDOW.CANVAS_STATE_RESPONSE (&apos;window:canvas-state-response&apos;) is referenced in src/preload/index.ts" time="0.000125493">
        </testcase>
        <testcase classname="src/shared/ipc-channel-sync.test.ts" name="IPC Channel Sync &gt; all channels defined in ipc-channels.ts are exposed in preload &gt; IPC.WINDOW.CANVAS_STATE_CHANGED (&apos;window:canvas-state-changed&apos;) is referenced in src/preload/index.ts" time="0.000130443">
        </testcase>
        <testcase classname="src/shared/ipc-channel-sync.test.ts" name="IPC Channel Sync &gt; all channels defined in ipc-channels.ts are exposed in preload &gt; IPC.WINDOW.CANVAS_MUTATION (&apos;window:canvas-mutation&apos;) is referenced in src/preload/index.ts" time="0.000139569">
        </testcase>
        <testcase classname="src/shared/ipc-channel-sync.test.ts" name="IPC Channel Sync &gt; all channels defined in ipc-channels.ts are exposed in preload &gt; IPC.WINDOW.REQUEST_CANVAS_MUTATION (&apos;window:request-canvas-mutation&apos;) is referenced in src/preload/index.ts" time="0.000151282">
        </testcase>
        <testcase classname="src/shared/ipc-channel-sync.test.ts" name="IPC Channel Sync &gt; all channels defined in ipc-channels.ts are exposed in preload &gt; IPC.WINDOW.FOCUS_POPOUT (&apos;window:focus-popout&apos;) is referenced in src/preload/index.ts" time="0.000131655">
        </testcase>
        <testcase classname="src/shared/ipc-channel-sync.test.ts" name="IPC Channel Sync &gt; all channels defined in ipc-channels.ts are exposed in preload &gt; IPC.WINDOW.POPOUTS_CHANGED (&apos;window:popouts-changed&apos;) is referenced in src/preload/index.ts" time="0.000129702">
        </testcase>
        <testcase classname="src/shared/ipc-channel-sync.test.ts" name="IPC Channel Sync &gt; all channels defined in ipc-channels.ts are exposed in preload &gt; IPC.MARKETPLACE.FETCH_REGISTRY (&apos;marketplace:fetch-registry&apos;) is referenced in src/preload/index.ts" time="0.00013428">
        </testcase>
        <testcase classname="src/shared/ipc-channel-sync.test.ts" name="IPC Channel Sync &gt; all channels defined in ipc-channels.ts are exposed in preload &gt; IPC.MARKETPLACE.INSTALL_PLUGIN (&apos;marketplace:install-plugin&apos;) is referenced in src/preload/index.ts" time="0.000128329">
        </testcase>
        <testcase classname="src/shared/ipc-channel-sync.test.ts" name="IPC Channel Sync &gt; all channels defined in ipc-channels.ts are exposed in preload &gt; IPC.MARKETPLACE.CHECK_PLUGIN_UPDATES (&apos;marketplace:check-plugin-updates&apos;) is referenced in src/preload/index.ts" time="0.000117218">
        </testcase>
        <testcase classname="src/shared/ipc-channel-sync.test.ts" name="IPC Channel Sync &gt; all channels defined in ipc-channels.ts are exposed in preload &gt; IPC.MARKETPLACE.UPDATE_PLUGIN (&apos;marketplace:update-plugin&apos;) is referenced in src/preload/index.ts" time="0.000115435">
        </testcase>
        <testcase classname="src/shared/ipc-channel-sync.test.ts" name="IPC Channel Sync &gt; all channels defined in ipc-channels.ts are exposed in preload &gt; IPC.MARKETPLACE.PLUGIN_UPDATES_CHANGED (&apos;marketplace:plugin-updates-changed&apos;) is referenced in src/preload/index.ts" time="0.000134941">
        </testcase>
        <testcase classname="src/shared/ipc-channel-sync.test.ts" name="IPC Channel Sync &gt; all channels defined in ipc-channels.ts are exposed in preload &gt; IPC.MARKETPLACE.LIST_CUSTOM (&apos;marketplace:list-custom&apos;) is referenced in src/preload/index.ts" time="0.000131114">
        </testcase>
        <testcase classname="src/shared/ipc-channel-sync.test.ts" name="IPC Channel Sync &gt; all channels defined in ipc-channels.ts are exposed in preload &gt; IPC.MARKETPLACE.ADD_CUSTOM (&apos;marketplace:add-custom&apos;) is referenced in src/preload/index.ts" time="0.000120895">
        </testcase>
        <testcase classname="src/shared/ipc-channel-sync.test.ts" name="IPC Channel Sync &gt; all channels defined in ipc-channels.ts are exposed in preload &gt; IPC.MARKETPLACE.REMOVE_CUSTOM (&apos;marketplace:remove-custom&apos;) is referenced in src/preload/index.ts" time="0.000114894">
        </testcase>
        <testcase classname="src/shared/ipc-channel-sync.test.ts" name="IPC Channel Sync &gt; all channels defined in ipc-channels.ts are exposed in preload &gt; IPC.MARKETPLACE.TOGGLE_CUSTOM (&apos;marketplace:toggle-custom&apos;) is referenced in src/preload/index.ts" time="0.000115575">
        </testcase>
        <testcase classname="src/shared/ipc-channel-sync.test.ts" name="IPC Channel Sync &gt; all channels defined in ipc-channels.ts are exposed in preload &gt; IPC.PROFILE.GET_SETTINGS (&apos;profile:get-settings&apos;) is referenced in src/preload/index.ts" time="0.000124522">
        </testcase>
        <testcase classname="src/shared/ipc-channel-sync.test.ts" name="IPC Channel Sync &gt; all channels defined in ipc-channels.ts are exposed in preload &gt; IPC.PROFILE.SAVE_PROFILE (&apos;profile:save-profile&apos;) is referenced in src/preload/index.ts" time="0.000124161">
        </testcase>
        <testcase classname="src/shared/ipc-channel-sync.test.ts" name="IPC Channel Sync &gt; all channels defined in ipc-channels.ts are exposed in preload &gt; IPC.PROFILE.DELETE_PROFILE (&apos;profile:delete-profile&apos;) is referenced in src/preload/index.ts" time="0.000119101">
        </testcase>
        <testcase classname="src/shared/ipc-channel-sync.test.ts" name="IPC Channel Sync &gt; all channels defined in ipc-channels.ts are exposed in preload &gt; IPC.PROFILE.GET_PROFILE_ENV_KEYS (&apos;profile:get-profile-env-keys&apos;) is referenced in src/preload/index.ts" time="0.000142014">
        </testcase>
        <testcase classname="src/shared/ipc-channel-sync.test.ts" name="IPC Channel Sync &gt; all channels defined in ipc-channels.ts are exposed in preload &gt; IPC.ANNEX.GET_SETTINGS (&apos;annex:get-settings&apos;) is referenced in src/preload/index.ts" time="0.000138348">
        </testcase>
        <testcase classname="src/shared/ipc-channel-sync.test.ts" name="IPC Channel Sync &gt; all channels defined in ipc-channels.ts are exposed in preload &gt; IPC.ANNEX.SAVE_SETTINGS (&apos;annex:save-settings&apos;) is referenced in src/preload/index.ts" time="0.000192418">
        </testcase>
        <testcase classname="src/shared/ipc-channel-sync.test.ts" name="IPC Channel Sync &gt; all channels defined in ipc-channels.ts are exposed in preload &gt; IPC.ANNEX.GET_STATUS (&apos;annex:get-status&apos;) is referenced in src/preload/index.ts" time="0.000128338">
        </testcase>
        <testcase classname="src/shared/ipc-channel-sync.test.ts" name="IPC Channel Sync &gt; all channels defined in ipc-channels.ts are exposed in preload &gt; IPC.ANNEX.REGENERATE_PIN (&apos;annex:regenerate-pin&apos;) is referenced in src/preload/index.ts" time="0.000133949">
        </testcase>
        <testcase classname="src/shared/ipc-channel-sync.test.ts" name="IPC Channel Sync &gt; all channels defined in ipc-channels.ts are exposed in preload &gt; IPC.ANNEX.STATUS_CHANGED (&apos;annex:status-changed&apos;) is referenced in src/preload/index.ts" time="0.000137355">
        </testcase>
        <testcase classname="src/shared/ipc-channel-sync.test.ts" name="IPC Channel Sync &gt; all channels defined in ipc-channels.ts are exposed in preload &gt; IPC.ANNEX.AGENT_SPAWNED (&apos;annex:agent-spawned&apos;) is referenced in src/preload/index.ts" time="0.000158445">
        </testcase>
        <testcase classname="src/shared/ipc-channel-sync.test.ts" name="IPC Channel Sync &gt; all channels defined in ipc-channels.ts are exposed in preload &gt; IPC.ANNEX.LIST_PEERS (&apos;annex:list-peers&apos;) is referenced in src/preload/index.ts" time="0.000171599">
        </testcase>
        <testcase classname="src/shared/ipc-channel-sync.test.ts" name="IPC Channel Sync &gt; all channels defined in ipc-channels.ts are exposed in preload &gt; IPC.ANNEX.REMOVE_PEER (&apos;annex:remove-peer&apos;) is referenced in src/preload/index.ts" time="0.000164506">
        </testcase>
        <testcase classname="src/shared/ipc-channel-sync.test.ts" name="IPC Channel Sync &gt; all channels defined in ipc-channels.ts are exposed in preload &gt; IPC.ANNEX.REMOVE_ALL_PEERS (&apos;annex:remove-all-peers&apos;) is referenced in src/preload/index.ts" time="0.000150971">
        </testcase>
        <testcase classname="src/shared/ipc-channel-sync.test.ts" name="IPC Channel Sync &gt; all channels defined in ipc-channels.ts are exposed in preload &gt; IPC.ANNEX.UNLOCK_PAIRING (&apos;annex:unlock-pairing&apos;) is referenced in src/preload/index.ts" time="0.000154908">
        </testcase>
        <testcase classname="src/shared/ipc-channel-sync.test.ts" name="IPC Channel Sync &gt; all channels defined in ipc-channels.ts are exposed in preload &gt; IPC.ANNEX.PAIRING_LOCKED (&apos;annex:pairing-locked&apos;) is referenced in src/preload/index.ts" time="0.000156231">
        </testcase>
        <testcase classname="src/shared/ipc-channel-sync.test.ts" name="IPC Channel Sync &gt; all channels defined in ipc-channels.ts are exposed in preload &gt; IPC.ANNEX.PEERS_CHANGED (&apos;annex:peers-changed&apos;) is referenced in src/preload/index.ts" time="0.000211373">
        </testcase>
        <testcase classname="src/shared/ipc-channel-sync.test.ts" name="IPC Channel Sync &gt; all channels defined in ipc-channels.ts are exposed in preload &gt; IPC.ANNEX.LOCK_STATE_CHANGED (&apos;annex:lock-state-changed&apos;) is referenced in src/preload/index.ts" time="0.000133118">
        </testcase>
        <testcase classname="src/shared/ipc-channel-sync.test.ts" name="IPC Channel Sync &gt; all channels defined in ipc-channels.ts are exposed in preload &gt; IPC.ANNEX.NOTIFY_PAUSE (&apos;annex:notify-pause&apos;) is referenced in src/preload/index.ts" time="0.000127417">
        </testcase>
        <testcase classname="src/shared/ipc-channel-sync.test.ts" name="IPC Channel Sync &gt; all channels defined in ipc-channels.ts are exposed in preload &gt; IPC.ANNEX.DISCONNECT_CONTROLLER (&apos;annex:disconnect-controller&apos;) is referenced in src/preload/index.ts" time="0.000109674">
        </testcase>
        <testcase classname="src/shared/ipc-channel-sync.test.ts" name="IPC Channel Sync &gt; all channels defined in ipc-channels.ts are exposed in preload &gt; IPC.ANNEX.DISABLE_AND_DISCONNECT (&apos;annex:disable-and-disconnect&apos;) is referenced in src/preload/index.ts" time="0.000116416">
        </testcase>
        <testcase classname="src/shared/ipc-channel-sync.test.ts" name="IPC Channel Sync &gt; all channels defined in ipc-channels.ts are exposed in preload &gt; IPC.ANNEX.PURGE_SERVER_CONFIG (&apos;annex:purge-server-config&apos;) is referenced in src/preload/index.ts" time="0.000117478">
        </testcase>
        <testcase classname="src/shared/ipc-channel-sync.test.ts" name="IPC Channel Sync &gt; all channels defined in ipc-channels.ts are exposed in preload &gt; IPC.ANNEX_CLIENT.GET_SATELLITES (&apos;annex-client:get-satellites&apos;) is referenced in src/preload/index.ts" time="0.00010721">
        </testcase>
        <testcase classname="src/shared/ipc-channel-sync.test.ts" name="IPC Channel Sync &gt; all channels defined in ipc-channels.ts are exposed in preload &gt; IPC.ANNEX_CLIENT.CONNECT (&apos;annex-client:connect&apos;) is referenced in src/preload/index.ts" time="0.000120554">
        </testcase>
        <testcase classname="src/shared/ipc-channel-sync.test.ts" name="IPC Channel Sync &gt; all channels defined in ipc-channels.ts are exposed in preload &gt; IPC.ANNEX_CLIENT.DISCONNECT (&apos;annex-client:disconnect&apos;) is referenced in src/preload/index.ts" time="0.000137505">
        </testcase>
        <testcase classname="src/shared/ipc-channel-sync.test.ts" name="IPC Channel Sync &gt; all channels defined in ipc-channels.ts are exposed in preload &gt; IPC.ANNEX_CLIENT.RETRY (&apos;annex-client:retry&apos;) is referenced in src/preload/index.ts" time="0.000122208">
        </testcase>
        <testcase classname="src/shared/ipc-channel-sync.test.ts" name="IPC Channel Sync &gt; all channels defined in ipc-channels.ts are exposed in preload &gt; IPC.ANNEX_CLIENT.SCAN (&apos;annex-client:scan&apos;) is referenced in src/preload/index.ts" time="0.000124382">
        </testcase>
        <testcase classname="src/shared/ipc-channel-sync.test.ts" name="IPC Channel Sync &gt; all channels defined in ipc-channels.ts are exposed in preload &gt; IPC.ANNEX_CLIENT.SATELLITES_CHANGED (&apos;annex-client:satellites-changed&apos;) is referenced in src/preload/index.ts" time="0.000108041">
        </testcase>
        <testcase classname="src/shared/ipc-channel-sync.test.ts" name="IPC Channel Sync &gt; all channels defined in ipc-channels.ts are exposed in preload &gt; IPC.ANNEX_CLIENT.SATELLITE_EVENT (&apos;annex-client:satellite-event&apos;) is referenced in src/preload/index.ts" time="0.000122918">
        </testcase>
        <testcase classname="src/shared/ipc-channel-sync.test.ts" name="IPC Channel Sync &gt; all channels defined in ipc-channels.ts are exposed in preload &gt; IPC.ANNEX_CLIENT.GET_DISCOVERED (&apos;annex-client:get-discovered&apos;) is referenced in src/preload/index.ts" time="0.000107069">
        </testcase>
        <testcase classname="src/shared/ipc-channel-sync.test.ts" name="IPC Channel Sync &gt; all channels defined in ipc-channels.ts are exposed in preload &gt; IPC.ANNEX_CLIENT.PAIR_WITH (&apos;annex-client:pair-with&apos;) is referenced in src/preload/index.ts" time="0.000106909">
        </testcase>
        <testcase classname="src/shared/ipc-channel-sync.test.ts" name="IPC Channel Sync &gt; all channels defined in ipc-channels.ts are exposed in preload &gt; IPC.ANNEX_CLIENT.DISCOVERED_CHANGED (&apos;annex-client:discovered-changed&apos;) is referenced in src/preload/index.ts" time="0.000110516">
        </testcase>
        <testcase classname="src/shared/ipc-channel-sync.test.ts" name="IPC Channel Sync &gt; all channels defined in ipc-channels.ts are exposed in preload &gt; IPC.ANNEX_CLIENT.PTY_INPUT (&apos;annex-client:pty-input&apos;) is referenced in src/preload/index.ts" time="0.000140611">
        </testcase>
        <testcase classname="src/shared/ipc-channel-sync.test.ts" name="IPC Channel Sync &gt; all channels defined in ipc-channels.ts are exposed in preload &gt; IPC.ANNEX_CLIENT.PTY_RESIZE (&apos;annex-client:pty-resize&apos;) is referenced in src/preload/index.ts" time="0.000111357">
        </testcase>
        <testcase classname="src/shared/ipc-channel-sync.test.ts" name="IPC Channel Sync &gt; all channels defined in ipc-channels.ts are exposed in preload &gt; IPC.ANNEX_CLIENT.AGENT_SPAWN (&apos;annex-client:agent-spawn&apos;) is referenced in src/preload/index.ts" time="0.000119833">
        </testcase>
        <testcase classname="src/shared/ipc-channel-sync.test.ts" name="IPC Channel Sync &gt; all channels defined in ipc-channels.ts are exposed in preload &gt; IPC.ANNEX_CLIENT.AGENT_KILL (&apos;annex-client:agent-kill&apos;) is referenced in src/preload/index.ts" time="0.000108562">
        </testcase>
        <testcase classname="src/shared/ipc-channel-sync.test.ts" name="IPC Channel Sync &gt; all channels defined in ipc-channels.ts are exposed in preload &gt; IPC.ANNEX_CLIENT.AGENT_WAKE (&apos;annex-client:agent-wake&apos;) is referenced in src/preload/index.ts" time="0.000108682">
        </testcase>
        <testcase classname="src/shared/ipc-channel-sync.test.ts" name="IPC Channel Sync &gt; all channels defined in ipc-channels.ts are exposed in preload &gt; IPC.ANNEX_CLIENT.PTY_GET_BUFFER (&apos;annex-client:pty-get-buffer&apos;) is referenced in src/preload/index.ts" time="0.000105846">
        </testcase>
        <testcase classname="src/shared/ipc-channel-sync.test.ts" name="IPC Channel Sync &gt; all channels defined in ipc-channels.ts are exposed in preload &gt; IPC.ANNEX_CLIENT.FORGET_SATELLITE (&apos;annex-client:forget-satellite&apos;) is referenced in src/preload/index.ts" time="0.000119643">
        </testcase>
        <testcase classname="src/shared/ipc-channel-sync.test.ts" name="IPC Channel Sync &gt; all channels defined in ipc-channels.ts are exposed in preload &gt; IPC.ANNEX_CLIENT.FORGET_ALL_SATELLITES (&apos;annex-client:forget-all-satellites&apos;) is referenced in src/preload/index.ts" time="0.000111427">
        </testcase>
        <testcase classname="src/shared/ipc-channel-sync.test.ts" name="IPC Channel Sync &gt; all channels defined in ipc-channels.ts are exposed in preload &gt; IPC.ANNEX_CLIENT.FILE_TREE (&apos;annex-client:file-tree&apos;) is referenced in src/preload/index.ts" time="0.000147746">
        </testcase>
        <testcase classname="src/shared/ipc-channel-sync.test.ts" name="IPC Channel Sync &gt; all channels defined in ipc-channels.ts are exposed in preload &gt; IPC.ANNEX_CLIENT.FILE_READ (&apos;annex-client:file-read&apos;) is referenced in src/preload/index.ts" time="0.000121246">
        </testcase>
        <testcase classname="src/shared/ipc-channel-sync.test.ts" name="IPC Channel Sync &gt; all channels defined in ipc-channels.ts are exposed in preload &gt; IPC.ANNEX_CLIENT.PTY_SPAWN_SHELL (&apos;annex-client:pty-spawn-shell&apos;) is referenced in src/preload/index.ts" time="0.000105387">
        </testcase>
        <testcase classname="src/shared/ipc-channel-sync.test.ts" name="IPC Channel Sync &gt; all channels defined in ipc-channels.ts are exposed in preload &gt; IPC.ANNEX_CLIENT.CLIPBOARD_IMAGE (&apos;annex-client:clipboard-image&apos;) is referenced in src/preload/index.ts" time="0.00010743">
        </testcase>
        <testcase classname="src/shared/ipc-channel-sync.test.ts" name="IPC Channel Sync &gt; all channels defined in ipc-channels.ts are exposed in preload &gt; IPC.ANNEX_CLIENT.GIT_OPERATION (&apos;annex-client:git-operation&apos;) is referenced in src/preload/index.ts" time="0.000102291">
        </testcase>
        <testcase classname="src/shared/ipc-channel-sync.test.ts" name="IPC Channel Sync &gt; all channels defined in ipc-channels.ts are exposed in preload &gt; IPC.ANNEX_CLIENT.SESSION_LIST (&apos;annex-client:session-list&apos;) is referenced in src/preload/index.ts" time="0.000111117">
        </testcase>
        <testcase classname="src/shared/ipc-channel-sync.test.ts" name="IPC Channel Sync &gt; all channels defined in ipc-channels.ts are exposed in preload &gt; IPC.ANNEX_CLIENT.SESSION_TRANSCRIPT (&apos;annex-client:session-transcript&apos;) is referenced in src/preload/index.ts" time="0.000141513">
        </testcase>
        <testcase classname="src/shared/ipc-channel-sync.test.ts" name="IPC Channel Sync &gt; all channels defined in ipc-channels.ts are exposed in preload &gt; IPC.ANNEX_CLIENT.SESSION_SUMMARY (&apos;annex-client:session-summary&apos;) is referenced in src/preload/index.ts" time="0.001640641">
        </testcase>
        <testcase classname="src/shared/ipc-channel-sync.test.ts" name="IPC Channel Sync &gt; all channels defined in ipc-channels.ts are exposed in preload &gt; IPC.ANNEX_CLIENT.AGENT_CREATE_DURABLE (&apos;annex-client:agent-create-durable&apos;) is referenced in src/preload/index.ts" time="0.00015099">
        </testcase>
        <testcase classname="src/shared/ipc-channel-sync.test.ts" name="IPC Channel Sync &gt; all channels defined in ipc-channels.ts are exposed in preload &gt; IPC.ANNEX_CLIENT.AGENT_DELETE_DURABLE (&apos;annex-client:agent-delete-durable&apos;) is referenced in src/preload/index.ts" time="0.000129912">
        </testcase>
        <testcase classname="src/shared/ipc-channel-sync.test.ts" name="IPC Channel Sync &gt; all channels defined in ipc-channels.ts are exposed in preload &gt; IPC.ANNEX_CLIENT.AGENT_WORKTREE_STATUS (&apos;annex-client:agent-worktree-status&apos;) is referenced in src/preload/index.ts" time="0.000120414">
        </testcase>
        <testcase classname="src/shared/ipc-channel-sync.test.ts" name="IPC Channel Sync &gt; all channels defined in ipc-channels.ts are exposed in preload &gt; IPC.ANNEX_CLIENT.AGENT_REORDER (&apos;annex-client:agent-reorder&apos;) is referenced in src/preload/index.ts" time="0.000119632">
        </testcase>
        <testcase classname="src/shared/ipc-channel-sync.test.ts" name="IPC Channel Sync &gt; all channels defined in ipc-channels.ts are exposed in preload &gt; IPC.ANNEX_CLIENT.CANVAS_MUTATION (&apos;annex-client:canvas-mutation&apos;) is referenced in src/preload/index.ts" time="0.000154347">
        </testcase>
        <testcase classname="src/shared/ipc-channel-sync.test.ts" name="IPC Channel Sync &gt; all channels defined in ipc-channels.ts are exposed in preload &gt; IPC.GROUP_PROJECT.CREATE (&apos;group-project:create&apos;) is referenced in src/preload/index.ts" time="0.000133047">
        </testcase>
        <testcase classname="src/shared/ipc-channel-sync.test.ts" name="IPC Channel Sync &gt; all channels defined in ipc-channels.ts are exposed in preload &gt; IPC.GROUP_PROJECT.GET (&apos;group-project:get&apos;) is referenced in src/preload/index.ts" time="0.000136514">
        </testcase>
        <testcase classname="src/shared/ipc-channel-sync.test.ts" name="IPC Channel Sync &gt; all channels defined in ipc-channels.ts are exposed in preload &gt; IPC.GROUP_PROJECT.LIST (&apos;group-project:list&apos;) is referenced in src/preload/index.ts" time="0.00013463">
        </testcase>
        <testcase classname="src/shared/ipc-channel-sync.test.ts" name="IPC Channel Sync &gt; all channels defined in ipc-channels.ts are exposed in preload &gt; IPC.GROUP_PROJECT.UPDATE (&apos;group-project:update&apos;) is referenced in src/preload/index.ts" time="0.000131003">
        </testcase>
        <testcase classname="src/shared/ipc-channel-sync.test.ts" name="IPC Channel Sync &gt; all channels defined in ipc-channels.ts are exposed in preload &gt; IPC.GROUP_PROJECT.DELETE (&apos;group-project:delete&apos;) is referenced in src/preload/index.ts" time="0.000127467">
        </testcase>
        <testcase classname="src/shared/ipc-channel-sync.test.ts" name="IPC Channel Sync &gt; all channels defined in ipc-channels.ts are exposed in preload &gt; IPC.GROUP_PROJECT.GET_BULLETIN_DIGEST (&apos;group-project:get-bulletin-digest&apos;) is referenced in src/preload/index.ts" time="0.000123169">
        </testcase>
        <testcase classname="src/shared/ipc-channel-sync.test.ts" name="IPC Channel Sync &gt; all channels defined in ipc-channels.ts are exposed in preload &gt; IPC.GROUP_PROJECT.GET_TOPIC_MESSAGES (&apos;group-project:get-topic-messages&apos;) is referenced in src/preload/index.ts" time="0.000138978">
        </testcase>
        <testcase classname="src/shared/ipc-channel-sync.test.ts" name="IPC Channel Sync &gt; all channels defined in ipc-channels.ts are exposed in preload &gt; IPC.GROUP_PROJECT.GET_ALL_MESSAGES (&apos;group-project:get-all-messages&apos;) is referenced in src/preload/index.ts" time="0.000117989">
        </testcase>
        <testcase classname="src/shared/ipc-channel-sync.test.ts" name="IPC Channel Sync &gt; all channels defined in ipc-channels.ts are exposed in preload &gt; IPC.GROUP_PROJECT.CHANGED (&apos;group-project:changed&apos;) is referenced in src/preload/index.ts" time="0.000129612">
        </testcase>
        <testcase classname="src/shared/ipc-channel-sync.test.ts" name="IPC Channel Sync &gt; all channels defined in ipc-channels.ts are exposed in preload &gt; IPC.GROUP_PROJECT.POST_BULLETIN_MESSAGE (&apos;group-project:post-bulletin-message&apos;) is referenced in src/preload/index.ts" time="0.000120675">
        </testcase>
        <testcase classname="src/shared/ipc-channel-sync.test.ts" name="IPC Channel Sync &gt; all channels defined in ipc-channels.ts are exposed in preload &gt; IPC.GROUP_PROJECT.SEND_SHOULDER_TAP (&apos;group-project:send-shoulder-tap&apos;) is referenced in src/preload/index.ts" time="0.000122178">
        </testcase>
        <testcase classname="src/shared/ipc-channel-sync.test.ts" name="IPC Channel Sync &gt; all channels defined in ipc-channels.ts are exposed in preload &gt; IPC.MCP_BINDING.GET_BINDINGS (&apos;mcp-binding:get-bindings&apos;) is referenced in src/preload/index.ts" time="0.000125734">
        </testcase>
        <testcase classname="src/shared/ipc-channel-sync.test.ts" name="IPC Channel Sync &gt; all channels defined in ipc-channels.ts are exposed in preload &gt; IPC.MCP_BINDING.BIND (&apos;mcp-binding:bind&apos;) is referenced in src/preload/index.ts" time="0.000137316">
        </testcase>
        <testcase classname="src/shared/ipc-channel-sync.test.ts" name="IPC Channel Sync &gt; all channels defined in ipc-channels.ts are exposed in preload &gt; IPC.MCP_BINDING.UNBIND (&apos;mcp-binding:unbind&apos;) is referenced in src/preload/index.ts" time="0.000154898">
        </testcase>
        <testcase classname="src/shared/ipc-channel-sync.test.ts" name="IPC Channel Sync &gt; all channels defined in ipc-channels.ts are exposed in preload &gt; IPC.MCP_BINDING.BINDINGS_CHANGED (&apos;mcp-binding:bindings-changed&apos;) is referenced in src/preload/index.ts" time="0.000127047">
        </testcase>
        <testcase classname="src/shared/ipc-channel-sync.test.ts" name="IPC Channel Sync &gt; all channels defined in ipc-channels.ts are exposed in preload &gt; IPC.MCP_BINDING.REGISTER_WEBVIEW (&apos;mcp-binding:register-webview&apos;) is referenced in src/preload/index.ts" time="0.000119834">
        </testcase>
        <testcase classname="src/shared/ipc-channel-sync.test.ts" name="IPC Channel Sync &gt; all channels defined in ipc-channels.ts are exposed in preload &gt; IPC.MCP_BINDING.UNREGISTER_WEBVIEW (&apos;mcp-binding:unregister-webview&apos;) is referenced in src/preload/index.ts" time="0.0001184">
        </testcase>
        <testcase classname="src/shared/ipc-channel-sync.test.ts" name="IPC Channel Sync &gt; all channels defined in ipc-channels.ts are exposed in preload &gt; IPC.MCP_BINDING.SET_INSTRUCTIONS (&apos;mcp-binding:set-instructions&apos;) is referenced in src/preload/index.ts" time="0.000116797">
        </testcase>
        <testcase classname="src/shared/ipc-channel-sync.test.ts" name="IPC Channel Sync &gt; all channels defined in ipc-channels.ts are exposed in preload &gt; IPC.MCP_BINDING.SET_DISABLED_TOOLS (&apos;mcp-binding:set-disabled-tools&apos;) is referenced in src/preload/index.ts" time="0.000121536">
        </testcase>
        <testcase classname="src/shared/ipc-channel-sync.test.ts" name="IPC Channel Sync &gt; all channels defined in ipc-channels.ts are exposed in preload &gt; IPC.MCP_BINDING.TOOL_ACTIVITY (&apos;mcp-binding:tool-activity&apos;) is referenced in src/preload/index.ts" time="0.000111798">
        </testcase>
        <testcase classname="src/shared/ipc-channel-sync.test.ts" name="IPC Channel Sync &gt; all channels defined in ipc-channels.ts are exposed in preload &gt; IPC.PLUGIN_MCP.CONTRIBUTE_TOOLS (&apos;plugin-mcp:contribute-tools&apos;) is referenced in src/preload/index.ts" time="0.000105116">
        </testcase>
        <testcase classname="src/shared/ipc-channel-sync.test.ts" name="IPC Channel Sync &gt; all channels defined in ipc-channels.ts are exposed in preload &gt; IPC.PLUGIN_MCP.REMOVE_TOOLS (&apos;plugin-mcp:remove-tools&apos;) is referenced in src/preload/index.ts" time="0.000135402">
        </testcase>
        <testcase classname="src/shared/ipc-channel-sync.test.ts" name="IPC Channel Sync &gt; all channels defined in ipc-channels.ts are exposed in preload &gt; IPC.PLUGIN_MCP.LIST_TOOLS (&apos;plugin-mcp:list-tools&apos;) is referenced in src/preload/index.ts" time="0.000122298">
        </testcase>
        <testcase classname="src/shared/ipc-channel-sync.test.ts" name="IPC Channel Sync &gt; all channels defined in ipc-channels.ts are exposed in preload &gt; IPC.PLUGIN_MCP.TOOL_CALL (&apos;plugin-mcp:tool-call&apos;) is referenced in src/preload/index.ts" time="0.000120584">
        </testcase>
        <testcase classname="src/shared/ipc-channel-sync.test.ts" name="IPC Channel Sync &gt; all channels defined in ipc-channels.ts are exposed in preload &gt; IPC.PLUGIN_MCP.TOOL_RESULT (&apos;plugin-mcp:tool-result&apos;) is referenced in src/preload/index.ts" time="0.000125202">
        </testcase>
        <testcase classname="src/shared/ipc-channel-sync.test.ts" name="IPC Channel Sync &gt; all channels defined in ipc-channels.ts are exposed in preload &gt; IPC.AGENT_QUEUE.CREATE (&apos;agent-queue:create&apos;) is referenced in src/preload/index.ts" time="0.000151942">
        </testcase>
        <testcase classname="src/shared/ipc-channel-sync.test.ts" name="IPC Channel Sync &gt; all channels defined in ipc-channels.ts are exposed in preload &gt; IPC.AGENT_QUEUE.GET (&apos;agent-queue:get&apos;) is referenced in src/preload/index.ts" time="0.000136905">
        </testcase>
        <testcase classname="src/shared/ipc-channel-sync.test.ts" name="IPC Channel Sync &gt; all channels defined in ipc-channels.ts are exposed in preload &gt; IPC.AGENT_QUEUE.LIST (&apos;agent-queue:list&apos;) is referenced in src/preload/index.ts" time="0.000139249">
        </testcase>
        <testcase classname="src/shared/ipc-channel-sync.test.ts" name="IPC Channel Sync &gt; all channels defined in ipc-channels.ts are exposed in preload &gt; IPC.AGENT_QUEUE.UPDATE (&apos;agent-queue:update&apos;) is referenced in src/preload/index.ts" time="0.000165538">
        </testcase>
        <testcase classname="src/shared/ipc-channel-sync.test.ts" name="IPC Channel Sync &gt; all channels defined in ipc-channels.ts are exposed in preload &gt; IPC.AGENT_QUEUE.DELETE (&apos;agent-queue:delete&apos;) is referenced in src/preload/index.ts" time="0.000133268">
        </testcase>
        <testcase classname="src/shared/ipc-channel-sync.test.ts" name="IPC Channel Sync &gt; all channels defined in ipc-channels.ts are exposed in preload &gt; IPC.AGENT_QUEUE.LIST_TASKS (&apos;agent-queue:list-tasks&apos;) is referenced in src/preload/index.ts" time="0.000122177">
        </testcase>
        <testcase classname="src/shared/ipc-channel-sync.test.ts" name="IPC Channel Sync &gt; all channels defined in ipc-channels.ts are exposed in preload &gt; IPC.AGENT_QUEUE.GET_TASK (&apos;agent-queue:get-task&apos;) is referenced in src/preload/index.ts" time="0.000130873">
        </testcase>
        <testcase classname="src/shared/ipc-channel-sync.test.ts" name="IPC Channel Sync &gt; all channels defined in ipc-channels.ts are exposed in preload &gt; IPC.AGENT_QUEUE.CHANGED (&apos;agent-queue:changed&apos;) is referenced in src/preload/index.ts" time="0.000133618">
        </testcase>
        <testcase classname="src/shared/ipc-channel-sync.test.ts" name="IPC Channel Sync &gt; all channels defined in ipc-channels.ts are exposed in preload &gt; IPC.AGENT_QUEUE.TASK_CHANGED (&apos;agent-queue:task-changed&apos;) is referenced in src/preload/index.ts" time="0.000129711">
        </testcase>
        <testcase classname="src/shared/ipc-channel-sync.test.ts" name="IPC Channel Sync &gt; handler files only reference channels that exist in ipc-channels.ts &gt; no phantom channel references in handler files" time="0.001265574">
        </testcase>
        <testcase classname="src/shared/ipc-channel-sync.test.ts" name="IPC Channel Sync &gt; preload only references channels that exist in ipc-channels.ts &gt; no phantom channel references in preload" time="0.000475054">
        </testcase>
        <testcase classname="src/shared/ipc-channel-sync.test.ts" name="IPC Channel Sync &gt; channel string values are unique (no duplicates) &gt; every channel string is unique" time="0.00047306">
        </testcase>
        <testcase classname="src/shared/ipc-channel-sync.test.ts" name="IPC Channel Sync &gt; channel string values match their namespace &gt; every channel string starts with its group prefix" time="0.001043972">
        </testcase>
    </testsuite>
    <testsuite name="src/shared/ipc-channels-structured.test.ts" timestamp="2026-03-25T04:47:29.202Z" hostname="runnervm46oaq" tests="7" failures="0" errors="0" skipped="0" time="0.004643357">
        <testcase classname="src/shared/ipc-channels-structured.test.ts" name="IPC structured mode channels &gt; defines STRUCTURED_EVENT channel" time="0.001680035">
        </testcase>
        <testcase classname="src/shared/ipc-channels-structured.test.ts" name="IPC structured mode channels &gt; defines START_STRUCTURED channel" time="0.000286472">
        </testcase>
        <testcase classname="src/shared/ipc-channels-structured.test.ts" name="IPC structured mode channels &gt; defines CANCEL_STRUCTURED channel" time="0.000185075">
        </testcase>
        <testcase classname="src/shared/ipc-channels-structured.test.ts" name="IPC structured mode channels &gt; defines SEND_STRUCTURED_MESSAGE channel" time="0.000222634">
        </testcase>
        <testcase classname="src/shared/ipc-channels-structured.test.ts" name="IPC structured mode channels &gt; defines RESPOND_PERMISSION channel" time="0.000205022">
        </testcase>
        <testcase classname="src/shared/ipc-channels-structured.test.ts" name="IPC structured mode channels &gt; all structured channels are unique (no collisions)" time="0.00018284">
        </testcase>
        <testcase classname="src/shared/ipc-channels-structured.test.ts" name="IPC structured mode channels &gt; structured channels do not collide with existing agent channels" time="0.000234025">
        </testcase>
    </testsuite>
    <testsuite name="src/shared/name-generator.test.ts" timestamp="2026-03-25T04:47:29.203Z" hostname="runnervm46oaq" tests="12" failures="0" errors="0" skipped="0" time="0.077484395">
        <testcase classname="src/shared/name-generator.test.ts" name="generateDurableName &gt; returns adjective-animal format" time="0.002256788">
        </testcase>
        <testcase classname="src/shared/name-generator.test.ts" name="generateDurableName &gt; always produces non-empty, hyphenated, lowercase strings (100 iterations)" time="0.019513149">
        </testcase>
        <testcase classname="src/shared/name-generator.test.ts" name="generateQuickName &gt; returns adjective-noun format" time="0.000361883">
        </testcase>
        <testcase classname="src/shared/name-generator.test.ts" name="generateQuickName &gt; always produces non-empty, hyphenated, lowercase strings (100 iterations)" time="0.01817129">
        </testcase>
        <testcase classname="src/shared/name-generator.test.ts" name="generateHubName &gt; returns adjective-place format" time="0.000302412">
        </testcase>
        <testcase classname="src/shared/name-generator.test.ts" name="generateHubName &gt; always produces non-empty, hyphenated, lowercase strings (100 iterations)" time="0.015533068">
        </testcase>
        <testcase classname="src/shared/name-generator.test.ts" name="generateZoneName &gt; returns adjective-place format" time="0.000337187">
        </testcase>
        <testcase classname="src/shared/name-generator.test.ts" name="generateZoneName &gt; always produces non-empty, hyphenated, lowercase strings (100 iterations)" time="0.013208689">
        </testcase>
        <testcase classname="src/shared/name-generator.test.ts" name="AGENT_COLORS &gt; has 8 entries" time="0.001778378">
        </testcase>
        <testcase classname="src/shared/name-generator.test.ts" name="AGENT_COLORS &gt; all entries have required fields" time="0.002450478">
        </testcase>
        <testcase classname="src/shared/name-generator.test.ts" name="AGENT_COLORS &gt; hex values are valid #rrggbb" time="0.000570391">
        </testcase>
        <testcase classname="src/shared/name-generator.test.ts" name="AGENT_COLORS &gt; all color IDs are unique" time="0.000211423">
        </testcase>
    </testsuite>
    <testsuite name="src/shared/plugin-types.test.ts" timestamp="2026-03-25T04:47:29.205Z" hostname="runnervm46oaq" tests="15" failures="0" errors="0" skipped="0" time="0.021911081">
        <testcase classname="src/shared/plugin-types.test.ts" name="permission hierarchy &gt; PERMISSION_HIERARCHY &gt; every child key is a valid permission" time="0.004186727">
        </testcase>
        <testcase classname="src/shared/plugin-types.test.ts" name="permission hierarchy &gt; PERMISSION_HIERARCHY &gt; every parent value is a valid permission" time="0.001143567">
        </testcase>
        <testcase classname="src/shared/plugin-types.test.ts" name="permission hierarchy &gt; PERMISSION_HIERARCHY &gt; no permission is its own parent" time="0.002002364">
        </testcase>
        <testcase classname="src/shared/plugin-types.test.ts" name="permission hierarchy &gt; PERMISSION_HIERARCHY &gt; contains the expected parent-child relationships" time="0.000534114">
        </testcase>
        <testcase classname="src/shared/plugin-types.test.ts" name="permission hierarchy &gt; PERMISSION_HIERARCHY &gt; has no cycles (hierarchy is a DAG)" time="0.001150009">
        </testcase>
        <testcase classname="src/shared/plugin-types.test.ts" name="permission hierarchy &gt; PERMISSION_RISK_LEVELS &gt; covers all permissions" time="0.006304993">
        </testcase>
        <testcase classname="src/shared/plugin-types.test.ts" name="permission hierarchy &gt; PERMISSION_RISK_LEVELS &gt; classifies dangerous permissions correctly" time="0.000320627">
        </testcase>
        <testcase classname="src/shared/plugin-types.test.ts" name="permission hierarchy &gt; PERMISSION_RISK_LEVELS &gt; classifies safe permissions correctly" time="0.000332438">
        </testcase>
        <testcase classname="src/shared/plugin-types.test.ts" name="permission hierarchy &gt; PERMISSION_RISK_LEVELS &gt; classifies elevated permissions correctly" time="0.000946661">
        </testcase>
        <testcase classname="src/shared/plugin-types.test.ts" name="permission hierarchy &gt; RISK_LEVEL_LABELS &gt; has labels for all risk levels" time="0.000581011">
        </testcase>
        <testcase classname="src/shared/plugin-types.test.ts" name="permission hierarchy &gt; getParentPermission &gt; returns parent for child permissions" time="0.000409823">
        </testcase>
        <testcase classname="src/shared/plugin-types.test.ts" name="permission hierarchy &gt; getParentPermission &gt; returns null for root permissions" time="0.000339942">
        </testcase>
        <testcase classname="src/shared/plugin-types.test.ts" name="permission hierarchy &gt; getRequiredParentPermissions &gt; returns empty array for root permissions" time="0.000422626">
        </testcase>
        <testcase classname="src/shared/plugin-types.test.ts" name="permission hierarchy &gt; getRequiredParentPermissions &gt; returns single parent for direct child permissions" time="0.00036593">
        </testcase>
        <testcase classname="src/shared/plugin-types.test.ts" name="permission hierarchy &gt; getRequiredParentPermissions &gt; returns all ancestors for deeply nested permissions (if any)" time="0.000163775">
        </testcase>
    </testsuite>
    <testsuite name="src/shared/polling-messages.test.ts" timestamp="2026-03-25T04:47:29.208Z" hostname="runnervm46oaq" tests="7" failures="0" errors="0" skipped="0" time="0.005388302">
        <testcase classname="src/shared/polling-messages.test.ts" name="pollingStartMsg &gt; returns Claude Code-specific instruction with /loop" time="0.001890677">
        </testcase>
        <testcase classname="src/shared/polling-messages.test.ts" name="pollingStartMsg &gt; returns generic instruction for unknown orchestrator" time="0.000418398">
        </testcase>
        <testcase classname="src/shared/polling-messages.test.ts" name="pollingStartMsg &gt; returns generic instruction for non-claude orchestrators" time="0.000253501">
        </testcase>
        <testcase classname="src/shared/polling-messages.test.ts" name="pollingStartMsg &gt; includes project name in all variants" time="0.000389594">
        </testcase>
        <testcase classname="src/shared/polling-messages.test.ts" name="pollingStopMsg &gt; tells Claude Code to cancel /loop" time="0.000272427">
        </testcase>
        <testcase classname="src/shared/polling-messages.test.ts" name="pollingStopMsg &gt; returns generic stop for unknown orchestrator" time="0.000224377">
        </testcase>
        <testcase classname="src/shared/polling-messages.test.ts" name="pollingStopMsg &gt; returns generic stop for non-claude orchestrators" time="0.000253352">
        </testcase>
    </testsuite>
    <testsuite name="src/shared/settings-definitions.test.ts" timestamp="2026-03-25T04:47:29.209Z" hostname="runnervm46oaq" tests="5" failures="0" errors="0" skipped="0" time="0.007488369">
        <testcase classname="src/shared/settings-definitions.test.ts" name="settings-definitions &gt; settingsChannels &gt; derives get channel from key" time="0.002680626">
        </testcase>
        <testcase classname="src/shared/settings-definitions.test.ts" name="settings-definitions &gt; settingsChannels &gt; derives save channel from key" time="0.000309345">
        </testcase>
        <testcase classname="src/shared/settings-definitions.test.ts" name="settings-definitions &gt; settingsChannels &gt; handles multi-word keys" time="0.000447172">
        </testcase>
        <testcase classname="src/shared/settings-definitions.test.ts" name="settings-definitions &gt; settingsChannels &gt; returns distinct channels for different keys" time="0.001078085">
        </testcase>
        <testcase classname="src/shared/settings-definitions.test.ts" name="settings-definitions &gt; SettingsDefinition type &gt; can define a typed settings definition" time="0.000572936">
        </testcase>
    </testsuite>
    <testsuite name="src/shared/structured-events.test.ts" timestamp="2026-03-25T04:47:29.210Z" hostname="runnervm46oaq" tests="16" failures="0" errors="0" skipped="0" time="0.011157373">
        <testcase classname="src/shared/structured-events.test.ts" name="structured-events types &gt; StructuredEventType covers all expected event types" time="0.003309426">
        </testcase>
        <testcase classname="src/shared/structured-events.test.ts" name="structured-events types &gt; constructs a valid TextDelta event" time="0.00059636">
        </testcase>
        <testcase classname="src/shared/structured-events.test.ts" name="structured-events types &gt; constructs a valid TextDone event" time="0.000266326">
        </testcase>
        <testcase classname="src/shared/structured-events.test.ts" name="structured-events types &gt; constructs a valid ToolStart event" time="0.000348318">
        </testcase>
        <testcase classname="src/shared/structured-events.test.ts" name="structured-events types &gt; constructs a valid ToolOutput event" time="0.000286993">
        </testcase>
        <testcase classname="src/shared/structured-events.test.ts" name="structured-events types &gt; constructs a valid ToolEnd event" time="0.000395005">
        </testcase>
        <testcase classname="src/shared/structured-events.test.ts" name="structured-events types &gt; constructs a valid FileDiff event" time="0.000375358">
        </testcase>
        <testcase classname="src/shared/structured-events.test.ts" name="structured-events types &gt; constructs a valid CommandOutput event" time="0.000319174">
        </testcase>
        <testcase classname="src/shared/structured-events.test.ts" name="structured-events types &gt; constructs a valid PermissionRequest event" time="0.000692268">
        </testcase>
        <testcase classname="src/shared/structured-events.test.ts" name="structured-events types &gt; constructs a valid PlanUpdate event" time="0.000437013">
        </testcase>
        <testcase classname="src/shared/structured-events.test.ts" name="structured-events types &gt; constructs a valid Thinking event" time="0.00031696">
        </testcase>
        <testcase classname="src/shared/structured-events.test.ts" name="structured-events types &gt; constructs a valid ErrorEvent" time="0.000248392">
        </testcase>
        <testcase classname="src/shared/structured-events.test.ts" name="structured-events types &gt; constructs a valid UsageEvent" time="0.000202517">
        </testcase>
        <testcase classname="src/shared/structured-events.test.ts" name="structured-events types &gt; constructs a valid EndEvent" time="0.000192518">
        </testcase>
        <testcase classname="src/shared/structured-events.test.ts" name="structured-events types &gt; EndEvent reason covers all variants" time="0.000293877">
        </testcase>
        <testcase classname="src/shared/structured-events.test.ts" name="structured-events types &gt; StructuredEvent is JSON-serializable" time="0.000371932">
        </testcase>
    </testsuite>
    <testsuite name="src/shared/template-engine.test.ts" timestamp="2026-03-25T04:47:29.212Z" hostname="runnervm46oaq" tests="5" failures="0" errors="0" skipped="0" time="0.005528644">
        <testcase classname="src/shared/template-engine.test.ts" name="expandTemplate &gt; expands all known variables" time="0.002591731">
        </testcase>
        <testcase classname="src/shared/template-engine.test.ts" name="expandTemplate &gt; preserves unknown variables" time="0.000322349">
        </testcase>
        <testcase classname="src/shared/template-engine.test.ts" name="expandTemplate &gt; handles empty branch for quick agents" time="0.000219288">
        </testcase>
        <testcase classname="src/shared/template-engine.test.ts" name="expandTemplate &gt; returns template unchanged when no variables present" time="0.00024229">
        </testcase>
        <testcase classname="src/shared/template-engine.test.ts" name="expandTemplate &gt; preserves unknown role variable" time="0.000222874">
        </testcase>
    </testsuite>
    <testsuite name="src/shared/wildcard-replacer.test.ts" timestamp="2026-03-25T04:47:29.213Z" hostname="runnervm46oaq" tests="36" failures="0" errors="0" skipped="0" time="0.017321849">
        <testcase classname="src/shared/wildcard-replacer.test.ts" name="replaceWildcards &gt; replaces @@AgentName" time="0.002814164">
        </testcase>
        <testcase classname="src/shared/wildcard-replacer.test.ts" name="replaceWildcards &gt; replaces @@StandbyBranch" time="0.000372604">
        </testcase>
        <testcase classname="src/shared/wildcard-replacer.test.ts" name="replaceWildcards &gt; replaces @@Path" time="0.00032775">
        </testcase>
        <testcase classname="src/shared/wildcard-replacer.test.ts" name="replaceWildcards &gt; replaces multiple wildcards on the same line" time="0.000353698">
        </testcase>
        <testcase classname="src/shared/wildcard-replacer.test.ts" name="replaceWildcards &gt; replaces multiple occurrences of the same wildcard" time="0.000310929">
        </testcase>
        <testcase classname="src/shared/wildcard-replacer.test.ts" name="replaceWildcards &gt; returns text unchanged when no wildcards are present" time="0.000284028">
        </testcase>
        <testcase classname="src/shared/wildcard-replacer.test.ts" name="replaceWildcards &gt; handles wildcards inside JSON strings" time="0.000364608">
        </testcase>
        <testcase classname="src/shared/wildcard-replacer.test.ts" name="replaceWildcards &gt; handles empty string" time="0.000279139">
        </testcase>
        <testcase classname="src/shared/wildcard-replacer.test.ts" name="replaceWildcards &gt; handles multiline text" time="0.000950879">
        </testcase>
        <testcase classname="src/shared/wildcard-replacer.test.ts" name="@@SourceControlProvider replacement &gt; replaces @@SourceControlProvider with value" time="0.000383533">
        </testcase>
        <testcase classname="src/shared/wildcard-replacer.test.ts" name="@@SourceControlProvider replacement &gt; replaces @@SourceControlProvider with empty string when not set" time="0.000414801">
        </testcase>
        <testcase classname="src/shared/wildcard-replacer.test.ts" name="@@SourceControlProvider replacement &gt; replaces multiple occurrences of @@SourceControlProvider" time="0.000231662">
        </testcase>
        <testcase classname="src/shared/wildcard-replacer.test.ts" name="@@If(value)...@@EndIf conditional blocks &gt; keeps block content when sourceControlProvider matches" time="0.000228865">
        </testcase>
        <testcase classname="src/shared/wildcard-replacer.test.ts" name="@@If(value)...@@EndIf conditional blocks &gt; strips block when sourceControlProvider does not match" time="0.000250786">
        </testcase>
        <testcase classname="src/shared/wildcard-replacer.test.ts" name="@@If(value)...@@EndIf conditional blocks &gt; strips block when sourceControlProvider is not set" time="0.000236851">
        </testcase>
        <testcase classname="src/shared/wildcard-replacer.test.ts" name="@@If(value)...@@EndIf conditional blocks &gt; handles multiple conditional blocks" time="0.000216823">
        </testcase>
        <testcase classname="src/shared/wildcard-replacer.test.ts" name="@@If(value)...@@EndIf conditional blocks &gt; preserves text outside conditional blocks" time="0.000195824">
        </testcase>
        <testcase classname="src/shared/wildcard-replacer.test.ts" name="@@If(value)...@@EndIf conditional blocks &gt; handles multiline content in conditional blocks" time="0.000186106">
        </testcase>
        <testcase classname="src/shared/wildcard-replacer.test.ts" name="@@If(value)...@@EndIf conditional blocks &gt; replaces wildcards inside conditional blocks" time="0.000229838">
        </testcase>
        <testcase classname="src/shared/wildcard-replacer.test.ts" name="unreplaceWildcards &gt; reverses agentName back to @@AgentName" time="0.000340052">
        </testcase>
        <testcase classname="src/shared/wildcard-replacer.test.ts" name="unreplaceWildcards &gt; reverses agentPath back to @@Path" time="0.000189572">
        </testcase>
        <testcase classname="src/shared/wildcard-replacer.test.ts" name="unreplaceWildcards &gt; reverses standbyBranch back to @@StandbyBranch" time="0.000224498">
        </testcase>
        <testcase classname="src/shared/wildcard-replacer.test.ts" name="unreplaceWildcards &gt; uses longest-match-first to avoid partial replacements" time="0.000235819">
        </testcase>
        <testcase classname="src/shared/wildcard-replacer.test.ts" name="unreplaceWildcards &gt; reverses sourceControlProvider" time="0.000211012">
        </testcase>
        <testcase classname="src/shared/wildcard-replacer.test.ts" name="unreplaceWildcards &gt; returns text unchanged when no agent values are present" time="0.000202887">
        </testcase>
        <testcase classname="src/shared/wildcard-replacer.test.ts" name="unreplaceWildcards &gt; handles multiple occurrences" time="0.000204891">
        </testcase>
        <testcase classname="src/shared/wildcard-replacer.test.ts" name="unreplaceWildcards &gt; handles empty string" time="0.000202036">
        </testcase>
        <testcase classname="src/shared/wildcard-replacer.test.ts" name="unreplaceWildcards &gt; round-trips with replaceWildcards for simple values" time="0.000218928">
        </testcase>
        <testcase classname="src/shared/wildcard-replacer.test.ts" name="unreplaceWildcards &gt; reverses buildCommand back to @@BuildCommand" time="0.000203077">
        </testcase>
        <testcase classname="src/shared/wildcard-replacer.test.ts" name="unreplaceWildcards &gt; reverses testCommand back to @@TestCommand" time="0.00019932">
        </testcase>
        <testcase classname="src/shared/wildcard-replacer.test.ts" name="unreplaceWildcards &gt; reverses lintCommand back to @@LintCommand" time="0.000202547">
        </testcase>
        <testcase classname="src/shared/wildcard-replacer.test.ts" name="@@BuildCommand / @@TestCommand / @@LintCommand replacement &gt; replaces @@BuildCommand with configured value" time="0.000216703">
        </testcase>
        <testcase classname="src/shared/wildcard-replacer.test.ts" name="@@BuildCommand / @@TestCommand / @@LintCommand replacement &gt; replaces @@TestCommand with configured value" time="0.000181868">
        </testcase>
        <testcase classname="src/shared/wildcard-replacer.test.ts" name="@@BuildCommand / @@TestCommand / @@LintCommand replacement &gt; replaces @@LintCommand with configured value" time="0.000189422">
        </testcase>
        <testcase classname="src/shared/wildcard-replacer.test.ts" name="@@BuildCommand / @@TestCommand / @@LintCommand replacement &gt; falls back to npm defaults when commands not set" time="0.000233935">
        </testcase>
        <testcase classname="src/shared/wildcard-replacer.test.ts" name="@@BuildCommand / @@TestCommand / @@LintCommand replacement &gt; replaces all three commands in the same text" time="0.0001775">
        </testcase>
    </testsuite>
    <testsuite name="test/preload-bridge-sync.test.ts" timestamp="2026-03-25T04:47:29.222Z" hostname="runnervm46oaq" tests="2" failures="0" errors="0" skipped="0" time="0.014546352">
        <testcase classname="test/preload-bridge-sync.test.ts" name="preload bridge sync check &gt; setup-renderer.ts mock covers all preload API namespaces" time="0.008117595">
        </testcase>
        <testcase classname="test/preload-bridge-sync.test.ts" name="preload bridge sync check &gt; setup-renderer.ts mock covers all preload API methods" time="0.004719767">
        </testcase>
    </testsuite>
    <testsuite name="test/annex-v2/protocol-client.test.ts" timestamp="2026-03-25T04:47:29.223Z" hostname="runnervm46oaq" tests="8" failures="0" errors="0" skipped="0" time="0.058618769">
        <testcase classname="test/annex-v2/protocol-client.test.ts" name="AnnexProtocolClient &gt; should pair with a valid PIN" time="0.02343362">
        </testcase>
        <testcase classname="test/annex-v2/protocol-client.test.ts" name="AnnexProtocolClient &gt; should reject an invalid PIN" time="0.006391674">
        </testcase>
        <testcase classname="test/annex-v2/protocol-client.test.ts" name="AnnexProtocolClient &gt; should fetch authenticated endpoints after pairing" time="0.003378607">
        </testcase>
        <testcase classname="test/annex-v2/protocol-client.test.ts" name="AnnexProtocolClient &gt; should reject unauthenticated requests" time="0.002510749">
        </testcase>
        <testcase classname="test/annex-v2/protocol-client.test.ts" name="AnnexProtocolClient &gt; should connect to WebSocket and receive snapshot" time="0.010380946">
        </testcase>
        <testcase classname="test/annex-v2/protocol-client.test.ts" name="AnnexProtocolClient &gt; should throw when connecting without pairing" time="0.001405746">
        </testcase>
        <testcase classname="test/annex-v2/protocol-client.test.ts" name="AnnexProtocolClient &gt; should handle message draining" time="0.005183636">
        </testcase>
        <testcase classname="test/annex-v2/protocol-client.test.ts" name="AnnexProtocolClient &gt; should clean up on disconnect" time="0.004086735">
        </testcase>
    </testsuite>
    <testsuite name="src/main/dev-ipc-guard.test.ts" timestamp="2026-03-25T04:47:29.224Z" hostname="runnervm46oaq" tests="3" failures="0" errors="0" skipped="0" time="0.005361923">
        <testcase classname="src/main/dev-ipc-guard.test.ts" name="dev-only IPC guard &gt; allows dev-only APIs in development mode" time="0.002531017">
        </testcase>
        <testcase classname="src/main/dev-ipc-guard.test.ts" name="dev-only IPC guard &gt; blocks dev-only APIs in production mode" time="0.000435239">
        </testcase>
        <testcase classname="src/main/dev-ipc-guard.test.ts" name="dev-only IPC guard &gt; blocks dev-only APIs when NODE_ENV is undefined" time="0.000299888">
        </testcase>
    </testsuite>
    <testsuite name="src/main/forge-plist-entries.test.ts" timestamp="2026-03-25T04:47:29.225Z" hostname="runnervm46oaq" tests="4" failures="0" errors="0" skipped="0" time="0.006326096">
        <testcase classname="src/main/forge-plist-entries.test.ts" name="forge.config.ts macOS plist entries &gt; sets CFBundleDisplayName to Clubhouse" time="0.002793676">
        </testcase>
        <testcase classname="src/main/forge-plist-entries.test.ts" name="forge.config.ts macOS plist entries &gt; includes NSLocalNetworkUsageDescription" time="0.000436733">
        </testcase>
        <testcase classname="src/main/forge-plist-entries.test.ts" name="forge.config.ts macOS plist entries &gt; declares _clubhouse-annex._tcp. in NSBonjourServices" time="0.000343238">
        </testcase>
        <testcase classname="src/main/forge-plist-entries.test.ts" name="forge.config.ts macOS plist entries &gt; sets packagerConfig name to Clubhouse" time="0.000461008">
        </testcase>
    </testsuite>
    <testsuite name="src/main/menu.test.ts" timestamp="2026-03-25T04:47:29.225Z" hostname="runnervm46oaq" tests="3" failures="0" errors="0" skipped="0" time="0.008535706">
        <testcase classname="src/main/menu.test.ts" name="buildMenu &gt; builds and sets the application menu" time="0.003737521">
        </testcase>
        <testcase classname="src/main/menu.test.ts" name="buildMenu &gt; uses role-based editMenu for native OS edit command handling" time="0.000721471">
        </testcase>
        <testcase classname="src/main/menu.test.ts" name="buildMenu &gt; includes app menu with About and Preferences" time="0.001760244">
        </testcase>
    </testsuite>
    <testsuite name="src/main/navigation-guard.test.ts" timestamp="2026-03-25T04:47:29.226Z" hostname="runnervm46oaq" tests="9" failures="0" errors="0" skipped="0" time="0.008674584">
        <testcase classname="src/main/navigation-guard.test.ts" name="isAllowedNavigation &gt; allows file:// URLs" time="0.002518614">
        </testcase>
        <testcase classname="src/main/navigation-guard.test.ts" name="isAllowedNavigation &gt; allows localhost URLs" time="0.000538191">
        </testcase>
        <testcase classname="src/main/navigation-guard.test.ts" name="isAllowedNavigation &gt; allows 127.0.0.1 URLs" time="0.000380147">
        </testcase>
        <testcase classname="src/main/navigation-guard.test.ts" name="isAllowedNavigation &gt; blocks external HTTP URLs" time="0.00041975">
        </testcase>
        <testcase classname="src/main/navigation-guard.test.ts" name="isAllowedNavigation &gt; blocks external HTTPS URLs" time="0.000454716">
        </testcase>
        <testcase classname="src/main/navigation-guard.test.ts" name="isAllowedNavigation &gt; blocks javascript: URLs" time="0.00034422">
        </testcase>
        <testcase classname="src/main/navigation-guard.test.ts" name="isAllowedNavigation &gt; blocks data: URLs" time="0.000393141">
        </testcase>
        <testcase classname="src/main/navigation-guard.test.ts" name="isAllowedNavigation &gt; blocks blob: URLs" time="0.000273208">
        </testcase>
        <testcase classname="src/main/navigation-guard.test.ts" name="isAllowedNavigation &gt; returns false for invalid URLs" time="0.000890787">
        </testcase>
    </testsuite>
    <testsuite name="src/main/shutdown-guard.test.ts" timestamp="2026-03-25T04:47:29.227Z" hostname="runnervm46oaq" tests="5" failures="0" errors="0" skipped="0" time="0.006239485">
        <testcase classname="src/main/shutdown-guard.test.ts" name="before-quit handler &gt; should use event.preventDefault() to delay quit" time="0.002508305">
        </testcase>
        <testcase classname="src/main/shutdown-guard.test.ts" name="before-quit handler &gt; should have a re-entrance guard" time="0.000420913">
        </testcase>
        <testcase classname="src/main/shutdown-guard.test.ts" name="before-quit handler &gt; should await killAll via Promise" time="0.00041375">
        </testcase>
        <testcase classname="src/main/shutdown-guard.test.ts" name="before-quit handler &gt; should await flushAllAgentConfigs via Promise" time="0.000404342">
        </testcase>
        <testcase classname="src/main/shutdown-guard.test.ts" name="before-quit handler &gt; should call app.quit() in the finally block" time="0.00037611">
        </testcase>
    </testsuite>
    <testsuite name="src/main/title-bar-colors.test.ts" timestamp="2026-03-25T04:47:29.228Z" hostname="runnervm46oaq" tests="8" failures="0" errors="0" skipped="0" time="0.009779378">
        <testcase classname="src/main/title-bar-colors.test.ts" name="THEME_TITLE_BAR_COLORS &gt; has an entry for every supported theme" time="0.002686156">
        </testcase>
        <testcase classname="src/main/title-bar-colors.test.ts" name="THEME_TITLE_BAR_COLORS &gt; each entry has bg, mantle, and text as valid hex colors" time="0.001364899">
        </testcase>
        <testcase classname="src/main/title-bar-colors.test.ts" name="THEME_TITLE_BAR_COLORS &gt; mantle color differs from bg for all themes" time="0.001486224">
        </testcase>
        <testcase classname="src/main/title-bar-colors.test.ts" name="THEME_TITLE_BAR_COLORS &gt; catppuccin-mocha colors match expected values" time="0.000388313">
        </testcase>
        <testcase classname="src/main/title-bar-colors.test.ts" name="THEME_TITLE_BAR_COLORS &gt; catppuccin-latte (light theme) has light bg and dark text" time="0.000406415">
        </testcase>
        <testcase classname="src/main/title-bar-colors.test.ts" name="getThemeColorsForTitleBar &gt; returns colors for a known theme" time="0.0003176">
        </testcase>
        <testcase classname="src/main/title-bar-colors.test.ts" name="getThemeColorsForTitleBar &gt; returns catppuccin-mocha colors for unknown theme id" time="0.000353026">
        </testcase>
        <testcase classname="src/main/title-bar-colors.test.ts" name="getThemeColorsForTitleBar &gt; returns catppuccin-mocha colors for empty string" time="0.00035465">
        </testcase>
    </testsuite>
    <testsuite name="src/main/__mocks__/electron-mock.test.ts" timestamp="2026-03-25T04:47:29.230Z" hostname="runnervm46oaq" tests="13" failures="0" errors="0" skipped="0" time="0.010862035">
        <testcase classname="src/main/__mocks__/electron-mock.test.ts" name="global electron mock &gt; app &gt; provides core app methods" time="0.003074168">
        </testcase>
        <testcase classname="src/main/__mocks__/electron-mock.test.ts" name="global electron mock &gt; app &gt; provides app.dock with setBadge and bounce" time="0.000432956">
        </testcase>
        <testcase classname="src/main/__mocks__/electron-mock.test.ts" name="global electron mock &gt; app &gt; provides app.setBadgeCount" time="0.00029003">
        </testcase>
        <testcase classname="src/main/__mocks__/electron-mock.test.ts" name="global electron mock &gt; shell &gt; provides openExternal" time="0.000309315">
        </testcase>
        <testcase classname="src/main/__mocks__/electron-mock.test.ts" name="global electron mock &gt; shell &gt; provides showItemInFolder" time="0.000259022">
        </testcase>
        <testcase classname="src/main/__mocks__/electron-mock.test.ts" name="global electron mock &gt; shell &gt; provides openPath" time="0.00025261">
        </testcase>
        <testcase classname="src/main/__mocks__/electron-mock.test.ts" name="global electron mock &gt; nativeImage &gt; provides createFromPath returning a NativeImage-like stub" time="0.000471477">
        </testcase>
        <testcase classname="src/main/__mocks__/electron-mock.test.ts" name="global electron mock &gt; nativeImage &gt; provides createEmpty" time="0.000250646">
        </testcase>
        <testcase classname="src/main/__mocks__/electron-mock.test.ts" name="global electron mock &gt; BrowserWindow &gt; provides getAllWindows" time="0.00077937">
        </testcase>
        <testcase classname="src/main/__mocks__/electron-mock.test.ts" name="global electron mock &gt; ipcMain &gt; provides handle, on, removeHandler" time="0.000417927">
        </testcase>
        <testcase classname="src/main/__mocks__/electron-mock.test.ts" name="global electron mock &gt; dialog &gt; provides showOpenDialog and showSaveDialog" time="0.000339872">
        </testcase>
        <testcase classname="src/main/__mocks__/electron-mock.test.ts" name="global electron mock &gt; Notification &gt; can be constructed" time="0.00033315">
        </testcase>
        <testcase classname="src/main/__mocks__/electron-mock.test.ts" name="global electron mock &gt; Notification &gt; provides isSupported" time="0.000183361">
        </testcase>
    </testsuite>
    <testsuite name="src/main/ipc/agent-handlers.test.ts" timestamp="2026-03-25T04:47:29.232Z" hostname="runnervm46oaq" tests="41" failures="0" errors="0" skipped="0" time="0.034396597">
        <testcase classname="src/main/ipc/agent-handlers.test.ts" name="agent-handlers &gt; registers all agent IPC handlers" time="0.003928005">
        </testcase>
        <testcase classname="src/main/ipc/agent-handlers.test.ts" name="agent-handlers &gt; LIST_DURABLE delegates to agentConfig.listDurable" time="0.001673908">
        </testcase>
        <testcase classname="src/main/ipc/agent-handlers.test.ts" name="agent-handlers &gt; CREATE_DURABLE delegates to agentConfig.createDurable" time="0.000665329">
        </testcase>
        <testcase classname="src/main/ipc/agent-handlers.test.ts" name="agent-handlers &gt; DELETE_DURABLE delegates to agentConfig.deleteDurable" time="0.000656623">
        </testcase>
        <testcase classname="src/main/ipc/agent-handlers.test.ts" name="agent-handlers &gt; RENAME_DURABLE delegates to agentConfig.renameDurable" time="0.000712957">
        </testcase>
        <testcase classname="src/main/ipc/agent-handlers.test.ts" name="agent-handlers &gt; UPDATE_DURABLE delegates to agentConfig.updateDurable" time="0.000815779">
        </testcase>
        <testcase classname="src/main/ipc/agent-handlers.test.ts" name="agent-handlers &gt; GET_DURABLE_CONFIG delegates to agentConfig.getDurableConfig" time="0.000452132">
        </testcase>
        <testcase classname="src/main/ipc/agent-handlers.test.ts" name="agent-handlers &gt; UPDATE_DURABLE_CONFIG delegates to agentConfig.updateDurableConfig" time="0.000436713">
        </testcase>
        <testcase classname="src/main/ipc/agent-handlers.test.ts" name="agent-handlers &gt; REORDER_DURABLE delegates to agentConfig.reorderDurable and broadcasts snapshot" time="0.001058671">
        </testcase>
        <testcase classname="src/main/ipc/agent-handlers.test.ts" name="agent-handlers &gt; PICK_ICON returns null when no focused window" time="0.000572556">
        </testcase>
        <testcase classname="src/main/ipc/agent-handlers.test.ts" name="agent-handlers &gt; PICK_ICON returns null when dialog is canceled" time="0.000374727">
        </testcase>
        <testcase classname="src/main/ipc/agent-handlers.test.ts" name="agent-handlers &gt; SAVE_ICON delegates to agentConfig.saveAgentIcon" time="0.000465356">
        </testcase>
        <testcase classname="src/main/ipc/agent-handlers.test.ts" name="agent-handlers &gt; READ_ICON delegates to agentConfig.readAgentIconData" time="0.000331126">
        </testcase>
        <testcase classname="src/main/ipc/agent-handlers.test.ts" name="agent-handlers &gt; REMOVE_ICON delegates to agentConfig.removeAgentIcon" time="0.000297134">
        </testcase>
        <testcase classname="src/main/ipc/agent-handlers.test.ts" name="agent-handlers &gt; GET_WORKTREE_STATUS delegates to agentConfig.getWorktreeStatus" time="0.000319204">
        </testcase>
        <testcase classname="src/main/ipc/agent-handlers.test.ts" name="agent-handlers &gt; DELETE_COMMIT_PUSH delegates to agentConfig.deleteCommitAndPush" time="0.000376461">
        </testcase>
        <testcase classname="src/main/ipc/agent-handlers.test.ts" name="agent-handlers &gt; DELETE_CLEANUP_BRANCH delegates to agentConfig.deleteWithCleanupBranch" time="0.000384697">
        </testcase>
        <testcase classname="src/main/ipc/agent-handlers.test.ts" name="agent-handlers &gt; DELETE_SAVE_PATCH returns cancelled when no focused window" time="0.00040794">
        </testcase>
        <testcase classname="src/main/ipc/agent-handlers.test.ts" name="agent-handlers &gt; DELETE_SAVE_PATCH returns cancelled when dialog is canceled" time="0.000328531">
        </testcase>
        <testcase classname="src/main/ipc/agent-handlers.test.ts" name="agent-handlers &gt; DELETE_SAVE_PATCH calls deleteSaveAsPatch when dialog succeeds" time="0.00037622">
        </testcase>
        <testcase classname="src/main/ipc/agent-handlers.test.ts" name="agent-handlers &gt; DELETE_FORCE delegates to agentConfig.deleteForce" time="0.000331197">
        </testcase>
        <testcase classname="src/main/ipc/agent-handlers.test.ts" name="agent-handlers &gt; DELETE_UNREGISTER delegates to agentConfig.deleteUnregister" time="0.000311541">
        </testcase>
        <testcase classname="src/main/ipc/agent-handlers.test.ts" name="agent-handlers &gt; SPAWN_AGENT delegates to agentSystem.spawnAgent" time="0.000456399">
        </testcase>
        <testcase classname="src/main/ipc/agent-handlers.test.ts" name="agent-handlers &gt; SPAWN_AGENT logs and rethrows on error" time="0.006075077">
        </testcase>
        <testcase classname="src/main/ipc/agent-handlers.test.ts" name="agent-handlers &gt; KILL_AGENT delegates to agentSystem.killAgent" time="0.000388594">
        </testcase>
        <testcase classname="src/main/ipc/agent-handlers.test.ts" name="agent-handlers &gt; READ_QUICK_SUMMARY delegates to readQuickSummary" time="0.000426665">
        </testcase>
        <testcase classname="src/main/ipc/agent-handlers.test.ts" name="agent-handlers &gt; GET_MODEL_OPTIONS delegates to provider.getModelOptions" time="0.000624743">
        </testcase>
        <testcase classname="src/main/ipc/agent-handlers.test.ts" name="agent-handlers &gt; CHECK_ORCHESTRATOR delegates to agentSystem.checkAvailability" time="0.000411587">
        </testcase>
        <testcase classname="src/main/ipc/agent-handlers.test.ts" name="agent-handlers &gt; GET_ORCHESTRATORS delegates to agentSystem.getAvailableOrchestrators" time="0.000356724">
        </testcase>
        <testcase classname="src/main/ipc/agent-handlers.test.ts" name="agent-handlers &gt; GET_TOOL_VERB returns provider toolVerb result or fallback" time="0.000417377">
        </testcase>
        <testcase classname="src/main/ipc/agent-handlers.test.ts" name="agent-handlers &gt; GET_SUMMARY_INSTRUCTION delegates to buildSummaryInstruction" time="0.000363787">
        </testcase>
        <testcase classname="src/main/ipc/agent-handlers.test.ts" name="agent-handlers &gt; READ_TRANSCRIPT delegates to headlessManager.readTranscript" time="0.000369649">
        </testcase>
        <testcase classname="src/main/ipc/agent-handlers.test.ts" name="agent-handlers &gt; GET_TRANSCRIPT_INFO delegates to headlessManager.getTranscriptInfo" time="0.000577165">
        </testcase>
        <testcase classname="src/main/ipc/agent-handlers.test.ts" name="agent-handlers &gt; READ_TRANSCRIPT_PAGE delegates to headlessManager.readTranscriptPage" time="0.000716524">
        </testcase>
        <testcase classname="src/main/ipc/agent-handlers.test.ts" name="agent-handlers &gt; IS_HEADLESS_AGENT delegates to agentSystem.isHeadlessAgent" time="0.000511272">
        </testcase>
        <testcase classname="src/main/ipc/agent-handlers.test.ts" name="agent-handlers &gt; rejects non-string projectPath for LIST_DURABLE" time="0.00060144">
        </testcase>
        <testcase classname="src/main/ipc/agent-handlers.test.ts" name="agent-handlers &gt; rejects non-string agentId for DELETE_DURABLE" time="0.000544384">
        </testcase>
        <testcase classname="src/main/ipc/agent-handlers.test.ts" name="agent-handlers &gt; rejects non-object updates for UPDATE_DURABLE" time="0.00256702">
        </testcase>
        <testcase classname="src/main/ipc/agent-handlers.test.ts" name="agent-handlers &gt; rejects SPAWN_AGENT with missing required fields" time="0.00056406">
        </testcase>
        <testcase classname="src/main/ipc/agent-handlers.test.ts" name="agent-handlers &gt; rejects SPAWN_AGENT with non-object param" time="0.000467811">
        </testcase>
        <testcase classname="src/main/ipc/agent-handlers.test.ts" name="agent-handlers &gt; rejects non-integer offset for READ_TRANSCRIPT_PAGE" time="0.000422316">
        </testcase>
    </testsuite>
    <testsuite name="src/main/ipc/agent-settings-handlers.test.ts" timestamp="2026-03-25T04:47:29.238Z" hostname="runnervm46oaq" tests="48" failures="0" errors="0" skipped="0" time="0.029917759">
        <testcase classname="src/main/ipc/agent-settings-handlers.test.ts" name="agent-settings-handlers &gt; registers all agent-settings IPC handlers" time="0.003991212">
        </testcase>
        <testcase classname="src/main/ipc/agent-settings-handlers.test.ts" name="agent-settings-handlers &gt; READ_INSTRUCTIONS uses provider when projectPath is given" time="0.001580394">
        </testcase>
        <testcase classname="src/main/ipc/agent-settings-handlers.test.ts" name="agent-settings-handlers &gt; READ_INSTRUCTIONS falls back to readClaudeMd without projectPath" time="0.000516391">
        </testcase>
        <testcase classname="src/main/ipc/agent-settings-handlers.test.ts" name="agent-settings-handlers &gt; SAVE_INSTRUCTIONS uses provider when projectPath given" time="0.000560464">
        </testcase>
        <testcase classname="src/main/ipc/agent-settings-handlers.test.ts" name="agent-settings-handlers &gt; SAVE_INSTRUCTIONS falls back to writeClaudeMd without projectPath" time="0.001605606">
        </testcase>
        <testcase classname="src/main/ipc/agent-settings-handlers.test.ts" name="agent-settings-handlers &gt; READ_MCP_CONFIG delegates to agentSettings.readMcpConfig" time="0.000701787">
        </testcase>
        <testcase classname="src/main/ipc/agent-settings-handlers.test.ts" name="agent-settings-handlers &gt; READ_MCP_RAW_JSON delegates to agentSettings.readMcpRawJson" time="0.000348278">
        </testcase>
        <testcase classname="src/main/ipc/agent-settings-handlers.test.ts" name="agent-settings-handlers &gt; WRITE_MCP_RAW_JSON delegates to agentSettings.writeMcpRawJson" time="0.00034392">
        </testcase>
        <testcase classname="src/main/ipc/agent-settings-handlers.test.ts" name="agent-settings-handlers &gt; LIST_SKILLS delegates to agentSettings.listSkills" time="0.000854331">
        </testcase>
        <testcase classname="src/main/ipc/agent-settings-handlers.test.ts" name="agent-settings-handlers &gt; LIST_SOURCE_SKILLS delegates to agentSettings.listSourceSkills" time="0.00060179">
        </testcase>
        <testcase classname="src/main/ipc/agent-settings-handlers.test.ts" name="agent-settings-handlers &gt; CREATE_SKILL delegates to agentSettings.createSkillDir" time="0.000434079">
        </testcase>
        <testcase classname="src/main/ipc/agent-settings-handlers.test.ts" name="agent-settings-handlers &gt; READ_SKILL_CONTENT delegates to agentSettings.readSkillContent" time="0.000293948">
        </testcase>
        <testcase classname="src/main/ipc/agent-settings-handlers.test.ts" name="agent-settings-handlers &gt; WRITE_SKILL_CONTENT delegates to agentSettings.writeSkillContent" time="0.000241589">
        </testcase>
        <testcase classname="src/main/ipc/agent-settings-handlers.test.ts" name="agent-settings-handlers &gt; DELETE_SKILL delegates to agentSettings.deleteSkill" time="0.000255225">
        </testcase>
        <testcase classname="src/main/ipc/agent-settings-handlers.test.ts" name="agent-settings-handlers &gt; READ_SOURCE_SKILL_CONTENT delegates to agentSettings.readSourceSkillContent" time="0.000298476">
        </testcase>
        <testcase classname="src/main/ipc/agent-settings-handlers.test.ts" name="agent-settings-handlers &gt; WRITE_SOURCE_SKILL_CONTENT delegates to agentSettings.writeSourceSkillContent" time="0.00034866">
        </testcase>
        <testcase classname="src/main/ipc/agent-settings-handlers.test.ts" name="agent-settings-handlers &gt; DELETE_SOURCE_SKILL delegates to agentSettings.deleteSourceSkill" time="0.000383684">
        </testcase>
        <testcase classname="src/main/ipc/agent-settings-handlers.test.ts" name="agent-settings-handlers &gt; LIST_AGENT_TEMPLATES delegates to agentSettings.listAgentTemplates" time="0.000306721">
        </testcase>
        <testcase classname="src/main/ipc/agent-settings-handlers.test.ts" name="agent-settings-handlers &gt; LIST_SOURCE_AGENT_TEMPLATES delegates to agentSettings.listSourceAgentTemplates" time="0.000369799">
        </testcase>
        <testcase classname="src/main/ipc/agent-settings-handlers.test.ts" name="agent-settings-handlers &gt; CREATE_AGENT_TEMPLATE delegates to agentSettings.createAgentTemplateDir" time="0.000306731">
        </testcase>
        <testcase classname="src/main/ipc/agent-settings-handlers.test.ts" name="agent-settings-handlers &gt; READ_AGENT_TEMPLATE_CONTENT delegates to agentSettings" time="0.000321739">
        </testcase>
        <testcase classname="src/main/ipc/agent-settings-handlers.test.ts" name="agent-settings-handlers &gt; WRITE_AGENT_TEMPLATE_CONTENT delegates to agentSettings" time="0.000287806">
        </testcase>
        <testcase classname="src/main/ipc/agent-settings-handlers.test.ts" name="agent-settings-handlers &gt; DELETE_AGENT_TEMPLATE delegates to agentSettings" time="0.000330135">
        </testcase>
        <testcase classname="src/main/ipc/agent-settings-handlers.test.ts" name="agent-settings-handlers &gt; LIST_AGENT_TEMPLATE_FILES delegates to agentSettings" time="0.000440821">
        </testcase>
        <testcase classname="src/main/ipc/agent-settings-handlers.test.ts" name="agent-settings-handlers &gt; READ_SOURCE_AGENT_TEMPLATE_CONTENT delegates to agentSettings" time="0.001811824">
        </testcase>
        <testcase classname="src/main/ipc/agent-settings-handlers.test.ts" name="agent-settings-handlers &gt; WRITE_SOURCE_AGENT_TEMPLATE_CONTENT delegates to agentSettings" time="0.000314546">
        </testcase>
        <testcase classname="src/main/ipc/agent-settings-handlers.test.ts" name="agent-settings-handlers &gt; DELETE_SOURCE_AGENT_TEMPLATE delegates to agentSettings" time="0.000253332">
        </testcase>
        <testcase classname="src/main/ipc/agent-settings-handlers.test.ts" name="agent-settings-handlers &gt; READ_PERMISSIONS delegates to agentSettings.readPermissions" time="0.00032729">
        </testcase>
        <testcase classname="src/main/ipc/agent-settings-handlers.test.ts" name="agent-settings-handlers &gt; SAVE_PERMISSIONS delegates to agentSettings.writePermissions" time="0.000282707">
        </testcase>
        <testcase classname="src/main/ipc/agent-settings-handlers.test.ts" name="agent-settings-handlers &gt; READ_PROJECT_AGENT_DEFAULTS delegates to agentSettings" time="0.000307873">
        </testcase>
        <testcase classname="src/main/ipc/agent-settings-handlers.test.ts" name="agent-settings-handlers &gt; WRITE_PROJECT_AGENT_DEFAULTS delegates to agentSettings" time="0.000507525">
        </testcase>
        <testcase classname="src/main/ipc/agent-settings-handlers.test.ts" name="agent-settings-handlers &gt; RESET_PROJECT_AGENT_DEFAULTS delegates to resetProjectAgentDefaults" time="0.000264071">
        </testcase>
        <testcase classname="src/main/ipc/agent-settings-handlers.test.ts" name="agent-settings-handlers &gt; GET_CONVENTIONS returns provider conventions" time="0.000302423">
        </testcase>
        <testcase classname="src/main/ipc/agent-settings-handlers.test.ts" name="agent-settings-handlers &gt; GET_CONVENTIONS returns null when resolveOrchestrator throws" time="0.000386239">
        </testcase>
        <testcase classname="src/main/ipc/agent-settings-handlers.test.ts" name="agent-settings-handlers &gt; MATERIALIZE_AGENT calls materializeAgent with agent config" time="0.001520231">
        </testcase>
        <testcase classname="src/main/ipc/agent-settings-handlers.test.ts" name="agent-settings-handlers &gt; MATERIALIZE_AGENT returns early when agent config is null" time="0.000355582">
        </testcase>
        <testcase classname="src/main/ipc/agent-settings-handlers.test.ts" name="agent-settings-handlers &gt; PREVIEW_MATERIALIZATION returns preview result" time="0.000613573">
        </testcase>
        <testcase classname="src/main/ipc/agent-settings-handlers.test.ts" name="agent-settings-handlers &gt; PREVIEW_MATERIALIZATION returns null when agent config is null" time="0.000393813">
        </testcase>
        <testcase classname="src/main/ipc/agent-settings-handlers.test.ts" name="agent-settings-handlers &gt; COMPUTE_CONFIG_DIFF returns diff result" time="0.000845284">
        </testcase>
        <testcase classname="src/main/ipc/agent-settings-handlers.test.ts" name="agent-settings-handlers &gt; COMPUTE_CONFIG_DIFF returns empty result when agent not found" time="0.000303015">
        </testcase>
        <testcase classname="src/main/ipc/agent-settings-handlers.test.ts" name="agent-settings-handlers &gt; PROPAGATE_CONFIG_CHANGES propagates selected items" time="0.000849221">
        </testcase>
        <testcase classname="src/main/ipc/agent-settings-handlers.test.ts" name="agent-settings-handlers &gt; PROPAGATE_CONFIG_CHANGES returns error when agent not found" time="0.000279741">
        </testcase>
        <testcase classname="src/main/ipc/agent-settings-handlers.test.ts" name="agent-settings-handlers &gt; rejects non-string worktreePath for READ_INSTRUCTIONS" time="0.000846937">
        </testcase>
        <testcase classname="src/main/ipc/agent-settings-handlers.test.ts" name="agent-settings-handlers &gt; rejects non-string content for SAVE_INSTRUCTIONS" time="0.000288668">
        </testcase>
        <testcase classname="src/main/ipc/agent-settings-handlers.test.ts" name="agent-settings-handlers &gt; rejects non-boolean isSource for CREATE_SKILL" time="0.000303805">
        </testcase>
        <testcase classname="src/main/ipc/agent-settings-handlers.test.ts" name="agent-settings-handlers &gt; rejects non-object permissions for SAVE_PERMISSIONS" time="0.000282236">
        </testcase>
        <testcase classname="src/main/ipc/agent-settings-handlers.test.ts" name="agent-settings-handlers &gt; rejects non-object defaults for WRITE_PROJECT_AGENT_DEFAULTS" time="0.000273008">
        </testcase>
        <testcase classname="src/main/ipc/agent-settings-handlers.test.ts" name="agent-settings-handlers &gt; rejects non-array selectedItemIds for PROPAGATE_CONFIG_CHANGES" time="0.000273469">
        </testcase>
    </testsuite>
    <testsuite name="src/main/ipc/annex-client-handlers.test.ts" timestamp="2026-03-25T04:47:29.245Z" hostname="runnervm46oaq" tests="26" failures="0" errors="0" skipped="0" time="0.01654189">
        <testcase classname="src/main/ipc/annex-client-handlers.test.ts" name="annex-client-handlers &gt; registers all expected IPC handlers" time="0.003211137">
        </testcase>
        <testcase classname="src/main/ipc/annex-client-handlers.test.ts" name="annex-client-handlers &gt; GET_SATELLITES delegates to annexClient.getSatellites" time="0.000550842">
        </testcase>
        <testcase classname="src/main/ipc/annex-client-handlers.test.ts" name="annex-client-handlers &gt; GET_DISCOVERED delegates to annexClient.getDiscoveredServices" time="0.000289587">
        </testcase>
        <testcase classname="src/main/ipc/annex-client-handlers.test.ts" name="annex-client-handlers &gt; PAIR_WITH delegates to annexClient.pairWithService" time="0.001292688">
        </testcase>
        <testcase classname="src/main/ipc/annex-client-handlers.test.ts" name="annex-client-handlers &gt; SCAN delegates to annexClient.scan" time="0.000396545">
        </testcase>
        <testcase classname="src/main/ipc/annex-client-handlers.test.ts" name="annex-client-handlers &gt; CONNECT delegates to annexClient.connect" time="0.000317129">
        </testcase>
        <testcase classname="src/main/ipc/annex-client-handlers.test.ts" name="annex-client-handlers &gt; DISCONNECT delegates to annexClient.disconnect" time="0.000357703">
        </testcase>
        <testcase classname="src/main/ipc/annex-client-handlers.test.ts" name="annex-client-handlers &gt; RETRY delegates to annexClient.retry" time="0.000417054">
        </testcase>
        <testcase classname="src/main/ipc/annex-client-handlers.test.ts" name="annex-client-handlers &gt; FORGET_SATELLITE delegates to annexClient.forgetSatellite" time="0.000763006">
        </testcase>
        <testcase classname="src/main/ipc/annex-client-handlers.test.ts" name="annex-client-handlers &gt; FORGET_ALL_SATELLITES delegates to annexClient.forgetAllSatellites" time="0.000478107">
        </testcase>
        <testcase classname="src/main/ipc/annex-client-handlers.test.ts" name="annex-client-handlers &gt; rejects non-string fingerprint for PAIR_WITH" time="0.000941837">
        </testcase>
        <testcase classname="src/main/ipc/annex-client-handlers.test.ts" name="annex-client-handlers &gt; rejects non-string pin for PAIR_WITH" time="0.000346633">
        </testcase>
        <testcase classname="src/main/ipc/annex-client-handlers.test.ts" name="annex-client-handlers &gt; rejects non-string fingerprint for FORGET_SATELLITE" time="0.000331275">
        </testcase>
        <testcase classname="src/main/ipc/annex-client-handlers.test.ts" name="annex-client-handlers &gt; registers FILE_TREE handler" time="0.000223515">
        </testcase>
        <testcase classname="src/main/ipc/annex-client-handlers.test.ts" name="annex-client-handlers &gt; registers FILE_READ handler" time="0.000217845">
        </testcase>
        <testcase classname="src/main/ipc/annex-client-handlers.test.ts" name="annex-client-handlers &gt; FILE_TREE delegates to annexClient.requestFileTree" time="0.000799523">
        </testcase>
        <testcase classname="src/main/ipc/annex-client-handlers.test.ts" name="annex-client-handlers &gt; FILE_TREE passes undefined options when not provided" time="0.000349348">
        </testcase>
        <testcase classname="src/main/ipc/annex-client-handlers.test.ts" name="annex-client-handlers &gt; FILE_READ delegates to annexClient.requestFileRead" time="0.000321326">
        </testcase>
        <testcase classname="src/main/ipc/annex-client-handlers.test.ts" name="annex-client-handlers &gt; FILE_TREE rejects non-string satelliteId" time="0.000325544">
        </testcase>
        <testcase classname="src/main/ipc/annex-client-handlers.test.ts" name="annex-client-handlers &gt; FILE_TREE rejects non-string projectId" time="0.000334571">
        </testcase>
        <testcase classname="src/main/ipc/annex-client-handlers.test.ts" name="annex-client-handlers &gt; FILE_READ rejects non-string path" time="0.000376238">
        </testcase>
        <testcase classname="src/main/ipc/annex-client-handlers.test.ts" name="annex-client-handlers &gt; registers PTY_SPAWN_SHELL handler" time="0.000221901">
        </testcase>
        <testcase classname="src/main/ipc/annex-client-handlers.test.ts" name="annex-client-handlers &gt; PTY_SPAWN_SHELL delegates to annexClient.sendToSatellite" time="0.000562123">
        </testcase>
        <testcase classname="src/main/ipc/annex-client-handlers.test.ts" name="annex-client-handlers &gt; PTY_INPUT delegates to annexClient.sendToSatellite" time="0.000607497">
        </testcase>
        <testcase classname="src/main/ipc/annex-client-handlers.test.ts" name="annex-client-handlers &gt; PTY_GET_BUFFER delegates to annexClient.requestPtyBuffer" time="0.000334921">
        </testcase>
        <testcase classname="src/main/ipc/annex-client-handlers.test.ts" name="annex-client-handlers &gt; AGENT_REORDER delegates to annexClient.sendToSatellite with agent:reorder" time="0.000401114">
        </testcase>
    </testsuite>
    <testsuite name="src/main/ipc/annex-handlers.test.ts" timestamp="2026-03-25T04:47:29.250Z" hostname="runnervm46oaq" tests="25" failures="0" errors="0" skipped="0" time="0.017478617">
        <testcase classname="src/main/ipc/annex-handlers.test.ts" name="annex-handlers &gt; registers all annex IPC handlers" time="0.002636895">
        </testcase>
        <testcase classname="src/main/ipc/annex-handlers.test.ts" name="annex-handlers &gt; GET_SETTINGS delegates to annexSettings.getSettings" time="0.001035747">
        </testcase>
        <testcase classname="src/main/ipc/annex-handlers.test.ts" name="annex-handlers &gt; SAVE_SETTINGS starts server when enabling enableServer" time="0.001988419">
        </testcase>
        <testcase classname="src/main/ipc/annex-handlers.test.ts" name="annex-handlers &gt; SAVE_SETTINGS stops server when disabling enableServer" time="0.000492256">
        </testcase>
        <testcase classname="src/main/ipc/annex-handlers.test.ts" name="annex-handlers &gt; SAVE_SETTINGS starts client when enabling enableClient" time="0.000377753">
        </testcase>
        <testcase classname="src/main/ipc/annex-handlers.test.ts" name="annex-handlers &gt; SAVE_SETTINGS stops client when disabling enableClient" time="0.0002472">
        </testcase>
        <testcase classname="src/main/ipc/annex-handlers.test.ts" name="annex-handlers &gt; SAVE_SETTINGS does not start/stop when neither toggle changes" time="0.000475375">
        </testcase>
        <testcase classname="src/main/ipc/annex-handlers.test.ts" name="annex-handlers &gt; SAVE_SETTINGS can enable server without client" time="0.000308754">
        </testcase>
        <testcase classname="src/main/ipc/annex-handlers.test.ts" name="annex-handlers &gt; SAVE_SETTINGS can enable client without server" time="0.00065001">
        </testcase>
        <testcase classname="src/main/ipc/annex-handlers.test.ts" name="annex-handlers &gt; SAVE_SETTINGS can disable server while keeping client running" time="0.000415213">
        </testcase>
        <testcase classname="src/main/ipc/annex-handlers.test.ts" name="annex-handlers &gt; SAVE_SETTINGS logs error when server start fails" time="0.000892661">
        </testcase>
        <testcase classname="src/main/ipc/annex-handlers.test.ts" name="annex-handlers &gt; SAVE_SETTINGS broadcasts status change after save" time="0.000486225">
        </testcase>
        <testcase classname="src/main/ipc/annex-handlers.test.ts" name="annex-handlers &gt; GET_STATUS delegates to annexServer.getStatus" time="0.000315006">
        </testcase>
        <testcase classname="src/main/ipc/annex-handlers.test.ts" name="annex-handlers &gt; REGENERATE_PIN calls regeneratePin, broadcasts, and returns new status" time="0.000527371">
        </testcase>
        <testcase classname="src/main/ipc/annex-handlers.test.ts" name="annex-handlers &gt; rejects non-object settings for SAVE_SETTINGS" time="0.000858006">
        </testcase>
        <testcase classname="src/main/ipc/annex-handlers.test.ts" name="annex-handlers &gt; rejects null for SAVE_SETTINGS" time="0.000298516">
        </testcase>
        <testcase classname="src/main/ipc/annex-handlers.test.ts" name="annex-handlers &gt; PURGE_SERVER_CONFIG stops server, deletes identity/tls/peers, and resets settings" time="0.001282757">
        </testcase>
        <testcase classname="src/main/ipc/annex-handlers.test.ts" name="maybeStartAnnex &gt; starts server when settings.enableServer is true" time="0.000386098">
        </testcase>
        <testcase classname="src/main/ipc/annex-handlers.test.ts" name="maybeStartAnnex &gt; does not start server when settings.enableServer is false" time="0.000192759">
        </testcase>
        <testcase classname="src/main/ipc/annex-handlers.test.ts" name="maybeStartAnnex &gt; does not start server when experimental annex flag is off" time="0.000255605">
        </testcase>
        <testcase classname="src/main/ipc/annex-handlers.test.ts" name="maybeStartAnnex &gt; logs error when auto-start fails" time="0.000330735">
        </testcase>
        <testcase classname="src/main/ipc/annex-handlers.test.ts" name="maybeStartAnnexClient &gt; starts client when experimental annex flag is on and enableClient is true" time="0.000338129">
        </testcase>
        <testcase classname="src/main/ipc/annex-handlers.test.ts" name="maybeStartAnnexClient &gt; does not start client when experimental annex flag is off" time="0.00019327">
        </testcase>
        <testcase classname="src/main/ipc/annex-handlers.test.ts" name="maybeStartAnnexClient &gt; does not start client when enableClient is false" time="0.000264131">
        </testcase>
        <testcase classname="src/main/ipc/annex-handlers.test.ts" name="maybeStartAnnexClient &gt; logs error when client start fails" time="0.000293637">
        </testcase>
    </testsuite>
    <testsuite name="src/main/ipc/app-handlers.test.ts" timestamp="2026-03-25T04:47:29.255Z" hostname="runnervm46oaq" tests="55" failures="0" errors="0" skipped="0" time="0.033385369">
        <testcase classname="src/main/ipc/app-handlers.test.ts" name="app-handlers &gt; registers all expected app IPC handlers" time="0.004192207">
        </testcase>
        <testcase classname="src/main/ipc/app-handlers.test.ts" name="app-handlers &gt; OPEN_EXTERNAL_URL delegates to shell.openExternal" time="0.001531672">
        </testcase>
        <testcase classname="src/main/ipc/app-handlers.test.ts" name="app-handlers &gt; GET_VERSION returns app version" time="0.000513396">
        </testcase>
        <testcase classname="src/main/ipc/app-handlers.test.ts" name="app-handlers &gt; GET_ARCH_INFO returns arch, platform, and rosetta info" time="0.000795521">
        </testcase>
        <testcase classname="src/main/ipc/app-handlers.test.ts" name="app-handlers &gt; GET_NOTIFICATION_SETTINGS delegates to notificationService" time="0.000723738">
        </testcase>
        <testcase classname="src/main/ipc/app-handlers.test.ts" name="app-handlers &gt; SAVE_NOTIFICATION_SETTINGS delegates to notificationService" time="0.000737142">
        </testcase>
        <testcase classname="src/main/ipc/app-handlers.test.ts" name="app-handlers &gt; SEND_NOTIFICATION delegates to notificationService.sendNotification" time="0.00064963">
        </testcase>
        <testcase classname="src/main/ipc/app-handlers.test.ts" name="app-handlers &gt; CLOSE_NOTIFICATION delegates to notificationService.closeNotification" time="0.000447063">
        </testcase>
        <testcase classname="src/main/ipc/app-handlers.test.ts" name="app-handlers &gt; GET_THEME delegates to themeService" time="0.001854844">
        </testcase>
        <testcase classname="src/main/ipc/app-handlers.test.ts" name="app-handlers &gt; SAVE_THEME saves settings and broadcasts theme change" time="0.000562708">
        </testcase>
        <testcase classname="src/main/ipc/app-handlers.test.ts" name="app-handlers &gt; UPDATE_TITLE_BAR_OVERLAY sets overlay on ALL windows on win32" time="0.0008213">
        </testcase>
        <testcase classname="src/main/ipc/app-handlers.test.ts" name="app-handlers &gt; UPDATE_TITLE_BAR_OVERLAY skips destroyed windows" time="0.000417918">
        </testcase>
        <testcase classname="src/main/ipc/app-handlers.test.ts" name="app-handlers &gt; GET_ORCHESTRATOR_SETTINGS delegates to orchestratorSettings" time="0.000317311">
        </testcase>
        <testcase classname="src/main/ipc/app-handlers.test.ts" name="app-handlers &gt; SAVE_ORCHESTRATOR_SETTINGS delegates to orchestratorSettings.saveSettings" time="0.000335074">
        </testcase>
        <testcase classname="src/main/ipc/app-handlers.test.ts" name="app-handlers &gt; GET_HEADLESS_SETTINGS delegates to headlessSettings" time="0.000332499">
        </testcase>
        <testcase classname="src/main/ipc/app-handlers.test.ts" name="app-handlers &gt; SAVE_HEADLESS_SETTINGS delegates to headlessSettings.saveSettings" time="0.000363928">
        </testcase>
        <testcase classname="src/main/ipc/app-handlers.test.ts" name="app-handlers &gt; GET_BADGE_SETTINGS delegates to badgeSettings" time="0.000303856">
        </testcase>
        <testcase classname="src/main/ipc/app-handlers.test.ts" name="app-handlers &gt; SAVE_BADGE_SETTINGS delegates to badgeSettings.saveSettings" time="0.000399694">
        </testcase>
        <testcase classname="src/main/ipc/app-handlers.test.ts" name="app-handlers &gt; GET_CLIPBOARD_SETTINGS delegates to clipboardSettings" time="0.000296633">
        </testcase>
        <testcase classname="src/main/ipc/app-handlers.test.ts" name="app-handlers &gt; SAVE_CLIPBOARD_SETTINGS delegates to clipboardSettings.saveSettings" time="0.000302122">
        </testcase>
        <testcase classname="src/main/ipc/app-handlers.test.ts" name="app-handlers &gt; SET_DOCK_BADGE sets badge on macOS via app.dock.setBadge" time="0.000347988">
        </testcase>
        <testcase classname="src/main/ipc/app-handlers.test.ts" name="app-handlers &gt; SET_DOCK_BADGE sets empty string for count 0 on macOS" time="0.000257209">
        </testcase>
        <testcase classname="src/main/ipc/app-handlers.test.ts" name="app-handlers &gt; SET_DOCK_BADGE uses app.setBadgeCount on non-macOS" time="0.0005048">
        </testcase>
        <testcase classname="src/main/ipc/app-handlers.test.ts" name="app-handlers &gt; GET_UPDATE_SETTINGS delegates to autoUpdateService" time="0.000584669">
        </testcase>
        <testcase classname="src/main/ipc/app-handlers.test.ts" name="app-handlers &gt; SAVE_UPDATE_SETTINGS starts periodic checks when autoUpdate enabled" time="0.000553851">
        </testcase>
        <testcase classname="src/main/ipc/app-handlers.test.ts" name="app-handlers &gt; SAVE_UPDATE_SETTINGS stops periodic checks when autoUpdate disabled" time="0.000279561">
        </testcase>
        <testcase classname="src/main/ipc/app-handlers.test.ts" name="app-handlers &gt; CHECK_FOR_UPDATES delegates to autoUpdateService.checkForUpdates(true)" time="0.000326939">
        </testcase>
        <testcase classname="src/main/ipc/app-handlers.test.ts" name="app-handlers &gt; GET_UPDATE_STATUS delegates to autoUpdateService.getStatus" time="0.000389566">
        </testcase>
        <testcase classname="src/main/ipc/app-handlers.test.ts" name="app-handlers &gt; APPLY_UPDATE delegates to autoUpdateService.applyUpdate" time="0.00030583">
        </testcase>
        <testcase classname="src/main/ipc/app-handlers.test.ts" name="app-handlers &gt; GET_PENDING_RELEASE_NOTES delegates to autoUpdateService" time="0.000347277">
        </testcase>
        <testcase classname="src/main/ipc/app-handlers.test.ts" name="app-handlers &gt; CLEAR_PENDING_RELEASE_NOTES delegates to autoUpdateService" time="0.001532514">
        </testcase>
        <testcase classname="src/main/ipc/app-handlers.test.ts" name="app-handlers &gt; GET_VERSION_HISTORY delegates to autoUpdateService" time="0.000298385">
        </testcase>
        <testcase classname="src/main/ipc/app-handlers.test.ts" name="app-handlers &gt; GET_SOUND_SETTINGS delegates to soundService" time="0.000384607">
        </testcase>
        <testcase classname="src/main/ipc/app-handlers.test.ts" name="app-handlers &gt; SAVE_SOUND_SETTINGS delegates to soundService.saveSettings" time="0.000364759">
        </testcase>
        <testcase classname="src/main/ipc/app-handlers.test.ts" name="app-handlers &gt; LIST_SOUND_PACKS delegates to soundService.getAllSoundPacks" time="0.000316429">
        </testcase>
        <testcase classname="src/main/ipc/app-handlers.test.ts" name="app-handlers &gt; IMPORT_SOUND_PACK delegates to soundService.importSoundPack" time="0.000336898">
        </testcase>
        <testcase classname="src/main/ipc/app-handlers.test.ts" name="app-handlers &gt; DELETE_SOUND_PACK delegates to soundService.deleteSoundPack" time="0.000249705">
        </testcase>
        <testcase classname="src/main/ipc/app-handlers.test.ts" name="app-handlers &gt; GET_SOUND_DATA delegates to soundService.getSoundData" time="0.000283899">
        </testcase>
        <testcase classname="src/main/ipc/app-handlers.test.ts" name="app-handlers &gt; LOG_WRITE delegates to logService.log via on()" time="0.000361904">
        </testcase>
        <testcase classname="src/main/ipc/app-handlers.test.ts" name="app-handlers &gt; GET_LOG_SETTINGS delegates to logSettings" time="0.000305128">
        </testcase>
        <testcase classname="src/main/ipc/app-handlers.test.ts" name="app-handlers &gt; SAVE_LOG_SETTINGS delegates to logSettings.saveSettings" time="0.000293197">
        </testcase>
        <testcase classname="src/main/ipc/app-handlers.test.ts" name="app-handlers &gt; GET_LOG_NAMESPACES delegates to logService.getNamespaces" time="0.000294087">
        </testcase>
        <testcase classname="src/main/ipc/app-handlers.test.ts" name="app-handlers &gt; GET_LOG_PATH delegates to logService.getLogPath" time="0.000251718">
        </testcase>
        <testcase classname="src/main/ipc/app-handlers.test.ts" name="app-handlers &gt; GET_CLUBHOUSE_MODE_SETTINGS delegates to clubhouseModeSettings" time="0.000262368">
        </testcase>
        <testcase classname="src/main/ipc/app-handlers.test.ts" name="app-handlers &gt; SAVE_CLUBHOUSE_MODE_SETTINGS enables templates and exclusions on first enable" time="0.001673446">
        </testcase>
        <testcase classname="src/main/ipc/app-handlers.test.ts" name="app-handlers &gt; SAVE_CLUBHOUSE_MODE_SETTINGS removes exclusions on disable" time="0.000298977">
        </testcase>
        <testcase classname="src/main/ipc/app-handlers.test.ts" name="app-handlers &gt; SAVE_CLUBHOUSE_MODE_SETTINGS does not touch exclusions when state unchanged" time="0.000466378">
        </testcase>
        <testcase classname="src/main/ipc/app-handlers.test.ts" name="app-handlers &gt; SAVE_CLUBHOUSE_MODE_SETTINGS gracefully handles resolveOrchestrator failure on enable" time="0.000384607">
        </testcase>
        <testcase classname="src/main/ipc/app-handlers.test.ts" name="app-handlers &gt; rejects non-string URL for OPEN_EXTERNAL_URL" time="0.001233106">
        </testcase>
        <testcase classname="src/main/ipc/app-handlers.test.ts" name="app-handlers &gt; rejects non-object for SAVE_NOTIFICATION_SETTINGS" time="0.000313975">
        </testcase>
        <testcase classname="src/main/ipc/app-handlers.test.ts" name="app-handlers &gt; rejects non-boolean for SEND_NOTIFICATION silent param" time="0.000331658">
        </testcase>
        <testcase classname="src/main/ipc/app-handlers.test.ts" name="app-handlers &gt; rejects non-number for SET_DOCK_BADGE" time="0.000303846">
        </testcase>
        <testcase classname="src/main/ipc/app-handlers.test.ts" name="app-handlers &gt; rejects non-object for SAVE_UPDATE_SETTINGS" time="0.000394905">
        </testcase>
        <testcase classname="src/main/ipc/app-handlers.test.ts" name="app-handlers &gt; rejects non-string for DELETE_SOUND_PACK" time="0.000339241">
        </testcase>
        <testcase classname="src/main/ipc/app-handlers.test.ts" name="app-handlers &gt; rejects non-object for LOG_WRITE" time="0.000286203">
        </testcase>
    </testsuite>
    <testsuite name="src/main/ipc/file-handlers.test.ts" timestamp="2026-03-25T04:47:29.264Z" hostname="runnervm46oaq" tests="36" failures="0" errors="0" skipped="0" time="0.036472231">
        <testcase classname="src/main/ipc/file-handlers.test.ts" name="file-handlers &gt; registers all file IPC handlers" time="0.004752282">
        </testcase>
        <testcase classname="src/main/ipc/file-handlers.test.ts" name="file-handlers &gt; READ_TREE delegates to fileService.readTree with options" time="0.005035387">
        </testcase>
        <testcase classname="src/main/ipc/file-handlers.test.ts" name="file-handlers &gt; READ_TREE passes an AbortSignal that aborts when sender is destroyed" time="0.001114606">
        </testcase>
        <testcase classname="src/main/ipc/file-handlers.test.ts" name="file-handlers &gt; READ_TREE removes the destroyed listener after completion" time="0.000901659">
        </testcase>
        <testcase classname="src/main/ipc/file-handlers.test.ts" name="file-handlers &gt; READ delegates to fileService.readFile" time="0.000781405">
        </testcase>
        <testcase classname="src/main/ipc/file-handlers.test.ts" name="file-handlers &gt; WRITE delegates to fileService.writeFile" time="0.000666601">
        </testcase>
        <testcase classname="src/main/ipc/file-handlers.test.ts" name="file-handlers &gt; READ_BINARY delegates to fileService.readBinary" time="0.000729709">
        </testcase>
        <testcase classname="src/main/ipc/file-handlers.test.ts" name="file-handlers &gt; SHOW_IN_FOLDER delegates to shell.showItemInFolder" time="0.00052082">
        </testcase>
        <testcase classname="src/main/ipc/file-handlers.test.ts" name="file-handlers &gt; MKDIR delegates to fileService.mkdir" time="0.001084099">
        </testcase>
        <testcase classname="src/main/ipc/file-handlers.test.ts" name="file-handlers &gt; DELETE delegates to fileService.deleteFile" time="0.000754174">
        </testcase>
        <testcase classname="src/main/ipc/file-handlers.test.ts" name="file-handlers &gt; RENAME delegates to fileService.rename" time="0.000691027">
        </testcase>
        <testcase classname="src/main/ipc/file-handlers.test.ts" name="file-handlers &gt; COPY delegates to fileService.copy" time="0.000621768">
        </testcase>
        <testcase classname="src/main/ipc/file-handlers.test.ts" name="file-handlers &gt; STAT delegates to fileService.stat" time="0.000747002">
        </testcase>
        <testcase classname="src/main/ipc/file-handlers.test.ts" name="file-handlers &gt; rejects invalid path arguments before delegating" time="0.001577508">
        </testcase>
        <testcase classname="src/main/ipc/file-handlers.test.ts" name="file-handlers &gt; READ throws descriptive error and logs when readFile fails" time="0.001603797">
        </testcase>
        <testcase classname="src/main/ipc/file-handlers.test.ts" name="file-handlers &gt; READ handles permission errors with EACCES code" time="0.000721443">
        </testcase>
        <testcase classname="src/main/ipc/file-handlers.test.ts" name="file-handlers &gt; READ uses UNKNOWN code when error has no code property" time="0.000564231">
        </testcase>
        <testcase classname="src/main/ipc/file-handlers.test.ts" name="file-handlers &gt; OPEN_IN_EDITOR spawns the configured editor command" time="0.00075183">
        </testcase>
        <testcase classname="src/main/ipc/file-handlers.test.ts" name="file-handlers &gt; OPEN_IN_EDITOR uses the editor command from settings" time="0.000661132">
        </testcase>
        <testcase classname="src/main/ipc/file-handlers.test.ts" name="file-handlers &gt; path sandboxing &gt; validates path for single-path handlers" time="0.00124089">
        </testcase>
        <testcase classname="src/main/ipc/file-handlers.test.ts" name="file-handlers &gt; path sandboxing &gt; validates path for READ_TREE" time="0.001480537">
        </testcase>
        <testcase classname="src/main/ipc/file-handlers.test.ts" name="file-handlers &gt; path sandboxing &gt; validates both paths for RENAME" time="0.000391048">
        </testcase>
        <testcase classname="src/main/ipc/file-handlers.test.ts" name="file-handlers &gt; path sandboxing &gt; validates both paths for COPY" time="0.000382062">
        </testcase>
        <testcase classname="src/main/ipc/file-handlers.test.ts" name="file-handlers &gt; path sandboxing &gt; validates rootPath for SEARCH" time="0.00051576">
        </testcase>
        <testcase classname="src/main/ipc/file-handlers.test.ts" name="file-handlers &gt; path sandboxing &gt; blocks file operations when path is outside sandbox" time="0.000573949">
        </testcase>
        <testcase classname="src/main/ipc/file-handlers.test.ts" name="file-handlers &gt; path sandboxing &gt; blocks write operations when path is outside sandbox" time="0.000577987">
        </testcase>
        <testcase classname="src/main/ipc/file-handlers.test.ts" name="file-handlers &gt; path sandboxing &gt; blocks delete operations when path is outside sandbox" time="0.000573368">
        </testcase>
        <testcase classname="src/main/ipc/file-handlers.test.ts" name="file-handlers &gt; path sandboxing &gt; blocks rename when destination is outside sandbox" time="0.000593425">
        </testcase>
        <testcase classname="src/main/ipc/file-handlers.test.ts" name="file-handlers &gt; path sandboxing &gt; blocks copy when source is outside sandbox" time="0.000617109">
        </testcase>
        <testcase classname="src/main/ipc/file-handlers.test.ts" name="file-handlers &gt; path sandboxing &gt; awaits assertAllowedPath before performing file operations" time="0.000274521">
        </testcase>
        <testcase classname="src/main/ipc/file-handlers.test.ts" name="file-handlers &gt; path sandboxing &gt; awaits assertAllowedPath before performing write operations" time="0.000267669">
        </testcase>
        <testcase classname="src/main/ipc/file-handlers.test.ts" name="file-handlers &gt; path sandboxing &gt; awaits assertAllowedPath before performing delete operations" time="0.000297784">
        </testcase>
        <testcase classname="src/main/ipc/file-handlers.test.ts" name="file-handlers &gt; error handling with structured logging &gt; WRITE logs and rethrows on failure" time="0.000525058">
        </testcase>
        <testcase classname="src/main/ipc/file-handlers.test.ts" name="file-handlers &gt; error handling with structured logging &gt; MKDIR logs and rethrows on failure" time="0.000465517">
        </testcase>
        <testcase classname="src/main/ipc/file-handlers.test.ts" name="file-handlers &gt; error handling with structured logging &gt; DELETE logs and rethrows on failure" time="0.000417428">
        </testcase>
        <testcase classname="src/main/ipc/file-handlers.test.ts" name="file-handlers &gt; error handling with structured logging &gt; STAT logs and rethrows on failure" time="0.000399754">
        </testcase>
    </testsuite>
    <testsuite name="src/main/ipc/git-handlers.test.ts" timestamp="2026-03-25T04:47:29.270Z" hostname="runnervm46oaq" tests="17" failures="0" errors="0" skipped="0" time="0.025223203">
        <testcase classname="src/main/ipc/git-handlers.test.ts" name="git-handlers &gt; registers all git IPC handlers" time="0.005218377">
        </testcase>
        <testcase classname="src/main/ipc/git-handlers.test.ts" name="git-handlers &gt; INFO delegates to gitService.getGitInfo" time="0.004135335">
        </testcase>
        <testcase classname="src/main/ipc/git-handlers.test.ts" name="git-handlers &gt; INFO defers gitService.getGitInfo to an async boundary" time="0.004463814">
        </testcase>
        <testcase classname="src/main/ipc/git-handlers.test.ts" name="git-handlers &gt; CHECKOUT delegates to gitService.checkout" time="0.000608772">
        </testcase>
        <testcase classname="src/main/ipc/git-handlers.test.ts" name="git-handlers &gt; STAGE delegates to gitService.stage" time="0.00068286">
        </testcase>
        <testcase classname="src/main/ipc/git-handlers.test.ts" name="git-handlers &gt; UNSTAGE delegates to gitService.unstage" time="0.000554081">
        </testcase>
        <testcase classname="src/main/ipc/git-handlers.test.ts" name="git-handlers &gt; STAGE_ALL delegates to gitService.stageAll" time="0.00055367">
        </testcase>
        <testcase classname="src/main/ipc/git-handlers.test.ts" name="git-handlers &gt; UNSTAGE_ALL delegates to gitService.unstageAll" time="0.000440309">
        </testcase>
        <testcase classname="src/main/ipc/git-handlers.test.ts" name="git-handlers &gt; DISCARD delegates to gitService.discardFile with isUntracked flag" time="0.001231702">
        </testcase>
        <testcase classname="src/main/ipc/git-handlers.test.ts" name="git-handlers &gt; COMMIT delegates to gitService.commit" time="0.000711644">
        </testcase>
        <testcase classname="src/main/ipc/git-handlers.test.ts" name="git-handlers &gt; PUSH delegates to gitService.push" time="0.000543551">
        </testcase>
        <testcase classname="src/main/ipc/git-handlers.test.ts" name="git-handlers &gt; PULL delegates to gitService.pull" time="0.000342387">
        </testcase>
        <testcase classname="src/main/ipc/git-handlers.test.ts" name="git-handlers &gt; DIFF delegates to gitService.getFileDiff" time="0.000454305">
        </testcase>
        <testcase classname="src/main/ipc/git-handlers.test.ts" name="git-handlers &gt; CREATE_BRANCH delegates to gitService.createBranch" time="0.000323892">
        </testcase>
        <testcase classname="src/main/ipc/git-handlers.test.ts" name="git-handlers &gt; STASH delegates to gitService.stash" time="0.000440399">
        </testcase>
        <testcase classname="src/main/ipc/git-handlers.test.ts" name="git-handlers &gt; STASH_POP delegates to gitService.stashPop" time="0.000340604">
        </testcase>
        <testcase classname="src/main/ipc/git-handlers.test.ts" name="git-handlers &gt; rejects invalid file arguments before delegating" time="0.001447333">
        </testcase>
    </testsuite>
    <testsuite name="src/main/ipc/index.integration.test.ts" timestamp="2026-03-25T04:47:29.272Z" hostname="runnervm46oaq" tests="15" failures="0" errors="0" skipped="0" time="0.032449658">
        <testcase classname="src/main/ipc/index.integration.test.ts" name="registerAllHandlers — integration &gt; registers handlers across multiple modules via ipcMain.handle" time="0.007704718">
        </testcase>
        <testcase classname="src/main/ipc/index.integration.test.ts" name="registerAllHandlers — integration &gt; registers fire-and-forget handlers via ipcMain.on" time="0.001011634">
        </testcase>
        <testcase classname="src/main/ipc/index.integration.test.ts" name="registerAllHandlers — integration &gt; GET_VERSION handler returns the app version" time="0.000984724">
        </testcase>
        <testcase classname="src/main/ipc/index.integration.test.ts" name="registerAllHandlers — integration &gt; GET_NOTIFICATION_SETTINGS handler delegates to notificationService" time="0.001759827">
        </testcase>
        <testcase classname="src/main/ipc/index.integration.test.ts" name="registerAllHandlers — integration &gt; SAVE_NOTIFICATION_SETTINGS handler passes settings to service" time="0.001733148">
        </testcase>
        <testcase classname="src/main/ipc/index.integration.test.ts" name="registerAllHandlers — integration &gt; PROJECT.LIST handler returns projects from the store" time="0.001110798">
        </testcase>
        <testcase classname="src/main/ipc/index.integration.test.ts" name="registerAllHandlers — integration &gt; PROJECT.ADD handler adds and returns the new project" time="0.001491558">
        </testcase>
        <testcase classname="src/main/ipc/index.integration.test.ts" name="registerAllHandlers — integration &gt; PROCESS.EXEC rejects requests with missing pluginId" time="0.002075716">
        </testcase>
        <testcase classname="src/main/ipc/index.integration.test.ts" name="registerAllHandlers — integration &gt; PROCESS.EXEC rejects commands with path separators" time="0.00498912">
        </testcase>
        <testcase classname="src/main/ipc/index.integration.test.ts" name="registerAllHandlers — integration &gt; PROCESS.EXEC rejects commands not in the server-side manifest" time="0.001847511">
        </testcase>
        <testcase classname="src/main/ipc/index.integration.test.ts" name="registerAllHandlers — integration &gt; PROCESS.EXEC executes allowed commands and returns output" time="0.0017133">
        </testcase>
        <testcase classname="src/main/ipc/index.integration.test.ts" name="registerAllHandlers — integration &gt; LOG_WRITE handler delegates to logService.log" time="0.001647778">
        </testcase>
        <testcase classname="src/main/ipc/index.integration.test.ts" name="registerAllHandlers — integration &gt; GET_LOG_PATH handler returns the log file path" time="0.00064438">
        </testcase>
        <testcase classname="src/main/ipc/index.integration.test.ts" name="registerAllHandlers — integration &gt; PROFILE.GET_SETTINGS handler returns profile settings" time="0.001010272">
        </testcase>
        <testcase classname="src/main/ipc/index.integration.test.ts" name="registerAllHandlers — integration &gt; PROFILE.SAVE_PROFILE handler delegates to profileSettings" time="0.000789941">
        </testcase>
    </testsuite>
    <testsuite name="src/main/ipc/index.test.ts" timestamp="2026-03-25T04:47:29.275Z" hostname="runnervm46oaq" tests="7" failures="0" errors="0" skipped="0" time="0.011967663">
        <testcase classname="src/main/ipc/index.test.ts" name="registerAllHandlers &gt; calls all handler registration functions" time="0.006298778">
        </testcase>
        <testcase classname="src/main/ipc/index.test.ts" name="registerAllHandlers &gt; registers orchestrator providers before other handlers" time="0.000799207">
        </testcase>
        <testcase classname="src/main/ipc/index.test.ts" name="registerAllHandlers &gt; registers broadcast policies before handlers" time="0.000570331">
        </testcase>
        <testcase classname="src/main/ipc/index.test.ts" name="registerAllHandlers &gt; initializes logging before registering handlers" time="0.00054809">
        </testcase>
        <testcase classname="src/main/ipc/index.test.ts" name="registerAllHandlers &gt; starts the hook server" time="0.000457131">
        </testcase>
        <testcase classname="src/main/ipc/index.test.ts" name="registerAllHandlers &gt; calls maybeStartAnnex after handler registration" time="0.00042986">
        </testcase>
        <testcase classname="src/main/ipc/index.test.ts" name="registerAllHandlers &gt; calls maybeStartAnnexClient after handler registration" time="0.000477568">
        </testcase>
    </testsuite>
    <testsuite name="src/main/ipc/marketplace-handlers.test.ts" timestamp="2026-03-25T04:47:29.276Z" hostname="runnervm46oaq" tests="15" failures="0" errors="0" skipped="0" time="0.018176763">
        <testcase classname="src/main/ipc/marketplace-handlers.test.ts" name="marketplace-handlers &gt; registers all marketplace IPC handlers" time="0.004232934">
        </testcase>
        <testcase classname="src/main/ipc/marketplace-handlers.test.ts" name="marketplace-handlers &gt; FETCH_REGISTRY delegates to marketplaceService.fetchRegistry" time="0.001851625">
        </testcase>
        <testcase classname="src/main/ipc/marketplace-handlers.test.ts" name="marketplace-handlers &gt; INSTALL_PLUGIN delegates to marketplaceService.installPlugin" time="0.001715952">
        </testcase>
        <testcase classname="src/main/ipc/marketplace-handlers.test.ts" name="marketplace-handlers &gt; CHECK_PLUGIN_UPDATES delegates to pluginUpdateService" time="0.000572204">
        </testcase>
        <testcase classname="src/main/ipc/marketplace-handlers.test.ts" name="marketplace-handlers &gt; UPDATE_PLUGIN delegates to pluginUpdateService.updatePlugin" time="0.000672551">
        </testcase>
        <testcase classname="src/main/ipc/marketplace-handlers.test.ts" name="marketplace-handlers &gt; LIST_CUSTOM delegates to customMarketplaceService.listCustomMarketplaces" time="0.000391348">
        </testcase>
        <testcase classname="src/main/ipc/marketplace-handlers.test.ts" name="marketplace-handlers &gt; ADD_CUSTOM delegates to customMarketplaceService.addCustomMarketplace" time="0.000973792">
        </testcase>
        <testcase classname="src/main/ipc/marketplace-handlers.test.ts" name="marketplace-handlers &gt; REMOVE_CUSTOM delegates to customMarketplaceService.removeCustomMarketplace" time="0.000498226">
        </testcase>
        <testcase classname="src/main/ipc/marketplace-handlers.test.ts" name="marketplace-handlers &gt; TOGGLE_CUSTOM delegates to customMarketplaceService.toggleCustomMarketplace" time="0.00103202">
        </testcase>
        <testcase classname="src/main/ipc/marketplace-handlers.test.ts" name="marketplace-handlers &gt; rejects non-object for INSTALL_PLUGIN" time="0.001371842">
        </testcase>
        <testcase classname="src/main/ipc/marketplace-handlers.test.ts" name="marketplace-handlers &gt; rejects INSTALL_PLUGIN with missing pluginId" time="0.000551405">
        </testcase>
        <testcase classname="src/main/ipc/marketplace-handlers.test.ts" name="marketplace-handlers &gt; rejects non-object for UPDATE_PLUGIN" time="0.000390226">
        </testcase>
        <testcase classname="src/main/ipc/marketplace-handlers.test.ts" name="marketplace-handlers &gt; rejects ADD_CUSTOM with missing name" time="0.000388703">
        </testcase>
        <testcase classname="src/main/ipc/marketplace-handlers.test.ts" name="marketplace-handlers &gt; rejects REMOVE_CUSTOM with missing id" time="0.00038116">
        </testcase>
        <testcase classname="src/main/ipc/marketplace-handlers.test.ts" name="marketplace-handlers &gt; rejects TOGGLE_CUSTOM with non-boolean enabled" time="0.000380758">
        </testcase>
    </testsuite>
    <testsuite name="src/main/ipc/mcp-binding-handlers.test.ts" timestamp="2026-03-25T04:47:29.279Z" hostname="runnervm46oaq" tests="6" failures="0" errors="0" skipped="0" time="0.014997409">
        <testcase classname="src/main/ipc/mcp-binding-handlers.test.ts" name="SEC-05: MCP binding IPC authorization &gt; BIND &gt; rejects bind for unregistered agent" time="0.006601921">
        </testcase>
        <testcase classname="src/main/ipc/mcp-binding-handlers.test.ts" name="SEC-05: MCP binding IPC authorization &gt; BIND &gt; allows bind for registered agent" time="0.00254243">
        </testcase>
        <testcase classname="src/main/ipc/mcp-binding-handlers.test.ts" name="SEC-05: MCP binding IPC authorization &gt; UNBIND &gt; rejects unbind for unregistered agent" time="0.000738865">
        </testcase>
        <testcase classname="src/main/ipc/mcp-binding-handlers.test.ts" name="SEC-05: MCP binding IPC authorization &gt; UNBIND &gt; allows unbind for registered agent" time="0.000701335">
        </testcase>
        <testcase classname="src/main/ipc/mcp-binding-handlers.test.ts" name="SEC-05: MCP binding IPC authorization &gt; SET_INSTRUCTIONS &gt; rejects setInstructions for unregistered agent" time="0.00080644">
        </testcase>
        <testcase classname="src/main/ipc/mcp-binding-handlers.test.ts" name="SEC-05: MCP binding IPC authorization &gt; SET_INSTRUCTIONS &gt; allows setInstructions for registered agent" time="0.000990222">
        </testcase>
    </testsuite>
    <testsuite name="src/main/ipc/plugin-handlers.test.ts" timestamp="2026-03-25T04:47:29.281Z" hostname="runnervm46oaq" tests="24" failures="0" errors="0" skipped="0" time="0.01730225">
        <testcase classname="src/main/ipc/plugin-handlers.test.ts" name="plugin-handlers &gt; registers all plugin IPC handlers" time="0.00341731">
        </testcase>
        <testcase classname="src/main/ipc/plugin-handlers.test.ts" name="plugin-handlers &gt; DISCOVER_COMMUNITY delegates to pluginDiscovery" time="0.000480101">
        </testcase>
        <testcase classname="src/main/ipc/plugin-handlers.test.ts" name="plugin-handlers &gt; STORAGE_READ delegates to pluginStorage.readKey" time="0.001537273">
        </testcase>
        <testcase classname="src/main/ipc/plugin-handlers.test.ts" name="plugin-handlers &gt; STORAGE_WRITE delegates to pluginStorage.writeKey" time="0.000495369">
        </testcase>
        <testcase classname="src/main/ipc/plugin-handlers.test.ts" name="plugin-handlers &gt; STORAGE_DELETE delegates to pluginStorage.deleteKey" time="0.000541906">
        </testcase>
        <testcase classname="src/main/ipc/plugin-handlers.test.ts" name="plugin-handlers &gt; STORAGE_LIST delegates to pluginStorage.listKeys" time="0.000696673">
        </testcase>
        <testcase classname="src/main/ipc/plugin-handlers.test.ts" name="plugin-handlers &gt; FILE_READ delegates to pluginStorage.readPluginFile" time="0.000556322">
        </testcase>
        <testcase classname="src/main/ipc/plugin-handlers.test.ts" name="plugin-handlers &gt; FILE_WRITE delegates to pluginStorage.writePluginFile" time="0.000413688">
        </testcase>
        <testcase classname="src/main/ipc/plugin-handlers.test.ts" name="plugin-handlers &gt; FILE_DELETE delegates to pluginStorage.deletePluginFile" time="0.000826644">
        </testcase>
        <testcase classname="src/main/ipc/plugin-handlers.test.ts" name="plugin-handlers &gt; FILE_EXISTS delegates to pluginStorage.pluginFileExists" time="0.000544911">
        </testcase>
        <testcase classname="src/main/ipc/plugin-handlers.test.ts" name="plugin-handlers &gt; FILE_LIST_DIR delegates to pluginStorage.listPluginDir" time="0.000612366">
        </testcase>
        <testcase classname="src/main/ipc/plugin-handlers.test.ts" name="plugin-handlers &gt; GITIGNORE_ADD delegates to gitignoreManager.addEntries" time="0.000424728">
        </testcase>
        <testcase classname="src/main/ipc/plugin-handlers.test.ts" name="plugin-handlers &gt; GITIGNORE_REMOVE delegates to gitignoreManager.removeEntries" time="0.000293094">
        </testcase>
        <testcase classname="src/main/ipc/plugin-handlers.test.ts" name="plugin-handlers &gt; GITIGNORE_CHECK delegates to gitignoreManager.isIgnored" time="0.000312741">
        </testcase>
        <testcase classname="src/main/ipc/plugin-handlers.test.ts" name="plugin-handlers &gt; STARTUP_MARKER_READ delegates to safeMode.readMarker" time="0.000330844">
        </testcase>
        <testcase classname="src/main/ipc/plugin-handlers.test.ts" name="plugin-handlers &gt; STARTUP_MARKER_WRITE delegates to safeMode.writeMarker" time="0.000406635">
        </testcase>
        <testcase classname="src/main/ipc/plugin-handlers.test.ts" name="plugin-handlers &gt; STARTUP_MARKER_CLEAR delegates to safeMode.clearMarker" time="0.000247239">
        </testcase>
        <testcase classname="src/main/ipc/plugin-handlers.test.ts" name="plugin-handlers &gt; MKDIR delegates to pluginStorage.mkdirPlugin" time="0.00029613">
        </testcase>
        <testcase classname="src/main/ipc/plugin-handlers.test.ts" name="plugin-handlers &gt; UNINSTALL delegates to pluginDiscovery.uninstallPlugin" time="0.000310737">
        </testcase>
        <testcase classname="src/main/ipc/plugin-handlers.test.ts" name="plugin-handlers &gt; REFRESH_MANIFEST_FROM_DISK delegates to pluginDiscovery.refreshManifestFromDisk" time="0.000272005">
        </testcase>
        <testcase classname="src/main/ipc/plugin-handlers.test.ts" name="plugin-handlers &gt; LIST_PROJECT_INJECTIONS delegates to pluginDiscovery.listProjectPluginInjections" time="0.000813549">
        </testcase>
        <testcase classname="src/main/ipc/plugin-handlers.test.ts" name="plugin-handlers &gt; CLEANUP_PROJECT_INJECTIONS delegates to pluginDiscovery.cleanupProjectPluginInjections" time="0.000294527">
        </testcase>
        <testcase classname="src/main/ipc/plugin-handlers.test.ts" name="plugin-handlers &gt; LIST_ORPHANED_PLUGIN_IDS delegates to pluginDiscovery.listOrphanedPluginIds" time="0.00036651">
        </testcase>
        <testcase classname="src/main/ipc/plugin-handlers.test.ts" name="plugin-handlers &gt; rejects invalid mkdir arguments before delegating" time="0.001072931">
        </testcase>
    </testsuite>
    <testsuite name="src/main/ipc/process-handlers.test.ts" timestamp="2026-03-25T04:47:29.285Z" hostname="runnervm46oaq" tests="18" failures="0" errors="0" skipped="0" time="0.012146154">
        <testcase classname="src/main/ipc/process-handlers.test.ts" name="process-handlers &gt; registers EXEC handler" time="0.002098814">
        </testcase>
        <testcase classname="src/main/ipc/process-handlers.test.ts" name="process-handlers &gt; rejects requests with missing pluginId" time="0.001145004">
        </testcase>
        <testcase classname="src/main/ipc/process-handlers.test.ts" name="process-handlers &gt; looks up allowedCommands from server-side registry, not IPC payload" time="0.001257313">
        </testcase>
        <testcase classname="src/main/ipc/process-handlers.test.ts" name="process-handlers &gt; rejects command when server-side manifest has no allowedCommands" time="0.000419238">
        </testcase>
        <testcase classname="src/main/ipc/process-handlers.test.ts" name="process-handlers &gt; allows command when server-side manifest permits it" time="0.000627304">
        </testcase>
        <testcase classname="src/main/ipc/process-handlers.test.ts" name="process-handlers &gt; rejects command not in server-side manifest even if in forged payload" time="0.000358174">
        </testcase>
        <testcase classname="src/main/ipc/process-handlers.test.ts" name="process-handlers &gt; rejects commands with forward slash path separators" time="0.000289527">
        </testcase>
        <testcase classname="src/main/ipc/process-handlers.test.ts" name="process-handlers &gt; rejects commands with backslash path separators" time="0.000282213">
        </testcase>
        <testcase classname="src/main/ipc/process-handlers.test.ts" name="process-handlers &gt; rejects commands with path traversal" time="0.000539751">
        </testcase>
        <testcase classname="src/main/ipc/process-handlers.test.ts" name="process-handlers &gt; rejects empty commands" time="0.00033367">
        </testcase>
        <testcase classname="src/main/ipc/process-handlers.test.ts" name="process-handlers &gt; rejects invalid argument types before policy checks run" time="0.001030261">
        </testcase>
        <testcase classname="src/main/ipc/process-handlers.test.ts" name="process-handlers &gt; executes valid commands via execFile" time="0.000316167">
        </testcase>
        <testcase classname="src/main/ipc/process-handlers.test.ts" name="process-handlers &gt; handles command timeout (killed)" time="0.000260253">
        </testcase>
        <testcase classname="src/main/ipc/process-handlers.test.ts" name="process-handlers &gt; handles non-zero exit codes" time="0.000237189">
        </testcase>
        <testcase classname="src/main/ipc/process-handlers.test.ts" name="process-handlers &gt; clamps timeout below MIN_TIMEOUT (100) to 100" time="0.000387508">
        </testcase>
        <testcase classname="src/main/ipc/process-handlers.test.ts" name="process-handlers &gt; clamps timeout above MAX_TIMEOUT (60000) to 60000" time="0.000237781">
        </testcase>
        <testcase classname="src/main/ipc/process-handlers.test.ts" name="process-handlers &gt; uses DEFAULT_TIMEOUT (15000) when no timeout option provided" time="0.000219758">
        </testcase>
        <testcase classname="src/main/ipc/process-handlers.test.ts" name="process-handlers &gt; falls back to error.message when stderr is empty" time="0.000260994">
        </testcase>
    </testsuite>
    <testsuite name="src/main/ipc/profile-handlers.test.ts" timestamp="2026-03-25T04:47:29.287Z" hostname="runnervm46oaq" tests="13" failures="0" errors="0" skipped="0" time="0.015830408">
        <testcase classname="src/main/ipc/profile-handlers.test.ts" name="profile-handlers &gt; registers all 4 IPC channels" time="0.002982628">
        </testcase>
        <testcase classname="src/main/ipc/profile-handlers.test.ts" name="profile-handlers &gt; GET_SETTINGS &gt; returns settings from profile-settings service" time="0.001396758">
        </testcase>
        <testcase classname="src/main/ipc/profile-handlers.test.ts" name="profile-handlers &gt; GET_SETTINGS &gt; returns empty profiles when none exist" time="0.000574739">
        </testcase>
        <testcase classname="src/main/ipc/profile-handlers.test.ts" name="profile-handlers &gt; SAVE_PROFILE &gt; delegates to profileSettings.saveProfile" time="0.002081833">
        </testcase>
        <testcase classname="src/main/ipc/profile-handlers.test.ts" name="profile-handlers &gt; SAVE_PROFILE &gt; saves profile with empty orchestrators" time="0.000657633">
        </testcase>
        <testcase classname="src/main/ipc/profile-handlers.test.ts" name="profile-handlers &gt; DELETE_PROFILE &gt; delegates to profileSettings.deleteProfile with profileId" time="0.000426142">
        </testcase>
        <testcase classname="src/main/ipc/profile-handlers.test.ts" name="profile-handlers &gt; DELETE_PROFILE &gt; rejects empty string profileId" time="0.001400636">
        </testcase>
        <testcase classname="src/main/ipc/profile-handlers.test.ts" name="profile-handlers &gt; GET_PROFILE_ENV_KEYS &gt; returns env keys from provider" time="0.000816669">
        </testcase>
        <testcase classname="src/main/ipc/profile-handlers.test.ts" name="profile-handlers &gt; GET_PROFILE_ENV_KEYS &gt; returns empty array when provider not found" time="0.000879185">
        </testcase>
        <testcase classname="src/main/ipc/profile-handlers.test.ts" name="profile-handlers &gt; GET_PROFILE_ENV_KEYS &gt; returns empty array when provider returns empty keys" time="0.000613772">
        </testcase>
        <testcase classname="src/main/ipc/profile-handlers.test.ts" name="profile-handlers &gt; validation &gt; rejects non-object for SAVE_PROFILE" time="0.000652303">
        </testcase>
        <testcase classname="src/main/ipc/profile-handlers.test.ts" name="profile-handlers &gt; validation &gt; rejects non-string for DELETE_PROFILE" time="0.000475064">
        </testcase>
        <testcase classname="src/main/ipc/profile-handlers.test.ts" name="profile-handlers &gt; validation &gt; rejects non-string for GET_PROFILE_ENV_KEYS" time="0.000485914">
        </testcase>
    </testsuite>
    <testsuite name="src/main/ipc/project-handlers.test.ts" timestamp="2026-03-25T04:47:29.290Z" hostname="runnervm46oaq" tests="44" failures="0" errors="0" skipped="0" time="0.026554896">
        <testcase classname="src/main/ipc/project-handlers.test.ts" name="project-handlers &gt; registers all expected IPC handlers" time="0.003282442">
        </testcase>
        <testcase classname="src/main/ipc/project-handlers.test.ts" name="project-handlers &gt; LIST delegates to projectStore.list" time="0.000990255">
        </testcase>
        <testcase classname="src/main/ipc/project-handlers.test.ts" name="project-handlers &gt; ADD delegates to projectStore.add and calls ensureGitignore" time="0.001273351">
        </testcase>
        <testcase classname="src/main/ipc/project-handlers.test.ts" name="project-handlers &gt; ADD returns project even when ensureGitignore throws" time="0.000684224">
        </testcase>
        <testcase classname="src/main/ipc/project-handlers.test.ts" name="project-handlers &gt; rejects invalid project paths before delegating" time="0.001221305">
        </testcase>
        <testcase classname="src/main/ipc/project-handlers.test.ts" name="project-handlers &gt; REMOVE delegates to projectStore.remove" time="0.000382633">
        </testcase>
        <testcase classname="src/main/ipc/project-handlers.test.ts" name="project-handlers &gt; PICK_DIR opens dialog with createDirectory property" time="0.001909786">
        </testcase>
        <testcase classname="src/main/ipc/project-handlers.test.ts" name="project-handlers &gt; PICK_DIR returns null when no focused window" time="0.000361743">
        </testcase>
        <testcase classname="src/main/ipc/project-handlers.test.ts" name="project-handlers &gt; PICK_DIR returns null when dialog is canceled" time="0.000734889">
        </testcase>
        <testcase classname="src/main/ipc/project-handlers.test.ts" name="project-handlers &gt; PICK_DIR returns selected path on success" time="0.000432766">
        </testcase>
        <testcase classname="src/main/ipc/project-handlers.test.ts" name="project-handlers &gt; CHECK_GIT returns true when inside a git repo" time="0.000445028">
        </testcase>
        <testcase classname="src/main/ipc/project-handlers.test.ts" name="project-handlers &gt; CHECK_GIT returns false when not inside a git repo" time="0.000358478">
        </testcase>
        <testcase classname="src/main/ipc/project-handlers.test.ts" name="project-handlers &gt; GIT_INIT runs git init and returns true on success" time="0.00068233">
        </testcase>
        <testcase classname="src/main/ipc/project-handlers.test.ts" name="project-handlers &gt; GIT_INIT returns false when execSync throws" time="0.000325697">
        </testcase>
        <testcase classname="src/main/ipc/project-handlers.test.ts" name="project-handlers &gt; UPDATE delegates to projectStore.update with id and updates" time="0.000529887">
        </testcase>
        <testcase classname="src/main/ipc/project-handlers.test.ts" name="project-handlers &gt; PICK_ICON returns null when no focused window" time="0.000379406">
        </testcase>
        <testcase classname="src/main/ipc/project-handlers.test.ts" name="project-handlers &gt; PICK_ICON returns null when dialog is canceled" time="0.00027335">
        </testcase>
        <testcase classname="src/main/ipc/project-handlers.test.ts" name="project-handlers &gt; PICK_ICON calls setIcon and returns filename on success" time="0.000348048">
        </testcase>
        <testcase classname="src/main/ipc/project-handlers.test.ts" name="project-handlers &gt; PICK_ICON shows dialog with image file filters" time="0.00071926">
        </testcase>
        <testcase classname="src/main/ipc/project-handlers.test.ts" name="project-handlers &gt; REORDER delegates to projectStore.reorder" time="0.000405475">
        </testcase>
        <testcase classname="src/main/ipc/project-handlers.test.ts" name="project-handlers &gt; READ_ICON delegates to projectStore.readIconData" time="0.000342638">
        </testcase>
        <testcase classname="src/main/ipc/project-handlers.test.ts" name="project-handlers &gt; PICK_IMAGE returns null when no focused window" time="0.000321248">
        </testcase>
        <testcase classname="src/main/ipc/project-handlers.test.ts" name="project-handlers &gt; PICK_IMAGE returns null when dialog is canceled" time="0.000306391">
        </testcase>
        <testcase classname="src/main/ipc/project-handlers.test.ts" name="project-handlers &gt; PICK_IMAGE returns base64 data URL for PNG" time="0.000466709">
        </testcase>
        <testcase classname="src/main/ipc/project-handlers.test.ts" name="project-handlers &gt; PICK_IMAGE returns correct MIME for JPEG" time="0.00036478">
        </testcase>
        <testcase classname="src/main/ipc/project-handlers.test.ts" name="project-handlers &gt; PICK_IMAGE returns correct MIME for GIF" time="0.000280462">
        </testcase>
        <testcase classname="src/main/ipc/project-handlers.test.ts" name="project-handlers &gt; PICK_IMAGE returns correct MIME for WebP" time="0.000274371">
        </testcase>
        <testcase classname="src/main/ipc/project-handlers.test.ts" name="project-handlers &gt; PICK_IMAGE returns correct MIME for SVG" time="0.001195102">
        </testcase>
        <testcase classname="src/main/ipc/project-handlers.test.ts" name="project-handlers &gt; PICK_IMAGE falls back to image/png for unknown extension" time="0.000240388">
        </testcase>
        <testcase classname="src/main/ipc/project-handlers.test.ts" name="project-handlers &gt; PICK_IMAGE shows dialog with image file filters" time="0.000422888">
        </testcase>
        <testcase classname="src/main/ipc/project-handlers.test.ts" name="project-handlers &gt; SAVE_CROPPED_ICON delegates to projectStore.saveCroppedIcon" time="0.000280562">
        </testcase>
        <testcase classname="src/main/ipc/project-handlers.test.ts" name="project-handlers &gt; LIST_CLUBHOUSE_FILES returns empty array when .clubhouse does not exist" time="0.000436774">
        </testcase>
        <testcase classname="src/main/ipc/project-handlers.test.ts" name="project-handlers &gt; LIST_CLUBHOUSE_FILES walks directory tree and returns files and dirs" time="0.00040308">
        </testcase>
        <testcase classname="src/main/ipc/project-handlers.test.ts" name="project-handlers &gt; LIST_CLUBHOUSE_FILES returns empty array on readdir error" time="0.000320497">
        </testcase>
        <testcase classname="src/main/ipc/project-handlers.test.ts" name="project-handlers &gt; RESET_PROJECT returns true when .clubhouse does not exist" time="0.00033276">
        </testcase>
        <testcase classname="src/main/ipc/project-handlers.test.ts" name="project-handlers &gt; RESET_PROJECT removes .clubhouse directory and returns true" time="0.000492817">
        </testcase>
        <testcase classname="src/main/ipc/project-handlers.test.ts" name="project-handlers &gt; RESET_PROJECT returns false and logs error when rm fails" time="0.000322501">
        </testcase>
        <testcase classname="src/main/ipc/project-handlers.test.ts" name="project-handlers &gt; RESET_PROJECT logs non-Error thrown values as strings" time="0.000443456">
        </testcase>
        <testcase classname="src/main/ipc/project-handlers.test.ts" name="project-handlers &gt; READ_LAUNCH_WRAPPER rejects non-string projectPath" time="0.00027918">
        </testcase>
        <testcase classname="src/main/ipc/project-handlers.test.ts" name="project-handlers &gt; WRITE_LAUNCH_WRAPPER rejects non-string projectPath" time="0.000268761">
        </testcase>
        <testcase classname="src/main/ipc/project-handlers.test.ts" name="project-handlers &gt; READ_MCP_CATALOG rejects non-string projectPath" time="0.000294759">
        </testcase>
        <testcase classname="src/main/ipc/project-handlers.test.ts" name="project-handlers &gt; WRITE_MCP_CATALOG rejects non-array catalog" time="0.000263181">
        </testcase>
        <testcase classname="src/main/ipc/project-handlers.test.ts" name="project-handlers &gt; READ_DEFAULT_MCPS rejects non-string projectPath" time="0.000257259">
        </testcase>
        <testcase classname="src/main/ipc/project-handlers.test.ts" name="project-handlers &gt; WRITE_DEFAULT_MCPS rejects non-array mcpIds" time="0.000250055">
        </testcase>
    </testsuite>
    <testsuite name="src/main/ipc/pty-handlers.test.ts" timestamp="2026-03-25T04:47:29.297Z" hostname="runnervm46oaq" tests="11" failures="0" errors="0" skipped="0" time="0.012673359">
        <testcase classname="src/main/ipc/pty-handlers.test.ts" name="pty-handlers &gt; registers handle-based PTY handlers" time="0.00234912">
        </testcase>
        <testcase classname="src/main/ipc/pty-handlers.test.ts" name="pty-handlers &gt; registers on-based PTY handlers for fire-and-forget operations" time="0.000610055">
        </testcase>
        <testcase classname="src/main/ipc/pty-handlers.test.ts" name="pty-handlers &gt; SPAWN_SHELL delegates to ptyManager.spawnShell" time="0.001412451">
        </testcase>
        <testcase classname="src/main/ipc/pty-handlers.test.ts" name="pty-handlers &gt; WRITE delegates to ptyManager.write" time="0.000639169">
        </testcase>
        <testcase classname="src/main/ipc/pty-handlers.test.ts" name="pty-handlers &gt; RESIZE delegates to ptyManager.resize" time="0.000802874">
        </testcase>
        <testcase classname="src/main/ipc/pty-handlers.test.ts" name="pty-handlers &gt; KILL delegates to ptyManager.gracefulKill" time="0.000380037">
        </testcase>
        <testcase classname="src/main/ipc/pty-handlers.test.ts" name="pty-handlers &gt; GET_BUFFER delegates to ptyManager.getBuffer" time="0.000563388">
        </testcase>
        <testcase classname="src/main/ipc/pty-handlers.test.ts" name="pty-handlers &gt; rejects invalid spawn arguments before delegating" time="0.001267157">
        </testcase>
        <testcase classname="src/main/ipc/pty-handlers.test.ts" name="pty-handlers &gt; rejects PTY write data exceeding max length" time="0.001056846">
        </testcase>
        <testcase classname="src/main/ipc/pty-handlers.test.ts" name="pty-handlers &gt; accepts PTY write data within max length" time="0.000988269">
        </testcase>
        <testcase classname="src/main/ipc/pty-handlers.test.ts" name="pty-handlers &gt; accepts empty PTY write data" time="0.000577875">
        </testcase>
    </testsuite>
    <testsuite name="src/main/ipc/settings-handlers.test.ts" timestamp="2026-03-25T04:47:29.299Z" hostname="runnervm46oaq" tests="11" failures="0" errors="0" skipped="0" time="0.010916697">
        <testcase classname="src/main/ipc/settings-handlers.test.ts" name="settings-handlers &gt; CLIPBOARD_SETTINGS definition &gt; has the correct key" time="0.002138288">
        </testcase>
        <testcase classname="src/main/ipc/settings-handlers.test.ts" name="settings-handlers &gt; CLIPBOARD_SETTINGS definition &gt; has the correct filename" time="0.000361011">
        </testcase>
        <testcase classname="src/main/ipc/settings-handlers.test.ts" name="settings-handlers &gt; CLIPBOARD_SETTINGS definition &gt; has correct defaults" time="0.001118881">
        </testcase>
        <testcase classname="src/main/ipc/settings-handlers.test.ts" name="settings-handlers &gt; clipboardSettings managed instance &gt; exposes getSettings method" time="0.000362995">
        </testcase>
        <testcase classname="src/main/ipc/settings-handlers.test.ts" name="settings-handlers &gt; clipboardSettings managed instance &gt; exposes saveSettings method" time="0.000211744">
        </testcase>
        <testcase classname="src/main/ipc/settings-handlers.test.ts" name="settings-handlers &gt; clipboardSettings managed instance &gt; reads from clipboard-settings.json" time="0.001248332">
        </testcase>
        <testcase classname="src/main/ipc/settings-handlers.test.ts" name="settings-handlers &gt; clipboardSettings managed instance &gt; registers IPC get handler for clipboard settings" time="0.00017745">
        </testcase>
        <testcase classname="src/main/ipc/settings-handlers.test.ts" name="settings-handlers &gt; clipboardSettings managed instance &gt; registers IPC save handler for clipboard settings" time="0.000167612">
        </testcase>
        <testcase classname="src/main/ipc/settings-handlers.test.ts" name="settings-handlers &gt; clipboardSettings managed instance &gt; get handler returns current settings" time="0.000717945">
        </testcase>
        <testcase classname="src/main/ipc/settings-handlers.test.ts" name="settings-handlers &gt; clipboardSettings managed instance &gt; save handler persists settings" time="0.000476306">
        </testcase>
        <testcase classname="src/main/ipc/settings-handlers.test.ts" name="settings-handlers &gt; registerSettingsHandlers &gt; is idempotent — calling twice does not double-register" time="0.000293927">
        </testcase>
    </testsuite>
    <testsuite name="src/main/ipc/validation.test.ts" timestamp="2026-03-25T04:47:29.300Z" hostname="runnervm46oaq" tests="9" failures="0" errors="0" skipped="0" time="0.011428686">
        <testcase classname="src/main/ipc/validation.test.ts" name="booleanArg &gt; rejects non-boolean values" time="0.004046907">
        </testcase>
        <testcase classname="src/main/ipc/validation.test.ts" name="booleanArg &gt; accepts boolean values" time="0.000530918">
        </testcase>
        <testcase classname="src/main/ipc/validation.test.ts" name="booleanArg &gt; allows undefined when optional" time="0.000423938">
        </testcase>
        <testcase classname="src/main/ipc/validation.test.ts" name="booleanArg &gt; rejects undefined when not optional" time="0.000434388">
        </testcase>
        <testcase classname="src/main/ipc/validation.test.ts" name="stringArg &gt; rejects non-string values" time="0.000815868">
        </testcase>
        <testcase classname="src/main/ipc/validation.test.ts" name="stringArg &gt; enforces minLength" time="0.000455006">
        </testcase>
        <testcase classname="src/main/ipc/validation.test.ts" name="stringArg &gt; enforces maxLength" time="0.000556044">
        </testcase>
        <testcase classname="src/main/ipc/validation.test.ts" name="stringArg &gt; allows empty string when minLength is 0" time="0.000265835">
        </testcase>
        <testcase classname="src/main/ipc/validation.test.ts" name="stringArg &gt; maxLength and minLength work together" time="0.001420843">
        </testcase>
    </testsuite>
    <testsuite name="src/main/ipc/window-handlers.test.ts" timestamp="2026-03-25T04:47:29.302Z" hostname="runnervm46oaq" tests="27" failures="0" errors="0" skipped="0" time="0.026661018">
        <testcase classname="src/main/ipc/window-handlers.test.ts" name="window-handlers &gt; registers all window IPC handlers" time="0.002831573">
        </testcase>
        <testcase classname="src/main/ipc/window-handlers.test.ts" name="window-handlers &gt; CREATE_POPOUT creates a new window and returns its ID" time="0.000854351">
        </testcase>
        <testcase classname="src/main/ipc/window-handlers.test.ts" name="window-handlers &gt; LIST_POPOUTS returns created windows" time="0.000522362">
        </testcase>
        <testcase classname="src/main/ipc/window-handlers.test.ts" name="window-handlers &gt; CLOSE_POPOUT closes a window" time="0.000536238">
        </testcase>
        <testcase classname="src/main/ipc/window-handlers.test.ts" name="window-handlers &gt; FOCUS_MAIN focuses the main window (non-popout)" time="0.000523024">
        </testcase>
        <testcase classname="src/main/ipc/window-handlers.test.ts" name="window-handlers &gt; FOCUS_MAIN sends navigate-to-agent when agentId is provided" time="0.001311382">
        </testcase>
        <testcase classname="src/main/ipc/window-handlers.test.ts" name="window-handlers &gt; GET_AGENT_STATE relays via REQUEST_AGENT_STATE when cache is cold" time="0.001708332">
        </testcase>
        <testcase classname="src/main/ipc/window-handlers.test.ts" name="window-handlers &gt; GET_AGENT_STATE returns empty state when no main window exists" time="0.000421234">
        </testcase>
        <testcase classname="src/main/ipc/window-handlers.test.ts" name="window-handlers &gt; GET_AGENT_STATE times out after 1.5s (reduced from 5s)" time="0.003003624">
        </testcase>
        <testcase classname="src/main/ipc/window-handlers.test.ts" name="window-handlers &gt; GET_AGENT_STATE serves from cache after AGENT_STATE_CHANGED broadcast" time="0.00164845">
        </testcase>
        <testcase classname="src/main/ipc/window-handlers.test.ts" name="window-handlers &gt; GET_AGENT_STATE batches concurrent requests into a single relay" time="0.000689665">
        </testcase>
        <testcase classname="src/main/ipc/window-handlers.test.ts" name="window-handlers &gt; AGENT_STATE_CHANGED is forwarded to all popout windows" time="0.001193172">
        </testcase>
        <testcase classname="src/main/ipc/window-handlers.test.ts" name="window-handlers &gt; GET_HUB_STATE serves from cache after HUB_STATE_CHANGED broadcast" time="0.000667714">
        </testcase>
        <testcase classname="src/main/ipc/window-handlers.test.ts" name="window-handlers &gt; GET_HUB_STATE falls back to relay when cache misses" time="0.000713579">
        </testcase>
        <testcase classname="src/main/ipc/window-handlers.test.ts" name="window-handlers &gt; GET_HUB_STATE times out after 1.5s (reduced from 5s)" time="0.000963594">
        </testcase>
        <testcase classname="src/main/ipc/window-handlers.test.ts" name="window-handlers &gt; LIST_POPOUTS cleans up destroyed windows" time="0.000494712">
        </testcase>
        <testcase classname="src/main/ipc/window-handlers.test.ts" name="window-handlers &gt; GET_AGENT_STATE does not call removeListener when relay response arrives before timeout" time="0.000547079">
        </testcase>
        <testcase classname="src/main/ipc/window-handlers.test.ts" name="window-handlers &gt; HUB_STATE_CHANGED is forwarded to all popout windows" time="0.000889026">
        </testcase>
        <testcase classname="src/main/ipc/window-handlers.test.ts" name="window-handlers &gt; rejects non-object params for CREATE_POPOUT" time="0.001155783">
        </testcase>
        <testcase classname="src/main/ipc/window-handlers.test.ts" name="window-handlers &gt; rejects invalid type for CREATE_POPOUT" time="0.000407529">
        </testcase>
        <testcase classname="src/main/ipc/window-handlers.test.ts" name="window-handlers &gt; rejects non-number windowId for CLOSE_POPOUT" time="0.000392882">
        </testcase>
        <testcase classname="src/main/ipc/window-handlers.test.ts" name="window-handlers &gt; registers FOCUS_POPOUT handler" time="0.000344332">
        </testcase>
        <testcase classname="src/main/ipc/window-handlers.test.ts" name="window-handlers &gt; FOCUS_POPOUT focuses the specified popout window" time="0.000577385">
        </testcase>
        <testcase classname="src/main/ipc/window-handlers.test.ts" name="window-handlers &gt; FOCUS_POPOUT restores minimized popout window" time="0.000680708">
        </testcase>
        <testcase classname="src/main/ipc/window-handlers.test.ts" name="window-handlers &gt; FOCUS_POPOUT is a no-op for unknown windowId" time="0.000274581">
        </testcase>
        <testcase classname="src/main/ipc/window-handlers.test.ts" name="window-handlers &gt; CREATE_POPOUT broadcasts POPOUTS_CHANGED to main window" time="0.000511733">
        </testcase>
        <testcase classname="src/main/ipc/window-handlers.test.ts" name="window-handlers &gt; HUB_MUTATION is forwarded to the main window" time="0.000597233">
        </testcase>
    </testsuite>
    <testsuite name="src/main/orchestrators/base-provider.test.ts" timestamp="2026-03-25T04:47:29.306Z" hostname="runnervm46oaq" tests="22" failures="0" errors="0" skipped="0" time="0.01450249">
        <testcase classname="src/main/orchestrators/base-provider.test.ts" name="BaseProvider &gt; findBinary &gt; delegates to findBinaryInPath with binaryNames and extraPaths" time="0.002365812">
        </testcase>
        <testcase classname="src/main/orchestrators/base-provider.test.ts" name="BaseProvider &gt; checkAvailability &gt; returns available when binary is found" time="0.000465085">
        </testcase>
        <testcase classname="src/main/orchestrators/base-provider.test.ts" name="BaseProvider &gt; checkAvailability &gt; returns unavailable with error when binary not found" time="0.000915523">
        </testcase>
        <testcase classname="src/main/orchestrators/base-provider.test.ts" name="BaseProvider &gt; checkAvailability &gt; includes binary name context in error when binary not found" time="0.000474583">
        </testcase>
        <testcase classname="src/main/orchestrators/base-provider.test.ts" name="BaseProvider &gt; getExitCommand &gt; returns /exit with carriage return" time="0.000302873">
        </testcase>
        <testcase classname="src/main/orchestrators/base-provider.test.ts" name="BaseProvider &gt; readInstructions &gt; reads from the instructions path" time="0.001363967">
        </testcase>
        <testcase classname="src/main/orchestrators/base-provider.test.ts" name="BaseProvider &gt; readInstructions &gt; returns empty string when file does not exist" time="0.000356914">
        </testcase>
        <testcase classname="src/main/orchestrators/base-provider.test.ts" name="BaseProvider &gt; writeInstructions &gt; writes to the instructions path" time="0.000740898">
        </testcase>
        <testcase classname="src/main/orchestrators/base-provider.test.ts" name="BaseProvider &gt; writeInstructions &gt; creates parent directory if it does not exist" time="0.000723867">
        </testcase>
        <testcase classname="src/main/orchestrators/base-provider.test.ts" name="BaseProvider &gt; writeInstructions (root-level instructions) &gt; does not create subdirectories when instructions are at root" time="0.00064493">
        </testcase>
        <testcase classname="src/main/orchestrators/base-provider.test.ts" name="BaseProvider &gt; getModelOptions &gt; returns fallback model options when no modelFetchConfig" time="0.000477047">
        </testcase>
        <testcase classname="src/main/orchestrators/base-provider.test.ts" name="BaseProvider &gt; getModelOptions &gt; returns a new array each call (defensive copy)" time="0.000459284">
        </testcase>
        <testcase classname="src/main/orchestrators/base-provider.test.ts" name="BaseProvider &gt; getModelOptions (with modelFetchConfig) &gt; falls back to static list when binary help fails" time="0.000631765">
        </testcase>
        <testcase classname="src/main/orchestrators/base-provider.test.ts" name="BaseProvider &gt; getModelOptions (with modelFetchConfig) &gt; parses dynamic models when binary succeeds" time="0.000437654">
        </testcase>
        <testcase classname="src/main/orchestrators/base-provider.test.ts" name="BaseProvider &gt; getModelOptions (with modelFetchConfig) &gt; falls back when parser returns null" time="0.000329122">
        </testcase>
        <testcase classname="src/main/orchestrators/base-provider.test.ts" name="BaseProvider &gt; getDefaultPermissions &gt; returns durable permissions for durable kind" time="0.000210992">
        </testcase>
        <testcase classname="src/main/orchestrators/base-provider.test.ts" name="BaseProvider &gt; getDefaultPermissions &gt; returns quick permissions for quick kind" time="0.000171078">
        </testcase>
        <testcase classname="src/main/orchestrators/base-provider.test.ts" name="BaseProvider &gt; getDefaultPermissions &gt; returns a new array each call (defensive copy)" time="0.000228515">
        </testcase>
        <testcase classname="src/main/orchestrators/base-provider.test.ts" name="BaseProvider &gt; toolVerb &gt; returns verb for known tools" time="0.000240788">
        </testcase>
        <testcase classname="src/main/orchestrators/base-provider.test.ts" name="BaseProvider &gt; toolVerb &gt; returns undefined for unknown tools" time="0.000183351">
        </testcase>
        <testcase classname="src/main/orchestrators/base-provider.test.ts" name="BaseProvider &gt; getProfileEnvKeys &gt; returns configured env keys" time="0.000183682">
        </testcase>
        <testcase classname="src/main/orchestrators/base-provider.test.ts" name="BaseProvider &gt; getProfileEnvKeys &gt; returns a new array each call (defensive copy)" time="0.000345132">
        </testcase>
    </testsuite>
    <testsuite name="src/main/orchestrators/claude-code-provider.test.ts" timestamp="2026-03-25T04:47:29.310Z" hostname="runnervm46oaq" tests="61" failures="0" errors="0" skipped="0" time="0.028669799">
        <testcase classname="src/main/orchestrators/claude-code-provider.test.ts" name="ClaudeCodeProvider &gt; identity &gt; has correct id and displayName" time="0.002198414">
        </testcase>
        <testcase classname="src/main/orchestrators/claude-code-provider.test.ts" name="ClaudeCodeProvider &gt; identity &gt; has no badge" time="0.000281364">
        </testcase>
        <testcase classname="src/main/orchestrators/claude-code-provider.test.ts" name="ClaudeCodeProvider &gt; conventions &gt; uses .claude config dir" time="0.000297745">
        </testcase>
        <testcase classname="src/main/orchestrators/claude-code-provider.test.ts" name="ClaudeCodeProvider &gt; conventions &gt; uses CLAUDE.md for local instructions" time="0.000347558">
        </testcase>
        <testcase classname="src/main/orchestrators/claude-code-provider.test.ts" name="ClaudeCodeProvider &gt; conventions &gt; uses CLAUDE.md as legacy instructions" time="0.000432145">
        </testcase>
        <testcase classname="src/main/orchestrators/claude-code-provider.test.ts" name="ClaudeCodeProvider &gt; checkAvailability &gt; returns available when binary exists" time="0.00068717">
        </testcase>
        <testcase classname="src/main/orchestrators/claude-code-provider.test.ts" name="ClaudeCodeProvider &gt; checkAvailability &gt; returns error when binary not found" time="0.00096675">
        </testcase>
        <testcase classname="src/main/orchestrators/claude-code-provider.test.ts" name="ClaudeCodeProvider &gt; checkAvailability &gt; passes shell option to execFile on Windows for .cmd compatibility" time="0.000335565">
        </testcase>
        <testcase classname="src/main/orchestrators/claude-code-provider.test.ts" name="ClaudeCodeProvider &gt; checkAvailability &gt; passes shell environment to execFile for auth check" time="0.000609384">
        </testcase>
        <testcase classname="src/main/orchestrators/claude-code-provider.test.ts" name="ClaudeCodeProvider &gt; buildSpawnCommand &gt; returns binary path and empty args by default" time="0.000943888">
        </testcase>
        <testcase classname="src/main/orchestrators/claude-code-provider.test.ts" name="ClaudeCodeProvider &gt; buildSpawnCommand &gt; adds --model flag for non-default model" time="0.001055045">
        </testcase>
        <testcase classname="src/main/orchestrators/claude-code-provider.test.ts" name="ClaudeCodeProvider &gt; buildSpawnCommand &gt; skips --model for default" time="0.000388213">
        </testcase>
        <testcase classname="src/main/orchestrators/claude-code-provider.test.ts" name="ClaudeCodeProvider &gt; buildSpawnCommand &gt; adds --allowedTools for each tool" time="0.000704091">
        </testcase>
        <testcase classname="src/main/orchestrators/claude-code-provider.test.ts" name="ClaudeCodeProvider &gt; buildSpawnCommand &gt; adds --append-system-prompt" time="0.000421244">
        </testcase>
        <testcase classname="src/main/orchestrators/claude-code-provider.test.ts" name="ClaudeCodeProvider &gt; buildSpawnCommand &gt; appends mission as last argument" time="0.000270444">
        </testcase>
        <testcase classname="src/main/orchestrators/claude-code-provider.test.ts" name="ClaudeCodeProvider &gt; buildSpawnCommand &gt; combines all options correctly" time="0.000670058">
        </testcase>
        <testcase classname="src/main/orchestrators/claude-code-provider.test.ts" name="ClaudeCodeProvider &gt; buildSpawnCommand &gt; adds --dangerously-skip-permissions when freeAgentMode is true" time="0.00026865">
        </testcase>
        <testcase classname="src/main/orchestrators/claude-code-provider.test.ts" name="ClaudeCodeProvider &gt; buildSpawnCommand &gt; does not add --dangerously-skip-permissions when freeAgentMode is false" time="0.000339031">
        </testcase>
        <testcase classname="src/main/orchestrators/claude-code-provider.test.ts" name="ClaudeCodeProvider &gt; buildSpawnCommand &gt; does not add --dangerously-skip-permissions when freeAgentMode is undefined" time="0.000271516">
        </testcase>
        <testcase classname="src/main/orchestrators/claude-code-provider.test.ts" name="ClaudeCodeProvider &gt; buildSpawnCommand &gt; places --dangerously-skip-permissions before other flags" time="0.000307763">
        </testcase>
        <testcase classname="src/main/orchestrators/claude-code-provider.test.ts" name="ClaudeCodeProvider &gt; getExitCommand &gt; returns /exit with carriage return" time="0.00014019">
        </testcase>
        <testcase classname="src/main/orchestrators/claude-code-provider.test.ts" name="ClaudeCodeProvider &gt; parseHookEvent &gt; parses PreToolUse as pre_tool" time="0.000277527">
        </testcase>
        <testcase classname="src/main/orchestrators/claude-code-provider.test.ts" name="ClaudeCodeProvider &gt; parseHookEvent &gt; parses PostToolUse as post_tool" time="0.000147825">
        </testcase>
        <testcase classname="src/main/orchestrators/claude-code-provider.test.ts" name="ClaudeCodeProvider &gt; parseHookEvent &gt; parses PostToolUseFailure as tool_error" time="0.000266256">
        </testcase>
        <testcase classname="src/main/orchestrators/claude-code-provider.test.ts" name="ClaudeCodeProvider &gt; parseHookEvent &gt; parses Stop as stop" time="0.000159968">
        </testcase>
        <testcase classname="src/main/orchestrators/claude-code-provider.test.ts" name="ClaudeCodeProvider &gt; parseHookEvent &gt; parses Notification as notification" time="0.000154137">
        </testcase>
        <testcase classname="src/main/orchestrators/claude-code-provider.test.ts" name="ClaudeCodeProvider &gt; parseHookEvent &gt; parses PermissionRequest as permission_request" time="0.000125303">
        </testcase>
        <testcase classname="src/main/orchestrators/claude-code-provider.test.ts" name="ClaudeCodeProvider &gt; parseHookEvent &gt; returns null for unknown event names" time="0.00013454">
        </testcase>
        <testcase classname="src/main/orchestrators/claude-code-provider.test.ts" name="ClaudeCodeProvider &gt; parseHookEvent &gt; returns null for null input" time="0.000125303">
        </testcase>
        <testcase classname="src/main/orchestrators/claude-code-provider.test.ts" name="ClaudeCodeProvider &gt; parseHookEvent &gt; returns null for non-object input" time="0.000107049">
        </testcase>
        <testcase classname="src/main/orchestrators/claude-code-provider.test.ts" name="ClaudeCodeProvider &gt; parseHookEvent &gt; returns null for missing hook_event_name" time="0.000110637">
        </testcase>
        <testcase classname="src/main/orchestrators/claude-code-provider.test.ts" name="ClaudeCodeProvider &gt; toolVerb &gt; returns verb for known tools" time="0.000183432">
        </testcase>
        <testcase classname="src/main/orchestrators/claude-code-provider.test.ts" name="ClaudeCodeProvider &gt; toolVerb &gt; returns undefined for unknown tools" time="0.000130112">
        </testcase>
        <testcase classname="src/main/orchestrators/claude-code-provider.test.ts" name="ClaudeCodeProvider &gt; getModelOptions &gt; returns list including default, opus, sonnet, haiku" time="0.000480104">
        </testcase>
        <testcase classname="src/main/orchestrators/claude-code-provider.test.ts" name="ClaudeCodeProvider &gt; getDefaultPermissions &gt; returns durable permissions with git/npm/npx" time="0.000297534">
        </testcase>
        <testcase classname="src/main/orchestrators/claude-code-provider.test.ts" name="ClaudeCodeProvider &gt; getDefaultPermissions &gt; returns quick permissions with file tools" time="0.000350022">
        </testcase>
        <testcase classname="src/main/orchestrators/claude-code-provider.test.ts" name="ClaudeCodeProvider &gt; getDefaultPermissions &gt; returns a new array each call (no shared reference)" time="0.000459896">
        </testcase>
        <testcase classname="src/main/orchestrators/claude-code-provider.test.ts" name="ClaudeCodeProvider &gt; writeHooksConfig &gt; creates .claude dir and writes settings.local.json" time="0.001386091">
        </testcase>
        <testcase classname="src/main/orchestrators/claude-code-provider.test.ts" name="ClaudeCodeProvider &gt; writeHooksConfig &gt; curl command uses env var references for agent ID and nonce" time="0.000364919">
        </testcase>
        <testcase classname="src/main/orchestrators/claude-code-provider.test.ts" name="ClaudeCodeProvider &gt; writeHooksConfig &gt; merges with existing settings" time="0.002056229">
        </testcase>
        <testcase classname="src/main/orchestrators/claude-code-provider.test.ts" name="ClaudeCodeProvider &gt; readInstructions &gt; reads from CLAUDE.md at project root" time="0.000309577">
        </testcase>
        <testcase classname="src/main/orchestrators/claude-code-provider.test.ts" name="ClaudeCodeProvider &gt; readInstructions &gt; returns empty string when file does not exist" time="0.000221773">
        </testcase>
        <testcase classname="src/main/orchestrators/claude-code-provider.test.ts" name="ClaudeCodeProvider &gt; writeInstructions &gt; writes CLAUDE.md at project root" time="0.000416936">
        </testcase>
        <testcase classname="src/main/orchestrators/claude-code-provider.test.ts" name="ClaudeCodeProvider &gt; getCapabilities &gt; reports structuredMode as true" time="0.000158185">
        </testcase>
        <testcase classname="src/main/orchestrators/claude-code-provider.test.ts" name="ClaudeCodeProvider &gt; createStructuredAdapter &gt; returns a StructuredAdapter with required methods" time="0.000401568">
        </testcase>
        <testcase classname="src/main/orchestrators/claude-code-provider.test.ts" name="ClaudeCodeProvider &gt; resolveProjectDir (via listSessions and readSessionTranscript) &gt; listSessions returns empty when projects dir does not exist" time="0.00033837">
        </testcase>
        <testcase classname="src/main/orchestrators/claude-code-provider.test.ts" name="ClaudeCodeProvider &gt; resolveProjectDir (via listSessions and readSessionTranscript) &gt; readSessionTranscript returns null when projects dir does not exist" time="0.000258712">
        </testcase>
        <testcase classname="src/main/orchestrators/claude-code-provider.test.ts" name="ClaudeCodeProvider &gt; resolveProjectDir (via listSessions and readSessionTranscript) &gt; resolves project dir with leading dash" time="0.000426574">
        </testcase>
        <testcase classname="src/main/orchestrators/claude-code-provider.test.ts" name="ClaudeCodeProvider &gt; resolveProjectDir (via listSessions and readSessionTranscript) &gt; resolves project dir without leading dash when with-dash does not exist" time="0.000364058">
        </testcase>
        <testcase classname="src/main/orchestrators/claude-code-provider.test.ts" name="ClaudeCodeProvider &gt; resolveProjectDir (via listSessions and readSessionTranscript) &gt; uses CLAUDE_CONFIG_DIR from profileEnv when provided" time="0.000270945">
        </testcase>
        <testcase classname="src/main/orchestrators/claude-code-provider.test.ts" name="ClaudeCodeProvider &gt; resolveProjectDir (via listSessions and readSessionTranscript) &gt; returns empty/null when no matching project dir exists" time="0.000276695">
        </testcase>
        <testcase classname="src/main/orchestrators/claude-code-provider.test.ts" name="ClaudeCodeProvider &gt; resolveProjectDir (via listSessions and readSessionTranscript) &gt; both methods resolve the same project dir for the same cwd" time="0.000428568">
        </testcase>
        <testcase classname="src/main/orchestrators/claude-code-provider.test.ts" name="ClaudeCodeProvider &gt; readSessionTranscript file format support &gt; reads .jsonl session file from sessions/ subdirectory" time="0.000458845">
        </testcase>
        <testcase classname="src/main/orchestrators/claude-code-provider.test.ts" name="ClaudeCodeProvider &gt; readSessionTranscript file format support &gt; falls back to .json session file when .jsonl is not found" time="0.00037044">
        </testcase>
        <testcase classname="src/main/orchestrators/claude-code-provider.test.ts" name="ClaudeCodeProvider &gt; readSessionTranscript file format support &gt; prefers .jsonl over .json when both exist" time="0.000303105">
        </testcase>
        <testcase classname="src/main/orchestrators/claude-code-provider.test.ts" name="ClaudeCodeProvider &gt; readSessionTranscript file format support &gt; reads .json from project root when sessions/ dir has no match" time="0.000381932">
        </testcase>
        <testcase classname="src/main/orchestrators/claude-code-provider.test.ts" name="ClaudeCodeProvider &gt; extractSessionId &gt; extracts UUID from &quot;session: &lt;uuid&gt;&quot; pattern" time="0.000338881">
        </testcase>
        <testcase classname="src/main/orchestrators/claude-code-provider.test.ts" name="ClaudeCodeProvider &gt; extractSessionId &gt; extracts UUID from &quot;Session: &lt;uuid&gt;&quot; (capitalized)" time="0.000259463">
        </testcase>
        <testcase classname="src/main/orchestrators/claude-code-provider.test.ts" name="ClaudeCodeProvider &gt; extractSessionId &gt; extracts UUID from &quot;resume: &lt;uuid&gt;&quot; pattern" time="0.000306221">
        </testcase>
        <testcase classname="src/main/orchestrators/claude-code-provider.test.ts" name="ClaudeCodeProvider &gt; extractSessionId &gt; returns null when no session ID found" time="0.000195624">
        </testcase>
        <testcase classname="src/main/orchestrators/claude-code-provider.test.ts" name="ClaudeCodeProvider &gt; extractSessionId &gt; returns null for empty buffer" time="0.000124943">
        </testcase>
    </testsuite>
    <testsuite name="src/main/orchestrators/codex-cli-provider.test.ts" timestamp="2026-03-25T04:47:29.321Z" hostname="runnervm46oaq" tests="79" failures="0" errors="0" skipped="0" time="0.033088086">
        <testcase classname="src/main/orchestrators/codex-cli-provider.test.ts" name="CodexCliProvider &gt; identity &gt; has correct id" time="0.002111543">
        </testcase>
        <testcase classname="src/main/orchestrators/codex-cli-provider.test.ts" name="CodexCliProvider &gt; identity &gt; has correct displayName" time="0.000303114">
        </testcase>
        <testcase classname="src/main/orchestrators/codex-cli-provider.test.ts" name="CodexCliProvider &gt; identity &gt; has correct shortName" time="0.000272387">
        </testcase>
        <testcase classname="src/main/orchestrators/codex-cli-provider.test.ts" name="CodexCliProvider &gt; identity &gt; has Beta badge" time="0.000290752">
        </testcase>
        <testcase classname="src/main/orchestrators/codex-cli-provider.test.ts" name="CodexCliProvider &gt; conventions &gt; uses .codex config dir" time="0.00031679">
        </testcase>
        <testcase classname="src/main/orchestrators/codex-cli-provider.test.ts" name="CodexCliProvider &gt; conventions &gt; uses AGENTS.md for local instructions" time="0.000207777">
        </testcase>
        <testcase classname="src/main/orchestrators/codex-cli-provider.test.ts" name="CodexCliProvider &gt; conventions &gt; uses AGENTS.md as legacy instructions" time="0.000244074">
        </testcase>
        <testcase classname="src/main/orchestrators/codex-cli-provider.test.ts" name="CodexCliProvider &gt; conventions &gt; uses .codex/config.toml for MCP config" time="0.000200073">
        </testcase>
        <testcase classname="src/main/orchestrators/codex-cli-provider.test.ts" name="CodexCliProvider &gt; conventions &gt; uses skills dir" time="0.000519227">
        </testcase>
        <testcase classname="src/main/orchestrators/codex-cli-provider.test.ts" name="CodexCliProvider &gt; conventions &gt; uses agents dir for templates" time="0.000302523">
        </testcase>
        <testcase classname="src/main/orchestrators/codex-cli-provider.test.ts" name="CodexCliProvider &gt; conventions &gt; uses config.toml for local settings" time="0.000223406">
        </testcase>
        <testcase classname="src/main/orchestrators/codex-cli-provider.test.ts" name="CodexCliProvider &gt; getCapabilities &gt; supports headless mode" time="0.000190004">
        </testcase>
        <testcase classname="src/main/orchestrators/codex-cli-provider.test.ts" name="CodexCliProvider &gt; getCapabilities &gt; does not support structured output" time="0.000153586">
        </testcase>
        <testcase classname="src/main/orchestrators/codex-cli-provider.test.ts" name="CodexCliProvider &gt; getCapabilities &gt; does not support hooks" time="0.000151822">
        </testcase>
        <testcase classname="src/main/orchestrators/codex-cli-provider.test.ts" name="CodexCliProvider &gt; getCapabilities &gt; supports session resume" time="0.000170809">
        </testcase>
        <testcase classname="src/main/orchestrators/codex-cli-provider.test.ts" name="CodexCliProvider &gt; getCapabilities &gt; supports permissions via sandbox modes" time="0.00013958">
        </testcase>
        <testcase classname="src/main/orchestrators/codex-cli-provider.test.ts" name="CodexCliProvider &gt; getCapabilities &gt; reports structuredMode as true" time="0.000136895">
        </testcase>
        <testcase classname="src/main/orchestrators/codex-cli-provider.test.ts" name="CodexCliProvider &gt; getCapabilities &gt; returns object with all required keys" time="0.00025208">
        </testcase>
        <testcase classname="src/main/orchestrators/codex-cli-provider.test.ts" name="CodexCliProvider &gt; checkAvailability &gt; returns available when binary exists, runs, and API key is set" time="0.000962052">
        </testcase>
        <testcase classname="src/main/orchestrators/codex-cli-provider.test.ts" name="CodexCliProvider &gt; checkAvailability &gt; returns error when binary not found" time="0.000889056">
        </testcase>
        <testcase classname="src/main/orchestrators/codex-cli-provider.test.ts" name="CodexCliProvider &gt; checkAvailability &gt; error message includes binary name when not found" time="0.000492687">
        </testcase>
        <testcase classname="src/main/orchestrators/codex-cli-provider.test.ts" name="CodexCliProvider &gt; checkAvailability &gt; returns error when binary found but fails to execute" time="0.000425402">
        </testcase>
        <testcase classname="src/main/orchestrators/codex-cli-provider.test.ts" name="CodexCliProvider &gt; checkAvailability &gt; does not block when OPENAI_API_KEY is missing (delegates to binary)" time="0.000299237">
        </testcase>
        <testcase classname="src/main/orchestrators/codex-cli-provider.test.ts" name="CodexCliProvider &gt; checkAvailability &gt; invalidates shell env cache before checking" time="0.001288129">
        </testcase>
        <testcase classname="src/main/orchestrators/codex-cli-provider.test.ts" name="CodexCliProvider &gt; checkAvailability &gt; passes shell environment to execFile for --version check" time="0.000819065">
        </testcase>
        <testcase classname="src/main/orchestrators/codex-cli-provider.test.ts" name="CodexCliProvider &gt; checkAvailability &gt; succeeds with OPENAI_BASE_URL and no OPENAI_API_KEY" time="0.00031151">
        </testcase>
        <testcase classname="src/main/orchestrators/codex-cli-provider.test.ts" name="CodexCliProvider &gt; buildSpawnCommand &gt; returns binary path and empty args by default" time="0.000441092">
        </testcase>
        <testcase classname="src/main/orchestrators/codex-cli-provider.test.ts" name="CodexCliProvider &gt; buildSpawnCommand &gt; adds --model flag for non-default model" time="0.000974965">
        </testcase>
        <testcase classname="src/main/orchestrators/codex-cli-provider.test.ts" name="CodexCliProvider &gt; buildSpawnCommand &gt; skips --model for default" time="0.000432866">
        </testcase>
        <testcase classname="src/main/orchestrators/codex-cli-provider.test.ts" name="CodexCliProvider &gt; buildSpawnCommand &gt; skips --model when undefined" time="0.000317642">
        </testcase>
        <testcase classname="src/main/orchestrators/codex-cli-provider.test.ts" name="CodexCliProvider &gt; buildSpawnCommand &gt; passes mission as last argument" time="0.000263932">
        </testcase>
        <testcase classname="src/main/orchestrators/codex-cli-provider.test.ts" name="CodexCliProvider &gt; buildSpawnCommand &gt; combines system prompt and mission into a single argument" time="0.000336597">
        </testcase>
        <testcase classname="src/main/orchestrators/codex-cli-provider.test.ts" name="CodexCliProvider &gt; buildSpawnCommand &gt; passes system prompt alone when no mission" time="0.000250988">
        </testcase>
        <testcase classname="src/main/orchestrators/codex-cli-provider.test.ts" name="CodexCliProvider &gt; buildSpawnCommand &gt; adds --full-auto when freeAgentMode is true" time="0.000347377">
        </testcase>
        <testcase classname="src/main/orchestrators/codex-cli-provider.test.ts" name="CodexCliProvider &gt; buildSpawnCommand &gt; does not add --full-auto when freeAgentMode is false" time="0.000365291">
        </testcase>
        <testcase classname="src/main/orchestrators/codex-cli-provider.test.ts" name="CodexCliProvider &gt; buildSpawnCommand &gt; does not add --full-auto when freeAgentMode is undefined" time="0.000294869">
        </testcase>
        <testcase classname="src/main/orchestrators/codex-cli-provider.test.ts" name="CodexCliProvider &gt; buildSpawnCommand &gt; places --full-auto before other flags" time="0.000377303">
        </testcase>
        <testcase classname="src/main/orchestrators/codex-cli-provider.test.ts" name="CodexCliProvider &gt; buildSpawnCommand &gt; combines all options correctly" time="0.000570653">
        </testcase>
        <testcase classname="src/main/orchestrators/codex-cli-provider.test.ts" name="CodexCliProvider &gt; buildSpawnCommand &gt; does not add --dangerously-skip-permissions or --yolo" time="0.000335425">
        </testcase>
        <testcase classname="src/main/orchestrators/codex-cli-provider.test.ts" name="CodexCliProvider &gt; buildSpawnCommand &gt; does not add --allowedTools or --allow-tool (Codex uses sandbox, not per-tool)" time="0.000419301">
        </testcase>
        <testcase classname="src/main/orchestrators/codex-cli-provider.test.ts" name="CodexCliProvider &gt; buildSpawnCommand &gt; passes OPENAI_API_KEY through env when available" time="0.000272297">
        </testcase>
        <testcase classname="src/main/orchestrators/codex-cli-provider.test.ts" name="CodexCliProvider &gt; buildSpawnCommand &gt; passes OPENAI_BASE_URL through env when available" time="0.000352607">
        </testcase>
        <testcase classname="src/main/orchestrators/codex-cli-provider.test.ts" name="CodexCliProvider &gt; buildSpawnCommand &gt; returns empty env when no API keys in shell environment" time="0.000433698">
        </testcase>
        <testcase classname="src/main/orchestrators/codex-cli-provider.test.ts" name="CodexCliProvider &gt; getExitCommand &gt; returns /exit with carriage return" time="0.000144218">
        </testcase>
        <testcase classname="src/main/orchestrators/codex-cli-provider.test.ts" name="CodexCliProvider &gt; readInstructions &gt; reads from AGENTS.md at project root" time="0.000606179">
        </testcase>
        <testcase classname="src/main/orchestrators/codex-cli-provider.test.ts" name="CodexCliProvider &gt; readInstructions &gt; returns empty string when file does not exist" time="0.00024138">
        </testcase>
        <testcase classname="src/main/orchestrators/codex-cli-provider.test.ts" name="CodexCliProvider &gt; writeInstructions &gt; writes AGENTS.md at project root" time="0.000673755">
        </testcase>
        <testcase classname="src/main/orchestrators/codex-cli-provider.test.ts" name="CodexCliProvider &gt; writeInstructions &gt; round-trip: write then read returns same content" time="0.000178703">
        </testcase>
        <testcase classname="src/main/orchestrators/codex-cli-provider.test.ts" name="CodexCliProvider &gt; buildHeadlessCommand &gt; generates exec command with --json and --full-auto" time="0.00046741">
        </testcase>
        <testcase classname="src/main/orchestrators/codex-cli-provider.test.ts" name="CodexCliProvider &gt; buildHeadlessCommand &gt; returns text outputKind" time="0.000282076">
        </testcase>
        <testcase classname="src/main/orchestrators/codex-cli-provider.test.ts" name="CodexCliProvider &gt; buildHeadlessCommand &gt; adds --model for non-default model" time="0.000303515">
        </testcase>
        <testcase classname="src/main/orchestrators/codex-cli-provider.test.ts" name="CodexCliProvider &gt; buildHeadlessCommand &gt; skips --model for default" time="0.000285491">
        </testcase>
        <testcase classname="src/main/orchestrators/codex-cli-provider.test.ts" name="CodexCliProvider &gt; buildHeadlessCommand &gt; combines system prompt and mission" time="0.000280814">
        </testcase>
        <testcase classname="src/main/orchestrators/codex-cli-provider.test.ts" name="CodexCliProvider &gt; buildHeadlessCommand &gt; returns null when no mission provided" time="0.000188341">
        </testcase>
        <testcase classname="src/main/orchestrators/codex-cli-provider.test.ts" name="CodexCliProvider &gt; buildHeadlessCommand &gt; returns null when mission is empty string" time="0.000159708">
        </testcase>
        <testcase classname="src/main/orchestrators/codex-cli-provider.test.ts" name="CodexCliProvider &gt; buildHeadlessCommand &gt; returns correct binary path" time="0.000276384">
        </testcase>
        <testcase classname="src/main/orchestrators/codex-cli-provider.test.ts" name="CodexCliProvider &gt; buildHeadlessCommand &gt; passes OPENAI_API_KEY through env when available" time="0.000305259">
        </testcase>
        <testcase classname="src/main/orchestrators/codex-cli-provider.test.ts" name="CodexCliProvider &gt; toolVerb &gt; returns verb for shell tool" time="0.000172832">
        </testcase>
        <testcase classname="src/main/orchestrators/codex-cli-provider.test.ts" name="CodexCliProvider &gt; toolVerb &gt; returns verb for shell_command tool" time="0.000141133">
        </testcase>
        <testcase classname="src/main/orchestrators/codex-cli-provider.test.ts" name="CodexCliProvider &gt; toolVerb &gt; returns verb for apply_patch tool" time="0.00013974">
        </testcase>
        <testcase classname="src/main/orchestrators/codex-cli-provider.test.ts" name="CodexCliProvider &gt; toolVerb &gt; returns undefined for unknown tools" time="0.00013466">
        </testcase>
        <testcase classname="src/main/orchestrators/codex-cli-provider.test.ts" name="CodexCliProvider &gt; toolVerb &gt; returns undefined for Claude Code tool names" time="0.000178893">
        </testcase>
        <testcase classname="src/main/orchestrators/codex-cli-provider.test.ts" name="CodexCliProvider &gt; buildMcpArgs &gt; returns -c flags for command" time="0.000391499">
        </testcase>
        <testcase classname="src/main/orchestrators/codex-cli-provider.test.ts" name="CodexCliProvider &gt; buildMcpArgs &gt; returns -c flags for args array" time="0.001522996">
        </testcase>
        <testcase classname="src/main/orchestrators/codex-cli-provider.test.ts" name="CodexCliProvider &gt; buildMcpArgs &gt; returns -c flags for each env var" time="0.000283799">
        </testcase>
        <testcase classname="src/main/orchestrators/codex-cli-provider.test.ts" name="CodexCliProvider &gt; buildMcpArgs &gt; all -c flags are paired" time="0.000441051">
        </testcase>
        <testcase classname="src/main/orchestrators/codex-cli-provider.test.ts" name="CodexCliProvider &gt; buildMcpArgs &gt; handles server with no args" time="0.000232153">
        </testcase>
        <testcase classname="src/main/orchestrators/codex-cli-provider.test.ts" name="CodexCliProvider &gt; buildMcpArgs &gt; handles server with no env" time="0.000253562">
        </testcase>
        <testcase classname="src/main/orchestrators/codex-cli-provider.test.ts" name="CodexCliProvider &gt; createStructuredAdapter &gt; returns a StructuredAdapter with required methods" time="0.000485224">
        </testcase>
        <testcase classname="src/main/orchestrators/codex-cli-provider.test.ts" name="CodexCliProvider &gt; getModelOptions &gt; returns fallback list including default and codex models" time="0.000604245">
        </testcase>
        <testcase classname="src/main/orchestrators/codex-cli-provider.test.ts" name="CodexCliProvider &gt; getModelOptions &gt; includes GPT 5 model" time="0.000329784">
        </testcase>
        <testcase classname="src/main/orchestrators/codex-cli-provider.test.ts" name="CodexCliProvider &gt; getModelOptions &gt; first option is always default" time="0.000287415">
        </testcase>
        <testcase classname="src/main/orchestrators/codex-cli-provider.test.ts" name="CodexCliProvider &gt; getModelOptions &gt; passes shell environment to execFile for --help call" time="0.000358578">
        </testcase>
        <testcase classname="src/main/orchestrators/codex-cli-provider.test.ts" name="CodexCliProvider &gt; getDefaultPermissions &gt; returns durable permissions with shell scoped to git/npm/npx" time="0.000232874">
        </testcase>
        <testcase classname="src/main/orchestrators/codex-cli-provider.test.ts" name="CodexCliProvider &gt; getDefaultPermissions &gt; durable permissions do not include broad shell or apply_patch" time="0.000180606">
        </testcase>
        <testcase classname="src/main/orchestrators/codex-cli-provider.test.ts" name="CodexCliProvider &gt; getDefaultPermissions &gt; returns quick permissions with shell and apply_patch" time="0.000170588">
        </testcase>
        <testcase classname="src/main/orchestrators/codex-cli-provider.test.ts" name="CodexCliProvider &gt; getDefaultPermissions &gt; quick permissions include all durable permissions" time="0.000234777">
        </testcase>
        <testcase classname="src/main/orchestrators/codex-cli-provider.test.ts" name="CodexCliProvider &gt; getDefaultPermissions &gt; returns a new array each call (no shared reference)" time="0.000409633">
        </testcase>
        <testcase classname="src/main/orchestrators/codex-cli-provider.test.ts" name="CodexCliProvider &gt; getDefaultPermissions &gt; quick returns a new array each call" time="0.000204942">
        </testcase>
    </testsuite>
    <testsuite name="src/main/orchestrators/copilot-cli-provider.test.ts" timestamp="2026-03-25T04:47:29.336Z" hostname="runnervm46oaq" tests="64" failures="0" errors="0" skipped="0" time="0.027402259">
        <testcase classname="src/main/orchestrators/copilot-cli-provider.test.ts" name="CopilotCliProvider &gt; identity &gt; has correct id and displayName" time="0.00221741">
        </testcase>
        <testcase classname="src/main/orchestrators/copilot-cli-provider.test.ts" name="CopilotCliProvider &gt; identity &gt; has Beta badge" time="0.000272938">
        </testcase>
        <testcase classname="src/main/orchestrators/copilot-cli-provider.test.ts" name="CopilotCliProvider &gt; getPasteSubmitTiming &gt; returns GHCP-specific timing with extended delays" time="0.000428839">
        </testcase>
        <testcase classname="src/main/orchestrators/copilot-cli-provider.test.ts" name="CopilotCliProvider &gt; getPasteSubmitTiming &gt; uses longer delays than the base provider defaults" time="0.000378795">
        </testcase>
        <testcase classname="src/main/orchestrators/copilot-cli-provider.test.ts" name="CopilotCliProvider &gt; getCapabilities &gt; reports headless and hooks support" time="0.00036509">
        </testcase>
        <testcase classname="src/main/orchestrators/copilot-cli-provider.test.ts" name="CopilotCliProvider &gt; getCapabilities &gt; reports structuredMode enabled with acp protocol" time="0.000195194">
        </testcase>
        <testcase classname="src/main/orchestrators/copilot-cli-provider.test.ts" name="CopilotCliProvider &gt; createStructuredAdapter &gt; returns an AcpAdapter instance" time="0.000464164">
        </testcase>
        <testcase classname="src/main/orchestrators/copilot-cli-provider.test.ts" name="CopilotCliProvider &gt; conventions &gt; uses .github directory for config" time="0.000240257">
        </testcase>
        <testcase classname="src/main/orchestrators/copilot-cli-provider.test.ts" name="CopilotCliProvider &gt; conventions &gt; uses hooks/hooks.json for local settings" time="0.000523716">
        </testcase>
        <testcase classname="src/main/orchestrators/copilot-cli-provider.test.ts" name="CopilotCliProvider &gt; conventions &gt; has skills and agent templates dirs" time="0.000287104">
        </testcase>
        <testcase classname="src/main/orchestrators/copilot-cli-provider.test.ts" name="CopilotCliProvider &gt; checkAvailability &gt; returns available when binary found" time="0.000799448">
        </testcase>
        <testcase classname="src/main/orchestrators/copilot-cli-provider.test.ts" name="CopilotCliProvider &gt; checkAvailability &gt; returns unavailable when binary not found" time="0.000307182">
        </testcase>
        <testcase classname="src/main/orchestrators/copilot-cli-provider.test.ts" name="CopilotCliProvider &gt; checkAvailability &gt; returns generic error for non-Error throws" time="0.000269441">
        </testcase>
        <testcase classname="src/main/orchestrators/copilot-cli-provider.test.ts" name="CopilotCliProvider &gt; buildSpawnCommand &gt; returns binary and empty args for basic spawn" time="0.00041382">
        </testcase>
        <testcase classname="src/main/orchestrators/copilot-cli-provider.test.ts" name="CopilotCliProvider &gt; buildSpawnCommand &gt; adds --yolo and --autopilot flags for freeAgentMode" time="0.000872014">
        </testcase>
        <testcase classname="src/main/orchestrators/copilot-cli-provider.test.ts" name="CopilotCliProvider &gt; buildSpawnCommand &gt; does not add --yolo or --autopilot when freeAgentMode is false" time="0.000390568">
        </testcase>
        <testcase classname="src/main/orchestrators/copilot-cli-provider.test.ts" name="CopilotCliProvider &gt; buildSpawnCommand &gt; does not add --yolo or --autopilot when freeAgentMode is undefined" time="0.000341657">
        </testcase>
        <testcase classname="src/main/orchestrators/copilot-cli-provider.test.ts" name="CopilotCliProvider &gt; buildSpawnCommand &gt; adds --model flag for non-default model" time="0.000325957">
        </testcase>
        <testcase classname="src/main/orchestrators/copilot-cli-provider.test.ts" name="CopilotCliProvider &gt; buildSpawnCommand &gt; skips --model flag for default model" time="0.000299648">
        </testcase>
        <testcase classname="src/main/orchestrators/copilot-cli-provider.test.ts" name="CopilotCliProvider &gt; buildSpawnCommand &gt; adds -p flag with mission content" time="0.000310298">
        </testcase>
        <testcase classname="src/main/orchestrators/copilot-cli-provider.test.ts" name="CopilotCliProvider &gt; buildSpawnCommand &gt; combines systemPrompt and mission" time="0.000229367">
        </testcase>
        <testcase classname="src/main/orchestrators/copilot-cli-provider.test.ts" name="CopilotCliProvider &gt; buildSpawnCommand &gt; adds --allow-tool flags for allowed tools" time="0.000610477">
        </testcase>
        <testcase classname="src/main/orchestrators/copilot-cli-provider.test.ts" name="CopilotCliProvider &gt; getExitCommand &gt; returns /exit with carriage return" time="0.000172701">
        </testcase>
        <testcase classname="src/main/orchestrators/copilot-cli-provider.test.ts" name="CopilotCliProvider &gt; writeHooksConfig &gt; creates hooks directory and writes hooks.json" time="0.001436765">
        </testcase>
        <testcase classname="src/main/orchestrators/copilot-cli-provider.test.ts" name="CopilotCliProvider &gt; writeHooksConfig &gt; curl command uses env var references for agent ID and nonce" time="0.000355342">
        </testcase>
        <testcase classname="src/main/orchestrators/copilot-cli-provider.test.ts" name="CopilotCliProvider &gt; writeHooksConfig &gt; merges with existing settings preserving user hooks" time="0.000394064">
        </testcase>
        <testcase classname="src/main/orchestrators/copilot-cli-provider.test.ts" name="CopilotCliProvider &gt; writeHooksConfig &gt; replaces stale Clubhouse entries" time="0.000613162">
        </testcase>
        <testcase classname="src/main/orchestrators/copilot-cli-provider.test.ts" name="CopilotCliProvider &gt; writeHooksConfig &gt; each hook entry has type command and timeoutSec" time="0.000414402">
        </testcase>
        <testcase classname="src/main/orchestrators/copilot-cli-provider.test.ts" name="CopilotCliProvider &gt; parseHookEvent &gt; parses preToolUse event" time="0.000370089">
        </testcase>
        <testcase classname="src/main/orchestrators/copilot-cli-provider.test.ts" name="CopilotCliProvider &gt; parseHookEvent &gt; parses postToolUse event" time="0.000221593">
        </testcase>
        <testcase classname="src/main/orchestrators/copilot-cli-provider.test.ts" name="CopilotCliProvider &gt; parseHookEvent &gt; parses errorOccurred event as tool_error" time="0.000188961">
        </testcase>
        <testcase classname="src/main/orchestrators/copilot-cli-provider.test.ts" name="CopilotCliProvider &gt; parseHookEvent &gt; parses sessionEnd event as stop" time="0.000162343">
        </testcase>
        <testcase classname="src/main/orchestrators/copilot-cli-provider.test.ts" name="CopilotCliProvider &gt; parseHookEvent &gt; accepts camelCase toolName field" time="0.000150841">
        </testcase>
        <testcase classname="src/main/orchestrators/copilot-cli-provider.test.ts" name="CopilotCliProvider &gt; parseHookEvent &gt; prefers tool_name over toolName when both present" time="0.000172571">
        </testcase>
        <testcase classname="src/main/orchestrators/copilot-cli-provider.test.ts" name="CopilotCliProvider &gt; parseHookEvent &gt; parses toolArgs as string (JSON)" time="0.000183942">
        </testcase>
        <testcase classname="src/main/orchestrators/copilot-cli-provider.test.ts" name="CopilotCliProvider &gt; parseHookEvent &gt; parses toolArgs as object" time="0.000190995">
        </testcase>
        <testcase classname="src/main/orchestrators/copilot-cli-provider.test.ts" name="CopilotCliProvider &gt; parseHookEvent &gt; returns null for unknown event" time="0.000223797">
        </testcase>
        <testcase classname="src/main/orchestrators/copilot-cli-provider.test.ts" name="CopilotCliProvider &gt; parseHookEvent &gt; returns null for non-object input" time="0.000212936">
        </testcase>
        <testcase classname="src/main/orchestrators/copilot-cli-provider.test.ts" name="CopilotCliProvider &gt; readInstructions &gt; reads from .github/copilot-instructions.md" time="0.001085652">
        </testcase>
        <testcase classname="src/main/orchestrators/copilot-cli-provider.test.ts" name="CopilotCliProvider &gt; readInstructions &gt; returns empty string when file does not exist" time="0.000253111">
        </testcase>
        <testcase classname="src/main/orchestrators/copilot-cli-provider.test.ts" name="CopilotCliProvider &gt; writeInstructions &gt; creates .github directory and writes copilot-instructions.md" time="0.000410545">
        </testcase>
        <testcase classname="src/main/orchestrators/copilot-cli-provider.test.ts" name="CopilotCliProvider &gt; buildHeadlessCommand &gt; returns null when no mission provided" time="0.000183391">
        </testcase>
        <testcase classname="src/main/orchestrators/copilot-cli-provider.test.ts" name="CopilotCliProvider &gt; buildHeadlessCommand &gt; builds command with mission" time="0.000326878">
        </testcase>
        <testcase classname="src/main/orchestrators/copilot-cli-provider.test.ts" name="CopilotCliProvider &gt; buildHeadlessCommand &gt; adds model flag for non-default model" time="0.000212305">
        </testcase>
        <testcase classname="src/main/orchestrators/copilot-cli-provider.test.ts" name="CopilotCliProvider &gt; buildHeadlessCommand &gt; skips model flag for default model" time="0.000180165">
        </testcase>
        <testcase classname="src/main/orchestrators/copilot-cli-provider.test.ts" name="CopilotCliProvider &gt; buildHeadlessCommand &gt; returns text outputKind" time="0.000142626">
        </testcase>
        <testcase classname="src/main/orchestrators/copilot-cli-provider.test.ts" name="CopilotCliProvider &gt; buildHeadlessCommand &gt; combines systemPrompt and mission" time="0.000172671">
        </testcase>
        <testcase classname="src/main/orchestrators/copilot-cli-provider.test.ts" name="CopilotCliProvider &gt; getModelOptions &gt; returns fallback model list when binary help fails" time="0.000521411">
        </testcase>
        <testcase classname="src/main/orchestrators/copilot-cli-provider.test.ts" name="CopilotCliProvider &gt; getModelOptions &gt; first option is always default" time="0.000215912">
        </testcase>
        <testcase classname="src/main/orchestrators/copilot-cli-provider.test.ts" name="CopilotCliProvider &gt; getModelOptions &gt; every option has id and label strings" time="0.000951262">
        </testcase>
        <testcase classname="src/main/orchestrators/copilot-cli-provider.test.ts" name="CopilotCliProvider &gt; getModelOptions &gt; passes shell environment to execFile for --help call" time="0.000372283">
        </testcase>
        <testcase classname="src/main/orchestrators/copilot-cli-provider.test.ts" name="CopilotCliProvider &gt; getDefaultPermissions &gt; returns durable permissions using Copilot tool names" time="0.000175467">
        </testcase>
        <testcase classname="src/main/orchestrators/copilot-cli-provider.test.ts" name="CopilotCliProvider &gt; getDefaultPermissions &gt; durable permissions use &quot;shell&quot; not &quot;Bash&quot; or &quot;bash&quot;" time="0.000412358">
        </testcase>
        <testcase classname="src/main/orchestrators/copilot-cli-provider.test.ts" name="CopilotCliProvider &gt; getDefaultPermissions &gt; returns quick permissions with file tool names" time="0.000381731">
        </testcase>
        <testcase classname="src/main/orchestrators/copilot-cli-provider.test.ts" name="CopilotCliProvider &gt; getDefaultPermissions &gt; quick permissions use lowercase tool names (not PascalCase)" time="0.000262959">
        </testcase>
        <testcase classname="src/main/orchestrators/copilot-cli-provider.test.ts" name="CopilotCliProvider &gt; getDefaultPermissions &gt; quick permissions do NOT use Claude Code tool names" time="0.000304336">
        </testcase>
        <testcase classname="src/main/orchestrators/copilot-cli-provider.test.ts" name="CopilotCliProvider &gt; getDefaultPermissions &gt; returns a new array each call (no shared reference)" time="0.000203479">
        </testcase>
        <testcase classname="src/main/orchestrators/copilot-cli-provider.test.ts" name="CopilotCliProvider &gt; getDefaultPermissions &gt; quick returns a new array each call" time="0.000262188">
        </testcase>
        <testcase classname="src/main/orchestrators/copilot-cli-provider.test.ts" name="CopilotCliProvider &gt; toolVerb &gt; maps all Copilot tool names to verbs" time="0.000220651">
        </testcase>
        <testcase classname="src/main/orchestrators/copilot-cli-provider.test.ts" name="CopilotCliProvider &gt; toolVerb &gt; does NOT map Claude Code tool names" time="0.000205223">
        </testcase>
        <testcase classname="src/main/orchestrators/copilot-cli-provider.test.ts" name="CopilotCliProvider &gt; toolVerb &gt; does NOT map other orchestrator tool names" time="0.000157844">
        </testcase>
        <testcase classname="src/main/orchestrators/copilot-cli-provider.test.ts" name="CopilotCliProvider &gt; toolVerb &gt; returns undefined for unknown tool" time="0.00010711">
        </testcase>
        <testcase classname="src/main/orchestrators/copilot-cli-provider.test.ts" name="CopilotCliProvider &gt; buildMcpArgs &gt; returns --additional-mcp-config with JSON containing clubhouse server def" time="0.000339061">
        </testcase>
        <testcase classname="src/main/orchestrators/copilot-cli-provider.test.ts" name="CopilotCliProvider &gt; buildMcpArgs &gt; produces valid JSON that can be parsed" time="0.000621988">
        </testcase>
    </testsuite>
    <testsuite name="src/main/orchestrators/instructions-paths.test.ts" timestamp="2026-03-25T04:47:29.348Z" hostname="runnervm46oaq" tests="12" failures="0" errors="0" skipped="0" time="0.014823676">
        <testcase classname="src/main/orchestrators/instructions-paths.test.ts" name="Instructions path resolution &gt; ClaudeCodeProvider &gt; reads CLAUDE.md at project root" time="0.00461751">
        </testcase>
        <testcase classname="src/main/orchestrators/instructions-paths.test.ts" name="Instructions path resolution &gt; ClaudeCodeProvider &gt; returns empty string when file does not exist" time="0.000525688">
        </testcase>
        <testcase classname="src/main/orchestrators/instructions-paths.test.ts" name="Instructions path resolution &gt; ClaudeCodeProvider &gt; writes CLAUDE.md at project root" time="0.001483469">
        </testcase>
        <testcase classname="src/main/orchestrators/instructions-paths.test.ts" name="Instructions path resolution &gt; ClaudeCodeProvider &gt; does not write to .claude/CLAUDE.local.md" time="0.000568447">
        </testcase>
        <testcase classname="src/main/orchestrators/instructions-paths.test.ts" name="Instructions path resolution &gt; ClaudeCodeProvider &gt; round-trip: write then read returns same content" time="0.000579198">
        </testcase>
        <testcase classname="src/main/orchestrators/instructions-paths.test.ts" name="Instructions path resolution &gt; CopilotCliProvider &gt; reads from .github/copilot-instructions.md" time="0.000784279">
        </testcase>
        <testcase classname="src/main/orchestrators/instructions-paths.test.ts" name="Instructions path resolution &gt; CopilotCliProvider &gt; writes to .github/copilot-instructions.md" time="0.000673663">
        </testcase>
        <testcase classname="src/main/orchestrators/instructions-paths.test.ts" name="Instructions path resolution &gt; CopilotCliProvider &gt; returns empty string when file missing" time="0.000320816">
        </testcase>
        <testcase classname="src/main/orchestrators/instructions-paths.test.ts" name="Instructions path resolution &gt; CodexCliProvider &gt; reads from AGENTS.md at project root" time="0.001052257">
        </testcase>
        <testcase classname="src/main/orchestrators/instructions-paths.test.ts" name="Instructions path resolution &gt; CodexCliProvider &gt; writes to AGENTS.md at project root" time="0.000813704">
        </testcase>
        <testcase classname="src/main/orchestrators/instructions-paths.test.ts" name="Instructions path resolution &gt; CodexCliProvider &gt; returns empty string when file missing" time="0.000382421">
        </testcase>
        <testcase classname="src/main/orchestrators/instructions-paths.test.ts" name="Instructions path resolution &gt; CodexCliProvider &gt; round-trip: write then read returns same content" time="0.0003119">
        </testcase>
    </testsuite>
    <testsuite name="src/main/orchestrators/provider-integration.test.ts" timestamp="2026-03-25T04:47:29.351Z" hostname="runnervm46oaq" tests="81" failures="0" errors="0" skipped="0" time="0.042865424">
        <testcase classname="src/main/orchestrators/provider-integration.test.ts" name="Provider integration tests &gt; buildSpawnCommand flag generation &gt; ClaudeCode: generates correct flags for all options" time="0.003876774">
        </testcase>
        <testcase classname="src/main/orchestrators/provider-integration.test.ts" name="Provider integration tests &gt; buildSpawnCommand flag generation &gt; CopilotCli: generates correct flags for model, mission, and allowedTools" time="0.001358458">
        </testcase>
        <testcase classname="src/main/orchestrators/provider-integration.test.ts" name="Provider integration tests &gt; buildSpawnCommand flag generation &gt; CodexCli: generates correct flags for model and mission" time="0.000860401">
        </testcase>
        <testcase classname="src/main/orchestrators/provider-integration.test.ts" name="Provider integration tests &gt; buildSpawnCommand flag generation &gt; CodexCli: no args when no options" time="0.000859519">
        </testcase>
        <testcase classname="src/main/orchestrators/provider-integration.test.ts" name="Provider integration tests &gt; session resume flag generation &gt; ClaudeCode: adds --continue when resume=true without sessionId" time="0.00055928">
        </testcase>
        <testcase classname="src/main/orchestrators/provider-integration.test.ts" name="Provider integration tests &gt; session resume flag generation &gt; ClaudeCode: adds --resume &lt;id&gt; when resume=true with sessionId" time="0.000528554">
        </testcase>
        <testcase classname="src/main/orchestrators/provider-integration.test.ts" name="Provider integration tests &gt; session resume flag generation &gt; ClaudeCode: no resume flags when resume is false" time="0.00054277">
        </testcase>
        <testcase classname="src/main/orchestrators/provider-integration.test.ts" name="Provider integration tests &gt; session resume flag generation &gt; ClaudeCode: resume flags coexist with other options" time="0.00042427">
        </testcase>
        <testcase classname="src/main/orchestrators/provider-integration.test.ts" name="Provider integration tests &gt; session resume flag generation &gt; CopilotCli: adds --continue for interactive resume (no mission/prompt)" time="0.00058559">
        </testcase>
        <testcase classname="src/main/orchestrators/provider-integration.test.ts" name="Provider integration tests &gt; session resume flag generation &gt; CopilotCli: adds --resume &lt;id&gt; for interactive resume with sessionId" time="0.000392651">
        </testcase>
        <testcase classname="src/main/orchestrators/provider-integration.test.ts" name="Provider integration tests &gt; session resume flag generation &gt; CopilotCli: skips resume flags in prompt mode (mission present)" time="0.000406206">
        </testcase>
        <testcase classname="src/main/orchestrators/provider-integration.test.ts" name="Provider integration tests &gt; session resume flag generation &gt; CodexCli: adds --continue when resume=true" time="0.000315176">
        </testcase>
        <testcase classname="src/main/orchestrators/provider-integration.test.ts" name="Provider integration tests &gt; session resume flag generation &gt; CodexCli: no resume flags when resume is false" time="0.000299938">
        </testcase>
        <testcase classname="src/main/orchestrators/provider-integration.test.ts" name="Provider integration tests &gt; session resume flag generation &gt; all providers declare sessionResume capability" time="0.000284119">
        </testcase>
        <testcase classname="src/main/orchestrators/provider-integration.test.ts" name="Provider integration tests &gt; freeAgentMode flag generation &gt; ClaudeCode: adds --dangerously-skip-permissions when freeAgentMode is true" time="0.000278558">
        </testcase>
        <testcase classname="src/main/orchestrators/provider-integration.test.ts" name="Provider integration tests &gt; freeAgentMode flag generation &gt; ClaudeCode: no permission flag when freeAgentMode is false" time="0.000262859">
        </testcase>
        <testcase classname="src/main/orchestrators/provider-integration.test.ts" name="Provider integration tests &gt; freeAgentMode flag generation &gt; CopilotCli: adds --yolo and --autopilot when freeAgentMode is true" time="0.000260304">
        </testcase>
        <testcase classname="src/main/orchestrators/provider-integration.test.ts" name="Provider integration tests &gt; freeAgentMode flag generation &gt; CopilotCli: no --yolo or --autopilot when freeAgentMode is false" time="0.000248332">
        </testcase>
        <testcase classname="src/main/orchestrators/provider-integration.test.ts" name="Provider integration tests &gt; freeAgentMode flag generation &gt; CodexCli: adds --full-auto when freeAgentMode is true" time="0.000353117">
        </testcase>
        <testcase classname="src/main/orchestrators/provider-integration.test.ts" name="Provider integration tests &gt; freeAgentMode flag generation &gt; CodexCli: no --full-auto when freeAgentMode is false" time="0.000432265">
        </testcase>
        <testcase classname="src/main/orchestrators/provider-integration.test.ts" name="Provider integration tests &gt; freeAgentMode flag generation &gt; freeAgentMode flag coexists with other options" time="0.000475825">
        </testcase>
        <testcase classname="src/main/orchestrators/provider-integration.test.ts" name="Provider integration tests &gt; buildHeadlessCommand &gt; ClaudeCode: generates valid -p invocation with all flags" time="0.000920182">
        </testcase>
        <testcase classname="src/main/orchestrators/provider-integration.test.ts" name="Provider integration tests &gt; buildHeadlessCommand &gt; ClaudeCode: always adds --dangerously-skip-permissions even without permissionMode" time="0.000328261">
        </testcase>
        <testcase classname="src/main/orchestrators/provider-integration.test.ts" name="Provider integration tests &gt; buildHeadlessCommand &gt; ClaudeCode: returns null when no mission provided" time="0.000277617">
        </testcase>
        <testcase classname="src/main/orchestrators/provider-integration.test.ts" name="Provider integration tests &gt; buildHeadlessCommand &gt; ClaudeCode: defaults output format to stream-json" time="0.000273769">
        </testcase>
        <testcase classname="src/main/orchestrators/provider-integration.test.ts" name="Provider integration tests &gt; buildHeadlessCommand &gt; ClaudeCode: supports disallowedTools" time="0.000314716">
        </testcase>
        <testcase classname="src/main/orchestrators/provider-integration.test.ts" name="Provider integration tests &gt; buildHeadlessCommand &gt; CopilotCli: generates headless command with --allow-all --silent and text outputKind" time="0.000479572">
        </testcase>
        <testcase classname="src/main/orchestrators/provider-integration.test.ts" name="Provider integration tests &gt; buildHeadlessCommand &gt; CopilotCli: returns null when no mission" time="0.000149267">
        </testcase>
        <testcase classname="src/main/orchestrators/provider-integration.test.ts" name="Provider integration tests &gt; buildHeadlessCommand &gt; CodexCli: generates headless command with exec --json --full-auto and text outputKind" time="0.000823443">
        </testcase>
        <testcase classname="src/main/orchestrators/provider-integration.test.ts" name="Provider integration tests &gt; buildHeadlessCommand &gt; CodexCli: returns null when no mission" time="0.000230379">
        </testcase>
        <testcase classname="src/main/orchestrators/provider-integration.test.ts" name="Provider integration tests &gt; writeHooksConfig format &gt; ClaudeCode: writes hooks in Claude Code format" time="0.000885958">
        </testcase>
        <testcase classname="src/main/orchestrators/provider-integration.test.ts" name="Provider integration tests &gt; writeHooksConfig format &gt; ClaudeCode: writes to .claude/settings.local.json" time="0.001027462">
        </testcase>
        <testcase classname="src/main/orchestrators/provider-integration.test.ts" name="Provider integration tests &gt; writeHooksConfig format &gt; CopilotCli: writes hooks with version 1 wrapper and bash/timeoutSec properties" time="0.000910454">
        </testcase>
        <testcase classname="src/main/orchestrators/provider-integration.test.ts" name="Provider integration tests &gt; writeHooksConfig format &gt; CopilotCli: writes to .github/hooks/hooks.json" time="0.001632999">
        </testcase>
        <testcase classname="src/main/orchestrators/provider-integration.test.ts" name="Provider integration tests &gt; writeHooksConfig format &gt; CodexCli: does not implement HookCapable (no writeHooksConfig)" time="0.000199962">
        </testcase>
        <testcase classname="src/main/orchestrators/provider-integration.test.ts" name="Provider integration tests &gt; writeHooksConfig format &gt; CodexCli: implements buildMcpArgs for CLI-arg MCP injection" time="0.000541838">
        </testcase>
        <testcase classname="src/main/orchestrators/provider-integration.test.ts" name="Provider integration tests &gt; getDefaultPermissions &gt; ClaudeCode quick agents get file tools" time="0.000452572">
        </testcase>
        <testcase classname="src/main/orchestrators/provider-integration.test.ts" name="Provider integration tests &gt; getDefaultPermissions &gt; CopilotCli quick agents get lowercase Copilot CLI tool names" time="0.000636925">
        </testcase>
        <testcase classname="src/main/orchestrators/provider-integration.test.ts" name="Provider integration tests &gt; getDefaultPermissions &gt; CopilotCli durable agents get shell-scoped permissions" time="0.000357686">
        </testcase>
        <testcase classname="src/main/orchestrators/provider-integration.test.ts" name="Provider integration tests &gt; getDefaultPermissions &gt; CodexCli durable agents get shell-scoped permissions" time="0.000375179">
        </testcase>
        <testcase classname="src/main/orchestrators/provider-integration.test.ts" name="Provider integration tests &gt; getDefaultPermissions &gt; CodexCli quick agents get shell and apply_patch permissions" time="0.000367163">
        </testcase>
        <testcase classname="src/main/orchestrators/provider-integration.test.ts" name="Provider integration tests &gt; parseHookEvent normalization &gt; ClaudeCode: normalizes PascalCase events" time="0.000382031">
        </testcase>
        <testcase classname="src/main/orchestrators/provider-integration.test.ts" name="Provider integration tests &gt; parseHookEvent normalization &gt; CopilotCli: normalizes camelCase events" time="0.000288648">
        </testcase>
        <testcase classname="src/main/orchestrators/provider-integration.test.ts" name="Provider integration tests &gt; parseHookEvent normalization &gt; CopilotCli: handles camelCase tool fields (toolName, toolArgs)" time="0.000290741">
        </testcase>
        <testcase classname="src/main/orchestrators/provider-integration.test.ts" name="Provider integration tests &gt; parseHookEvent normalization &gt; CopilotCli: handles snake_case tool fields as fallback" time="0.000411626">
        </testcase>
        <testcase classname="src/main/orchestrators/provider-integration.test.ts" name="Provider integration tests &gt; parseHookEvent normalization &gt; CodexCli: does not implement HookCapable (no parseHookEvent)" time="0.000296121">
        </testcase>
        <testcase classname="src/main/orchestrators/provider-integration.test.ts" name="Provider integration tests &gt; parseHookEvent normalization &gt; hook-capable providers return null for unknown event" time="0.000371492">
        </testcase>
        <testcase classname="src/main/orchestrators/provider-integration.test.ts" name="Provider integration tests &gt; provider conventions match expected directory structure &gt; ClaudeCode uses .claude/" time="0.000363357">
        </testcase>
        <testcase classname="src/main/orchestrators/provider-integration.test.ts" name="Provider integration tests &gt; provider conventions match expected directory structure &gt; CopilotCli uses .github/" time="0.00025784">
        </testcase>
        <testcase classname="src/main/orchestrators/provider-integration.test.ts" name="Provider integration tests &gt; provider conventions match expected directory structure &gt; CodexCli uses .codex/ with AGENTS.md" time="0.000223876">
        </testcase>
        <testcase classname="src/main/orchestrators/provider-integration.test.ts" name="Provider integration tests &gt; getCapabilities &gt; ClaudeCode: all capabilities enabled" time="0.000214009">
        </testcase>
        <testcase classname="src/main/orchestrators/provider-integration.test.ts" name="Provider integration tests &gt; getCapabilities &gt; CopilotCli: no structuredOutput" time="0.000223957">
        </testcase>
        <testcase classname="src/main/orchestrators/provider-integration.test.ts" name="Provider integration tests &gt; getCapabilities &gt; CodexCli: headless, permissions, and structuredMode, no hooks or structuredOutput" time="0.0002575">
        </testcase>
        <testcase classname="src/main/orchestrators/provider-integration.test.ts" name="Provider integration tests &gt; getCapabilities &gt; all providers return an object with all required keys" time="0.000420632">
        </testcase>
        <testcase classname="src/main/orchestrators/provider-integration.test.ts" name="Provider integration tests &gt; writeHooksConfig merge behavior &gt; ClaudeCode: preserves existing user hooks alongside Clubhouse hooks" time="0.000917748">
        </testcase>
        <testcase classname="src/main/orchestrators/provider-integration.test.ts" name="Provider integration tests &gt; writeHooksConfig merge behavior &gt; ClaudeCode: replaces stale Clubhouse entries (idempotent)" time="0.000691357">
        </testcase>
        <testcase classname="src/main/orchestrators/provider-integration.test.ts" name="Provider integration tests &gt; writeHooksConfig merge behavior &gt; CopilotCli: preserves existing user hooks alongside Clubhouse hooks" time="0.000497757">
        </testcase>
        <testcase classname="src/main/orchestrators/provider-integration.test.ts" name="Provider integration tests &gt; writeHooksConfig merge behavior &gt; CopilotCli: handles missing config file gracefully" time="0.000576403">
        </testcase>
        <testcase classname="src/main/orchestrators/provider-integration.test.ts" name="Provider integration tests &gt; getProfileEnvKeys &gt; ClaudeCode: returns CLAUDE_CONFIG_DIR" time="0.000268189">
        </testcase>
        <testcase classname="src/main/orchestrators/provider-integration.test.ts" name="Provider integration tests &gt; getProfileEnvKeys &gt; CopilotCli: returns GH_HOST and GH_TOKEN" time="0.000290872">
        </testcase>
        <testcase classname="src/main/orchestrators/provider-integration.test.ts" name="Provider integration tests &gt; getProfileEnvKeys &gt; CodexCli: returns OPENAI_API_KEY and OPENAI_BASE_URL" time="0.000267949">
        </testcase>
        <testcase classname="src/main/orchestrators/provider-integration.test.ts" name="Provider integration tests &gt; getProfileEnvKeys &gt; all providers return non-empty arrays" time="0.000252309">
        </testcase>
        <testcase classname="src/main/orchestrators/provider-integration.test.ts" name="Provider integration tests &gt; getModelOptions &gt; CopilotCli: falls back to static list when binary not found" time="0.000581943">
        </testcase>
        <testcase classname="src/main/orchestrators/provider-integration.test.ts" name="Provider integration tests &gt; getModelOptions &gt; CodexCli: falls back to static list with codex models when binary not found" time="0.000636295">
        </testcase>
        <testcase classname="src/main/orchestrators/provider-integration.test.ts" name="Provider integration tests &gt; getModelOptions &gt; ClaudeCode: falls back to static list when binary not found" time="0.000346916">
        </testcase>
        <testcase classname="src/main/orchestrators/provider-integration.test.ts" name="Provider integration tests &gt; findBinaryInPath caching &gt; finds binary via well-known paths without spawning a shell" time="0.00041394">
        </testcase>
        <testcase classname="src/main/orchestrators/provider-integration.test.ts" name="Provider integration tests &gt; findBinaryInPath caching &gt; uses cached result on second call, skipping fs checks" time="0.000412688">
        </testcase>
        <testcase classname="src/main/orchestrators/provider-integration.test.ts" name="Provider integration tests &gt; findBinaryInPath caching &gt; re-discovers binary after cache is cleared" time="0.000442233">
        </testcase>
        <testcase classname="src/main/orchestrators/provider-integration.test.ts" name="Provider integration tests &gt; findBinaryInPath caching &gt; re-discovers binary when cached path no longer exists" time="0.000378755">
        </testcase>
        <testcase classname="src/main/orchestrators/provider-integration.test.ts" name="Provider integration tests &gt; findBinaryInPath caching &gt; falls back to shell-native lookup when not in well-known paths or PATH" time="0.000727885">
        </testcase>
        <testcase classname="src/main/orchestrators/provider-integration.test.ts" name="Provider integration tests &gt; checkAvailability &gt; ClaudeCode: returns available when binary exists (no auth check)" time="0.000416165">
        </testcase>
        <testcase classname="src/main/orchestrators/provider-integration.test.ts" name="Provider integration tests &gt; checkAvailability &gt; ClaudeCode: returns unavailable when binary not found" time="0.000512834">
        </testcase>
        <testcase classname="src/main/orchestrators/provider-integration.test.ts" name="Provider integration tests &gt; checkAvailability &gt; ClaudeCode: accepts envOverride param without error" time="0.000262578">
        </testcase>
        <testcase classname="src/main/orchestrators/provider-integration.test.ts" name="Provider integration tests &gt; checkAvailability &gt; CopilotCli: accepts envOverride without error" time="0.000253292">
        </testcase>
        <testcase classname="src/main/orchestrators/provider-integration.test.ts" name="Provider integration tests &gt; checkAvailability &gt; CodexCli: accepts envOverride without error" time="0.000388363">
        </testcase>
        <testcase classname="src/main/orchestrators/provider-integration.test.ts" name="Provider integration tests &gt; type guards for capability sub-interfaces &gt; isHookCapable returns true for ClaudeCode and CopilotCli" time="0.000199221">
        </testcase>
        <testcase classname="src/main/orchestrators/provider-integration.test.ts" name="Provider integration tests &gt; type guards for capability sub-interfaces &gt; isHookCapable returns false for CodexCli" time="0.00013972">
        </testcase>
        <testcase classname="src/main/orchestrators/provider-integration.test.ts" name="Provider integration tests &gt; type guards for capability sub-interfaces &gt; isHeadlessCapable returns true for all providers" time="0.00024155">
        </testcase>
        <testcase classname="src/main/orchestrators/provider-integration.test.ts" name="Provider integration tests &gt; type guards for capability sub-interfaces &gt; isSessionCapable returns true only for ClaudeCode" time="0.000205482">
        </testcase>
        <testcase classname="src/main/orchestrators/provider-integration.test.ts" name="Provider integration tests &gt; type guards for capability sub-interfaces &gt; isStructuredCapable returns true for ClaudeCode, CopilotCli, and CodexCli" time="0.000195243">
        </testcase>
        <testcase classname="src/main/orchestrators/provider-integration.test.ts" name="Provider integration tests &gt; type guards for capability sub-interfaces &gt; type narrowing grants access to sub-interface methods" time="0.000250716">
        </testcase>
    </testsuite>
    <testsuite name="src/main/orchestrators/registry.test.ts" timestamp="2026-03-25T04:47:29.366Z" hostname="runnervm46oaq" tests="9" failures="0" errors="0" skipped="0" time="0.028022877">
        <testcase classname="src/main/orchestrators/registry.test.ts" name="Orchestrator Registry &gt; registerProvider &gt; registers a provider that can be retrieved by id" time="0.008094057">
        </testcase>
        <testcase classname="src/main/orchestrators/registry.test.ts" name="Orchestrator Registry &gt; registerProvider &gt; overwrites a provider with the same id" time="0.001720781">
        </testcase>
        <testcase classname="src/main/orchestrators/registry.test.ts" name="Orchestrator Registry &gt; getProvider &gt; returns undefined for an unregistered id" time="0.001064791">
        </testcase>
        <testcase classname="src/main/orchestrators/registry.test.ts" name="Orchestrator Registry &gt; getProvider &gt; returns the correct provider among many" time="0.00125757">
        </testcase>
        <testcase classname="src/main/orchestrators/registry.test.ts" name="Orchestrator Registry &gt; getAllProviders &gt; returns an empty array when no providers registered" time="0.001656371">
        </testcase>
        <testcase classname="src/main/orchestrators/registry.test.ts" name="Orchestrator Registry &gt; getAllProviders &gt; returns all registered providers" time="0.002964836">
        </testcase>
        <testcase classname="src/main/orchestrators/registry.test.ts" name="Orchestrator Registry &gt; getAllProviders &gt; returns a new array on each call (not a reference to internal state)" time="0.001562206">
        </testcase>
        <testcase classname="src/main/orchestrators/registry.test.ts" name="Orchestrator Registry &gt; registerBuiltinProviders &gt; registers all three built-in providers" time="0.001420763">
        </testcase>
        <testcase classname="src/main/orchestrators/registry.test.ts" name="Orchestrator Registry &gt; registerBuiltinProviders &gt; is idempotent — calling twice does not duplicate providers" time="0.005378483">
        </testcase>
    </testsuite>
    <testsuite name="src/main/orchestrators/shared.test.ts" timestamp="2026-03-25T04:47:29.367Z" hostname="runnervm46oaq" tests="38" failures="0" errors="0" skipped="0" time="0.016908817">
        <testcase classname="src/main/orchestrators/shared.test.ts" name="shared orchestrator utilities &gt; findBinaryInPath &gt; finds binary via where/which (shell-native lookup)" time="0.002790902">
        </testcase>
        <testcase classname="src/main/orchestrators/shared.test.ts" name="shared orchestrator utilities &gt; findBinaryInPath &gt; handles multi-line shell output (startup messages before path)" time="0.0005858">
        </testcase>
        <testcase classname="src/main/orchestrators/shared.test.ts" name="shared orchestrator utilities &gt; findBinaryInPath &gt; falls back to PATH scan when where/which fails" time="0.00023661">
        </testcase>
        <testcase classname="src/main/orchestrators/shared.test.ts" name="shared orchestrator utilities &gt; findBinaryInPath &gt; tries multiple binary names on PATH" time="0.00047291">
        </testcase>
        <testcase classname="src/main/orchestrators/shared.test.ts" name="shared orchestrator utilities &gt; findBinaryInPath &gt; skips empty PATH entries" time="0.000496634">
        </testcase>
        <testcase classname="src/main/orchestrators/shared.test.ts" name="shared orchestrator utilities &gt; findBinaryInPath &gt; falls back to extraPaths when PATH has no match" time="0.000250216">
        </testcase>
        <testcase classname="src/main/orchestrators/shared.test.ts" name="shared orchestrator utilities &gt; findBinaryInPath &gt; checks extraPaths in order, returns first hit" time="0.000268039">
        </testcase>
        <testcase classname="src/main/orchestrators/shared.test.ts" name="shared orchestrator utilities &gt; findBinaryInPath &gt; throws when binary not found anywhere" time="0.0009835">
        </testcase>
        <testcase classname="src/main/orchestrators/shared.test.ts" name="shared orchestrator utilities &gt; findBinaryInPath &gt; handles \r\n line endings from where on Windows" time="0.000451239">
        </testcase>
        <testcase classname="src/main/orchestrators/shared.test.ts" name="shared orchestrator utilities &gt; findBinaryInPath &gt; prioritizes extraPaths over PATH scan and where/which" time="0.000388593">
        </testcase>
        <testcase classname="src/main/orchestrators/shared.test.ts" name="shared orchestrator utilities &gt; findBinaryInPath &gt; falls through all stages in order when earlier stages miss" time="0.00026891">
        </testcase>
        <testcase classname="src/main/orchestrators/shared.test.ts" name="shared orchestrator utilities &gt; humanizeModelId &gt; capitalizes hyphen-separated words" time="0.000212155">
        </testcase>
        <testcase classname="src/main/orchestrators/shared.test.ts" name="shared orchestrator utilities &gt; humanizeModelId &gt; strips provider prefix before slash" time="0.000141233">
        </testcase>
        <testcase classname="src/main/orchestrators/shared.test.ts" name="shared orchestrator utilities &gt; humanizeModelId &gt; handles single-word id" time="0.000130062">
        </testcase>
        <testcase classname="src/main/orchestrators/shared.test.ts" name="shared orchestrator utilities &gt; humanizeModelId &gt; returns input unchanged when no hyphens or prefix" time="0.000119402">
        </testcase>
        <testcase classname="src/main/orchestrators/shared.test.ts" name="shared orchestrator utilities &gt; applyLaunchWrapper &gt; transforms binary and inserts subcommand + mcps + separator + original args" time="0.000710792">
        </testcase>
        <testcase classname="src/main/orchestrators/shared.test.ts" name="shared orchestrator utilities &gt; applyLaunchWrapper &gt; works with no MCPs selected" time="0.00029024">
        </testcase>
        <testcase classname="src/main/orchestrators/shared.test.ts" name="shared orchestrator utilities &gt; applyLaunchWrapper &gt; works with no original args" time="0.000191206">
        </testcase>
        <testcase classname="src/main/orchestrators/shared.test.ts" name="shared orchestrator utilities &gt; applyLaunchWrapper &gt; maps different orchestrator IDs to correct subcommands" time="0.000195714">
        </testcase>
        <testcase classname="src/main/orchestrators/shared.test.ts" name="shared orchestrator utilities &gt; applyLaunchWrapper &gt; throws when orchestrator has no mapping" time="0.000283618">
        </testcase>
        <testcase classname="src/main/orchestrators/shared.test.ts" name="shared orchestrator utilities &gt; applyLaunchWrapper &gt; omits separator when config.separator is empty" time="0.000213206">
        </testcase>
        <testcase classname="src/main/orchestrators/shared.test.ts" name="shared orchestrator utilities &gt; applyLaunchWrapper &gt; handles multiple MCPs in order" time="0.000180005">
        </testcase>
        <testcase classname="src/main/orchestrators/shared.test.ts" name="shared orchestrator utilities &gt; parseModelChoicesFromHelp &gt; parses model choices from Copilot help output" time="0.000422406">
        </testcase>
        <testcase classname="src/main/orchestrators/shared.test.ts" name="shared orchestrator utilities &gt; parseModelChoicesFromHelp &gt; parses model choices from Codex help output" time="0.000382101">
        </testcase>
        <testcase classname="src/main/orchestrators/shared.test.ts" name="shared orchestrator utilities &gt; parseModelChoicesFromHelp &gt; returns null when pattern does not match" time="0.000218616">
        </testcase>
        <testcase classname="src/main/orchestrators/shared.test.ts" name="shared orchestrator utilities &gt; parseModelChoicesFromHelp &gt; returns null when choices section has no quoted IDs" time="0.000152754">
        </testcase>
        <testcase classname="src/main/orchestrators/shared.test.ts" name="shared orchestrator utilities &gt; parseModelChoicesFromHelp &gt; always prepends a default entry" time="0.000217004">
        </testcase>
        <testcase classname="src/main/orchestrators/shared.test.ts" name="shared orchestrator utilities &gt; parseModelChoicesFromHelp &gt; handles single model in choices" time="0.000223946">
        </testcase>
        <testcase classname="src/main/orchestrators/shared.test.ts" name="shared orchestrator utilities &gt; homePath &gt; joins segments under home directory" time="0.000264341">
        </testcase>
        <testcase classname="src/main/orchestrators/shared.test.ts" name="shared orchestrator utilities &gt; homePath &gt; works with single segment" time="0.00017725">
        </testcase>
        <testcase classname="src/main/orchestrators/shared.test.ts" name="shared orchestrator utilities &gt; buildSummaryInstruction &gt; includes agentId in file path" time="0.000287925">
        </testcase>
        <testcase classname="src/main/orchestrators/shared.test.ts" name="shared orchestrator utilities &gt; buildSummaryInstruction &gt; specifies JSON format with summary and filesModified" time="0.000185635">
        </testcase>
        <testcase classname="src/main/orchestrators/shared.test.ts" name="shared orchestrator utilities &gt; readQuickSummary &gt; reads and parses summary file" time="0.000391668">
        </testcase>
        <testcase classname="src/main/orchestrators/shared.test.ts" name="shared orchestrator utilities &gt; readQuickSummary &gt; deletes the file after reading" time="0.000843559">
        </testcase>
        <testcase classname="src/main/orchestrators/shared.test.ts" name="shared orchestrator utilities &gt; readQuickSummary &gt; returns null when file does not exist" time="0.000232884">
        </testcase>
        <testcase classname="src/main/orchestrators/shared.test.ts" name="shared orchestrator utilities &gt; readQuickSummary &gt; handles malformed JSON gracefully" time="0.000225178">
        </testcase>
        <testcase classname="src/main/orchestrators/shared.test.ts" name="shared orchestrator utilities &gt; readQuickSummary &gt; handles missing summary field" time="0.00022567">
        </testcase>
        <testcase classname="src/main/orchestrators/shared.test.ts" name="shared orchestrator utilities &gt; readQuickSummary &gt; handles non-array filesModified" time="0.000227964">
        </testcase>
    </testsuite>
    <testsuite name="src/main/util/ipc-broadcast-audit.test.ts" timestamp="2026-03-25T04:47:29.375Z" hostname="runnervm46oaq" tests="2" failures="0" errors="0" skipped="0" time="0.029186426">
        <testcase classname="src/main/util/ipc-broadcast-audit.test.ts" name="IPC broadcast audit &gt; should not use single-window IPC patterns outside the allow-list" time="0.024885846">
        </testcase>
        <testcase classname="src/main/util/ipc-broadcast-audit.test.ts" name="IPC broadcast audit &gt; should not have stale entries in the allow-list" time="0.002734767">
        </testcase>
    </testsuite>
    <testsuite name="src/main/util/ipc-broadcast-policies.test.ts" timestamp="2026-03-25T04:47:29.375Z" hostname="runnervm46oaq" tests="4" failures="0" errors="0" skipped="0" time="0.014582958">
        <testcase classname="src/main/util/ipc-broadcast-policies.test.ts" name="registerDefaultBroadcastPolicies &gt; throttles pty:data with merge (concatenates chunks)" time="0.007458494">
        </testcase>
        <testcase classname="src/main/util/ipc-broadcast-policies.test.ts" name="registerDefaultBroadcastPolicies &gt; throttles agent:hook-event with merge (batches events into array)" time="0.002324184">
        </testcase>
        <testcase classname="src/main/util/ipc-broadcast-policies.test.ts" name="registerDefaultBroadcastPolicies &gt; sends a single hook event unwrapped when only one arrives in the window" time="0.001520398">
        </testcase>
        <testcase classname="src/main/util/ipc-broadcast-policies.test.ts" name="registerDefaultBroadcastPolicies &gt; does not throttle unregistered channels" time="0.001245657">
        </testcase>
    </testsuite>
    <testsuite name="src/main/util/ipc-broadcast.test.ts" timestamp="2026-03-25T04:47:29.376Z" hostname="runnervm46oaq" tests="21" failures="0" errors="0" skipped="0" time="0.021764881">
        <testcase classname="src/main/util/ipc-broadcast.test.ts" name="broadcastToAllWindows &gt; sends to all open windows immediately when no policy is set" time="0.004737704">
        </testcase>
        <testcase classname="src/main/util/ipc-broadcast.test.ts" name="broadcastToAllWindows &gt; skips destroyed windows" time="0.001293096">
        </testcase>
        <testcase classname="src/main/util/ipc-broadcast.test.ts" name="broadcastToAllWindows &gt; handles empty window list" time="0.001242151">
        </testcase>
        <testcase classname="src/main/util/ipc-broadcast.test.ts" name="broadcastToAllWindows &gt; passes no extra args when called with channel only" time="0.000586972">
        </testcase>
        <testcase classname="src/main/util/ipc-broadcast.test.ts" name="broadcastToAllWindows &gt; merge-mode throttling &gt; does not send immediately — buffers until interval" time="0.00091917">
        </testcase>
        <testcase classname="src/main/util/ipc-broadcast.test.ts" name="broadcastToAllWindows &gt; merge-mode throttling &gt; flushes merged data after interval" time="0.00126861">
        </testcase>
        <testcase classname="src/main/util/ipc-broadcast.test.ts" name="broadcastToAllWindows &gt; merge-mode throttling &gt; batches per agent independently" time="0.000756227">
        </testcase>
        <testcase classname="src/main/util/ipc-broadcast.test.ts" name="broadcastToAllWindows &gt; merge-mode throttling &gt; starts a new batch after flushing" time="0.000648226">
        </testcase>
        <testcase classname="src/main/util/ipc-broadcast.test.ts" name="broadcastToAllWindows &gt; queue-mode throttling &gt; does not send immediately — queues until interval" time="0.000967951">
        </testcase>
        <testcase classname="src/main/util/ipc-broadcast.test.ts" name="broadcastToAllWindows &gt; queue-mode throttling &gt; flushes all queued events individually on interval" time="0.000839312">
        </testcase>
        <testcase classname="src/main/util/ipc-broadcast.test.ts" name="broadcastToAllWindows &gt; queue-mode throttling &gt; queues per agent independently" time="0.001318122">
        </testcase>
        <testcase classname="src/main/util/ipc-broadcast.test.ts" name="broadcastToAllWindows &gt; flushAllPending &gt; immediately flushes all pending merged batches" time="0.000588955">
        </testcase>
        <testcase classname="src/main/util/ipc-broadcast.test.ts" name="broadcastToAllWindows &gt; flushAllPending &gt; immediately flushes all pending queued events" time="0.000471427">
        </testcase>
        <testcase classname="src/main/util/ipc-broadcast.test.ts" name="broadcastToAllWindows &gt; flushAllPending &gt; does nothing when no pending events exist" time="0.000631815">
        </testcase>
        <testcase classname="src/main/util/ipc-broadcast.test.ts" name="broadcastToAllWindows &gt; flushAllPending &gt; cancels pending timers so they do not fire again" time="0.000468011">
        </testcase>
        <testcase classname="src/main/util/ipc-broadcast.test.ts" name="broadcastToAllWindows &gt; policy management &gt; clearChannelPolicy removes throttling for a channel" time="0.000460266">
        </testcase>
        <testcase classname="src/main/util/ipc-broadcast.test.ts" name="broadcastToAllWindows &gt; policy management &gt; clearAllPolicies removes all policies" time="0.000398221">
        </testcase>
        <testcase classname="src/main/util/ipc-broadcast.test.ts" name="broadcastToAllWindows &gt; policy management &gt; policy with intervalMs=0 sends immediately" time="0.000418448">
        </testcase>
        <testcase classname="src/main/util/ipc-broadcast.test.ts" name="broadcastToAllWindows &gt; edge cases &gt; merge without mergeFn replaces with latest args" time="0.000535497">
        </testcase>
        <testcase classname="src/main/util/ipc-broadcast.test.ts" name="broadcastToAllWindows &gt; edge cases &gt; broadcasts to multiple windows on flush" time="0.000599475">
        </testcase>
        <testcase classname="src/main/util/ipc-broadcast.test.ts" name="broadcastToAllWindows &gt; edge cases &gt; skips destroyed windows during throttled flush" time="0.000502034">
        </testcase>
    </testsuite>
    <testsuite name="src/main/util/shell.test.ts" timestamp="2026-03-25T04:47:29.380Z" hostname="runnervm46oaq" tests="21" failures="0" errors="0" skipped="0" time="0.014284281">
        <testcase classname="src/main/util/shell.test.ts" name="getShellEnvironment &gt; returns an object with PATH merged from shell output" time="0.002766273">
        </testcase>
        <testcase classname="src/main/util/shell.test.ts" name="getShellEnvironment &gt; caches the result on subsequent calls" time="0.000321797">
        </testcase>
        <testcase classname="src/main/util/shell.test.ts" name="invalidateShellEnvironmentCache &gt; causes getShellEnvironment to re-source on next call" time="0.001763641">
        </testcase>
        <testcase classname="src/main/util/shell.test.ts" name="getDefaultShell &gt; returns SHELL env var on non-Windows" time="0.000446348">
        </testcase>
        <testcase classname="src/main/util/shell.test.ts" name="getDefaultShell &gt; falls back to /bin/zsh on non-Windows when SHELL is unset" time="0.000236719">
        </testcase>
        <testcase classname="src/main/util/shell.test.ts" name="getDefaultShell &gt; returns COMSPEC env var on Windows" time="0.000297342">
        </testcase>
        <testcase classname="src/main/util/shell.test.ts" name="getDefaultShell &gt; falls back to cmd.exe on Windows when COMSPEC is unset" time="0.000258279">
        </testcase>
        <testcase classname="src/main/util/shell.test.ts" name="cleanSpawnEnv &gt; removes CLAUDECODE and CLAUDE_CODE_ENTRYPOINT" time="0.000281222">
        </testcase>
        <testcase classname="src/main/util/shell.test.ts" name="cleanSpawnEnv &gt; is a no-op when keys are not present" time="0.000498635">
        </testcase>
        <testcase classname="src/main/util/shell.test.ts" name="winQuoteArg &gt; returns empty quoted string for empty input" time="0.000205461">
        </testcase>
        <testcase classname="src/main/util/shell.test.ts" name="winQuoteArg &gt; wraps a simple argument in double quotes" time="0.000202115">
        </testcase>
        <testcase classname="src/main/util/shell.test.ts" name="winQuoteArg &gt; wraps an argument with spaces in double quotes" time="0.000115163">
        </testcase>
        <testcase classname="src/main/util/shell.test.ts" name="winQuoteArg &gt; escapes embedded double quotes by doubling them" time="0.000107981">
        </testcase>
        <testcase classname="src/main/util/shell.test.ts" name="winQuoteArg &gt; handles argument with only a double quote" time="0.000131093">
        </testcase>
        <testcase classname="src/main/util/shell.test.ts" name="winQuoteArg &gt; handles special shell characters" time="0.000092842">
        </testcase>
        <testcase classname="src/main/util/shell.test.ts" name="winQuoteArg &gt; handles a long mission-text-like argument" time="0.000096038">
        </testcase>
        <testcase classname="src/main/util/shell.test.ts" name="preWarmShellEnvironment &gt; calls execFile asynchronously to resolve shell env" time="0.002133859">
        </testcase>
        <testcase classname="src/main/util/shell.test.ts" name="preWarmShellEnvironment &gt; populates cache when async callback fires" time="0.000678819">
        </testcase>
        <testcase classname="src/main/util/shell.test.ts" name="preWarmShellEnvironment &gt; does not overwrite cache if getShellEnvironment was called first" time="0.000502452">
        </testcase>
        <testcase classname="src/main/util/shell.test.ts" name="preWarmShellEnvironment &gt; falls back to process.env on error" time="0.000523471">
        </testcase>
        <testcase classname="src/main/util/shell.test.ts" name="preWarmShellEnvironment &gt; is a no-op on Windows" time="0.000549168">
        </testcase>
    </testsuite>
    <testsuite name="src/main/services/agent-config.test.ts" timestamp="2026-03-25T04:47:29.384Z" hostname="runnervm46oaq" tests="93" failures="0" errors="0" skipped="0" time="0.081356856">
        <testcase classname="src/main/services/agent-config.test.ts" name="readAgents (via listDurable) &gt; returns [] when no file exists" time="0.004739738">
        </testcase>
        <testcase classname="src/main/services/agent-config.test.ts" name="readAgents (via listDurable) &gt; returns [] on corrupt JSON with no backup" time="0.000728485">
        </testcase>
        <testcase classname="src/main/services/agent-config.test.ts" name="readAgents (via listDurable) &gt; parses valid agents.json" time="0.00105855">
        </testcase>
        <testcase classname="src/main/services/agent-config.test.ts" name="createDurable &gt; generates durable_ prefixed ID" time="0.002456802">
        </testcase>
        <testcase classname="src/main/services/agent-config.test.ts" name="createDurable &gt; branch = {name}/standby" time="0.0007523">
        </testcase>
        <testcase classname="src/main/services/agent-config.test.ts" name="createDurable &gt; worktree path always uses agents/" time="0.001845765">
        </testcase>
        <testcase classname="src/main/services/agent-config.test.ts" name="createDurable &gt; calls git branch + git worktree add when .git exists" time="0.000784009">
        </testcase>
        <testcase classname="src/main/services/agent-config.test.ts" name="createDurable &gt; falls back to mkdir when no git" time="0.000826348">
        </testcase>
        <testcase classname="src/main/services/agent-config.test.ts" name="createDurable &gt; falls back to mkdir when worktree add fails" time="0.001029996">
        </testcase>
        <testcase classname="src/main/services/agent-config.test.ts" name="createDurable &gt; creates initial commit with .gitignore when repo has no commits" time="0.000904853">
        </testcase>
        <testcase classname="src/main/services/agent-config.test.ts" name="createDurable &gt; skips initial commit when repo already has commits" time="0.000643228">
        </testcase>
        <testcase classname="src/main/services/agent-config.test.ts" name="createDurable &gt; falls back to mkdir when initial commit also fails" time="0.000843019">
        </testcase>
        <testcase classname="src/main/services/agent-config.test.ts" name="createDurable &gt; appends to existing config, does not overwrite" time="0.001338421">
        </testcase>
        <testcase classname="src/main/services/agent-config.test.ts" name="createDurable &gt; omits model field when &quot;default&quot;" time="0.000990764">
        </testcase>
        <testcase classname="src/main/services/agent-config.test.ts" name="createDurable &gt; includes model field when not &quot;default&quot;" time="0.000678543">
        </testcase>
        <testcase classname="src/main/services/agent-config.test.ts" name="createDurable &gt; skips worktree when useWorktree is false" time="0.000628609">
        </testcase>
        <testcase classname="src/main/services/agent-config.test.ts" name="createDurable &gt; includes freeAgentMode when true" time="0.000767358">
        </testcase>
        <testcase classname="src/main/services/agent-config.test.ts" name="createDurable &gt; omits freeAgentMode when false" time="0.00061295">
        </testcase>
        <testcase classname="src/main/services/agent-config.test.ts" name="createDurable &gt; omits freeAgentMode when undefined" time="0.000513515">
        </testcase>
        <testcase classname="src/main/services/agent-config.test.ts" name="createDurable &gt; ensureGitignore skips when all patterns already present" time="0.000632377">
        </testcase>
        <testcase classname="src/main/services/agent-config.test.ts" name="createDurable &gt; appends only missing gitignore patterns" time="0.000888834">
        </testcase>
        <testcase classname="src/main/services/agent-config.test.ts" name="createDurable &gt; uses async exec (non-blocking) for git operations" time="0.003903536">
        </testcase>
        <testcase classname="src/main/services/agent-config.test.ts" name="deleteDurable &gt; removes agent from config file" time="0.011553385">
        </testcase>
        <testcase classname="src/main/services/agent-config.test.ts" name="deleteDurable &gt; calls git worktree remove + branch -D via async exec" time="0.001210692">
        </testcase>
        <testcase classname="src/main/services/agent-config.test.ts" name="deleteDurable &gt; continues if git commands fail" time="0.001334844">
        </testcase>
        <testcase classname="src/main/services/agent-config.test.ts" name="deleteDurable &gt; rm if worktree still exists after git" time="0.001414713">
        </testcase>
        <testcase classname="src/main/services/agent-config.test.ts" name="deleteDurable &gt; no-op for unknown agentId" time="0.000391549">
        </testcase>
        <testcase classname="src/main/services/agent-config.test.ts" name="deleteDurable &gt; handles non-worktree agent (just unregisters)" time="0.000602392">
        </testcase>
        <testcase classname="src/main/services/agent-config.test.ts" name="reorderDurable &gt; reorders by orderedIds" time="0.000508446">
        </testcase>
        <testcase classname="src/main/services/agent-config.test.ts" name="reorderDurable &gt; appends agents not in orderedIds" time="0.000326488">
        </testcase>
        <testcase classname="src/main/services/agent-config.test.ts" name="reorderDurable &gt; ignores unknown ids in orderedIds" time="0.000464785">
        </testcase>
        <testcase classname="src/main/services/agent-config.test.ts" name="reorderDurable &gt; returns the reordered array" time="0.000282726">
        </testcase>
        <testcase classname="src/main/services/agent-config.test.ts" name="renameDurable &gt; updates name in config" time="0.000659187">
        </testcase>
        <testcase classname="src/main/services/agent-config.test.ts" name="updateDurable &gt; updates name only" time="0.000459064">
        </testcase>
        <testcase classname="src/main/services/agent-config.test.ts" name="updateDurable &gt; updates color only" time="0.000425261">
        </testcase>
        <testcase classname="src/main/services/agent-config.test.ts" name="updateDurable &gt; sets icon" time="0.000293066">
        </testcase>
        <testcase classname="src/main/services/agent-config.test.ts" name="updateDurable &gt; clears icon when null" time="0.000400135">
        </testcase>
        <testcase classname="src/main/services/agent-config.test.ts" name="updateDurable &gt; clears icon when empty string" time="0.000315397">
        </testcase>
        <testcase classname="src/main/services/agent-config.test.ts" name="updateDurable &gt; no-op for unknown agentId" time="0.000203689">
        </testcase>
        <testcase classname="src/main/services/agent-config.test.ts" name="getWorktreeStatus &gt; invalid agent returns isValid:false" time="0.000454526">
        </testcase>
        <testcase classname="src/main/services/agent-config.test.ts" name="getWorktreeStatus &gt; missing .git returns isValid:false" time="0.000448214">
        </testcase>
        <testcase classname="src/main/services/agent-config.test.ts" name="getWorktreeStatus &gt; non-worktree agent returns isValid:false" time="0.00035983">
        </testcase>
        <testcase classname="src/main/services/agent-config.test.ts" name="getWorktreeStatus &gt; valid worktree runs git commands async and returns parsed status" time="0.001320797">
        </testcase>
        <testcase classname="src/main/services/agent-config.test.ts" name="getWorktreeStatus &gt; handles git command failures gracefully" time="0.000682479">
        </testcase>
        <testcase classname="src/main/services/agent-config.test.ts" name="deleteCommitAndPush &gt; stages, commits, pushes, deletes via async exec" time="0.000720912">
        </testcase>
        <testcase classname="src/main/services/agent-config.test.ts" name="deleteCommitAndPush &gt; agent not found returns ok:false" time="0.000183452">
        </testcase>
        <testcase classname="src/main/services/agent-config.test.ts" name="deleteUnregister &gt; removes from config, leaves files" time="0.000609234">
        </testcase>
        <testcase classname="src/main/services/agent-config.test.ts" name="deleteForce &gt; delegates to deleteDurable" time="0.000680727">
        </testcase>
        <testcase classname="src/main/services/agent-config.test.ts" name="getDurableConfig &gt; returns correct agent by id" time="0.000374167">
        </testcase>
        <testcase classname="src/main/services/agent-config.test.ts" name="getDurableConfig &gt; returns null for unknown agent" time="0.00031171">
        </testcase>
        <testcase classname="src/main/services/agent-config.test.ts" name="getDurableConfig &gt; returns null when no agents file" time="0.00019842">
        </testcase>
        <testcase classname="src/main/services/agent-config.test.ts" name="updateDurableConfig &gt; persists quickAgentDefaults and round-trips" time="0.000453534">
        </testcase>
        <testcase classname="src/main/services/agent-config.test.ts" name="updateDurableConfig &gt; no-op for unknown agent" time="0.000617619">
        </testcase>
        <testcase classname="src/main/services/agent-config.test.ts" name="updateDurableConfig &gt; persists model field and round-trips" time="0.000384826">
        </testcase>
        <testcase classname="src/main/services/agent-config.test.ts" name="updateDurableConfig &gt; removes model field when set to &quot;default&quot;" time="0.000736951">
        </testcase>
        <testcase classname="src/main/services/agent-config.test.ts" name="updateDurableConfig &gt; persists freeAgentMode when set to true" time="0.000480123">
        </testcase>
        <testcase classname="src/main/services/agent-config.test.ts" name="updateDurableConfig &gt; removes freeAgentMode field when set to false" time="0.000481756">
        </testcase>
        <testcase classname="src/main/services/agent-config.test.ts" name="updateDurableConfig &gt; persists lastSessionId and round-trips" time="0.00050529">
        </testcase>
        <testcase classname="src/main/services/agent-config.test.ts" name="updateDurableConfig &gt; removes lastSessionId field when set to null" time="0.000339321">
        </testcase>
        <testcase classname="src/main/services/agent-config.test.ts" name="updateSessionId &gt; persists a session ID via updateSessionId helper" time="0.00034921">
        </testcase>
        <testcase classname="src/main/services/agent-config.test.ts" name="updateSessionId &gt; clears session ID when null" time="0.000460507">
        </testcase>
        <testcase classname="src/main/services/agent-config.test.ts" name="addSessionEntry &gt; adds a new session entry to an agent with no history" time="0.000567936">
        </testcase>
        <testcase classname="src/main/services/agent-config.test.ts" name="addSessionEntry &gt; updates existing session entry and preserves friendly name" time="0.000531489">
        </testcase>
        <testcase classname="src/main/services/agent-config.test.ts" name="addSessionEntry &gt; does nothing for unknown agent" time="0.00021487">
        </testcase>
        <testcase classname="src/main/services/agent-config.test.ts" name="updateSessionName &gt; sets a friendly name on an existing session" time="0.000436613">
        </testcase>
        <testcase classname="src/main/services/agent-config.test.ts" name="updateSessionName &gt; clears a friendly name when null" time="0.000415583">
        </testcase>
        <testcase classname="src/main/services/agent-config.test.ts" name="getSessionHistory &gt; returns sessions sorted by most recently active" time="0.000467369">
        </testcase>
        <testcase classname="src/main/services/agent-config.test.ts" name="getSessionHistory &gt; returns empty array for agent without session history" time="0.000284059">
        </testcase>
        <testcase classname="src/main/services/agent-config.test.ts" name="getSessionHistory &gt; returns empty array for unknown agent" time="0.000238273">
        </testcase>
        <testcase classname="src/main/services/agent-config.test.ts" name="ensureGitignore edge cases &gt; appends selective patterns when .gitignore exists without clubhouse patterns" time="0.000544553">
        </testcase>
        <testcase classname="src/main/services/agent-config.test.ts" name="ensureGitignore edge cases &gt; creates .gitignore when none exists" time="0.000468742">
        </testcase>
        <testcase classname="src/main/services/agent-config.test.ts" name="saveAgentIcon &gt; strips standard png data URL prefix" time="0.001230089">
        </testcase>
        <testcase classname="src/main/services/agent-config.test.ts" name="saveAgentIcon &gt; strips svg+xml data URL prefix (issue #190)" time="0.003914043">
        </testcase>
        <testcase classname="src/main/services/agent-config.test.ts" name="saveAgentIcon &gt; strips jpeg data URL prefix" time="0.000559802">
        </testcase>
        <testcase classname="src/main/services/agent-config.test.ts" name="saveAgentIcon &gt; strips webp data URL prefix" time="0.000487307">
        </testcase>
        <testcase classname="src/main/services/agent-config.test.ts" name="saveAgentIcon &gt; updates agent icon field in agents.json" time="0.000480374">
        </testcase>
        <testcase classname="src/main/services/agent-config.test.ts" name="write-back cache &gt; reads from disk only once for multiple reads" time="0.000547468">
        </testcase>
        <testcase classname="src/main/services/agent-config.test.ts" name="write-back cache &gt; coalesces multiple writes into one disk write on flush" time="0.000902109">
        </testcase>
        <testcase classname="src/main/services/agent-config.test.ts" name="write-back cache &gt; serves updated data from cache before flush" time="0.000572244">
        </testcase>
        <testcase classname="src/main/services/agent-config.test.ts" name="write-back cache &gt; clearAgentConfigCache discards pending writes" time="0.000421334">
        </testcase>
        <testcase classname="src/main/services/agent-config.test.ts" name="write-back cache &gt; flushAgentConfig is idempotent when no changes pending" time="0.000311039">
        </testcase>
        <testcase classname="src/main/services/agent-config.test.ts" name="write-back cache &gt; sequential operations only read from disk once" time="0.000599074">
        </testcase>
        <testcase classname="src/main/services/agent-config.test.ts" name="backup and recovery &gt; auto-recovery on corrupt agents.json &gt; recovers from backup when main file is corrupt" time="0.000476537">
        </testcase>
        <testcase classname="src/main/services/agent-config.test.ts" name="backup and recovery &gt; auto-recovery on corrupt agents.json &gt; recovers from backup when main file is missing" time="0.000340103">
        </testcase>
        <testcase classname="src/main/services/agent-config.test.ts" name="backup and recovery &gt; auto-recovery on corrupt agents.json &gt; returns [] when both main and backup are corrupt" time="0.000264743">
        </testcase>
        <testcase classname="src/main/services/agent-config.test.ts" name="backup and recovery &gt; atomic writes &gt; writeAgentsToDisk uses temp file + rename" time="0.000474573">
        </testcase>
        <testcase classname="src/main/services/agent-config.test.ts" name="backup and recovery &gt; atomic writes &gt; creates backup before writing" time="0.000336897">
        </testcase>
        <testcase classname="src/main/services/agent-config.test.ts" name="backup and recovery &gt; getBackupInfo &gt; returns null when no backup exists" time="0.000259633">
        </testcase>
        <testcase classname="src/main/services/agent-config.test.ts" name="backup and recovery &gt; getBackupInfo &gt; returns null when backup has same count as current" time="0.00024748">
        </testcase>
        <testcase classname="src/main/services/agent-config.test.ts" name="backup and recovery &gt; getBackupInfo &gt; returns info when backup has more agents than current" time="0.000343559">
        </testcase>
        <testcase classname="src/main/services/agent-config.test.ts" name="backup and recovery &gt; restoreFromBackup &gt; restores missing agents from backup" time="0.000619903">
        </testcase>
        <testcase classname="src/main/services/agent-config.test.ts" name="backup and recovery &gt; restoreFromBackup &gt; returns 0 restored when no backup exists" time="0.000265625">
        </testcase>
        <testcase classname="src/main/services/agent-config.test.ts" name="backup and recovery &gt; restoreFromBackup &gt; does not duplicate agents already present" time="0.000235559">
        </testcase>
    </testsuite>
    <testsuite name="src/main/services/agent-exit-broadcast.test.ts" timestamp="2026-03-25T04:47:29.402Z" hostname="runnervm46oaq" tests="5" failures="0" errors="0" skipped="0" time="0.011385918">
        <testcase classname="src/main/services/agent-exit-broadcast.test.ts" name="broadcastAgentExit &gt; broadcasts to renderer and annex event bus" time="0.004599535">
        </testcase>
        <testcase classname="src/main/services/agent-exit-broadcast.test.ts" name="broadcastAgentExit &gt; passes lastOutput to renderer broadcast when provided" time="0.000914721">
        </testcase>
        <testcase classname="src/main/services/agent-exit-broadcast.test.ts" name="broadcastAgentExit &gt; omits lastOutput argument when not provided" time="0.002103723">
        </testcase>
        <testcase classname="src/main/services/agent-exit-broadcast.test.ts" name="broadcastAgentExit &gt; passes empty string lastOutput correctly" time="0.000763089">
        </testcase>
        <testcase classname="src/main/services/agent-exit-broadcast.test.ts" name="broadcastAgentExit &gt; always calls both targets exactly once" time="0.00074746">
        </testcase>
    </testsuite>
    <testsuite name="src/main/services/agent-queue-registry.test.ts" timestamp="2026-03-25T04:47:29.403Z" hostname="runnervm46oaq" tests="13" failures="0" errors="0" skipped="0" time="0.014887053">
        <testcase classname="src/main/services/agent-queue-registry.test.ts" name="AgentQueueRegistry &gt; creates a queue with expected shape" time="0.004514448">
        </testcase>
        <testcase classname="src/main/services/agent-queue-registry.test.ts" name="AgentQueueRegistry &gt; lists created queues" time="0.001969324">
        </testcase>
        <testcase classname="src/main/services/agent-queue-registry.test.ts" name="AgentQueueRegistry &gt; gets a queue by ID" time="0.000835905">
        </testcase>
        <testcase classname="src/main/services/agent-queue-registry.test.ts" name="AgentQueueRegistry &gt; returns null for unknown ID" time="0.000289368">
        </testcase>
        <testcase classname="src/main/services/agent-queue-registry.test.ts" name="AgentQueueRegistry &gt; updates queue fields" time="0.000586862">
        </testcase>
        <testcase classname="src/main/services/agent-queue-registry.test.ts" name="AgentQueueRegistry &gt; updates metadata (merges)" time="0.000549332">
        </testcase>
        <testcase classname="src/main/services/agent-queue-registry.test.ts" name="AgentQueueRegistry &gt; returns null when updating unknown ID" time="0.000472018">
        </testcase>
        <testcase classname="src/main/services/agent-queue-registry.test.ts" name="AgentQueueRegistry &gt; deletes a queue" time="0.000719279">
        </testcase>
        <testcase classname="src/main/services/agent-queue-registry.test.ts" name="AgentQueueRegistry &gt; returns false when deleting unknown ID" time="0.000672171">
        </testcase>
        <testcase classname="src/main/services/agent-queue-registry.test.ts" name="AgentQueueRegistry &gt; notifies onChange listeners" time="0.000694151">
        </testcase>
        <testcase classname="src/main/services/agent-queue-registry.test.ts" name="AgentQueueRegistry &gt; flushes to disk" time="0.000903301">
        </testcase>
        <testcase classname="src/main/services/agent-queue-registry.test.ts" name="AgentQueueRegistry &gt; getSync returns queue from cache" time="0.000421164">
        </testcase>
        <testcase classname="src/main/services/agent-queue-registry.test.ts" name="AgentQueueRegistry &gt; getSync returns null for unknown ID" time="0.00020479">
        </testcase>
    </testsuite>
    <testsuite name="src/main/services/agent-queue-task-store.test.ts" timestamp="2026-03-25T04:47:29.405Z" hostname="runnervm46oaq" tests="11" failures="0" errors="0" skipped="0" time="0.017370594">
        <testcase classname="src/main/services/agent-queue-task-store.test.ts" name="AgentQueueTaskStore &gt; creates a task with expected shape" time="0.003651973">
        </testcase>
        <testcase classname="src/main/services/agent-queue-task-store.test.ts" name="AgentQueueTaskStore &gt; lists tasks for a queue" time="0.002550985">
        </testcase>
        <testcase classname="src/main/services/agent-queue-task-store.test.ts" name="AgentQueueTaskStore &gt; gets a task by ID" time="0.000932746">
        </testcase>
        <testcase classname="src/main/services/agent-queue-task-store.test.ts" name="AgentQueueTaskStore &gt; returns null for unknown task" time="0.000546787">
        </testcase>
        <testcase classname="src/main/services/agent-queue-task-store.test.ts" name="AgentQueueTaskStore &gt; updates task fields" time="0.000729146">
        </testcase>
        <testcase classname="src/main/services/agent-queue-task-store.test.ts" name="AgentQueueTaskStore &gt; updates task with output" time="0.000682419">
        </testcase>
        <testcase classname="src/main/services/agent-queue-task-store.test.ts" name="AgentQueueTaskStore &gt; cancels a pending task" time="0.000688591">
        </testcase>
        <testcase classname="src/main/services/agent-queue-task-store.test.ts" name="AgentQueueTaskStore &gt; cannot cancel a running task" time="0.000402058">
        </testcase>
        <testcase classname="src/main/services/agent-queue-task-store.test.ts" name="AgentQueueTaskStore &gt; lists task summaries" time="0.001043111">
        </testcase>
        <testcase classname="src/main/services/agent-queue-task-store.test.ts" name="AgentQueueTaskStore &gt; gets status counts" time="0.000723015">
        </testcase>
        <testcase classname="src/main/services/agent-queue-task-store.test.ts" name="AgentQueueTaskStore &gt; notifies onChange listeners" time="0.003387863">
        </testcase>
    </testsuite>
    <testsuite name="src/main/services/agent-registry.test.ts" timestamp="2026-03-25T04:47:29.407Z" hostname="runnervm46oaq" tests="19" failures="0" errors="0" skipped="0" time="0.013976009">
        <testcase classname="src/main/services/agent-registry.test.ts" name="agent-registry &gt; AgentRegistry &gt; registers and retrieves agents" time="0.002127417">
        </testcase>
        <testcase classname="src/main/services/agent-registry.test.ts" name="agent-registry &gt; AgentRegistry &gt; returns undefined for unregistered agents" time="0.000500489">
        </testcase>
        <testcase classname="src/main/services/agent-registry.test.ts" name="agent-registry &gt; AgentRegistry &gt; sets and retrieves nonce" time="0.000303203">
        </testcase>
        <testcase classname="src/main/services/agent-registry.test.ts" name="agent-registry &gt; AgentRegistry &gt; ignores setNonce for unregistered agent" time="0.00029658">
        </testcase>
        <testcase classname="src/main/services/agent-registry.test.ts" name="agent-registry &gt; AgentRegistry &gt; sets and retrieves runtime" time="0.000467528">
        </testcase>
        <testcase classname="src/main/services/agent-registry.test.ts" name="agent-registry &gt; AgentRegistry &gt; ignores setRuntime for unregistered agent" time="0.00020498">
        </testcase>
        <testcase classname="src/main/services/agent-registry.test.ts" name="agent-registry &gt; AgentRegistry &gt; untracks agents" time="0.000181797">
        </testcase>
        <testcase classname="src/main/services/agent-registry.test.ts" name="agent-registry &gt; AgentRegistry &gt; untrack is idempotent — calling twice does not throw (#566)" time="0.000171939">
        </testcase>
        <testcase classname="src/main/services/agent-registry.test.ts" name="agent-registry &gt; DEFAULT_ORCHESTRATOR &gt; is claude-code" time="0.000514114">
        </testcase>
        <testcase classname="src/main/services/agent-registry.test.ts" name="agent-registry &gt; readProjectOrchestrator &gt; reads orchestrator from settings file" time="0.001532433">
        </testcase>
        <testcase classname="src/main/services/agent-registry.test.ts" name="agent-registry &gt; readProjectOrchestrator &gt; returns undefined when settings file does not exist" time="0.000376849">
        </testcase>
        <testcase classname="src/main/services/agent-registry.test.ts" name="agent-registry &gt; resolveOrchestrator &gt; resolves agent-level orchestrator override" time="0.00129929">
        </testcase>
        <testcase classname="src/main/services/agent-registry.test.ts" name="agent-registry &gt; resolveOrchestrator &gt; falls back to project setting" time="0.000387118">
        </testcase>
        <testcase classname="src/main/services/agent-registry.test.ts" name="agent-registry &gt; resolveOrchestrator &gt; falls back to default orchestrator" time="0.000292703">
        </testcase>
        <testcase classname="src/main/services/agent-registry.test.ts" name="agent-registry &gt; resolveOrchestrator &gt; throws for unknown orchestrator" time="0.002567934">
        </testcase>
        <testcase classname="src/main/services/agent-registry.test.ts" name="agent-registry &gt; getAllRegistrations &gt; returns empty map when no agents registered" time="0.000158383">
        </testcase>
        <testcase classname="src/main/services/agent-registry.test.ts" name="agent-registry &gt; getAllRegistrations &gt; returns all registered agents" time="0.000175956">
        </testcase>
        <testcase classname="src/main/services/agent-registry.test.ts" name="agent-registry &gt; getAllRegistrations &gt; returns a copy — mutations do not affect the registry" time="0.0001509">
        </testcase>
        <testcase classname="src/main/services/agent-registry.test.ts" name="agent-registry &gt; no circular dependency &gt; does not import from hook-server or agent-system" time="0.000246226">
        </testcase>
    </testsuite>
    <testsuite name="src/main/services/agent-settings-service.test.ts" timestamp="2026-03-25T04:47:29.410Z" hostname="runnervm46oaq" tests="70" failures="0" errors="0" skipped="0" time="0.044987091">
        <testcase classname="src/main/services/agent-settings-service.test.ts" name="readClaudeMd &gt; reads from CLAUDE.md at project root" time="0.003603695">
        </testcase>
        <testcase classname="src/main/services/agent-settings-service.test.ts" name="readClaudeMd &gt; does not read from .claude/CLAUDE.local.md" time="0.000473101">
        </testcase>
        <testcase classname="src/main/services/agent-settings-service.test.ts" name="readClaudeMd &gt; returns empty string when file does not exist" time="0.000386399">
        </testcase>
        <testcase classname="src/main/services/agent-settings-service.test.ts" name="writeClaudeMd &gt; writes to CLAUDE.md at project root" time="0.000411226">
        </testcase>
        <testcase classname="src/main/services/agent-settings-service.test.ts" name="writeClaudeMd &gt; does not create .claude directory" time="0.000424801">
        </testcase>
        <testcase classname="src/main/services/agent-settings-service.test.ts" name="readPermissions &gt; reads allow and deny from settings.local.json" time="0.000588575">
        </testcase>
        <testcase classname="src/main/services/agent-settings-service.test.ts" name="readPermissions &gt; returns empty object when file does not exist" time="0.000486465">
        </testcase>
        <testcase classname="src/main/services/agent-settings-service.test.ts" name="readPermissions &gt; returns empty object when permissions key is missing" time="0.00023649">
        </testcase>
        <testcase classname="src/main/services/agent-settings-service.test.ts" name="readPermissions &gt; handles missing allow or deny arrays" time="0.00062343">
        </testcase>
        <testcase classname="src/main/services/agent-settings-service.test.ts" name="writePermissions &gt; writes permissions to settings.local.json" time="0.000693301">
        </testcase>
        <testcase classname="src/main/services/agent-settings-service.test.ts" name="writePermissions &gt; preserves existing hooks when writing permissions" time="0.00080047">
        </testcase>
        <testcase classname="src/main/services/agent-settings-service.test.ts" name="writePermissions &gt; removes permissions key when both arrays are empty" time="0.000304036">
        </testcase>
        <testcase classname="src/main/services/agent-settings-service.test.ts" name="writePermissions &gt; creates settings parent directory if it does not exist" time="0.000643397">
        </testcase>
        <testcase classname="src/main/services/agent-settings-service.test.ts" name="writePermissions &gt; handles only allow without deny" time="0.000282555">
        </testcase>
        <testcase classname="src/main/services/agent-settings-service.test.ts" name="writePermissions &gt; handles only deny without allow" time="0.000266776">
        </testcase>
        <testcase classname="src/main/services/agent-settings-service.test.ts" name="readSkillContent &gt; reads SKILL.md from the skill directory" time="0.000447683">
        </testcase>
        <testcase classname="src/main/services/agent-settings-service.test.ts" name="readSkillContent &gt; returns empty string when file does not exist" time="0.000220009">
        </testcase>
        <testcase classname="src/main/services/agent-settings-service.test.ts" name="writeSkillContent &gt; creates directory and writes SKILL.md" time="0.000436532">
        </testcase>
        <testcase classname="src/main/services/agent-settings-service.test.ts" name="deleteSkill &gt; removes the skill directory recursively" time="0.000345673">
        </testcase>
        <testcase classname="src/main/services/agent-settings-service.test.ts" name="readAgentTemplateContent &gt; reads .md file first" time="0.000343649">
        </testcase>
        <testcase classname="src/main/services/agent-settings-service.test.ts" name="readAgentTemplateContent &gt; falls back to directory README.md" time="0.000243362">
        </testcase>
        <testcase classname="src/main/services/agent-settings-service.test.ts" name="readAgentTemplateContent &gt; returns empty when neither exists" time="0.00024725">
        </testcase>
        <testcase classname="src/main/services/agent-settings-service.test.ts" name="writeAgentTemplateContent &gt; creates directory and writes .md file" time="0.000446792">
        </testcase>
        <testcase classname="src/main/services/agent-settings-service.test.ts" name="deleteAgentTemplate &gt; removes both .md file and directory forms" time="0.000512413">
        </testcase>
        <testcase classname="src/main/services/agent-settings-service.test.ts" name="listAgentTemplateFiles &gt; lists .md files and directories" time="0.000556115">
        </testcase>
        <testcase classname="src/main/services/agent-settings-service.test.ts" name="listAgentTemplateFiles &gt; returns empty array when directory does not exist" time="0.00027408">
        </testcase>
        <testcase classname="src/main/services/agent-settings-service.test.ts" name="readMcpRawJson &gt; reads .mcp.json content" time="0.000239726">
        </testcase>
        <testcase classname="src/main/services/agent-settings-service.test.ts" name="readMcpRawJson &gt; returns default JSON when file does not exist" time="0.000238755">
        </testcase>
        <testcase classname="src/main/services/agent-settings-service.test.ts" name="writeMcpRawJson &gt; writes valid JSON to .mcp.json" time="0.000350652">
        </testcase>
        <testcase classname="src/main/services/agent-settings-service.test.ts" name="writeMcpRawJson &gt; rejects invalid JSON without writing" time="0.000256488">
        </testcase>
        <testcase classname="src/main/services/agent-settings-service.test.ts" name="readProjectAgentDefaults &gt; reads agentDefaults from settings.json" time="0.00030641">
        </testcase>
        <testcase classname="src/main/services/agent-settings-service.test.ts" name="readProjectAgentDefaults &gt; returns empty object when no defaults set" time="0.000197738">
        </testcase>
        <testcase classname="src/main/services/agent-settings-service.test.ts" name="readProjectAgentDefaults &gt; returns empty object when settings file missing" time="0.000228635">
        </testcase>
        <testcase classname="src/main/services/agent-settings-service.test.ts" name="writeProjectAgentDefaults &gt; writes agentDefaults to settings.json" time="0.000409021">
        </testcase>
        <testcase classname="src/main/services/agent-settings-service.test.ts" name="applyAgentDefaults &gt; writes instructions to CLAUDE.md" time="0.000390507">
        </testcase>
        <testcase classname="src/main/services/agent-settings-service.test.ts" name="applyAgentDefaults &gt; writes permissions to settings.local.json" time="0.00038165">
        </testcase>
        <testcase classname="src/main/services/agent-settings-service.test.ts" name="applyAgentDefaults &gt; writes mcp.json when default is set" time="0.000347507">
        </testcase>
        <testcase classname="src/main/services/agent-settings-service.test.ts" name="applyAgentDefaults &gt; does nothing when no defaults are set" time="0.000307513">
        </testcase>
        <testcase classname="src/main/services/agent-settings-service.test.ts" name="orchestrator convention routing &gt; listSkills uses convention configDir/skillsDir" time="0.000701436">
        </testcase>
        <testcase classname="src/main/services/agent-settings-service.test.ts" name="orchestrator convention routing &gt; listAgentTemplates uses convention configDir/agentTemplatesDir" time="0.000632437">
        </testcase>
        <testcase classname="src/main/services/agent-settings-service.test.ts" name="orchestrator convention routing &gt; readSkillContent uses convention paths" time="0.000270974">
        </testcase>
        <testcase classname="src/main/services/agent-settings-service.test.ts" name="orchestrator convention routing &gt; writeSkillContent uses convention paths" time="0.000427876">
        </testcase>
        <testcase classname="src/main/services/agent-settings-service.test.ts" name="orchestrator convention routing &gt; deleteSkill uses convention paths" time="0.000304958">
        </testcase>
        <testcase classname="src/main/services/agent-settings-service.test.ts" name="orchestrator convention routing &gt; readAgentTemplateContent uses convention paths" time="0.000310738">
        </testcase>
        <testcase classname="src/main/services/agent-settings-service.test.ts" name="orchestrator convention routing &gt; writeAgentTemplateContent uses convention paths" time="0.000537731">
        </testcase>
        <testcase classname="src/main/services/agent-settings-service.test.ts" name="orchestrator convention routing &gt; deleteAgentTemplate uses convention paths" time="0.001690035">
        </testcase>
        <testcase classname="src/main/services/agent-settings-service.test.ts" name="orchestrator convention routing &gt; listAgentTemplateFiles uses convention paths" time="0.000395245">
        </testcase>
        <testcase classname="src/main/services/agent-settings-service.test.ts" name="orchestrator convention routing &gt; readMcpRawJson uses convention mcpConfigFile" time="0.000248812">
        </testcase>
        <testcase classname="src/main/services/agent-settings-service.test.ts" name="orchestrator convention routing &gt; writeMcpRawJson uses convention mcpConfigFile" time="0.000219158">
        </testcase>
        <testcase classname="src/main/services/agent-settings-service.test.ts" name="orchestrator convention routing &gt; readMcpConfig uses convention mcpConfigFile for project servers" time="0.000506673">
        </testcase>
        <testcase classname="src/main/services/agent-settings-service.test.ts" name="orchestrator convention routing &gt; readPermissions uses convention configDir/localSettingsFile" time="0.000265514">
        </testcase>
        <testcase classname="src/main/services/agent-settings-service.test.ts" name="orchestrator convention routing &gt; writePermissions uses convention configDir/localSettingsFile" time="0.000548751">
        </testcase>
        <testcase classname="src/main/services/agent-settings-service.test.ts" name="orchestrator convention routing &gt; writePermissions creates parent directory of settings file if missing" time="0.000533342">
        </testcase>
        <testcase classname="src/main/services/agent-settings-service.test.ts" name="orchestrator convention routing &gt; applyAgentDefaults uses convention for MCP and permissions" time="0.000632597">
        </testcase>
        <testcase classname="src/main/services/agent-settings-service.test.ts" name="TOML settingsFormat guard &gt; readPermissions returns empty for TOML conventions without reading file" time="0.000195685">
        </testcase>
        <testcase classname="src/main/services/agent-settings-service.test.ts" name="TOML settingsFormat guard &gt; writePermissions is a no-op for TOML conventions" time="0.000200764">
        </testcase>
        <testcase classname="src/main/services/agent-settings-service.test.ts" name="TOML settingsFormat guard &gt; readMcpRawJson returns empty default for TOML conventions without reading file" time="0.000217695">
        </testcase>
        <testcase classname="src/main/services/agent-settings-service.test.ts" name="TOML settingsFormat guard &gt; writeMcpRawJson returns error for TOML conventions without writing file" time="0.000291422">
        </testcase>
        <testcase classname="src/main/services/agent-settings-service.test.ts" name="TOML settingsFormat guard &gt; applyAgentDefaults skips permissions but writes TOML MCP for TOML conventions" time="0.007728872">
        </testcase>
        <testcase classname="src/main/services/agent-settings-service.test.ts" name="error logging in catch blocks &gt; readClaudeMd logs warning on read failure" time="0.00211234">
        </testcase>
        <testcase classname="src/main/services/agent-settings-service.test.ts" name="error logging in catch blocks &gt; readMcpConfig logs warning on corrupt JSON" time="0.000546487">
        </testcase>
        <testcase classname="src/main/services/agent-settings-service.test.ts" name="error logging in catch blocks &gt; listSkills logs warning on directory read failure" time="0.000439067">
        </testcase>
        <testcase classname="src/main/services/agent-settings-service.test.ts" name="error logging in catch blocks &gt; listAgentTemplates logs warning on directory read failure" time="0.000330715">
        </testcase>
        <testcase classname="src/main/services/agent-settings-service.test.ts" name="error logging in catch blocks &gt; readPermissions logs warning on parse failure" time="0.000455668">
        </testcase>
        <testcase classname="src/main/services/agent-settings-service.test.ts" name="error logging in catch blocks &gt; readSkillContent logs warning on read failure" time="0.000474252">
        </testcase>
        <testcase classname="src/main/services/agent-settings-service.test.ts" name="error logging in catch blocks &gt; readAgentTemplateContent logs warning when both forms fail" time="0.00063919">
        </testcase>
        <testcase classname="src/main/services/agent-settings-service.test.ts" name="error logging in catch blocks &gt; readMcpRawJson logs warning on read failure" time="0.000543511">
        </testcase>
        <testcase classname="src/main/services/agent-settings-service.test.ts" name="error logging in catch blocks &gt; listAgentTemplateFiles logs warning on directory read failure" time="0.000507966">
        </testcase>
        <testcase classname="src/main/services/agent-settings-service.test.ts" name="error logging in catch blocks &gt; applyAgentDefaults logs warning on invalid MCP JSON" time="0.000373986">
        </testcase>
        <testcase classname="src/main/services/agent-settings-service.test.ts" name="error logging in catch blocks &gt; writePermissions logs warning when existing settings are corrupt" time="0.000589447">
        </testcase>
    </testsuite>
    <testsuite name="src/main/services/agent-system.test.ts" timestamp="2026-03-25T04:47:29.422Z" hostname="runnervm46oaq" tests="87" failures="0" errors="0" skipped="0" time="0.12441725">
        <testcase classname="src/main/services/agent-system.test.ts" name="agent-system &gt; resolveOrchestrator &gt; uses agent-level override when provided" time="0.00331531">
        </testcase>
        <testcase classname="src/main/services/agent-system.test.ts" name="agent-system &gt; resolveOrchestrator &gt; falls back to project-level setting" time="0.000600087">
        </testcase>
        <testcase classname="src/main/services/agent-system.test.ts" name="agent-system &gt; resolveOrchestrator &gt; falls back to default (claude-code)" time="0.000737843">
        </testcase>
        <testcase classname="src/main/services/agent-system.test.ts" name="agent-system &gt; resolveOrchestrator &gt; throws for unknown orchestrator" time="0.002071534">
        </testcase>
        <testcase classname="src/main/services/agent-system.test.ts" name="agent-system &gt; resolveOrchestrator &gt; agent override takes priority over project setting" time="0.000355932">
        </testcase>
        <testcase classname="src/main/services/agent-system.test.ts" name="agent-system &gt; spawnAgent &gt; tracks agent project path" time="0.002570814">
        </testcase>
        <testcase classname="src/main/services/agent-system.test.ts" name="agent-system &gt; spawnAgent &gt; tracks agent orchestrator when specified" time="0.000658205">
        </testcase>
        <testcase classname="src/main/services/agent-system.test.ts" name="agent-system &gt; spawnAgent &gt; tracks resolved orchestrator even when not explicitly specified" time="0.000512644">
        </testcase>
        <testcase classname="src/main/services/agent-system.test.ts" name="agent-system &gt; spawnAgent &gt; tracks project-level orchestrator from settings.json" time="0.001071343">
        </testcase>
        <testcase classname="src/main/services/agent-system.test.ts" name="agent-system &gt; spawnAgent &gt; writes hooks config with base URL (no agentId)" time="0.002065523">
        </testcase>
        <testcase classname="src/main/services/agent-system.test.ts" name="agent-system &gt; spawnAgent &gt; generates and tracks a nonce per spawn" time="0.000775423">
        </testcase>
        <testcase classname="src/main/services/agent-system.test.ts" name="agent-system &gt; spawnAgent &gt; passes CLUBHOUSE_AGENT_ID and CLUBHOUSE_HOOK_NONCE env vars to pty" time="0.001080631">
        </testcase>
        <testcase classname="src/main/services/agent-system.test.ts" name="agent-system &gt; spawnAgent &gt; uses quick default permissions when kind is quick and no allowedTools" time="0.000584307">
        </testcase>
        <testcase classname="src/main/services/agent-system.test.ts" name="agent-system &gt; spawnAgent &gt; uses provided allowedTools over defaults" time="0.002339784">
        </testcase>
        <testcase classname="src/main/services/agent-system.test.ts" name="agent-system &gt; spawnAgent &gt; throws with descriptive error when pre-flight check fails" time="0.000497406">
        </testcase>
        <testcase classname="src/main/services/agent-system.test.ts" name="agent-system &gt; spawnAgent &gt; passes commandPrefix from project settings to ptyManager.spawn" time="0.000993849">
        </testcase>
        <testcase classname="src/main/services/agent-system.test.ts" name="agent-system &gt; spawnAgent &gt; passes undefined commandPrefix when not configured" time="0.000650641">
        </testcase>
        <testcase classname="src/main/services/agent-system.test.ts" name="agent-system &gt; spawnAgent &gt; does not spawn PTY when pre-flight check fails" time="0.000610415">
        </testcase>
        <testcase classname="src/main/services/agent-system.test.ts" name="agent-system &gt; spawnAgent &gt; cleans up tracking maps when PTY spawn fails" time="0.000751829">
        </testcase>
        <testcase classname="src/main/services/agent-system.test.ts" name="agent-system &gt; spawnAgent &gt; cleans up tracking maps when structured spawn fails" time="0.00109109">
        </testcase>
        <testcase classname="src/main/services/agent-system.test.ts" name="agent-system &gt; spawnAgent &gt; cleans up tracking maps when headless spawn fails" time="0.000950209">
        </testcase>
        <testcase classname="src/main/services/agent-system.test.ts" name="agent-system &gt; spawnAgent &gt; propagates the original error after cleanup on spawn failure" time="0.002099898">
        </testcase>
        <testcase classname="src/main/services/agent-system.test.ts" name="agent-system &gt; killAgent &gt; calls gracefulKill with provider exit command" time="0.000574839">
        </testcase>
        <testcase classname="src/main/services/agent-system.test.ts" name="agent-system &gt; killAgent &gt; uses orchestrator from agentOrchestratorMap set at spawn time" time="0.000590899">
        </testcase>
        <testcase classname="src/main/services/agent-system.test.ts" name="agent-system &gt; killAgent &gt; uses tracked orchestrator from spawn rather than caller-provided" time="0.000597692">
        </testcase>
        <testcase classname="src/main/services/agent-system.test.ts" name="agent-system &gt; killAgent &gt; uses tracked project-level orchestrator when spawned from settings" time="0.000498367">
        </testcase>
        <testcase classname="src/main/services/agent-system.test.ts" name="agent-system &gt; killAgent &gt; uses tracked headless runtime even if the manager lookup is stale" time="0.000539354">
        </testcase>
        <testcase classname="src/main/services/agent-system.test.ts" name="agent-system &gt; killAgent &gt; uses tracked structured runtime even if the manager lookup is stale" time="0.000782366">
        </testcase>
        <testcase classname="src/main/services/agent-system.test.ts" name="agent-system &gt; killAgent &gt; does not reject when gracefulKill throws (process already dead)" time="0.000722805">
        </testcase>
        <testcase classname="src/main/services/agent-system.test.ts" name="agent-system &gt; killAgent &gt; does not reject for unknown orchestrator" time="0.000374908">
        </testcase>
        <testcase classname="src/main/services/agent-system.test.ts" name="agent-system &gt; untrackAgent &gt; removes agent from all maps including nonce" time="0.000470235">
        </testcase>
        <testcase classname="src/main/services/agent-system.test.ts" name="agent-system &gt; checkAvailability &gt; defaults to claude-code when no params" time="0.000276184">
        </testcase>
        <testcase classname="src/main/services/agent-system.test.ts" name="agent-system &gt; checkAvailability &gt; checks specific orchestrator" time="0.000211113">
        </testcase>
        <testcase classname="src/main/services/agent-system.test.ts" name="agent-system &gt; checkAvailability &gt; returns error for unknown orchestrator" time="0.000348218">
        </testcase>
        <testcase classname="src/main/services/agent-system.test.ts" name="agent-system &gt; checkAvailability &gt; reads project-level orchestrator setting" time="0.000264182">
        </testcase>
        <testcase classname="src/main/services/agent-system.test.ts" name="agent-system &gt; getAvailableOrchestrators &gt; returns all registered providers with capabilities and runtime metadata" time="0.001387411">
        </testcase>
        <testcase classname="src/main/services/agent-system.test.ts" name="agent-system &gt; getAvailableOrchestrators &gt; uses provider fixtures with the expected profile env keys" time="0.000392791">
        </testcase>
        <testcase classname="src/main/services/agent-system.test.ts" name="agent-system &gt; config pipeline integration &gt; calls snapshotFile before writeHooksConfig" time="0.000508496">
        </testcase>
        <testcase classname="src/main/services/agent-system.test.ts" name="agent-system &gt; config pipeline integration &gt; passes onExit callback to pty spawn that calls restoreForAgent" time="0.000854961">
        </testcase>
        <testcase classname="src/main/services/agent-system.test.ts" name="agent-system &gt; config pipeline integration &gt; PTY onExit callback calls untrackAgent to clean up tracking state" time="0.000583476">
        </testcase>
        <testcase classname="src/main/services/agent-system.test.ts" name="agent-system &gt; config pipeline integration &gt; PTY onExit records session entry for durable agents even without SessionCapable (Bug 2 fix)" time="0.001160559">
        </testcase>
        <testcase classname="src/main/services/agent-system.test.ts" name="agent-system &gt; config pipeline integration &gt; PTY onExit uses provider extractSessionId when available" time="0.000790902">
        </testcase>
        <testcase classname="src/main/services/agent-system.test.ts" name="agent-system &gt; config pipeline integration &gt; PTY onExit does NOT record session entry for quick agents" time="0.050817295">
        </testcase>
        <testcase classname="src/main/services/agent-system.test.ts" name="agent-system &gt; config pipeline integration &gt; headless onExit callback calls untrackAgent to clean up tracking state" time="0.000874958">
        </testcase>
        <testcase classname="src/main/services/agent-system.test.ts" name="agent-system &gt; config pipeline integration &gt; structured onExit callback calls untrackAgent to clean up tracking state" time="0.000582745">
        </testcase>
        <testcase classname="src/main/services/agent-system.test.ts" name="agent-system &gt; config pipeline integration &gt; skips snapshot when provider does not support hooks" time="0.00065539">
        </testcase>
        <testcase classname="src/main/services/agent-system.test.ts" name="agent-system &gt; headless spawn path &gt; spawns via headless-manager when mode is headless and kind is quick" time="0.001019618">
        </testcase>
        <testcase classname="src/main/services/agent-system.test.ts" name="agent-system &gt; headless spawn path &gt; does not spawn headless for durable agents" time="0.000696596">
        </testcase>
        <testcase classname="src/main/services/agent-system.test.ts" name="agent-system &gt; headless spawn path &gt; falls back to PTY when buildHeadlessCommand returns null" time="0.000744546">
        </testcase>
        <testcase classname="src/main/services/agent-system.test.ts" name="agent-system &gt; headless spawn path &gt; falls back to PTY when provider lacks buildHeadlessCommand" time="0.000834894">
        </testcase>
        <testcase classname="src/main/services/agent-system.test.ts" name="agent-system &gt; headless spawn path &gt; passes mission and systemPrompt to buildHeadlessCommand" time="0.000820407">
        </testcase>
        <testcase classname="src/main/services/agent-system.test.ts" name="agent-system &gt; headless spawn path &gt; passes allowedTools from quick defaults to buildHeadlessCommand" time="0.000968633">
        </testcase>
        <testcase classname="src/main/services/agent-system.test.ts" name="agent-system &gt; headless spawn path &gt; passes explicit allowedTools over defaults to buildHeadlessCommand" time="0.000792315">
        </testcase>
        <testcase classname="src/main/services/agent-system.test.ts" name="agent-system &gt; headless spawn path &gt; tracks headless agent and marks it as headless" time="0.001230911">
        </testcase>
        <testcase classname="src/main/services/agent-system.test.ts" name="agent-system &gt; headless spawn path &gt; passes commandPrefix to headless spawn" time="0.000680266">
        </testcase>
        <testcase classname="src/main/services/agent-system.test.ts" name="agent-system &gt; headless spawn path &gt; headless onExit calls restoreForAgent and untrackAgent" time="0.000744736">
        </testcase>
        <testcase classname="src/main/services/agent-system.test.ts" name="agent-system &gt; headless spawn path &gt; passes freeAgentMode to buildHeadlessCommand" time="0.000667182">
        </testcase>
        <testcase classname="src/main/services/agent-system.test.ts" name="agent-system &gt; structured spawn path &gt; spawns via structured-manager when mode is structured and kind is quick" time="0.001291753">
        </testcase>
        <testcase classname="src/main/services/agent-system.test.ts" name="agent-system &gt; structured spawn path &gt; does not spawn structured for durable agents" time="0.00069289">
        </testcase>
        <testcase classname="src/main/services/agent-system.test.ts" name="agent-system &gt; structured spawn path &gt; falls back to PTY when provider lacks createStructuredAdapter" time="0.000718788">
        </testcase>
        <testcase classname="src/main/services/agent-system.test.ts" name="agent-system &gt; structured spawn path &gt; tracks structured agent and marks it as structured" time="0.000670317">
        </testcase>
        <testcase classname="src/main/services/agent-system.test.ts" name="agent-system &gt; structured spawn path &gt; passes allowedTools from quick defaults to structured session" time="0.000640001">
        </testcase>
        <testcase classname="src/main/services/agent-system.test.ts" name="agent-system &gt; structured spawn path &gt; passes explicit allowedTools over defaults to structured session" time="0.000670989">
        </testcase>
        <testcase classname="src/main/services/agent-system.test.ts" name="agent-system &gt; structured spawn path &gt; passes freeAgentMode to structured session opts" time="0.000625244">
        </testcase>
        <testcase classname="src/main/services/agent-system.test.ts" name="agent-system &gt; structured spawn path &gt; passes commandPrefix to structured session opts" time="0.000735298">
        </testcase>
        <testcase classname="src/main/services/agent-system.test.ts" name="agent-system &gt; structured spawn path &gt; structured onExit callback calls untrackAgent" time="0.000651363">
        </testcase>
        <testcase classname="src/main/services/agent-system.test.ts" name="agent-system &gt; clubhouse mode materialization &gt; calls materializeAgent for durable agents when clubhouse mode is enabled" time="0.000801802">
        </testcase>
        <testcase classname="src/main/services/agent-system.test.ts" name="agent-system &gt; clubhouse mode materialization &gt; skips materialization when clubhouse mode is disabled" time="0.000570602">
        </testcase>
        <testcase classname="src/main/services/agent-system.test.ts" name="agent-system &gt; clubhouse mode materialization &gt; skips materialization for quick agents" time="0.000520388">
        </testcase>
        <testcase classname="src/main/services/agent-system.test.ts" name="agent-system &gt; clubhouse mode materialization &gt; skips materialization when getDurableConfig returns null" time="0.000556045">
        </testcase>
        <testcase classname="src/main/services/agent-system.test.ts" name="agent-system &gt; clubhouse mode materialization &gt; skips materialization when clubhouseModeOverride is true" time="0.000545094">
        </testcase>
        <testcase classname="src/main/services/agent-system.test.ts" name="agent-system &gt; clubhouse mode materialization &gt; skips materialization when config has no worktreePath" time="0.000566884">
        </testcase>
        <testcase classname="src/main/services/agent-system.test.ts" name="agent-system &gt; clubhouse mode materialization &gt; continues spawn when materialization throws" time="0.000645662">
        </testcase>
        <testcase classname="src/main/services/agent-system.test.ts" name="agent-system &gt; killAgent spawn path routing &gt; kills headless agent via headless-manager" time="0.000679595">
        </testcase>
        <testcase classname="src/main/services/agent-system.test.ts" name="agent-system &gt; killAgent spawn path routing &gt; kills structured agent via structured-manager" time="0.000792896">
        </testcase>
        <testcase classname="src/main/services/agent-system.test.ts" name="agent-system &gt; killAgent spawn path routing &gt; kills headless agent detected by headless-manager.isHeadless" time="0.000546958">
        </testcase>
        <testcase classname="src/main/services/agent-system.test.ts" name="agent-system &gt; killAgent spawn path routing &gt; kills structured agent detected by structured-manager.isStructuredSession" time="0.000512944">
        </testcase>
        <testcase classname="src/main/services/agent-system.test.ts" name="agent-system &gt; killAgent spawn path routing &gt; untrackAgent is called after killing headless agent" time="0.00069321">
        </testcase>
        <testcase classname="src/main/services/agent-system.test.ts" name="agent-system &gt; killAgent spawn path routing &gt; untrackAgent is called after killing structured agent" time="0.002069241">
        </testcase>
        <testcase classname="src/main/services/agent-system.test.ts" name="agent-system &gt; killAgent spawn path routing &gt; does not reject when headless kill throws" time="0.0004405">
        </testcase>
        <testcase classname="src/main/services/agent-system.test.ts" name="agent-system &gt; killAgent spawn path routing &gt; does not reject when structured cancelSession rejects" time="0.000458443">
        </testcase>
        <testcase classname="src/main/services/agent-system.test.ts" name="agent-system &gt; killAgent spawn path routing &gt; untrackAgent is called even when headless kill throws" time="0.000555043">
        </testcase>
        <testcase classname="src/main/services/agent-system.test.ts" name="agent-system &gt; killAgent spawn path routing &gt; untrackAgent is called even when structured cancelSession rejects" time="0.000669266">
        </testcase>
        <testcase classname="src/main/services/agent-system.test.ts" name="agent-system &gt; killAgent spawn path routing &gt; structured branch takes priority over headless when both match" time="0.000384505">
        </testcase>
        <testcase classname="src/main/services/agent-system.test.ts" name="agent-system &gt; TOML config cleanup &gt; calls cleanupStaleJsonInTomlConfigs for TOML-format providers before spawn" time="0.000488178">
        </testcase>
        <testcase classname="src/main/services/agent-system.test.ts" name="agent-system &gt; TOML config cleanup &gt; does not call cleanupStaleJsonInTomlConfigs for JSON-format providers" time="0.000459394">
        </testcase>
        <testcase classname="src/main/services/agent-system.test.ts" name="agent-system &gt; TOML config cleanup &gt; continues spawn even if cleanup fails" time="0.000455648">
        </testcase>
    </testsuite>
    <testsuite name="src/main/services/annex-client-buffer.test.ts" timestamp="2026-03-25T04:47:29.435Z" hostname="runnervm46oaq" tests="11" failures="0" errors="0" skipped="0" time="0.014097271">
        <testcase classname="src/main/services/annex-client-buffer.test.ts" name="annex-client remote PTY buffer cache &gt; cacheRemotePtyData &gt; feeds data into a headless terminal with namespaced key" time="0.005246334">
        </testcase>
        <testcase classname="src/main/services/annex-client-buffer.test.ts" name="annex-client remote PTY buffer cache &gt; cacheRemotePtyData &gt; accumulates multiple data chunks" time="0.000741931">
        </testcase>
        <testcase classname="src/main/services/annex-client-buffer.test.ts" name="annex-client remote PTY buffer cache &gt; cacheRemotePtyData &gt; isolates data between different agents on same satellite" time="0.00058092">
        </testcase>
        <testcase classname="src/main/services/annex-client-buffer.test.ts" name="annex-client remote PTY buffer cache &gt; cacheRemotePtyData &gt; isolates data between different satellites" time="0.000486024">
        </testcase>
        <testcase classname="src/main/services/annex-client-buffer.test.ts" name="annex-client remote PTY buffer cache &gt; resizeRemoteBuffer &gt; resizes the headless terminal for a cached remote agent" time="0.001077184">
        </testcase>
        <testcase classname="src/main/services/annex-client-buffer.test.ts" name="annex-client remote PTY buffer cache &gt; resizeRemoteBuffer &gt; does nothing for an agent with no cached data" time="0.000508526">
        </testcase>
        <testcase classname="src/main/services/annex-client-buffer.test.ts" name="annex-client remote PTY buffer cache &gt; getLocalRemoteBuffer &gt; returns serialized content from the headless terminal" time="0.000571623">
        </testcase>
        <testcase classname="src/main/services/annex-client-buffer.test.ts" name="annex-client remote PTY buffer cache &gt; getLocalRemoteBuffer &gt; returns empty string when no data has been cached" time="0.000314726">
        </testcase>
        <testcase classname="src/main/services/annex-client-buffer.test.ts" name="annex-client remote PTY buffer cache &gt; requestPtyBuffer &gt; returns local cache when data has been cached via pty:data events" time="0.001014928">
        </testcase>
        <testcase classname="src/main/services/annex-client-buffer.test.ts" name="annex-client remote PTY buffer cache &gt; requestPtyBuffer &gt; returns empty string when no data cached and satellite not connected" time="0.000380528">
        </testcase>
        <testcase classname="src/main/services/annex-client-buffer.test.ts" name="annex-client remote PTY buffer cache &gt; requestPtyBuffer &gt; returns cached data consistently across multiple requests" time="0.000475705">
        </testcase>
    </testsuite>
    <testsuite name="src/main/services/annex-client.test.ts" timestamp="2026-03-25T04:47:29.437Z" hostname="runnervm46oaq" tests="30" failures="0" errors="0" skipped="0" time="0.190769323">
        <testcase classname="src/main/services/annex-client.test.ts" name="annex-client &gt; startClient &gt; starts Bonjour discovery" time="0.004205205">
        </testcase>
        <testcase classname="src/main/services/annex-client.test.ts" name="annex-client &gt; startClient &gt; does not start twice when called again" time="0.000397489">
        </testcase>
        <testcase classname="src/main/services/annex-client.test.ts" name="annex-client &gt; stopClient &gt; stops Bonjour and clears state" time="0.000895366">
        </testcase>
        <testcase classname="src/main/services/annex-client.test.ts" name="annex-client &gt; discovery — unpaired services &gt; adds unpaired services to discoveredServices instead of dropping them" time="0.002414082">
        </testcase>
        <testcase classname="src/main/services/annex-client.test.ts" name="annex-client &gt; discovery — unpaired services &gt; skips our own identity" time="0.000772217">
        </testcase>
        <testcase classname="src/main/services/annex-client.test.ts" name="annex-client &gt; discovery — unpaired services &gt; updates host/port for already-discovered services" time="0.00089744">
        </testcase>
        <testcase classname="src/main/services/annex-client.test.ts" name="annex-client &gt; discovery — paired services &gt; adds paired services to satellites and auto-connects" time="0.002041449">
        </testcase>
        <testcase classname="src/main/services/annex-client.test.ts" name="annex-client &gt; discovery — paired services &gt; moves a service from discovered to satellites when it becomes paired" time="0.001564371">
        </testcase>
        <testcase classname="src/main/services/annex-client.test.ts" name="annex-client &gt; scan &gt; clears discovered services and restarts discovery" time="0.000980024">
        </testcase>
        <testcase classname="src/main/services/annex-client.test.ts" name="annex-client &gt; pairWithService &gt; returns error when service is not found" time="0.000849792">
        </testcase>
        <testcase classname="src/main/services/annex-client.test.ts" name="annex-client &gt; pairWithService &gt; POSTs to /pair with PIN and local identity, adds peer on success" time="0.002022774">
        </testcase>
        <testcase classname="src/main/services/annex-client.test.ts" name="annex-client &gt; pairWithService &gt; returns error on HTTP failure" time="0.000821579">
        </testcase>
        <testcase classname="src/main/services/annex-client.test.ts" name="annex-client &gt; pairWithService &gt; returns error on network failure" time="0.001813755">
        </testcase>
        <testcase classname="src/main/services/annex-client.test.ts" name="annex-client &gt; pairWithService &gt; broadcasts both DISCOVERED_CHANGED and SATELLITES_CHANGED on success" time="0.000771465">
        </testcase>
        <testcase classname="src/main/services/annex-client.test.ts" name="annex-client &gt; getDiscoveredServices &gt; returns empty array initially" time="0.00025261">
        </testcase>
        <testcase classname="src/main/services/annex-client.test.ts" name="annex-client &gt; getSatellites &gt; returns empty array initially" time="0.000188881">
        </testcase>
        <testcase classname="src/main/services/annex-client.test.ts" name="annex-client &gt; forgetSatellite &gt; disconnects, removes peer, and clears satellite from state" time="0.001267067">
        </testcase>
        <testcase classname="src/main/services/annex-client.test.ts" name="annex-client &gt; forgetSatellite &gt; is a no-op for unknown fingerprints" time="0.000299687">
        </testcase>
        <testcase classname="src/main/services/annex-client.test.ts" name="annex-client &gt; forgetAllSatellites &gt; disconnects all, removes all peers, and clears all state" time="0.000914882">
        </testcase>
        <testcase classname="src/main/services/annex-client.test.ts" name="annex-client &gt; mTLS reconnection &gt; attempts connection for discovered paired satellite without bearer token" time="0.000649599">
        </testcase>
        <testcase classname="src/main/services/annex-client.test.ts" name="annex-client &gt; mTLS reconnection &gt; retry works without bearer token" time="0.002326018">
        </testcase>
        <testcase classname="src/main/services/annex-client.test.ts" name="annex-client &gt; directional peer roles &gt; does not auto-connect to peers with role &quot;controller&quot;" time="0.000519757">
        </testcase>
        <testcase classname="src/main/services/annex-client.test.ts" name="annex-client &gt; directional peer roles &gt; auto-connects to peers with role &quot;satellite&quot;" time="0.000517864">
        </testcase>
        <testcase classname="src/main/services/annex-client.test.ts" name="annex-client &gt; directional peer roles &gt; auto-connects to legacy peers without role (backward compat)" time="0.00062307">
        </testcase>
        <testcase classname="src/main/services/annex-client.test.ts" name="annex-client &gt; directional peer roles &gt; pairWithService stores peer with role &quot;satellite&quot;" time="0.00105354">
        </testcase>
        <testcase classname="src/main/services/annex-client.test.ts" name="annex-client &gt; sendToSatellite error reporting &gt; returns { sent: false, error: &quot;not_connected&quot; } when WS is not open" time="0.000425742">
        </testcase>
        <testcase classname="src/main/services/annex-client.test.ts" name="annex-client &gt; sendToSatellite error reporting &gt; returns { sent: false, error } when ws.send() throws" time="0.05138665">
        </testcase>
        <testcase classname="src/main/services/annex-client.test.ts" name="annex-client &gt; sendToSatellite error reporting &gt; returns { sent: true } on successful send (backward-compat truthy check)" time="0.051565393">
        </testcase>
        <testcase classname="src/main/services/annex-client.test.ts" name="annex-client &gt; malformed JSON from satellite &gt; logs warning with preview when satellite sends invalid JSON" time="0.051813988">
        </testcase>
        <testcase classname="src/main/services/annex-client.test.ts" name="annex-client &gt; heartbeat ping failure &gt; transitions to disconnected and schedules reconnect on ping throw" time="0.003376433">
        </testcase>
    </testsuite>
    <testsuite name="src/main/services/annex-event-bus.test.ts" timestamp="2026-03-25T04:47:29.442Z" hostname="runnervm46oaq" tests="15" failures="0" errors="0" skipped="0" time="0.01669657">
        <testcase classname="src/main/services/annex-event-bus.test.ts" name="annex-event-bus &gt; does not call listeners when inactive" time="0.003990343">
        </testcase>
        <testcase classname="src/main/services/annex-event-bus.test.ts" name="annex-event-bus &gt; calls listeners when active" time="0.002108963">
        </testcase>
        <testcase classname="src/main/services/annex-event-bus.test.ts" name="annex-event-bus &gt; unsubscribes correctly" time="0.000472539">
        </testcase>
        <testcase classname="src/main/services/annex-event-bus.test.ts" name="annex-event-bus &gt; emits hook events" time="0.001102551">
        </testcase>
        <testcase classname="src/main/services/annex-event-bus.test.ts" name="annex-event-bus &gt; emits pty exit events" time="0.000863786">
        </testcase>
        <testcase classname="src/main/services/annex-event-bus.test.ts" name="annex-event-bus &gt; supports multiple listeners" time="0.000568628">
        </testcase>
        <testcase classname="src/main/services/annex-event-bus.test.ts" name="annex-event-bus &gt; isActive reflects setActive" time="0.000693861">
        </testcase>
        <testcase classname="src/main/services/annex-event-bus.test.ts" name="annex-event-bus &gt; emits structured events" time="0.000632837">
        </testcase>
        <testcase classname="src/main/services/annex-event-bus.test.ts" name="annex-event-bus &gt; does not emit structured events when inactive" time="0.000994871">
        </testcase>
        <testcase classname="src/main/services/annex-event-bus.test.ts" name="annex-event-bus &gt; unsubscribes from structured events correctly" time="0.000496093">
        </testcase>
        <testcase classname="src/main/services/annex-event-bus.test.ts" name="annex-event-bus &gt; removeAllListeners clears everything" time="0.000388132">
        </testcase>
        <testcase classname="src/main/services/annex-event-bus.test.ts" name="annex-event-bus &gt; getListenerCounts &gt; returns zero counts when no listeners registered" time="0.000514527">
        </testcase>
        <testcase classname="src/main/services/annex-event-bus.test.ts" name="annex-event-bus &gt; getListenerCounts &gt; tracks listener counts per type" time="0.000461699">
        </testcase>
        <testcase classname="src/main/services/annex-event-bus.test.ts" name="annex-event-bus &gt; getListenerCounts &gt; decrements after unsubscribe" time="0.000262508">
        </testcase>
        <testcase classname="src/main/services/annex-event-bus.test.ts" name="annex-event-bus &gt; getListenerCounts &gt; resets to zero after removeAllListeners" time="0.000385638">
        </testcase>
    </testsuite>
    <testsuite name="src/main/services/annex-event-replay.test.ts" timestamp="2026-03-25T04:47:29.444Z" hostname="runnervm46oaq" tests="11" failures="0" errors="0" skipped="0" time="0.015838037">
        <testcase classname="src/main/services/annex-event-replay.test.ts" name="annex-event-replay &gt; pushEvent increments sequence numbers" time="0.002135272">
        </testcase>
        <testcase classname="src/main/services/annex-event-replay.test.ts" name="annex-event-replay &gt; getEventsSince returns events after the given seq" time="0.001034444">
        </testcase>
        <testcase classname="src/main/services/annex-event-replay.test.ts" name="annex-event-replay &gt; getEventsSince returns empty array when up to date" time="0.000282155">
        </testcase>
        <testcase classname="src/main/services/annex-event-replay.test.ts" name="annex-event-replay &gt; getEventsSince returns null for gap (seq too old)" time="0.000394894">
        </testcase>
        <testcase classname="src/main/services/annex-event-replay.test.ts" name="annex-event-replay &gt; getEventsSince returns empty on empty buffer" time="0.000368686">
        </testcase>
        <testcase classname="src/main/services/annex-event-replay.test.ts" name="annex-event-replay &gt; clearForAgent removes only that agent events" time="0.000355361">
        </testcase>
        <testcase classname="src/main/services/annex-event-replay.test.ts" name="annex-event-replay &gt; reset clears all events and resets sequence" time="0.000217695">
        </testcase>
        <testcase classname="src/main/services/annex-event-replay.test.ts" name="annex-event-replay &gt; respects max event limit" time="0.008163109">
        </testcase>
        <testcase classname="src/main/services/annex-event-replay.test.ts" name="annex-event-replay &gt; evictStale removes old events" time="0.000642986">
        </testcase>
        <testcase classname="src/main/services/annex-event-replay.test.ts" name="annex-event-replay &gt; getOldestSeq returns 0 on empty buffer" time="0.000270042">
        </testcase>
        <testcase classname="src/main/services/annex-event-replay.test.ts" name="annex-event-replay &gt; getOldestSeq returns first seq after pushes" time="0.000280462">
        </testcase>
    </testsuite>
    <testsuite name="src/main/services/annex-identity.test.ts" timestamp="2026-03-25T04:47:29.446Z" hostname="runnervm46oaq" tests="12" failures="0" errors="0" skipped="0" time="0.025259008">
        <testcase classname="src/main/services/annex-identity.test.ts" name="annex-identity &gt; getOrCreateIdentity &gt; should generate a new identity on first call" time="0.007386059">
        </testcase>
        <testcase classname="src/main/services/annex-identity.test.ts" name="annex-identity &gt; getOrCreateIdentity &gt; should return the same identity on subsequent calls (idempotent)" time="0.001302312">
        </testcase>
        <testcase classname="src/main/services/annex-identity.test.ts" name="annex-identity &gt; getOrCreateIdentity &gt; should persist and reload identity across cache resets" time="0.001391899">
        </testcase>
        <testcase classname="src/main/services/annex-identity.test.ts" name="annex-identity &gt; getOrCreateIdentity &gt; should set 0600 permissions on identity file" time="0.001155149">
        </testcase>
        <testcase classname="src/main/services/annex-identity.test.ts" name="annex-identity &gt; computeFingerprint &gt; should produce deterministic fingerprints" time="0.00120413">
        </testcase>
        <testcase classname="src/main/services/annex-identity.test.ts" name="annex-identity &gt; computeFingerprint &gt; should match the stored fingerprint" time="0.001119522">
        </testcase>
        <testcase classname="src/main/services/annex-identity.test.ts" name="annex-identity &gt; computeFingerprint &gt; should format as colon-separated hex" time="0.0010803">
        </testcase>
        <testcase classname="src/main/services/annex-identity.test.ts" name="annex-identity &gt; getIdentity &gt; should return null when no identity exists" time="0.000563078">
        </testcase>
        <testcase classname="src/main/services/annex-identity.test.ts" name="annex-identity &gt; getIdentity &gt; should return identity after creation" time="0.003315146">
        </testcase>
        <testcase classname="src/main/services/annex-identity.test.ts" name="annex-identity &gt; getPublicIdentity &gt; should return null when no identity exists" time="0.000568909">
        </testcase>
        <testcase classname="src/main/services/annex-identity.test.ts" name="annex-identity &gt; getPublicIdentity &gt; should return only public key and fingerprint" time="0.001133678">
        </testcase>
        <testcase classname="src/main/services/annex-identity.test.ts" name="annex-identity &gt; distinct keypairs &gt; should generate different keypairs for different userData dirs" time="0.002131836">
        </testcase>
    </testsuite>
    <testsuite name="src/main/services/annex-peers.test.ts" timestamp="2026-03-25T04:47:29.448Z" hostname="runnervm46oaq" tests="13" failures="0" errors="0" skipped="0" time="0.024735244">
        <testcase classname="src/main/services/annex-peers.test.ts" name="annex-peers &gt; CRUD &gt; should start with empty peer list" time="0.004356584">
        </testcase>
        <testcase classname="src/main/services/annex-peers.test.ts" name="annex-peers &gt; CRUD &gt; should add and retrieve a peer" time="0.003078747">
        </testcase>
        <testcase classname="src/main/services/annex-peers.test.ts" name="annex-peers &gt; CRUD &gt; should update existing peer on add" time="0.004992738">
        </testcase>
        <testcase classname="src/main/services/annex-peers.test.ts" name="annex-peers &gt; CRUD &gt; should remove a peer" time="0.001405604">
        </testcase>
        <testcase classname="src/main/services/annex-peers.test.ts" name="annex-peers &gt; CRUD &gt; should remove all peers" time="0.001414471">
        </testcase>
        <testcase classname="src/main/services/annex-peers.test.ts" name="annex-peers &gt; CRUD &gt; should update lastSeen" time="0.001191947">
        </testcase>
        <testcase classname="src/main/services/annex-peers.test.ts" name="annex-peers &gt; CRUD &gt; should persist to disk and survive cache reset" time="0.001179093">
        </testcase>
        <testcase classname="src/main/services/annex-peers.test.ts" name="annex-peers &gt; brute-force protection &gt; should allow first 3 attempts freely" time="0.000769031">
        </testcase>
        <testcase classname="src/main/services/annex-peers.test.ts" name="annex-peers &gt; brute-force protection &gt; should delay after 3 failed attempts" time="0.001170046">
        </testcase>
        <testcase classname="src/main/services/annex-peers.test.ts" name="annex-peers &gt; brute-force protection &gt; should lock out after 6 failed attempts" time="0.000823111">
        </testcase>
        <testcase classname="src/main/services/annex-peers.test.ts" name="annex-peers &gt; brute-force protection &gt; should reset on successful attempt" time="0.000593624">
        </testcase>
        <testcase classname="src/main/services/annex-peers.test.ts" name="annex-peers &gt; brute-force protection &gt; should unlock manually" time="0.000660809">
        </testcase>
        <testcase classname="src/main/services/annex-peers.test.ts" name="annex-peers &gt; brute-force protection &gt; should track sources independently" time="0.000467259">
        </testcase>
    </testsuite>
    <testsuite name="src/main/services/annex-permission-queue.test.ts" timestamp="2026-03-25T04:47:29.450Z" hostname="runnervm46oaq" tests="11" failures="0" errors="0" skipped="0" time="0.018502018">
        <testcase classname="src/main/services/annex-permission-queue.test.ts" name="annex-permission-queue &gt; createPermission returns requestId and decision promise" time="0.003385958">
        </testcase>
        <testcase classname="src/main/services/annex-permission-queue.test.ts" name="annex-permission-queue &gt; resolvePermission resolves the decision promise with allow" time="0.00131176">
        </testcase>
        <testcase classname="src/main/services/annex-permission-queue.test.ts" name="annex-permission-queue &gt; resolvePermission resolves the decision promise with deny" time="0.000657002">
        </testcase>
        <testcase classname="src/main/services/annex-permission-queue.test.ts" name="annex-permission-queue &gt; resolvePermission returns false for unknown requestId" time="0.000254153">
        </testcase>
        <testcase classname="src/main/services/annex-permission-queue.test.ts" name="annex-permission-queue &gt; resolvePermission returns false for already resolved request" time="0.000734457">
        </testcase>
        <testcase classname="src/main/services/annex-permission-queue.test.ts" name="annex-permission-queue &gt; listPending shows active permissions" time="0.00041939">
        </testcase>
        <testcase classname="src/main/services/annex-permission-queue.test.ts" name="annex-permission-queue &gt; listPendingForAgent filters by agent" time="0.000619632">
        </testcase>
        <testcase classname="src/main/services/annex-permission-queue.test.ts" name="annex-permission-queue &gt; clearForAgent resolves all pending as timeout" time="0.000747481">
        </testcase>
        <testcase classname="src/main/services/annex-permission-queue.test.ts" name="annex-permission-queue &gt; timeout resolves decision as timeout" time="0.003516692">
        </testcase>
        <testcase classname="src/main/services/annex-permission-queue.test.ts" name="annex-permission-queue &gt; onPermissionRequest fires for new requests" time="0.004080391">
        </testcase>
        <testcase classname="src/main/services/annex-permission-queue.test.ts" name="annex-permission-queue &gt; reset clears everything" time="0.000562246">
        </testcase>
    </testsuite>
    <testsuite name="src/main/services/annex-server.test.ts" timestamp="2026-03-25T04:47:29.452Z" hostname="runnervm46oaq" tests="88" failures="0" errors="0" skipped="0" time="14.203185037">
        <testcase classname="src/main/services/annex-server.test.ts" name="annex-server &gt; starts and stops without error" time="0.110649283">
            <system-err>
[vitest] The vi.fn() mock did not use &apos;function&apos; or &apos;class&apos; in its implementation, see https://vitest.dev/api/vi#vi-spyon for examples.

            </system-err>
        </testcase>
        <testcase classname="src/main/services/annex-server.test.ts" name="annex-server &gt; rejects pairing with wrong PIN" time="0.067623142">
            <system-err>
[vitest] The vi.fn() mock did not use &apos;function&apos; or &apos;class&apos; in its implementation, see https://vitest.dev/api/vi#vi-spyon for examples.

            </system-err>
        </testcase>
        <testcase classname="src/main/services/annex-server.test.ts" name="annex-server &gt; accepts pairing with correct PIN and returns token" time="0.054212423">
            <system-err>
[vitest] The vi.fn() mock did not use &apos;function&apos; or &apos;class&apos; in its implementation, see https://vitest.dev/api/vi#vi-spyon for examples.

            </system-err>
        </testcase>
        <testcase classname="src/main/services/annex-server.test.ts" name="annex-server &gt; rejects authenticated endpoints without token" time="0.055489025">
            <system-err>
[vitest] The vi.fn() mock did not use &apos;function&apos; or &apos;class&apos; in its implementation, see https://vitest.dev/api/vi#vi-spyon for examples.

            </system-err>
        </testcase>
        <testcase classname="src/main/services/annex-server.test.ts" name="annex-server &gt; allows authenticated endpoints with valid token" time="0.105529559">
            <system-err>
[vitest] The vi.fn() mock did not use &apos;function&apos; or &apos;class&apos; in its implementation, see https://vitest.dev/api/vi#vi-spyon for examples.

            </system-err>
        </testcase>
        <testcase classname="src/main/services/annex-server.test.ts" name="annex-server &gt; regeneratePin invalidates existing tokens" time="0.103399835">
            <system-err>
[vitest] The vi.fn() mock did not use &apos;function&apos; or &apos;class&apos; in its implementation, see https://vitest.dev/api/vi#vi-spyon for examples.

            </system-err>
        </testcase>
        <testcase classname="src/main/services/annex-server.test.ts" name="annex-server &gt; rejects expired bearer tokens after 24 hours" time="0.107433679">
            <system-err>
[vitest] The vi.fn() mock did not use &apos;function&apos; or &apos;class&apos; in its implementation, see https://vitest.dev/api/vi#vi-spyon for examples.

            </system-err>
        </testcase>
        <testcase classname="src/main/services/annex-server.test.ts" name="annex-server &gt; rejects pairing with invalid public key" time="0.052701707">
            <system-err>
[vitest] The vi.fn() mock did not use &apos;function&apos; or &apos;class&apos; in its implementation, see https://vitest.dev/api/vi#vi-spyon for examples.

            </system-err>
        </testcase>
        <testcase classname="src/main/services/annex-server.test.ts" name="annex-server &gt; accepts pairing with valid Ed25519 SPKI public key" time="0.054605804">
            <system-err>
[vitest] The vi.fn() mock did not use &apos;function&apos; or &apos;class&apos; in its implementation, see https://vitest.dev/api/vi#vi-spyon for examples.

            </system-err>
        </testcase>
        <testcase classname="src/main/services/annex-server.test.ts" name="annex-server &gt; returns 404 for unknown routes" time="0.10311364">
            <system-err>
[vitest] The vi.fn() mock did not use &apos;function&apos; or &apos;class&apos; in its implementation, see https://vitest.dev/api/vi#vi-spyon for examples.

            </system-err>
        </testcase>
        <testcase classname="src/main/services/annex-server.test.ts" name="annex-server &gt; durable agent mapping &gt; includes status and defaults for missing fields in projects/:id/agents" time="0.104507474">
            <system-err>
[vitest] The vi.fn() mock did not use &apos;function&apos; or &apos;class&apos; in its implementation, see https://vitest.dev/api/vi#vi-spyon for examples.

            </system-err>
        </testcase>
        <testcase classname="src/main/services/annex-server.test.ts" name="annex-server &gt; durable agent mapping &gt; shows running status when PTY is active" time="0.104320425">
            <system-err>
[vitest] The vi.fn() mock did not use &apos;function&apos; or &apos;class&apos; in its implementation, see https://vitest.dev/api/vi#vi-spyon for examples.

            </system-err>
        </testcase>
        <testcase classname="src/main/services/annex-server.test.ts" name="annex-server &gt; icon endpoints &gt; GET /api/v1/icons/agent/:id returns icon data" time="0.102682524">
            <system-err>
[vitest] The vi.fn() mock did not use &apos;function&apos; or &apos;class&apos; in its implementation, see https://vitest.dev/api/vi#vi-spyon for examples.

            </system-err>
        </testcase>
        <testcase classname="src/main/services/annex-server.test.ts" name="annex-server &gt; icon endpoints &gt; GET /api/v1/icons/agent/:id returns 404 for missing icon" time="0.107221572">
            <system-err>
[vitest] The vi.fn() mock did not use &apos;function&apos; or &apos;class&apos; in its implementation, see https://vitest.dev/api/vi#vi-spyon for examples.

            </system-err>
        </testcase>
        <testcase classname="src/main/services/annex-server.test.ts" name="annex-server &gt; icon endpoints &gt; GET /api/v1/icons/project/:id returns 404 for missing icon" time="0.105402522">
            <system-err>
[vitest] The vi.fn() mock did not use &apos;function&apos; or &apos;class&apos; in its implementation, see https://vitest.dev/api/vi#vi-spyon for examples.

            </system-err>
        </testcase>
        <testcase classname="src/main/services/annex-server.test.ts" name="annex-server &gt; quick agent spawning &gt; POST /api/v1/projects/:id/agents/quick spawns a quick agent" time="0.106362781">
            <system-err>
[vitest] The vi.fn() mock did not use &apos;function&apos; or &apos;class&apos; in its implementation, see https://vitest.dev/api/vi#vi-spyon for examples.

            </system-err>
        </testcase>
        <testcase classname="src/main/services/annex-server.test.ts" name="annex-server &gt; quick agent spawning &gt; POST /api/v1/projects/:id/agents/quick notifies desktop renderer via IPC" time="0.109317668">
            <system-err>
[vitest] The vi.fn() mock did not use &apos;function&apos; or &apos;class&apos; in its implementation, see https://vitest.dev/api/vi#vi-spyon for examples.

            </system-err>
        </testcase>
        <testcase classname="src/main/services/annex-server.test.ts" name="annex-server &gt; quick agent spawning &gt; POST /api/v1/projects/:id/agents/quick returns 400 without prompt" time="0.103720592">
            <system-err>
[vitest] The vi.fn() mock did not use &apos;function&apos; or &apos;class&apos; in its implementation, see https://vitest.dev/api/vi#vi-spyon for examples.

            </system-err>
        </testcase>
        <testcase classname="src/main/services/annex-server.test.ts" name="annex-server &gt; quick agent spawning &gt; POST /api/v1/projects/:id/agents/quick returns 404 for unknown project" time="0.104214542">
            <system-err>
[vitest] The vi.fn() mock did not use &apos;function&apos; or &apos;class&apos; in its implementation, see https://vitest.dev/api/vi#vi-spyon for examples.

            </system-err>
        </testcase>
        <testcase classname="src/main/services/annex-server.test.ts" name="annex-server &gt; quick agent spawning &gt; POST /api/v1/agents/:id/agents/quick spawns under a parent" time="0.105224966">
            <system-err>
[vitest] The vi.fn() mock did not use &apos;function&apos; or &apos;class&apos; in its implementation, see https://vitest.dev/api/vi#vi-spyon for examples.

            </system-err>
        </testcase>
        <testcase classname="src/main/services/annex-server.test.ts" name="annex-server &gt; quick agent spawning &gt; POST /api/v1/agents/:id/agents/quick returns 404 for unknown parent" time="0.103848856">
            <system-err>
[vitest] The vi.fn() mock did not use &apos;function&apos; or &apos;class&apos; in its implementation, see https://vitest.dev/api/vi#vi-spyon for examples.

            </system-err>
        </testcase>
        <testcase classname="src/main/services/annex-server.test.ts" name="annex-server &gt; wake agent &gt; POST /api/v1/agents/:id/wake wakes a sleeping agent" time="0.104263442">
            <system-err>
[vitest] The vi.fn() mock did not use &apos;function&apos; or &apos;class&apos; in its implementation, see https://vitest.dev/api/vi#vi-spyon for examples.

            </system-err>
        </testcase>
        <testcase classname="src/main/services/annex-server.test.ts" name="annex-server &gt; wake agent &gt; POST /api/v1/agents/:id/wake returns 409 for running agent" time="0.103212505">
            <system-err>
[vitest] The vi.fn() mock did not use &apos;function&apos; or &apos;class&apos; in its implementation, see https://vitest.dev/api/vi#vi-spyon for examples.

            </system-err>
        </testcase>
        <testcase classname="src/main/services/annex-server.test.ts" name="annex-server &gt; wake agent &gt; POST /api/v1/agents/:id/wake returns 404 for unknown agent" time="0.102761438">
            <system-err>
[vitest] The vi.fn() mock did not use &apos;function&apos; or &apos;class&apos; in its implementation, see https://vitest.dev/api/vi#vi-spyon for examples.

            </system-err>
        </testcase>
        <testcase classname="src/main/services/annex-server.test.ts" name="annex-server &gt; wake agent &gt; POST /api/v1/agents/:id/wake wakes without a mission" time="0.102852891">
            <system-err>
[vitest] The vi.fn() mock did not use &apos;function&apos; or &apos;class&apos; in its implementation, see https://vitest.dev/api/vi#vi-spyon for examples.

            </system-err>
        </testcase>
        <testcase classname="src/main/services/annex-server.test.ts" name="annex-server &gt; wake agent &gt; POST /api/v1/agents/:id/wake supports resume flag" time="0.102940001">
            <system-err>
[vitest] The vi.fn() mock did not use &apos;function&apos; or &apos;class&apos; in its implementation, see https://vitest.dev/api/vi#vi-spyon for examples.

            </system-err>
        </testcase>
        <testcase classname="src/main/services/annex-server.test.ts" name="annex-server &gt; permission response &gt; POST /api/v1/agents/:id/permission-response resolves a pending permission" time="0.103310342">
            <system-err>
[vitest] The vi.fn() mock did not use &apos;function&apos; or &apos;class&apos; in its implementation, see https://vitest.dev/api/vi#vi-spyon for examples.

            </system-err>
        </testcase>
        <testcase classname="src/main/services/annex-server.test.ts" name="annex-server &gt; permission response &gt; returns 400 for invalid decision" time="0.102151636">
            <system-err>
[vitest] The vi.fn() mock did not use &apos;function&apos; or &apos;class&apos; in its implementation, see https://vitest.dev/api/vi#vi-spyon for examples.

            </system-err>
        </testcase>
        <testcase classname="src/main/services/annex-server.test.ts" name="annex-server &gt; permission response &gt; returns 400 for missing requestId" time="0.101741922">
            <system-err>
[vitest] The vi.fn() mock did not use &apos;function&apos; or &apos;class&apos; in its implementation, see https://vitest.dev/api/vi#vi-spyon for examples.

            </system-err>
        </testcase>
        <testcase classname="src/main/services/annex-server.test.ts" name="annex-server &gt; permission response &gt; returns 404 for expired/unknown requestId" time="0.103049306">
            <system-err>
[vitest] The vi.fn() mock did not use &apos;function&apos; or &apos;class&apos; in its implementation, see https://vitest.dev/api/vi#vi-spyon for examples.

            </system-err>
        </testcase>
        <testcase classname="src/main/services/annex-server.test.ts" name="annex-server &gt; readBody error handling &gt; handles aborted request to quick agent spawn (project)" time="0.255475014">
            <system-err>
[vitest] The vi.fn() mock did not use &apos;function&apos; or &apos;class&apos; in its implementation, see https://vitest.dev/api/vi#vi-spyon for examples.

            </system-err>
        </testcase>
        <testcase classname="src/main/services/annex-server.test.ts" name="annex-server &gt; readBody error handling &gt; handles aborted request to quick agent spawn (agent)" time="0.253547883">
            <system-err>
[vitest] The vi.fn() mock did not use &apos;function&apos; or &apos;class&apos; in its implementation, see https://vitest.dev/api/vi#vi-spyon for examples.

            </system-err>
        </testcase>
        <testcase classname="src/main/services/annex-server.test.ts" name="annex-server &gt; readBody error handling &gt; handles aborted request to wake agent" time="0.253763963">
            <system-err>
[vitest] The vi.fn() mock did not use &apos;function&apos; or &apos;class&apos; in its implementation, see https://vitest.dev/api/vi#vi-spyon for examples.

            </system-err>
        </testcase>
        <testcase classname="src/main/services/annex-server.test.ts" name="annex-server &gt; readBody error handling &gt; handles aborted request to permission response" time="0.254329253">
            <system-err>
[vitest] The vi.fn() mock did not use &apos;function&apos; or &apos;class&apos; in its implementation, see https://vitest.dev/api/vi#vi-spyon for examples.

            </system-err>
        </testcase>
        <testcase classname="src/main/services/annex-server.test.ts" name="annex-server &gt; readBody error handling &gt; handles aborted request to structured permission" time="0.254169648">
            <system-err>
[vitest] The vi.fn() mock did not use &apos;function&apos; or &apos;class&apos; in its implementation, see https://vitest.dev/api/vi#vi-spyon for examples.

            </system-err>
        </testcase>
        <testcase classname="src/main/services/annex-server.test.ts" name="annex-server &gt; execution mode &gt; includes executionMode=pty for PTY agents" time="0.103469609">
            <system-err>
[vitest] The vi.fn() mock did not use &apos;function&apos; or &apos;class&apos; in its implementation, see https://vitest.dev/api/vi#vi-spyon for examples.

            </system-err>
        </testcase>
        <testcase classname="src/main/services/annex-server.test.ts" name="annex-server &gt; execution mode &gt; includes executionMode=structured for structured agents" time="0.103939495">
            <system-err>
[vitest] The vi.fn() mock did not use &apos;function&apos; or &apos;class&apos; in its implementation, see https://vitest.dev/api/vi#vi-spyon for examples.

            </system-err>
        </testcase>
        <testcase classname="src/main/services/annex-server.test.ts" name="annex-server &gt; execution mode &gt; includes executionMode=headless for headless agents" time="0.101899466">
            <system-err>
[vitest] The vi.fn() mock did not use &apos;function&apos; or &apos;class&apos; in its implementation, see https://vitest.dev/api/vi#vi-spyon for examples.

            </system-err>
        </testcase>
        <testcase classname="src/main/services/annex-server.test.ts" name="annex-server &gt; execution mode &gt; includes executionMode=null for sleeping agents" time="0.102797088">
            <system-err>
[vitest] The vi.fn() mock did not use &apos;function&apos; or &apos;class&apos; in its implementation, see https://vitest.dev/api/vi#vi-spyon for examples.

            </system-err>
        </testcase>
        <testcase classname="src/main/services/annex-server.test.ts" name="annex-server &gt; structured permission response &gt; POST /api/v1/agents/:id/structured-permission resolves permission" time="0.103798292">
            <system-err>
[vitest] The vi.fn() mock did not use &apos;function&apos; or &apos;class&apos; in its implementation, see https://vitest.dev/api/vi#vi-spyon for examples.

            </system-err>
        </testcase>
        <testcase classname="src/main/services/annex-server.test.ts" name="annex-server &gt; structured permission response &gt; POST /api/v1/agents/:id/structured-permission denies permission" time="0.103051882">
            <system-err>
[vitest] The vi.fn() mock did not use &apos;function&apos; or &apos;class&apos; in its implementation, see https://vitest.dev/api/vi#vi-spyon for examples.

            </system-err>
        </testcase>
        <testcase classname="src/main/services/annex-server.test.ts" name="annex-server &gt; structured permission response &gt; returns 400 for missing requestId" time="0.102195898">
            <system-err>
[vitest] The vi.fn() mock did not use &apos;function&apos; or &apos;class&apos; in its implementation, see https://vitest.dev/api/vi#vi-spyon for examples.

            </system-err>
        </testcase>
        <testcase classname="src/main/services/annex-server.test.ts" name="annex-server &gt; structured permission response &gt; returns 400 for missing approved field" time="0.102558273">
            <system-err>
[vitest] The vi.fn() mock did not use &apos;function&apos; or &apos;class&apos; in its implementation, see https://vitest.dev/api/vi#vi-spyon for examples.

            </system-err>
        </testcase>
        <testcase classname="src/main/services/annex-server.test.ts" name="annex-server &gt; structured permission response &gt; returns 404 for non-structured agent" time="0.103193987">
            <system-err>
[vitest] The vi.fn() mock did not use &apos;function&apos; or &apos;class&apos; in its implementation, see https://vitest.dev/api/vi#vi-spyon for examples.

            </system-err>
        </testcase>
        <testcase classname="src/main/services/annex-server.test.ts" name="annex-server &gt; snapshot agent projectId &gt; includes projectId in durable agent snapshot objects" time="0.103019776">
            <system-err>
[vitest] The vi.fn() mock did not use &apos;function&apos; or &apos;class&apos; in its implementation, see https://vitest.dev/api/vi#vi-spyon for examples.

            </system-err>
        </testcase>
        <testcase classname="src/main/services/annex-server.test.ts" name="annex-server &gt; snapshot plugins &gt; listAllManifests is available for snapshot building" time="0.000415474">
        </testcase>
        <testcase classname="src/main/services/annex-server.test.ts" name="annex-server &gt; pairing stores directional role &gt; stores paired client with role &quot;controller&quot;" time="0.10153055">
            <system-err>
[vitest] The vi.fn() mock did not use &apos;function&apos; or &apos;class&apos; in its implementation, see https://vitest.dev/api/vi#vi-spyon for examples.

            </system-err>
        </testcase>
        <testcase classname="src/main/services/annex-server.test.ts" name="annex-server &gt; snapshot icon data &gt; readIconData and readAgentIconData are available for snapshot building" time="0.000286253">
        </testcase>
        <testcase classname="src/main/services/annex-server.test.ts" name="annex-server &gt; buildSnapshot error handling &gt; logs error when buildSnapshot throws during WS connect" time="1.101745188">
            <system-err>
[vitest] The vi.fn() mock did not use &apos;function&apos; or &apos;class&apos; in its implementation, see https://vitest.dev/api/vi#vi-spyon for examples.

            </system-err>
        </testcase>
        <testcase classname="src/main/services/annex-server.test.ts" name="annex-server &gt; broadcastWs resilience &gt; broadcastWs logs warning on send failure (verified via code inspection)" time="0.105085683">
            <system-err>
[vitest] The vi.fn() mock did not use &apos;function&apos; or &apos;class&apos; in its implementation, see https://vitest.dev/api/vi#vi-spyon for examples.

            </system-err>
        </testcase>
        <testcase classname="src/main/services/annex-server.test.ts" name="annex-server &gt; malformed JSON handling &gt; handleWsMessage has JSON parse catch with appLog (verified via code inspection)" time="0.00035416">
        </testcase>
        <testcase classname="src/main/services/annex-server.test.ts" name="annex-server &gt; WebSocket protocol integration &gt; disconnect tracking — connectedCount decrements on WS close" time="5.102950186">
            <system-err>
[vitest] The vi.fn() mock did not use &apos;function&apos; or &apos;class&apos; in its implementation, see https://vitest.dev/api/vi#vi-spyon for examples.

            </system-err>
        </testcase>
        <testcase classname="src/main/services/annex-server.test.ts" name="annex-server &gt; WebSocket protocol integration &gt; mTLS gating — bearer-only WS cannot access mTLS-only features" time="0.105154068">
            <system-err>
[vitest] The vi.fn() mock did not use &apos;function&apos; or &apos;class&apos; in its implementation, see https://vitest.dev/api/vi#vi-spyon for examples.

            </system-err>
        </testcase>
        <testcase classname="src/main/services/annex-server.test.ts" name="annex-server &gt; WebSocket protocol integration &gt; unauthorized WS upgrade is rejected" time="0.103772405">
            <system-err>
[vitest] The vi.fn() mock did not use &apos;function&apos; or &apos;class&apos; in its implementation, see https://vitest.dev/api/vi#vi-spyon for examples.

            </system-err>
        </testcase>
        <testcase classname="src/main/services/annex-server.test.ts" name="annex-server &gt; durable agent REST endpoints &gt; POST /api/v1/projects/:id/agents/durable creates a durable agent" time="0.104313518">
            <system-err>
[vitest] The vi.fn() mock did not use &apos;function&apos; or &apos;class&apos; in its implementation, see https://vitest.dev/api/vi#vi-spyon for examples.

            </system-err>
        </testcase>
        <testcase classname="src/main/services/annex-server.test.ts" name="annex-server &gt; durable agent REST endpoints &gt; POST /agents/durable returns 404 for unknown project" time="0.103062688">
            <system-err>
[vitest] The vi.fn() mock did not use &apos;function&apos; or &apos;class&apos; in its implementation, see https://vitest.dev/api/vi#vi-spyon for examples.

            </system-err>
        </testcase>
        <testcase classname="src/main/services/annex-server.test.ts" name="annex-server &gt; durable agent REST endpoints &gt; POST /agents/durable returns 400 when name/color missing" time="0.103375879">
            <system-err>
[vitest] The vi.fn() mock did not use &apos;function&apos; or &apos;class&apos; in its implementation, see https://vitest.dev/api/vi#vi-spyon for examples.

            </system-err>
        </testcase>
        <testcase classname="src/main/services/annex-server.test.ts" name="annex-server &gt; durable agent REST endpoints &gt; POST /api/v1/projects/:id/agents/:agentId/delete force-deletes an agent" time="0.103981082">
            <system-err>
[vitest] The vi.fn() mock did not use &apos;function&apos; or &apos;class&apos; in its implementation, see https://vitest.dev/api/vi#vi-spyon for examples.

            </system-err>
        </testcase>
        <testcase classname="src/main/services/annex-server.test.ts" name="annex-server &gt; durable agent REST endpoints &gt; POST /agents/:id/delete supports unregister mode" time="0.10466447">
            <system-err>
[vitest] The vi.fn() mock did not use &apos;function&apos; or &apos;class&apos; in its implementation, see https://vitest.dev/api/vi#vi-spyon for examples.

            </system-err>
        </testcase>
        <testcase classname="src/main/services/annex-server.test.ts" name="annex-server &gt; durable agent REST endpoints &gt; POST /agents/:id/delete returns 404 for unknown project" time="0.10195636">
            <system-err>
[vitest] The vi.fn() mock did not use &apos;function&apos; or &apos;class&apos; in its implementation, see https://vitest.dev/api/vi#vi-spyon for examples.

            </system-err>
        </testcase>
        <testcase classname="src/main/services/annex-server.test.ts" name="annex-server &gt; durable agent REST endpoints &gt; GET /api/v1/projects/:id/agents/:agentId/worktree-status returns status" time="0.102542944">
            <system-err>
[vitest] The vi.fn() mock did not use &apos;function&apos; or &apos;class&apos; in its implementation, see https://vitest.dev/api/vi#vi-spyon for examples.

            </system-err>
        </testcase>
        <testcase classname="src/main/services/annex-server.test.ts" name="annex-server &gt; durable agent REST endpoints &gt; GET /worktree-status returns 404 for unknown project" time="0.103034327">
            <system-err>
[vitest] The vi.fn() mock did not use &apos;function&apos; or &apos;class&apos; in its implementation, see https://vitest.dev/api/vi#vi-spyon for examples.

            </system-err>
        </testcase>
        <testcase classname="src/main/services/annex-server.test.ts" name="annex-server &gt; broadcastSnapshotRefresh &gt; exports broadcastSnapshotRefresh function" time="0.000331134">
        </testcase>
        <testcase classname="src/main/services/annex-server.test.ts" name="annex-server &gt; broadcastSnapshotRefresh &gt; does not throw when called without active server" time="0.000898276">
        </testcase>
        <testcase classname="src/main/services/annex-server.test.ts" name="annex-server &gt; file system endpoints &gt; GET /api/v1/projects/:id/files/tree &gt; returns file tree for existing project" time="0.102981928">
            <system-err>
[vitest] The vi.fn() mock did not use &apos;function&apos; or &apos;class&apos; in its implementation, see https://vitest.dev/api/vi#vi-spyon for examples.

            </system-err>
        </testcase>
        <testcase classname="src/main/services/annex-server.test.ts" name="annex-server &gt; file system endpoints &gt; GET /api/v1/projects/:id/files/tree &gt; calls fileService.readTree with project path and default options" time="0.103055243">
            <system-err>
[vitest] The vi.fn() mock did not use &apos;function&apos; or &apos;class&apos; in its implementation, see https://vitest.dev/api/vi#vi-spyon for examples.

            </system-err>
        </testcase>
        <testcase classname="src/main/services/annex-server.test.ts" name="annex-server &gt; file system endpoints &gt; GET /api/v1/projects/:id/files/tree &gt; passes query parameters (path, depth, includeHidden)" time="0.102575003">
            <system-err>
[vitest] The vi.fn() mock did not use &apos;function&apos; or &apos;class&apos; in its implementation, see https://vitest.dev/api/vi#vi-spyon for examples.

            </system-err>
        </testcase>
        <testcase classname="src/main/services/annex-server.test.ts" name="annex-server &gt; file system endpoints &gt; GET /api/v1/projects/:id/files/tree &gt; returns 404 for unknown project" time="0.102698001">
            <system-err>
[vitest] The vi.fn() mock did not use &apos;function&apos; or &apos;class&apos; in its implementation, see https://vitest.dev/api/vi#vi-spyon for examples.

            </system-err>
        </testcase>
        <testcase classname="src/main/services/annex-server.test.ts" name="annex-server &gt; file system endpoints &gt; GET /api/v1/projects/:id/files/tree &gt; returns 403 for path traversal via ../ sequences" time="0.103327499">
            <system-err>
[vitest] The vi.fn() mock did not use &apos;function&apos; or &apos;class&apos; in its implementation, see https://vitest.dev/api/vi#vi-spyon for examples.

            </system-err>
        </testcase>
        <testcase classname="src/main/services/annex-server.test.ts" name="annex-server &gt; file system endpoints &gt; GET /api/v1/projects/:id/files/tree &gt; returns 403 for path traversal via sibling directory prefix" time="0.103385176">
            <system-err>
[vitest] The vi.fn() mock did not use &apos;function&apos; or &apos;class&apos; in its implementation, see https://vitest.dev/api/vi#vi-spyon for examples.

            </system-err>
        </testcase>
        <testcase classname="src/main/services/annex-server.test.ts" name="annex-server &gt; file system endpoints &gt; GET /api/v1/projects/:id/files/tree &gt; returns 500 when fileService.readTree fails" time="0.102996565">
            <system-err>
[vitest] The vi.fn() mock did not use &apos;function&apos; or &apos;class&apos; in its implementation, see https://vitest.dev/api/vi#vi-spyon for examples.

            </system-err>
        </testcase>
        <testcase classname="src/main/services/annex-server.test.ts" name="annex-server &gt; file system endpoints &gt; GET /api/v1/projects/:id/files/read &gt; returns file content for existing file" time="0.102170893">
            <system-err>
[vitest] The vi.fn() mock did not use &apos;function&apos; or &apos;class&apos; in its implementation, see https://vitest.dev/api/vi#vi-spyon for examples.

            </system-err>
        </testcase>
        <testcase classname="src/main/services/annex-server.test.ts" name="annex-server &gt; file system endpoints &gt; GET /api/v1/projects/:id/files/read &gt; calls fileService.readFile with resolved path" time="0.102217793">
            <system-err>
[vitest] The vi.fn() mock did not use &apos;function&apos; or &apos;class&apos; in its implementation, see https://vitest.dev/api/vi#vi-spyon for examples.

            </system-err>
        </testcase>
        <testcase classname="src/main/services/annex-server.test.ts" name="annex-server &gt; file system endpoints &gt; GET /api/v1/projects/:id/files/read &gt; returns 400 when path parameter is missing" time="0.103016358">
            <system-err>
[vitest] The vi.fn() mock did not use &apos;function&apos; or &apos;class&apos; in its implementation, see https://vitest.dev/api/vi#vi-spyon for examples.

            </system-err>
        </testcase>
        <testcase classname="src/main/services/annex-server.test.ts" name="annex-server &gt; file system endpoints &gt; GET /api/v1/projects/:id/files/read &gt; returns 404 for unknown project" time="0.102313648">
            <system-err>
[vitest] The vi.fn() mock did not use &apos;function&apos; or &apos;class&apos; in its implementation, see https://vitest.dev/api/vi#vi-spyon for examples.

            </system-err>
        </testcase>
        <testcase classname="src/main/services/annex-server.test.ts" name="annex-server &gt; file system endpoints &gt; GET /api/v1/projects/:id/files/read &gt; returns 403 for path traversal via ../ sequences" time="0.102120392">
            <system-err>
[vitest] The vi.fn() mock did not use &apos;function&apos; or &apos;class&apos; in its implementation, see https://vitest.dev/api/vi#vi-spyon for examples.

            </system-err>
        </testcase>
        <testcase classname="src/main/services/annex-server.test.ts" name="annex-server &gt; file system endpoints &gt; GET /api/v1/projects/:id/files/read &gt; returns 403 for path traversal via absolute path" time="0.102319579">
            <system-err>
[vitest] The vi.fn() mock did not use &apos;function&apos; or &apos;class&apos; in its implementation, see https://vitest.dev/api/vi#vi-spyon for examples.

            </system-err>
        </testcase>
        <testcase classname="src/main/services/annex-server.test.ts" name="annex-server &gt; file system endpoints &gt; GET /api/v1/projects/:id/files/read &gt; returns 404 when file does not exist (ENOENT)" time="0.103222672">
            <system-err>
[vitest] The vi.fn() mock did not use &apos;function&apos; or &apos;class&apos; in its implementation, see https://vitest.dev/api/vi#vi-spyon for examples.

            </system-err>
        </testcase>
        <testcase classname="src/main/services/annex-server.test.ts" name="annex-server &gt; file system endpoints &gt; GET /api/v1/projects/:id/files/read &gt; returns 500 for non-ENOENT errors" time="0.103022837">
            <system-err>
[vitest] The vi.fn() mock did not use &apos;function&apos; or &apos;class&apos; in its implementation, see https://vitest.dev/api/vi#vi-spyon for examples.

            </system-err>
        </testcase>
        <testcase classname="src/main/services/annex-server.test.ts" name="annex-server &gt; session pause state tracking &gt; notifySessionPause tracks sessionPaused state (structural)" time="0.001033608">
        </testcase>
        <testcase classname="src/main/services/annex-server.test.ts" name="annex-server &gt; session pause state tracking &gt; buildSnapshot includes sessionPaused in payload (structural)" time="0.000862591">
        </testcase>
        <testcase classname="src/main/services/annex-server.test.ts" name="annex-server &gt; session pause state tracking &gt; resets sessionPaused when last mTLS controller disconnects (structural)" time="0.000863342">
        </testcase>
        <testcase classname="src/main/services/annex-server.test.ts" name="annex-server &gt; canvas mutation error propagation &gt; canvas:mutation handler sends error back to client on failure (structural)" time="0.001167826">
        </testcase>
        <testcase classname="src/main/services/annex-server.test.ts" name="annex-server &gt; canvas mutation selectView and namespace stripping (structural) &gt; applyCanvasMutationServerSide handles selectView mutation" time="0.000366199">
        </testcase>
        <testcase classname="src/main/services/annex-server.test.ts" name="annex-server &gt; canvas mutation selectView and namespace stripping (structural) &gt; selectedViewId is included in CanvasInstanceJSON interface" time="0.000313212">
        </testcase>
        <testcase classname="src/main/services/annex-server.test.ts" name="annex-server &gt; canvas mutation selectView and namespace stripping (structural) &gt; selectedViewId is broadcast to controller clients" time="0.00080857">
        </testcase>
        <testcase classname="src/main/services/annex-server.test.ts" name="annex-server &gt; canvas mutation selectView and namespace stripping (structural) &gt; stripNamespacedIds is called in updateView handler" time="0.000333078">
        </testcase>
        <testcase classname="src/main/services/annex-server.test.ts" name="annex-server &gt; canvas mutation selectView and namespace stripping (structural) &gt; stripNamespacedIds function exists and handles agentId/projectId/metadata" time="0.000385014">
        </testcase>
    </testsuite>
    <testsuite name="src/main/services/annex-settings.test.ts" timestamp="2026-03-25T04:47:29.477Z" hostname="runnervm46oaq" tests="16" failures="0" errors="0" skipped="0" time="0.012438076">
        <testcase classname="src/main/services/annex-settings.test.ts" name="annex-settings &gt; getSettings &gt; returns defaults when no file exists" time="0.002364467">
        </testcase>
        <testcase classname="src/main/services/annex-settings.test.ts" name="annex-settings &gt; getSettings &gt; returns saved settings from file" time="0.000505689">
        </testcase>
        <testcase classname="src/main/services/annex-settings.test.ts" name="annex-settings &gt; getSettings &gt; returns defaults on corrupt JSON" time="0.001236263">
            <system-err>
[settings-store] Failed to parse annex-settings.json, using defaults: Expected property name or &apos;}&apos; in JSON at position 1 (line 1 column 2)

            </system-err>
        </testcase>
        <testcase classname="src/main/services/annex-settings.test.ts" name="annex-settings &gt; getSettings &gt; merges partial settings with defaults" time="0.000393119">
        </testcase>
        <testcase classname="src/main/services/annex-settings.test.ts" name="annex-settings &gt; getSettings &gt; preserves custom device name when only toggles change" time="0.000374245">
        </testcase>
        <testcase classname="src/main/services/annex-settings.test.ts" name="annex-settings &gt; getSettings &gt; reads from the correct file path" time="0.001221056">
        </testcase>
        <testcase classname="src/main/services/annex-settings.test.ts" name="annex-settings &gt; saveSettings &gt; writes settings as JSON" time="0.00158473">
        </testcase>
        <testcase classname="src/main/services/annex-settings.test.ts" name="annex-settings &gt; saveSettings &gt; round-trips: saved settings can be read back" time="0.000487455">
        </testcase>
        <testcase classname="src/main/services/annex-settings.test.ts" name="annex-settings &gt; saveSettings &gt; can disable annex" time="0.000551583">
        </testcase>
        <testcase classname="src/main/services/annex-settings.test.ts" name="annex-settings &gt; legacy migration &gt; migrates legacy enabled: true to enableServer and enableClient" time="0.000440547">
        </testcase>
        <testcase classname="src/main/services/annex-settings.test.ts" name="annex-settings &gt; legacy migration &gt; migrates legacy enabled: false to enableServer: false and enableClient: false" time="0.000298293">
        </testcase>
        <testcase classname="src/main/services/annex-settings.test.ts" name="annex-settings &gt; legacy migration &gt; enabled field always overrides enableServer/enableClient when present" time="0.000220739">
        </testcase>
        <testcase classname="src/main/services/annex-settings.test.ts" name="annex-settings &gt; legacy migration &gt; strips enabled field on save even if passed" time="0.000232993">
        </testcase>
        <testcase classname="src/main/services/annex-settings.test.ts" name="annex-settings &gt; legacy migration &gt; can enable server without client" time="0.000219257">
        </testcase>
        <testcase classname="src/main/services/annex-settings.test.ts" name="annex-settings &gt; legacy migration &gt; can enable client without server" time="0.000180845">
        </testcase>
        <testcase classname="src/main/services/annex-settings.test.ts" name="annex-settings &gt; legacy migration &gt; round-trips new settings with both toggles correctly" time="0.000210581">
        </testcase>
    </testsuite>
    <testsuite name="src/main/services/annex-tls.test.ts" timestamp="2026-03-25T04:47:29.479Z" hostname="runnervm46oaq" tests="8" failures="0" errors="0" skipped="0" time="1.14859843">
        <testcase classname="src/main/services/annex-tls.test.ts" name="annex-tls &gt; getOrCreateCert &gt; should generate a valid PEM certificate" time="0.154487023">
        </testcase>
        <testcase classname="src/main/services/annex-tls.test.ts" name="annex-tls &gt; getOrCreateCert &gt; should persist and reload across cache resets" time="0.115015741">
        </testcase>
        <testcase classname="src/main/services/annex-tls.test.ts" name="annex-tls &gt; getOrCreateCert &gt; should return same cert on repeated calls" time="0.078525404">
        </testcase>
        <testcase classname="src/main/services/annex-tls.test.ts" name="annex-tls &gt; getOrCreateCert &gt; should parse as valid X.509" time="0.105758699">
        </testcase>
        <testcase classname="src/main/services/annex-tls.test.ts" name="annex-tls &gt; getOrCreateCert &gt; should set CN to the fingerprint" time="0.0658251">
        </testcase>
        <testcase classname="src/main/services/annex-tls.test.ts" name="annex-tls &gt; getOrCreateCert &gt; should produce valid certs across 5 generations with different fingerprints" time="0.48904042">
        </testcase>
        <testcase classname="src/main/services/annex-tls.test.ts" name="annex-tls &gt; createTlsServerOptions &gt; should return valid TLS options" time="0.067815443">
        </testcase>
        <testcase classname="src/main/services/annex-tls.test.ts" name="annex-tls &gt; createTlsClientOptions &gt; should return valid client TLS options" time="0.069914137">
        </testcase>
    </testsuite>
    <testsuite name="src/main/services/auto-update-apply.test.ts" timestamp="2026-03-25T04:47:29.481Z" hostname="runnervm46oaq" tests="16" failures="0" errors="0" skipped="3" time="0.006710981">
        <testcase classname="src/main/services/auto-update-apply.test.ts" name="macOS update script execution (integration) &gt; quit script extracts zip, replaces the app bundle and cleans up all temp files" time="0">
            <skipped/>
        </testcase>
        <testcase classname="src/main/services/auto-update-apply.test.ts" name="macOS update script execution (integration) &gt; relaunch script replaces the app bundle and cleans up" time="0">
            <skipped/>
        </testcase>
        <testcase classname="src/main/services/auto-update-apply.test.ts" name="macOS update script execution (integration) &gt; script does not exit prematurely if the old app bundle is missing" time="0">
            <skipped/>
        </testcase>
        <testcase classname="src/main/services/auto-update-apply.test.ts" name="buildMacUpdateScript &gt; starts with a bash shebang" time="0.001683934">
        </testcase>
        <testcase classname="src/main/services/auto-update-apply.test.ts" name="buildMacUpdateScript &gt; waits before replacing (sleep)" time="0.000351873">
        </testcase>
        <testcase classname="src/main/services/auto-update-apply.test.ts" name="buildMacUpdateScript &gt; removes the old app bundle before moving the new one" time="0.000337586">
        </testcase>
        <testcase classname="src/main/services/auto-update-apply.test.ts" name="buildMacUpdateScript &gt; moves the new app to the old bundle path" time="0.000179542">
        </testcase>
        <testcase classname="src/main/services/auto-update-apply.test.ts" name="buildMacUpdateScript &gt; relaunches the app via open" time="0.000190193">
        </testcase>
        <testcase classname="src/main/services/auto-update-apply.test.ts" name="buildMacUpdateScript &gt; cleans up the extract dir, download, and self-deletes" time="0.000263819">
        </testcase>
        <testcase classname="src/main/services/auto-update-apply.test.ts" name="buildMacUpdateScript &gt; uses LF line endings" time="0.000297872">
        </testcase>
        <testcase classname="src/main/services/auto-update-apply.test.ts" name="buildMacUpdateScript &gt; executes steps in correct order" time="0.000386928">
        </testcase>
        <testcase classname="src/main/services/auto-update-apply.test.ts" name="buildMacQuitUpdateScript &gt; does NOT relaunch the app" time="0.000563085">
        </testcase>
        <testcase classname="src/main/services/auto-update-apply.test.ts" name="buildMacQuitUpdateScript &gt; extracts the update archive via unzip" time="0.000227852">
        </testcase>
        <testcase classname="src/main/services/auto-update-apply.test.ts" name="buildMacQuitUpdateScript &gt; finds the .app bundle in the extract directory" time="0.000205632">
        </testcase>
        <testcase classname="src/main/services/auto-update-apply.test.ts" name="buildMacQuitUpdateScript &gt; aborts with cleanup if no .app is found" time="0.000137345">
        </testcase>
        <testcase classname="src/main/services/auto-update-apply.test.ts" name="buildMacQuitUpdateScript &gt; still performs the full replacement and cleanup sequence" time="0.000173592">
        </testcase>
    </testsuite>
    <testsuite name="src/main/services/auto-update-check.test.ts" timestamp="2026-03-25T04:47:29.484Z" hostname="runnervm46oaq" tests="10" failures="0" errors="0" skipped="0" time="0.013277192">
        <testcase classname="src/main/services/auto-update-check.test.ts" name="checkForUpdates &gt; skips check when autoUpdate is false and not manual" time="0.00232303">
        </testcase>
        <testcase classname="src/main/services/auto-update-check.test.ts" name="checkForUpdates &gt; proceeds with fetch when autoUpdate is false but check is manual" time="0.001454748">
        </testcase>
        <testcase classname="src/main/services/auto-update-check.test.ts" name="checkForUpdates &gt; returns idle when current version is up to date" time="0.000552935">
        </testcase>
        <testcase classname="src/main/services/auto-update-check.test.ts" name="checkForUpdates &gt; skips dismissed version on non-manual check" time="0.000438434">
        </testcase>
        <testcase classname="src/main/services/auto-update-check.test.ts" name="checkForUpdates &gt; returns idle when no artifact for current platform" time="0.000454003">
        </testcase>
        <testcase classname="src/main/services/auto-update-check.test.ts" name="checkForUpdates &gt; sets error state on non-retryable HTTP error" time="0.000617275">
        </testcase>
        <testcase classname="src/main/services/auto-update-check.test.ts" name="checkForUpdates &gt; sets error state on invalid JSON response" time="0.000422003">
        </testcase>
        <testcase classname="src/main/services/auto-update-check.test.ts" name="checkForUpdates &gt; fetches both manifests when preview channel is enabled" time="0.000478678">
        </testcase>
        <testcase classname="src/main/services/auto-update-check.test.ts" name="checkForUpdates (retry paths) &gt; sets error state on transient network failure after retries" time="0.003336881">
        </testcase>
        <testcase classname="src/main/services/auto-update-check.test.ts" name="checkForUpdates (retry paths) &gt; handles request timeout with retries" time="0.001494463">
        </testcase>
    </testsuite>
    <testsuite name="src/main/services/auto-update-history.test.ts" timestamp="2026-03-25T04:47:29.485Z" hostname="runnervm46oaq" tests="13" failures="0" errors="0" skipped="0" time="0.011153859">
        <testcase classname="src/main/services/auto-update-history.test.ts" name="filterVersionHistory &gt; filters out versions newer than currentVersion" time="0.00360201">
        </testcase>
        <testcase classname="src/main/services/auto-update-history.test.ts" name="filterVersionHistory &gt; filters out entries older than 3 months" time="0.000545855">
        </testcase>
        <testcase classname="src/main/services/auto-update-history.test.ts" name="filterVersionHistory &gt; caps at 5 entries" time="0.000535145">
        </testcase>
        <testcase classname="src/main/services/auto-update-history.test.ts" name="filterVersionHistory &gt; returns entries sorted newest-first" time="0.00048875">
        </testcase>
        <testcase classname="src/main/services/auto-update-history.test.ts" name="filterVersionHistory &gt; returns empty array when no entries match" time="0.000302803">
        </testcase>
        <testcase classname="src/main/services/auto-update-history.test.ts" name="filterVersionHistory &gt; returns empty array for empty input" time="0.000272667">
        </testcase>
        <testcase classname="src/main/services/auto-update-history.test.ts" name="filterVersionHistory &gt; includes the current version itself" time="0.000480534">
        </testcase>
        <testcase classname="src/main/services/auto-update-history.test.ts" name="filterVersionHistory &gt; handles prerelease versions correctly" time="0.000374286">
        </testcase>
        <testcase classname="src/main/services/auto-update-history.test.ts" name="composeVersionHistoryMarkdown &gt; composes a single entry with H1 header and notes" time="0.000968431">
        </testcase>
        <testcase classname="src/main/services/auto-update-history.test.ts" name="composeVersionHistoryMarkdown &gt; separates multiple entries with horizontal rules" time="0.000362444">
        </testcase>
        <testcase classname="src/main/services/auto-update-history.test.ts" name="composeVersionHistoryMarkdown &gt; uses version as fallback when releaseMessage is empty" time="0.000328842">
        </testcase>
        <testcase classname="src/main/services/auto-update-history.test.ts" name="composeVersionHistoryMarkdown &gt; handles entries with empty releaseNotes" time="0.000191637">
        </testcase>
        <testcase classname="src/main/services/auto-update-history.test.ts" name="composeVersionHistoryMarkdown &gt; returns empty string for empty input" time="0.000154357">
        </testcase>
    </testsuite>
    <testsuite name="src/main/services/auto-update-lifecycle.test.ts" timestamp="2026-03-25T04:47:29.487Z" hostname="runnervm46oaq" tests="6" failures="0" errors="0" skipped="0" time="0.017479226">
        <testcase classname="src/main/services/auto-update-lifecycle.test.ts" name="startPeriodicChecks / stopPeriodicChecks &gt; seeds lastSeenVersion on first launch" time="0.008900647">
        </testcase>
        <testcase classname="src/main/services/auto-update-lifecycle.test.ts" name="startPeriodicChecks / stopPeriodicChecks &gt; clears dismissedVersion on startup" time="0.001722364">
        </testcase>
        <testcase classname="src/main/services/auto-update-lifecycle.test.ts" name="startPeriodicChecks / stopPeriodicChecks &gt; preserves lastSeenVersion when clearing dismissedVersion in the same startup pass" time="0.001335484">
        </testcase>
        <testcase classname="src/main/services/auto-update-lifecycle.test.ts" name="startPeriodicChecks / stopPeriodicChecks &gt; returns early without scheduling when autoUpdate is false" time="0.001689833">
        </testcase>
        <testcase classname="src/main/services/auto-update-lifecycle.test.ts" name="startPeriodicChecks / stopPeriodicChecks &gt; stopPeriodicChecks is safe to call multiple times" time="0.001020208">
        </testcase>
        <testcase classname="src/main/services/auto-update-lifecycle.test.ts" name="startPeriodicChecks / stopPeriodicChecks &gt; calling startPeriodicChecks twice does not create duplicate timers" time="0.000724848">
        </testcase>
    </testsuite>
    <testsuite name="src/main/services/auto-update-persistence.test.ts" timestamp="2026-03-25T04:47:29.488Z" hostname="runnervm46oaq" tests="16" failures="0" errors="0" skipped="0" time="0.019804561">
        <testcase classname="src/main/services/auto-update-persistence.test.ts" name="apply attempt persistence &gt; writeApplyAttempt &gt; writes attempt as JSON to the correct path" time="0.003464656">
        </testcase>
        <testcase classname="src/main/services/auto-update-persistence.test.ts" name="apply attempt persistence &gt; writeApplyAttempt &gt; does not throw on write failure" time="0.001746449">
        </testcase>
        <testcase classname="src/main/services/auto-update-persistence.test.ts" name="apply attempt persistence &gt; readApplyAttempt &gt; returns null when file does not exist" time="0.00056953">
        </testcase>
        <testcase classname="src/main/services/auto-update-persistence.test.ts" name="apply attempt persistence &gt; readApplyAttempt &gt; returns parsed attempt when file exists" time="0.001294047">
        </testcase>
        <testcase classname="src/main/services/auto-update-persistence.test.ts" name="apply attempt persistence &gt; readApplyAttempt &gt; returns null on invalid JSON" time="0.00051091">
        </testcase>
        <testcase classname="src/main/services/auto-update-persistence.test.ts" name="apply attempt persistence &gt; clearApplyAttempt &gt; unlinks the attempt file" time="0.00270925">
        </testcase>
        <testcase classname="src/main/services/auto-update-persistence.test.ts" name="apply attempt persistence &gt; clearApplyAttempt &gt; does not throw when file does not exist" time="0.000493178">
        </testcase>
        <testcase classname="src/main/services/auto-update-persistence.test.ts" name="pending release notes persistence &gt; getPendingReleaseNotes &gt; returns null when file does not exist" time="0.0005372">
        </testcase>
        <testcase classname="src/main/services/auto-update-persistence.test.ts" name="pending release notes persistence &gt; getPendingReleaseNotes &gt; returns parsed notes when file exists" time="0.001035566">
        </testcase>
        <testcase classname="src/main/services/auto-update-persistence.test.ts" name="pending release notes persistence &gt; getPendingReleaseNotes &gt; returns null on invalid JSON" time="0.000450187">
        </testcase>
        <testcase classname="src/main/services/auto-update-persistence.test.ts" name="pending release notes persistence &gt; clearPendingReleaseNotes &gt; unlinks the notes file" time="0.000578175">
        </testcase>
        <testcase classname="src/main/services/auto-update-persistence.test.ts" name="pending release notes persistence &gt; clearPendingReleaseNotes &gt; does not throw when file does not exist" time="0.000438195">
        </testcase>
        <testcase classname="src/main/services/auto-update-persistence.test.ts" name="getStatus &gt; returns a copy of the current status" time="0.000720841">
        </testcase>
        <testcase classname="src/main/services/auto-update-persistence.test.ts" name="getStatus &gt; has the expected default shape" time="0.001138538">
        </testcase>
        <testcase classname="src/main/services/auto-update-persistence.test.ts" name="dismissUpdate &gt; is a function" time="0.000238744">
        </testcase>
        <testcase classname="src/main/services/auto-update-persistence.test.ts" name="dismissUpdate &gt; resets status to idle after dismiss" time="0.000491635">
        </testcase>
    </testsuite>
    <testsuite name="src/main/services/auto-update-quit.test.ts" timestamp="2026-03-25T04:47:29.491Z" hostname="runnervm46oaq" tests="9" failures="0" errors="0" skipped="0" time="0.012275344">
        <testcase classname="src/main/services/auto-update-quit.test.ts" name="auto-update-service: pending update info &gt; readPendingUpdateInfo &gt; returns null when file does not exist" time="0.002539013">
        </testcase>
        <testcase classname="src/main/services/auto-update-quit.test.ts" name="auto-update-service: pending update info &gt; readPendingUpdateInfo &gt; returns parsed info when file exists" time="0.000907267">
        </testcase>
        <testcase classname="src/main/services/auto-update-quit.test.ts" name="auto-update-service: pending update info &gt; readPendingUpdateInfo &gt; returns null when file contains invalid JSON" time="0.000253873">
        </testcase>
        <testcase classname="src/main/services/auto-update-quit.test.ts" name="auto-update-service: pending update info &gt; writePendingUpdateInfo &gt; writes info as JSON to the correct path" time="0.002184253">
        </testcase>
        <testcase classname="src/main/services/auto-update-quit.test.ts" name="auto-update-service: pending update info &gt; writePendingUpdateInfo &gt; does not throw when write fails" time="0.001438345">
        </testcase>
        <testcase classname="src/main/services/auto-update-quit.test.ts" name="auto-update-service: pending update info &gt; clearPendingUpdateInfo &gt; unlinks the pending info file" time="0.000477959">
        </testcase>
        <testcase classname="src/main/services/auto-update-quit.test.ts" name="auto-update-service: pending update info &gt; clearPendingUpdateInfo &gt; does not throw when file does not exist" time="0.000476746">
        </testcase>
        <testcase classname="src/main/services/auto-update-quit.test.ts" name="auto-update-service: applyUpdateOnQuit &gt; is a no-op when state is not ready" time="0.000862034">
        </testcase>
        <testcase classname="src/main/services/auto-update-quit.test.ts" name="auto-update-service: applyUpdateOnQuit &gt; is exported as a function" time="0.00070975">
        </testcase>
    </testsuite>
    <testsuite name="src/main/services/auto-update-service.test.ts" timestamp="2026-03-25T04:47:29.493Z" hostname="runnervm46oaq" tests="57" failures="0" errors="0" skipped="0" time="0.028555595">
        <testcase classname="src/main/services/auto-update-service.test.ts" name="auto-update-service &gt; isNewerVersion &gt; returns true when major version is higher" time="0.001887813">
        </testcase>
        <testcase classname="src/main/services/auto-update-service.test.ts" name="auto-update-service &gt; isNewerVersion &gt; returns true when minor version is higher" time="0.000198951">
        </testcase>
        <testcase classname="src/main/services/auto-update-service.test.ts" name="auto-update-service &gt; isNewerVersion &gt; returns true when patch version is higher" time="0.000173322">
        </testcase>
        <testcase classname="src/main/services/auto-update-service.test.ts" name="auto-update-service &gt; isNewerVersion &gt; returns false when versions are equal" time="0.000184162">
        </testcase>
        <testcase classname="src/main/services/auto-update-service.test.ts" name="auto-update-service &gt; isNewerVersion &gt; returns false when version is lower" time="0.000217164">
        </testcase>
        <testcase classname="src/main/services/auto-update-service.test.ts" name="auto-update-service &gt; isNewerVersion &gt; returns false when major is lower despite higher minor" time="0.000151442">
        </testcase>
        <testcase classname="src/main/services/auto-update-service.test.ts" name="auto-update-service &gt; isNewerVersion &gt; handles two-part versions" time="0.000208348">
        </testcase>
        <testcase classname="src/main/services/auto-update-service.test.ts" name="auto-update-service &gt; isNewerVersion &gt; handles single-part versions" time="0.000153215">
        </testcase>
        <testcase classname="src/main/services/auto-update-service.test.ts" name="auto-update-service &gt; isNewerVersion &gt; returns true for 1.0.0 vs 0.0.1" time="0.000578927">
        </testcase>
        <testcase classname="src/main/services/auto-update-service.test.ts" name="auto-update-service &gt; isNewerVersion &gt; returns false for 0.0.1 vs 1.0.0" time="0.000246108">
        </testcase>
        <testcase classname="src/main/services/auto-update-service.test.ts" name="auto-update-service &gt; isNewerVersion &gt; rc version is newer than older stable" time="0.000211553">
        </testcase>
        <testcase classname="src/main/services/auto-update-service.test.ts" name="auto-update-service &gt; isNewerVersion &gt; stable version is newer than same-base rc" time="0.000120374">
        </testcase>
        <testcase classname="src/main/services/auto-update-service.test.ts" name="auto-update-service &gt; isNewerVersion &gt; rc version is not newer than same-base stable" time="0.000117208">
        </testcase>
        <testcase classname="src/main/services/auto-update-service.test.ts" name="auto-update-service &gt; isNewerVersion &gt; two equal rc versions are not newer" time="0.000106318">
        </testcase>
        <testcase classname="src/main/services/auto-update-service.test.ts" name="auto-update-service &gt; isNewerVersion &gt; higher-base rc is newer than lower stable" time="0.000099805">
        </testcase>
        <testcase classname="src/main/services/auto-update-service.test.ts" name="auto-update-service &gt; isNewerVersion &gt; lower-base rc is not newer than higher stable" time="0.000138198">
        </testcase>
        <testcase classname="src/main/services/auto-update-service.test.ts" name="auto-update-service &gt; isNewerVersion &gt; beta version is newer than older stable" time="0.000123469">
        </testcase>
        <testcase classname="src/main/services/auto-update-service.test.ts" name="auto-update-service &gt; isNewerVersion &gt; stable version is newer than same-base beta" time="0.000108702">
        </testcase>
        <testcase classname="src/main/services/auto-update-service.test.ts" name="auto-update-service &gt; isNewerVersion &gt; beta version is not newer than same-base stable" time="0.000097853">
        </testcase>
        <testcase classname="src/main/services/auto-update-service.test.ts" name="auto-update-service &gt; isNewerVersion &gt; higher beta number is newer than lower" time="0.000097311">
        </testcase>
        <testcase classname="src/main/services/auto-update-service.test.ts" name="auto-update-service &gt; isNewerVersion &gt; lower beta number is not newer than higher" time="0.000130152">
        </testcase>
        <testcase classname="src/main/services/auto-update-service.test.ts" name="auto-update-service &gt; isNewerVersion &gt; equal beta versions are not newer" time="0.000095808">
        </testcase>
        <testcase classname="src/main/services/auto-update-service.test.ts" name="auto-update-service &gt; isNewerVersion &gt; beta is newer than legacy rc with same base" time="0.000093995">
        </testcase>
        <testcase classname="src/main/services/auto-update-service.test.ts" name="auto-update-service &gt; isNewerVersion &gt; lower-base beta is not newer than higher stable" time="0.000090088">
        </testcase>
        <testcase classname="src/main/services/auto-update-service.test.ts" name="auto-update-service &gt; parseVersion &gt; parses stable version" time="0.000647564">
        </testcase>
        <testcase classname="src/main/services/auto-update-service.test.ts" name="auto-update-service &gt; parseVersion &gt; parses rc version" time="0.000174735">
        </testcase>
        <testcase classname="src/main/services/auto-update-service.test.ts" name="auto-update-service &gt; parseVersion &gt; parses two-part version" time="0.000264863">
        </testcase>
        <testcase classname="src/main/services/auto-update-service.test.ts" name="auto-update-service &gt; parseVersion &gt; parses two-part rc version" time="0.000146753">
        </testcase>
        <testcase classname="src/main/services/auto-update-service.test.ts" name="auto-update-service &gt; parseVersion &gt; parses beta version" time="0.00018252">
        </testcase>
        <testcase classname="src/main/services/auto-update-service.test.ts" name="auto-update-service &gt; parseVersion &gt; parses higher beta number" time="0.00015038">
        </testcase>
        <testcase classname="src/main/services/auto-update-service.test.ts" name="auto-update-service &gt; artifact URL extension parsing &gt; extracts .exe for Windows installer URLs" time="0.000176328">
        </testcase>
        <testcase classname="src/main/services/auto-update-service.test.ts" name="auto-update-service &gt; artifact URL extension parsing &gt; extracts .zip for macOS update URLs" time="0.000123389">
        </testcase>
        <testcase classname="src/main/services/auto-update-service.test.ts" name="auto-update-service &gt; artifact URL extension parsing &gt; extracts .dmg for macOS installer URLs" time="0.000115635">
        </testcase>
        <testcase classname="src/main/services/auto-update-service.test.ts" name="auto-update-service &gt; artifact URL extension parsing &gt; defaults to .zip when URL has no extension" time="0.000110435">
        </testcase>
        <testcase classname="src/main/services/auto-update-service.test.ts" name="auto-update-service &gt; appendTelemetryParams &gt; appends v, os, and arch query params to a plain URL" time="0.000257319">
        </testcase>
        <testcase classname="src/main/services/auto-update-service.test.ts" name="auto-update-service &gt; appendTelemetryParams &gt; uses &amp; separator when URL already has query params" time="0.000188251">
        </testcase>
        <testcase classname="src/main/services/auto-update-service.test.ts" name="auto-update-service &gt; appendTelemetryParams &gt; includes the current platform and arch" time="0.000268539">
        </testcase>
        <testcase classname="src/main/services/auto-update-service.test.ts" name="auto-update-service &gt; appendTelemetryParams &gt; does not alter the URL pathname (extension parsing still works)" time="0.000138788">
        </testcase>
        <testcase classname="src/main/services/auto-update-service.test.ts" name="auto-update-service &gt; isTransientError &gt; returns true for ETIMEDOUT" time="0.000227143">
        </testcase>
        <testcase classname="src/main/services/auto-update-service.test.ts" name="auto-update-service &gt; isTransientError &gt; returns true for ECONNRESET" time="0.000125213">
        </testcase>
        <testcase classname="src/main/services/auto-update-service.test.ts" name="auto-update-service &gt; isTransientError &gt; returns true for ECONNREFUSED" time="0.000104434">
        </testcase>
        <testcase classname="src/main/services/auto-update-service.test.ts" name="auto-update-service &gt; isTransientError &gt; returns true for ENOTFOUND" time="0.000109774">
        </testcase>
        <testcase classname="src/main/services/auto-update-service.test.ts" name="auto-update-service &gt; isTransientError &gt; returns true for &quot;Request timed out&quot;" time="0.000146031">
        </testcase>
        <testcase classname="src/main/services/auto-update-service.test.ts" name="auto-update-service &gt; isTransientError &gt; returns true for &quot;Download timed out&quot;" time="0.00015073">
        </testcase>
        <testcase classname="src/main/services/auto-update-service.test.ts" name="auto-update-service &gt; isTransientError &gt; returns false for HTTP 404" time="0.000111237">
        </testcase>
        <testcase classname="src/main/services/auto-update-service.test.ts" name="auto-update-service &gt; isTransientError &gt; returns false for checksum failure" time="0.00010215">
        </testcase>
        <testcase classname="src/main/services/auto-update-service.test.ts" name="auto-update-service &gt; isTransientError &gt; handles non-Error values" time="0.000215972">
        </testcase>
        <testcase classname="src/main/services/auto-update-service.test.ts" name="auto-update-service &gt; withRetry &gt; returns result on first success" time="0.00083884">
        </testcase>
        <testcase classname="src/main/services/auto-update-service.test.ts" name="auto-update-service &gt; withRetry &gt; retries on transient error and succeeds" time="0.00204252">
        </testcase>
        <testcase classname="src/main/services/auto-update-service.test.ts" name="auto-update-service &gt; withRetry &gt; throws immediately on non-transient error" time="0.001385097">
        </testcase>
        <testcase classname="src/main/services/auto-update-service.test.ts" name="auto-update-service &gt; withRetry &gt; throws after all retries exhausted" time="0.003739237">
        </testcase>
        <testcase classname="src/main/services/auto-update-service.test.ts" name="auto-update-service &gt; withRetry &gt; uses exponential backoff delays" time="0.00299948">
        </testcase>
        <testcase classname="src/main/services/auto-update-service.test.ts" name="auto-update-service &gt; verifySHA256 &gt; returns true for matching hash" time="0.0027737">
        </testcase>
        <testcase classname="src/main/services/auto-update-service.test.ts" name="auto-update-service &gt; verifySHA256 &gt; returns false for mismatched hash" time="0.000759383">
        </testcase>
        <testcase classname="src/main/services/auto-update-service.test.ts" name="auto-update-service &gt; verifySHA256 &gt; rejects for non-existent file" time="0.000651973">
        </testcase>
        <testcase classname="src/main/services/auto-update-service.test.ts" name="auto-update-service &gt; verifySHA256 &gt; handles empty file" time="0.000452261">
        </testcase>
        <testcase classname="src/main/services/auto-update-service.test.ts" name="auto-update-service &gt; verifySHA256 &gt; handles binary content" time="0.000656671">
        </testcase>
    </testsuite>
    <testsuite name="src/main/services/auto-update-windows.test.ts" timestamp="2026-03-25T04:47:29.502Z" hostname="runnervm46oaq" tests="7" failures="0" errors="0" skipped="0" time="0.005511892">
        <testcase classname="src/main/services/auto-update-windows.test.ts" name="auto-update-service: Squirrel native update helpers &gt; getSquirrelReleasesUrl &gt; returns stable channel URL when previewChannel is false" time="0.001814234">
        </testcase>
        <testcase classname="src/main/services/auto-update-windows.test.ts" name="auto-update-service: Squirrel native update helpers &gt; getSquirrelReleasesUrl &gt; returns preview channel URL when previewChannel is true" time="0.000196555">
        </testcase>
        <testcase classname="src/main/services/auto-update-windows.test.ts" name="auto-update-service: Squirrel native update helpers &gt; getSquirrelReleasesUrl &gt; includes the platform-arch in the URL path" time="0.000278428">
        </testcase>
        <testcase classname="src/main/services/auto-update-windows.test.ts" name="auto-update-service: Squirrel native update helpers &gt; getSquirrelReleasesUrl &gt; uses the correct base URL" time="0.000311809">
        </testcase>
        <testcase classname="src/main/services/auto-update-windows.test.ts" name="auto-update-service: Squirrel native update helpers &gt; getSquirrelReleasesUrl &gt; includes telemetry query params" time="0.000525086">
        </testcase>
        <testcase classname="src/main/services/auto-update-windows.test.ts" name="auto-update-service: Squirrel native update helpers &gt; getSquirrelUpdateExePath &gt; returns a path ending with Update.exe" time="0.000227984">
        </testcase>
        <testcase classname="src/main/services/auto-update-windows.test.ts" name="auto-update-service: Squirrel native update helpers &gt; getSquirrelUpdateExePath &gt; resolves to one directory above the exe directory" time="0.000367354">
        </testcase>
    </testsuite>
    <testsuite name="src/main/services/badge-settings.test.ts" timestamp="2026-03-25T04:47:29.503Z" hostname="runnervm46oaq" tests="11" failures="0" errors="0" skipped="0" time="0.016714663">
        <testcase classname="src/main/services/badge-settings.test.ts" name="badge-settings &gt; getSettings &gt; returns defaults when no file exists" time="0.003616167">
        </testcase>
        <testcase classname="src/main/services/badge-settings.test.ts" name="badge-settings &gt; getSettings &gt; returns saved settings from file" time="0.000881429">
        </testcase>
        <testcase classname="src/main/services/badge-settings.test.ts" name="badge-settings &gt; getSettings &gt; returns defaults on corrupt JSON" time="0.00192416">
            <system-err>
[settings-store] Failed to parse badge-settings.json, using defaults: Expected property name or &apos;}&apos; in JSON at position 1 (line 1 column 2)

            </system-err>
        </testcase>
        <testcase classname="src/main/services/badge-settings.test.ts" name="badge-settings &gt; getSettings &gt; merges partial settings with defaults" time="0.000851494">
        </testcase>
        <testcase classname="src/main/services/badge-settings.test.ts" name="badge-settings &gt; getSettings &gt; preserves projectOverrides when present" time="0.000569369">
        </testcase>
        <testcase classname="src/main/services/badge-settings.test.ts" name="badge-settings &gt; getSettings &gt; does not include projectOverrides by default" time="0.000472809">
        </testcase>
        <testcase classname="src/main/services/badge-settings.test.ts" name="badge-settings &gt; getSettings &gt; reads from the correct file path" time="0.001450638">
        </testcase>
        <testcase classname="src/main/services/badge-settings.test.ts" name="badge-settings &gt; saveSettings &gt; writes settings as JSON" time="0.002504409">
        </testcase>
        <testcase classname="src/main/services/badge-settings.test.ts" name="badge-settings &gt; saveSettings &gt; round-trips: saved settings can be read back" time="0.000875338">
        </testcase>
        <testcase classname="src/main/services/badge-settings.test.ts" name="badge-settings &gt; saveSettings &gt; can save settings with projectOverrides" time="0.000649979">
        </testcase>
        <testcase classname="src/main/services/badge-settings.test.ts" name="badge-settings &gt; saveSettings &gt; can toggle individual badge types independently" time="0.000412898">
        </testcase>
    </testsuite>
    <testsuite name="src/main/services/clipboard-settings.test.ts" timestamp="2026-03-25T04:47:29.505Z" hostname="runnervm46oaq" tests="9" failures="0" errors="0" skipped="0" time="0.011641396">
        <testcase classname="src/main/services/clipboard-settings.test.ts" name="clipboard-settings &gt; getSettings &gt; returns defaults when no file exists" time="0.00283305">
        </testcase>
        <testcase classname="src/main/services/clipboard-settings.test.ts" name="clipboard-settings &gt; getSettings &gt; returns saved settings from file" time="0.00061823">
        </testcase>
        <testcase classname="src/main/services/clipboard-settings.test.ts" name="clipboard-settings &gt; getSettings &gt; returns defaults on corrupt JSON" time="0.001242221">
            <system-err>
[settings-store] Failed to parse clipboard-settings.json, using defaults: Expected property name or &apos;}&apos; in JSON at position 1 (line 1 column 2)

            </system-err>
        </testcase>
        <testcase classname="src/main/services/clipboard-settings.test.ts" name="clipboard-settings &gt; getSettings &gt; can override default to true" time="0.0004732">
        </testcase>
        <testcase classname="src/main/services/clipboard-settings.test.ts" name="clipboard-settings &gt; getSettings &gt; can override default to false" time="0.000369358">
        </testcase>
        <testcase classname="src/main/services/clipboard-settings.test.ts" name="clipboard-settings &gt; getSettings &gt; reads from the correct file path" time="0.001109745">
        </testcase>
        <testcase classname="src/main/services/clipboard-settings.test.ts" name="clipboard-settings &gt; saveSettings &gt; writes settings as JSON" time="0.001799517">
        </testcase>
        <testcase classname="src/main/services/clipboard-settings.test.ts" name="clipboard-settings &gt; saveSettings &gt; round-trips: saved settings can be read back" time="0.00038712">
        </testcase>
        <testcase classname="src/main/services/clipboard-settings.test.ts" name="clipboard-settings &gt; saveSettings &gt; can save disabled clipboard compat" time="0.000846835">
        </testcase>
    </testsuite>
    <testsuite name="src/main/services/clubhouse-mode-settings.test.ts" timestamp="2026-03-25T04:47:29.507Z" hostname="runnervm46oaq" tests="14" failures="0" errors="0" skipped="0" time="0.011686109">
        <testcase classname="src/main/services/clubhouse-mode-settings.test.ts" name="clubhouse-mode-settings &gt; isClubhouseModeEnabled &gt; returns false when global disabled and no project override (default)" time="0.00227354">
        </testcase>
        <testcase classname="src/main/services/clubhouse-mode-settings.test.ts" name="clubhouse-mode-settings &gt; isClubhouseModeEnabled &gt; returns true when global enabled and no project override" time="0.00045162">
        </testcase>
        <testcase classname="src/main/services/clubhouse-mode-settings.test.ts" name="clubhouse-mode-settings &gt; isClubhouseModeEnabled &gt; returns project override when present, regardless of global" time="0.000297363">
        </testcase>
        <testcase classname="src/main/services/clubhouse-mode-settings.test.ts" name="clubhouse-mode-settings &gt; isClubhouseModeEnabled &gt; project override false overrides global enabled" time="0.000402329">
        </testcase>
        <testcase classname="src/main/services/clubhouse-mode-settings.test.ts" name="clubhouse-mode-settings &gt; isClubhouseModeEnabled &gt; falls back to global when project has no override" time="0.000328491">
        </testcase>
        <testcase classname="src/main/services/clubhouse-mode-settings.test.ts" name="clubhouse-mode-settings &gt; isClubhouseModeEnabled &gt; handles undefined projectPath by using global default" time="0.000281684">
        </testcase>
        <testcase classname="src/main/services/clubhouse-mode-settings.test.ts" name="clubhouse-mode-settings &gt; isClubhouseModeEnabled &gt; handles multiple project overrides independently" time="0.000479693">
        </testcase>
        <testcase classname="src/main/services/clubhouse-mode-settings.test.ts" name="clubhouse-mode-settings &gt; setProjectOverride &gt; saves project override while preserving existing settings" time="0.001129973">
        </testcase>
        <testcase classname="src/main/services/clubhouse-mode-settings.test.ts" name="clubhouse-mode-settings &gt; setProjectOverride &gt; creates projectOverrides when none exist" time="0.000568668">
        </testcase>
        <testcase classname="src/main/services/clubhouse-mode-settings.test.ts" name="clubhouse-mode-settings &gt; clearProjectOverride &gt; removes a single project override" time="0.000463513">
        </testcase>
        <testcase classname="src/main/services/clubhouse-mode-settings.test.ts" name="clubhouse-mode-settings &gt; clearProjectOverride &gt; sets projectOverrides to undefined when last override removed" time="0.000339151">
        </testcase>
        <testcase classname="src/main/services/clubhouse-mode-settings.test.ts" name="clubhouse-mode-settings &gt; clearProjectOverride &gt; no-ops when no projectOverrides exist" time="0.000387631">
        </testcase>
        <testcase classname="src/main/services/clubhouse-mode-settings.test.ts" name="clubhouse-mode-settings &gt; getSettings defaults &gt; returns disabled by default when file does not exist" time="0.00022583">
        </testcase>
        <testcase classname="src/main/services/clubhouse-mode-settings.test.ts" name="clubhouse-mode-settings &gt; saveSettings &gt; writes settings as JSON" time="0.002023905">
        </testcase>
    </testsuite>
    <testsuite name="src/main/services/companion-workspace.test.ts" timestamp="2026-03-25T04:47:29.509Z" hostname="runnervm46oaq" tests="7" failures="0" errors="0" skipped="0" time="0.011504855">
        <testcase classname="src/main/services/companion-workspace.test.ts" name="companion-workspace &gt; getCompanionWorkspacePath &gt; returns path under ~/.clubhouse/plugin-workspaces/" time="0.003331487">
        </testcase>
        <testcase classname="src/main/services/companion-workspace.test.ts" name="companion-workspace &gt; workspaceExists &gt; returns true when directory exists" time="0.000629321">
        </testcase>
        <testcase classname="src/main/services/companion-workspace.test.ts" name="companion-workspace &gt; workspaceExists &gt; returns false when directory does not exist" time="0.000476526">
        </testcase>
        <testcase classname="src/main/services/companion-workspace.test.ts" name="companion-workspace &gt; ensureCompanionWorkspace &gt; creates directory and returns path when workspace does not exist" time="0.003021695">
        </testcase>
        <testcase classname="src/main/services/companion-workspace.test.ts" name="companion-workspace &gt; ensureCompanionWorkspace &gt; returns path without creating when workspace already exists" time="0.000565032">
        </testcase>
        <testcase classname="src/main/services/companion-workspace.test.ts" name="companion-workspace &gt; removeCompanionWorkspace &gt; removes directory when it exists" time="0.000540405">
        </testcase>
        <testcase classname="src/main/services/companion-workspace.test.ts" name="companion-workspace &gt; removeCompanionWorkspace &gt; returns false when workspace does not exist" time="0.00032307">
        </testcase>
    </testsuite>
    <testsuite name="src/main/services/config-diff-service.test.ts" timestamp="2026-03-25T04:47:29.511Z" hostname="runnervm46oaq" tests="15" failures="0" errors="0" skipped="0" time="0.02342921">
        <testcase classname="src/main/services/config-diff-service.test.ts" name="config-diff-service &gt; computeConfigDiff &gt; returns empty diff when agent matches defaults" time="0.006985298">
        </testcase>
        <testcase classname="src/main/services/config-diff-service.test.ts" name="config-diff-service &gt; computeConfigDiff &gt; detects added permission rules (allow)" time="0.001172574">
        </testcase>
        <testcase classname="src/main/services/config-diff-service.test.ts" name="config-diff-service &gt; computeConfigDiff &gt; detects removed permission rules (allow)" time="0.000993139">
        </testcase>
        <testcase classname="src/main/services/config-diff-service.test.ts" name="config-diff-service &gt; computeConfigDiff &gt; detects added and removed deny rules" time="0.001623193">
        </testcase>
        <testcase classname="src/main/services/config-diff-service.test.ts" name="config-diff-service &gt; computeConfigDiff &gt; detects modified instructions" time="0.001217177">
        </testcase>
        <testcase classname="src/main/services/config-diff-service.test.ts" name="config-diff-service &gt; computeConfigDiff &gt; detects added MCP servers" time="0.000968894">
        </testcase>
        <testcase classname="src/main/services/config-diff-service.test.ts" name="config-diff-service &gt; computeConfigDiff &gt; detects removed MCP servers" time="0.001098555">
        </testcase>
        <testcase classname="src/main/services/config-diff-service.test.ts" name="config-diff-service &gt; computeConfigDiff &gt; detects modified MCP servers" time="0.000968313">
        </testcase>
        <testcase classname="src/main/services/config-diff-service.test.ts" name="config-diff-service &gt; computeConfigDiff &gt; skips diff when clubhouseModeOverride is true" time="0.001186339">
        </testcase>
        <testcase classname="src/main/services/config-diff-service.test.ts" name="config-diff-service &gt; computeConfigDiff &gt; returns empty result when no project defaults exist" time="0.000813604">
        </testcase>
        <testcase classname="src/main/services/config-diff-service.test.ts" name="config-diff-service &gt; computeConfigDiff &gt; detects added skills" time="0.001125014">
        </testcase>
        <testcase classname="src/main/services/config-diff-service.test.ts" name="config-diff-service &gt; propagateChanges &gt; correctly merges permission additions" time="0.001286435">
        </testcase>
        <testcase classname="src/main/services/config-diff-service.test.ts" name="config-diff-service &gt; propagateChanges &gt; correctly merges permission removals" time="0.000814667">
        </testcase>
        <testcase classname="src/main/services/config-diff-service.test.ts" name="config-diff-service &gt; propagateChanges &gt; correctly updates instructions with unreplace" time="0.000905726">
        </testcase>
        <testcase classname="src/main/services/config-diff-service.test.ts" name="config-diff-service &gt; propagateChanges &gt; returns error when agent not found" time="0.000302023">
        </testcase>
    </testsuite>
    <testsuite name="src/main/services/config-pipeline.test.ts" timestamp="2026-03-25T04:47:29.513Z" hostname="runnervm46oaq" tests="33" failures="0" errors="0" skipped="0" time="0.028260156">
        <testcase classname="src/main/services/config-pipeline.test.ts" name="config-pipeline &gt; snapshotFile &gt; reads and stores original content on first reference" time="0.003341813">
        </testcase>
        <testcase classname="src/main/services/config-pipeline.test.ts" name="config-pipeline &gt; snapshotFile &gt; stores null when file does not exist" time="0.000388153">
        </testcase>
        <testcase classname="src/main/services/config-pipeline.test.ts" name="config-pipeline &gt; snapshotFile &gt; does not re-read on second call for same path" time="0.000364429">
        </testcase>
        <testcase classname="src/main/services/config-pipeline.test.ts" name="config-pipeline &gt; snapshotFile &gt; increments refCount for subsequent agents" time="0.000868598">
        </testcase>
        <testcase classname="src/main/services/config-pipeline.test.ts" name="config-pipeline &gt; restoreForAgent &gt; strips Clubhouse hooks from current file when restoring (file existed before)" time="0.00078447">
        </testcase>
        <testcase classname="src/main/services/config-pipeline.test.ts" name="config-pipeline &gt; restoreForAgent &gt; preserves user hooks while stripping Clubhouse hooks" time="0.000740839">
        </testcase>
        <testcase classname="src/main/services/config-pipeline.test.ts" name="config-pipeline &gt; restoreForAgent &gt; deletes file when original was null and only clubhouse hooks remain" time="0.000475886">
        </testcase>
        <testcase classname="src/main/services/config-pipeline.test.ts" name="config-pipeline &gt; restoreForAgent &gt; preserves file when original was null but permissions were added" time="0.00068189">
        </testcase>
        <testcase classname="src/main/services/config-pipeline.test.ts" name="config-pipeline &gt; restoreForAgent &gt; does not delete file when original was null and file already gone" time="0.000605037">
        </testcase>
        <testcase classname="src/main/services/config-pipeline.test.ts" name="config-pipeline &gt; restoreForAgent &gt; does nothing for unknown agentId" time="0.000454827">
        </testcase>
        <testcase classname="src/main/services/config-pipeline.test.ts" name="config-pipeline &gt; restoreForAgent &gt; decrements refCount without restoring when other agents remain" time="0.00033307">
        </testcase>
        <testcase classname="src/main/services/config-pipeline.test.ts" name="config-pipeline &gt; restoreForAgent &gt; calling restoreForAgent twice for same agent does not double-restore" time="0.000290681">
        </testcase>
        <testcase classname="src/main/services/config-pipeline.test.ts" name="config-pipeline &gt; restoreForAgent &gt; concurrent agent cleanup does not restore the same file twice" time="0.000367905">
        </testcase>
        <testcase classname="src/main/services/config-pipeline.test.ts" name="config-pipeline &gt; restoreForAgent &gt; falls back to original snapshot when current file is corrupt" time="0.00040295">
        </testcase>
        <testcase classname="src/main/services/config-pipeline.test.ts" name="config-pipeline &gt; restoreForAgent &gt; strips Clubhouse MCP from TOML config on restore (file existed)" time="0.000620846">
        </testcase>
        <testcase classname="src/main/services/config-pipeline.test.ts" name="config-pipeline &gt; restoreForAgent &gt; deletes TOML config when file did not exist and only clubhouse remains" time="0.000452412">
        </testcase>
        <testcase classname="src/main/services/config-pipeline.test.ts" name="config-pipeline &gt; restoreForAgent &gt; preserves non-clubhouse content in TOML when file did not exist" time="0.000386981">
        </testcase>
        <testcase classname="src/main/services/config-pipeline.test.ts" name="config-pipeline &gt; restoreForAgent &gt; falls back to original TOML when current file is unreadable" time="0.000327601">
        </testcase>
        <testcase classname="src/main/services/config-pipeline.test.ts" name="config-pipeline &gt; restoreAll &gt; restores all snapshots at once" time="0.000512825">
        </testcase>
        <testcase classname="src/main/services/config-pipeline.test.ts" name="config-pipeline &gt; restoreAll &gt; clears all tracking state" time="0.000234988">
        </testcase>
        <testcase classname="src/main/services/config-pipeline.test.ts" name="config-pipeline &gt; stripClubhouseHooks &gt; removes all Clubhouse hook entries" time="0.000270254">
        </testcase>
        <testcase classname="src/main/services/config-pipeline.test.ts" name="config-pipeline &gt; stripClubhouseHooks &gt; preserves user hooks alongside Clubhouse hooks" time="0.000355192">
        </testcase>
        <testcase classname="src/main/services/config-pipeline.test.ts" name="config-pipeline &gt; stripClubhouseHooks &gt; returns settings unchanged when no hooks present" time="0.00016628">
        </testcase>
        <testcase classname="src/main/services/config-pipeline.test.ts" name="config-pipeline &gt; stripClubhouseHooks &gt; does not mutate the original object" time="0.00031132">
        </testcase>
        <testcase classname="src/main/services/config-pipeline.test.ts" name="config-pipeline &gt; getHooksConfigPath &gt; returns correct path for Claude Code provider" time="0.000240828">
        </testcase>
        <testcase classname="src/main/services/config-pipeline.test.ts" name="config-pipeline &gt; getHooksConfigPath &gt; returns correct path for Copilot provider" time="0.000180666">
        </testcase>
        <testcase classname="src/main/services/config-pipeline.test.ts" name="config-pipeline &gt; getHooksConfigPath &gt; returns null when provider does not support hooks" time="0.000185855">
        </testcase>
        <testcase classname="src/main/services/config-pipeline.test.ts" name="config-pipeline &gt; isClubhouseHookEntry &gt; detects Claude Code format hook entries" time="0.000171319">
        </testcase>
        <testcase classname="src/main/services/config-pipeline.test.ts" name="config-pipeline &gt; isClubhouseHookEntry &gt; detects Copilot format hook entries (bash field)" time="0.000154067">
        </testcase>
        <testcase classname="src/main/services/config-pipeline.test.ts" name="config-pipeline &gt; isClubhouseHookEntry &gt; returns false for user-defined hook entries" time="0.000145612">
        </testcase>
        <testcase classname="src/main/services/config-pipeline.test.ts" name="config-pipeline &gt; isClubhouseHookEntry &gt; returns false for non-object entries" time="0.000198741">
        </testcase>
        <testcase classname="src/main/services/config-pipeline.test.ts" name="config-pipeline &gt; isClubhouseHookEntry &gt; detects entries containing /hook/ URL pattern" time="0.00014983">
        </testcase>
        <testcase classname="src/main/services/config-pipeline.test.ts" name="config-pipeline &gt; concurrent restore serialization &gt; serializes concurrent restoreForAgent calls via mutex" time="0.010828896">
        </testcase>
    </testsuite>
    <testsuite name="src/main/services/config-provenance-service.test.ts" timestamp="2026-03-25T04:47:29.519Z" hostname="runnervm46oaq" tests="17" failures="0" errors="0" skipped="0" time="0.015246928">
        <testcase classname="src/main/services/config-provenance-service.test.ts" name="config-provenance-service &gt; parsePluginPrefix &gt; returns null for non-plugin-prefixed names" time="0.002176448">
        </testcase>
        <testcase classname="src/main/services/config-provenance-service.test.ts" name="config-provenance-service &gt; parsePluginPrefix &gt; parses simple plugin IDs" time="0.000437741">
        </testcase>
        <testcase classname="src/main/services/config-provenance-service.test.ts" name="config-provenance-service &gt; parsePluginPrefix &gt; parses hyphenated plugin IDs" time="0.000239835">
        </testcase>
        <testcase classname="src/main/services/config-provenance-service.test.ts" name="config-provenance-service &gt; parsePluginPrefix &gt; returns null for bare plugin- prefix without item name" time="0.000277565">
        </testcase>
        <testcase classname="src/main/services/config-provenance-service.test.ts" name="config-provenance-service &gt; getProjectConfigBreakdown &gt; returns empty breakdown when no defaults" time="0.002447771">
        </testcase>
        <testcase classname="src/main/services/config-provenance-service.test.ts" name="config-provenance-service &gt; getProjectConfigBreakdown &gt; separates user instructions from plugin blocks" time="0.001270968">
        </testcase>
        <testcase classname="src/main/services/config-provenance-service.test.ts" name="config-provenance-service &gt; getProjectConfigBreakdown &gt; tags permission rules with plugin provenance" time="0.001087658">
        </testcase>
        <testcase classname="src/main/services/config-provenance-service.test.ts" name="config-provenance-service &gt; getProjectConfigBreakdown &gt; tags skills with correct provenance" time="0.000965822">
        </testcase>
        <testcase classname="src/main/services/config-provenance-service.test.ts" name="config-provenance-service &gt; getProjectConfigBreakdown &gt; tags MCP servers with correct provenance" time="0.000909938">
        </testcase>
        <testcase classname="src/main/services/config-provenance-service.test.ts" name="config-provenance-service &gt; getProjectConfigBreakdown &gt; detects orphaned plugin IDs" time="0.000577182">
        </testcase>
        <testcase classname="src/main/services/config-provenance-service.test.ts" name="config-provenance-service &gt; removePluginInjectionItem &gt; removes a plugin instruction block" time="0.00079248">
        </testcase>
        <testcase classname="src/main/services/config-provenance-service.test.ts" name="config-provenance-service &gt; removePluginInjectionItem &gt; removes a permission allow rule by index" time="0.000459312">
        </testcase>
        <testcase classname="src/main/services/config-provenance-service.test.ts" name="config-provenance-service &gt; removePluginInjectionItem &gt; removes a skill" time="0.000456698">
        </testcase>
        <testcase classname="src/main/services/config-provenance-service.test.ts" name="config-provenance-service &gt; removePluginInjectionItem &gt; removes an MCP server" time="0.000482876">
        </testcase>
        <testcase classname="src/main/services/config-provenance-service.test.ts" name="config-provenance-service &gt; removePluginInjectionItem &gt; returns false for unknown item categories" time="0.000245756">
        </testcase>
        <testcase classname="src/main/services/config-provenance-service.test.ts" name="config-provenance-service &gt; removePluginInjectionItem &gt; returns false when instruction block not found" time="0.000305126">
        </testcase>
        <testcase classname="src/main/services/config-provenance-service.test.ts" name="config-provenance-service &gt; removePluginInjectionItem &gt; returns false for out-of-range permission index" time="0.000214809">
        </testcase>
    </testsuite>
    <testsuite name="src/main/services/custom-marketplace-service.test.ts" timestamp="2026-03-25T04:47:29.522Z" hostname="runnervm46oaq" tests="10" failures="0" errors="0" skipped="0" time="0.017398261">
        <testcase classname="src/main/services/custom-marketplace-service.test.ts" name="custom-marketplace-service &gt; listCustomMarketplaces &gt; returns empty array when file does not exist" time="0.003664256">
        </testcase>
        <testcase classname="src/main/services/custom-marketplace-service.test.ts" name="custom-marketplace-service &gt; listCustomMarketplaces &gt; returns parsed marketplace list" time="0.000509307">
        </testcase>
        <testcase classname="src/main/services/custom-marketplace-service.test.ts" name="custom-marketplace-service &gt; listCustomMarketplaces &gt; returns empty array on parse error" time="0.000977058">
        </testcase>
        <testcase classname="src/main/services/custom-marketplace-service.test.ts" name="custom-marketplace-service &gt; addCustomMarketplace &gt; adds a marketplace and persists it" time="0.003384275">
        </testcase>
        <testcase classname="src/main/services/custom-marketplace-service.test.ts" name="custom-marketplace-service &gt; addCustomMarketplace &gt; auto-appends registry.json when URL does not end with .json" time="0.00079514">
        </testcase>
        <testcase classname="src/main/services/custom-marketplace-service.test.ts" name="custom-marketplace-service &gt; addCustomMarketplace &gt; throws on duplicate URL" time="0.002114463">
        </testcase>
        <testcase classname="src/main/services/custom-marketplace-service.test.ts" name="custom-marketplace-service &gt; removeCustomMarketplace &gt; removes marketplace by id" time="0.001369417">
        </testcase>
        <testcase classname="src/main/services/custom-marketplace-service.test.ts" name="custom-marketplace-service &gt; removeCustomMarketplace &gt; throws when marketplace not found" time="0.000453313">
        </testcase>
        <testcase classname="src/main/services/custom-marketplace-service.test.ts" name="custom-marketplace-service &gt; toggleCustomMarketplace &gt; toggles enabled state" time="0.001046167">
        </testcase>
        <testcase classname="src/main/services/custom-marketplace-service.test.ts" name="custom-marketplace-service &gt; toggleCustomMarketplace &gt; throws when marketplace not found" time="0.000535095">
        </testcase>
    </testsuite>
    <testsuite name="src/main/services/file-service.test.ts" timestamp="2026-03-25T04:47:29.524Z" hostname="runnervm46oaq" tests="21" failures="0" errors="0" skipped="0" time="0.05325667">
        <testcase classname="src/main/services/file-service.test.ts" name="file-service &gt; readTree &gt; excludes hidden files by default" time="0.005167497">
        </testcase>
        <testcase classname="src/main/services/file-service.test.ts" name="file-service &gt; readTree &gt; includes hidden files when includeHidden is true" time="0.009077729">
        </testcase>
        <testcase classname="src/main/services/file-service.test.ts" name="file-service &gt; readTree &gt; respects depth: 1 — only immediate children" time="0.001387334">
        </testcase>
        <testcase classname="src/main/services/file-service.test.ts" name="file-service &gt; readTree &gt; sorts directories before files" time="0.001280987">
        </testcase>
        <testcase classname="src/main/services/file-service.test.ts" name="file-service &gt; readTree &gt; returns empty array for non-existent directory" time="0.001662274">
        </testcase>
        <testcase classname="src/main/services/file-service.test.ts" name="file-service &gt; readTree &gt; respects maxFiles limit" time="0.002924738">
        </testcase>
        <testcase classname="src/main/services/file-service.test.ts" name="file-service &gt; readTree &gt; respects abort signal" time="0.001156635">
        </testcase>
        <testcase classname="src/main/services/file-service.test.ts" name="file-service &gt; readFile &gt; reads file content as utf-8" time="0.001631026">
        </testcase>
        <testcase classname="src/main/services/file-service.test.ts" name="file-service &gt; readFile &gt; rejects for non-existent file" time="0.002361361">
        </testcase>
        <testcase classname="src/main/services/file-service.test.ts" name="file-service &gt; writeFile &gt; writes content to file" time="0.001741822">
        </testcase>
        <testcase classname="src/main/services/file-service.test.ts" name="file-service &gt; mkdir &gt; creates directory recursively" time="0.001863377">
        </testcase>
        <testcase classname="src/main/services/file-service.test.ts" name="file-service &gt; deleteFile &gt; deletes a file" time="0.001650151">
        </testcase>
        <testcase classname="src/main/services/file-service.test.ts" name="file-service &gt; deleteFile &gt; deletes a directory recursively" time="0.001732817">
        </testcase>
        <testcase classname="src/main/services/file-service.test.ts" name="file-service &gt; rename &gt; renames a file" time="0.001333214">
        </testcase>
        <testcase classname="src/main/services/file-service.test.ts" name="file-service &gt; rename &gt; rejects when source does not exist" time="0.001365063">
        </testcase>
        <testcase classname="src/main/services/file-service.test.ts" name="file-service &gt; copy &gt; copies a file" time="0.003170352">
        </testcase>
        <testcase classname="src/main/services/file-service.test.ts" name="file-service &gt; copy &gt; copies a directory recursively" time="0.003790706">
        </testcase>
        <testcase classname="src/main/services/file-service.test.ts" name="file-service &gt; stat &gt; returns stat info for a file" time="0.00163288">
        </testcase>
        <testcase classname="src/main/services/file-service.test.ts" name="file-service &gt; stat &gt; returns stat info for a directory" time="0.00133142">
        </testcase>
        <testcase classname="src/main/services/file-service.test.ts" name="file-service &gt; stat &gt; rejects when file does not exist" time="0.002141163">
        </testcase>
        <testcase classname="src/main/services/file-service.test.ts" name="file-service &gt; readBinary &gt; reads a binary file as base64 data URI" time="0.001853049">
        </testcase>
    </testsuite>
    <testsuite name="src/main/services/file-watch-service.test.ts" timestamp="2026-03-25T04:47:29.528Z" hostname="runnervm46oaq" tests="56" failures="0" errors="0" skipped="0" time="3.577334853">
        <testcase classname="src/main/services/file-watch-service.test.ts" name="file-watch-service &gt; startWatch &gt; throws if base directory does not exist" time="0.007469756">
        </testcase>
        <testcase classname="src/main/services/file-watch-service.test.ts" name="file-watch-service &gt; startWatch &gt; starts a watch and registers in activeWatches (stopWatch succeeds)" time="0.005234851">
        </testcase>
        <testcase classname="src/main/services/file-watch-service.test.ts" name="file-watch-service &gt; startWatch &gt; replaces existing watch with same ID" time="0.001643409">
        </testcase>
        <testcase classname="src/main/services/file-watch-service.test.ts" name="file-watch-service &gt; stopWatch &gt; is a no-op for unknown watchId" time="0.000675988">
        </testcase>
        <testcase classname="src/main/services/file-watch-service.test.ts" name="file-watch-service &gt; stopWatch &gt; stops an active watch and clears pending debounce timer" time="0.001179385">
        </testcase>
        <testcase classname="src/main/services/file-watch-service.test.ts" name="file-watch-service &gt; stopWatch &gt; removes the destroyed listener from the sender" time="0.001015009">
        </testcase>
        <testcase classname="src/main/services/file-watch-service.test.ts" name="file-watch-service &gt; stopAllWatches &gt; stops all active watches" time="0.001149459">
        </testcase>
        <testcase classname="src/main/services/file-watch-service.test.ts" name="file-watch-service &gt; cleanupWatchesForWindow &gt; stops watches belonging to the given window" time="0.001342227">
        </testcase>
        <testcase classname="src/main/services/file-watch-service.test.ts" name="file-watch-service &gt; cleanupWatchesForWindow &gt; does nothing when no watches exist for the window" time="0.001509339">
        </testcase>
        <testcase classname="src/main/services/file-watch-service.test.ts" name="file-watch-service &gt; automatic cleanup on webContents destroyed &gt; stops the watch when sender webContents is destroyed" time="0.000933377">
        </testcase>
        <testcase classname="src/main/services/file-watch-service.test.ts" name="file-watch-service &gt; automatic cleanup on webContents destroyed &gt; does not affect watches from other senders" time="0.000976147">
        </testcase>
        <testcase classname="src/main/services/file-watch-service.test.ts" name="file-watch-service &gt; automatic cleanup on webContents destroyed &gt; does not leak listeners when watch is replaced" time="0.000862545">
        </testcase>
        <testcase classname="src/main/services/file-watch-service.test.ts" name="file-watch-service &gt; automatic cleanup on webContents destroyed &gt; old sender destroyed does not stop new watch after replacement" time="0.000870901">
        </testcase>
        <testcase classname="src/main/services/file-watch-service.test.ts" name="file-watch-service &gt; debounce behaviour &gt; stops the watch and does not send if sender is destroyed" time="0.00103691">
        </testcase>
        <testcase classname="src/main/services/file-watch-service.test.ts" name="file-watch-service &gt; debounce behaviour &gt; sends batched events when sender is alive" time="0.000730039">
        </testcase>
        <testcase classname="src/main/services/file-watch-service.test.ts" name="file-watch-service &gt; event deduplication &gt; keeps only the latest event type per file path" time="0.000836927">
        </testcase>
        <testcase classname="src/main/services/file-watch-service.test.ts" name="file-watch-service &gt; event deduplication &gt; tracks separate paths independently" time="0.000729838">
        </testcase>
        <testcase classname="src/main/services/file-watch-service.test.ts" name="file-watch-service &gt; max pending events cap &gt; uses a Map for pendingEvents enabling deduplication" time="0.000806491">
        </testcase>
        <testcase classname="src/main/services/file-watch-service.test.ts" name="file-watch-service &gt; max pending events cap &gt; deduplication prevents exceeding cap for repeated paths" time="0.002427617">
        </testcase>
        <testcase classname="src/main/services/file-watch-service.test.ts" name="file-watch-service &gt; max pending events cap &gt; exports MAX_PENDING_EVENTS constant" time="0.000468492">
        </testcase>
        <testcase classname="src/main/services/file-watch-service.test.ts" name="file-watch-service &gt; webContentsId stored in entry &gt; associates a watch with the correct webContents ID for cleanup" time="0.000989572">
        </testcase>
        <testcase classname="src/main/services/file-watch-service.test.ts" name="file-watch-service &gt; async rename event classification &gt; classifies rename of a new file as created" time="0.504335039">
        </testcase>
        <testcase classname="src/main/services/file-watch-service.test.ts" name="file-watch-service &gt; async rename event classification &gt; classifies rename of a deleted file as deleted" time="1.003659428">
        </testcase>
        <testcase classname="src/main/services/file-watch-service.test.ts" name="file-watch-service &gt; async rename event classification &gt; does not push events if watch was stopped during async check" time="0.501918182">
        </testcase>
        <testcase classname="src/main/services/file-watch-service.test.ts" name="file-watch-service &gt; glob filtering &gt; should only forward events for files matching the glob pattern" time="0.501625061">
        </testcase>
        <testcase classname="src/main/services/file-watch-service.test.ts" name="file-watch-service &gt; glob filtering &gt; should forward events for nested files matching the glob" time="0.502585309">
        </testcase>
        <testcase classname="src/main/services/file-watch-service.test.ts" name="file-watch-service &gt; glob filtering &gt; should not forward events for files outside the glob scope" time="0.502357367">
        </testcase>
        <testcase classname="src/main/services/file-watch-service.test.ts" name="file-watch lifecycle and cleanup &gt; watcher cleanup on window close &gt; closes the FSWatcher when window is cleaned up" time="0.001773253">
        </testcase>
        <testcase classname="src/main/services/file-watch-service.test.ts" name="file-watch lifecycle and cleanup &gt; watcher cleanup on window close &gt; removes destroyed listener from sender on window close" time="0.000966851">
        </testcase>
        <testcase classname="src/main/services/file-watch-service.test.ts" name="file-watch lifecycle and cleanup &gt; watcher cleanup on window close &gt; clears pending debounce timer on window close" time="0.001276397">
        </testcase>
        <testcase classname="src/main/services/file-watch-service.test.ts" name="file-watch lifecycle and cleanup &gt; watcher cleanup on window close &gt; cleans up multiple watches for the same window" time="0.001394847">
        </testcase>
        <testcase classname="src/main/services/file-watch-service.test.ts" name="file-watch lifecycle and cleanup &gt; watcher cleanup on window close &gt; does not close watchers belonging to other windows" time="0.000882764">
        </testcase>
        <testcase classname="src/main/services/file-watch-service.test.ts" name="file-watch lifecycle and cleanup &gt; cleanup on sender destruction &gt; closes the FSWatcher when sender is destroyed" time="0.000839062">
        </testcase>
        <testcase classname="src/main/services/file-watch-service.test.ts" name="file-watch lifecycle and cleanup &gt; cleanup on sender destruction &gt; clears pending debounce timer on sender destruction" time="0.001037372">
        </testcase>
        <testcase classname="src/main/services/file-watch-service.test.ts" name="file-watch lifecycle and cleanup &gt; cleanup on sender destruction &gt; does not send events after sender destruction" time="0.000741912">
        </testcase>
        <testcase classname="src/main/services/file-watch-service.test.ts" name="file-watch lifecycle and cleanup &gt; cleanup on sender destruction &gt; cleans up only the watch belonging to the destroyed sender" time="0.00096637">
        </testcase>
        <testcase classname="src/main/services/file-watch-service.test.ts" name="file-watch lifecycle and cleanup &gt; cleanup on sender destruction &gt; handles sender destroyed during debounce gracefully" time="0.000859209">
        </testcase>
        <testcase classname="src/main/services/file-watch-service.test.ts" name="file-watch lifecycle and cleanup &gt; application shutdown (stopAllWatches) &gt; closes all FSWatchers" time="0.001037271">
        </testcase>
        <testcase classname="src/main/services/file-watch-service.test.ts" name="file-watch lifecycle and cleanup &gt; application shutdown (stopAllWatches) &gt; removes all destroyed listeners" time="0.000847838">
        </testcase>
        <testcase classname="src/main/services/file-watch-service.test.ts" name="file-watch lifecycle and cleanup &gt; application shutdown (stopAllWatches) &gt; clears all pending debounce timers" time="0.000957954">
        </testcase>
        <testcase classname="src/main/services/file-watch-service.test.ts" name="file-watch lifecycle and cleanup &gt; application shutdown (stopAllWatches) &gt; leaves activeWatches map completely empty" time="0.000813655">
        </testcase>
        <testcase classname="src/main/services/file-watch-service.test.ts" name="file-watch lifecycle and cleanup &gt; application shutdown (stopAllWatches) &gt; is safe to call multiple times" time="0.000836167">
        </testcase>
        <testcase classname="src/main/services/file-watch-service.test.ts" name="file-watch lifecycle and cleanup &gt; error resilience during cleanup &gt; continues cleanup when watcher.close() throws" time="0.001359682">
        </testcase>
        <testcase classname="src/main/services/file-watch-service.test.ts" name="file-watch lifecycle and cleanup &gt; error resilience during cleanup &gt; still removes from map when watcher.close() throws" time="0.001223969">
        </testcase>
        <testcase classname="src/main/services/file-watch-service.test.ts" name="extractBaseDir &gt; extracts base directory from POSIX glob with **" time="0.000195674">
        </testcase>
        <testcase classname="src/main/services/file-watch-service.test.ts" name="extractBaseDir &gt; extracts base directory from POSIX glob with single *" time="0.000178402">
        </testcase>
        <testcase classname="src/main/services/file-watch-service.test.ts" name="extractBaseDir &gt; returns full path when no wildcard is present" time="0.000228095">
        </testcase>
        <testcase classname="src/main/services/file-watch-service.test.ts" name="extractBaseDir &gt; handles glob with ? wildcard" time="0.0001716">
        </testcase>
        <testcase classname="src/main/services/file-watch-service.test.ts" name="extractBaseDir &gt; handles glob with { brace pattern" time="0.00019892">
        </testcase>
        <testcase classname="src/main/services/file-watch-service.test.ts" name="extractBaseDir &gt; handles glob with [ bracket pattern" time="0.000156602">
        </testcase>
        <testcase classname="src/main/services/file-watch-service.test.ts" name="extractBaseDir &gt; returns &quot;.&quot; when glob starts with wildcard" time="0.00297471">
        </testcase>
        <testcase classname="src/main/services/file-watch-service.test.ts" name="extractBaseDir &gt; handles Windows-style backslash separators" time="0.000237542">
        </testcase>
        <testcase classname="src/main/services/file-watch-service.test.ts" name="extractBaseDir &gt; handles mixed separators" time="0.000374177">
        </testcase>
        <testcase classname="src/main/services/file-watch-service.test.ts" name="extractBaseDir &gt; returns &quot;.&quot; for empty string" time="0.001311813">
            <system-err>
extractBaseDir: Could not extract base from glob &quot;&quot;, falling back to &apos;.&apos;

            </system-err>
        </testcase>
        <testcase classname="src/main/services/file-watch-service.test.ts" name="extractBaseDir &gt; returns &quot;/&quot; for root-only path" time="0.000255185">
        </testcase>
        <testcase classname="src/main/services/file-watch-service.test.ts" name="extractBaseDir &gt; warns when falling back to &quot;.&quot; for a non-wildcard-starting glob" time="0.0003541">
        </testcase>
    </testsuite>
    <testsuite name="src/main/services/fs-utils.test.ts" timestamp="2026-03-25T04:47:29.538Z" hostname="runnervm46oaq" tests="2" failures="0" errors="0" skipped="0" time="0.003944777">
        <testcase classname="src/main/services/fs-utils.test.ts" name="pathExists &gt; returns true when path exists" time="0.001916224">
        </testcase>
        <testcase classname="src/main/services/fs-utils.test.ts" name="pathExists &gt; returns false when path does not exist" time="0.000383363">
        </testcase>
    </testsuite>
    <testsuite name="src/main/services/git-exclude-manager.test.ts" timestamp="2026-03-25T04:47:29.538Z" hostname="runnervm46oaq" tests="8" failures="0" errors="0" skipped="0" time="0.011454137">
        <testcase classname="src/main/services/git-exclude-manager.test.ts" name="git-exclude-manager &gt; addExclusions &gt; adds tagged patterns to empty exclude file" time="0.00399944">
        </testcase>
        <testcase classname="src/main/services/git-exclude-manager.test.ts" name="git-exclude-manager &gt; addExclusions &gt; appends to existing exclude file content" time="0.000733445">
        </testcase>
        <testcase classname="src/main/services/git-exclude-manager.test.ts" name="git-exclude-manager &gt; addExclusions &gt; skips patterns already present" time="0.000927065">
        </testcase>
        <testcase classname="src/main/services/git-exclude-manager.test.ts" name="git-exclude-manager &gt; addExclusions &gt; does nothing when all patterns already present" time="0.000787695">
        </testcase>
        <testcase classname="src/main/services/git-exclude-manager.test.ts" name="git-exclude-manager &gt; addExclusions &gt; creates info directory if needed" time="0.000704371">
        </testcase>
        <testcase classname="src/main/services/git-exclude-manager.test.ts" name="git-exclude-manager &gt; removeExclusions &gt; removes all lines matching the tag" time="0.000679834">
        </testcase>
        <testcase classname="src/main/services/git-exclude-manager.test.ts" name="git-exclude-manager &gt; removeExclusions &gt; handles non-existent exclude file gracefully" time="0.000487838">
        </testcase>
        <testcase classname="src/main/services/git-exclude-manager.test.ts" name="git-exclude-manager &gt; removeExclusions &gt; leaves file clean when all lines are removed" time="0.000423148">
        </testcase>
    </testsuite>
    <testsuite name="src/main/services/git-service.test.ts" timestamp="2026-03-25T04:47:29.540Z" hostname="runnervm46oaq" tests="93" failures="0" errors="0" skipped="0" time="0.046697074">
        <testcase classname="src/main/services/git-service.test.ts" name="isInsideGitRepo &gt; returns true when inside a git work tree" time="0.002469265">
        </testcase>
        <testcase classname="src/main/services/git-service.test.ts" name="isInsideGitRepo &gt; returns false when not inside a git repo" time="0.000462942">
        </testcase>
        <testcase classname="src/main/services/git-service.test.ts" name="isInsideGitRepo &gt; detects subfolder of a git repo (git rev-parse walks up)" time="0.000400645">
        </testcase>
        <testcase classname="src/main/services/git-service.test.ts" name="getGitInfo &gt; not inside git repo returns hasGit:false and empty fields" time="0.001422096">
        </testcase>
        <testcase classname="src/main/services/git-service.test.ts" name="getGitInfo &gt; parses branch from rev-parse" time="0.001093895">
        </testcase>
        <testcase classname="src/main/services/git-service.test.ts" name="getGitInfo &gt; parses git branch --no-color list, strips * prefix" time="0.000591571">
        </testcase>
        <testcase classname="src/main/services/git-service.test.ts" name="getGitInfo &gt; parses porcelain status — staged, unstaged, untracked" time="0.001832429">
        </testcase>
        <testcase classname="src/main/services/git-service.test.ts" name="getGitInfo &gt; parses ||| delimited log into GitLogEntry" time="0.000464374">
        </testcase>
        <testcase classname="src/main/services/git-service.test.ts" name="getGitInfo &gt; calculates ahead/behind from rev-list" time="0.000764422">
        </testcase>
        <testcase classname="src/main/services/git-service.test.ts" name="getGitInfo &gt; no remote returns ahead:0, behind:0" time="0.000465717">
        </testcase>
        <testcase classname="src/main/services/git-service.test.ts" name="getGitInfo &gt; uses -uall flag to enumerate files inside untracked directories" time="0.001144269">
        </testcase>
        <testcase classname="src/main/services/git-service.test.ts" name="getGitInfo &gt; parses nested directory paths for modified files" time="0.000723616">
        </testcase>
        <testcase classname="src/main/services/git-service.test.ts" name="getGitInfo &gt; handles renamed files with arrow syntax" time="0.000627988">
        </testcase>
        <testcase classname="src/main/services/git-service.test.ts" name="getGitInfo &gt; handles mix of staged adds in new dirs and unstaged modifications" time="0.000729056">
        </testcase>
        <testcase classname="src/main/services/git-service.test.ts" name="getGitInfo &gt; empty status returns empty array, not parse artifacts" time="0.000321548">
        </testcase>
        <testcase classname="src/main/services/git-service.test.ts" name="commit &gt; passes message verbatim as arg (no shell escaping needed)" time="0.00033325">
        </testcase>
        <testcase classname="src/main/services/git-service.test.ts" name="commit &gt; returns ok:true with output on success" time="0.000261606">
        </testcase>
        <testcase classname="src/main/services/git-service.test.ts" name="push &gt; returns ok:false when no remote" time="0.000417617">
        </testcase>
        <testcase classname="src/main/services/git-service.test.ts" name="pull &gt; returns ok:false when no remote" time="0.000392591">
        </testcase>
        <testcase classname="src/main/services/git-service.test.ts" name="getFileDiff &gt; staged=true reads from index (:file)" time="0.000451831">
        </testcase>
        <testcase classname="src/main/services/git-service.test.ts" name="getFileDiff &gt; staged=false reads from disk" time="0.000372984">
        </testcase>
        <testcase classname="src/main/services/git-service.test.ts" name="getFileDiff &gt; new file returns empty original" time="0.000311029">
        </testcase>
        <testcase classname="src/main/services/git-service.test.ts" name="stage/unstage &gt; stage returns ok:true on success" time="0.00030073">
        </testcase>
        <testcase classname="src/main/services/git-service.test.ts" name="stage/unstage &gt; stage returns ok:false with message on failure" time="0.000862585">
        </testcase>
        <testcase classname="src/main/services/git-service.test.ts" name="stage/unstage &gt; unstage returns ok:true on success" time="0.000210061">
        </testcase>
        <testcase classname="src/main/services/git-service.test.ts" name="stage/unstage &gt; unstage returns ok:false with message on failure" time="0.000261196">
        </testcase>
        <testcase classname="src/main/services/git-service.test.ts" name="stageAll/unstageAll &gt; stageAll runs git add -A" time="0.001820217">
        </testcase>
        <testcase classname="src/main/services/git-service.test.ts" name="stageAll/unstageAll &gt; stageAll returns ok:false with message on failure" time="0.000270163">
        </testcase>
        <testcase classname="src/main/services/git-service.test.ts" name="stageAll/unstageAll &gt; unstageAll runs git reset HEAD" time="0.000463151">
        </testcase>
        <testcase classname="src/main/services/git-service.test.ts" name="stageAll/unstageAll &gt; unstageAll returns ok:false with message on failure" time="0.001382603">
        </testcase>
        <testcase classname="src/main/services/git-service.test.ts" name="discardFile &gt; restores tracked file with git restore" time="0.00040827">
        </testcase>
        <testcase classname="src/main/services/git-service.test.ts" name="discardFile &gt; deletes untracked file from disk" time="0.000323773">
        </testcase>
        <testcase classname="src/main/services/git-service.test.ts" name="discardFile &gt; returns error when untracked file delete fails" time="0.000266066">
        </testcase>
        <testcase classname="src/main/services/git-service.test.ts" name="discardFile &gt; returns error when git restore fails" time="0.000218777">
        </testcase>
        <testcase classname="src/main/services/git-service.test.ts" name="createBranch &gt; creates and checks out new branch" time="0.000404132">
        </testcase>
        <testcase classname="src/main/services/git-service.test.ts" name="createBranch &gt; returns error if branch already exists" time="0.000319805">
        </testcase>
        <testcase classname="src/main/services/git-service.test.ts" name="stash/stashPop &gt; stash returns ok on success" time="0.000531309">
        </testcase>
        <testcase classname="src/main/services/git-service.test.ts" name="stash/stashPop &gt; stash returns error on failure" time="0.000291943">
        </testcase>
        <testcase classname="src/main/services/git-service.test.ts" name="stash/stashPop &gt; stashPop returns ok on success" time="0.000608061">
        </testcase>
        <testcase classname="src/main/services/git-service.test.ts" name="stash/stashPop &gt; stashPop returns error when no stash entries" time="0.000287816">
        </testcase>
        <testcase classname="src/main/services/git-service.test.ts" name="getGitInfo — rename parsing &gt; splits rename into path and origPath" time="0.000284259">
        </testcase>
        <testcase classname="src/main/services/git-service.test.ts" name="getGitInfo — rename parsing &gt; splits copy into path and origPath" time="0.000243693">
        </testcase>
        <testcase classname="src/main/services/git-service.test.ts" name="getGitInfo — conflict detection &gt; sets hasConflicts=true when UU status present" time="0.000221402">
        </testcase>
        <testcase classname="src/main/services/git-service.test.ts" name="getGitInfo — conflict detection &gt; detects AA (both-added) as conflict" time="0.00016652">
        </testcase>
        <testcase classname="src/main/services/git-service.test.ts" name="getGitInfo — conflict detection &gt; hasConflicts=false when no conflict codes" time="0.000164957">
        </testcase>
        <testcase classname="src/main/services/git-service.test.ts" name="getGitInfo — stash count &gt; counts stash entries" time="0.00018245">
        </testcase>
        <testcase classname="src/main/services/git-service.test.ts" name="getGitInfo — stash count &gt; returns stashCount=0 when no stashes" time="0.000205031">
        </testcase>
        <testcase classname="src/main/services/git-service.test.ts" name="checkout &gt; returns ok:true on successful checkout" time="0.00045166">
        </testcase>
        <testcase classname="src/main/services/git-service.test.ts" name="checkout &gt; returns ok:false with message when checkout fails (non-existent branch)" time="0.000283618">
        </testcase>
        <testcase classname="src/main/services/git-service.test.ts" name="checkout &gt; returns ok:false with message when checkout fails due to uncommitted changes" time="0.000265223">
        </testcase>
        <testcase classname="src/main/services/git-service.test.ts" name="checkout &gt; passes branch name as direct arg (no shell interpretation)" time="0.00025774">
        </testcase>
        <testcase classname="src/main/services/git-service.test.ts" name="push — success case &gt; pushes to remote branch and returns ok:true" time="0.000395596">
        </testcase>
        <testcase classname="src/main/services/git-service.test.ts" name="push — success case &gt; returns error message when push command fails" time="0.000443335">
        </testcase>
        <testcase classname="src/main/services/git-service.test.ts" name="pull — success case &gt; pulls from remote branch and returns ok:true" time="0.000329543">
        </testcase>
        <testcase classname="src/main/services/git-service.test.ts" name="pull — success case &gt; returns error when pull has merge conflicts" time="0.000286623">
        </testcase>
        <testcase classname="src/main/services/git-service.test.ts" name="commit — failure case &gt; returns ok:false with error message when commit fails" time="0.000281614">
        </testcase>
        <testcase classname="src/main/services/git-service.test.ts" name="getFileDiff — edge cases &gt; returns empty modified when staged read fails" time="0.000238364">
        </testcase>
        <testcase classname="src/main/services/git-service.test.ts" name="getFileDiff — edge cases &gt; returns empty modified when disk read fails for unstaged" time="0.000214078">
        </testcase>
        <testcase classname="src/main/services/git-service.test.ts" name="getFileDiff — edge cases &gt; returns both empty for completely new untracked file that was deleted" time="0.000195955">
        </testcase>
        <testcase classname="src/main/services/git-service.test.ts" name="security — input validation &gt; branch name validation &gt; rejects branch names starting with -" time="0.00142961">
        </testcase>
        <testcase classname="src/main/services/git-service.test.ts" name="security — input validation &gt; branch name validation &gt; rejects branch names with null bytes" time="0.000363917">
        </testcase>
        <testcase classname="src/main/services/git-service.test.ts" name="security — input validation &gt; branch name validation &gt; allows valid branch names with slashes and dots" time="0.000157002">
        </testcase>
        <testcase classname="src/main/services/git-service.test.ts" name="security — input validation &gt; file path validation &gt; rejects absolute paths" time="0.000575992">
        </testcase>
        <testcase classname="src/main/services/git-service.test.ts" name="security — input validation &gt; file path validation &gt; rejects paths with .. traversal" time="0.000856434">
        </testcase>
        <testcase classname="src/main/services/git-service.test.ts" name="security — input validation &gt; file path validation &gt; rejects paths with null bytes" time="0.000398211">
        </testcase>
        <testcase classname="src/main/services/git-service.test.ts" name="security — input validation &gt; file path validation &gt; allows valid relative paths including nested dirs" time="0.000169696">
        </testcase>
        <testcase classname="src/main/services/git-service.test.ts" name="security — input validation &gt; file path validation &gt; allows paths with internal .. that resolve within repo" time="0.000173492">
        </testcase>
        <testcase classname="src/main/services/git-service.test.ts" name="security — input validation &gt; shell metacharacter safety &gt; commit message with backticks is passed as-is (no shell interpretation)" time="0.000184684">
        </testcase>
        <testcase classname="src/main/services/git-service.test.ts" name="security — input validation &gt; shell metacharacter safety &gt; commit message with $() is passed as-is" time="0.000189633">
        </testcase>
        <testcase classname="src/main/services/git-service.test.ts" name="security — input validation &gt; shell metacharacter safety &gt; branch name with shell metacharacters is passed as a single arg" time="0.000202206">
        </testcase>
        <testcase classname="src/main/services/git-service.test.ts" name="security — input validation &gt; execFile usage (no shell interpretation) &gt; uses execFile not execSync — args are always arrays" time="0.000202036">
        </testcase>
        <testcase classname="src/main/services/git-service.test.ts" name="getGitInfo — command failure resilience &gt; returns HEAD when rev-parse --abbrev-ref fails" time="0.000311069">
        </testcase>
        <testcase classname="src/main/services/git-service.test.ts" name="getGitInfo — command failure resilience &gt; returns empty branches when git branch fails" time="0.000291463">
        </testcase>
        <testcase classname="src/main/services/git-service.test.ts" name="getGitInfo — command failure resilience &gt; handles multiple log entries" time="0.000353548">
        </testcase>
        <testcase classname="src/main/services/git-service.test.ts" name="getGitInfo — command failure resilience &gt; detects all conflict codes: DD, AU, UD, UA, DU" time="0.000519126">
        </testcase>
        <testcase classname="src/main/services/git-service.test.ts" name="listWorktrees &gt; parses porcelain output with main and linked worktrees" time="0.000653656">
        </testcase>
        <testcase classname="src/main/services/git-service.test.ts" name="listWorktrees &gt; handles bare worktree" time="0.000306541">
        </testcase>
        <testcase classname="src/main/services/git-service.test.ts" name="listWorktrees &gt; handles detached HEAD (no branch line)" time="0.001756498">
        </testcase>
        <testcase classname="src/main/services/git-service.test.ts" name="listWorktrees &gt; rejects on git error" time="0.000282696">
        </testcase>
        <testcase classname="src/main/services/git-service.test.ts" name="getLog &gt; parses log entries with pagination" time="0.000404853">
        </testcase>
        <testcase classname="src/main/services/git-service.test.ts" name="getLog &gt; returns empty array when no commits" time="0.000175807">
        </testcase>
        <testcase classname="src/main/services/git-service.test.ts" name="getLog &gt; passes skip and limit to git command" time="0.000263781">
        </testcase>
        <testcase classname="src/main/services/git-service.test.ts" name="showCommit &gt; parses diff-tree output into files" time="0.000430841">
        </testcase>
        <testcase classname="src/main/services/git-service.test.ts" name="showCommit &gt; parses renames with origPath" time="0.000266456">
        </testcase>
        <testcase classname="src/main/services/git-service.test.ts" name="showCommit &gt; rejects invalid commit hash" time="0.000217034">
        </testcase>
        <testcase classname="src/main/services/git-service.test.ts" name="showCommit &gt; rejects short hash under 4 chars" time="0.000208699">
        </testcase>
        <testcase classname="src/main/services/git-service.test.ts" name="showCommit &gt; returns empty files when commit has no changes" time="0.000157873">
        </testcase>
        <testcase classname="src/main/services/git-service.test.ts" name="getCommitFileDiff &gt; returns before and after content for a modified file" time="0.000279901">
        </testcase>
        <testcase classname="src/main/services/git-service.test.ts" name="getCommitFileDiff &gt; returns empty original for newly added file" time="0.000217865">
        </testcase>
        <testcase classname="src/main/services/git-service.test.ts" name="getCommitFileDiff &gt; returns empty modified for deleted file" time="0.000226081">
        </testcase>
        <testcase classname="src/main/services/git-service.test.ts" name="getCommitFileDiff &gt; rejects invalid commit hash" time="0.000210512">
        </testcase>
        <testcase classname="src/main/services/git-service.test.ts" name="getCommitFileDiff &gt; rejects absolute file path" time="0.000206835">
        </testcase>
        <testcase classname="src/main/services/git-service.test.ts" name="getCommitFileDiff &gt; rejects traversal path" time="0.000262468">
        </testcase>
    </testsuite>
    <testsuite name="src/main/services/gitignore-manager.test.ts" timestamp="2026-03-25T04:47:29.555Z" hostname="runnervm46oaq" tests="14" failures="0" errors="0" skipped="0" time="0.015482893">
        <testcase classname="src/main/services/gitignore-manager.test.ts" name="gitignore-manager &gt; addEntries &gt; creates .gitignore with tagged entries when file does not exist" time="0.004624052">
        </testcase>
        <testcase classname="src/main/services/gitignore-manager.test.ts" name="gitignore-manager &gt; addEntries &gt; appends tagged entries to existing .gitignore" time="0.000652995">
        </testcase>
        <testcase classname="src/main/services/gitignore-manager.test.ts" name="gitignore-manager &gt; addEntries &gt; adds newline separator when existing file does not end with newline" time="0.00064492">
        </testcase>
        <testcase classname="src/main/services/gitignore-manager.test.ts" name="gitignore-manager &gt; addEntries &gt; does not duplicate entries that already exist" time="0.00075257">
        </testcase>
        <testcase classname="src/main/services/gitignore-manager.test.ts" name="gitignore-manager &gt; addEntries &gt; adds multiple entries at once" time="0.001477268">
        </testcase>
        <testcase classname="src/main/services/gitignore-manager.test.ts" name="gitignore-manager &gt; addEntries &gt; isolates entries by plugin id" time="0.000446391">
        </testcase>
        <testcase classname="src/main/services/gitignore-manager.test.ts" name="gitignore-manager &gt; removeEntries &gt; removes all lines tagged for the specified plugin" time="0.000732482">
        </testcase>
        <testcase classname="src/main/services/gitignore-manager.test.ts" name="gitignore-manager &gt; removeEntries &gt; does not affect entries from other plugins" time="0.000428387">
        </testcase>
        <testcase classname="src/main/services/gitignore-manager.test.ts" name="gitignore-manager &gt; removeEntries &gt; does nothing when .gitignore does not exist" time="0.000873454">
        </testcase>
        <testcase classname="src/main/services/gitignore-manager.test.ts" name="gitignore-manager &gt; removeEntries &gt; removes trailing blank lines left behind" time="0.000529966">
        </testcase>
        <testcase classname="src/main/services/gitignore-manager.test.ts" name="gitignore-manager &gt; isIgnored &gt; returns true when pattern is in .gitignore" time="0.000484942">
        </testcase>
        <testcase classname="src/main/services/gitignore-manager.test.ts" name="gitignore-manager &gt; isIgnored &gt; returns true for untagged patterns" time="0.000307463">
        </testcase>
        <testcase classname="src/main/services/gitignore-manager.test.ts" name="gitignore-manager &gt; isIgnored &gt; returns false when pattern is not found" time="0.000265234">
        </testcase>
        <testcase classname="src/main/services/gitignore-manager.test.ts" name="gitignore-manager &gt; isIgnored &gt; returns false when .gitignore does not exist" time="0.000289659">
        </testcase>
    </testsuite>
    <testsuite name="src/main/services/group-project-bulletin.test.ts" timestamp="2026-03-25T04:47:29.557Z" hostname="runnervm46oaq" tests="13" failures="0" errors="0" skipped="0" time="0.031618888">
        <testcase classname="src/main/services/group-project-bulletin.test.ts" name="BulletinBoard &gt; posts a message and returns it" time="0.004944839">
        </testcase>
        <testcase classname="src/main/services/group-project-bulletin.test.ts" name="BulletinBoard &gt; rejects messages exceeding body limit" time="0.00256425">
        </testcase>
        <testcase classname="src/main/services/group-project-bulletin.test.ts" name="BulletinBoard &gt; returns digest with correct counts" time="0.002092643">
        </testcase>
        <testcase classname="src/main/services/group-project-bulletin.test.ts" name="BulletinBoard &gt; digest filters by since timestamp" time="0.005765936">
        </testcase>
        <testcase classname="src/main/services/group-project-bulletin.test.ts" name="BulletinBoard &gt; getTopicMessages returns messages for a topic" time="0.001010179">
        </testcase>
        <testcase classname="src/main/services/group-project-bulletin.test.ts" name="BulletinBoard &gt; getTopicMessages respects since filter" time="0.005817041">
        </testcase>
        <testcase classname="src/main/services/group-project-bulletin.test.ts" name="BulletinBoard &gt; getTopicMessages respects limit" time="0.00077942">
        </testcase>
        <testcase classname="src/main/services/group-project-bulletin.test.ts" name="BulletinBoard &gt; returns empty for unknown topic" time="0.000552448">
        </testcase>
        <testcase classname="src/main/services/group-project-bulletin.test.ts" name="BulletinBoard &gt; factory returns same instance for same project" time="0.000747952">
        </testcase>
        <testcase classname="src/main/services/group-project-bulletin.test.ts" name="BulletinBoard &gt; factory returns different instances for different projects" time="0.001266857">
        </testcase>
        <testcase classname="src/main/services/group-project-bulletin.test.ts" name="BulletinBoard &gt; destroyBulletinBoard &gt; removes the in-memory board instance" time="0.000678262">
        </testcase>
        <testcase classname="src/main/services/group-project-bulletin.test.ts" name="BulletinBoard &gt; destroyBulletinBoard &gt; removes the project data directory from disk" time="0.001910464">
        </testcase>
        <testcase classname="src/main/services/group-project-bulletin.test.ts" name="BulletinBoard &gt; destroyBulletinBoard &gt; does not throw when rm fails" time="0.000782987">
        </testcase>
    </testsuite>
    <testsuite name="src/main/services/group-project-lifecycle.test.ts" timestamp="2026-03-25T04:47:29.560Z" hostname="runnervm46oaq" tests="16" failures="0" errors="0" skipped="0" time="6.925143889">
        <testcase classname="src/main/services/group-project-lifecycle.test.ts" name="GroupProjectLifecycle &gt; posts join event when agent binds to group project" time="0.055242692">
        </testcase>
        <testcase classname="src/main/services/group-project-lifecycle.test.ts" name="GroupProjectLifecycle &gt; posts leave event when agent unbinds from group project" time="0.10140513">
        </testcase>
        <testcase classname="src/main/services/group-project-lifecycle.test.ts" name="GroupProjectLifecycle &gt; is idempotent — does not double-post on repeated calls" time="0.052397508">
        </testcase>
        <testcase classname="src/main/services/group-project-lifecycle.test.ts" name="GroupProjectLifecycle &gt; does not inject welcome message into agent PTY on join" time="0.250766152">
        </testcase>
        <testcase classname="src/main/services/group-project-lifecycle.test.ts" name="GroupProjectLifecycle &gt; injects polling instruction on join when polling is enabled" time="0.801262966">
        </testcase>
        <testcase classname="src/main/services/group-project-lifecycle.test.ts" name="GroupProjectLifecycle &gt; uses orchestrator-specific paste timing for PTY injection" time="1.500584193">
        </testcase>
        <testcase classname="src/main/services/group-project-lifecycle.test.ts" name="GroupProjectLifecycle &gt; includes project name in join bulletin message when project exists" time="0.251129633">
        </testcase>
        <testcase classname="src/main/services/group-project-lifecycle.test.ts" name="GroupProjectLifecycle &gt; includes project name in polling start message" time="0.800375835">
        </testcase>
        <testcase classname="src/main/services/group-project-lifecycle.test.ts" name="GroupProjectLifecycle &gt; sends Claude Code-specific polling instruction with /loop" time="0.801102165">
        </testcase>
        <testcase classname="src/main/services/group-project-lifecycle.test.ts" name="GroupProjectLifecycle &gt; sends generic polling instruction for non-claude orchestrators" time="0.800655202">
        </testcase>
        <testcase classname="src/main/services/group-project-lifecycle.test.ts" name="GroupProjectLifecycle &gt; does not inject polling instruction when polling is disabled" time="0.800984454">
        </testcase>
        <testcase classname="src/main/services/group-project-lifecycle.test.ts" name="GroupProjectLifecycle &gt; suppresses spurious rejoin when agent is not running" time="0.151776663">
        </testcase>
        <testcase classname="src/main/services/group-project-lifecycle.test.ts" name="GroupProjectLifecycle &gt; allows rejoin when agent is verified running" time="0.150692941">
        </testcase>
        <testcase classname="src/main/services/group-project-lifecycle.test.ts" name="GroupProjectLifecycle &gt; allows rejoin when agent has a registered runtime (headless)" time="0.15202709">
        </testcase>
        <testcase classname="src/main/services/group-project-lifecycle.test.ts" name="GroupProjectLifecycle &gt; allows rejoin after debounce window expires" time="0.150838027">
        </testcase>
        <testcase classname="src/main/services/group-project-lifecycle.test.ts" name="GroupProjectLifecycle &gt; records leave timestamp for debouncing" time="0.100221884">
        </testcase>
    </testsuite>
    <testsuite name="src/main/services/group-project-registry.test.ts" timestamp="2026-03-25T04:47:29.562Z" hostname="runnervm46oaq" tests="13" failures="0" errors="0" skipped="0" time="0.017401534">
        <testcase classname="src/main/services/group-project-registry.test.ts" name="GroupProjectRegistry &gt; creates a project with expected shape" time="0.003536833">
        </testcase>
        <testcase classname="src/main/services/group-project-registry.test.ts" name="GroupProjectRegistry &gt; lists created projects" time="0.00171125">
        </testcase>
        <testcase classname="src/main/services/group-project-registry.test.ts" name="GroupProjectRegistry &gt; gets a project by ID" time="0.000912568">
        </testcase>
        <testcase classname="src/main/services/group-project-registry.test.ts" name="GroupProjectRegistry &gt; returns null for unknown ID" time="0.000504131">
        </testcase>
        <testcase classname="src/main/services/group-project-registry.test.ts" name="GroupProjectRegistry &gt; updates a project name" time="0.00069332">
        </testcase>
        <testcase classname="src/main/services/group-project-registry.test.ts" name="GroupProjectRegistry &gt; updates metadata (merges)" time="0.000595888">
        </testcase>
        <testcase classname="src/main/services/group-project-registry.test.ts" name="GroupProjectRegistry &gt; returns null when updating unknown ID" time="0.000455057">
        </testcase>
        <testcase classname="src/main/services/group-project-registry.test.ts" name="GroupProjectRegistry &gt; deletes a project" time="0.000657463">
        </testcase>
        <testcase classname="src/main/services/group-project-registry.test.ts" name="GroupProjectRegistry &gt; returns false when deleting unknown ID" time="0.000780572">
        </testcase>
        <testcase classname="src/main/services/group-project-registry.test.ts" name="GroupProjectRegistry &gt; notifies onChange listeners" time="0.000848999">
        </testcase>
        <testcase classname="src/main/services/group-project-registry.test.ts" name="GroupProjectRegistry &gt; updates description and instructions" time="0.000612489">
        </testcase>
        <testcase classname="src/main/services/group-project-registry.test.ts" name="GroupProjectRegistry &gt; normalizes old entries missing description/instructions on load" time="0.000914942">
        </testcase>
        <testcase classname="src/main/services/group-project-registry.test.ts" name="GroupProjectRegistry &gt; flushes to disk" time="0.0009515">
        </testcase>
    </testsuite>
    <testsuite name="src/main/services/group-project-shoulder-tap.test.ts" timestamp="2026-03-25T04:47:29.565Z" hostname="runnervm46oaq" tests="5" failures="0" errors="0" skipped="0" time="0.465515545">
        <testcase classname="src/main/services/group-project-shoulder-tap.test.ts" name="executeShoulderTap &gt; delivers PTY tap with bracketed paste and submit" time="0.25790509">
        </testcase>
        <testcase classname="src/main/services/group-project-shoulder-tap.test.ts" name="executeShoulderTap &gt; delivers to structured agents" time="0.002196295">
        </testcase>
        <testcase classname="src/main/services/group-project-shoulder-tap.test.ts" name="executeShoulderTap &gt; reports not-running when agent is not registered" time="0.00062483">
        </testcase>
        <testcase classname="src/main/services/group-project-shoulder-tap.test.ts" name="executeShoulderTap &gt; broadcasts to all members (excluding sender)" time="0.100808556">
        </testcase>
        <testcase classname="src/main/services/group-project-shoulder-tap.test.ts" name="executeShoulderTap &gt; records tap to shoulder-tap bulletin topic" time="0.102065581">
        </testcase>
    </testsuite>
    <testsuite name="src/main/services/headless-fallback.test.ts" timestamp="2026-03-25T04:47:29.566Z" hostname="runnervm46oaq" tests="4" failures="0" errors="0" skipped="0" time="0.014276642">
        <testcase classname="src/main/services/headless-fallback.test.ts" name="Headless fallback behavior &gt; falls back to PTY when provider has no buildHeadlessCommand (Copilot)" time="0.007822726">
        </testcase>
        <testcase classname="src/main/services/headless-fallback.test.ts" name="Headless fallback behavior &gt; falls back to PTY when headless disabled + Claude Code" time="0.001059221">
        </testcase>
        <testcase classname="src/main/services/headless-fallback.test.ts" name="Headless fallback behavior &gt; falls back to PTY when buildHeadlessCommand returns null" time="0.001291933">
        </testcase>
        <testcase classname="src/main/services/headless-fallback.test.ts" name="Headless fallback behavior &gt; falls back to PTY for durable agents even with headless enabled" time="0.001334473">
        </testcase>
    </testsuite>
    <testsuite name="src/main/services/headless-integration.test.ts" timestamp="2026-03-25T04:47:29.568Z" hostname="runnervm46oaq" tests="20" failures="0" errors="0" skipped="0" time="0.02141974">
        <testcase classname="src/main/services/headless-integration.test.ts" name="Headless integration &gt; headless spawn routing &gt; uses PTY when headless is disabled" time="0.004646234">
        </testcase>
        <testcase classname="src/main/services/headless-integration.test.ts" name="Headless integration &gt; headless spawn routing &gt; uses headless when enabled and kind is quick" time="0.000662673">
        </testcase>
        <testcase classname="src/main/services/headless-integration.test.ts" name="Headless integration &gt; headless spawn routing &gt; uses PTY for durable agents even when headless is enabled" time="0.001186367">
        </testcase>
        <testcase classname="src/main/services/headless-integration.test.ts" name="Headless integration &gt; headless spawn routing &gt; falls back to PTY when buildHeadlessCommand returns null" time="0.000551706">
        </testcase>
        <testcase classname="src/main/services/headless-integration.test.ts" name="Headless integration &gt; headless spawn routing &gt; passes correct args to headless spawn" time="0.001802493">
        </testcase>
        <testcase classname="src/main/services/headless-integration.test.ts" name="Headless integration &gt; headless spawn routing &gt; headless agents skip hook server setup" time="0.000475365">
        </testcase>
        <testcase classname="src/main/services/headless-integration.test.ts" name="Headless integration &gt; headless spawn routing &gt; headless provider receives correct opts" time="0.001686057">
        </testcase>
        <testcase classname="src/main/services/headless-integration.test.ts" name="Headless integration &gt; headless agent tracking &gt; isHeadlessAgent returns true for headless agents" time="0.00058084">
        </testcase>
        <testcase classname="src/main/services/headless-integration.test.ts" name="Headless integration &gt; headless agent tracking &gt; isHeadlessAgent returns false for PTY agents" time="0.000955838">
        </testcase>
        <testcase classname="src/main/services/headless-integration.test.ts" name="Headless integration &gt; per-project spawn mode routing &gt; getSpawnMode is called with projectPath" time="0.000628669">
        </testcase>
        <testcase classname="src/main/services/headless-integration.test.ts" name="Headless integration &gt; per-project spawn mode routing &gt; project set to headless spawns headless even if global is interactive" time="0.000471136">
        </testcase>
        <testcase classname="src/main/services/headless-integration.test.ts" name="Headless integration &gt; per-project spawn mode routing &gt; project set to interactive spawns PTY even if global is headless" time="0.000486305">
        </testcase>
        <testcase classname="src/main/services/headless-integration.test.ts" name="Headless integration &gt; outputKind passthrough &gt; passes stream-json outputKind to headless manager" time="0.000621616">
        </testcase>
        <testcase classname="src/main/services/headless-integration.test.ts" name="Headless integration &gt; outputKind passthrough &gt; passes text outputKind to headless manager" time="0.000533223">
        </testcase>
        <testcase classname="src/main/services/headless-integration.test.ts" name="Headless integration &gt; outputKind passthrough &gt; defaults to stream-json when provider does not set outputKind" time="0.001371752">
            <system-err>
[log-service] Failed to write log entries: [vitest] No &quot;appendFile&quot; export is defined on the &quot;fs/promises&quot; mock. Did you forget to return it from &quot;vi.mock&quot;?
If you need to partially mock a module, you can use &quot;importOriginal&quot; helper inside:


            </system-err>
        </testcase>
        <testcase classname="src/main/services/headless-integration.test.ts" name="Headless integration &gt; does not pass outputFormat or permissionMode to provider &gt; omits outputFormat and permissionMode from headless opts" time="0.000524896">
        </testcase>
        <testcase classname="src/main/services/headless-integration.test.ts" name="Headless integration &gt; killAgent routing &gt; kills headless agents via headless manager" time="0.000594847">
        </testcase>
        <testcase classname="src/main/services/headless-integration.test.ts" name="Headless integration &gt; killAgent routing &gt; kills PTY agents via pty manager" time="0.000551376">
        </testcase>
        <testcase classname="src/main/services/headless-integration.test.ts" name="Headless integration &gt; config pipeline integration (headless) &gt; headless spawn does NOT call snapshotFile (no hooks for headless)" time="0.000358707">
        </testcase>
        <testcase classname="src/main/services/headless-integration.test.ts" name="Headless integration &gt; config pipeline integration (headless) &gt; headless spawn passes onExit callback that calls restoreForAgent" time="0.000602962">
        </testcase>
    </testsuite>
    <testsuite name="src/main/services/headless-manager.test.ts" timestamp="2026-03-25T04:47:29.571Z" hostname="runnervm46oaq" tests="101" failures="0" errors="0" skipped="0" time="0.141385115">
        <testcase classname="src/main/services/headless-manager.test.ts" name="headless-manager &gt; stream-json mode &gt; creates session and tracks agent as headless" time="0.006192072">
        </testcase>
        <testcase classname="src/main/services/headless-manager.test.ts" name="headless-manager &gt; stream-json mode &gt; closes stdin immediately after spawn" time="0.001426605">
        </testcase>
        <testcase classname="src/main/services/headless-manager.test.ts" name="headless-manager &gt; stream-json mode &gt; parses JSONL from stdout and persists to transcript" time="0.003562429">
        </testcase>
        <testcase classname="src/main/services/headless-manager.test.ts" name="headless-manager &gt; stream-json mode &gt; emits pre_tool hook events for tool_use in assistant messages" time="0.002307573">
        </testcase>
        <testcase classname="src/main/services/headless-manager.test.ts" name="headless-manager &gt; stream-json mode &gt; emits stop hook event for result events" time="0.001272949">
        </testcase>
        <testcase classname="src/main/services/headless-manager.test.ts" name="headless-manager &gt; stream-json mode &gt; emits PTY.EXIT on process close and cleans up session" time="0.001090418">
        </testcase>
        <testcase classname="src/main/services/headless-manager.test.ts" name="headless-manager &gt; stream-json mode &gt; flushes parser on close to capture final incomplete line" time="0.001043091">
        </testcase>
        <testcase classname="src/main/services/headless-manager.test.ts" name="headless-manager &gt; stream-json mode &gt; does NOT emit text-mode notification for stream-json" time="0.001275133">
        </testcase>
        <testcase classname="src/main/services/headless-manager.test.ts" name="headless-manager &gt; stream-json mode &gt; forwards stderr as notification events" time="0.002071795">
        </testcase>
        <testcase classname="src/main/services/headless-manager.test.ts" name="headless-manager &gt; stream-json mode &gt; handles multiple events in a single chunk" time="0.001077986">
        </testcase>
        <testcase classname="src/main/services/headless-manager.test.ts" name="headless-manager &gt; stream-json mode &gt; emits post_tool for tool_result in user messages" time="0.001146223">
        </testcase>
        <testcase classname="src/main/services/headless-manager.test.ts" name="headless-manager &gt; text mode &gt; creates session and tracks agent as headless" time="0.000660889">
        </testcase>
        <testcase classname="src/main/services/headless-manager.test.ts" name="headless-manager &gt; text mode &gt; emits initial notification for text mode" time="0.000899534">
        </testcase>
        <testcase classname="src/main/services/headless-manager.test.ts" name="headless-manager &gt; text mode &gt; buffers stdout instead of parsing as JSONL" time="0.000944007">
        </testcase>
        <testcase classname="src/main/services/headless-manager.test.ts" name="headless-manager &gt; text mode &gt; does not crash on non-JSON stdout in text mode" time="0.001382182">
        </testcase>
        <testcase classname="src/main/services/headless-manager.test.ts" name="headless-manager &gt; text mode &gt; synthesizes result event on close from buffered text" time="0.000756538">
        </testcase>
        <testcase classname="src/main/services/headless-manager.test.ts" name="headless-manager &gt; text mode &gt; emits stop hook event on close with truncated message" time="0.001012173">
        </testcase>
        <testcase classname="src/main/services/headless-manager.test.ts" name="headless-manager &gt; text mode &gt; truncates stop message to 500 chars for large text output" time="0.000901868">
        </testcase>
        <testcase classname="src/main/services/headless-manager.test.ts" name="headless-manager &gt; text mode &gt; does not synthesize result when text buffer is empty" time="0.000823552">
        </testcase>
        <testcase classname="src/main/services/headless-manager.test.ts" name="headless-manager &gt; text mode &gt; emits PTY.EXIT on close just like stream-json mode" time="0.002574752">
        </testcase>
        <testcase classname="src/main/services/headless-manager.test.ts" name="headless-manager &gt; text mode &gt; cleans up session on close" time="0.000696476">
        </testcase>
        <testcase classname="src/main/services/headless-manager.test.ts" name="headless-manager &gt; text mode &gt; closes log stream on close" time="0.000556686">
        </testcase>
        <testcase classname="src/main/services/headless-manager.test.ts" name="headless-manager &gt; text mode &gt; still forwards stderr as notification in text mode" time="0.000923329">
        </testcase>
        <testcase classname="src/main/services/headless-manager.test.ts" name="headless-manager &gt; text mode &gt; handles non-zero exit code" time="0.000519817">
        </testcase>
        <testcase classname="src/main/services/headless-manager.test.ts" name="headless-manager &gt; outputKind default &gt; defaults to stream-json when outputKind not specified" time="0.001083847">
        </testcase>
        <testcase classname="src/main/services/headless-manager.test.ts" name="headless-manager &gt; session lifecycle &gt; kills existing session before spawning new one with same agentId" time="0.001093143">
        </testcase>
        <testcase classname="src/main/services/headless-manager.test.ts" name="headless-manager &gt; session lifecycle &gt; kill() sends SIGTERM to process" time="0.00082211">
        </testcase>
        <testcase classname="src/main/services/headless-manager.test.ts" name="headless-manager &gt; session lifecycle &gt; kill() is a no-op for unknown agentId" time="0.000758902">
        </testcase>
        <testcase classname="src/main/services/headless-manager.test.ts" name="headless-manager &gt; session lifecycle &gt; handles process error event" time="0.000942053">
        </testcase>
        <testcase classname="src/main/services/headless-manager.test.ts" name="headless-manager &gt; session lifecycle &gt; error handler calls onExit callback" time="0.000762859">
        </testcase>
        <testcase classname="src/main/services/headless-manager.test.ts" name="headless-manager &gt; session lifecycle &gt; does not double-cleanup when both error and close fire" time="0.000782917">
        </testcase>
        <testcase classname="src/main/services/headless-manager.test.ts" name="headless-manager &gt; session lifecycle &gt; does not double-cleanup when close fires before error" time="0.002211084">
        </testcase>
        <testcase classname="src/main/services/headless-manager.test.ts" name="headless-manager &gt; readTranscript &gt; returns null for unknown agent" time="0.000812923">
        </testcase>
        <testcase classname="src/main/services/headless-manager.test.ts" name="headless-manager &gt; readTranscript &gt; returns in-memory transcript for active session" time="0.000984392">
        </testcase>
        <testcase classname="src/main/services/headless-manager.test.ts" name="headless-manager &gt; readTranscript &gt; returns in-memory transcript for text mode active session" time="0.000715371">
        </testcase>
        <testcase classname="src/main/services/headless-manager.test.ts" name="headless-manager &gt; readTranscript &gt; uses pre-cached serialized lines instead of re-serializing (#637)" time="0.001452473">
        </testcase>
        <testcase classname="src/main/services/headless-manager.test.ts" name="headless-manager &gt; environment &gt; passes extra env vars and removes CLAUDECODE/CLAUDE_CODE_ENTRYPOINT" time="0.001034045">
        </testcase>
        <testcase classname="src/main/services/headless-manager.test.ts" name="headless-manager &gt; Windows spawn options &gt; uses cmd.exe with windowsVerbatimArguments on Windows" time="0.000769542">
        </testcase>
        <testcase classname="src/main/services/headless-manager.test.ts" name="headless-manager &gt; Windows spawn options &gt; non-Windows platforms spawn binary directly without shell" time="0.000934058">
        </testcase>
        <testcase classname="src/main/services/headless-manager.test.ts" name="headless-manager &gt; Windows spawn options &gt; properly quotes arguments with spaces in Windows command line" time="0.000546878">
        </testcase>
        <testcase classname="src/main/services/headless-manager.test.ts" name="headless-manager &gt; annex event bus bridge &gt; emits hook events to annex event bus for stream-json tool_use" time="0.000963663">
        </testcase>
        <testcase classname="src/main/services/headless-manager.test.ts" name="headless-manager &gt; annex event bus bridge &gt; emits hook events to annex event bus for result/stop" time="0.000901637">
        </testcase>
        <testcase classname="src/main/services/headless-manager.test.ts" name="headless-manager &gt; annex event bus bridge &gt; emits hook events to annex event bus for post_tool (user tool_result)" time="0.001049593">
        </testcase>
        <testcase classname="src/main/services/headless-manager.test.ts" name="headless-manager &gt; annex event bus bridge &gt; emits text-mode initial notification to annex event bus" time="0.000967611">
        </testcase>
        <testcase classname="src/main/services/headless-manager.test.ts" name="headless-manager &gt; annex event bus bridge &gt; emits stderr notification to annex event bus" time="0.000966679">
        </testcase>
        <testcase classname="src/main/services/headless-manager.test.ts" name="headless-manager &gt; annex event bus bridge &gt; emits text-mode stop event to annex event bus on close" time="0.000804597">
        </testcase>
        <testcase classname="src/main/services/headless-manager.test.ts" name="headless-manager &gt; annex event bus bridge &gt; emits emitPtyExit to annex event bus on normal close" time="0.000783318">
        </testcase>
        <testcase classname="src/main/services/headless-manager.test.ts" name="headless-manager &gt; annex event bus bridge &gt; emits emitPtyExit to annex event bus on non-zero close" time="0.002562455">
        </testcase>
        <testcase classname="src/main/services/headless-manager.test.ts" name="headless-manager &gt; annex event bus bridge &gt; emits emitPtyExit to annex event bus on process error" time="0.000880899">
        </testcase>
        <testcase classname="src/main/services/headless-manager.test.ts" name="headless-manager &gt; annex event bus bridge &gt; emits emitPtyExit only once when both error and close fire" time="0.000663865">
        </testcase>
        <testcase classname="src/main/services/headless-manager.test.ts" name="headless-manager &gt; transcript memory cap &gt; tracks transcriptBytes as events are pushed" time="0.000868496">
        </testcase>
        <testcase classname="src/main/services/headless-manager.test.ts" name="headless-manager &gt; transcript memory cap &gt; evicts old events when transcript exceeds cap" time="0.00141892">
        </testcase>
        <testcase classname="src/main/services/headless-manager.test.ts" name="headless-manager &gt; transcript memory cap &gt; keeps most recent events after eviction" time="0.000880008">
        </testcase>
        <testcase classname="src/main/services/headless-manager.test.ts" name="headless-manager &gt; transcript memory cap &gt; logs warning on first eviction" time="0.001049072">
        </testcase>
        <testcase classname="src/main/services/headless-manager.test.ts" name="headless-manager &gt; transcript memory cap &gt; readTranscript falls back to disk when transcript is evicted" time="0.000855231">
        </testcase>
        <testcase classname="src/main/services/headless-manager.test.ts" name="headless-manager &gt; transcript memory cap &gt; does not evict when under the cap" time="0.000800559">
        </testcase>
        <testcase classname="src/main/services/headless-manager.test.ts" name="headless-manager &gt; transcript memory cap &gt; setMaxTranscriptBytes changes the cap" time="0.000882773">
        </testcase>
        <testcase classname="src/main/services/headless-manager.test.ts" name="headless-manager &gt; stderr memory cap &gt; retains recent stderr output when the buffer exceeds the cap" time="0.00097813">
        </testcase>
        <testcase classname="src/main/services/headless-manager.test.ts" name="headless-manager &gt; stderr memory cap &gt; setMaxStderrBytes changes the retention cap" time="0.000696075">
        </testcase>
        <testcase classname="src/main/services/headless-manager.test.ts" name="headless-manager &gt; getTranscriptInfo &gt; returns null for unknown agent with no transcript on disk" time="0.000657703">
        </testcase>
        <testcase classname="src/main/services/headless-manager.test.ts" name="headless-manager &gt; getTranscriptInfo &gt; returns in-memory info for active session" time="0.002199363">
        </testcase>
        <testcase classname="src/main/services/headless-manager.test.ts" name="headless-manager &gt; getTranscriptInfo &gt; returns disk info for completed session" time="0.002776567">
        </testcase>
        <testcase classname="src/main/services/headless-manager.test.ts" name="headless-manager &gt; getTranscriptInfo &gt; uses running counters when session has evicted events (no disk I/O)" time="0.001005734">
        </testcase>
        <testcase classname="src/main/services/headless-manager.test.ts" name="headless-manager &gt; readTranscriptPage &gt; returns null for unknown agent with no transcript on disk" time="0.009552615">
        </testcase>
        <testcase classname="src/main/services/headless-manager.test.ts" name="headless-manager &gt; readTranscriptPage &gt; returns sliced events from in-memory session" time="0.005984376">
        </testcase>
        <testcase classname="src/main/services/headless-manager.test.ts" name="headless-manager &gt; readTranscriptPage &gt; returns empty events when offset exceeds total" time="0.000974694">
        </testcase>
        <testcase classname="src/main/services/headless-manager.test.ts" name="headless-manager &gt; readTranscriptPage &gt; reads page from disk for completed session" time="0.004570395">
        </testcase>
        <testcase classname="src/main/services/headless-manager.test.ts" name="headless-manager &gt; readTranscriptPage &gt; clamps page to available events" time="0.001431473">
        </testcase>
        <testcase classname="src/main/services/headless-manager.test.ts" name="headless-manager &gt; readTranscriptPage &gt; falls back to disk when session has evicted events" time="0.004746743">
        </testcase>
        <testcase classname="src/main/services/headless-manager.test.ts" name="headless-manager &gt; readTranscriptPage &gt; only parses lines within the requested page window" time="0.001778048">
        </testcase>
        <testcase classname="src/main/services/headless-manager.test.ts" name="headless-manager &gt; readTranscriptPage &gt; skips malformed JSON lines gracefully" time="0.001528003">
        </testcase>
        <testcase classname="src/main/services/headless-manager.test.ts" name="headless-manager &gt; kill() — process identity guard &gt; does not delete replacement session when old kill timer fires" time="0.001554272">
        </testcase>
        <testcase classname="src/main/services/headless-manager.test.ts" name="headless-manager &gt; kill() — process identity guard &gt; force-kills the correct process when timer fires on same session" time="0.001136164">
        </testcase>
        <testcase classname="src/main/services/headless-manager.test.ts" name="headless-manager &gt; kill() — process identity guard &gt; clears kill timer when process exits via close event" time="0.000919431">
        </testcase>
        <testcase classname="src/main/services/headless-manager.test.ts" name="headless-manager &gt; kill() — process identity guard &gt; double kill() clears the first timer" time="0.000956049">
        </testcase>
        <testcase classname="src/main/services/headless-manager.test.ts" name="headless-manager &gt; close/error handler — session replacement guard &gt; old process close handler does not delete replacement session" time="0.001120145">
        </testcase>
        <testcase classname="src/main/services/headless-manager.test.ts" name="headless-manager &gt; close/error handler — session replacement guard &gt; old process close handler does not broadcast PTY.EXIT for replaced session" time="0.001149138">
        </testcase>
        <testcase classname="src/main/services/headless-manager.test.ts" name="headless-manager &gt; close/error handler — session replacement guard &gt; old process close handler does not call onExit for replaced session" time="0.001115135">
        </testcase>
        <testcase classname="src/main/services/headless-manager.test.ts" name="headless-manager &gt; close/error handler — session replacement guard &gt; old process error handler does not delete replacement session" time="0.001127608">
        </testcase>
        <testcase classname="src/main/services/headless-manager.test.ts" name="headless-manager &gt; close/error handler — session replacement guard &gt; current session close handler still cleans up normally" time="0.001011602">
        </testcase>
        <testcase classname="src/main/services/headless-manager.test.ts" name="headless-manager &gt; stale session sweep &gt; startStaleSweep and stopStaleSweep are idempotent" time="0.000859119">
        </testcase>
        <testcase classname="src/main/services/headless-manager.test.ts" name="headless-manager &gt; stale session sweep &gt; sweep cleans up sessions whose processes have exited without close event" time="0.001076714">
        </testcase>
        <testcase classname="src/main/services/headless-manager.test.ts" name="headless-manager &gt; stale session sweep &gt; sweep does not remove sessions with live processes" time="0.001022051">
        </testcase>
        <testcase classname="src/main/services/headless-manager.test.ts" name="headless-manager &gt; stale session sweep &gt; sweep invokes onExit callback so registry is cleaned up (#566)" time="0.00118728">
        </testcase>
        <testcase classname="src/main/services/headless-manager.test.ts" name="headless-manager &gt; command prefix &gt; wraps spawn via shell with prefix on Unix" time="0.001294338">
        </testcase>
        <testcase classname="src/main/services/headless-manager.test.ts" name="headless-manager &gt; command prefix &gt; prepends prefix in cmd.exe command line on Windows" time="0.00069296">
        </testcase>
        <testcase classname="src/main/services/headless-manager.test.ts" name="headless-manager &gt; command prefix &gt; spawns directly when no prefix is set" time="0.000944808">
        </testcase>
        <testcase classname="src/main/services/headless-manager.test.ts" name="headless-manager _internal helpers &gt; prepareSpawnEnv &gt; merges shell environment with extra env and cleans the result" time="0.001449467">
        </testcase>
        <testcase classname="src/main/services/headless-manager.test.ts" name="headless-manager _internal helpers &gt; prepareSpawnEnv &gt; works without extra env" time="0.000637797">
        </testcase>
        <testcase classname="src/main/services/headless-manager.test.ts" name="headless-manager _internal helpers &gt; spawnProcess &gt; spawns directly when no commandPrefix on non-Windows" time="0.003964682">
        </testcase>
        <testcase classname="src/main/services/headless-manager.test.ts" name="headless-manager _internal helpers &gt; spawnProcess &gt; spawns via shell with commandPrefix on non-Windows" time="0.00072501">
        </testcase>
        <testcase classname="src/main/services/headless-manager.test.ts" name="headless-manager _internal helpers &gt; spawnProcess &gt; returns the spawned ChildProcess" time="0.000474152">
        </testcase>
        <testcase classname="src/main/services/headless-manager.test.ts" name="headless-manager _internal helpers &gt; createSessionRecord &gt; creates a session with stream-json parser" time="0.000884105">
        </testcase>
        <testcase classname="src/main/services/headless-manager.test.ts" name="headless-manager _internal helpers &gt; createSessionRecord &gt; creates a session without parser for text mode" time="0.000565974">
        </testcase>
        <testcase classname="src/main/services/headless-manager.test.ts" name="headless-manager _internal helpers &gt; appendTranscriptEvent &gt; appends event to session arrays and writes to log stream" time="0.000766897">
        </testcase>
        <testcase classname="src/main/services/headless-manager.test.ts" name="headless-manager _internal helpers &gt; appendTranscriptEvent &gt; accumulates bytes across multiple events" time="0.000632868">
        </testcase>
        <testcase classname="src/main/services/headless-manager.test.ts" name="headless-manager _internal helpers &gt; emitTextModeNotification &gt; broadcasts notification for text output mode" time="0.000825596">
        </testcase>
        <testcase classname="src/main/services/headless-manager.test.ts" name="headless-manager _internal helpers &gt; emitTextModeNotification &gt; does nothing for stream-json mode" time="0.000732002">
        </testcase>
        <testcase classname="src/main/services/headless-manager.test.ts" name="headless-manager _internal helpers &gt; setupTranscriptPipeline &gt; wires parser line events to transcript and log stream" time="0.000609104">
        </testcase>
        <testcase classname="src/main/services/headless-manager.test.ts" name="headless-manager _internal helpers &gt; setupTranscriptPipeline &gt; emits hook events for tool_use blocks" time="0.00053769">
        </testcase>
        <testcase classname="src/main/services/headless-manager.test.ts" name="headless-manager _internal helpers &gt; setupTranscriptPipeline &gt; does nothing when session has no parser (text mode)" time="0.000453985">
        </testcase>
    </testsuite>
    <testsuite name="src/main/services/headless-settings.test.ts" timestamp="2026-03-25T04:47:29.586Z" hostname="runnervm46oaq" tests="22" failures="0" errors="0" skipped="0" time="0.013202634">
        <testcase classname="src/main/services/headless-settings.test.ts" name="headless-settings &gt; getSpawnMode &gt; returns interactive when global disabled and no project override" time="0.002222403">
        </testcase>
        <testcase classname="src/main/services/headless-settings.test.ts" name="headless-settings &gt; getSpawnMode &gt; returns headless when global enabled and no project override" time="0.000433053">
        </testcase>
        <testcase classname="src/main/services/headless-settings.test.ts" name="headless-settings &gt; getSpawnMode &gt; returns project override when present, regardless of global" time="0.000251427">
        </testcase>
        <testcase classname="src/main/services/headless-settings.test.ts" name="headless-settings &gt; getSpawnMode &gt; project override interactive overrides global enabled" time="0.000377581">
        </testcase>
        <testcase classname="src/main/services/headless-settings.test.ts" name="headless-settings &gt; getSpawnMode &gt; falls back to global when project has no override" time="0.000368584">
        </testcase>
        <testcase classname="src/main/services/headless-settings.test.ts" name="headless-settings &gt; getSpawnMode &gt; handles undefined projectPath by using global default" time="0.000248712">
        </testcase>
        <testcase classname="src/main/services/headless-settings.test.ts" name="headless-settings &gt; getSpawnMode &gt; handles old-format settings (no projectOverrides) gracefully" time="0.000263308">
        </testcase>
        <testcase classname="src/main/services/headless-settings.test.ts" name="headless-settings &gt; getSpawnMode &gt; handles empty projectOverrides object" time="0.000298654">
        </testcase>
        <testcase classname="src/main/services/headless-settings.test.ts" name="headless-settings &gt; getSpawnMode &gt; returns headless when settings file does not exist (default)" time="0.000633345">
        </testcase>
        <testcase classname="src/main/services/headless-settings.test.ts" name="headless-settings &gt; getSpawnMode &gt; handles multiple project overrides independently" time="0.000407607">
        </testcase>
        <testcase classname="src/main/services/headless-settings.test.ts" name="headless-settings &gt; getSpawnMode &gt; returns defaultMode when set" time="0.000243201">
        </testcase>
        <testcase classname="src/main/services/headless-settings.test.ts" name="headless-settings &gt; getSpawnMode &gt; defaultMode takes precedence over legacy enabled" time="0.000169365">
        </testcase>
        <testcase classname="src/main/services/headless-settings.test.ts" name="headless-settings &gt; getSpawnMode &gt; project override structured overrides global headless" time="0.000164365">
        </testcase>
        <testcase classname="src/main/services/headless-settings.test.ts" name="headless-settings &gt; getSpawnMode &gt; handles mixed modes across projects" time="0.000245225">
        </testcase>
        <testcase classname="src/main/services/headless-settings.test.ts" name="headless-settings &gt; setProjectSpawnMode &gt; saves project override while preserving existing settings" time="0.000960602">
        </testcase>
        <testcase classname="src/main/services/headless-settings.test.ts" name="headless-settings &gt; setProjectSpawnMode &gt; overwrites existing override for same project" time="0.000212555">
        </testcase>
        <testcase classname="src/main/services/headless-settings.test.ts" name="headless-settings &gt; setProjectSpawnMode &gt; creates projectOverrides when old-format settings had none" time="0.000216091">
        </testcase>
        <testcase classname="src/main/services/headless-settings.test.ts" name="headless-settings &gt; getSettings backward compat &gt; loads old format with only enabled field" time="0.000234054">
        </testcase>
        <testcase classname="src/main/services/headless-settings.test.ts" name="headless-settings &gt; getSettings backward compat &gt; loads new format with projectOverrides" time="0.000223465">
        </testcase>
        <testcase classname="src/main/services/headless-settings.test.ts" name="headless-settings &gt; getSettings backward compat &gt; returns defaults when file does not exist" time="0.00019384">
        </testcase>
        <testcase classname="src/main/services/headless-settings.test.ts" name="headless-settings &gt; getSettings backward compat &gt; returns defaults when file contains invalid JSON" time="0.001005316">
            <system-err>
[settings-store] Failed to parse headless-settings.json, using defaults: Unexpected token &apos;o&apos;, &quot;not json&quot; is not valid JSON

            </system-err>
        </testcase>
        <testcase classname="src/main/services/headless-settings.test.ts" name="headless-settings &gt; saveSettings &gt; writes settings as JSON to correct path" time="0.001844913">
        </testcase>
    </testsuite>
    <testsuite name="src/main/services/hook-server.test.ts" timestamp="2026-03-25T04:47:29.589Z" hostname="runnervm46oaq" tests="34" failures="0" errors="0" skipped="0" time="0.982218998">
        <testcase classname="src/main/services/hook-server.test.ts" name="hook-server &gt; start/stop/getPort &gt; starts on a random port" time="0.007841682">
        </testcase>
        <testcase classname="src/main/services/hook-server.test.ts" name="hook-server &gt; start/stop/getPort &gt; waitReady resolves with port after start" time="0.001673364">
        </testcase>
        <testcase classname="src/main/services/hook-server.test.ts" name="hook-server &gt; start/stop/getPort &gt; resets port after stop" time="0.000484622">
        </testcase>
        <testcase classname="src/main/services/hook-server.test.ts" name="hook-server &gt; request routing &gt; returns 404 for non-POST requests" time="0.008482494">
        </testcase>
        <testcase classname="src/main/services/hook-server.test.ts" name="hook-server &gt; request routing &gt; returns 404 for non-hook paths" time="0.003093216">
        </testcase>
        <testcase classname="src/main/services/hook-server.test.ts" name="hook-server &gt; request routing &gt; returns 400 for empty agentId" time="0.001871121">
        </testcase>
        <testcase classname="src/main/services/hook-server.test.ts" name="hook-server &gt; request routing &gt; returns 200 for valid hook POST" time="0.002268652">
        </testcase>
        <testcase classname="src/main/services/hook-server.test.ts" name="hook-server &gt; event normalization with known agent &gt; normalizes event via provider and sends to renderer" time="0.055167034">
        </testcase>
        <testcase classname="src/main/services/hook-server.test.ts" name="hook-server &gt; event normalization with known agent &gt; resolves orchestrator with correct project path" time="0.052945964">
        </testcase>
        <testcase classname="src/main/services/hook-server.test.ts" name="hook-server &gt; event normalization with known agent &gt; injects event hint from URL path when hook_event_name is missing (GHCP format)" time="0.052877266">
        </testcase>
        <testcase classname="src/main/services/hook-server.test.ts" name="hook-server &gt; event normalization with known agent &gt; does not override existing hook_event_name with URL hint" time="0.05160596">
        </testcase>
        <testcase classname="src/main/services/hook-server.test.ts" name="hook-server &gt; event normalization with known agent &gt; uses fallback verb when provider returns undefined" time="0.052856309">
        </testcase>
        <testcase classname="src/main/services/hook-server.test.ts" name="hook-server &gt; event normalization with known agent &gt; rejects events with wrong nonce" time="0.051732957">
        </testcase>
        <testcase classname="src/main/services/hook-server.test.ts" name="hook-server &gt; event normalization with known agent &gt; rejects events with missing nonce" time="0.051952034">
        </testcase>
        <testcase classname="src/main/services/hook-server.test.ts" name="hook-server &gt; unknown agent events are discarded &gt; returns 200 but does not forward event to renderer" time="0.05128882">
        </testcase>
        <testcase classname="src/main/services/hook-server.test.ts" name="hook-server &gt; unknown agent events are discarded &gt; silently discards pre_tool events from untracked agents" time="0.05165416">
        </testcase>
        <testcase classname="src/main/services/hook-server.test.ts" name="hook-server &gt; body size limit &gt; returns 413 for requests exceeding 1MB" time="0.005313996">
        </testcase>
        <testcase classname="src/main/services/hook-server.test.ts" name="hook-server &gt; body size limit &gt; accepts requests under 1MB" time="0.001011304">
        </testcase>
        <testcase classname="src/main/services/hook-server.test.ts" name="hook-server &gt; error handling &gt; ignores malformed JSON without crashing" time="0.052028077">
        </testcase>
        <testcase classname="src/main/services/hook-server.test.ts" name="hook-server &gt; error handling &gt; handles no BrowserWindow gracefully" time="0.051480987">
        </testcase>
        <testcase classname="src/main/services/hook-server.test.ts" name="hook-server &gt; error handling &gt; handles parseHookEvent throwing an error" time="0.050975936">
        </testcase>
        <testcase classname="src/main/services/hook-server.test.ts" name="hook-server &gt; permission request handling &gt; holds response for permission_request until decision is resolved with allow" time="0.052827517">
        </testcase>
        <testcase classname="src/main/services/hook-server.test.ts" name="hook-server &gt; permission request handling &gt; returns deny decision when permission is denied" time="0.001427728">
        </testcase>
        <testcase classname="src/main/services/hook-server.test.ts" name="hook-server &gt; permission request handling &gt; returns &quot;ask&quot; fallback when permission times out" time="0.001379509">
        </testcase>
        <testcase classname="src/main/services/hook-server.test.ts" name="hook-server &gt; permission request handling &gt; uses &quot;unknown&quot; as tool name when normalized event has no toolName" time="0.001393385">
        </testcase>
        <testcase classname="src/main/services/hook-server.test.ts" name="hook-server &gt; permission request handling &gt; broadcasts permission_resolved after allow decision" time="0.001941536">
        </testcase>
        <testcase classname="src/main/services/hook-server.test.ts" name="hook-server &gt; permission request handling &gt; broadcasts permission_resolved after deny decision" time="0.001483062">
        </testcase>
        <testcase classname="src/main/services/hook-server.test.ts" name="hook-server &gt; permission request handling &gt; broadcasts permission_resolved with &quot;ask&quot; on timeout" time="0.00157862">
        </testcase>
        <testcase classname="src/main/services/hook-server.test.ts" name="hook-server &gt; permission request handling &gt; broadcasts hook event to renderer before holding for permission" time="0.001424994">
        </testcase>
        <testcase classname="src/main/services/hook-server.test.ts" name="hook-server &gt; permission request handling &gt; catches rejected decision promise without crashing" time="0.100750526">
        </testcase>
        <testcase classname="src/main/services/hook-server.test.ts" name="hook-server &gt; parseHookEvent returning null &gt; returns 200 but does not broadcast when parseHookEvent returns null" time="0.052027916">
        </testcase>
        <testcase classname="src/main/services/hook-server.test.ts" name="hook-server &gt; parseHookEvent returning null &gt; does not call toolVerb when parseHookEvent returns null" time="0.051871665">
        </testcase>
        <testcase classname="src/main/services/hook-server.test.ts" name="hook-server &gt; waitReady edge cases &gt; rejects when server has not been started" time="0.001660732">
        </testcase>
        <testcase classname="src/main/services/hook-server.test.ts" name="hook-server &gt; annex event bus integration &gt; emits hook event to annex event bus" time="0.051183393">
        </testcase>
    </testsuite>
    <testsuite name="src/main/services/jsonl-parser.test.ts" timestamp="2026-03-25T04:47:29.594Z" hostname="runnervm46oaq" tests="16" failures="0" errors="0" skipped="0" time="0.013627472">
        <testcase classname="src/main/services/jsonl-parser.test.ts" name="JsonlParser &gt; feed &gt; emits line event for complete JSON line" time="0.003348252">
        </testcase>
        <testcase classname="src/main/services/jsonl-parser.test.ts" name="JsonlParser &gt; feed &gt; buffers incomplete lines until newline arrives" time="0.000619048">
        </testcase>
        <testcase classname="src/main/services/jsonl-parser.test.ts" name="JsonlParser &gt; feed &gt; emits multiple line events for multiple complete lines" time="0.00075466">
        </testcase>
        <testcase classname="src/main/services/jsonl-parser.test.ts" name="JsonlParser &gt; feed &gt; skips empty lines" time="0.000411042">
        </testcase>
        <testcase classname="src/main/services/jsonl-parser.test.ts" name="JsonlParser &gt; feed &gt; skips malformed JSON lines silently" time="0.000469732">
        </testcase>
        <testcase classname="src/main/services/jsonl-parser.test.ts" name="JsonlParser &gt; feed &gt; handles all StreamJsonEvent fields" time="0.000405402">
        </testcase>
        <testcase classname="src/main/services/jsonl-parser.test.ts" name="JsonlParser &gt; flush &gt; parses remaining buffer content" time="0.000696131">
        </testcase>
        <testcase classname="src/main/services/jsonl-parser.test.ts" name="JsonlParser &gt; flush &gt; emits end event even when buffer is empty" time="0.000345902">
        </testcase>
        <testcase classname="src/main/services/jsonl-parser.test.ts" name="JsonlParser &gt; flush &gt; clears the buffer after flush" time="0.000644305">
        </testcase>
        <testcase classname="src/main/services/jsonl-parser.test.ts" name="JsonlParser &gt; flush &gt; skips malformed buffer content on flush" time="0.000347415">
        </testcase>
        <testcase classname="src/main/services/jsonl-parser.test.ts" name="JsonlParser &gt; chunked input simulation &gt; handles realistic streaming scenario" time="0.000801928">
        </testcase>
        <testcase classname="src/main/services/jsonl-parser.test.ts" name="JsonlParser &gt; chunked input simulation &gt; accumulates many small chunks without newlines then emits on newline" time="0.000461035">
        </testcase>
        <testcase classname="src/main/services/jsonl-parser.test.ts" name="JsonlParser &gt; chunked input simulation &gt; handles a large payload split across many chunks" time="0.00128271">
        </testcase>
        <testcase classname="src/main/services/jsonl-parser.test.ts" name="JsonlParser &gt; chunked input simulation &gt; handles rapid sequential feeds with mixed complete and partial lines" time="0.000488928">
        </testcase>
        <testcase classname="src/main/services/jsonl-parser.test.ts" name="JsonlParser &gt; chunked input simulation &gt; correctly handles newline at chunk boundary" time="0.000316898">
        </testcase>
        <testcase classname="src/main/services/jsonl-parser.test.ts" name="JsonlParser &gt; chunked input simulation &gt; flushes correctly after multiple no-newline chunks" time="0.000234996">
        </testcase>
    </testsuite>
    <testsuite name="src/main/services/log-service.test.ts" timestamp="2026-03-25T04:47:29.597Z" hostname="runnervm46oaq" tests="33" failures="0" errors="0" skipped="0" time="0.063916094">
        <testcase classname="src/main/services/log-service.test.ts" name="log-service &gt; init &gt; creates the log directory" time="0.008224105">
        </testcase>
        <testcase classname="src/main/services/log-service.test.ts" name="log-service &gt; init &gt; runs cleanup on startup (reads log dir)" time="0.001611301">
        </testcase>
        <testcase classname="src/main/services/log-service.test.ts" name="log-service &gt; getLogPath &gt; returns the log directory path" time="0.001010241">
        </testcase>
        <testcase classname="src/main/services/log-service.test.ts" name="log-service &gt; getNamespaces &gt; returns empty array initially" time="0.00079475">
        </testcase>
        <testcase classname="src/main/services/log-service.test.ts" name="log-service &gt; getNamespaces &gt; returns discovered namespaces after logging" time="0.001855976">
        </testcase>
        <testcase classname="src/main/services/log-service.test.ts" name="log-service &gt; getNamespaces &gt; returns namespaces in sorted order" time="0.001140935">
        </testcase>
        <testcase classname="src/main/services/log-service.test.ts" name="log-service &gt; log &gt; does not write when logging is disabled" time="0.001064933">
        </testcase>
        <testcase classname="src/main/services/log-service.test.ts" name="log-service &gt; log &gt; does not write when namespace is explicitly disabled" time="0.00079442">
        </testcase>
        <testcase classname="src/main/services/log-service.test.ts" name="log-service &gt; log &gt; writes when namespace is not in filter (default: all enabled)" time="0.001494753">
        </testcase>
        <testcase classname="src/main/services/log-service.test.ts" name="log-service &gt; log &gt; writes when namespace is explicitly enabled" time="0.000886021">
        </testcase>
        <testcase classname="src/main/services/log-service.test.ts" name="log-service &gt; log &gt; still records namespace even when disabled" time="0.000776306">
        </testcase>
        <testcase classname="src/main/services/log-service.test.ts" name="log-service &gt; log &gt; skips debug entries when minLogLevel is info" time="0.000658236">
        </testcase>
        <testcase classname="src/main/services/log-service.test.ts" name="log-service &gt; log &gt; passes warn entries when minLogLevel is info" time="0.00061711">
        </testcase>
        <testcase classname="src/main/services/log-service.test.ts" name="log-service &gt; log &gt; passes debug entries when minLogLevel is debug" time="0.000597934">
        </testcase>
        <testcase classname="src/main/services/log-service.test.ts" name="log-service &gt; log &gt; does not record namespace when logging globally disabled" time="0.000755638">
        </testcase>
        <testcase classname="src/main/services/log-service.test.ts" name="log-service &gt; flush &gt; writes buffered entries as JSON lines" time="0.001156654">
        </testcase>
        <testcase classname="src/main/services/log-service.test.ts" name="log-service &gt; flush &gt; is a no-op when buffer is empty" time="0.000626066">
        </testcase>
        <testcase classname="src/main/services/log-service.test.ts" name="log-service &gt; flush &gt; clears the buffer after writing" time="0.000644921">
        </testcase>
        <testcase classname="src/main/services/log-service.test.ts" name="log-service &gt; flush &gt; does not throw when appendFile fails" time="0.002883219">
            <system-err>
[log-service] Failed to write log entries: disk full

            </system-err>
        </testcase>
        <testcase classname="src/main/services/log-service.test.ts" name="log-service &gt; flush &gt; writes to a file with session- prefix" time="0.000742934">
        </testcase>
        <testcase classname="src/main/services/log-service.test.ts" name="log-service &gt; auto-flush &gt; flushes on timer interval" time="0.002786349">
        </testcase>
        <testcase classname="src/main/services/log-service.test.ts" name="log-service &gt; auto-flush &gt; auto-flushes when buffer reaches 50 entries" time="0.001570995">
        </testcase>
        <testcase classname="src/main/services/log-service.test.ts" name="log-service &gt; file rotation &gt; rotates to a new chunk when file exceeds 2 MB" time="0.016421591">
        </testcase>
        <testcase classname="src/main/services/log-service.test.ts" name="log-service &gt; cleanup &gt; deletes log files older than 7 days on init (medium tier)" time="0.003344779">
        </testcase>
        <testcase classname="src/main/services/log-service.test.ts" name="log-service &gt; cleanup &gt; deletes files older than 3 days with low retention" time="0.001538144">
        </testcase>
        <testcase classname="src/main/services/log-service.test.ts" name="log-service &gt; cleanup &gt; does not age-prune with unlimited retention" time="0.00070354">
        </testcase>
        <testcase classname="src/main/services/log-service.test.ts" name="log-service &gt; cleanup &gt; size-prunes oldest files when total exceeds cap" time="0.001372335">
        </testcase>
        <testcase classname="src/main/services/log-service.test.ts" name="log-service &gt; cleanup &gt; ignores errors during cleanup" time="0.000658937">
        </testcase>
        <testcase classname="src/main/services/log-service.test.ts" name="log-service &gt; appLog &gt; creates a properly structured log entry" time="0.000900366">
        </testcase>
        <testcase classname="src/main/services/log-service.test.ts" name="log-service &gt; appLog &gt; works without optional fields" time="0.00068737">
        </testcase>
        <testcase classname="src/main/services/log-service.test.ts" name="log-service &gt; appLog &gt; supports all log levels" time="0.000700354">
        </testcase>
        <testcase classname="src/main/services/log-service.test.ts" name="log-service &gt; JSON line format &gt; each entry is valid JSON" time="0.000527793">
        </testcase>
        <testcase classname="src/main/services/log-service.test.ts" name="log-service &gt; JSON line format &gt; each line is exactly one JSON object (no pretty-printing)" time="0.001043212">
        </testcase>
    </testsuite>
    <testsuite name="src/main/services/log-settings.test.ts" timestamp="2026-03-25T04:47:29.603Z" hostname="runnervm46oaq" tests="5" failures="0" errors="0" skipped="0" time="0.009946921">
        <testcase classname="src/main/services/log-settings.test.ts" name="log-settings &gt; getSettings &gt; returns defaults when no file exists" time="0.004179924">
        </testcase>
        <testcase classname="src/main/services/log-settings.test.ts" name="log-settings &gt; getSettings &gt; returns saved settings from file" time="0.000875388">
        </testcase>
        <testcase classname="src/main/services/log-settings.test.ts" name="log-settings &gt; getSettings &gt; returns defaults on corrupt JSON" time="0.000632957">
        </testcase>
        <testcase classname="src/main/services/log-settings.test.ts" name="log-settings &gt; getSettings &gt; merges partial settings with defaults" time="0.00081752">
        </testcase>
        <testcase classname="src/main/services/log-settings.test.ts" name="log-settings &gt; saveSettings &gt; writes JSON to the settings path" time="0.001047489">
        </testcase>
    </testsuite>
    <testsuite name="src/main/services/managed-settings.test.ts" timestamp="2026-03-25T04:47:29.604Z" hostname="runnervm46oaq" tests="17" failures="0" errors="0" skipped="0" time="0.012412238">
        <testcase classname="src/main/services/managed-settings.test.ts" name="managed-settings &gt; createManagedSettings &gt; returns getSettings, saveSettings, store, and register" time="0.0023285">
        </testcase>
        <testcase classname="src/main/services/managed-settings.test.ts" name="managed-settings &gt; createManagedSettings &gt; does NOT register IPC handlers at creation time" time="0.000584144">
        </testcase>
        <testcase classname="src/main/services/managed-settings.test.ts" name="managed-settings &gt; createManagedSettings &gt; registers get and save IPC handlers when register() is called" time="0.001041963">
        </testcase>
        <testcase classname="src/main/services/managed-settings.test.ts" name="managed-settings &gt; createManagedSettings &gt; register() is idempotent — only registers once" time="0.00033948">
        </testcase>
        <testcase classname="src/main/services/managed-settings.test.ts" name="managed-settings &gt; createManagedSettings &gt; get handler returns current settings" time="0.001072901">
        </testcase>
        <testcase classname="src/main/services/managed-settings.test.ts" name="managed-settings &gt; createManagedSettings &gt; get handler returns defaults when no file exists" time="0.000533971">
        </testcase>
        <testcase classname="src/main/services/managed-settings.test.ts" name="managed-settings &gt; createManagedSettings &gt; save handler persists settings" time="0.000769467">
        </testcase>
        <testcase classname="src/main/services/managed-settings.test.ts" name="managed-settings &gt; createManagedSettings &gt; getSettings reads from the correct file" time="0.000349188">
        </testcase>
        <testcase classname="src/main/services/managed-settings.test.ts" name="managed-settings &gt; createManagedSettings &gt; saveSettings persists to the correct file" time="0.000736607">
        </testcase>
        <testcase classname="src/main/services/managed-settings.test.ts" name="managed-settings &gt; onSave callback &gt; calls onSave after saving via IPC handler" time="0.000730886">
        </testcase>
        <testcase classname="src/main/services/managed-settings.test.ts" name="managed-settings &gt; onSave callback &gt; passes extra args to onSave" time="0.000426832">
        </testcase>
        <testcase classname="src/main/services/managed-settings.test.ts" name="managed-settings &gt; onSave callback &gt; does not call onSave when saving directly via saveSettings" time="0.000310617">
        </testcase>
        <testcase classname="src/main/services/managed-settings.test.ts" name="managed-settings &gt; defaultsOverride &gt; merges override with definition defaults" time="0.000235858">
        </testcase>
        <testcase classname="src/main/services/managed-settings.test.ts" name="managed-settings &gt; defaultsOverride &gt; override values take precedence over definition defaults" time="0.000229556">
        </testcase>
        <testcase classname="src/main/services/managed-settings.test.ts" name="managed-settings &gt; migrate option &gt; applies migration function when reading settings" time="0.00024261">
        </testcase>
        <testcase classname="src/main/services/managed-settings.test.ts" name="managed-settings &gt; store access &gt; exposes the underlying store for advanced operations" time="0.000235076">
        </testcase>
        <testcase classname="src/main/services/managed-settings.test.ts" name="managed-settings &gt; store access &gt; store.update works for read-modify-write" time="0.000298454">
        </testcase>
    </testsuite>
    <testsuite name="src/main/services/marketplace-service.test.ts" timestamp="2026-03-25T04:47:29.607Z" hostname="runnervm46oaq" tests="20" failures="0" errors="0" skipped="0" time="0.020726189">
        <testcase classname="src/main/services/marketplace-service.test.ts" name="marketplace-service &gt; fetchRegistry &gt; fetches registry and featured JSON" time="0.003859932">
        </testcase>
        <testcase classname="src/main/services/marketplace-service.test.ts" name="marketplace-service &gt; fetchRegistry &gt; throws on failed registry fetch" time="0.001482098">
        </testcase>
        <testcase classname="src/main/services/marketplace-service.test.ts" name="marketplace-service &gt; fetchRegistry &gt; passes AbortSignal.timeout to fetch calls" time="0.002110015">
        </testcase>
        <testcase classname="src/main/services/marketplace-service.test.ts" name="marketplace-service &gt; fetchRegistry &gt; returns null featured when featured.json fetch fails" time="0.000695033">
        </testcase>
        <testcase classname="src/main/services/marketplace-service.test.ts" name="marketplace-service &gt; fetchRegistry &gt; returns cached result within TTL" time="0.000805639">
        </testcase>
        <testcase classname="src/main/services/marketplace-service.test.ts" name="marketplace-service &gt; fetchCustomRegistry &gt; fetches a custom registry from URL" time="0.000645772">
        </testcase>
        <testcase classname="src/main/services/marketplace-service.test.ts" name="marketplace-service &gt; fetchCustomRegistry &gt; passes AbortSignal.timeout to custom registry fetch calls" time="0.000581021">
        </testcase>
        <testcase classname="src/main/services/marketplace-service.test.ts" name="marketplace-service &gt; fetchCustomRegistry &gt; throws on failed custom registry fetch" time="0.000377412">
        </testcase>
        <testcase classname="src/main/services/marketplace-service.test.ts" name="marketplace-service &gt; fetchCustomRegistry &gt; caches custom registry results" time="0.000675737">
        </testcase>
        <testcase classname="src/main/services/marketplace-service.test.ts" name="marketplace-service &gt; fetchAllRegistries &gt; merges official and custom registry plugins" time="0.000945319">
        </testcase>
        <testcase classname="src/main/services/marketplace-service.test.ts" name="marketplace-service &gt; fetchAllRegistries &gt; skips disabled custom marketplaces" time="0.000498908">
        </testcase>
        <testcase classname="src/main/services/marketplace-service.test.ts" name="marketplace-service &gt; fetchAllRegistries &gt; deduplicates plugins — official takes precedence" time="0.000519778">
        </testcase>
        <testcase classname="src/main/services/marketplace-service.test.ts" name="marketplace-service &gt; fetchAllRegistries &gt; handles custom registry fetch failure gracefully" time="0.00077919">
        </testcase>
        <testcase classname="src/main/services/marketplace-service.test.ts" name="marketplace-service &gt; installPlugin &gt; passes AbortSignal.timeout to plugin download fetch" time="0.000789028">
        </testcase>
        <testcase classname="src/main/services/marketplace-service.test.ts" name="marketplace-service &gt; installPlugin &gt; returns error on download failure" time="0.000372653">
        </testcase>
        <testcase classname="src/main/services/marketplace-service.test.ts" name="marketplace-service &gt; installPlugin &gt; returns error on SHA-256 mismatch" time="0.000728556">
        </testcase>
        <testcase classname="src/main/services/marketplace-service.test.ts" name="marketplace-service &gt; installPlugin &gt; returns error when manifest.json is missing after extraction" time="0.000642426">
        </testcase>
        <testcase classname="src/main/services/marketplace-service.test.ts" name="marketplace-service &gt; installPlugin &gt; writes .marketplace marker after successful install" time="0.000780982">
        </testcase>
        <testcase classname="src/main/services/marketplace-service.test.ts" name="marketplace-service &gt; installPlugin &gt; uses adm-zip for extraction instead of shell command" time="0.00077412">
        </testcase>
        <testcase classname="src/main/services/marketplace-service.test.ts" name="marketplace-service &gt; installPlugin &gt; returns error when adm-zip extraction fails" time="0.00058634">
        </testcase>
    </testsuite>
    <testsuite name="src/main/services/materialization-service.test.ts" timestamp="2026-03-25T04:47:29.610Z" hostname="runnervm46oaq" tests="52" failures="0" errors="0" skipped="0" time="0.041448762">
        <testcase classname="src/main/services/materialization-service.test.ts" name="materialization-service &gt; buildWildcardContext &gt; builds context from agent config" time="0.00317583">
        </testcase>
        <testcase classname="src/main/services/materialization-service.test.ts" name="materialization-service &gt; buildWildcardContext &gt; falls back to name-based path when no worktreePath" time="0.000472459">
        </testcase>
        <testcase classname="src/main/services/materialization-service.test.ts" name="materialization-service &gt; buildWildcardContext &gt; falls back to name-based standby branch when no branch set" time="0.000386298">
        </testcase>
        <testcase classname="src/main/services/materialization-service.test.ts" name="materialization-service &gt; buildWildcardContext &gt; includes sourceControlProvider when provided" time="0.000443405">
        </testcase>
        <testcase classname="src/main/services/materialization-service.test.ts" name="materialization-service &gt; buildWildcardContext &gt; includes sourceControlProvider as azure-devops" time="0.000371571">
        </testcase>
        <testcase classname="src/main/services/materialization-service.test.ts" name="materialization-service &gt; buildWildcardContext &gt; omits sourceControlProvider when not provided" time="0.000390597">
        </testcase>
        <testcase classname="src/main/services/materialization-service.test.ts" name="materialization-service &gt; buildWildcardContext &gt; includes command wildcards when provided" time="0.000513766">
        </testcase>
        <testcase classname="src/main/services/materialization-service.test.ts" name="materialization-service &gt; buildWildcardContext &gt; omits command wildcards when not provided" time="0.000313674">
        </testcase>
        <testcase classname="src/main/services/materialization-service.test.ts" name="materialization-service &gt; resolveSourceControlProvider &gt; returns project-level setting when set" time="0.001188531">
        </testcase>
        <testcase classname="src/main/services/materialization-service.test.ts" name="materialization-service &gt; resolveSourceControlProvider &gt; falls back to app-level clubhouse mode setting" time="0.000577093">
        </testcase>
        <testcase classname="src/main/services/materialization-service.test.ts" name="materialization-service &gt; resolveSourceControlProvider &gt; defaults to github when nothing is configured" time="0.000501924">
        </testcase>
        <testcase classname="src/main/services/materialization-service.test.ts" name="materialization-service &gt; materializeAgent &gt; writes instructions with wildcards replaced" time="0.003075613">
        </testcase>
        <testcase classname="src/main/services/materialization-service.test.ts" name="materialization-service &gt; materializeAgent &gt; writes permissions with wildcards replaced" time="0.002118092">
        </testcase>
        <testcase classname="src/main/services/materialization-service.test.ts" name="materialization-service &gt; materializeAgent &gt; writes MCP JSON with wildcards replaced" time="0.000755986">
        </testcase>
        <testcase classname="src/main/services/materialization-service.test.ts" name="materialization-service &gt; materializeAgent &gt; no-ops when no defaults exist and no source dirs" time="0.00048323">
        </testcase>
        <testcase classname="src/main/services/materialization-service.test.ts" name="materialization-service &gt; materializeAgent &gt; skips agent without worktreePath" time="0.000332609">
        </testcase>
        <testcase classname="src/main/services/materialization-service.test.ts" name="materialization-service &gt; materializeAgent &gt; prunes stale skills from worktree that are not in source" time="0.001001203">
        </testcase>
        <testcase classname="src/main/services/materialization-service.test.ts" name="materialization-service &gt; materializeAgent &gt; does not prune skills that exist in source" time="0.000721884">
        </testcase>
        <testcase classname="src/main/services/materialization-service.test.ts" name="materialization-service &gt; materializeAgent &gt; writes TOML MCP config for TOML settings format" time="0.001506152">
        </testcase>
        <testcase classname="src/main/services/materialization-service.test.ts" name="materialization-service &gt; previewMaterialization &gt; returns resolved values without writing files" time="0.000880067">
        </testcase>
        <testcase classname="src/main/services/materialization-service.test.ts" name="materialization-service &gt; previewMaterialization &gt; returns empty values when no defaults" time="0.000497766">
        </testcase>
        <testcase classname="src/main/services/materialization-service.test.ts" name="materialization-service &gt; ensureDefaultTemplates &gt; writes default instructions and permissions when no defaults exist" time="0.001209961">
        </testcase>
        <testcase classname="src/main/services/materialization-service.test.ts" name="materialization-service &gt; ensureDefaultTemplates &gt; includes generic build tool permissions in defaults" time="0.001334884">
        </testcase>
        <testcase classname="src/main/services/materialization-service.test.ts" name="materialization-service &gt; ensureDefaultTemplates &gt; includes az repos and az devops permissions in defaults" time="0.000798987">
        </testcase>
        <testcase classname="src/main/services/materialization-service.test.ts" name="materialization-service &gt; ensureDefaultTemplates &gt; creates all default skills when no defaults exist" time="0.001150411">
        </testcase>
        <testcase classname="src/main/services/materialization-service.test.ts" name="materialization-service &gt; ensureDefaultTemplates &gt; still creates skills even when defaults already exist" time="0.000647424">
        </testcase>
        <testcase classname="src/main/services/materialization-service.test.ts" name="materialization-service &gt; ensureDefaultTemplates &gt; no-ops when defaults already exist and skill files already exist" time="0.000508036">
        </testcase>
        <testcase classname="src/main/services/materialization-service.test.ts" name="materialization-service &gt; getDefaultAgentTemplates &gt; returns instructions containing wildcards" time="0.000355281">
        </testcase>
        <testcase classname="src/main/services/materialization-service.test.ts" name="materialization-service &gt; getDefaultAgentTemplates &gt; returns permissions with allow and deny lists" time="0.000323312">
        </testcase>
        <testcase classname="src/main/services/materialization-service.test.ts" name="materialization-service &gt; resetProjectAgentDefaults &gt; overwrites existing defaults with built-in templates" time="0.000636043">
        </testcase>
        <testcase classname="src/main/services/materialization-service.test.ts" name="materialization-service &gt; resetProjectAgentDefaults &gt; also ensures default skills exist" time="0.00171201">
        </testcase>
        <testcase classname="src/main/services/materialization-service.test.ts" name="materialization-service &gt; resetProjectAgentDefaults &gt; overwrites existing skill files with built-in defaults" time="0.000530878">
        </testcase>
        <testcase classname="src/main/services/materialization-service.test.ts" name="materialization-service &gt; ensureDefaultSkills &gt; creates all seven skills when none exist" time="0.000996124">
        </testcase>
        <testcase classname="src/main/services/materialization-service.test.ts" name="materialization-service &gt; ensureDefaultSkills &gt; skips existing skills" time="0.000366863">
        </testcase>
        <testcase classname="src/main/services/materialization-service.test.ts" name="materialization-service &gt; resetDefaultSkills &gt; overwrites all skill files even when they already exist" time="0.000449657">
        </testcase>
        <testcase classname="src/main/services/materialization-service.test.ts" name="materialization-service &gt; resetDefaultSkills &gt; writes latest built-in content when overwriting" time="0.000383474">
        </testcase>
        <testcase classname="src/main/services/materialization-service.test.ts" name="materialization-service &gt; skill content constants &gt; MISSION_SKILL_CONTENT references /validate-changes, /create-pr, and /go-standby" time="0.000268229">
        </testcase>
        <testcase classname="src/main/services/materialization-service.test.ts" name="materialization-service &gt; skill content constants &gt; MISSION_SKILL_CONTENT does not contain hardcoded npm commands" time="0.000235167">
        </testcase>
        <testcase classname="src/main/services/materialization-service.test.ts" name="materialization-service &gt; skill content constants &gt; CREATE_PR_SKILL_CONTENT has both provider conditional blocks" time="0.000261376">
        </testcase>
        <testcase classname="src/main/services/materialization-service.test.ts" name="materialization-service &gt; skill content constants &gt; GO_STANDBY_SKILL_CONTENT uses @@StandbyBranch" time="0.000205472">
        </testcase>
        <testcase classname="src/main/services/materialization-service.test.ts" name="materialization-service &gt; skill content constants &gt; BUILD_SKILL_CONTENT uses @@BuildCommand" time="0.000237322">
        </testcase>
        <testcase classname="src/main/services/materialization-service.test.ts" name="materialization-service &gt; skill content constants &gt; TEST_SKILL_CONTENT uses @@TestCommand" time="0.000200914">
        </testcase>
        <testcase classname="src/main/services/materialization-service.test.ts" name="materialization-service &gt; skill content constants &gt; LINT_SKILL_CONTENT uses @@LintCommand" time="0.000261427">
        </testcase>
        <testcase classname="src/main/services/materialization-service.test.ts" name="materialization-service &gt; skill content constants &gt; VALIDATE_CHANGES_SKILL_CONTENT uses all three command wildcards" time="0.000407158">
        </testcase>
        <testcase classname="src/main/services/materialization-service.test.ts" name="materialization-service &gt; enableExclusions / disableExclusions &gt; adds convention-derived patterns" time="0.001169967">
        </testcase>
        <testcase classname="src/main/services/materialization-service.test.ts" name="materialization-service &gt; enableExclusions / disableExclusions &gt; removes all clubhouse-mode entries" time="0.000452994">
        </testcase>
        <testcase classname="src/main/services/materialization-service.test.ts" name="materialization-service &gt; cleanupStaleJsonInTomlConfigs &gt; removes file that starts with { (JSON object)" time="0.000634421">
        </testcase>
        <testcase classname="src/main/services/materialization-service.test.ts" name="materialization-service &gt; cleanupStaleJsonInTomlConfigs &gt; does not remove file that starts with [ (could be TOML section header)" time="0.000457361">
        </testcase>
        <testcase classname="src/main/services/materialization-service.test.ts" name="materialization-service &gt; cleanupStaleJsonInTomlConfigs &gt; removes file with leading whitespace before JSON" time="0.000448214">
        </testcase>
        <testcase classname="src/main/services/materialization-service.test.ts" name="materialization-service &gt; cleanupStaleJsonInTomlConfigs &gt; does not remove valid TOML content" time="0.00042997">
        </testcase>
        <testcase classname="src/main/services/materialization-service.test.ts" name="materialization-service &gt; cleanupStaleJsonInTomlConfigs &gt; does nothing when file does not exist" time="0.000563769">
        </testcase>
        <testcase classname="src/main/services/materialization-service.test.ts" name="materialization-service &gt; cleanupStaleJsonInTomlConfigs &gt; deduplicates paths when mcpConfigFile and configDir/localSettingsFile resolve to same path" time="0.000477488">
        </testcase>
    </testsuite>
    <testsuite name="src/main/services/mcp-settings.test.ts" timestamp="2026-03-25T04:47:29.618Z" hostname="runnervm46oaq" tests="13" failures="0" errors="0" skipped="0" time="0.013318634">
        <testcase classname="src/main/services/mcp-settings.test.ts" name="mcp-settings &gt; isMcpEnabled &gt; returns false by default" time="0.003570216">
        </testcase>
        <testcase classname="src/main/services/mcp-settings.test.ts" name="mcp-settings &gt; isMcpEnabled &gt; returns true when globally enabled" time="0.000551346">
        </testcase>
        <testcase classname="src/main/services/mcp-settings.test.ts" name="mcp-settings &gt; isMcpEnabled &gt; agent override takes highest priority" time="0.000427495">
        </testcase>
        <testcase classname="src/main/services/mcp-settings.test.ts" name="mcp-settings &gt; isMcpEnabled &gt; project override takes priority over global" time="0.000633278">
        </testcase>
        <testcase classname="src/main/services/mcp-settings.test.ts" name="mcp-settings &gt; isMcpEnabled &gt; falls back to clubhouse mode when all disabled" time="0.000545695">
        </testcase>
        <testcase classname="src/main/services/mcp-settings.test.ts" name="mcp-settings &gt; isMcpEnabled &gt; clubhouse mode fallback receives project path" time="0.001676869">
        </testcase>
        <testcase classname="src/main/services/mcp-settings.test.ts" name="mcp-settings &gt; isMcpEnabledForAny &gt; returns false when everything is disabled" time="0.000516871">
        </testcase>
        <testcase classname="src/main/services/mcp-settings.test.ts" name="mcp-settings &gt; isMcpEnabledForAny &gt; returns true when MCP global toggle is on" time="0.000329953">
        </testcase>
        <testcase classname="src/main/services/mcp-settings.test.ts" name="mcp-settings &gt; isMcpEnabledForAny &gt; returns true when any MCP project override is true" time="0.000910334">
        </testcase>
        <testcase classname="src/main/services/mcp-settings.test.ts" name="mcp-settings &gt; isMcpEnabledForAny &gt; returns false when all MCP project overrides are false" time="0.00046218">
        </testcase>
        <testcase classname="src/main/services/mcp-settings.test.ts" name="mcp-settings &gt; isMcpEnabledForAny &gt; returns true when Clubhouse Mode global toggle is on" time="0.000364138">
        </testcase>
        <testcase classname="src/main/services/mcp-settings.test.ts" name="mcp-settings &gt; isMcpEnabledForAny &gt; returns true when any Clubhouse Mode project override is true" time="0.000297503">
        </testcase>
        <testcase classname="src/main/services/mcp-settings.test.ts" name="mcp-settings &gt; isMcpEnabledForAny &gt; returns false when all Clubhouse Mode project overrides are false" time="0.000272387">
        </testcase>
    </testsuite>
    <testsuite name="src/main/services/notification-service-win32.test.ts" timestamp="2026-03-25T04:47:29.619Z" hostname="runnervm46oaq" tests="4" failures="0" errors="0" skipped="0" time="0.050009876">
        <testcase classname="src/main/services/notification-service-win32.test.ts" name="notification-service (win32) &gt; includes icon in Notification constructor on Windows" time="0.034466079">
        </testcase>
        <testcase classname="src/main/services/notification-service-win32.test.ts" name="notification-service (win32) &gt; omits icon when nativeImage returns empty image" time="0.006679918">
        </testcase>
        <testcase classname="src/main/services/notification-service-win32.test.ts" name="notification-service (win32) &gt; omits icon gracefully when createFromPath throws" time="0.003781464">
        </testcase>
        <testcase classname="src/main/services/notification-service-win32.test.ts" name="notification-service (win32) &gt; caches the icon after first resolution" time="0.00280588">
        </testcase>
    </testsuite>
    <testsuite name="src/main/services/notification-service.test.ts" timestamp="2026-03-25T04:47:29.620Z" hostname="runnervm46oaq" tests="12" failures="0" errors="0" skipped="0" time="0.021726807">
        <testcase classname="src/main/services/notification-service.test.ts" name="notification-service &gt; sendNotification &gt; creates and shows a notification" time="0.006721304">
        </testcase>
        <testcase classname="src/main/services/notification-service.test.ts" name="notification-service &gt; sendNotification &gt; passes title, body, and silent to Notification constructor" time="0.002460186">
        </testcase>
        <testcase classname="src/main/services/notification-service.test.ts" name="notification-service &gt; sendNotification &gt; does not include icon on non-Windows platforms" time="0.001759954">
        </testcase>
        <testcase classname="src/main/services/notification-service.test.ts" name="notification-service &gt; sendNotification &gt; auto-dismisses notification after 5 seconds" time="0.00130076">
        </testcase>
        <testcase classname="src/main/services/notification-service.test.ts" name="notification-service &gt; sendNotification &gt; auto-dismisses notifications without agent context after 5 seconds" time="0.000868636">
        </testcase>
        <testcase classname="src/main/services/notification-service.test.ts" name="notification-service &gt; sendNotification &gt; replaces previous notification for same agent" time="0.001168573">
        </testcase>
        <testcase classname="src/main/services/notification-service.test.ts" name="notification-service &gt; sendNotification &gt; registers click and close event handlers" time="0.002186959">
        </testcase>
        <testcase classname="src/main/services/notification-service.test.ts" name="notification-service &gt; sendNotification &gt; does nothing when notifications not supported" time="0.000511992">
        </testcase>
        <testcase classname="src/main/services/notification-service.test.ts" name="notification-service &gt; closeNotification &gt; programmatically closes an active notification" time="0.000907168">
        </testcase>
        <testcase classname="src/main/services/notification-service.test.ts" name="notification-service &gt; closeNotification &gt; does nothing when no active notification for agent" time="0.000440139">
        </testcase>
        <testcase classname="src/main/services/notification-service.test.ts" name="notification-service &gt; closeNotification &gt; cancels the auto-dismiss timer when closed manually" time="0.000498948">
        </testcase>
        <testcase classname="src/main/services/notification-service.test.ts" name="notification-service &gt; closeNotification &gt; does not affect notifications for other agents" time="0.000395816">
        </testcase>
    </testsuite>
    <testsuite name="src/main/services/orchestrator-settings.test.ts" timestamp="2026-03-25T04:47:29.622Z" hostname="runnervm46oaq" tests="9" failures="0" errors="0" skipped="0" time="0.01471694">
        <testcase classname="src/main/services/orchestrator-settings.test.ts" name="orchestrator-settings &gt; getSettings &gt; returns defaults when no file exists" time="0.003861273">
        </testcase>
        <testcase classname="src/main/services/orchestrator-settings.test.ts" name="orchestrator-settings &gt; getSettings &gt; returns saved settings from file" time="0.000740798">
        </testcase>
        <testcase classname="src/main/services/orchestrator-settings.test.ts" name="orchestrator-settings &gt; getSettings &gt; returns defaults on corrupt JSON" time="0.001488471">
            <system-err>
[settings-store] Failed to parse orchestrator-settings.json, using defaults: Expected property name or &apos;}&apos; in JSON at position 1 (line 1 column 2)

            </system-err>
        </testcase>
        <testcase classname="src/main/services/orchestrator-settings.test.ts" name="orchestrator-settings &gt; getSettings &gt; merges partial settings with defaults" time="0.000533162">
        </testcase>
        <testcase classname="src/main/services/orchestrator-settings.test.ts" name="orchestrator-settings &gt; getSettings &gt; handles empty enabled array" time="0.000500722">
        </testcase>
        <testcase classname="src/main/services/orchestrator-settings.test.ts" name="orchestrator-settings &gt; getSettings &gt; reads from the correct file path" time="0.001237572">
        </testcase>
        <testcase classname="src/main/services/orchestrator-settings.test.ts" name="orchestrator-settings &gt; saveSettings &gt; writes settings as JSON" time="0.002425242">
        </testcase>
        <testcase classname="src/main/services/orchestrator-settings.test.ts" name="orchestrator-settings &gt; saveSettings &gt; round-trips: saved settings can be read back" time="0.000538361">
        </testcase>
        <testcase classname="src/main/services/orchestrator-settings.test.ts" name="orchestrator-settings &gt; saveSettings &gt; can save empty enabled list" time="0.000978761">
        </testcase>
    </testsuite>
    <testsuite name="src/main/services/path-sandbox.test.ts" timestamp="2026-03-25T04:47:29.623Z" hostname="runnervm46oaq" tests="23" failures="0" errors="0" skipped="0" time="0.022200308">
        <testcase classname="src/main/services/path-sandbox.test.ts" name="path-sandbox &gt; isPathAllowed &gt; allows exact root match" time="0.003097943">
        </testcase>
        <testcase classname="src/main/services/path-sandbox.test.ts" name="path-sandbox &gt; isPathAllowed &gt; allows paths under a root" time="0.00039781">
        </testcase>
        <testcase classname="src/main/services/path-sandbox.test.ts" name="path-sandbox &gt; isPathAllowed &gt; allows nested subdirectories" time="0.000484372">
        </testcase>
        <testcase classname="src/main/services/path-sandbox.test.ts" name="path-sandbox &gt; isPathAllowed &gt; allows app data directory paths" time="0.000546897">
        </testcase>
        <testcase classname="src/main/services/path-sandbox.test.ts" name="path-sandbox &gt; isPathAllowed &gt; rejects paths outside all roots" time="0.000460517">
        </testcase>
        <testcase classname="src/main/services/path-sandbox.test.ts" name="path-sandbox &gt; isPathAllowed &gt; rejects home directory SSH keys" time="0.000296762">
        </testcase>
        <testcase classname="src/main/services/path-sandbox.test.ts" name="path-sandbox &gt; isPathAllowed &gt; rejects AWS credentials" time="0.000410874">
        </testcase>
        <testcase classname="src/main/services/path-sandbox.test.ts" name="path-sandbox &gt; isPathAllowed &gt; blocks path traversal with .." time="0.000288677">
        </testcase>
        <testcase classname="src/main/services/path-sandbox.test.ts" name="path-sandbox &gt; isPathAllowed &gt; blocks prefix attacks (e.g. /my-app-evil when /my-app is allowed)" time="0.00080104">
        </testcase>
        <testcase classname="src/main/services/path-sandbox.test.ts" name="path-sandbox &gt; isPathAllowed &gt; rejects the parent of a root" time="0.000388002">
        </testcase>
        <testcase classname="src/main/services/path-sandbox.test.ts" name="path-sandbox &gt; isPathAllowed &gt; rejects root path" time="0.000367413">
        </testcase>
        <testcase classname="src/main/services/path-sandbox.test.ts" name="path-sandbox &gt; isPathAllowed &gt; returns false when no roots are provided" time="0.000217294">
        </testcase>
        <testcase classname="src/main/services/path-sandbox.test.ts" name="path-sandbox &gt; getAllowedRoots &gt; includes all project paths" time="0.001531889">
        </testcase>
        <testcase classname="src/main/services/path-sandbox.test.ts" name="path-sandbox &gt; getAllowedRoots &gt; includes app data directory (dev mode)" time="0.000365509">
        </testcase>
        <testcase classname="src/main/services/path-sandbox.test.ts" name="path-sandbox &gt; getAllowedRoots &gt; includes app data directory (packaged mode)" time="0.000493769">
        </testcase>
        <testcase classname="src/main/services/path-sandbox.test.ts" name="path-sandbox &gt; getAllowedRoots &gt; returns only app data dir when no projects exist" time="0.000848679">
        </testcase>
        <testcase classname="src/main/services/path-sandbox.test.ts" name="path-sandbox &gt; assertAllowedPath &gt; does not throw for paths within a project directory" time="0.003507104">
        </testcase>
        <testcase classname="src/main/services/path-sandbox.test.ts" name="path-sandbox &gt; assertAllowedPath &gt; does not throw for paths within the app data directory" time="0.000365851">
        </testcase>
        <testcase classname="src/main/services/path-sandbox.test.ts" name="path-sandbox &gt; assertAllowedPath &gt; throws for paths outside allowed directories" time="0.00133321">
        </testcase>
        <testcase classname="src/main/services/path-sandbox.test.ts" name="path-sandbox &gt; assertAllowedPath &gt; throws for home directory sensitive files" time="0.000438165">
        </testcase>
        <testcase classname="src/main/services/path-sandbox.test.ts" name="path-sandbox &gt; assertAllowedPath &gt; throws for path traversal attempts" time="0.000443856">
        </testcase>
        <testcase classname="src/main/services/path-sandbox.test.ts" name="path-sandbox &gt; assertAllowedPath &gt; logs blocked attempts" time="0.001609945">
        </testcase>
        <testcase classname="src/main/services/path-sandbox.test.ts" name="path-sandbox &gt; assertAllowedPath &gt; includes resolved path in error message" time="0.000539363">
        </testcase>
    </testsuite>
    <testsuite name="src/main/services/plugin-discovery.test.ts" timestamp="2026-03-25T04:47:29.626Z" hostname="runnervm46oaq" tests="40" failures="0" errors="0" skipped="0" time="0.026045992">
        <testcase classname="src/main/services/plugin-discovery.test.ts" name="plugin-discovery &gt; discoverCommunityPlugins &gt; returns empty array when plugins dir does not exist" time="0.003342454">
        </testcase>
        <testcase classname="src/main/services/plugin-discovery.test.ts" name="plugin-discovery &gt; discoverCommunityPlugins &gt; discovers plugins with valid manifest.json" time="0.001341879">
        </testcase>
        <testcase classname="src/main/services/plugin-discovery.test.ts" name="plugin-discovery &gt; discoverCommunityPlugins &gt; sets fromMarketplace true when .marketplace marker exists" time="0.000647496">
        </testcase>
        <testcase classname="src/main/services/plugin-discovery.test.ts" name="plugin-discovery &gt; discoverCommunityPlugins &gt; sets fromMarketplace false when .marketplace marker is absent" time="0.000615936">
        </testcase>
        <testcase classname="src/main/services/plugin-discovery.test.ts" name="plugin-discovery &gt; discoverCommunityPlugins &gt; skips non-directory entries" time="0.000379587">
        </testcase>
        <testcase classname="src/main/services/plugin-discovery.test.ts" name="plugin-discovery &gt; discoverCommunityPlugins &gt; skips directories without manifest.json" time="0.000433607">
        </testcase>
        <testcase classname="src/main/services/plugin-discovery.test.ts" name="plugin-discovery &gt; discoverCommunityPlugins &gt; skips plugins with invalid JSON" time="0.000332619">
        </testcase>
        <testcase classname="src/main/services/plugin-discovery.test.ts" name="plugin-discovery &gt; discoverCommunityPlugins &gt; discovers multiple plugins" time="0.000599086">
        </testcase>
        <testcase classname="src/main/services/plugin-discovery.test.ts" name="plugin-discovery &gt; discoverCommunityPlugins &gt; discovers symlinked plugin directories" time="0.001317503">
        </testcase>
        <testcase classname="src/main/services/plugin-discovery.test.ts" name="plugin-discovery &gt; discoverCommunityPlugins &gt; skips symlinks pointing to non-directories" time="0.000383825">
        </testcase>
        <testcase classname="src/main/services/plugin-discovery.test.ts" name="plugin-discovery &gt; discoverCommunityPlugins &gt; skips broken symlinks" time="0.000517243">
        </testcase>
        <testcase classname="src/main/services/plugin-discovery.test.ts" name="plugin-discovery &gt; discoverCommunityPlugins &gt; handles unreadable plugins dir gracefully" time="0.000277086">
        </testcase>
        <testcase classname="src/main/services/plugin-discovery.test.ts" name="plugin-discovery &gt; uninstallPlugin &gt; removes plugin directory recursively with async rm" time="0.000877554">
        </testcase>
        <testcase classname="src/main/services/plugin-discovery.test.ts" name="plugin-discovery &gt; uninstallPlugin &gt; removes only the symlink when plugin is a symlink" time="0.000493128">
        </testcase>
        <testcase classname="src/main/services/plugin-discovery.test.ts" name="plugin-discovery &gt; uninstallPlugin &gt; does nothing when plugin path does not exist" time="0.000300109">
        </testcase>
        <testcase classname="src/main/services/plugin-discovery.test.ts" name="plugin-discovery &gt; uninstallPlugin &gt; cleans up plugin data directory on uninstall" time="0.00033848">
        </testcase>
        <testcase classname="src/main/services/plugin-discovery.test.ts" name="plugin-discovery &gt; uninstallPlugin &gt; does not fail if data directory cleanup throws" time="0.000867686">
        </testcase>
        <testcase classname="src/main/services/plugin-discovery.test.ts" name="plugin-discovery &gt; listProjectPluginInjections &gt; returns empty result when no injections exist" time="0.000369849">
        </testcase>
        <testcase classname="src/main/services/plugin-discovery.test.ts" name="plugin-discovery &gt; listProjectPluginInjections &gt; returns injected skills (stripping prefix)" time="0.00026822">
        </testcase>
        <testcase classname="src/main/services/plugin-discovery.test.ts" name="plugin-discovery &gt; listProjectPluginInjections &gt; returns injected agent templates (stripping prefix)" time="0.000245357">
        </testcase>
        <testcase classname="src/main/services/plugin-discovery.test.ts" name="plugin-discovery &gt; listProjectPluginInjections &gt; detects instructions block" time="0.000206424">
        </testcase>
        <testcase classname="src/main/services/plugin-discovery.test.ts" name="plugin-discovery &gt; listProjectPluginInjections &gt; counts permission rules" time="0.000337318">
        </testcase>
        <testcase classname="src/main/services/plugin-discovery.test.ts" name="plugin-discovery &gt; listProjectPluginInjections &gt; lists MCP server names (stripping prefix)" time="0.000268379">
        </testcase>
        <testcase classname="src/main/services/plugin-discovery.test.ts" name="plugin-discovery &gt; cleanupProjectPluginInjections &gt; deletes source skills with the plugin prefix" time="0.000626657">
        </testcase>
        <testcase classname="src/main/services/plugin-discovery.test.ts" name="plugin-discovery &gt; cleanupProjectPluginInjections &gt; strips instruction block and writes back defaults" time="0.001387433">
        </testcase>
        <testcase classname="src/main/services/plugin-discovery.test.ts" name="plugin-discovery &gt; cleanupProjectPluginInjections &gt; removes tagged permission rules" time="0.000698581">
        </testcase>
        <testcase classname="src/main/services/plugin-discovery.test.ts" name="plugin-discovery &gt; cleanupProjectPluginInjections &gt; removes MCP servers with plugin prefix" time="0.00044032">
        </testcase>
        <testcase classname="src/main/services/plugin-discovery.test.ts" name="plugin-discovery &gt; cleanupProjectPluginInjections &gt; removes the _agentconfig storage directory" time="0.000315477">
        </testcase>
        <testcase classname="src/main/services/plugin-discovery.test.ts" name="plugin-discovery &gt; cleanupProjectPluginInjections &gt; does not write defaults when nothing changed" time="0.000287495">
        </testcase>
        <testcase classname="src/main/services/plugin-discovery.test.ts" name="plugin-discovery &gt; listOrphanedPluginIds &gt; returns empty array when no plugin-data dir exists" time="0.00038622">
        </testcase>
        <testcase classname="src/main/services/plugin-discovery.test.ts" name="plugin-discovery &gt; listOrphanedPluginIds &gt; finds orphaned _agentconfig directories" time="0.000580311">
        </testcase>
        <testcase classname="src/main/services/plugin-discovery.test.ts" name="plugin-discovery &gt; listOrphanedPluginIds &gt; finds orphaned plugin IDs from instruction markers" time="0.000331788">
        </testcase>
        <testcase classname="src/main/services/plugin-discovery.test.ts" name="plugin-discovery &gt; listOrphanedPluginIds &gt; finds orphaned plugin IDs from permission rule comments" time="0.000330756">
        </testcase>
        <testcase classname="src/main/services/plugin-discovery.test.ts" name="plugin-discovery &gt; listOrphanedPluginIds &gt; does not flag known plugins as orphans" time="0.000278057">
        </testcase>
        <testcase classname="src/main/services/plugin-discovery.test.ts" name="plugin-discovery &gt; trusted manifest registration &gt; registers discovered manifests as trusted during discovery" time="0.000632568">
        </testcase>
        <testcase classname="src/main/services/plugin-discovery.test.ts" name="plugin-discovery &gt; trusted manifest registration &gt; does not register manifest without an id" time="0.000330285">
        </testcase>
        <testcase classname="src/main/services/plugin-discovery.test.ts" name="plugin-discovery &gt; refreshManifestFromDisk &gt; reads manifest from disk and registers as trusted" time="0.001446133">
        </testcase>
        <testcase classname="src/main/services/plugin-discovery.test.ts" name="plugin-discovery &gt; refreshManifestFromDisk &gt; returns null when manifest file does not exist" time="0.000320237">
        </testcase>
        <testcase classname="src/main/services/plugin-discovery.test.ts" name="plugin-discovery &gt; refreshManifestFromDisk &gt; returns null for path traversal attempts" time="0.000244676">
        </testcase>
        <testcase classname="src/main/services/plugin-discovery.test.ts" name="plugin-discovery &gt; refreshManifestFromDisk &gt; returns null for invalid JSON in manifest" time="0.000205242">
        </testcase>
    </testsuite>
    <testsuite name="src/main/services/plugin-manifest-registry.test.ts" timestamp="2026-03-25T04:47:29.633Z" hostname="runnervm46oaq" tests="18" failures="0" errors="0" skipped="0" time="0.011774575">
        <testcase classname="src/main/services/plugin-manifest-registry.test.ts" name="plugin-manifest-registry &gt; returns undefined for unregistered plugin" time="0.001873656">
        </testcase>
        <testcase classname="src/main/services/plugin-manifest-registry.test.ts" name="plugin-manifest-registry &gt; returns empty array for allowedCommands of unregistered plugin" time="0.000749861">
        </testcase>
        <testcase classname="src/main/services/plugin-manifest-registry.test.ts" name="plugin-manifest-registry &gt; registerTrustedManifest &gt; registers and retrieves a manifest" time="0.000357133">
        </testcase>
        <testcase classname="src/main/services/plugin-manifest-registry.test.ts" name="plugin-manifest-registry &gt; registerTrustedManifest &gt; returns allowedCommands from trusted manifest" time="0.000413608">
        </testcase>
        <testcase classname="src/main/services/plugin-manifest-registry.test.ts" name="plugin-manifest-registry &gt; registerTrustedManifest &gt; returns empty array when trusted manifest has no allowedCommands" time="0.000320956">
        </testcase>
        <testcase classname="src/main/services/plugin-manifest-registry.test.ts" name="plugin-manifest-registry &gt; registerTrustedManifest &gt; overwrites trusted manifest on re-registration" time="0.000250535">
        </testcase>
        <testcase classname="src/main/services/plugin-manifest-registry.test.ts" name="plugin-manifest-registry &gt; getManifest returns only trusted manifests &gt; returns undefined when no trusted manifest exists" time="0.000246357">
        </testcase>
        <testcase classname="src/main/services/plugin-manifest-registry.test.ts" name="plugin-manifest-registry &gt; getManifest returns only trusted manifests &gt; returns the trusted manifest" time="0.000207485">
        </testcase>
        <testcase classname="src/main/services/plugin-manifest-registry.test.ts" name="plugin-manifest-registry &gt; security invariants &gt; getAllowedCommands returns empty for unregistered plugins (deny by default)" time="0.000558546">
        </testcase>
        <testcase classname="src/main/services/plugin-manifest-registry.test.ts" name="plugin-manifest-registry &gt; security invariants &gt; only trusted manifests can set allowedCommands" time="0.000296369">
        </testcase>
        <testcase classname="src/main/services/plugin-manifest-registry.test.ts" name="plugin-manifest-registry &gt; unregisterManifest &gt; removes trusted manifest" time="0.000305187">
        </testcase>
        <testcase classname="src/main/services/plugin-manifest-registry.test.ts" name="plugin-manifest-registry &gt; unregisterManifest &gt; returns false for unknown plugin" time="0.000162651">
        </testcase>
        <testcase classname="src/main/services/plugin-manifest-registry.test.ts" name="plugin-manifest-registry &gt; clear &gt; removes all manifests" time="0.000200001">
        </testcase>
        <testcase classname="src/main/services/plugin-manifest-registry.test.ts" name="plugin-manifest-registry &gt; loads trusted builtin manifests at initialization" time="0.000589603">
        </testcase>
        <testcase classname="src/main/services/plugin-manifest-registry.test.ts" name="plugin-manifest-registry &gt; loads validated community manifests from disk when external plugins are enabled" time="0.002068908">
        </testcase>
        <testcase classname="src/main/services/plugin-manifest-registry.test.ts" name="plugin-manifest-registry &gt; does not load any manifests in safe mode" time="0.000238002">
        </testcase>
        <testcase classname="src/main/services/plugin-manifest-registry.test.ts" name="plugin-manifest-registry &gt; refreshes a community manifest from disk instead of keeping stale state" time="0.000575317">
        </testcase>
        <testcase classname="src/main/services/plugin-manifest-registry.test.ts" name="plugin-manifest-registry &gt; removes a community manifest when refresh cannot find a trusted source" time="0.000339289">
        </testcase>
    </testsuite>
    <testsuite name="src/main/services/plugin-storage.test.ts" timestamp="2026-03-25T04:47:29.637Z" hostname="runnervm46oaq" tests="37" failures="0" errors="0" skipped="0" time="0.033383326">
        <testcase classname="src/main/services/plugin-storage.test.ts" name="plugin-storage &gt; readKey &gt; reads and parses JSON from kv directory" time="0.003796289">
        </testcase>
        <testcase classname="src/main/services/plugin-storage.test.ts" name="plugin-storage &gt; readKey &gt; returns undefined when file does not exist" time="0.000441332">
        </testcase>
        <testcase classname="src/main/services/plugin-storage.test.ts" name="plugin-storage &gt; readKey &gt; uses project-scoped path when scope is project" time="0.00043506">
        </testcase>
        <testcase classname="src/main/services/plugin-storage.test.ts" name="plugin-storage &gt; readKey &gt; rejects path traversal attempts" time="0.002047874">
        </testcase>
        <testcase classname="src/main/services/plugin-storage.test.ts" name="plugin-storage &gt; writeKey &gt; writes JSON to kv directory and ensures dir exists" time="0.000938207">
        </testcase>
        <testcase classname="src/main/services/plugin-storage.test.ts" name="plugin-storage &gt; writeKey &gt; rejects path traversal in key" time="0.000510792">
        </testcase>
        <testcase classname="src/main/services/plugin-storage.test.ts" name="plugin-storage &gt; deleteKey &gt; unlinks the key file" time="0.000469203">
        </testcase>
        <testcase classname="src/main/services/plugin-storage.test.ts" name="plugin-storage &gt; deleteKey &gt; does not throw when file does not exist" time="0.000605167">
        </testcase>
        <testcase classname="src/main/services/plugin-storage.test.ts" name="plugin-storage &gt; deleteKey &gt; rejects path traversal in key" time="0.000772648">
        </testcase>
        <testcase classname="src/main/services/plugin-storage.test.ts" name="plugin-storage &gt; listKeys &gt; returns key names without .json extension" time="0.000501734">
        </testcase>
        <testcase classname="src/main/services/plugin-storage.test.ts" name="plugin-storage &gt; listKeys &gt; returns empty array when directory does not exist" time="0.000458474">
        </testcase>
        <testcase classname="src/main/services/plugin-storage.test.ts" name="plugin-storage &gt; readPluginFile &gt; reads file at the resolved path" time="0.0003811">
        </testcase>
        <testcase classname="src/main/services/plugin-storage.test.ts" name="plugin-storage &gt; readPluginFile &gt; rejects path traversal" time="0.000459857">
        </testcase>
        <testcase classname="src/main/services/plugin-storage.test.ts" name="plugin-storage &gt; writePluginFile &gt; writes file and creates parent directories" time="0.001475869">
        </testcase>
        <testcase classname="src/main/services/plugin-storage.test.ts" name="plugin-storage &gt; writePluginFile &gt; rejects path traversal" time="0.000425943">
        </testcase>
        <testcase classname="src/main/services/plugin-storage.test.ts" name="plugin-storage &gt; deletePluginFile &gt; unlinks the file" time="0.000278278">
        </testcase>
        <testcase classname="src/main/services/plugin-storage.test.ts" name="plugin-storage &gt; deletePluginFile &gt; does not throw when file does not exist" time="0.000363528">
        </testcase>
        <testcase classname="src/main/services/plugin-storage.test.ts" name="plugin-storage &gt; pluginFileExists &gt; returns true when file exists" time="0.000288057">
        </testcase>
        <testcase classname="src/main/services/plugin-storage.test.ts" name="plugin-storage &gt; pluginFileExists &gt; returns false when file does not exist" time="0.000244766">
        </testcase>
        <testcase classname="src/main/services/plugin-storage.test.ts" name="plugin-storage &gt; listPluginDir &gt; returns directory entries with isDirectory flag" time="0.000386981">
        </testcase>
        <testcase classname="src/main/services/plugin-storage.test.ts" name="plugin-storage &gt; listPluginDir &gt; returns empty array when directory does not exist" time="0.000275513">
        </testcase>
        <testcase classname="src/main/services/plugin-storage.test.ts" name="plugin-storage &gt; mkdirPlugin &gt; creates directory recursively" time="0.000481818">
        </testcase>
        <testcase classname="src/main/services/plugin-storage.test.ts" name="plugin-storage &gt; mkdirPlugin &gt; rejects path traversal" time="0.000406947">
        </testcase>
        <testcase classname="src/main/services/plugin-storage.test.ts" name="plugin-storage &gt; assertSafePath segment boundary &gt; rejects prefix collision via sibling directory name" time="0.000479273">
        </testcase>
        <testcase classname="src/main/services/plugin-storage.test.ts" name="plugin-storage &gt; assertSafePath segment boundary &gt; rejects key that escapes via prefix collision" time="0.000407018">
        </testcase>
        <testcase classname="src/main/services/plugin-storage.test.ts" name="plugin-storage &gt; assertSafePath segment boundary &gt; allows path that exactly equals base (e.g. relativePath &quot;.&quot;)" time="0.000271296">
        </testcase>
        <testcase classname="src/main/services/plugin-storage.test.ts" name="plugin-storage &gt; project-local scope &gt; readKey uses plugin-data-local path" time="0.000316519">
        </testcase>
        <testcase classname="src/main/services/plugin-storage.test.ts" name="plugin-storage &gt; project-local scope &gt; writeKey uses plugin-data-local path" time="0.000436533">
        </testcase>
        <testcase classname="src/main/services/plugin-storage.test.ts" name="plugin-storage &gt; project-local scope &gt; deleteKey uses plugin-data-local path" time="0.000249174">
        </testcase>
        <testcase classname="src/main/services/plugin-storage.test.ts" name="plugin-storage &gt; project-local scope &gt; listKeys uses plugin-data-local path" time="0.000280783">
        </testcase>
        <testcase classname="src/main/services/plugin-storage.test.ts" name="plugin-storage &gt; project-local scope &gt; rejects path traversal for project-local" time="0.000546408">
        </testcase>
        <testcase classname="src/main/services/plugin-storage.test.ts" name="plugin-storage &gt; ensurePluginDataLocalGitignored &gt; only project-local writeKey triggers gitignore logic (not project or global)" time="0.000452784">
        </testcase>
        <testcase classname="src/main/services/plugin-storage.test.ts" name="plugin-storage &gt; ensurePluginDataLocalGitignored (fresh module) &gt; appends pattern when .gitignore exists without it" time="0.004021499">
        </testcase>
        <testcase classname="src/main/services/plugin-storage.test.ts" name="plugin-storage &gt; ensurePluginDataLocalGitignored (fresh module) &gt; skips write if pattern already present" time="0.002001347">
        </testcase>
        <testcase classname="src/main/services/plugin-storage.test.ts" name="plugin-storage &gt; ensurePluginDataLocalGitignored (fresh module) &gt; creates .gitignore file if missing" time="0.001843293">
        </testcase>
        <testcase classname="src/main/services/plugin-storage.test.ts" name="plugin-storage &gt; ensurePluginDataLocalGitignored (fresh module) &gt; adds newline separator when existing content lacks trailing newline" time="0.001424733">
        </testcase>
        <testcase classname="src/main/services/plugin-storage.test.ts" name="plugin-storage &gt; ensurePluginDataLocalGitignored (fresh module) &gt; swallows gitignore errors gracefully" time="0.001491818">
        </testcase>
    </testsuite>
    <testsuite name="src/main/services/plugin-update-service.test.ts" timestamp="2026-03-25T04:47:29.642Z" hostname="runnervm46oaq" tests="16" failures="0" errors="0" skipped="0" time="0.018280792">
        <testcase classname="src/main/services/plugin-update-service.test.ts" name="plugin-update-service &gt; checkForPluginUpdates &gt; detects available updates for installed plugins" time="0.004425711">
        </testcase>
        <testcase classname="src/main/services/plugin-update-service.test.ts" name="plugin-update-service &gt; checkForPluginUpdates &gt; returns no updates when plugins are up to date" time="0.000595669">
        </testcase>
        <testcase classname="src/main/services/plugin-update-service.test.ts" name="plugin-update-service &gt; checkForPluginUpdates &gt; skips plugins not in the registry" time="0.00044039">
        </testcase>
        <testcase classname="src/main/services/plugin-update-service.test.ts" name="plugin-update-service &gt; checkForPluginUpdates &gt; returns empty when no plugins are installed" time="0.000417367">
        </testcase>
        <testcase classname="src/main/services/plugin-update-service.test.ts" name="plugin-update-service &gt; checkForPluginUpdates &gt; handles registry fetch failure gracefully" time="0.00079448">
        </testcase>
        <testcase classname="src/main/services/plugin-update-service.test.ts" name="plugin-update-service &gt; checkForPluginUpdates &gt; skips malformed manifest files" time="0.000674567">
        </testcase>
        <testcase classname="src/main/services/plugin-update-service.test.ts" name="plugin-update-service &gt; checkForPluginUpdates &gt; includes api field in PluginUpdateInfo" time="0.000617871">
        </testcase>
        <testcase classname="src/main/services/plugin-update-service.test.ts" name="plugin-update-service &gt; checkForPluginUpdates &gt; skips updates with unsupported API versions" time="0.001075332">
        </testcase>
        <testcase classname="src/main/services/plugin-update-service.test.ts" name="plugin-update-service &gt; checkForPluginUpdates &gt; tracks incompatible updates in status" time="0.001044014">
        </testcase>
        <testcase classname="src/main/services/plugin-update-service.test.ts" name="plugin-update-service &gt; checkForPluginUpdates &gt; separates compatible and incompatible updates" time="0.000948777">
        </testcase>
        <testcase classname="src/main/services/plugin-update-service.test.ts" name="plugin-update-service &gt; checkForPluginUpdates &gt; detects multiple updates" time="0.001219932">
        </testcase>
        <testcase classname="src/main/services/plugin-update-service.test.ts" name="plugin-update-service &gt; updatePlugin &gt; returns error when no update is available" time="0.000414021">
        </testcase>
        <testcase classname="src/main/services/plugin-update-service.test.ts" name="plugin-update-service &gt; updatePlugin &gt; calls installPlugin and returns success" time="0.001718279">
        </testcase>
        <testcase classname="src/main/services/plugin-update-service.test.ts" name="plugin-update-service &gt; updatePlugin &gt; returns error when installation fails" time="0.00042952">
        </testcase>
        <testcase classname="src/main/services/plugin-update-service.test.ts" name="plugin-update-service &gt; updatePlugin &gt; clears updating state on failure" time="0.000451391">
        </testcase>
        <testcase classname="src/main/services/plugin-update-service.test.ts" name="plugin-update-service &gt; getPluginUpdatesStatus &gt; returns initial status" time="0.000430222">
        </testcase>
    </testsuite>
    <testsuite name="src/main/services/profile-settings.test.ts" timestamp="2026-03-25T04:47:29.645Z" hostname="runnervm46oaq" tests="18" failures="0" errors="0" skipped="0" time="0.011306146">
        <testcase classname="src/main/services/profile-settings.test.ts" name="profile-settings &gt; getSettings &gt; returns settings from store" time="0.002295288">
        </testcase>
        <testcase classname="src/main/services/profile-settings.test.ts" name="profile-settings &gt; saveSettings &gt; writes settings to store" time="0.001071779">
        </testcase>
        <testcase classname="src/main/services/profile-settings.test.ts" name="profile-settings &gt; getProfiles &gt; returns profiles array" time="0.000315826">
        </testcase>
        <testcase classname="src/main/services/profile-settings.test.ts" name="profile-settings &gt; getProfiles &gt; returns empty array when no profiles" time="0.000462749">
        </testcase>
        <testcase classname="src/main/services/profile-settings.test.ts" name="profile-settings &gt; getProfile &gt; returns matching profile by id" time="0.000337847">
        </testcase>
        <testcase classname="src/main/services/profile-settings.test.ts" name="profile-settings &gt; getProfile &gt; returns undefined for non-existent id" time="0.000208447">
        </testcase>
        <testcase classname="src/main/services/profile-settings.test.ts" name="profile-settings &gt; saveProfile &gt; adds a new profile" time="0.000736556">
        </testcase>
        <testcase classname="src/main/services/profile-settings.test.ts" name="profile-settings &gt; saveProfile &gt; updates an existing profile" time="0.000449805">
        </testcase>
        <testcase classname="src/main/services/profile-settings.test.ts" name="profile-settings &gt; saveProfile &gt; preserves other profiles when updating" time="0.000753889">
        </testcase>
        <testcase classname="src/main/services/profile-settings.test.ts" name="profile-settings &gt; deleteProfile &gt; removes profile by id" time="0.000530865">
        </testcase>
        <testcase classname="src/main/services/profile-settings.test.ts" name="profile-settings &gt; deleteProfile &gt; no-ops when id does not exist" time="0.000319563">
        </testcase>
        <testcase classname="src/main/services/profile-settings.test.ts" name="profile-settings &gt; resolveProfileEnv &gt; expands ~ to home directory for matching orchestrator" time="0.000403128">
        </testcase>
        <testcase classname="src/main/services/profile-settings.test.ts" name="profile-settings &gt; resolveProfileEnv &gt; returns undefined for orchestrator not in profile" time="0.000144628">
        </testcase>
        <testcase classname="src/main/services/profile-settings.test.ts" name="profile-settings &gt; resolveProfileEnv &gt; expands standalone ~" time="0.000188339">
        </testcase>
        <testcase classname="src/main/services/profile-settings.test.ts" name="profile-settings &gt; resolveProfileEnv &gt; leaves absolute paths unchanged" time="0.000194872">
        </testcase>
        <testcase classname="src/main/services/profile-settings.test.ts" name="profile-settings &gt; resolveProfileEnv &gt; handles multiple env vars" time="0.000238162">
        </testcase>
        <testcase classname="src/main/services/profile-settings.test.ts" name="profile-settings &gt; resolveProfileEnv &gt; handles empty env for matching orchestrator" time="0.000213466">
        </testcase>
        <testcase classname="src/main/services/profile-settings.test.ts" name="profile-settings &gt; resolveProfileEnv &gt; handles profile with multiple orchestrators" time="0.000257277">
        </testcase>
    </testsuite>
    <testsuite name="src/main/services/project-store.test.ts" timestamp="2026-03-25T04:47:29.647Z" hostname="runnervm46oaq" tests="65" failures="0" errors="0" skipped="0" time="0.049060178">
        <testcase classname="src/main/services/project-store.test.ts" name="migrate (tested via list) &gt; null (no file) returns empty v1" time="0.002645353">
        </testcase>
        <testcase classname="src/main/services/project-store.test.ts" name="migrate (tested via list) &gt; bare array (v0) migrates to v1" time="0.001314206">
        </testcase>
        <testcase classname="src/main/services/project-store.test.ts" name="migrate (tested via list) &gt; v1 object returned as-is" time="0.000556105">
        </testcase>
        <testcase classname="src/main/services/project-store.test.ts" name="migrate (tested via list) &gt; future version with projects preserves data" time="0.000576533">
        </testcase>
        <testcase classname="src/main/services/project-store.test.ts" name="migrate (tested via list) &gt; future version without projects returns empty" time="0.000468141">
        </testcase>
        <testcase classname="src/main/services/project-store.test.ts" name="list &gt; returns [] when no file" time="0.000357866">
        </testcase>
        <testcase classname="src/main/services/project-store.test.ts" name="list &gt; returns [] on corrupt JSON" time="0.000413801">
        </testcase>
        <testcase classname="src/main/services/project-store.test.ts" name="add &gt; generates proj_ prefixed ID and uses basename as name" time="0.001371262">
        </testcase>
        <testcase classname="src/main/services/project-store.test.ts" name="remove &gt; filters by id and cleans up icon when project has no icon" time="0.001659388">
        </testcase>
        <testcase classname="src/main/services/project-store.test.ts" name="remove &gt; preserves icon file when project has an icon" time="0.001001744">
        </testcase>
        <testcase classname="src/main/services/project-store.test.ts" name="icon preservation across close/reopen (#209) &gt; re-adding same path restores the preserved icon" time="0.00077395">
        </testcase>
        <testcase classname="src/main/services/project-store.test.ts" name="icon preservation across close/reopen (#209) &gt; add without preserved icon returns no icon" time="0.000602581">
        </testcase>
        <testcase classname="src/main/services/project-store.test.ts" name="icon preservation across close/reopen (#209) &gt; different paths get different preserved keys" time="0.000570771">
        </testcase>
        <testcase classname="src/main/services/project-store.test.ts" name="settings preservation across close/reopen &gt; remove preserves displayName, color, orchestrator, and previous ID to sidecar" time="0.000601028">
        </testcase>
        <testcase classname="src/main/services/project-store.test.ts" name="settings preservation across close/reopen &gt; remove with no custom settings still writes sidecar with previous ID" time="0.000554953">
        </testcase>
        <testcase classname="src/main/services/project-store.test.ts" name="settings preservation across close/reopen &gt; re-adding same path restores preserved settings" time="0.000993459">
        </testcase>
        <testcase classname="src/main/services/project-store.test.ts" name="settings preservation across close/reopen &gt; re-adding different path does not pick up another path settings" time="0.000509098">
        </testcase>
        <testcase classname="src/main/services/project-store.test.ts" name="settings preservation across close/reopen &gt; migrates badge overrides from old project ID to new ID on re-add" time="0.002229569">
        </testcase>
        <testcase classname="src/main/services/project-store.test.ts" name="settings preservation across close/reopen &gt; migrates sound overrides from old project ID to new ID on re-add" time="0.000842558">
        </testcase>
        <testcase classname="src/main/services/project-store.test.ts" name="settings preservation across close/reopen &gt; skips migration when no previous ID in sidecar" time="0.000513856">
        </testcase>
        <testcase classname="src/main/services/project-store.test.ts" name="update &gt; sets/clears color, icon, name correctly" time="0.000669306">
        </testcase>
        <testcase classname="src/main/services/project-store.test.ts" name="update &gt; empty string name is ignored" time="0.000299217">
        </testcase>
        <testcase classname="src/main/services/project-store.test.ts" name="update &gt; non-existent id is a no-op" time="0.000305859">
        </testcase>
        <testcase classname="src/main/services/project-store.test.ts" name="reorder &gt; reorders by orderedIds and appends missing" time="0.001772787">
        </testcase>
        <testcase classname="src/main/services/project-store.test.ts" name="sequential update correctness (no lost updates) &gt; sequential add() calls do not lose projects" time="0.001397621">
        </testcase>
        <testcase classname="src/main/services/project-store.test.ts" name="sequential update correctness (no lost updates) &gt; sequential update() calls each see the result of the previous update" time="0.000670238">
        </testcase>
        <testcase classname="src/main/services/project-store.test.ts" name="sequential update correctness (no lost updates) &gt; sequential remove() calls do not lose removals" time="0.000943706">
        </testcase>
        <testcase classname="src/main/services/project-store.test.ts" name="sequential update correctness (no lost updates) &gt; update() does not mutate the projects array read from disk" time="0.000545976">
        </testcase>
        <testcase classname="src/main/services/project-store.test.ts" name="readIconData &gt; correct MIME types" time="0.000726231">
        </testcase>
        <testcase classname="src/main/services/project-store.test.ts" name="readIconData &gt; null when file missing" time="0.000351664">
        </testcase>
        <testcase classname="src/main/services/project-store.test.ts" name="readIconData &gt; base64 encoding" time="0.000323422">
        </testcase>
        <testcase classname="src/main/services/project-store.test.ts" name="filesystem error handling &gt; writeFile failure during add does not corrupt state" time="0.002217917">
        </testcase>
        <testcase classname="src/main/services/project-store.test.ts" name="filesystem error handling &gt; writeFile failure during update propagates error" time="0.000549903">
        </testcase>
        <testcase classname="src/main/services/project-store.test.ts" name="filesystem error handling &gt; readFile throwing non-JSON error returns empty list" time="0.000393483">
        </testcase>
        <testcase classname="src/main/services/project-store.test.ts" name="filesystem error handling &gt; readdir failure in removeIconFile is silently caught" time="0.000766376">
        </testcase>
        <testcase classname="src/main/services/project-store.test.ts" name="filesystem error handling &gt; unlink failure in removeIconFile is silently caught" time="0.00039737">
        </testcase>
        <testcase classname="src/main/services/project-store.test.ts" name="filesystem error handling &gt; copyFile failure in setIcon propagates error" time="0.000701676">
        </testcase>
        <testcase classname="src/main/services/project-store.test.ts" name="filesystem error handling &gt; rename failure during icon preservation is silently caught" time="0.000826558">
        </testcase>
        <testcase classname="src/main/services/project-store.test.ts" name="filesystem error handling &gt; corrupt preserved settings sidecar returns empty object gracefully" time="0.000625584">
        </testcase>
        <testcase classname="src/main/services/project-store.test.ts" name="setIcon &gt; copies file and updates project icon field" time="0.000700744">
        </testcase>
        <testcase classname="src/main/services/project-store.test.ts" name="setIcon &gt; removes old icon file before setting new one" time="0.000612569">
        </testcase>
        <testcase classname="src/main/services/project-store.test.ts" name="setIcon &gt; uses source file extension" time="0.000412668">
        </testcase>
        <testcase classname="src/main/services/project-store.test.ts" name="setIcon &gt; defaults to .png when source has no extension" time="0.000409442">
        </testcase>
        <testcase classname="src/main/services/project-store.test.ts" name="saveCroppedIcon &gt; strips data URL prefix and writes PNG buffer" time="0.000888283">
        </testcase>
        <testcase classname="src/main/services/project-store.test.ts" name="saveCroppedIcon &gt; handles webp data URL prefix" time="0.000464555">
        </testcase>
        <testcase classname="src/main/services/project-store.test.ts" name="saveCroppedIcon &gt; updates project icon field in store" time="0.000600999">
        </testcase>
        <testcase classname="src/main/services/project-store.test.ts" name="update — additional edge cases &gt; sets displayName" time="0.000425763">
        </testcase>
        <testcase classname="src/main/services/project-store.test.ts" name="update — additional edge cases &gt; clears displayName with empty string" time="0.000437855">
        </testcase>
        <testcase classname="src/main/services/project-store.test.ts" name="update — additional edge cases &gt; sets orchestrator" time="0.00040318">
        </testcase>
        <testcase classname="src/main/services/project-store.test.ts" name="update — additional edge cases &gt; setting icon to empty string removes it and triggers file cleanup" time="0.000536118">
        </testcase>
        <testcase classname="src/main/services/project-store.test.ts" name="update — additional edge cases &gt; setting icon to a value updates it without file cleanup" time="0.000449456">
        </testcase>
        <testcase classname="src/main/services/project-store.test.ts" name="update — additional edge cases &gt; multiple fields can be updated simultaneously" time="0.000565272">
        </testcase>
        <testcase classname="src/main/services/project-store.test.ts" name="remove — additional edge cases &gt; removing nonexistent id is a no-op" time="0.000791793">
        </testcase>
        <testcase classname="src/main/services/project-store.test.ts" name="remove — additional edge cases &gt; removing from empty list is a no-op" time="0.000565643">
        </testcase>
        <testcase classname="src/main/services/project-store.test.ts" name="reorder — additional edge cases &gt; empty orderedIds appends all projects" time="0.000540065">
        </testcase>
        <testcase classname="src/main/services/project-store.test.ts" name="reorder — additional edge cases &gt; duplicate IDs in orderedIds does not duplicate projects" time="0.000713267">
        </testcase>
        <testcase classname="src/main/services/project-store.test.ts" name="reorder — additional edge cases &gt; unknown IDs in orderedIds are ignored" time="0.000564661">
        </testcase>
        <testcase classname="src/main/services/project-store.test.ts" name="readIconData — additional edge cases &gt; unknown extension defaults to image/png" time="0.000340995">
        </testcase>
        <testcase classname="src/main/services/project-store.test.ts" name="readIconData — additional edge cases &gt; ico extension uses image/x-icon" time="0.000355912">
        </testcase>
        <testcase classname="src/main/services/project-store.test.ts" name="readIconData — additional edge cases &gt; gif extension uses image/gif" time="0.000446922">
        </testcase>
        <testcase classname="src/main/services/project-store.test.ts" name="readIconData — additional edge cases &gt; webp extension uses image/webp" time="0.000324253">
        </testcase>
        <testcase classname="src/main/services/project-store.test.ts" name="readIconData — path traversal protection &gt; rejects ../ traversal" time="0.000382693">
        </testcase>
        <testcase classname="src/main/services/project-store.test.ts" name="readIconData — path traversal protection &gt; rejects absolute path" time="0.000311569">
        </testcase>
        <testcase classname="src/main/services/project-store.test.ts" name="readIconData — path traversal protection &gt; rejects path with embedded traversal" time="0.000321519">
        </testcase>
        <testcase classname="src/main/services/project-store.test.ts" name="readIconData — path traversal protection &gt; allows simple filename" time="0.000356333">
        </testcase>
    </testsuite>
    <testsuite name="src/main/services/pty-headless-terminal.test.ts" timestamp="2026-03-25T04:47:29.656Z" hostname="runnervm46oaq" tests="8" failures="0" errors="0" skipped="0" time="0.011667104">
        <testcase classname="src/main/services/pty-headless-terminal.test.ts" name="pty-headless-terminal &gt; feedData &gt; creates a headless terminal on first data feed" time="0.004803075">
        </testcase>
        <testcase classname="src/main/services/pty-headless-terminal.test.ts" name="pty-headless-terminal &gt; feedData &gt; reuses existing terminal on subsequent feeds" time="0.000788096">
        </testcase>
        <testcase classname="src/main/services/pty-headless-terminal.test.ts" name="pty-headless-terminal &gt; resize &gt; resizes existing terminal" time="0.00072048">
        </testcase>
        <testcase classname="src/main/services/pty-headless-terminal.test.ts" name="pty-headless-terminal &gt; resize &gt; does nothing for unknown agent" time="0.000571062">
        </testcase>
        <testcase classname="src/main/services/pty-headless-terminal.test.ts" name="pty-headless-terminal &gt; serialize &gt; returns serialized content for existing terminal" time="0.000656661">
        </testcase>
        <testcase classname="src/main/services/pty-headless-terminal.test.ts" name="pty-headless-terminal &gt; serialize &gt; returns empty string for unknown agent" time="0.000315807">
        </testcase>
        <testcase classname="src/main/services/pty-headless-terminal.test.ts" name="pty-headless-terminal &gt; dispose &gt; disposes terminal and serializer and removes session" time="0.000669065">
        </testcase>
        <testcase classname="src/main/services/pty-headless-terminal.test.ts" name="pty-headless-terminal &gt; dispose &gt; does nothing for unknown agent" time="0.000319254">
        </testcase>
    </testsuite>
    <testsuite name="src/main/services/pty-manager.test.ts" timestamp="2026-03-25T04:47:29.657Z" hostname="runnervm46oaq" tests="111" failures="0" errors="0" skipped="0" time="0.116509691">
        <testcase classname="src/main/services/pty-manager.test.ts" name="pty-manager &gt; getBuffer &gt; returns empty string for unknown agent" time="0.002134962">
        </testcase>
        <testcase classname="src/main/services/pty-manager.test.ts" name="pty-manager &gt; getSerializedBuffer &gt; returns serialized headless terminal content when available" time="0.00156958">
        </testcase>
        <testcase classname="src/main/services/pty-manager.test.ts" name="pty-manager &gt; getSerializedBuffer &gt; falls back to raw buffer when headless terminal returns empty" time="0.000758151">
        </testcase>
        <testcase classname="src/main/services/pty-manager.test.ts" name="pty-manager &gt; getSerializedBuffer &gt; returns empty string for unknown agent" time="0.000381419">
        </testcase>
        <testcase classname="src/main/services/pty-manager.test.ts" name="pty-manager &gt; headless terminal integration &gt; feeds PTY data to headless terminal" time="0.001670839">
        </testcase>
        <testcase classname="src/main/services/pty-manager.test.ts" name="pty-manager &gt; headless terminal integration &gt; resizes headless terminal on pty resize" time="0.000823783">
        </testcase>
        <testcase classname="src/main/services/pty-manager.test.ts" name="pty-manager &gt; headless terminal integration &gt; disposes headless terminal on PTY exit" time="0.001291844">
        </testcase>
        <testcase classname="src/main/services/pty-manager.test.ts" name="pty-manager &gt; headless terminal integration &gt; disposes headless terminal on kill" time="0.000738684">
        </testcase>
        <testcase classname="src/main/services/pty-manager.test.ts" name="pty-manager &gt; spawn + buffer &gt; clears previous buffer on spawn" time="0.001270504">
        </testcase>
        <testcase classname="src/main/services/pty-manager.test.ts" name="pty-manager &gt; spawn + buffer &gt; kills existing PTY for same agentId" time="0.001278259">
        </testcase>
        <testcase classname="src/main/services/pty-manager.test.ts" name="pty-manager &gt; appendToBuffer (via spawn + onData) &gt; stores and concatenates data" time="0.000631565">
        </testcase>
        <testcase classname="src/main/services/pty-manager.test.ts" name="pty-manager &gt; appendToBuffer (via spawn + onData) &gt; reuses the joined buffer until new data arrives" time="0.003616563">
        </testcase>
        <testcase classname="src/main/services/pty-manager.test.ts" name="pty-manager &gt; appendToBuffer (via spawn + onData) &gt; evicts oldest chunks when &gt;2MB" time="0.002757562">
        </testcase>
        <testcase classname="src/main/services/pty-manager.test.ts" name="pty-manager &gt; appendToBuffer (via spawn + onData) &gt; drops evicted chunks from a previously cached buffer" time="0.008447495">
        </testcase>
        <testcase classname="src/main/services/pty-manager.test.ts" name="pty-manager &gt; appendToBuffer (via spawn + onData) &gt; keeps last chunk even if it alone exceeds limit" time="0.000842047">
        </testcase>
        <testcase classname="src/main/services/pty-manager.test.ts" name="pty-manager &gt; appendToBuffer (via spawn + onData) &gt; independent buffers per agent" time="0.001327781">
        </testcase>
        <testcase classname="src/main/services/pty-manager.test.ts" name="pty-manager &gt; appendToBuffer (via spawn + onData) &gt; suppresses shell startup data and auto-fires pending command" time="0.002188201">
        </testcase>
        <testcase classname="src/main/services/pty-manager.test.ts" name="pty-manager &gt; appendToBuffer (via spawn + onData) &gt; auto-fires pending command on first shell data without requiring resize" time="0.001401287">
        </testcase>
        <testcase classname="src/main/services/pty-manager.test.ts" name="pty-manager &gt; appendToBuffer (via spawn + onData) &gt; prefixes exec with screen-clear on Unix to suppress echo noise" time="0.002540207">
        </testcase>
        <testcase classname="src/main/services/pty-manager.test.ts" name="pty-manager &gt; spawnShell &gt; spawns a shell without pendingCommand" time="0.000726672">
        </testcase>
        <testcase classname="src/main/services/pty-manager.test.ts" name="pty-manager &gt; spawnShell &gt; kills existing session with same id" time="0.000734567">
        </testcase>
        <testcase classname="src/main/services/pty-manager.test.ts" name="pty-manager &gt; spawnShell &gt; registers onExit handler" time="0.000473551">
        </testcase>
        <testcase classname="src/main/services/pty-manager.test.ts" name="pty-manager &gt; write &gt; writes data to the PTY process" time="0.000593776">
        </testcase>
        <testcase classname="src/main/services/pty-manager.test.ts" name="pty-manager &gt; write &gt; does nothing for unknown agent" time="0.000280512">
        </testcase>
        <testcase classname="src/main/services/pty-manager.test.ts" name="pty-manager &gt; write &gt; rejects oversized writes (defense-in-depth)" time="0.000507494">
        </testcase>
        <testcase classname="src/main/services/pty-manager.test.ts" name="pty-manager &gt; write &gt; accepts writes at exactly the max length" time="0.000614243">
        </testcase>
        <testcase classname="src/main/services/pty-manager.test.ts" name="pty-manager &gt; resize &gt; resizes the PTY process" time="0.000479372">
        </testcase>
        <testcase classname="src/main/services/pty-manager.test.ts" name="pty-manager &gt; resize &gt; fires pending command on first resize" time="0.000576703">
        </testcase>
        <testcase classname="src/main/services/pty-manager.test.ts" name="pty-manager &gt; resize &gt; does not fire pending command on subsequent resize" time="0.000517102">
        </testcase>
        <testcase classname="src/main/services/pty-manager.test.ts" name="pty-manager &gt; resize &gt; does nothing for unknown agent" time="0.000173643">
        </testcase>
        <testcase classname="src/main/services/pty-manager.test.ts" name="pty-manager &gt; gracefulKill &gt; writes /exit to process" time="0.000558149">
        </testcase>
        <testcase classname="src/main/services/pty-manager.test.ts" name="pty-manager &gt; gracefulKill &gt; uses custom exit command" time="0.00047838">
        </testcase>
        <testcase classname="src/main/services/pty-manager.test.ts" name="pty-manager &gt; gracefulKill &gt; does nothing for unknown agent" time="0.000143196">
        </testcase>
        <testcase classname="src/main/services/pty-manager.test.ts" name="pty-manager &gt; gracefulKill &gt; sends EOF after 3s, SIGTERM after 6s, hard kill after 9s" time="0.003001155">
        </testcase>
        <testcase classname="src/main/services/pty-manager.test.ts" name="pty-manager &gt; gracefulKill &gt; skips escalation if agent exits before timeout" time="0.000899664">
        </testcase>
        <testcase classname="src/main/services/pty-manager.test.ts" name="pty-manager &gt; gracefulKill &gt; clears all three timers when session exits early via cleanupSession" time="0.000937123">
        </testcase>
        <testcase classname="src/main/services/pty-manager.test.ts" name="pty-manager &gt; gracefulKill &gt; double gracefulKill clears previous timers to prevent leaked escalation" time="0.000861974">
        </testcase>
        <testcase classname="src/main/services/pty-manager.test.ts" name="pty-manager &gt; gracefulKill &gt; does not act on stale session if agent is re-spawned during gracefulKill" time="0.001023615">
        </testcase>
        <testcase classname="src/main/services/pty-manager.test.ts" name="pty-manager &gt; gracefulKill &gt; broadcasts PTY.EXIT when the 9s kill timer fires on a stuck process" time="0.000836567">
        </testcase>
        <testcase classname="src/main/services/pty-manager.test.ts" name="pty-manager &gt; gracefulKill &gt; invokes onExit callback from 9s kill timer so registry is cleaned up (#566)" time="0.000798335">
        </testcase>
        <testcase classname="src/main/services/pty-manager.test.ts" name="pty-manager &gt; kill &gt; immediately kills and clears buffer" time="0.000540957">
        </testcase>
        <testcase classname="src/main/services/pty-manager.test.ts" name="pty-manager &gt; kill &gt; does nothing for unknown agent" time="0.000143217">
        </testcase>
        <testcase classname="src/main/services/pty-manager.test.ts" name="pty-manager &gt; killAll &gt; writes exit command to all sessions" time="0.000911927">
        </testcase>
        <testcase classname="src/main/services/pty-manager.test.ts" name="pty-manager &gt; killAll &gt; clears all sessions after kill timeout" time="0.000954596">
        </testcase>
        <testcase classname="src/main/services/pty-manager.test.ts" name="pty-manager &gt; killAll &gt; uses custom exit command" time="0.000488068">
        </testcase>
        <testcase classname="src/main/services/pty-manager.test.ts" name="pty-manager &gt; killAll &gt; returns a promise that resolves after cleanup" time="0.000922888">
        </testcase>
        <testcase classname="src/main/services/pty-manager.test.ts" name="pty-manager &gt; killAll &gt; resolves immediately when no sessions exist" time="0.000184573">
        </testcase>
        <testcase classname="src/main/services/pty-manager.test.ts" name="pty-manager &gt; killAll &gt; clears active gracefulKill timers via cleanupSession" time="0.000946692">
        </testcase>
        <testcase classname="src/main/services/pty-manager.test.ts" name="pty-manager &gt; command prefix &gt; prepends command prefix to pending command on Unix" time="0.000599064">
        </testcase>
        <testcase classname="src/main/services/pty-manager.test.ts" name="pty-manager &gt; command prefix &gt; prepends command prefix to pending command on Windows" time="0.000156912">
        </testcase>
        <testcase classname="src/main/services/pty-manager.test.ts" name="pty-manager &gt; command prefix &gt; does not alter command when prefix is undefined" time="0.000593645">
        </testcase>
        <testcase classname="src/main/services/pty-manager.test.ts" name="pty-manager &gt; spawn with extraEnv &gt; passes extraEnv to pty spawn" time="0.001258983">
        </testcase>
        <testcase classname="src/main/services/pty-manager.test.ts" name="pty-manager &gt; Windows cmd.exe wrapping &gt; spawns cmd.exe interactively on Windows (pendingCommand mechanism)" time="0.00016606">
        </testcase>
        <testcase classname="src/main/services/pty-manager.test.ts" name="pty-manager &gt; Windows cmd.exe wrapping &gt; fires properly quoted command with &amp; exit suffix on Windows resize" time="0.000206474">
        </testcase>
        <testcase classname="src/main/services/pty-manager.test.ts" name="pty-manager &gt; Windows cmd.exe wrapping &gt; removes CLAUDECODE env vars to prevent nested-session errors" time="0.000665538">
        </testcase>
        <testcase classname="src/main/services/pty-manager.test.ts" name="pty-manager &gt; Windows cmd.exe wrapping &gt; quotes mission text with spaces for Windows pendingCommand" time="0.000502325">
        </testcase>
        <testcase classname="src/main/services/pty-manager.test.ts" name="pty-manager &gt; gracefulKill — double-call timer leak &gt; does not duplicate EOF writes when gracefulKill is called twice" time="0.001136163">
        </testcase>
        <testcase classname="src/main/services/pty-manager.test.ts" name="pty-manager &gt; gracefulKill — double-call timer leak &gt; does not duplicate SIGTERM when gracefulKill is called twice" time="0.00083823">
        </testcase>
        <testcase classname="src/main/services/pty-manager.test.ts" name="pty-manager &gt; gracefulKill — double-call timer leak &gt; does not duplicate hard kill when gracefulKill is called twice" time="0.000856103">
        </testcase>
        <testcase classname="src/main/services/pty-manager.test.ts" name="pty-manager &gt; gracefulKill — leaked timer must not destroy replacement session &gt; new session survives leaked killTimer from double gracefulKill" time="0.00109588">
        </testcase>
        <testcase classname="src/main/services/pty-manager.test.ts" name="pty-manager &gt; gracefulKill — leaked timer must not destroy replacement session &gt; new session buffer is preserved after leaked timers fire" time="0.001073798">
        </testcase>
        <testcase classname="src/main/services/pty-manager.test.ts" name="pty-manager &gt; gracefulKill — timer identity guards &gt; timers do not fire on a replacement session after natural exit" time="0.001657054">
        </testcase>
        <testcase classname="src/main/services/pty-manager.test.ts" name="pty-manager &gt; isRunning &gt; returns true for active session" time="0.000500612">
        </testcase>
        <testcase classname="src/main/services/pty-manager.test.ts" name="pty-manager &gt; isRunning &gt; returns false for unknown agent" time="0.000160318">
        </testcase>
        <testcase classname="src/main/services/pty-manager.test.ts" name="pty-manager &gt; isRunning &gt; returns true during graceful kill (session still alive)" time="0.000531589">
        </testcase>
        <testcase classname="src/main/services/pty-manager.test.ts" name="pty-manager &gt; isRunning &gt; returns false after kill()" time="0.000481436">
        </testcase>
        <testcase classname="src/main/services/pty-manager.test.ts" name="pty-manager &gt; stale session sweep &gt; startStaleSweep and stopStaleSweep are idempotent" time="0.000293126">
        </testcase>
        <testcase classname="src/main/services/pty-manager.test.ts" name="pty-manager &gt; stale session sweep &gt; sweep cleans up sessions whose processes have died" time="0.002067738">
        </testcase>
        <testcase classname="src/main/services/pty-manager.test.ts" name="pty-manager &gt; stale session sweep &gt; sweep does not remove sessions with live processes" time="0.00093508">
        </testcase>
        <testcase classname="src/main/services/pty-manager.test.ts" name="pty-manager &gt; stale session sweep &gt; sweep invokes onExit callback so registry is cleaned up (#566)" time="0.001029897">
        </testcase>
        <testcase classname="src/main/services/pty-manager.test.ts" name="pty-manager &gt; spawn failure recovery &gt; propagates pty.spawn error" time="0.001905817">
        </testcase>
        <testcase classname="src/main/services/pty-manager.test.ts" name="pty-manager &gt; spawn failure recovery &gt; spawnShell propagates pty.spawn error" time="0.000808875">
        </testcase>
        <testcase classname="src/main/services/pty-manager.test.ts" name="pty-manager &gt; spawn failure recovery &gt; cleans up existing session before failing on re-spawn" time="0.001774652">
        </testcase>
        <testcase classname="src/main/services/pty-manager.test.ts" name="pty-manager &gt; onData/onExit session identity guards &gt; onData callback is ignored if session has been replaced" time="0.001302353">
        </testcase>
        <testcase classname="src/main/services/pty-manager.test.ts" name="pty-manager &gt; onData/onExit session identity guards &gt; onExit callback is ignored if session has been replaced" time="0.000961529">
        </testcase>
        <testcase classname="src/main/services/pty-manager.test.ts" name="pty-manager &gt; onData/onExit session identity guards &gt; onExit invokes the onExit callback with buffer content" time="0.000706044">
        </testcase>
        <testcase classname="src/main/services/pty-manager.test.ts" name="pty-manager &gt; onData/onExit session identity guards &gt; onExit broadcasts exit code and last output to renderer" time="0.000667311">
        </testcase>
        <testcase classname="src/main/services/pty-manager.test.ts" name="pty-manager &gt; onData/onExit session identity guards &gt; session is cleaned up after onExit fires" time="0.000488949">
        </testcase>
        <testcase classname="src/main/services/pty-manager.test.ts" name="pty-manager &gt; spawnShell lifecycle &gt; buffers data via appendToBuffer" time="0.000470576">
        </testcase>
        <testcase classname="src/main/services/pty-manager.test.ts" name="pty-manager &gt; spawnShell lifecycle &gt; broadcasts data on IPC" time="0.000457311">
        </testcase>
        <testcase classname="src/main/services/pty-manager.test.ts" name="pty-manager &gt; spawnShell lifecycle &gt; onExit cleans up session and broadcasts" time="0.000540957">
        </testcase>
        <testcase classname="src/main/services/pty-manager.test.ts" name="pty-manager &gt; buffer compaction &gt; compacts array after COMPACT_THRESHOLD evictions" time="0.016415266">
        </testcase>
        <testcase classname="src/main/services/pty-manager.test.ts" name="pty-manager &gt; killAll — additional edge cases &gt; handles write errors for dead processes gracefully" time="0.002800822">
        </testcase>
        <testcase classname="src/main/services/pty-manager.test.ts" name="pty-manager &gt; killAll — additional edge cases &gt; cleans up multiple sessions" time="0.001317401">
        </testcase>
        <testcase classname="src/main/services/pty-manager.test.ts" name="pty-manager &gt; gracefulKill — process already dead &gt; handles write error when process is already dead" time="0.000607189">
        </testcase>
        <testcase classname="src/main/services/pty-manager.test.ts" name="pty-manager &gt; gracefulKill — process already dead &gt; escalation timers handle dead process gracefully" time="0.000649659">
        </testcase>
        <testcase classname="src/main/services/pty-manager.test.ts" name="pty-manager &gt; winQuoteArg &gt; handles empty string argument" time="0.000152053">
        </testcase>
        <testcase classname="src/main/services/pty-manager.test.ts" name="pty-manager &gt; validateSpawnCwd &gt; accepts a valid absolute directory path" time="0.000442473">
        </testcase>
        <testcase classname="src/main/services/pty-manager.test.ts" name="pty-manager &gt; validateSpawnCwd &gt; returns the resolved real path" time="0.000213938">
        </testcase>
        <testcase classname="src/main/services/pty-manager.test.ts" name="pty-manager &gt; validateSpawnCwd &gt; rejects relative paths" time="0.000303886">
        </testcase>
        <testcase classname="src/main/services/pty-manager.test.ts" name="pty-manager &gt; validateSpawnCwd &gt; rejects dot-relative paths" time="0.000348538">
        </testcase>
        <testcase classname="src/main/services/pty-manager.test.ts" name="pty-manager &gt; validateSpawnCwd &gt; rejects paths that do not exist" time="0.000346374">
        </testcase>
        <testcase classname="src/main/services/pty-manager.test.ts" name="pty-manager &gt; validateSpawnCwd &gt; rejects paths where stat fails" time="0.00035451">
        </testcase>
        <testcase classname="src/main/services/pty-manager.test.ts" name="pty-manager &gt; validateSpawnCwd &gt; rejects paths that are files, not directories" time="0.000389876">
        </testcase>
        <testcase classname="src/main/services/pty-manager.test.ts" name="pty-manager &gt; validateSpawnCwd &gt; rejects /etc as a sensitive directory (unix)" time="0.000323772">
        </testcase>
        <testcase classname="src/main/services/pty-manager.test.ts" name="pty-manager &gt; validateSpawnCwd &gt; rejects subdirectories of /etc (unix)" time="0.000278779">
        </testcase>
        <testcase classname="src/main/services/pty-manager.test.ts" name="pty-manager &gt; validateSpawnCwd &gt; rejects /sbin (unix)" time="0.000233905">
        </testcase>
        <testcase classname="src/main/services/pty-manager.test.ts" name="pty-manager &gt; validateSpawnCwd &gt; rejects /System on macOS" time="0.000233284">
        </testcase>
        <testcase classname="src/main/services/pty-manager.test.ts" name="pty-manager &gt; validateSpawnCwd &gt; rejects /private/etc (macOS symlink target)" time="0.000226952">
        </testcase>
        <testcase classname="src/main/services/pty-manager.test.ts" name="pty-manager &gt; validateSpawnCwd &gt; rejects /Library" time="0.000389334">
        </testcase>
        <testcase classname="src/main/services/pty-manager.test.ts" name="pty-manager &gt; validateSpawnCwd &gt; rejects C:\Windows as a sensitive directory (win32)" time="0.000163304">
        </testcase>
        <testcase classname="src/main/services/pty-manager.test.ts" name="pty-manager &gt; validateSpawnCwd &gt; rejects subdirectories of C:\Windows (win32)" time="0.000153816">
        </testcase>
        <testcase classname="src/main/services/pty-manager.test.ts" name="pty-manager &gt; validateSpawnCwd &gt; rejects path traversal resolving to sensitive directory" time="0.00032738">
        </testcase>
        <testcase classname="src/main/services/pty-manager.test.ts" name="pty-manager &gt; validateSpawnCwd &gt; accepts /tmp as a valid directory" time="0.000305097">
        </testcase>
        <testcase classname="src/main/services/pty-manager.test.ts" name="pty-manager &gt; validateSpawnCwd &gt; accepts home directory paths" time="0.000282044">
        </testcase>
        <testcase classname="src/main/services/pty-manager.test.ts" name="pty-manager &gt; spawn path validation &gt; spawn rejects sensitive cwd" time="0.000391759">
        </testcase>
        <testcase classname="src/main/services/pty-manager.test.ts" name="pty-manager &gt; spawn path validation &gt; spawn rejects relative cwd" time="0.000382502">
        </testcase>
        <testcase classname="src/main/services/pty-manager.test.ts" name="pty-manager &gt; spawn path validation &gt; spawnShell rejects sensitive projectPath" time="0.00048871">
        </testcase>
        <testcase classname="src/main/services/pty-manager.test.ts" name="pty-manager &gt; spawn path validation &gt; spawnShell rejects relative projectPath" time="0.000309146">
        </testcase>
        <testcase classname="src/main/services/pty-manager.test.ts" name="pty-manager &gt; spawn path validation &gt; spawnShell rejects path-traversal projectPath" time="0.000432404">
        </testcase>
        <testcase classname="src/main/services/pty-manager.test.ts" name="pty-manager &gt; getLastActivity &gt; returns null for non-existent agent" time="0.000246128">
        </testcase>
    </testsuite>
    <testsuite name="src/main/services/release-message-parsing.test.ts" timestamp="2026-03-25T04:47:29.673Z" hostname="runnervm46oaq" tests="14" failures="0" errors="0" skipped="0" time="0.011788892">
        <testcase classname="src/main/services/release-message-parsing.test.ts" name="release message parsing (workflow shell pipeline) &gt; extractReleaseMessage &gt; extracts title from &quot;Release: ...&quot; first line" time="0.00280086">
        </testcase>
        <testcase classname="src/main/services/release-message-parsing.test.ts" name="release message parsing (workflow shell pipeline) &gt; extractReleaseMessage &gt; returns empty when PR body has no Release: prefix" time="0.000313593">
        </testcase>
        <testcase classname="src/main/services/release-message-parsing.test.ts" name="release message parsing (workflow shell pipeline) &gt; extractReleaseMessage &gt; returns empty for empty body" time="0.000261947">
        </testcase>
        <testcase classname="src/main/services/release-message-parsing.test.ts" name="release message parsing (workflow shell pipeline) &gt; extractReleaseMessage &gt; handles title with special characters" time="0.000313042">
        </testcase>
        <testcase classname="src/main/services/release-message-parsing.test.ts" name="release message parsing (workflow shell pipeline) &gt; extractReleaseMessage &gt; does not match &quot;Release:&quot; on non-first lines" time="0.000292765">
        </testcase>
        <testcase classname="src/main/services/release-message-parsing.test.ts" name="release message parsing (workflow shell pipeline) &gt; extractReleaseNotes &gt; strips Release: line and returns remaining content" time="0.000877983">
        </testcase>
        <testcase classname="src/main/services/release-message-parsing.test.ts" name="release message parsing (workflow shell pipeline) &gt; extractReleaseNotes &gt; preserves body as-is when no Release: line" time="0.000527822">
        </testcase>
        <testcase classname="src/main/services/release-message-parsing.test.ts" name="release message parsing (workflow shell pipeline) &gt; extractReleaseNotes &gt; strips test plan section" time="0.000518936">
        </testcase>
        <testcase classname="src/main/services/release-message-parsing.test.ts" name="release message parsing (workflow shell pipeline) &gt; extractReleaseNotes &gt; strips Co-Authored-By lines" time="0.000833691">
        </testcase>
        <testcase classname="src/main/services/release-message-parsing.test.ts" name="release message parsing (workflow shell pipeline) &gt; extractReleaseNotes &gt; strips Claude Code generated line" time="0.000423448">
        </testcase>
        <testcase classname="src/main/services/release-message-parsing.test.ts" name="release message parsing (workflow shell pipeline) &gt; extractReleaseNotes &gt; strips emoji bot lines" time="0.000497385">
        </testcase>
        <testcase classname="src/main/services/release-message-parsing.test.ts" name="release message parsing (workflow shell pipeline) &gt; extractReleaseNotes &gt; trims leading blank lines after stripping Release: line" time="0.000304817">
        </testcase>
        <testcase classname="src/main/services/release-message-parsing.test.ts" name="release message parsing (workflow shell pipeline) &gt; extractReleaseNotes &gt; trims trailing blank lines" time="0.000256277">
        </testcase>
        <testcase classname="src/main/services/release-message-parsing.test.ts" name="release message parsing (workflow shell pipeline) &gt; extractReleaseNotes &gt; handles full realistic PR body" time="0.00068275">
        </testcase>
    </testsuite>
    <testsuite name="src/main/services/restart-session-service.test.ts" timestamp="2026-03-25T04:47:29.675Z" hostname="runnervm46oaq" tests="14" failures="0" errors="0" skipped="0" time="0.017755421">
        <testcase classname="src/main/services/restart-session-service.test.ts" name="restart-session-service &gt; captureSessionState &gt; writes state file with PTY agents only" time="0.005245031">
        </testcase>
        <testcase classname="src/main/services/restart-session-service.test.ts" name="restart-session-service &gt; captureSessionState &gt; sets manual strategy when orchestrator lacks session capability" time="0.001171493">
        </testcase>
        <testcase classname="src/main/services/restart-session-service.test.ts" name="restart-session-service &gt; loadPendingResume &gt; returns null when file does not exist" time="0.000646248">
        </testcase>
        <testcase classname="src/main/services/restart-session-service.test.ts" name="restart-session-service &gt; loadPendingResume &gt; returns null and deletes file when version mismatches" time="0.000934203">
        </testcase>
        <testcase classname="src/main/services/restart-session-service.test.ts" name="restart-session-service &gt; loadPendingResume &gt; returns null and deletes file when stale (&gt;24h)" time="0.000903857">
        </testcase>
        <testcase classname="src/main/services/restart-session-service.test.ts" name="restart-session-service &gt; loadPendingResume &gt; returns sessions when file is valid and fresh" time="0.001021685">
        </testcase>
        <testcase classname="src/main/services/restart-session-service.test.ts" name="restart-session-service &gt; clearPendingResume &gt; deletes the state file" time="0.001751399">
        </testcase>
        <testcase classname="src/main/services/restart-session-service.test.ts" name="restart-session-service &gt; clearPendingResume &gt; does not throw when file does not exist" time="0.000611565">
        </testcase>
        <testcase classname="src/main/services/restart-session-service.test.ts" name="restart-session-service &gt; getLiveAgentsForUpdate &gt; returns empty array when no agents are registered" time="0.001048054">
        </testcase>
        <testcase classname="src/main/services/restart-session-service.test.ts" name="restart-session-service &gt; getLiveAgentsForUpdate &gt; returns only PTY agents, filtering out headless and structured runtimes" time="0.000505648">
        </testcase>
        <testcase classname="src/main/services/restart-session-service.test.ts" name="restart-session-service &gt; getLiveAgentsForUpdate &gt; classifies agent as working when lastActivity is within 5 seconds" time="0.000483457">
        </testcase>
        <testcase classname="src/main/services/restart-session-service.test.ts" name="restart-session-service &gt; getLiveAgentsForUpdate &gt; classifies agent as idle when lastActivity is older than 5 seconds" time="0.000447439">
        </testcase>
        <testcase classname="src/main/services/restart-session-service.test.ts" name="restart-session-service &gt; getLiveAgentsForUpdate &gt; classifies agent as idle when lastActivity is null (no PTY data yet)" time="0.000424107">
        </testcase>
        <testcase classname="src/main/services/restart-session-service.test.ts" name="restart-session-service &gt; getLiveAgentsForUpdate &gt; handles multiple agents across different projects" time="0.00056582">
        </testcase>
    </testsuite>
    <testsuite name="src/main/services/safe-mode.test.ts" timestamp="2026-03-25T04:47:29.677Z" hostname="runnervm46oaq" tests="12" failures="0" errors="0" skipped="0" time="0.01443897">
        <testcase classname="src/main/services/safe-mode.test.ts" name="safe-mode &gt; readMarker &gt; returns parsed marker when file exists" time="0.003752992">
        </testcase>
        <testcase classname="src/main/services/safe-mode.test.ts" name="safe-mode &gt; readMarker &gt; returns null when file does not exist" time="0.000565102">
        </testcase>
        <testcase classname="src/main/services/safe-mode.test.ts" name="safe-mode &gt; readMarker &gt; returns null on corrupt JSON" time="0.00033347">
        </testcase>
        <testcase classname="src/main/services/safe-mode.test.ts" name="safe-mode &gt; writeMarker &gt; creates marker with attempt=1 when no existing marker" time="0.002269792">
        </testcase>
        <testcase classname="src/main/services/safe-mode.test.ts" name="safe-mode &gt; writeMarker &gt; increments attempt when existing marker exists" time="0.000696085">
        </testcase>
        <testcase classname="src/main/services/safe-mode.test.ts" name="safe-mode &gt; clearMarker &gt; deletes the marker file" time="0.000417517">
        </testcase>
        <testcase classname="src/main/services/safe-mode.test.ts" name="safe-mode &gt; clearMarker &gt; does not throw when file does not exist" time="0.001181448">
        </testcase>
        <testcase classname="src/main/services/safe-mode.test.ts" name="safe-mode &gt; shouldShowSafeModeDialog &gt; returns false when no marker exists" time="0.000348669">
        </testcase>
        <testcase classname="src/main/services/safe-mode.test.ts" name="safe-mode &gt; shouldShowSafeModeDialog &gt; returns false when attempt is 1" time="0.00074759">
        </testcase>
        <testcase classname="src/main/services/safe-mode.test.ts" name="safe-mode &gt; shouldShowSafeModeDialog &gt; returns true when attempt is 2" time="0.000381851">
        </testcase>
        <testcase classname="src/main/services/safe-mode.test.ts" name="safe-mode &gt; shouldShowSafeModeDialog &gt; returns true when attempt is greater than 2" time="0.000387121">
        </testcase>
        <testcase classname="src/main/services/safe-mode.test.ts" name="safe-mode &gt; incrementAttempt &gt; calls writeMarker (alias)" time="0.000455778">
        </testcase>
    </testsuite>
    <testsuite name="src/main/services/search-service.test.ts" timestamp="2026-03-25T04:47:29.679Z" hostname="runnervm46oaq" tests="15" failures="0" errors="0" skipped="0" time="0.16270922">
        <testcase classname="src/main/services/search-service.test.ts" name="search-service &gt; finds matches across multiple files" time="0.01852543">
        </testcase>
        <testcase classname="src/main/services/search-service.test.ts" name="search-service &gt; returns empty results for no matches" time="0.010916312">
        </testcase>
        <testcase classname="src/main/services/search-service.test.ts" name="search-service &gt; returns empty results for empty query" time="0.002405012">
        </testcase>
        <testcase classname="src/main/services/search-service.test.ts" name="search-service &gt; supports case-sensitive search" time="0.011115642">
        </testcase>
        <testcase classname="src/main/services/search-service.test.ts" name="search-service &gt; supports whole word matching" time="0.010931233">
        </testcase>
        <testcase classname="src/main/services/search-service.test.ts" name="search-service &gt; supports regex search" time="0.009525314">
        </testcase>
        <testcase classname="src/main/services/search-service.test.ts" name="search-service &gt; respects maxResults limit" time="0.008854487">
        </testcase>
        <testcase classname="src/main/services/search-service.test.ts" name="search-service &gt; matches contain line numbers and content" time="0.009520697">
        </testcase>
        <testcase classname="src/main/services/search-service.test.ts" name="search-service &gt; supports include globs" time="0.015676558">
        </testcase>
        <testcase classname="src/main/services/search-service.test.ts" name="search-service &gt; supports exclude globs" time="0.010264674">
        </testcase>
        <testcase classname="src/main/services/search-service.test.ts" name="search-service &gt; truncates long lineContent to prevent IPC serialization overflow" time="0.009617353">
        </testcase>
        <testcase classname="src/main/services/search-service.test.ts" name="search-service &gt; does not truncate short lineContent" time="0.009088662">
        </testcase>
        <testcase classname="src/main/services/search-service.test.ts" name="search-service &gt; uses reduced default max results (1000) to prevent large payloads" time="0.015916299">
        </testcase>
        <testcase classname="src/main/services/search-service.test.ts" name="search-service &gt; initializeRipgrep pre-warms the cache so searchFiles does not block" time="0.009203685">
        </testcase>
        <testcase classname="src/main/services/search-service.test.ts" name="search-service &gt; searchFiles works without explicit initializeRipgrep (lazy init)" time="0.00923302">
        </testcase>
    </testsuite>
    <testsuite name="src/main/services/session-reader.test.ts" timestamp="2026-03-25T04:47:29.681Z" hostname="runnervm46oaq" tests="33" failures="0" errors="0" skipped="0" time="0.014510476">
        <testcase classname="src/main/services/session-reader.test.ts" name="normalizeSessionEvents &gt; returns empty array for empty input" time="0.001960057">
        </testcase>
        <testcase classname="src/main/services/session-reader.test.ts" name="normalizeSessionEvents &gt; converts user-type events to user_message" time="0.001206344">
        </testcase>
        <testcase classname="src/main/services/session-reader.test.ts" name="normalizeSessionEvents &gt; converts user-type events with string message" time="0.000366181">
        </testcase>
        <testcase classname="src/main/services/session-reader.test.ts" name="normalizeSessionEvents &gt; converts assistant-type events with text blocks to assistant_message" time="0.000474823">
        </testcase>
        <testcase classname="src/main/services/session-reader.test.ts" name="normalizeSessionEvents &gt; converts assistant-type events with tool_use blocks" time="0.000414761">
        </testcase>
        <testcase classname="src/main/services/session-reader.test.ts" name="normalizeSessionEvents &gt; tracks filePath for Edit tool" time="0.00018825">
        </testcase>
        <testcase classname="src/main/services/session-reader.test.ts" name="normalizeSessionEvents &gt; does not set filePath for non-file tools" time="0.000239686">
        </testcase>
        <testcase classname="src/main/services/session-reader.test.ts" name="normalizeSessionEvents &gt; converts result-type events" time="0.000417777">
        </testcase>
        <testcase classname="src/main/services/session-reader.test.ts" name="normalizeSessionEvents &gt; converts system-type events" time="0.000604614">
        </testcase>
        <testcase classname="src/main/services/session-reader.test.ts" name="normalizeSessionEvents &gt; handles multiple content blocks in a single assistant event" time="0.000347567">
        </testcase>
        <testcase classname="src/main/services/session-reader.test.ts" name="normalizeSessionEvents &gt; generates unique IDs for each event" time="0.000355501">
        </testcase>
        <testcase classname="src/main/services/session-reader.test.ts" name="normalizeSessionEvents &gt; uses explicit timestamp when present" time="0.000142135">
        </testcase>
        <testcase classname="src/main/services/session-reader.test.ts" name="normalizeSessionEvents &gt; handles legacy content_block_start events" time="0.000228165">
        </testcase>
        <testcase classname="src/main/services/session-reader.test.ts" name="normalizeSessionEvents &gt; converts role:user events to user_message" time="0.000359008">
        </testcase>
        <testcase classname="src/main/services/session-reader.test.ts" name="normalizeSessionEvents &gt; converts role:human events to user_message" time="0.000224137">
        </testcase>
        <testcase classname="src/main/services/session-reader.test.ts" name="normalizeSessionEvents &gt; converts role:assistant events with text blocks" time="0.00035999">
        </testcase>
        <testcase classname="src/main/services/session-reader.test.ts" name="normalizeSessionEvents &gt; converts role:assistant events with tool_use blocks" time="0.000265655">
        </testcase>
        <testcase classname="src/main/services/session-reader.test.ts" name="normalizeSessionEvents &gt; converts role:assistant string content" time="0.000216373">
        </testcase>
        <testcase classname="src/main/services/session-reader.test.ts" name="normalizeSessionEvents &gt; handles mixed verbose and role-based formats in same stream" time="0.000235158">
        </testcase>
        <testcase classname="src/main/services/session-reader.test.ts" name="buildSessionSummary &gt; returns all-zero summary for empty events" time="0.000604394">
        </testcase>
        <testcase classname="src/main/services/session-reader.test.ts" name="buildSessionSummary &gt; aggregates tool calls" time="0.000831777">
        </testcase>
        <testcase classname="src/main/services/session-reader.test.ts" name="buildSessionSummary &gt; extracts summary from result event" time="0.000224838">
        </testcase>
        <testcase classname="src/main/services/session-reader.test.ts" name="buildSessionSummary &gt; falls back to last assistant text when no result summary" time="0.000155208">
        </testcase>
        <testcase classname="src/main/services/session-reader.test.ts" name="buildSessionSummary &gt; truncates long fallback summary to 500 chars" time="0.000182199">
        </testcase>
        <testcase classname="src/main/services/session-reader.test.ts" name="buildSessionSummary &gt; aggregates token usage" time="0.000250947">
        </testcase>
        <testcase classname="src/main/services/session-reader.test.ts" name="buildSessionSummary &gt; sets orchestrator when provided" time="0.000136684">
        </testcase>
        <testcase classname="src/main/services/session-reader.test.ts" name="buildSessionSummary &gt; derives timestamps from event array" time="0.000201585">
        </testcase>
        <testcase classname="src/main/services/session-reader.test.ts" name="buildSessionSummary &gt; derives duration from event timestamps when not in result" time="0.000142695">
        </testcase>
        <testcase classname="src/main/services/session-reader.test.ts" name="paginateEvents &gt; returns correct page for offset=0, limit=2" time="0.000232944">
        </testcase>
        <testcase classname="src/main/services/session-reader.test.ts" name="paginateEvents &gt; returns correct page for offset=2, limit=2" time="0.000215932">
        </testcase>
        <testcase classname="src/main/services/session-reader.test.ts" name="paginateEvents &gt; returns remaining events when limit exceeds available" time="0.000229757">
        </testcase>
        <testcase classname="src/main/services/session-reader.test.ts" name="paginateEvents &gt; returns empty page when offset exceeds total" time="0.000242362">
        </testcase>
        <testcase classname="src/main/services/session-reader.test.ts" name="paginateEvents &gt; returns all events when limit matches total" time="0.000171138">
        </testcase>
    </testsuite>
    <testsuite name="src/main/services/session-settings.test.ts" timestamp="2026-03-25T04:47:29.686Z" hostname="runnervm46oaq" tests="20" failures="0" errors="0" skipped="0" time="0.012823521">
        <testcase classname="src/main/services/session-settings.test.ts" name="session-settings &gt; getSettings &gt; returns defaults when no file exists" time="0.002555451">
        </testcase>
        <testcase classname="src/main/services/session-settings.test.ts" name="session-settings &gt; getSettings &gt; returns saved settings from file" time="0.000570208">
        </testcase>
        <testcase classname="src/main/services/session-settings.test.ts" name="session-settings &gt; getSettings &gt; returns defaults on corrupt JSON" time="0.001115309">
            <system-err>
[settings-store] Failed to parse session-settings.json, using defaults: Expected property name or &apos;}&apos; in JSON at position 1 (line 1 column 2)

            </system-err>
        </testcase>
        <testcase classname="src/main/services/session-settings.test.ts" name="session-settings &gt; getSettings &gt; merges partial settings with defaults" time="0.000528129">
        </testcase>
        <testcase classname="src/main/services/session-settings.test.ts" name="session-settings &gt; getSettings &gt; does not include projectOverrides by default" time="0.000365128">
        </testcase>
        <testcase classname="src/main/services/session-settings.test.ts" name="session-settings &gt; getSettings &gt; reads from the correct file path" time="0.000981712">
        </testcase>
        <testcase classname="src/main/services/session-settings.test.ts" name="session-settings &gt; saveSettings &gt; writes settings as JSON" time="0.001544896">
        </testcase>
        <testcase classname="src/main/services/session-settings.test.ts" name="session-settings &gt; saveSettings &gt; round-trips: saved settings can be read back" time="0.000349459">
        </testcase>
        <testcase classname="src/main/services/session-settings.test.ts" name="session-settings &gt; saveSettings &gt; can save settings with projectOverrides" time="0.000592129">
        </testcase>
        <testcase classname="src/main/services/session-settings.test.ts" name="session-settings &gt; shouldPromptForName &gt; returns default (false) when no file exists and no project path" time="0.00037191">
        </testcase>
        <testcase classname="src/main/services/session-settings.test.ts" name="session-settings &gt; shouldPromptForName &gt; returns global setting when no project path given" time="0.000255424">
        </testcase>
        <testcase classname="src/main/services/session-settings.test.ts" name="session-settings &gt; shouldPromptForName &gt; returns global setting when project path has no override" time="0.000204991">
        </testcase>
        <testcase classname="src/main/services/session-settings.test.ts" name="session-settings &gt; shouldPromptForName &gt; returns project override when it exists (true overrides false default)" time="0.000178892">
        </testcase>
        <testcase classname="src/main/services/session-settings.test.ts" name="session-settings &gt; shouldPromptForName &gt; returns project override when it exists (false overrides true default)" time="0.000212545">
        </testcase>
        <testcase classname="src/main/services/session-settings.test.ts" name="session-settings &gt; shouldPromptForName &gt; returns global setting when projectOverrides is undefined" time="0.00017271">
        </testcase>
        <testcase classname="src/main/services/session-settings.test.ts" name="session-settings &gt; shouldPromptForName &gt; returns global setting when projectOverrides is empty" time="0.000155529">
        </testcase>
        <testcase classname="src/main/services/session-settings.test.ts" name="session-settings &gt; shouldPromptForName &gt; matches exact project path only" time="0.000238071">
        </testcase>
        <testcase classname="src/main/services/session-settings.test.ts" name="session-settings &gt; shouldPromptForName &gt; handles undefined project path with overrides present" time="0.000164666">
        </testcase>
        <testcase classname="src/main/services/session-settings.test.ts" name="session-settings &gt; shouldPromptForName &gt; handles empty string project path (falsy) by returning global setting" time="0.00015638">
        </testcase>
        <testcase classname="src/main/services/session-settings.test.ts" name="session-settings &gt; shouldPromptForName &gt; differentiates between multiple project overrides" time="0.000213346">
        </testcase>
    </testsuite>
    <testsuite name="src/main/services/settings-store.test.ts" timestamp="2026-03-25T04:47:29.689Z" hostname="runnervm46oaq" tests="22" failures="0" errors="0" skipped="0" time="0.068285549">
        <testcase classname="src/main/services/settings-store.test.ts" name="settings-store &gt; createSettingsStore &gt; returns an object with get, save, and update methods" time="0.002504837">
        </testcase>
        <testcase classname="src/main/services/settings-store.test.ts" name="settings-store &gt; get &gt; returns defaults when file does not exist" time="0.001063634">
        </testcase>
        <testcase classname="src/main/services/settings-store.test.ts" name="settings-store &gt; get &gt; returns a copy of defaults, not the same reference" time="0.000806547">
        </testcase>
        <testcase classname="src/main/services/settings-store.test.ts" name="settings-store &gt; get &gt; parses stored JSON and returns settings" time="0.00056052">
        </testcase>
        <testcase classname="src/main/services/settings-store.test.ts" name="settings-store &gt; get &gt; merges partial settings with defaults" time="0.000499476">
        </testcase>
        <testcase classname="src/main/services/settings-store.test.ts" name="settings-store &gt; get &gt; returns defaults on corrupt JSON" time="0.001230011">
            <system-err>
[settings-store] Failed to parse test.json, using defaults: Unexpected token &apos;o&apos;, &quot;not valid json {{{&quot; is not valid JSON

            </system-err>
        </testcase>
        <testcase classname="src/main/services/settings-store.test.ts" name="settings-store &gt; get &gt; warns on corrupt JSON when file exists" time="0.002305678">
        </testcase>
        <testcase classname="src/main/services/settings-store.test.ts" name="settings-store &gt; get &gt; does not warn when file does not exist" time="0.000438764">
        </testcase>
        <testcase classname="src/main/services/settings-store.test.ts" name="settings-store &gt; get &gt; returns defaults on empty string file content" time="0.000827366">
            <system-err>
[settings-store] Failed to parse test.json, using defaults: Unexpected end of JSON input

            </system-err>
        </testcase>
        <testcase classname="src/main/services/settings-store.test.ts" name="settings-store &gt; get &gt; stored values override defaults with same keys" time="0.000420129">
        </testcase>
        <testcase classname="src/main/services/settings-store.test.ts" name="settings-store &gt; get &gt; reads from disk once after the cache is warm" time="0.001470247">
        </testcase>
        <testcase classname="src/main/services/settings-store.test.ts" name="settings-store &gt; get &gt; reads from the correct file path under userData" time="0.000440057">
        </testcase>
        <testcase classname="src/main/services/settings-store.test.ts" name="settings-store &gt; save &gt; writes JSON to the correct file path asynchronously" time="0.000423716">
        </testcase>
        <testcase classname="src/main/services/settings-store.test.ts" name="settings-store &gt; save &gt; writes pretty-printed JSON" time="0.000209128">
        </testcase>
        <testcase classname="src/main/services/settings-store.test.ts" name="settings-store &gt; save &gt; updates the cache immediately before async persistence completes" time="0.050565002">
        </testcase>
        <testcase classname="src/main/services/settings-store.test.ts" name="settings-store &gt; save &gt; round-trips from the in-memory cache after save" time="0.000352504">
        </testcase>
        <testcase classname="src/main/services/settings-store.test.ts" name="settings-store &gt; save &gt; queues writes in call order" time="0.000437752">
        </testcase>
        <testcase classname="src/main/services/settings-store.test.ts" name="settings-store &gt; multiple stores &gt; different filenames produce independent stores" time="0.000389272">
        </testcase>
        <testcase classname="src/main/services/settings-store.test.ts" name="settings-store &gt; update &gt; reads current value, applies fn, and saves the result" time="0.000348657">
        </testcase>
        <testcase classname="src/main/services/settings-store.test.ts" name="settings-store &gt; update &gt; returns the updated settings object" time="0.000241899">
        </testcase>
        <testcase classname="src/main/services/settings-store.test.ts" name="settings-store &gt; update &gt; uses defaults when file does not exist" time="0.000260453">
        </testcase>
        <testcase classname="src/main/services/settings-store.test.ts" name="settings-store &gt; update &gt; sequential updates each see the result of the previous update" time="0.000321175">
        </testcase>
    </testsuite>
    <testsuite name="src/main/services/sound-service.test.ts" timestamp="2026-03-25T04:47:29.692Z" hostname="runnervm46oaq" tests="25" failures="0" errors="0" skipped="0" time="0.031601852">
        <testcase classname="src/main/services/sound-service.test.ts" name="sound-service &gt; getSettings / saveSettings &gt; returns defaults when no settings file exists" time="0.004605317">
        </testcase>
        <testcase classname="src/main/services/sound-service.test.ts" name="sound-service &gt; getSettings / saveSettings &gt; saves settings to file" time="0.002461339">
        </testcase>
        <testcase classname="src/main/services/sound-service.test.ts" name="sound-service &gt; getSettings / saveSettings &gt; migrates legacy activePack to slotAssignments" time="0.00106396">
        </testcase>
        <testcase classname="src/main/services/sound-service.test.ts" name="sound-service &gt; getSettings / saveSettings &gt; adds missing eventSettings keys for new events on upgrade" time="0.000909071">
        </testcase>
        <testcase classname="src/main/services/sound-service.test.ts" name="sound-service &gt; getSettings / saveSettings &gt; migrates legacy project overrides" time="0.000929419">
        </testcase>
        <testcase classname="src/main/services/sound-service.test.ts" name="sound-service &gt; listSoundPacks &gt; returns empty array when sounds directory does not exist" time="0.001089026">
        </testcase>
        <testcase classname="src/main/services/sound-service.test.ts" name="sound-service &gt; listSoundPacks &gt; discovers packs with valid sound files" time="0.001776565">
        </testcase>
        <testcase classname="src/main/services/sound-service.test.ts" name="sound-service &gt; listSoundPacks &gt; reads name from manifest.json if available" time="0.002488059">
        </testcase>
        <testcase classname="src/main/services/sound-service.test.ts" name="sound-service &gt; listSoundPacks &gt; skips directories with no valid sound files" time="0.001182631">
        </testcase>
        <testcase classname="src/main/services/sound-service.test.ts" name="sound-service &gt; registerPluginSounds / unregisterPluginSounds &gt; registers and unregisters plugin sounds" time="0.002288458">
        </testcase>
        <testcase classname="src/main/services/sound-service.test.ts" name="sound-service &gt; registerPluginSounds / unregisterPluginSounds &gt; returns null when plugin has no sounds directory" time="0.000858237">
        </testcase>
        <testcase classname="src/main/services/sound-service.test.ts" name="sound-service &gt; deleteSoundPack &gt; deletes a user sound pack and cleans slot assignments" time="0.001169666">
        </testcase>
        <testcase classname="src/main/services/sound-service.test.ts" name="sound-service &gt; deleteSoundPack &gt; refuses to delete plugin packs" time="0.000503617">
        </testcase>
        <testcase classname="src/main/services/sound-service.test.ts" name="sound-service &gt; deleteSoundPack &gt; returns false for non-existent packs" time="0.000570371">
        </testcase>
        <testcase classname="src/main/services/sound-service.test.ts" name="sound-service &gt; getSoundData &gt; returns base64 data URL for existing sound file" time="0.000801571">
        </testcase>
        <testcase classname="src/main/services/sound-service.test.ts" name="sound-service &gt; getSoundData &gt; returns null when pack directory does not exist" time="0.000491915">
        </testcase>
        <testcase classname="src/main/services/sound-service.test.ts" name="sound-service &gt; getSoundData &gt; returns null when event sound file does not exist" time="0.000592433">
        </testcase>
        <testcase classname="src/main/services/sound-service.test.ts" name="sound-service &gt; getSoundData &gt; returns data for new event types" time="0.000593765">
        </testcase>
        <testcase classname="src/main/services/sound-service.test.ts" name="sound-service &gt; resolveSlotPack &gt; returns null when no slot assignment exists" time="0.000630202">
        </testcase>
        <testcase classname="src/main/services/sound-service.test.ts" name="sound-service &gt; resolveSlotPack &gt; returns global slot assignment" time="0.000561074">
        </testcase>
        <testcase classname="src/main/services/sound-service.test.ts" name="sound-service &gt; resolveSlotPack &gt; returns project override when set" time="0.000649619">
        </testcase>
        <testcase classname="src/main/services/sound-service.test.ts" name="sound-service &gt; resolveSlotPack &gt; falls back to global when project has no override for slot" time="0.000630463">
        </testcase>
        <testcase classname="src/main/services/sound-service.test.ts" name="sound-service &gt; resolveSlotPack &gt; supports per-slot mix-and-match" time="0.000712034">
        </testcase>
        <testcase classname="src/main/services/sound-service.test.ts" name="sound-service &gt; resolveActivePack (legacy compat) &gt; returns first assigned pack" time="0.000794979">
        </testcase>
        <testcase classname="src/main/services/sound-service.test.ts" name="sound-service &gt; resolveActivePack (legacy compat) &gt; returns null when no slots assigned" time="0.000590949">
        </testcase>
    </testsuite>
    <testsuite name="src/main/services/stale-sweeper.test.ts" timestamp="2026-03-25T04:47:29.696Z" hostname="runnervm46oaq" tests="7" failures="0" errors="0" skipped="0" time="0.012641647">
        <testcase classname="src/main/services/stale-sweeper.test.ts" name="StaleSweeper &gt; start and stop are idempotent" time="0.004123891">
        </testcase>
        <testcase classname="src/main/services/stale-sweeper.test.ts" name="StaleSweeper &gt; calls onStale for sessions where isStale returns true" time="0.003329303">
        </testcase>
        <testcase classname="src/main/services/stale-sweeper.test.ts" name="StaleSweeper &gt; does not call onStale when all sessions are alive" time="0.000899303">
        </testcase>
        <testcase classname="src/main/services/stale-sweeper.test.ts" name="StaleSweeper &gt; does not sweep after stop is called" time="0.000604334">
        </testcase>
        <testcase classname="src/main/services/stale-sweeper.test.ts" name="StaleSweeper &gt; sweeps repeatedly at the configured interval" time="0.000866211">
        </testcase>
        <testcase classname="src/main/services/stale-sweeper.test.ts" name="StaleSweeper &gt; supports a custom interval" time="0.000557687">
        </testcase>
        <testcase classname="src/main/services/stale-sweeper.test.ts" name="StaleSweeper &gt; handles an empty sessions map gracefully" time="0.000713407">
        </testcase>
    </testsuite>
    <testsuite name="src/main/services/structured-manager.test.ts" timestamp="2026-03-25T04:47:29.697Z" hostname="runnervm46oaq" tests="19" failures="0" errors="0" skipped="0" time="0.62326215">
        <testcase classname="src/main/services/structured-manager.test.ts" name="structured-manager &gt; startStructuredSession &gt; creates a session and broadcasts events" time="0.054362757">
        </testcase>
        <testcase classname="src/main/services/structured-manager.test.ts" name="structured-manager &gt; startStructuredSession &gt; persists events to disk via log stream" time="0.050990192">
        </testcase>
        <testcase classname="src/main/services/structured-manager.test.ts" name="structured-manager &gt; startStructuredSession &gt; forwards tool_start events to annex as pre_tool hook events" time="0.052095599">
        </testcase>
        <testcase classname="src/main/services/structured-manager.test.ts" name="structured-manager &gt; startStructuredSession &gt; forwards tool_end events to annex as post_tool hook events" time="0.050714128">
        </testcase>
        <testcase classname="src/main/services/structured-manager.test.ts" name="structured-manager &gt; startStructuredSession &gt; forwards end events to annex as stop hook events" time="0.051238754">
        </testcase>
        <testcase classname="src/main/services/structured-manager.test.ts" name="structured-manager &gt; startStructuredSession &gt; forwards all events to annex as full structured events" time="0.051146514">
        </testcase>
        <testcase classname="src/main/services/structured-manager.test.ts" name="structured-manager &gt; startStructuredSession &gt; does not forward text_delta to annex (no hook equivalent)" time="0.051116758">
        </testcase>
        <testcase classname="src/main/services/structured-manager.test.ts" name="structured-manager &gt; startStructuredSession &gt; broadcasts IPC.PTY.EXIT with exit code 0 when stream completes normally" time="0.051549451">
        </testcase>
        <testcase classname="src/main/services/structured-manager.test.ts" name="structured-manager &gt; startStructuredSession &gt; broadcasts IPC.PTY.EXIT with exit code 1 when stream throws an error" time="0.050842809">
        </testcase>
        <testcase classname="src/main/services/structured-manager.test.ts" name="structured-manager &gt; isStructuredSession &gt; returns true for active sessions" time="0.001000651">
        </testcase>
        <testcase classname="src/main/services/structured-manager.test.ts" name="structured-manager &gt; activeSessionCount &gt; tracks active session count" time="0.000605677">
        </testcase>
        <testcase classname="src/main/services/structured-manager.test.ts" name="structured-manager &gt; sendMessage &gt; delegates to adapter sendMessage" time="0.00056991">
        </testcase>
        <testcase classname="src/main/services/structured-manager.test.ts" name="structured-manager &gt; sendMessage &gt; throws when session does not exist" time="0.001426504">
        </testcase>
        <testcase classname="src/main/services/structured-manager.test.ts" name="structured-manager &gt; respondToPermission &gt; delegates to adapter respondToPermission" time="0.050774892">
        </testcase>
        <testcase classname="src/main/services/structured-manager.test.ts" name="structured-manager &gt; respondToPermission &gt; throws when session does not exist" time="0.000371281">
        </testcase>
        <testcase classname="src/main/services/structured-manager.test.ts" name="structured-manager &gt; cancelSession &gt; aborts adapter and cleans up session" time="0.000658224">
        </testcase>
        <testcase classname="src/main/services/structured-manager.test.ts" name="structured-manager &gt; cancelSession &gt; is idempotent for non-existent sessions" time="0.000141513">
        </testcase>
        <testcase classname="src/main/services/structured-manager.test.ts" name="structured-manager &gt; error handling in event stream &gt; forwards permission_request to annex as permission_request hook" time="0.050847436">
        </testcase>
        <testcase classname="src/main/services/structured-manager.test.ts" name="structured-manager &gt; error handling in event stream &gt; forwards error events to annex as tool_error hooks" time="0.050421926">
        </testcase>
    </testsuite>
    <testsuite name="src/main/services/theme-service.test.ts" timestamp="2026-03-25T04:47:29.700Z" hostname="runnervm46oaq" tests="6" failures="0" errors="0" skipped="0" time="0.010480827">
        <testcase classname="src/main/services/theme-service.test.ts" name="theme-service &gt; getSettings &gt; returns default catppuccin-mocha when no file exists" time="0.003849852">
        </testcase>
        <testcase classname="src/main/services/theme-service.test.ts" name="theme-service &gt; getSettings &gt; returns saved themeId from file" time="0.000769271">
        </testcase>
        <testcase classname="src/main/services/theme-service.test.ts" name="theme-service &gt; getSettings &gt; returns defaults on corrupt JSON" time="0.000479101">
        </testcase>
        <testcase classname="src/main/services/theme-service.test.ts" name="theme-service &gt; getSettings &gt; merges partial settings with defaults" time="0.000589316">
        </testcase>
        <testcase classname="src/main/services/theme-service.test.ts" name="theme-service &gt; saveSettings &gt; writes JSON to the settings path" time="0.000848689">
        </testcase>
        <testcase classname="src/main/services/theme-service.test.ts" name="theme-service &gt; saveSettings &gt; persists each theme ID correctly" time="0.001351975">
        </testcase>
    </testsuite>
    <testsuite name="src/main/services/toml-utils.test.ts" timestamp="2026-03-25T04:47:29.701Z" hostname="runnervm46oaq" tests="26" failures="0" errors="0" skipped="0" time="0.009425026">
        <testcase classname="src/main/services/toml-utils.test.ts" name="toml-utils &gt; mcpServerToToml &gt; serializes a basic server with command and args" time="0.001771887">
        </testcase>
        <testcase classname="src/main/services/toml-utils.test.ts" name="toml-utils &gt; mcpServerToToml &gt; serializes a server with env vars" time="0.000439546">
        </testcase>
        <testcase classname="src/main/services/toml-utils.test.ts" name="toml-utils &gt; mcpServerToToml &gt; includes type when present" time="0.000272194">
        </testcase>
        <testcase classname="src/main/services/toml-utils.test.ts" name="toml-utils &gt; mcpServerToToml &gt; includes url when present" time="0.000237641">
        </testcase>
        <testcase classname="src/main/services/toml-utils.test.ts" name="toml-utils &gt; mcpServerToToml &gt; escapes special characters in strings" time="0.000221681">
        </testcase>
        <testcase classname="src/main/services/toml-utils.test.ts" name="toml-utils &gt; mcpServerToToml &gt; handles empty args array" time="0.000213456">
        </testcase>
        <testcase classname="src/main/services/toml-utils.test.ts" name="toml-utils &gt; mcpServerToToml &gt; handles server with no env" time="0.000233032">
        </testcase>
        <testcase classname="src/main/services/toml-utils.test.ts" name="toml-utils &gt; mcpServerToToml &gt; handles server with empty env" time="0.000246547">
        </testcase>
        <testcase classname="src/main/services/toml-utils.test.ts" name="toml-utils &gt; mcpServerToToml &gt; handles multiple args" time="0.000467307">
        </testcase>
        <testcase classname="src/main/services/toml-utils.test.ts" name="toml-utils &gt; jsonMcpToToml &gt; converts a single server" time="0.000354849">
        </testcase>
        <testcase classname="src/main/services/toml-utils.test.ts" name="toml-utils &gt; jsonMcpToToml &gt; converts multiple servers" time="0.000274059">
        </testcase>
        <testcase classname="src/main/services/toml-utils.test.ts" name="toml-utils &gt; jsonMcpToToml &gt; returns null for empty mcpServers" time="0.000149307">
        </testcase>
        <testcase classname="src/main/services/toml-utils.test.ts" name="toml-utils &gt; jsonMcpToToml &gt; returns null for invalid JSON" time="0.000143055">
        </testcase>
        <testcase classname="src/main/services/toml-utils.test.ts" name="toml-utils &gt; jsonMcpToToml &gt; supports mcp_servers key (snake_case)" time="0.000130832">
        </testcase>
        <testcase classname="src/main/services/toml-utils.test.ts" name="toml-utils &gt; jsonMcpToToml &gt; ends with a trailing newline" time="0.000154837">
        </testcase>
        <testcase classname="src/main/services/toml-utils.test.ts" name="toml-utils &gt; stripMcpServerSection &gt; removes a server section" time="0.000292182">
        </testcase>
        <testcase classname="src/main/services/toml-utils.test.ts" name="toml-utils &gt; stripMcpServerSection &gt; removes a server section and its env sub-section" time="0.000252909">
        </testcase>
        <testcase classname="src/main/services/toml-utils.test.ts" name="toml-utils &gt; stripMcpServerSection &gt; preserves other mcp_servers sections" time="0.000227292">
        </testcase>
        <testcase classname="src/main/services/toml-utils.test.ts" name="toml-utils &gt; stripMcpServerSection &gt; handles missing server gracefully" time="0.000130563">
        </testcase>
        <testcase classname="src/main/services/toml-utils.test.ts" name="toml-utils &gt; stripMcpServerSection &gt; handles empty string" time="0.000115134">
        </testcase>
        <testcase classname="src/main/services/toml-utils.test.ts" name="toml-utils &gt; stripMcpServerSection &gt; does not remove sections with similar name prefix" time="0.000151281">
        </testcase>
        <testcase classname="src/main/services/toml-utils.test.ts" name="toml-utils &gt; injectMcpServerSection &gt; adds a new server section to empty content" time="0.000169835">
        </testcase>
        <testcase classname="src/main/services/toml-utils.test.ts" name="toml-utils &gt; injectMcpServerSection &gt; appends to existing content" time="0.000180044">
        </testcase>
        <testcase classname="src/main/services/toml-utils.test.ts" name="toml-utils &gt; injectMcpServerSection &gt; replaces existing server section" time="0.000208977">
        </testcase>
        <testcase classname="src/main/services/toml-utils.test.ts" name="toml-utils &gt; injectMcpServerSection &gt; result ends with newline" time="0.000112739">
        </testcase>
        <testcase classname="src/main/services/toml-utils.test.ts" name="toml-utils &gt; injectMcpServerSection &gt; handles injection with full server def including env" time="0.00019955">
        </testcase>
    </testsuite>
    <testsuite name="src/main/services/transcript-parser.test.ts" timestamp="2026-03-25T04:47:29.704Z" hostname="runnervm46oaq" tests="18" failures="0" errors="0" skipped="0" time="0.009990725">
        <testcase classname="src/main/services/transcript-parser.test.ts" name="parseTranscript &gt; text-only transcript (text mode output) &gt; handles single result event with text content" time="0.002542788">
        </testcase>
        <testcase classname="src/main/services/transcript-parser.test.ts" name="parseTranscript &gt; text-only transcript (text mode output) &gt; handles result with zero cost (text mode always has cost 0)" time="0.000222212">
        </testcase>
        <testcase classname="src/main/services/transcript-parser.test.ts" name="parseTranscript &gt; text-only transcript (text mode output) &gt; handles multiline text result" time="0.000291341">
        </testcase>
        <testcase classname="src/main/services/transcript-parser.test.ts" name="parseTranscript &gt; text-only transcript (text mode output) &gt; handles very long text result without truncation in summary" time="0.000299195">
        </testcase>
        <testcase classname="src/main/services/transcript-parser.test.ts" name="parseTranscript &gt; empty and degenerate transcripts &gt; handles empty transcript" time="0.00035058">
        </testcase>
        <testcase classname="src/main/services/transcript-parser.test.ts" name="parseTranscript &gt; empty and degenerate transcripts &gt; handles result event with empty string" time="0.00026432">
        </testcase>
        <testcase classname="src/main/services/transcript-parser.test.ts" name="parseTranscript &gt; empty and degenerate transcripts &gt; handles result event with no result field" time="0.000282173">
        </testcase>
        <testcase classname="src/main/services/transcript-parser.test.ts" name="parseTranscript &gt; verbose format &gt; extracts tools and files from assistant messages" time="0.000480762">
        </testcase>
        <testcase classname="src/main/services/transcript-parser.test.ts" name="parseTranscript &gt; verbose format &gt; tracks multiple tool uses across multiple assistant messages" time="0.001501506">
        </testcase>
        <testcase classname="src/main/services/transcript-parser.test.ts" name="parseTranscript &gt; verbose format &gt; deduplicates tool names and file paths" time="0.000353236">
        </testcase>
        <testcase classname="src/main/services/transcript-parser.test.ts" name="parseTranscript &gt; verbose format &gt; prefers total_cost_usd over cost_usd" time="0.000251587">
        </testcase>
        <testcase classname="src/main/services/transcript-parser.test.ts" name="parseTranscript &gt; verbose format &gt; falls back to cost_usd when total_cost_usd is absent" time="0.000152803">
        </testcase>
        <testcase classname="src/main/services/transcript-parser.test.ts" name="parseTranscript &gt; last assistant text fallback &gt; uses last assistant text when no result event" time="0.000142995">
        </testcase>
        <testcase classname="src/main/services/transcript-parser.test.ts" name="parseTranscript &gt; last assistant text fallback &gt; truncates long fallback text to 500 chars" time="0.000240807">
        </testcase>
        <testcase classname="src/main/services/transcript-parser.test.ts" name="parseTranscript &gt; last assistant text fallback &gt; result event overrides assistant text fallback" time="0.000155619">
        </testcase>
        <testcase classname="src/main/services/transcript-parser.test.ts" name="parseTranscript &gt; legacy streaming format &gt; tracks tool_use from content_block_start" time="0.00016161">
        </testcase>
        <testcase classname="src/main/services/transcript-parser.test.ts" name="parseTranscript &gt; legacy streaming format &gt; accumulates text from content_block_delta" time="0.000160097">
        </testcase>
        <testcase classname="src/main/services/transcript-parser.test.ts" name="parseTranscript &gt; legacy streaming format &gt; message_start resets accumulated text" time="0.000136543">
        </testcase>
    </testsuite>
    <testsuite name="src/main/services/version-history.test.ts" timestamp="2026-03-25T04:47:29.707Z" hostname="runnervm46oaq" tests="14" failures="0" errors="0" skipped="0" time="0.013264155">
        <testcase classname="src/main/services/version-history.test.ts" name="version history &gt; filterVersionHistory &gt; excludes versions newer than current version" time="0.002977589">
        </testcase>
        <testcase classname="src/main/services/version-history.test.ts" name="version history &gt; filterVersionHistory &gt; includes current version and older" time="0.001636564">
        </testcase>
        <testcase classname="src/main/services/version-history.test.ts" name="version history &gt; filterVersionHistory &gt; excludes entries older than 3 months" time="0.000386089">
        </testcase>
        <testcase classname="src/main/services/version-history.test.ts" name="version history &gt; filterVersionHistory &gt; returns newest first" time="0.000657063">
        </testcase>
        <testcase classname="src/main/services/version-history.test.ts" name="version history &gt; filterVersionHistory &gt; caps at 5 entries" time="0.000551246">
        </testcase>
        <testcase classname="src/main/services/version-history.test.ts" name="version history &gt; filterVersionHistory &gt; returns empty for no matching entries" time="0.000734677">
        </testcase>
        <testcase classname="src/main/services/version-history.test.ts" name="version history &gt; filterVersionHistory &gt; handles empty input" time="0.000525959">
        </testcase>
        <testcase classname="src/main/services/version-history.test.ts" name="version history &gt; filterVersionHistory &gt; includes entry when version equals current version" time="0.000384675">
        </testcase>
        <testcase classname="src/main/services/version-history.test.ts" name="version history &gt; composeVersionHistoryMarkdown &gt; formats single entry correctly" time="0.001073948">
        </testcase>
        <testcase classname="src/main/services/version-history.test.ts" name="version history &gt; composeVersionHistoryMarkdown &gt; separates multiple entries with horizontal rules" time="0.000421023">
        </testcase>
        <testcase classname="src/main/services/version-history.test.ts" name="version history &gt; composeVersionHistoryMarkdown &gt; uses version as fallback title when no release message" time="0.000346143">
        </testcase>
        <testcase classname="src/main/services/version-history.test.ts" name="version history &gt; composeVersionHistoryMarkdown &gt; returns empty string for empty entries" time="0.000187409">
        </testcase>
        <testcase classname="src/main/services/version-history.test.ts" name="version history &gt; composeVersionHistoryMarkdown &gt; preserves release notes markdown formatting" time="0.000255725">
        </testcase>
        <testcase classname="src/main/services/version-history.test.ts" name="version history &gt; composeVersionHistoryMarkdown &gt; produces correct structure for three entries" time="0.000448995">
        </testcase>
    </testsuite>
    <testsuite name="src/main/orchestrators/adapters/acp-adapter.test.ts" timestamp="2026-03-25T04:47:29.709Z" hostname="runnervm46oaq" tests="28" failures="0" errors="0" skipped="0" time="0.020966263">
        <testcase classname="src/main/orchestrators/adapters/acp-adapter.test.ts" name="AcpAdapter &gt; starts AcpClient with correct options" time="0.003176445">
        </testcase>
        <testcase classname="src/main/orchestrators/adapters/acp-adapter.test.ts" name="AcpAdapter &gt; removes CLAUDECODE and CLAUDE_CODE_ENTRYPOINT from env" time="0.001594429">
        </testcase>
        <testcase classname="src/main/orchestrators/adapters/acp-adapter.test.ts" name="AcpAdapter &gt; sends session/start request on start" time="0.001043703">
        </testcase>
        <testcase classname="src/main/orchestrators/adapters/acp-adapter.test.ts" name="AcpAdapter &gt; passes --model arg when model is specified" time="0.000412488">
        </testcase>
        <testcase classname="src/main/orchestrators/adapters/acp-adapter.test.ts" name="AcpAdapter &gt; maps agent_message_chunk → text_delta" time="0.000829995">
        </testcase>
        <testcase classname="src/main/orchestrators/adapters/acp-adapter.test.ts" name="AcpAdapter &gt; maps agent_thought_chunk → thinking" time="0.000363837">
        </testcase>
        <testcase classname="src/main/orchestrators/adapters/acp-adapter.test.ts" name="AcpAdapter &gt; maps tool_call → tool_start" time="0.000389175">
        </testcase>
        <testcase classname="src/main/orchestrators/adapters/acp-adapter.test.ts" name="AcpAdapter &gt; maps tool_call with requires_approval → permission_request" time="0.000349561">
        </testcase>
        <testcase classname="src/main/orchestrators/adapters/acp-adapter.test.ts" name="AcpAdapter &gt; maps tool_result → tool_end" time="0.000804899">
        </testcase>
        <testcase classname="src/main/orchestrators/adapters/acp-adapter.test.ts" name="AcpAdapter &gt; maps tool_result with error → tool_end status error" time="0.000559673">
        </testcase>
        <testcase classname="src/main/orchestrators/adapters/acp-adapter.test.ts" name="AcpAdapter &gt; maps file_change → file_diff" time="0.000667503">
        </testcase>
        <testcase classname="src/main/orchestrators/adapters/acp-adapter.test.ts" name="AcpAdapter &gt; maps command_execution → command_output" time="0.000503207">
        </testcase>
        <testcase classname="src/main/orchestrators/adapters/acp-adapter.test.ts" name="AcpAdapter &gt; maps plan → plan_update" time="0.000650451">
        </testcase>
        <testcase classname="src/main/orchestrators/adapters/acp-adapter.test.ts" name="AcpAdapter &gt; maps usage → usage" time="0.00053136">
        </testcase>
        <testcase classname="src/main/orchestrators/adapters/acp-adapter.test.ts" name="AcpAdapter &gt; maps error → error" time="0.000490002">
        </testcase>
        <testcase classname="src/main/orchestrators/adapters/acp-adapter.test.ts" name="AcpAdapter &gt; silently ignores unknown notification methods" time="0.000502445">
        </testcase>
        <testcase classname="src/main/orchestrators/adapters/acp-adapter.test.ts" name="AcpAdapter &gt; maps session/request_permission → permission_request" time="0.000518566">
        </testcase>
        <testcase classname="src/main/orchestrators/adapters/acp-adapter.test.ts" name="AcpAdapter &gt; respondToPermission sends approval back via JSON-RPC" time="0.000490994">
        </testcase>
        <testcase classname="src/main/orchestrators/adapters/acp-adapter.test.ts" name="AcpAdapter &gt; respondToPermission throws for unknown request ID" time="0.001448688">
        </testcase>
        <testcase classname="src/main/orchestrators/adapters/acp-adapter.test.ts" name="AcpAdapter &gt; sendMessage sends session/send request" time="0.000502095">
        </testcase>
        <testcase classname="src/main/orchestrators/adapters/acp-adapter.test.ts" name="AcpAdapter &gt; sendMessage throws if adapter not started" time="0.000383334">
        </testcase>
        <testcase classname="src/main/orchestrators/adapters/acp-adapter.test.ts" name="AcpAdapter &gt; cancel sends session/cancel then kills process" time="0.000428999">
        </testcase>
        <testcase classname="src/main/orchestrators/adapters/acp-adapter.test.ts" name="AcpAdapter &gt; cancel does not throw if client already dead" time="0.000661441">
        </testcase>
        <testcase classname="src/main/orchestrators/adapters/acp-adapter.test.ts" name="AcpAdapter &gt; dispose kills client and finishes queue" time="0.000486747">
        </testcase>
        <testcase classname="src/main/orchestrators/adapters/acp-adapter.test.ts" name="AcpAdapter &gt; emits end event with reason complete on code 0" time="0.00033823">
        </testcase>
        <testcase classname="src/main/orchestrators/adapters/acp-adapter.test.ts" name="AcpAdapter &gt; emits end event with reason error on non-zero exit" time="0.000303045">
        </testcase>
        <testcase classname="src/main/orchestrators/adapters/acp-adapter.test.ts" name="AcpAdapter &gt; resolves tool verbs from config" time="0.000324384">
        </testcase>
        <testcase classname="src/main/orchestrators/adapters/acp-adapter.test.ts" name="AcpAdapter &gt; falls back to &quot;Using tool&quot; for unknown tools" time="0.000294228">
        </testcase>
    </testsuite>
    <testsuite name="src/main/orchestrators/adapters/acp-client.test.ts" timestamp="2026-03-25T04:47:29.713Z" hostname="runnervm46oaq" tests="15" failures="0" errors="0" skipped="0" time="0.014672331">
        <testcase classname="src/main/orchestrators/adapters/acp-client.test.ts" name="AcpClient &gt; spawns process with correct options" time="0.003439281">
        </testcase>
        <testcase classname="src/main/orchestrators/adapters/acp-client.test.ts" name="AcpClient &gt; sends JSON-RPC request and resolves on response" time="0.001646434">
        </testcase>
        <testcase classname="src/main/orchestrators/adapters/acp-client.test.ts" name="AcpClient &gt; rejects request on JSON-RPC error response" time="0.001689104">
        </testcase>
        <testcase classname="src/main/orchestrators/adapters/acp-client.test.ts" name="AcpClient &gt; forwards notifications to callback" time="0.000839167">
        </testcase>
        <testcase classname="src/main/orchestrators/adapters/acp-client.test.ts" name="AcpClient &gt; forwards server-initiated requests to callback" time="0.000534231">
        </testcase>
        <testcase classname="src/main/orchestrators/adapters/acp-client.test.ts" name="AcpClient &gt; sends JSON-RPC response for server requests" time="0.000423636">
        </testcase>
        <testcase classname="src/main/orchestrators/adapters/acp-client.test.ts" name="AcpClient &gt; handles chunked NDJSON across multiple data events" time="0.000586969">
        </testcase>
        <testcase classname="src/main/orchestrators/adapters/acp-client.test.ts" name="AcpClient &gt; handles multiple messages in a single chunk" time="0.000473779">
        </testcase>
        <testcase classname="src/main/orchestrators/adapters/acp-client.test.ts" name="AcpClient &gt; rejects all pending requests on process exit" time="0.000988124">
        </testcase>
        <testcase classname="src/main/orchestrators/adapters/acp-client.test.ts" name="AcpClient &gt; calls onExit when process exits" time="0.000473859">
        </testcase>
        <testcase classname="src/main/orchestrators/adapters/acp-client.test.ts" name="AcpClient &gt; kills the process" time="0.000364817">
        </testcase>
        <testcase classname="src/main/orchestrators/adapters/acp-client.test.ts" name="AcpClient &gt; kill() is idempotent" time="0.000243662">
        </testcase>
        <testcase classname="src/main/orchestrators/adapters/acp-client.test.ts" name="AcpClient &gt; skips malformed JSON lines" time="0.000400142">
        </testcase>
        <testcase classname="src/main/orchestrators/adapters/acp-client.test.ts" name="AcpClient &gt; reports alive status correctly" time="0.000324402">
        </testcase>
        <testcase classname="src/main/orchestrators/adapters/acp-client.test.ts" name="AcpClient &gt; increments request IDs" time="0.000440007">
        </testcase>
    </testsuite>
    <testsuite name="src/main/orchestrators/adapters/async-queue.test.ts" timestamp="2026-03-25T04:47:29.715Z" hostname="runnervm46oaq" tests="9" failures="0" errors="0" skipped="0" time="0.044151559">
        <testcase classname="src/main/orchestrators/adapters/async-queue.test.ts" name="AsyncQueue &gt; yields items pushed before iteration" time="0.003245518">
        </testcase>
        <testcase classname="src/main/orchestrators/adapters/async-queue.test.ts" name="AsyncQueue &gt; yields items pushed during iteration" time="0.011102824">
        </testcase>
        <testcase classname="src/main/orchestrators/adapters/async-queue.test.ts" name="AsyncQueue &gt; stops iteration on finish()" time="0.000425231">
        </testcase>
        <testcase classname="src/main/orchestrators/adapters/async-queue.test.ts" name="AsyncQueue &gt; handles finish() before any push" time="0.000384756">
        </testcase>
        <testcase classname="src/main/orchestrators/adapters/async-queue.test.ts" name="AsyncQueue &gt; handles finish() while waiting for next item" time="0.011386047">
        </testcase>
        <testcase classname="src/main/orchestrators/adapters/async-queue.test.ts" name="AsyncQueue &gt; rejects on fail() when error is set" time="0.002052007">
        </testcase>
        <testcase classname="src/main/orchestrators/adapters/async-queue.test.ts" name="AsyncQueue &gt; rejects immediately when fail() called while waiting" time="0.010838843">
        </testcase>
        <testcase classname="src/main/orchestrators/adapters/async-queue.test.ts" name="AsyncQueue &gt; ignores push after fail()" time="0.00051033">
        </testcase>
        <testcase classname="src/main/orchestrators/adapters/async-queue.test.ts" name="AsyncQueue &gt; can be iterated only via asyncIterator protocol" time="0.001037901">
        </testcase>
    </testsuite>
    <testsuite name="src/main/orchestrators/adapters/codex-app-server-adapter.test.ts" timestamp="2026-03-25T04:47:29.717Z" hostname="runnervm46oaq" tests="44" failures="0" errors="0" skipped="0" time="0.034610513">
        <testcase classname="src/main/orchestrators/adapters/codex-app-server-adapter.test.ts" name="CodexAppServerAdapter &gt; creates client with correct options" time="0.003372215">
        </testcase>
        <testcase classname="src/main/orchestrators/adapters/codex-app-server-adapter.test.ts" name="CodexAppServerAdapter &gt; removes CLAUDECODE and CLAUDE_CODE_ENTRYPOINT from env" time="0.001743074">
        </testcase>
        <testcase classname="src/main/orchestrators/adapters/codex-app-server-adapter.test.ts" name="CodexAppServerAdapter &gt; starts client and creates thread + turn on start" time="0.001702278">
        </testcase>
        <testcase classname="src/main/orchestrators/adapters/codex-app-server-adapter.test.ts" name="CodexAppServerAdapter &gt; passes model in thread/start" time="0.001622129">
        </testcase>
        <testcase classname="src/main/orchestrators/adapters/codex-app-server-adapter.test.ts" name="CodexAppServerAdapter &gt; passes sandbox for freeAgentMode" time="0.001830896">
        </testcase>
        <testcase classname="src/main/orchestrators/adapters/codex-app-server-adapter.test.ts" name="CodexAppServerAdapter &gt; combines system prompt and mission in turn/start" time="0.000835655">
        </testcase>
        <testcase classname="src/main/orchestrators/adapters/codex-app-server-adapter.test.ts" name="CodexAppServerAdapter &gt; wraps binary with shell when commandPrefix is set" time="0.000798937">
        </testcase>
        <testcase classname="src/main/orchestrators/adapters/codex-app-server-adapter.test.ts" name="CodexAppServerAdapter &gt; emits error + end on startup failure" time="0.000679955">
        </testcase>
        <testcase classname="src/main/orchestrators/adapters/codex-app-server-adapter.test.ts" name="CodexAppServerAdapter &gt; maps item/agentMessage/delta → text_delta" time="0.000971859">
        </testcase>
        <testcase classname="src/main/orchestrators/adapters/codex-app-server-adapter.test.ts" name="CodexAppServerAdapter &gt; maps item/reasoning/summaryTextDelta → thinking" time="0.000551737">
        </testcase>
        <testcase classname="src/main/orchestrators/adapters/codex-app-server-adapter.test.ts" name="CodexAppServerAdapter &gt; maps item/started (CommandExecution) → tool_start" time="0.000518134">
        </testcase>
        <testcase classname="src/main/orchestrators/adapters/codex-app-server-adapter.test.ts" name="CodexAppServerAdapter &gt; maps item/started (FileChange) → tool_start" time="0.000382231">
        </testcase>
        <testcase classname="src/main/orchestrators/adapters/codex-app-server-adapter.test.ts" name="CodexAppServerAdapter &gt; maps item/started (McpToolCall) → tool_start" time="0.000404623">
        </testcase>
        <testcase classname="src/main/orchestrators/adapters/codex-app-server-adapter.test.ts" name="CodexAppServerAdapter &gt; maps item/completed (AgentMessage) → text_done" time="0.000398672">
        </testcase>
        <testcase classname="src/main/orchestrators/adapters/codex-app-server-adapter.test.ts" name="CodexAppServerAdapter &gt; maps item/completed (CommandExecution, success) → tool_end" time="0.000443024">
        </testcase>
        <testcase classname="src/main/orchestrators/adapters/codex-app-server-adapter.test.ts" name="CodexAppServerAdapter &gt; maps item/completed (CommandExecution, failed) → tool_end with error" time="0.000384104">
        </testcase>
        <testcase classname="src/main/orchestrators/adapters/codex-app-server-adapter.test.ts" name="CodexAppServerAdapter &gt; maps item/completed (FileChange) → tool_end" time="0.000415834">
        </testcase>
        <testcase classname="src/main/orchestrators/adapters/codex-app-server-adapter.test.ts" name="CodexAppServerAdapter &gt; maps item/completed (TodoList) → plan_update" time="0.000453173">
        </testcase>
        <testcase classname="src/main/orchestrators/adapters/codex-app-server-adapter.test.ts" name="CodexAppServerAdapter &gt; maps item/commandExecution/outputDelta → command_output" time="0.000436743">
        </testcase>
        <testcase classname="src/main/orchestrators/adapters/codex-app-server-adapter.test.ts" name="CodexAppServerAdapter &gt; maps turn/diff/updated → file_diff" time="0.000385678">
        </testcase>
        <testcase classname="src/main/orchestrators/adapters/codex-app-server-adapter.test.ts" name="CodexAppServerAdapter &gt; maps turn/diff/updated with Add kind → create" time="0.000308363">
        </testcase>
        <testcase classname="src/main/orchestrators/adapters/codex-app-server-adapter.test.ts" name="CodexAppServerAdapter &gt; maps thread/tokenUsage/updated → usage" time="0.000436612">
        </testcase>
        <testcase classname="src/main/orchestrators/adapters/codex-app-server-adapter.test.ts" name="CodexAppServerAdapter &gt; maps turn/completed → usage + end, finishes queue" time="0.000412267">
        </testcase>
        <testcase classname="src/main/orchestrators/adapters/codex-app-server-adapter.test.ts" name="CodexAppServerAdapter &gt; maps turn/completed with failed status → usage + error + end" time="0.000543621">
        </testcase>
        <testcase classname="src/main/orchestrators/adapters/codex-app-server-adapter.test.ts" name="CodexAppServerAdapter &gt; silently ignores unknown notification methods" time="0.000302042">
        </testcase>
        <testcase classname="src/main/orchestrators/adapters/codex-app-server-adapter.test.ts" name="CodexAppServerAdapter &gt; ignores item/started for unknown item types" time="0.000321247">
        </testcase>
        <testcase classname="src/main/orchestrators/adapters/codex-app-server-adapter.test.ts" name="CodexAppServerAdapter &gt; maps item/commandExecution/requestApproval → permission_request" time="0.000536178">
        </testcase>
        <testcase classname="src/main/orchestrators/adapters/codex-app-server-adapter.test.ts" name="CodexAppServerAdapter &gt; maps item/fileChange/requestApproval → permission_request" time="0.000366422">
        </testcase>
        <testcase classname="src/main/orchestrators/adapters/codex-app-server-adapter.test.ts" name="CodexAppServerAdapter &gt; ignores unknown server request methods" time="0.000331147">
        </testcase>
        <testcase classname="src/main/orchestrators/adapters/codex-app-server-adapter.test.ts" name="CodexAppServerAdapter &gt; respondToPermission sends accept decision via JSON-RPC" time="0.000484101">
        </testcase>
        <testcase classname="src/main/orchestrators/adapters/codex-app-server-adapter.test.ts" name="CodexAppServerAdapter &gt; respondToPermission sends decline decision" time="0.000428307">
        </testcase>
        <testcase classname="src/main/orchestrators/adapters/codex-app-server-adapter.test.ts" name="CodexAppServerAdapter &gt; respondToPermission throws for unknown request ID" time="0.002309558">
        </testcase>
        <testcase classname="src/main/orchestrators/adapters/codex-app-server-adapter.test.ts" name="CodexAppServerAdapter &gt; sendMessage sends turn/start on existing thread" time="0.000523454">
        </testcase>
        <testcase classname="src/main/orchestrators/adapters/codex-app-server-adapter.test.ts" name="CodexAppServerAdapter &gt; sendMessage throws if adapter not started" time="0.000398863">
        </testcase>
        <testcase classname="src/main/orchestrators/adapters/codex-app-server-adapter.test.ts" name="CodexAppServerAdapter &gt; cancel kills the client process" time="0.00196713">
        </testcase>
        <testcase classname="src/main/orchestrators/adapters/codex-app-server-adapter.test.ts" name="CodexAppServerAdapter &gt; cancel does nothing when not started" time="0.000645672">
        </testcase>
        <testcase classname="src/main/orchestrators/adapters/codex-app-server-adapter.test.ts" name="CodexAppServerAdapter &gt; dispose kills client and finishes queue" time="0.000492426">
        </testcase>
        <testcase classname="src/main/orchestrators/adapters/codex-app-server-adapter.test.ts" name="CodexAppServerAdapter &gt; emits end event with reason complete on code 0" time="0.000304847">
        </testcase>
        <testcase classname="src/main/orchestrators/adapters/codex-app-server-adapter.test.ts" name="CodexAppServerAdapter &gt; emits end event with reason error on non-zero exit" time="0.000331788">
        </testcase>
        <testcase classname="src/main/orchestrators/adapters/codex-app-server-adapter.test.ts" name="CodexAppServerAdapter &gt; does not emit duplicate end on exit after turn/completed" time="0.00079015">
        </testcase>
        <testcase classname="src/main/orchestrators/adapters/codex-app-server-adapter.test.ts" name="CodexAppServerAdapter &gt; resolves tool verbs from config" time="0.000398602">
        </testcase>
        <testcase classname="src/main/orchestrators/adapters/codex-app-server-adapter.test.ts" name="CodexAppServerAdapter &gt; falls back to &quot;Using tool&quot; for unknown tools" time="0.000358458">
        </testcase>
        <testcase classname="src/main/orchestrators/adapters/codex-app-server-adapter.test.ts" name="CodexAppServerAdapter &gt; handles PascalCase CommandExecution in item/started" time="0.0003873">
        </testcase>
        <testcase classname="src/main/orchestrators/adapters/codex-app-server-adapter.test.ts" name="CodexAppServerAdapter &gt; handles PascalCase AgentMessage in item/completed" time="0.000383283">
        </testcase>
    </testsuite>
    <testsuite name="src/main/orchestrators/adapters/codex-app-server-client.test.ts" timestamp="2026-03-25T04:47:29.724Z" hostname="runnervm46oaq" tests="20" failures="0" errors="0" skipped="0" time="0.04497828">
        <testcase classname="src/main/orchestrators/adapters/codex-app-server-client.test.ts" name="CodexAppServerClient &gt; spawns process with correct options" time="0.005063801">
        </testcase>
        <testcase classname="src/main/orchestrators/adapters/codex-app-server-client.test.ts" name="CodexAppServerClient &gt; performs initialization handshake on start" time="0.002302423">
        </testcase>
        <testcase classname="src/main/orchestrators/adapters/codex-app-server-client.test.ts" name="CodexAppServerClient &gt; uses custom clientInfo when provided" time="0.001809165">
        </testcase>
        <testcase classname="src/main/orchestrators/adapters/codex-app-server-client.test.ts" name="CodexAppServerClient &gt; sends requests without jsonrpc field" time="0.0019298">
        </testcase>
        <testcase classname="src/main/orchestrators/adapters/codex-app-server-client.test.ts" name="CodexAppServerClient &gt; sends notifications without id or jsonrpc" time="0.002457943">
        </testcase>
        <testcase classname="src/main/orchestrators/adapters/codex-app-server-client.test.ts" name="CodexAppServerClient &gt; sends notification without params when none provided" time="0.00171488">
        </testcase>
        <testcase classname="src/main/orchestrators/adapters/codex-app-server-client.test.ts" name="CodexAppServerClient &gt; rejects request on JSON-RPC error response" time="0.003570993">
        </testcase>
        <testcase classname="src/main/orchestrators/adapters/codex-app-server-client.test.ts" name="CodexAppServerClient &gt; forwards notifications to callback" time="0.002130163">
        </testcase>
        <testcase classname="src/main/orchestrators/adapters/codex-app-server-client.test.ts" name="CodexAppServerClient &gt; forwards server-initiated requests to callback" time="0.002446992">
        </testcase>
        <testcase classname="src/main/orchestrators/adapters/codex-app-server-client.test.ts" name="CodexAppServerClient &gt; sends response back to server for approval" time="0.002000511">
        </testcase>
        <testcase classname="src/main/orchestrators/adapters/codex-app-server-client.test.ts" name="CodexAppServerClient &gt; handles chunked NDJSON across multiple data events" time="0.001706114">
        </testcase>
        <testcase classname="src/main/orchestrators/adapters/codex-app-server-client.test.ts" name="CodexAppServerClient &gt; handles multiple messages in a single chunk" time="0.002328162">
        </testcase>
        <testcase classname="src/main/orchestrators/adapters/codex-app-server-client.test.ts" name="CodexAppServerClient &gt; rejects all pending requests on process exit" time="0.002001213">
        </testcase>
        <testcase classname="src/main/orchestrators/adapters/codex-app-server-client.test.ts" name="CodexAppServerClient &gt; calls onExit when process exits" time="0.001645153">
        </testcase>
        <testcase classname="src/main/orchestrators/adapters/codex-app-server-client.test.ts" name="CodexAppServerClient &gt; kills the process" time="0.001690485">
        </testcase>
        <testcase classname="src/main/orchestrators/adapters/codex-app-server-client.test.ts" name="CodexAppServerClient &gt; kill() is idempotent" time="0.001499068">
        </testcase>
        <testcase classname="src/main/orchestrators/adapters/codex-app-server-client.test.ts" name="CodexAppServerClient &gt; skips malformed JSON lines" time="0.001642907">
        </testcase>
        <testcase classname="src/main/orchestrators/adapters/codex-app-server-client.test.ts" name="CodexAppServerClient &gt; reports alive status correctly" time="0.00169852">
        </testcase>
        <testcase classname="src/main/orchestrators/adapters/codex-app-server-client.test.ts" name="CodexAppServerClient &gt; increments request IDs (starting at 2 after init)" time="0.001705212">
        </testcase>
        <testcase classname="src/main/orchestrators/adapters/codex-app-server-client.test.ts" name="CodexAppServerClient &gt; rejects start() if init handshake fails" time="0.001621527">
        </testcase>
    </testsuite>
    <testsuite name="src/main/orchestrators/adapters/stream-json-adapter.test.ts" timestamp="2026-03-25T04:47:29.727Z" hostname="runnervm46oaq" tests="34" failures="0" errors="0" skipped="0" time="0.026438784">
        <testcase classname="src/main/orchestrators/adapters/stream-json-adapter.test.ts" name="StreamJsonAdapter &gt; spawns with correct binary and stream-json flags" time="0.003833338">
        </testcase>
        <testcase classname="src/main/orchestrators/adapters/stream-json-adapter.test.ts" name="StreamJsonAdapter &gt; includes model flag when specified" time="0.00067699">
        </testcase>
        <testcase classname="src/main/orchestrators/adapters/stream-json-adapter.test.ts" name="StreamJsonAdapter &gt; skips model flag for &quot;default&quot;" time="0.000580611">
        </testcase>
        <testcase classname="src/main/orchestrators/adapters/stream-json-adapter.test.ts" name="StreamJsonAdapter &gt; includes allowedTools flags" time="0.000801854">
        </testcase>
        <testcase classname="src/main/orchestrators/adapters/stream-json-adapter.test.ts" name="StreamJsonAdapter &gt; includes disallowedTools flags" time="0.000432836">
        </testcase>
        <testcase classname="src/main/orchestrators/adapters/stream-json-adapter.test.ts" name="StreamJsonAdapter &gt; wraps spawn via shell when commandPrefix is set" time="0.000514819">
        </testcase>
        <testcase classname="src/main/orchestrators/adapters/stream-json-adapter.test.ts" name="StreamJsonAdapter &gt; spawns directly when commandPrefix is undefined" time="0.000334082">
        </testcase>
        <testcase classname="src/main/orchestrators/adapters/stream-json-adapter.test.ts" name="StreamJsonAdapter &gt; includes system prompt flag" time="0.000570883">
        </testcase>
        <testcase classname="src/main/orchestrators/adapters/stream-json-adapter.test.ts" name="StreamJsonAdapter &gt; includes baseArgs before generated args" time="0.000970928">
        </testcase>
        <testcase classname="src/main/orchestrators/adapters/stream-json-adapter.test.ts" name="StreamJsonAdapter &gt; closes stdin immediately after spawn" time="0.000735079">
        </testcase>
        <testcase classname="src/main/orchestrators/adapters/stream-json-adapter.test.ts" name="StreamJsonAdapter &gt; removes CLAUDECODE and CLAUDE_CODE_ENTRYPOINT from env" time="0.001592826">
        </testcase>
        <testcase classname="src/main/orchestrators/adapters/stream-json-adapter.test.ts" name="StreamJsonAdapter &gt; maps content_block_start tool_use → tool_start" time="0.001361686">
        </testcase>
        <testcase classname="src/main/orchestrators/adapters/stream-json-adapter.test.ts" name="StreamJsonAdapter &gt; maps content_block_delta text_delta → text_delta" time="0.000568428">
        </testcase>
        <testcase classname="src/main/orchestrators/adapters/stream-json-adapter.test.ts" name="StreamJsonAdapter &gt; emits text_done with accumulated text on content_block_stop" time="0.000521601">
        </testcase>
        <testcase classname="src/main/orchestrators/adapters/stream-json-adapter.test.ts" name="StreamJsonAdapter &gt; maps thinking_delta → thinking" time="0.000537912">
        </testcase>
        <testcase classname="src/main/orchestrators/adapters/stream-json-adapter.test.ts" name="StreamJsonAdapter &gt; extracts usage from assistant message" time="0.000965548">
        </testcase>
        <testcase classname="src/main/orchestrators/adapters/stream-json-adapter.test.ts" name="StreamJsonAdapter &gt; extracts cache tokens from assistant usage" time="0.000507625">
        </testcase>
        <testcase classname="src/main/orchestrators/adapters/stream-json-adapter.test.ts" name="StreamJsonAdapter &gt; maps user tool_result → tool_end" time="0.000468341">
        </testcase>
        <testcase classname="src/main/orchestrators/adapters/stream-json-adapter.test.ts" name="StreamJsonAdapter &gt; maps tool_result with is_error → tool_end error status" time="0.000440721">
        </testcase>
        <testcase classname="src/main/orchestrators/adapters/stream-json-adapter.test.ts" name="StreamJsonAdapter &gt; handles tool_result with array content" time="0.00033824">
        </testcase>
        <testcase classname="src/main/orchestrators/adapters/stream-json-adapter.test.ts" name="StreamJsonAdapter &gt; maps result event with cost to usage" time="0.000485605">
        </testcase>
        <testcase classname="src/main/orchestrators/adapters/stream-json-adapter.test.ts" name="StreamJsonAdapter &gt; emits end event with reason complete on code 0" time="0.000329543">
        </testcase>
        <testcase classname="src/main/orchestrators/adapters/stream-json-adapter.test.ts" name="StreamJsonAdapter &gt; emits end event with reason error on non-zero exit" time="0.000319515">
        </testcase>
        <testcase classname="src/main/orchestrators/adapters/stream-json-adapter.test.ts" name="StreamJsonAdapter &gt; emits error event for stderr output" time="0.000505772">
        </testcase>
        <testcase classname="src/main/orchestrators/adapters/stream-json-adapter.test.ts" name="StreamJsonAdapter &gt; handles process error event" time="0.000335906">
        </testcase>
        <testcase classname="src/main/orchestrators/adapters/stream-json-adapter.test.ts" name="StreamJsonAdapter &gt; sendMessage throws (not supported)" time="0.001413843">
        </testcase>
        <testcase classname="src/main/orchestrators/adapters/stream-json-adapter.test.ts" name="StreamJsonAdapter &gt; respondToPermission throws (not supported)" time="0.000435662">
        </testcase>
        <testcase classname="src/main/orchestrators/adapters/stream-json-adapter.test.ts" name="StreamJsonAdapter &gt; cancel kills the process with SIGTERM" time="0.000594637">
        </testcase>
        <testcase classname="src/main/orchestrators/adapters/stream-json-adapter.test.ts" name="StreamJsonAdapter &gt; cancel is safe when adapter not started" time="0.000487037">
        </testcase>
        <testcase classname="src/main/orchestrators/adapters/stream-json-adapter.test.ts" name="StreamJsonAdapter &gt; dispose kills process and finishes queue" time="0.000442644">
        </testcase>
        <testcase classname="src/main/orchestrators/adapters/stream-json-adapter.test.ts" name="StreamJsonAdapter &gt; resolves tool verbs from config" time="0.000344732">
        </testcase>
        <testcase classname="src/main/orchestrators/adapters/stream-json-adapter.test.ts" name="StreamJsonAdapter &gt; falls back to &quot;Using tool&quot; for unknown tools" time="0.000331698">
        </testcase>
        <testcase classname="src/main/orchestrators/adapters/stream-json-adapter.test.ts" name="StreamJsonAdapter &gt; handles a complete agent turn: thinking → text → tool → result" time="0.001459388">
        </testcase>
        <testcase classname="src/main/orchestrators/adapters/stream-json-adapter.test.ts" name="StreamJsonAdapter &gt; ignores unknown event types" time="0.00027892">
        </testcase>
    </testsuite>
    <testsuite name="src/main/services/clubhouse-mcp/binding-manager.test.ts" timestamp="2026-03-25T04:47:29.732Z" hostname="runnervm46oaq" tests="33" failures="0" errors="0" skipped="0" time="0.016177106">
        <testcase classname="src/main/services/clubhouse-mcp/binding-manager.test.ts" name="BindingManager &gt; bind &gt; creates a binding for an agent" time="0.003124673">
        </testcase>
        <testcase classname="src/main/services/clubhouse-mcp/binding-manager.test.ts" name="BindingManager &gt; bind &gt; does not duplicate bindings" time="0.000367053">
        </testcase>
        <testcase classname="src/main/services/clubhouse-mcp/binding-manager.test.ts" name="BindingManager &gt; bind &gt; allows multiple bindings per agent" time="0.000318042">
        </testcase>
        <testcase classname="src/main/services/clubhouse-mcp/binding-manager.test.ts" name="BindingManager &gt; bind &gt; notifies listeners on change" time="0.001138618">
        </testcase>
        <testcase classname="src/main/services/clubhouse-mcp/binding-manager.test.ts" name="BindingManager &gt; unbind &gt; removes a specific binding" time="0.000651062">
        </testcase>
        <testcase classname="src/main/services/clubhouse-mcp/binding-manager.test.ts" name="BindingManager &gt; unbind &gt; does nothing for non-existent binding" time="0.000253301">
        </testcase>
        <testcase classname="src/main/services/clubhouse-mcp/binding-manager.test.ts" name="BindingManager &gt; unbind &gt; notifies listeners" time="0.000377452">
        </testcase>
        <testcase classname="src/main/services/clubhouse-mcp/binding-manager.test.ts" name="BindingManager &gt; unbindAgent &gt; removes all bindings for an agent" time="0.000255115">
        </testcase>
        <testcase classname="src/main/services/clubhouse-mcp/binding-manager.test.ts" name="BindingManager &gt; unbindAgent &gt; does not affect other agents" time="0.000576673">
        </testcase>
        <testcase classname="src/main/services/clubhouse-mcp/binding-manager.test.ts" name="BindingManager &gt; unbindAgent &gt; does nothing for non-existent agent" time="0.000340934">
        </testcase>
        <testcase classname="src/main/services/clubhouse-mcp/binding-manager.test.ts" name="BindingManager &gt; unbindTarget &gt; removes target from all agents" time="0.00048367">
        </testcase>
        <testcase classname="src/main/services/clubhouse-mcp/binding-manager.test.ts" name="BindingManager &gt; unbindTarget &gt; preserves other bindings" time="0.000243784">
        </testcase>
        <testcase classname="src/main/services/clubhouse-mcp/binding-manager.test.ts" name="BindingManager &gt; unbindTarget &gt; notifies affected agents" time="0.0003335">
        </testcase>
        <testcase classname="src/main/services/clubhouse-mcp/binding-manager.test.ts" name="BindingManager &gt; getAllBindings &gt; returns all bindings across agents" time="0.000221432">
        </testcase>
        <testcase classname="src/main/services/clubhouse-mcp/binding-manager.test.ts" name="BindingManager &gt; getAllBindings &gt; returns empty array when no bindings" time="0.000186728">
        </testcase>
        <testcase classname="src/main/services/clubhouse-mcp/binding-manager.test.ts" name="BindingManager &gt; onChange &gt; returns unsubscribe function" time="0.000256838">
        </testcase>
        <testcase classname="src/main/services/clubhouse-mcp/binding-manager.test.ts" name="BindingManager &gt; onChange &gt; handles listener errors gracefully" time="0.000341425">
        </testcase>
        <testcase classname="src/main/services/clubhouse-mcp/binding-manager.test.ts" name="BindingManager &gt; onChange &gt; supports multiple listeners simultaneously" time="0.000471848">
        </testcase>
        <testcase classname="src/main/services/clubhouse-mcp/binding-manager.test.ts" name="BindingManager &gt; setInstructions &gt; sets instructions on a binding" time="0.000249414">
        </testcase>
        <testcase classname="src/main/services/clubhouse-mcp/binding-manager.test.ts" name="BindingManager &gt; setInstructions &gt; removes instructions when all values are empty" time="0.000229307">
        </testcase>
        <testcase classname="src/main/services/clubhouse-mcp/binding-manager.test.ts" name="BindingManager &gt; setInstructions &gt; supports per-tool instructions" time="0.000283308">
        </testcase>
        <testcase classname="src/main/services/clubhouse-mcp/binding-manager.test.ts" name="BindingManager &gt; setInstructions &gt; notifies listeners on change" time="0.000282866">
        </testcase>
        <testcase classname="src/main/services/clubhouse-mcp/binding-manager.test.ts" name="BindingManager &gt; setInstructions &gt; does nothing for non-existent agent" time="0.000165238">
        </testcase>
        <testcase classname="src/main/services/clubhouse-mcp/binding-manager.test.ts" name="BindingManager &gt; setInstructions &gt; does nothing for non-existent target" time="0.000257048">
        </testcase>
        <testcase classname="src/main/services/clubhouse-mcp/binding-manager.test.ts" name="BindingManager &gt; setDisabledTools &gt; sets disabled tools on a binding" time="0.000256627">
        </testcase>
        <testcase classname="src/main/services/clubhouse-mcp/binding-manager.test.ts" name="BindingManager &gt; setDisabledTools &gt; clears disabled tools when empty array is passed" time="0.000212986">
        </testcase>
        <testcase classname="src/main/services/clubhouse-mcp/binding-manager.test.ts" name="BindingManager &gt; setDisabledTools &gt; notifies listeners on change" time="0.00022059">
        </testcase>
        <testcase classname="src/main/services/clubhouse-mcp/binding-manager.test.ts" name="BindingManager &gt; setDisabledTools &gt; does nothing for non-existent agent" time="0.000183692">
        </testcase>
        <testcase classname="src/main/services/clubhouse-mcp/binding-manager.test.ts" name="BindingManager &gt; setDisabledTools &gt; does nothing for non-existent target" time="0.000198589">
        </testcase>
        <testcase classname="src/main/services/clubhouse-mcp/binding-manager.test.ts" name="BindingManager &gt; complex scenarios &gt; handles bind + unbind + rebind cycle" time="0.000353788">
        </testcase>
        <testcase classname="src/main/services/clubhouse-mcp/binding-manager.test.ts" name="BindingManager &gt; complex scenarios &gt; handles unbindTarget with no matching bindings" time="0.000261266">
        </testcase>
        <testcase classname="src/main/services/clubhouse-mcp/binding-manager.test.ts" name="BindingManager &gt; complex scenarios &gt; multiple agents bound to same target" time="0.000393963">
        </testcase>
        <testcase classname="src/main/services/clubhouse-mcp/binding-manager.test.ts" name="BindingManager &gt; complex scenarios &gt; mixed target kinds per agent" time="0.000281704">
        </testcase>
    </testsuite>
    <testsuite name="src/main/services/clubhouse-mcp/bridge-server.test.ts" timestamp="2026-03-25T04:47:29.736Z" hostname="runnervm46oaq" tests="26" failures="0" errors="0" skipped="0" time="0.110182624">
        <testcase classname="src/main/services/clubhouse-mcp/bridge-server.test.ts" name="BridgeServer &gt; starts and returns a port" time="0.007998881">
        </testcase>
        <testcase classname="src/main/services/clubhouse-mcp/bridge-server.test.ts" name="BridgeServer &gt; handles MCP initialize" time="0.010752224">
        </testcase>
        <testcase classname="src/main/services/clubhouse-mcp/bridge-server.test.ts" name="BridgeServer &gt; handles tools/list with empty bindings" time="0.003384637">
        </testcase>
        <testcase classname="src/main/services/clubhouse-mcp/bridge-server.test.ts" name="BridgeServer &gt; handles tools/list with bindings" time="0.003350834">
        </testcase>
        <testcase classname="src/main/services/clubhouse-mcp/bridge-server.test.ts" name="BridgeServer &gt; handles tools/call" time="0.002877173">
        </testcase>
        <testcase classname="src/main/services/clubhouse-mcp/bridge-server.test.ts" name="BridgeServer &gt; rejects requests with invalid nonce" time="0.002213468">
        </testcase>
        <testcase classname="src/main/services/clubhouse-mcp/bridge-server.test.ts" name="BridgeServer &gt; rejects requests when agent has no registered nonce (nonce bypass fix)" time="0.001605346">
        </testcase>
        <testcase classname="src/main/services/clubhouse-mcp/bridge-server.test.ts" name="BridgeServer &gt; rejects requests with no nonce header even when agent has one" time="0.001313784">
        </testcase>
        <testcase classname="src/main/services/clubhouse-mcp/bridge-server.test.ts" name="BridgeServer &gt; accepts requests when nonce matches exactly" time="0.002047199">
        </testcase>
        <testcase classname="src/main/services/clubhouse-mcp/bridge-server.test.ts" name="BridgeServer &gt; returns 404 for unknown routes" time="0.002156232">
        </testcase>
        <testcase classname="src/main/services/clubhouse-mcp/bridge-server.test.ts" name="BridgeServer &gt; returns error for unknown methods" time="0.001651633">
        </testcase>
        <testcase classname="src/main/services/clubhouse-mcp/bridge-server.test.ts" name="BridgeServer &gt; returns error for invalid JSON" time="0.001366983">
        </testcase>
        <testcase classname="src/main/services/clubhouse-mcp/bridge-server.test.ts" name="BridgeServer &gt; waitReady resolves when already started" time="0.000326016">
        </testcase>
        <testcase classname="src/main/services/clubhouse-mcp/bridge-server.test.ts" name="BridgeServer &gt; stop resets port" time="0.000339291">
        </testcase>
        <testcase classname="src/main/services/clubhouse-mcp/bridge-server.test.ts" name="BridgeServer &gt; returns 405 for non-POST non-GET requests" time="0.001054582">
        </testcase>
        <testcase classname="src/main/services/clubhouse-mcp/bridge-server.test.ts" name="BridgeServer &gt; returns 405 for DELETE requests" time="0.001207146">
        </testcase>
        <testcase classname="src/main/services/clubhouse-mcp/bridge-server.test.ts" name="BridgeServer &gt; handles notifications/initialized without error" time="0.00113943">
        </testcase>
        <testcase classname="src/main/services/clubhouse-mcp/bridge-server.test.ts" name="BridgeServer &gt; returns missing tool name error for tools/call without name" time="0.001195785">
        </testcase>
        <testcase classname="src/main/services/clubhouse-mcp/bridge-server.test.ts" name="BridgeServer &gt; handles tools/call with failing handler" time="0.001481827">
        </testcase>
        <testcase classname="src/main/services/clubhouse-mcp/bridge-server.test.ts" name="BridgeServer &gt; returns 404 for /mcp/ with no agent ID" time="0.001120575">
        </testcase>
        <testcase classname="src/main/services/clubhouse-mcp/bridge-server.test.ts" name="BridgeServer &gt; waitReady rejects when server not started" time="0.001373325">
        </testcase>
        <testcase classname="src/main/services/clubhouse-mcp/bridge-server.test.ts" name="BridgeServer &gt; TOOL_ACTIVITY broadcast &gt; broadcasts activity for agent tool calls" time="0.001898613">
        </testcase>
        <testcase classname="src/main/services/clubhouse-mcp/bridge-server.test.ts" name="BridgeServer &gt; TOOL_ACTIVITY broadcast &gt; broadcasts activity for group-project tool calls" time="0.001431754">
        </testcase>
        <testcase classname="src/main/services/clubhouse-mcp/bridge-server.test.ts" name="BridgeServer &gt; TOOL_ACTIVITY broadcast &gt; broadcasts activity for agent-queue tool calls" time="0.001497355">
        </testcase>
        <testcase classname="src/main/services/clubhouse-mcp/bridge-server.test.ts" name="BridgeServer &gt; TOOL_ACTIVITY broadcast &gt; broadcasts reverse direction for read_output tool calls" time="0.001307813">
        </testcase>
        <testcase classname="src/main/services/clubhouse-mcp/bridge-server.test.ts" name="BridgeServer &gt; SSE events &gt; sends tools/list_changed notification on binding change" time="0.051961029">
        </testcase>
    </testsuite>
    <testsuite name="src/main/services/clubhouse-mcp/injection.test.ts" timestamp="2026-03-25T04:47:29.740Z" hostname="runnervm46oaq" tests="23" failures="0" errors="0" skipped="0" time="0.042843752">
        <testcase classname="src/main/services/clubhouse-mcp/injection.test.ts" name="MCP Injection &gt; injectClubhouseMcp &gt; does nothing when feature is disabled" time="0.004334253">
        </testcase>
        <testcase classname="src/main/services/clubhouse-mcp/injection.test.ts" name="MCP Injection &gt; injectClubhouseMcp &gt; creates .mcp.json with clubhouse entry when feature is enabled" time="0.003027672">
        </testcase>
        <testcase classname="src/main/services/clubhouse-mcp/injection.test.ts" name="MCP Injection &gt; injectClubhouseMcp &gt; preserves existing MCP servers" time="0.001967691">
        </testcase>
        <testcase classname="src/main/services/clubhouse-mcp/injection.test.ts" name="MCP Injection &gt; injectClubhouseMcp &gt; overwrites existing clubhouse entry" time="0.002001113">
        </testcase>
        <testcase classname="src/main/services/clubhouse-mcp/injection.test.ts" name="MCP Injection &gt; injectClubhouseMcp &gt; uses custom conventions for config file path" time="0.001318944">
        </testcase>
        <testcase classname="src/main/services/clubhouse-mcp/injection.test.ts" name="MCP Injection &gt; injectClubhouseMcp &gt; handles malformed existing JSON gracefully" time="0.001649188">
        </testcase>
        <testcase classname="src/main/services/clubhouse-mcp/injection.test.ts" name="MCP Injection &gt; injectClubhouseMcp &gt; serializes concurrent injections (no clobbering)" time="0.002583406">
        </testcase>
        <testcase classname="src/main/services/clubhouse-mcp/injection.test.ts" name="MCP Injection &gt; injectClubhouseMcp &gt; creates parent directory if it does not exist" time="0.002243875">
        </testcase>
        <testcase classname="src/main/services/clubhouse-mcp/injection.test.ts" name="MCP Injection &gt; injectClubhouseMcp &gt; injects TOML MCP config for TOML config format (Codex CLI)" time="0.002914668">
        </testcase>
        <testcase classname="src/main/services/clubhouse-mcp/injection.test.ts" name="MCP Injection &gt; injectClubhouseMcp &gt; preserves existing TOML content when injecting" time="0.002442658">
        </testcase>
        <testcase classname="src/main/services/clubhouse-mcp/injection.test.ts" name="MCP Injection &gt; injectClubhouseMcp &gt; replaces existing clubhouse section in TOML" time="0.001940811">
        </testcase>
        <testcase classname="src/main/services/clubhouse-mcp/injection.test.ts" name="MCP Injection &gt; injectClubhouseMcp &gt; still injects for JSON config format" time="0.001260035">
        </testcase>
        <testcase classname="src/main/services/clubhouse-mcp/injection.test.ts" name="MCP Injection &gt; injectClubhouseMcp &gt; no temp files left behind after injection" time="0.001721312">
        </testcase>
        <testcase classname="src/main/services/clubhouse-mcp/injection.test.ts" name="MCP Injection &gt; isClubhouseMcpEntry &gt; detects clubhouse bridge entries" time="0.000478179">
        </testcase>
        <testcase classname="src/main/services/clubhouse-mcp/injection.test.ts" name="MCP Injection &gt; isClubhouseMcpEntry &gt; rejects non-clubhouse entries" time="0.000453904">
        </testcase>
        <testcase classname="src/main/services/clubhouse-mcp/injection.test.ts" name="MCP Injection &gt; isClubhouseMcpEntry &gt; rejects non-node entries" time="0.000541688">
        </testcase>
        <testcase classname="src/main/services/clubhouse-mcp/injection.test.ts" name="MCP Injection &gt; isClubhouseMcpEntry &gt; handles null/undefined" time="0.000469434">
        </testcase>
        <testcase classname="src/main/services/clubhouse-mcp/injection.test.ts" name="MCP Injection &gt; stripClubhouseMcp &gt; removes clubhouse entry from config" time="0.000609083">
        </testcase>
        <testcase classname="src/main/services/clubhouse-mcp/injection.test.ts" name="MCP Injection &gt; stripClubhouseMcp &gt; returns config unchanged when no mcpServers" time="0.001545846">
        </testcase>
        <testcase classname="src/main/services/clubhouse-mcp/injection.test.ts" name="MCP Injection &gt; stripClubhouseMcpToml &gt; removes clubhouse section from TOML" time="0.003467901">
        </testcase>
        <testcase classname="src/main/services/clubhouse-mcp/injection.test.ts" name="MCP Injection &gt; stripClubhouseMcpToml &gt; preserves other MCP servers" time="0.002507521">
        </testcase>
        <testcase classname="src/main/services/clubhouse-mcp/injection.test.ts" name="MCP Injection &gt; stripClubhouseMcpToml &gt; handles TOML without clubhouse section" time="0.00049974">
        </testcase>
        <testcase classname="src/main/services/clubhouse-mcp/injection.test.ts" name="MCP Injection &gt; buildClubhouseMcpDef &gt; returns a valid MCP server definition with type stdio" time="0.000730258">
        </testcase>
    </testsuite>
    <testsuite name="src/main/services/clubhouse-mcp/tool-registry.test.ts" timestamp="2026-03-25T04:47:29.744Z" hostname="runnervm46oaq" tests="44" failures="0" errors="0" skipped="0" time="0.022034402">
        <testcase classname="src/main/services/clubhouse-mcp/tool-registry.test.ts" name="ToolRegistry &gt; shortHash &gt; returns a 4-character string" time="0.00301476">
        </testcase>
        <testcase classname="src/main/services/clubhouse-mcp/tool-registry.test.ts" name="ToolRegistry &gt; shortHash &gt; is deterministic" time="0.000327841">
        </testcase>
        <testcase classname="src/main/services/clubhouse-mcp/tool-registry.test.ts" name="ToolRegistry &gt; shortHash &gt; differs for different inputs" time="0.000726622">
        </testcase>
        <testcase classname="src/main/services/clubhouse-mcp/tool-registry.test.ts" name="ToolRegistry &gt; buildToolKey &gt; builds key with project, name, and hash for agent targets" time="0.0004409">
        </testcase>
        <testcase classname="src/main/services/clubhouse-mcp/tool-registry.test.ts" name="ToolRegistry &gt; buildToolKey &gt; falls back to label when targetName not set" time="0.000300048">
        </testcase>
        <testcase classname="src/main/services/clubhouse-mcp/tool-registry.test.ts" name="ToolRegistry &gt; buildToolKey &gt; falls back to targetId when no name or label" time="0.000204191">
        </testcase>
        <testcase classname="src/main/services/clubhouse-mcp/tool-registry.test.ts" name="ToolRegistry &gt; buildToolKey &gt; uses sanitized targetId for non-agent targets" time="0.000243063">
        </testcase>
        <testcase classname="src/main/services/clubhouse-mcp/tool-registry.test.ts" name="ToolRegistry &gt; buildToolKey &gt; builds key with name and hash for group-project targets" time="0.000192829">
        </testcase>
        <testcase classname="src/main/services/clubhouse-mcp/tool-registry.test.ts" name="ToolRegistry &gt; buildToolName &gt; builds clubhouse-prefixed name for agent targets" time="0.000526821">
        </testcase>
        <testcase classname="src/main/services/clubhouse-mcp/tool-registry.test.ts" name="ToolRegistry &gt; buildToolName &gt; uses targetKind prefix for non-agent targets" time="0.000305269">
        </testcase>
        <testcase classname="src/main/services/clubhouse-mcp/tool-registry.test.ts" name="ToolRegistry &gt; buildToolName &gt; uses group prefix for group-project targets" time="0.000250276">
        </testcase>
        <testcase classname="src/main/services/clubhouse-mcp/tool-registry.test.ts" name="ToolRegistry &gt; parseToolName &gt; parses clubhouse-prefixed tool names" time="0.000420463">
        </testcase>
        <testcase classname="src/main/services/clubhouse-mcp/tool-registry.test.ts" name="ToolRegistry &gt; parseToolName &gt; parses browser tool names" time="0.000274902">
        </testcase>
        <testcase classname="src/main/services/clubhouse-mcp/tool-registry.test.ts" name="ToolRegistry &gt; parseToolName &gt; parses terminal tool names" time="0.000174545">
        </testcase>
        <testcase classname="src/main/services/clubhouse-mcp/tool-registry.test.ts" name="ToolRegistry &gt; parseToolName &gt; parses group tool names" time="0.000206374">
        </testcase>
        <testcase classname="src/main/services/clubhouse-mcp/tool-registry.test.ts" name="ToolRegistry &gt; parseToolName &gt; returns null for invalid names" time="0.000206955">
        </testcase>
        <testcase classname="src/main/services/clubhouse-mcp/tool-registry.test.ts" name="ToolRegistry &gt; parseToolName &gt; rejects tool names with special characters in tool key" time="0.000152233">
        </testcase>
        <testcase classname="src/main/services/clubhouse-mcp/tool-registry.test.ts" name="ToolRegistry &gt; parseToolName &gt; round-trips through buildToolName for agent targets" time="0.000213918">
        </testcase>
        <testcase classname="src/main/services/clubhouse-mcp/tool-registry.test.ts" name="ToolRegistry &gt; registerToolTemplate + getScopedToolList &gt; returns empty list when no bindings" time="0.000383694">
        </testcase>
        <testcase classname="src/main/services/clubhouse-mcp/tool-registry.test.ts" name="ToolRegistry &gt; registerToolTemplate + getScopedToolList &gt; returns tools for bound targets with human-readable names" time="0.000485233">
        </testcase>
        <testcase classname="src/main/services/clubhouse-mcp/tool-registry.test.ts" name="ToolRegistry &gt; registerToolTemplate + getScopedToolList &gt; scopes tools to correct target kind" time="0.000590689">
        </testcase>
        <testcase classname="src/main/services/clubhouse-mcp/tool-registry.test.ts" name="ToolRegistry &gt; registerToolTemplate + getScopedToolList &gt; generates tools for multiple bindings" time="0.00040293">
        </testcase>
        <testcase classname="src/main/services/clubhouse-mcp/tool-registry.test.ts" name="ToolRegistry &gt; instruction injection &gt; injects global (*) instructions into all tool descriptions" time="0.000416315">
        </testcase>
        <testcase classname="src/main/services/clubhouse-mcp/tool-registry.test.ts" name="ToolRegistry &gt; instruction injection &gt; injects per-tool instructions that override global" time="0.000401376">
        </testcase>
        <testcase classname="src/main/services/clubhouse-mcp/tool-registry.test.ts" name="ToolRegistry &gt; instruction injection &gt; does not inject instructions when none are set" time="0.00020955">
        </testcase>
        <testcase classname="src/main/services/clubhouse-mcp/tool-registry.test.ts" name="ToolRegistry &gt; callTool &gt; calls the correct handler" time="0.00117694">
        </testcase>
        <testcase classname="src/main/services/clubhouse-mcp/tool-registry.test.ts" name="ToolRegistry &gt; callTool &gt; returns error for unknown tool" time="0.000629601">
        </testcase>
        <testcase classname="src/main/services/clubhouse-mcp/tool-registry.test.ts" name="ToolRegistry &gt; callTool &gt; returns error when agent has no binding for target" time="0.000247671">
        </testcase>
        <testcase classname="src/main/services/clubhouse-mcp/tool-registry.test.ts" name="ToolRegistry &gt; callTool &gt; returns error for unknown action suffix" time="0.000305959">
        </testcase>
        <testcase classname="src/main/services/clubhouse-mcp/tool-registry.test.ts" name="ToolRegistry &gt; callTool &gt; passes original targetId (not sanitized) to handler" time="0.00037049">
        </testcase>
        <testcase classname="src/main/services/clubhouse-mcp/tool-registry.test.ts" name="ToolRegistry &gt; callTool &gt; isolates tools across different agents" time="0.000271776">
        </testcase>
        <testcase classname="src/main/services/clubhouse-mcp/tool-registry.test.ts" name="ToolRegistry &gt; callTool &gt; works with group-project tool names" time="0.000355422">
        </testcase>
        <testcase classname="src/main/services/clubhouse-mcp/tool-registry.test.ts" name="ToolRegistry &gt; callTool &gt; returns error when required argument is missing" time="0.000343129">
        </testcase>
        <testcase classname="src/main/services/clubhouse-mcp/tool-registry.test.ts" name="ToolRegistry &gt; callTool &gt; returns error when argument has wrong type" time="0.000264993">
        </testcase>
        <testcase classname="src/main/services/clubhouse-mcp/tool-registry.test.ts" name="ToolRegistry &gt; callTool &gt; works with browser tool names" time="0.00028449">
        </testcase>
        <testcase classname="src/main/services/clubhouse-mcp/tool-registry.test.ts" name="ToolRegistry &gt; sleeping target tool filtering &gt; only exposes get_status and wake when target agent is sleeping (not in registry)" time="0.000314526">
        </testcase>
        <testcase classname="src/main/services/clubhouse-mcp/tool-registry.test.ts" name="ToolRegistry &gt; sleeping target tool filtering &gt; exposes all tools when target agent is running (in registry)" time="0.000311509">
        </testcase>
        <testcase classname="src/main/services/clubhouse-mcp/tool-registry.test.ts" name="ToolRegistry &gt; sleeping target tool filtering &gt; does not filter non-agent target tools" time="0.000306691">
        </testcase>
        <testcase classname="src/main/services/clubhouse-mcp/tool-registry.test.ts" name="ToolRegistry &gt; disabledTools filtering &gt; excludes tools listed in disabledTools" time="0.000603232">
        </testcase>
        <testcase classname="src/main/services/clubhouse-mcp/tool-registry.test.ts" name="ToolRegistry &gt; disabledTools filtering &gt; excludes multiple disabled tools" time="0.000308545">
        </testcase>
        <testcase classname="src/main/services/clubhouse-mcp/tool-registry.test.ts" name="ToolRegistry &gt; disabledTools filtering &gt; exposes all tools when disabledTools is empty" time="0.000271625">
        </testcase>
        <testcase classname="src/main/services/clubhouse-mcp/tool-registry.test.ts" name="ToolRegistry &gt; shoulder tap group project gating &gt; hides shoulder_tap and broadcast when shoulderTapEnabled is false" time="0.000809316">
        </testcase>
        <testcase classname="src/main/services/clubhouse-mcp/tool-registry.test.ts" name="ToolRegistry &gt; shoulder tap group project gating &gt; shows shoulder_tap and broadcast when shoulderTapEnabled is true" time="0.000652574">
        </testcase>
        <testcase classname="src/main/services/clubhouse-mcp/tool-registry.test.ts" name="ToolRegistry &gt; shoulder tap group project gating &gt; hides shoulder_tap even when enabled at project level if disabled at wire level" time="0.000633478">
        </testcase>
    </testsuite>
    <testsuite name="src/main/services/clubhouse-mcp/tools/agent-queue-tools.test.ts" timestamp="2026-03-25T04:47:29.750Z" hostname="runnervm46oaq" tests="4" failures="0" errors="0" skipped="0" time="0.007823042">
        <testcase classname="src/main/services/clubhouse-mcp/tools/agent-queue-tools.test.ts" name="Agent Queue Tool Names &gt; builds tool key with name and hash for agent-queue targets" time="0.003328181">
        </testcase>
        <testcase classname="src/main/services/clubhouse-mcp/tools/agent-queue-tools.test.ts" name="Agent Queue Tool Names &gt; builds queue-prefixed tool name for agent-queue targets" time="0.000593945">
        </testcase>
        <testcase classname="src/main/services/clubhouse-mcp/tools/agent-queue-tools.test.ts" name="Agent Queue Tool Names &gt; parses queue-prefixed tool names" time="0.000823612">
        </testcase>
        <testcase classname="src/main/services/clubhouse-mcp/tools/agent-queue-tools.test.ts" name="Agent Queue Tool Names &gt; parses queue tool names for all suffixes" time="0.000971216">
        </testcase>
    </testsuite>
    <testsuite name="src/main/services/clubhouse-mcp/tools/agent-tools.test.ts" timestamp="2026-03-25T04:47:29.750Z" hostname="runnervm46oaq" tests="54" failures="0" errors="0" skipped="0" time="0.053207785">
        <testcase classname="src/main/services/clubhouse-mcp/tools/agent-tools.test.ts" name="AgentTools &gt; tool registration &gt; registers all agent-to-agent tools" time="0.005543195">
        </testcase>
        <testcase classname="src/main/services/clubhouse-mcp/tools/agent-tools.test.ts" name="AgentTools &gt; tool registration &gt; generates clubhouse-prefixed tool names with project and agent name" time="0.001078036">
        </testcase>
        <testcase classname="src/main/services/clubhouse-mcp/tools/agent-tools.test.ts" name="AgentTools &gt; send_message &gt; sends single-line message without bracketed paste" time="0.002713609">
        </testcase>
        <testcase classname="src/main/services/clubhouse-mcp/tools/agent-tools.test.ts" name="AgentTools &gt; send_message &gt; wraps multi-line message in chunked bracketed paste" time="0.001197889">
        </testcase>
        <testcase classname="src/main/services/clubhouse-mcp/tools/agent-tools.test.ts" name="AgentTools &gt; send_message &gt; uses chunked bracketed paste for bidirectional messages (reply instructions contain newlines)" time="0.001119383">
        </testcase>
        <testcase classname="src/main/services/clubhouse-mcp/tools/agent-tools.test.ts" name="AgentTools &gt; send_message &gt; does not include reply instructions when unidirectional" time="0.000714319">
        </testcase>
        <testcase classname="src/main/services/clubhouse-mcp/tools/agent-tools.test.ts" name="AgentTools &gt; send_message &gt; sends delayed \r and retries with second \r when buffer does not grow (force_submit=true)" time="0.000823362">
        </testcase>
        <testcase classname="src/main/services/clubhouse-mcp/tools/agent-tools.test.ts" name="AgentTools &gt; send_message &gt; skips second \r when first Enter triggers processing (buffer grows)" time="0.000770614">
        </testcase>
        <testcase classname="src/main/services/clubhouse-mcp/tools/agent-tools.test.ts" name="AgentTools &gt; send_message &gt; skips delayed \r when force_submit=false" time="0.001672612">
        </testcase>
        <testcase classname="src/main/services/clubhouse-mcp/tools/agent-tools.test.ts" name="AgentTools &gt; send_message &gt; skips delayed \r for multi-line when force_submit=false" time="0.001437184">
        </testcase>
        <testcase classname="src/main/services/clubhouse-mcp/tools/agent-tools.test.ts" name="AgentTools &gt; send_message &gt; uses provider-specific paste timing for copilot-cli agents" time="0.001670699">
        </testcase>
        <testcase classname="src/main/services/clubhouse-mcp/tools/agent-tools.test.ts" name="AgentTools &gt; send_message &gt; falls back to default timing when provider not found" time="0.002843598">
        </testcase>
        <testcase classname="src/main/services/clubhouse-mcp/tools/agent-tools.test.ts" name="AgentTools &gt; send_message &gt; performs post-send buffer checks for delivery heuristic" time="0.000960497">
        </testcase>
        <testcase classname="src/main/services/clubhouse-mcp/tools/agent-tools.test.ts" name="AgentTools &gt; send_message &gt; includes sender name without project when project not set" time="0.002957703">
        </testcase>
        <testcase classname="src/main/services/clubhouse-mcp/tools/agent-tools.test.ts" name="AgentTools &gt; send_message &gt; auto-generates task_id when not provided" time="0.000896679">
        </testcase>
        <testcase classname="src/main/services/clubhouse-mcp/tools/agent-tools.test.ts" name="AgentTools &gt; send_message &gt; sends tagged message to structured agent" time="0.002759345">
        </testcase>
        <testcase classname="src/main/services/clubhouse-mcp/tools/agent-tools.test.ts" name="AgentTools &gt; send_message &gt; returns error when agent not running" time="0.000514567">
        </testcase>
        <testcase classname="src/main/services/clubhouse-mcp/tools/agent-tools.test.ts" name="AgentTools &gt; send_message &gt; returns error for headless runtime" time="0.000445909">
        </testcase>
        <testcase classname="src/main/services/clubhouse-mcp/tools/agent-tools.test.ts" name="AgentTools &gt; send_message &gt; returns error when message is missing" time="0.000506703">
        </testcase>
        <testcase classname="src/main/services/clubhouse-mcp/tools/agent-tools.test.ts" name="AgentTools &gt; get_status &gt; returns running status for active agent" time="0.000447493">
        </testcase>
        <testcase classname="src/main/services/clubhouse-mcp/tools/agent-tools.test.ts" name="AgentTools &gt; get_status &gt; returns not running for inactive agent" time="0.000363987">
        </testcase>
        <testcase classname="src/main/services/clubhouse-mcp/tools/agent-tools.test.ts" name="AgentTools &gt; read_output &gt; reads last N lines from PTY buffer" time="0.000411566">
        </testcase>
        <testcase classname="src/main/services/clubhouse-mcp/tools/agent-tools.test.ts" name="AgentTools &gt; read_output &gt; defaults to 50 lines" time="0.00045108">
        </testcase>
        <testcase classname="src/main/services/clubhouse-mcp/tools/agent-tools.test.ts" name="AgentTools &gt; read_output &gt; caps at 500 lines" time="0.000606608">
        </testcase>
        <testcase classname="src/main/services/clubhouse-mcp/tools/agent-tools.test.ts" name="AgentTools &gt; read_output &gt; returns error for non-PTY agents" time="0.000330965">
        </testcase>
        <testcase classname="src/main/services/clubhouse-mcp/tools/agent-tools.test.ts" name="AgentTools &gt; read_output &gt; returns error when agent not running" time="0.000288767">
        </testcase>
        <testcase classname="src/main/services/clubhouse-mcp/tools/agent-tools.test.ts" name="AgentTools &gt; read_output &gt; handles empty buffer" time="0.000286343">
        </testcase>
        <testcase classname="src/main/services/clubhouse-mcp/tools/agent-tools.test.ts" name="AgentTools &gt; read_output &gt; handles single-line buffer" time="0.000335965">
        </testcase>
        <testcase classname="src/main/services/clubhouse-mcp/tools/agent-tools.test.ts" name="AgentTools &gt; read_output &gt; handles empty string buffer" time="0.000350192">
        </testcase>
        <testcase classname="src/main/services/clubhouse-mcp/tools/agent-tools.test.ts" name="AgentTools &gt; send_message error handling &gt; handles PTY write failure" time="0.000407669">
        </testcase>
        <testcase classname="src/main/services/clubhouse-mcp/tools/agent-tools.test.ts" name="AgentTools &gt; send_message error handling &gt; handles structured manager failure" time="0.000453113">
        </testcase>
        <testcase classname="src/main/services/clubhouse-mcp/tools/agent-tools.test.ts" name="AgentTools &gt; multi-agent bindings &gt; agent can send messages to multiple bound agents" time="0.001079799">
        </testcase>
        <testcase classname="src/main/services/clubhouse-mcp/tools/agent-tools.test.ts" name="AgentTools &gt; writeChunkedBracketedPaste &gt; sends start, body, end with marker delays even without chunking" time="0.000455939">
        </testcase>
        <testcase classname="src/main/services/clubhouse-mcp/tools/agent-tools.test.ts" name="AgentTools &gt; writeChunkedBracketedPaste &gt; chunks body when chunkSize is set" time="0.000479562">
        </testcase>
        <testcase classname="src/main/services/clubhouse-mcp/tools/agent-tools.test.ts" name="AgentTools &gt; writeChunkedBracketedPaste &gt; sends body as single write when it fits in one chunk" time="0.00038721">
        </testcase>
        <testcase classname="src/main/services/clubhouse-mcp/tools/agent-tools.test.ts" name="AgentTools &gt; writeChunkedBracketedPaste &gt; always delays after start marker and before end marker" time="0.000749435">
        </testcase>
        <testcase classname="src/main/services/clubhouse-mcp/tools/agent-tools.test.ts" name="AgentTools &gt; writeChunkedBracketedPaste &gt; still adds marker delays when body fits in a single write" time="0.000871171">
        </testcase>
        <testcase classname="src/main/services/clubhouse-mcp/tools/agent-tools.test.ts" name="AgentTools &gt; send_file &gt; writes content to temp file and sends single-line PTY notification" time="0.001744276">
        </testcase>
        <testcase classname="src/main/services/clubhouse-mcp/tools/agent-tools.test.ts" name="AgentTools &gt; send_file &gt; sends to structured agent" time="0.000712566">
        </testcase>
        <testcase classname="src/main/services/clubhouse-mcp/tools/agent-tools.test.ts" name="AgentTools &gt; send_file &gt; returns error when agent not running" time="0.000404904">
        </testcase>
        <testcase classname="src/main/services/clubhouse-mcp/tools/agent-tools.test.ts" name="AgentTools &gt; send_file &gt; returns error when content is missing" time="0.000389244">
        </testcase>
        <testcase classname="src/main/services/clubhouse-mcp/tools/agent-tools.test.ts" name="AgentTools &gt; send_file &gt; strips path traversal sequences from filename" time="0.00069328">
        </testcase>
        <testcase classname="src/main/services/clubhouse-mcp/tools/agent-tools.test.ts" name="AgentTools &gt; send_file &gt; uses custom filename when provided" time="0.000662963">
        </testcase>
        <testcase classname="src/main/services/clubhouse-mcp/tools/agent-tools.test.ts" name="AgentTools &gt; wake &gt; returns already running when target agent is active" time="0.000539805">
        </testcase>
        <testcase classname="src/main/services/clubhouse-mcp/tools/agent-tools.test.ts" name="AgentTools &gt; wake &gt; spawns sleeping agent using durable config" time="0.001212887">
        </testcase>
        <testcase classname="src/main/services/clubhouse-mcp/tools/agent-tools.test.ts" name="AgentTools &gt; wake &gt; spawns with resume=true and passes lastSessionId" time="0.000601128">
        </testcase>
        <testcase classname="src/main/services/clubhouse-mcp/tools/agent-tools.test.ts" name="AgentTools &gt; wake &gt; falls back to projectPath as cwd when no worktreePath" time="0.000581051">
        </testcase>
        <testcase classname="src/main/services/clubhouse-mcp/tools/agent-tools.test.ts" name="AgentTools &gt; wake &gt; returns error when no durable config found" time="0.00041367">
        </testcase>
        <testcase classname="src/main/services/clubhouse-mcp/tools/agent-tools.test.ts" name="AgentTools &gt; wake &gt; returns error when caller agent is not registered" time="0.000464134">
        </testcase>
        <testcase classname="src/main/services/clubhouse-mcp/tools/agent-tools.test.ts" name="AgentTools &gt; wake &gt; returns error when spawn fails" time="0.00059678">
        </testcase>
        <testcase classname="src/main/services/clubhouse-mcp/tools/agent-tools.test.ts" name="AgentTools &gt; check_connectivity &gt; returns unidirectional when no reverse binding exists" time="0.000653887">
        </testcase>
        <testcase classname="src/main/services/clubhouse-mcp/tools/agent-tools.test.ts" name="AgentTools &gt; check_connectivity &gt; returns bidirectional when reverse binding exists" time="0.000560723">
        </testcase>
        <testcase classname="src/main/services/clubhouse-mcp/tools/agent-tools.test.ts" name="AgentTools &gt; check_connectivity &gt; includes reply tool name when bidirectional" time="0.000482678">
        </testcase>
        <testcase classname="src/main/services/clubhouse-mcp/tools/agent-tools.test.ts" name="AgentTools &gt; check_connectivity &gt; returns error when target agent not running" time="0.000407458">
        </testcase>
    </testsuite>
    <testsuite name="src/main/services/clubhouse-mcp/tools/browser-tools.test.ts" timestamp="2026-03-25T04:47:29.758Z" hostname="runnervm46oaq" tests="61" failures="0" errors="0" skipped="0" time="0.059440661">
        <testcase classname="src/main/services/clubhouse-mcp/tools/browser-tools.test.ts" name="BrowserTools &gt; tool registration &gt; registers all 8 browser tool templates" time="0.004278601">
        </testcase>
        <testcase classname="src/main/services/clubhouse-mcp/tools/browser-tools.test.ts" name="BrowserTools &gt; tool registration &gt; returns no tools when widget not bound" time="0.000361953">
        </testcase>
        <testcase classname="src/main/services/clubhouse-mcp/tools/browser-tools.test.ts" name="BrowserTools &gt; tool registration &gt; each tool has a description and inputSchema" time="0.000965667">
        </testcase>
        <testcase classname="src/main/services/clubhouse-mcp/tools/browser-tools.test.ts" name="BrowserTools &gt; registerWebview / unregisterWebview &gt; registers a webview so tools can find it" time="0.00083252">
        </testcase>
        <testcase classname="src/main/services/clubhouse-mcp/tools/browser-tools.test.ts" name="BrowserTools &gt; registerWebview / unregisterWebview &gt; unregisters a webview so tools return error" time="0.000618371">
        </testcase>
        <testcase classname="src/main/services/clubhouse-mcp/tools/browser-tools.test.ts" name="BrowserTools &gt; registerWebview / unregisterWebview &gt; unregister detaches debugger if attached" time="0.000246168">
        </testcase>
        <testcase classname="src/main/services/clubhouse-mcp/tools/browser-tools.test.ts" name="BrowserTools &gt; navigate &gt; navigates to a valid HTTPS URL" time="0.001071373">
        </testcase>
        <testcase classname="src/main/services/clubhouse-mcp/tools/browser-tools.test.ts" name="BrowserTools &gt; navigate &gt; navigates to a valid HTTP URL" time="0.00034386">
        </testcase>
        <testcase classname="src/main/services/clubhouse-mcp/tools/browser-tools.test.ts" name="BrowserTools &gt; navigate &gt; rejects URLs without http/https prefix" time="0.000619493">
        </testcase>
        <testcase classname="src/main/services/clubhouse-mcp/tools/browser-tools.test.ts" name="BrowserTools &gt; navigate &gt; rejects empty URL" time="0.000356714">
        </testcase>
        <testcase classname="src/main/services/clubhouse-mcp/tools/browser-tools.test.ts" name="BrowserTools &gt; navigate &gt; rejects missing URL" time="0.000369327">
        </testcase>
        <testcase classname="src/main/services/clubhouse-mcp/tools/browser-tools.test.ts" name="BrowserTools &gt; navigate &gt; returns error when widget not found" time="0.000271275">
        </testcase>
        <testcase classname="src/main/services/clubhouse-mcp/tools/browser-tools.test.ts" name="BrowserTools &gt; navigate &gt; returns error when loadURL throws" time="0.000367263">
        </testcase>
        <testcase classname="src/main/services/clubhouse-mcp/tools/browser-tools.test.ts" name="BrowserTools &gt; navigate &gt; rejects file:// URLs" time="0.000273629">
        </testcase>
        <testcase classname="src/main/services/clubhouse-mcp/tools/browser-tools.test.ts" name="BrowserTools &gt; navigate &gt; rejects javascript: URLs" time="0.00020937">
        </testcase>
        <testcase classname="src/main/services/clubhouse-mcp/tools/browser-tools.test.ts" name="BrowserTools &gt; screenshot &gt; captures and returns a base64 PNG" time="0.00042998">
        </testcase>
        <testcase classname="src/main/services/clubhouse-mcp/tools/browser-tools.test.ts" name="BrowserTools &gt; screenshot &gt; rejects screenshots over 5MB" time="0.000303996">
        </testcase>
        <testcase classname="src/main/services/clubhouse-mcp/tools/browser-tools.test.ts" name="BrowserTools &gt; screenshot &gt; returns error when widget not found" time="0.000205984">
        </testcase>
        <testcase classname="src/main/services/clubhouse-mcp/tools/browser-tools.test.ts" name="BrowserTools &gt; screenshot &gt; returns error when capturePage throws" time="0.000256618">
        </testcase>
        <testcase classname="src/main/services/clubhouse-mcp/tools/browser-tools.test.ts" name="BrowserTools &gt; screenshot &gt; accepts exactly 5MB screenshots" time="0.002866617">
        </testcase>
        <testcase classname="src/main/services/clubhouse-mcp/tools/browser-tools.test.ts" name="BrowserTools &gt; get_console &gt; returns empty array when no console entries" time="0.000530968">
        </testcase>
        <testcase classname="src/main/services/clubhouse-mcp/tools/browser-tools.test.ts" name="BrowserTools &gt; get_console &gt; returns error when widget not found" time="0.000216483">
        </testcase>
        <testcase classname="src/main/services/clubhouse-mcp/tools/browser-tools.test.ts" name="BrowserTools &gt; get_console &gt; respects limit argument when provided" time="0.000221342">
        </testcase>
        <testcase classname="src/main/services/clubhouse-mcp/tools/browser-tools.test.ts" name="BrowserTools &gt; get_console &gt; returns error when webContents gone" time="0.000385367">
        </testcase>
        <testcase classname="src/main/services/clubhouse-mcp/tools/browser-tools.test.ts" name="BrowserTools &gt; click &gt; clicks element at center of its bounding box" time="0.000511462">
        </testcase>
        <testcase classname="src/main/services/clubhouse-mcp/tools/browser-tools.test.ts" name="BrowserTools &gt; click &gt; returns error when element not found" time="0.000320636">
        </testcase>
        <testcase classname="src/main/services/clubhouse-mcp/tools/browser-tools.test.ts" name="BrowserTools &gt; click &gt; returns error when widget not found" time="0.000200523">
        </testcase>
        <testcase classname="src/main/services/clubhouse-mcp/tools/browser-tools.test.ts" name="BrowserTools &gt; click &gt; returns error when CDP command fails" time="0.000272016">
        </testcase>
        <testcase classname="src/main/services/clubhouse-mcp/tools/browser-tools.test.ts" name="BrowserTools &gt; type &gt; focuses element and types each character" time="0.000635693">
        </testcase>
        <testcase classname="src/main/services/clubhouse-mcp/tools/browser-tools.test.ts" name="BrowserTools &gt; type &gt; returns error when element not found" time="0.000291131">
        </testcase>
        <testcase classname="src/main/services/clubhouse-mcp/tools/browser-tools.test.ts" name="BrowserTools &gt; type &gt; returns error when widget not found" time="0.000197538">
        </testcase>
        <testcase classname="src/main/services/clubhouse-mcp/tools/browser-tools.test.ts" name="BrowserTools &gt; evaluate &gt; evaluates expression and returns result" time="0.000442414">
        </testcase>
        <testcase classname="src/main/services/clubhouse-mcp/tools/browser-tools.test.ts" name="BrowserTools &gt; evaluate &gt; returns stringified description when value is absent" time="0.000341556">
        </testcase>
        <testcase classname="src/main/services/clubhouse-mcp/tools/browser-tools.test.ts" name="BrowserTools &gt; evaluate &gt; returns error for exceptions" time="0.000293376">
        </testcase>
        <testcase classname="src/main/services/clubhouse-mcp/tools/browser-tools.test.ts" name="BrowserTools &gt; evaluate &gt; returns error when result exceeds 1MB" time="0.014093125">
        </testcase>
        <testcase classname="src/main/services/clubhouse-mcp/tools/browser-tools.test.ts" name="BrowserTools &gt; evaluate &gt; returns error when widget not found" time="0.001981918">
        </testcase>
        <testcase classname="src/main/services/clubhouse-mcp/tools/browser-tools.test.ts" name="BrowserTools &gt; evaluate &gt; shows confirmation dialog before executing" time="0.002318354">
        </testcase>
        <testcase classname="src/main/services/clubhouse-mcp/tools/browser-tools.test.ts" name="BrowserTools &gt; evaluate &gt; blocks execution when user denies" time="0.000518605">
        </testcase>
        <testcase classname="src/main/services/clubhouse-mcp/tools/browser-tools.test.ts" name="BrowserTools &gt; evaluate &gt; truncates long expressions in the dialog" time="0.000334773">
        </testcase>
        <testcase classname="src/main/services/clubhouse-mcp/tools/browser-tools.test.ts" name="BrowserTools &gt; evaluate &gt; returns null when result has no value or description" time="0.000244425">
        </testcase>
        <testcase classname="src/main/services/clubhouse-mcp/tools/browser-tools.test.ts" name="BrowserTools &gt; get_page_content &gt; returns HTML of the page body by default" time="0.000311309">
        </testcase>
        <testcase classname="src/main/services/clubhouse-mcp/tools/browser-tools.test.ts" name="BrowserTools &gt; get_page_content &gt; uses custom selector when provided" time="0.000429118">
        </testcase>
        <testcase classname="src/main/services/clubhouse-mcp/tools/browser-tools.test.ts" name="BrowserTools &gt; get_page_content &gt; returns error when element not found" time="0.000366362">
        </testcase>
        <testcase classname="src/main/services/clubhouse-mcp/tools/browser-tools.test.ts" name="BrowserTools &gt; get_page_content &gt; returns error when content exceeds 1MB" time="0.000416134">
        </testcase>
        <testcase classname="src/main/services/clubhouse-mcp/tools/browser-tools.test.ts" name="BrowserTools &gt; get_page_content &gt; returns error when widget not found" time="0.000253051">
        </testcase>
        <testcase classname="src/main/services/clubhouse-mcp/tools/browser-tools.test.ts" name="BrowserTools &gt; get_accessibility_tree &gt; returns accessibility tree with default depth" time="0.000585249">
        </testcase>
        <testcase classname="src/main/services/clubhouse-mcp/tools/browser-tools.test.ts" name="BrowserTools &gt; get_accessibility_tree &gt; respects custom depth parameter" time="0.00044051">
        </testcase>
        <testcase classname="src/main/services/clubhouse-mcp/tools/browser-tools.test.ts" name="BrowserTools &gt; get_accessibility_tree &gt; clamps depth to maximum of 10" time="0.000359469">
        </testcase>
        <testcase classname="src/main/services/clubhouse-mcp/tools/browser-tools.test.ts" name="BrowserTools &gt; get_accessibility_tree &gt; clamps depth to minimum of 1" time="0.000334643">
        </testcase>
        <testcase classname="src/main/services/clubhouse-mcp/tools/browser-tools.test.ts" name="BrowserTools &gt; get_accessibility_tree &gt; returns error when tree exceeds 1MB" time="0.008940196">
        </testcase>
        <testcase classname="src/main/services/clubhouse-mcp/tools/browser-tools.test.ts" name="BrowserTools &gt; get_accessibility_tree &gt; returns error when widget not found" time="0.000212986">
        </testcase>
        <testcase classname="src/main/services/clubhouse-mcp/tools/browser-tools.test.ts" name="BrowserTools &gt; get_accessibility_tree &gt; returns error when CDP command fails" time="0.000268249">
        </testcase>
        <testcase classname="src/main/services/clubhouse-mcp/tools/browser-tools.test.ts" name="BrowserTools &gt; cross-cutting concerns &gt; all tools error when called for unbound widget" time="0.000861292">
        </testcase>
        <testcase classname="src/main/services/clubhouse-mcp/tools/browser-tools.test.ts" name="BrowserTools &gt; cross-cutting concerns &gt; tools work for multiple simultaneous widget bindings" time="0.000544844">
        </testcase>
        <testcase classname="src/main/services/clubhouse-mcp/tools/browser-tools.test.ts" name="BrowserTools &gt; cross-cutting concerns &gt; all tool errors use consistent &quot;not found or not ready&quot; message" time="0.000882051">
        </testcase>
        <testcase classname="src/main/services/clubhouse-mcp/tools/browser-tools.test.ts" name="BrowserTools &gt; late registration (widget appears after binding) &gt; tool fails before registration, succeeds after" time="0.000319094">
        </testcase>
        <testcase classname="src/main/services/clubhouse-mcp/tools/browser-tools.test.ts" name="BrowserTools &gt; late registration (widget appears after binding) &gt; logs diagnostic info when widget lookup fails" time="0.000522843">
        </testcase>
        <testcase classname="src/main/services/clubhouse-mcp/tools/browser-tools.test.ts" name="BrowserTools &gt; late registration (widget appears after binding) &gt; logs diagnostic info when webContents is destroyed" time="0.000406025">
        </testcase>
        <testcase classname="src/main/services/clubhouse-mcp/tools/browser-tools.test.ts" name="BrowserTools &gt; SEC-16: agent-widget binding guard &gt; rejects browser tool call from an unbound agent" time="0.000173994">
        </testcase>
        <testcase classname="src/main/services/clubhouse-mcp/tools/browser-tools.test.ts" name="BrowserTools &gt; SEC-16: agent-widget binding guard &gt; rejects when agent is bound to a different widget" time="0.000165197">
        </testcase>
        <testcase classname="src/main/services/clubhouse-mcp/tools/browser-tools.test.ts" name="BrowserTools &gt; SEC-16: agent-widget binding guard &gt; allows browser tool call from a properly bound agent" time="0.000269632">
        </testcase>
    </testsuite>
    <testsuite name="src/main/services/clubhouse-mcp/tools/group-project-tools.test.ts" timestamp="2026-03-25T04:47:29.769Z" hostname="runnervm46oaq" tests="17" failures="0" errors="0" skipped="0" time="0.218538926">
        <testcase classname="src/main/services/clubhouse-mcp/tools/group-project-tools.test.ts" name="GroupProjectTools &gt; registers 5 tools when shoulderTapEnabled is false (default)" time="0.004059262">
        </testcase>
        <testcase classname="src/main/services/clubhouse-mcp/tools/group-project-tools.test.ts" name="GroupProjectTools &gt; tool names use group prefix" time="0.000710232">
        </testcase>
        <testcase classname="src/main/services/clubhouse-mcp/tools/group-project-tools.test.ts" name="GroupProjectTools &gt; list_members returns connected agents" time="0.001441632">
        </testcase>
        <testcase classname="src/main/services/clubhouse-mcp/tools/group-project-tools.test.ts" name="GroupProjectTools &gt; post_bulletin posts and returns confirmation" time="0.001280562">
        </testcase>
        <testcase classname="src/main/services/clubhouse-mcp/tools/group-project-tools.test.ts" name="GroupProjectTools &gt; post_bulletin rejects system topic" time="0.000422997">
        </testcase>
        <testcase classname="src/main/services/clubhouse-mcp/tools/group-project-tools.test.ts" name="GroupProjectTools &gt; read_bulletin returns digest" time="0.000823723">
        </testcase>
        <testcase classname="src/main/services/clubhouse-mcp/tools/group-project-tools.test.ts" name="GroupProjectTools &gt; read_topic returns messages" time="0.000773398">
        </testcase>
        <testcase classname="src/main/services/clubhouse-mcp/tools/group-project-tools.test.ts" name="GroupProjectTools &gt; get_project_info returns project data with members" time="0.001258842">
        </testcase>
        <testcase classname="src/main/services/clubhouse-mcp/tools/group-project-tools.test.ts" name="GroupProjectTools &gt; get_project_info returns error for unknown project" time="0.000874106">
        </testcase>
        <testcase classname="src/main/services/clubhouse-mcp/tools/group-project-tools.test.ts" name="GroupProjectTools &gt; list_members includes status field — connected when PTY running" time="0.000620494">
        </testcase>
        <testcase classname="src/main/services/clubhouse-mcp/tools/group-project-tools.test.ts" name="GroupProjectTools &gt; list_members shows sleeping status when agent has no live process" time="0.000525918">
        </testcase>
        <testcase classname="src/main/services/clubhouse-mcp/tools/group-project-tools.test.ts" name="GroupProjectTools &gt; list_members shows mixed statuses for multiple agents" time="0.000504678">
        </testcase>
        <testcase classname="src/main/services/clubhouse-mcp/tools/group-project-tools.test.ts" name="GroupProjectTools &gt; get_project_info includes status in member list" time="0.000469593">
        </testcase>
        <testcase classname="src/main/services/clubhouse-mcp/tools/group-project-tools.test.ts" name="GroupProjectTools &gt; registers 7 tools when shoulderTapEnabled is true" time="0.000690735">
        </testcase>
        <testcase classname="src/main/services/clubhouse-mcp/tools/group-project-tools.test.ts" name="GroupProjectTools &gt; shoulder_tap delivers message to target agent" time="0.101356433">
        </testcase>
        <testcase classname="src/main/services/clubhouse-mcp/tools/group-project-tools.test.ts" name="GroupProjectTools &gt; broadcast delivers message to all agents except sender" time="0.100463418">
        </testcase>
        <testcase classname="src/main/services/clubhouse-mcp/tools/group-project-tools.test.ts" name="GroupProjectTools &gt; shoulder_tap returns error when target_agent_id is missing" time="0.000439037">
        </testcase>
    </testsuite>
    <testsuite name="src/renderer/App.structural.test.ts" timestamp="2026-03-25T04:47:29.772Z" hostname="runnervm46oaq" tests="44" failures="0" errors="0" skipped="0" time="0.03467014">
        <testcase classname="src/renderer/App.structural.test.ts" name="App.tsx – global dialog presence in all return paths &gt; should have exactly 4 JSX return blocks (Home, AppPlugin, Help, MainProject)" time="0.003313584">
        </testcase>
        <testcase classname="src/renderer/App.structural.test.ts" name="App.tsx – global dialog presence in all return paths &gt; should include &lt;QuickAgentDialog /&gt; in every JSX return block" time="0.000625364">
        </testcase>
        <testcase classname="src/renderer/App.structural.test.ts" name="App.tsx – global dialog presence in all return paths &gt; should include &lt;CommandPalette /&gt; in every JSX return block" time="0.000464023">
        </testcase>
        <testcase classname="src/renderer/App.structural.test.ts" name="App.tsx – global dialog presence in all return paths &gt; should include &lt;ConfigChangesDialog /&gt; in every JSX return block" time="0.000355371">
        </testcase>
        <testcase classname="src/renderer/App.structural.test.ts" name="App.tsx – global dialog presence in all return paths &gt; should include &lt;PluginUpdateBanner /&gt; in every JSX return block" time="0.000286353">
        </testcase>
        <testcase classname="src/renderer/App.structural.test.ts" name="App.tsx – global dialog presence in all return paths &gt; should include &lt;WhatsNewDialog /&gt; in every JSX return block" time="0.000336326">
        </testcase>
        <testcase classname="src/renderer/App.structural.test.ts" name="App.tsx – global dialog presence in all return paths &gt; should include &lt;OnboardingModal /&gt; in every JSX return block" time="0.000367504">
        </testcase>
        <testcase classname="src/renderer/App.structural.test.ts" name="App.tsx – global dialog presence in all return paths &gt; should include &lt;PermissionViolationBanner /&gt; in every JSX return block" time="0.000346995">
        </testcase>
        <testcase classname="src/renderer/App.structural.test.ts" name="App.tsx – global dialog presence in all return paths &gt; should include &lt;UpdateBanner /&gt; in every JSX return block" time="0.000685736">
        </testcase>
        <testcase classname="src/renderer/App.structural.test.ts" name="App.tsx – global dialog presence in all return paths &gt; should include &lt;ToastContainer /&gt; in every JSX return block" time="0.000326097">
        </testcase>
        <testcase classname="src/renderer/App.structural.test.ts" name="App.tsx – selector discipline &gt; should have at most 15 store selector calls (routing + lock state + resume + annex)" time="0.000382953">
        </testcase>
        <testcase classname="src/renderer/App.structural.test.ts" name="App.tsx – selector discipline &gt; should NOT subscribe to agentStore for event handler functions" time="0.001544773">
        </testcase>
        <testcase classname="src/renderer/App.structural.test.ts" name="App.tsx – selector discipline &gt; should NOT subscribe to initialization-only stores" time="0.000437704">
        </testcase>
        <testcase classname="src/renderer/App.structural.test.ts" name="App.tsx – useEffect hook registration &gt; should have minimal useEffect hooks (init + reactive effects only)" time="0.002715702">
        </testcase>
        <testcase classname="src/renderer/App.structural.test.ts" name="App.tsx – useEffect hook registration &gt; should initialize via initApp and initAppEventBridge" time="0.000305458">
        </testcase>
        <testcase classname="src/renderer/App.structural.test.ts" name="app-initializer.ts – initialization order &gt; should call all settings loaders before plugin system init" time="0.002087563">
        </testcase>
        <testcase classname="src/renderer/App.structural.test.ts" name="app-initializer.ts – initialization order &gt; should call badge side effects after plugin system init" time="0.003744235">
        </testcase>
        <testcase classname="src/renderer/App.structural.test.ts" name="app-initializer.ts – initialization order &gt; should handle initializePluginSystem failure gracefully (try/catch)" time="0.000226531">
        </testcase>
        <testcase classname="src/renderer/App.structural.test.ts" name="app-initializer.ts – initialization order &gt; should set up update, annex, and plugin-update listeners" time="0.000232433">
        </testcase>
        <testcase classname="src/renderer/App.structural.test.ts" name="app-initializer.ts – initialization order &gt; should handle What&apos;s New and onboarding checks" time="0.000303204">
        </testcase>
        <testcase classname="src/renderer/App.structural.test.ts" name="app-event-bridge.ts – listener registration &gt; should register all IPC listeners" time="0.000434799">
        </testcase>
        <testcase classname="src/renderer/App.structural.test.ts" name="app-event-bridge.ts – listener registration &gt; should register agent lifecycle listeners" time="0.000245868">
        </testcase>
        <testcase classname="src/renderer/App.structural.test.ts" name="app-event-bridge.ts – listener registration &gt; should set up keyboard shortcut dispatcher" time="0.000218096">
        </testcase>
        <testcase classname="src/renderer/App.structural.test.ts" name="app-event-bridge.ts – listener registration &gt; should set up stale status cleanup interval" time="0.000237973">
        </testcase>
        <testcase classname="src/renderer/App.structural.test.ts" name="app-event-bridge.ts – listener registration &gt; should set up agent status change emitter for plugins" time="0.000331717">
        </testcase>
        <testcase classname="src/renderer/App.structural.test.ts" name="app-event-bridge.ts – listener registration &gt; should wrap plugin event emissions in try/catch in the PTY exit handler" time="0.002117338">
        </testcase>
        <testcase classname="src/renderer/App.structural.test.ts" name="app-event-bridge.ts – listener registration &gt; should use getState() instead of hooks for all store access" time="0.000351584">
        </testcase>
        <testcase classname="src/renderer/App.structural.test.ts" name="App.tsx – project switch handling &gt; should call handleProjectSwitch in the activeProjectId useEffect" time="0.001324204">
        </testcase>
        <testcase classname="src/renderer/App.structural.test.ts" name="App.tsx – project switch handling &gt; should handle project plugin config load failures" time="0.002160188">
        </testcase>
        <testcase classname="src/renderer/App.structural.test.ts" name="App.tsx – project switch handling &gt; loadProjectPluginConfig must not be inside the storageRead try-catch" time="0.002541027">
        </testcase>
        <testcase classname="src/renderer/App.structural.test.ts" name="App.tsx – required imports &gt; should import initApp and initAppEventBridge" time="0.0002151">
        </testcase>
        <testcase classname="src/renderer/App.structural.test.ts" name="App.tsx – required imports &gt; should import handleProjectSwitch from plugin-loader" time="0.000162383">
        </testcase>
        <testcase classname="src/renderer/App.structural.test.ts" name="App.tsx – required imports &gt; should import pluginSystemReady from plugin-loader" time="0.000185926">
        </testcase>
        <testcase classname="src/renderer/App.structural.test.ts" name="app-event-bridge.ts – required imports &gt; should import pluginEventBus" time="0.000179735">
        </testcase>
        <testcase classname="src/renderer/App.structural.test.ts" name="app-event-bridge.ts – required imports &gt; should import consumeCancelled" time="0.000128689">
        </testcase>
        <testcase classname="src/renderer/App.structural.test.ts" name="app-event-bridge.ts – required imports &gt; should import eventToBinding" time="0.000130753">
        </testcase>
        <testcase classname="src/renderer/App.structural.test.ts" name="app-event-bridge.ts – required imports &gt; should import getCommandActions" time="0.000125574">
        </testcase>
        <testcase classname="src/renderer/App.structural.test.ts" name="app-event-bridge.ts – required imports &gt; should import pluginHotkeyRegistry" time="0.000130453">
        </testcase>
        <testcase classname="src/renderer/App.structural.test.ts" name="app-event-bridge.ts – required imports &gt; should import applyHubMutation" time="0.00012897">
        </testcase>
        <testcase classname="src/renderer/App.structural.test.ts" name="app-initializer.ts – required imports &gt; should import initializePluginSystem" time="0.000171088">
        </testcase>
        <testcase classname="src/renderer/App.structural.test.ts" name="app-initializer.ts – required imports &gt; should import initUpdateListener" time="0.000119152">
        </testcase>
        <testcase classname="src/renderer/App.structural.test.ts" name="app-initializer.ts – required imports &gt; should import initAnnexListener" time="0.000119652">
        </testcase>
        <testcase classname="src/renderer/App.structural.test.ts" name="app-initializer.ts – required imports &gt; should import initPluginUpdateListener" time="0.000121275">
        </testcase>
        <testcase classname="src/renderer/App.structural.test.ts" name="app-initializer.ts – required imports &gt; should import initBadgeSideEffects" time="0.000125744">
        </testcase>
    </testsuite>
    <testsuite name="src/renderer/app-event-bridge.test.ts" timestamp="2026-03-25T04:47:29.780Z" hostname="runnervm46oaq" tests="12" failures="0" errors="0" skipped="0" time="0.025694233">
        <testcase classname="src/renderer/app-event-bridge.test.ts" name="initAppEventBridge &gt; should register all window/app IPC listeners" time="0.006098995">
        </testcase>
        <testcase classname="src/renderer/app-event-bridge.test.ts" name="initAppEventBridge &gt; should register agent lifecycle listeners" time="0.001182619">
        </testcase>
        <testcase classname="src/renderer/app-event-bridge.test.ts" name="initAppEventBridge &gt; should register keyboard event listener" time="0.003974753">
        </testcase>
        <testcase classname="src/renderer/app-event-bridge.test.ts" name="initAppEventBridge &gt; should subscribe to agentStore for status change emitter" time="0.000756047">
        </testcase>
        <testcase classname="src/renderer/app-event-bridge.test.ts" name="initAppEventBridge &gt; should subscribe to stores for notification clearing" time="0.000905524">
        </testcase>
        <testcase classname="src/renderer/app-event-bridge.test.ts" name="initAppEventBridge &gt; should return a cleanup function" time="0.001023845">
        </testcase>
        <testcase classname="src/renderer/app-event-bridge.test.ts" name="initAppEventBridge &gt; should remove keyboard listener on cleanup" time="0.001193489">
        </testcase>
        <testcase classname="src/renderer/app-event-bridge.test.ts" name="initAppEventBridge &gt; should access stores via getState() not hooks" time="0.00132253">
        </testcase>
        <testcase classname="src/renderer/app-event-bridge.test.ts" name="initAppEventBridge &gt; plays agent-focus when the active agent changes" time="0.002539203">
        </testcase>
        <testcase classname="src/renderer/app-event-bridge.test.ts" name="initAppEventBridge &gt; plays permission-granted sound on permission_resolved with allow" time="0.001415863">
        </testcase>
        <testcase classname="src/renderer/app-event-bridge.test.ts" name="initAppEventBridge &gt; plays permission-denied sound on permission_resolved with deny" time="0.00117153">
        </testcase>
        <testcase classname="src/renderer/app-event-bridge.test.ts" name="initAppEventBridge &gt; does not play agent-focus when the active agent is unchanged or cleared" time="0.001604625">
        </testcase>
    </testsuite>
    <testsuite name="src/renderer/app-initializer.test.ts" timestamp="2026-03-25T04:47:29.782Z" hostname="runnervm46oaq" tests="9" failures="0" errors="0" skipped="0" time="0.018207048">
        <testcase classname="src/renderer/app-initializer.test.ts" name="initApp &gt; should load all settings" time="0.00747252">
        </testcase>
        <testcase classname="src/renderer/app-initializer.test.ts" name="initApp &gt; should initialize badge side effects after settings load" time="0.00102131">
        </testcase>
        <testcase classname="src/renderer/app-initializer.test.ts" name="initApp &gt; should initialize plugin system after settings" time="0.000658665">
        </testcase>
        <testcase classname="src/renderer/app-initializer.test.ts" name="initApp &gt; should start update, annex, and plugin-update listeners" time="0.000594516">
        </testcase>
        <testcase classname="src/renderer/app-initializer.test.ts" name="initApp &gt; should check What&apos;s New after 1s delay" time="0.000976266">
        </testcase>
        <testcase classname="src/renderer/app-initializer.test.ts" name="initApp &gt; should NOT start onboarding when already completed" time="0.000627828">
        </testcase>
        <testcase classname="src/renderer/app-initializer.test.ts" name="initApp &gt; should return a cleanup function" time="0.000614573">
        </testcase>
        <testcase classname="src/renderer/app-initializer.test.ts" name="initApp – ordering &gt; should await settings before plugin system and badge side effects" time="0.002282536">
        </testcase>
        <testcase classname="src/renderer/app-initializer.test.ts" name="initApp – onboarding &gt; should start onboarding after 500ms when not completed" time="0.001499158">
        </testcase>
    </testsuite>
    <testsuite name="src/renderer/scrollbar-autohide.test.ts" timestamp="2026-03-25T04:47:29.784Z" hostname="runnervm46oaq" tests="2" failures="0" errors="0" skipped="0" time="0.005570581">
        <testcase classname="src/renderer/scrollbar-autohide.test.ts" name="scrollbar auto-hide CSS &gt; default scrollbar-thumb background is transparent" time="0.002621907">
        </testcase>
        <testcase classname="src/renderer/scrollbar-autohide.test.ts" name="scrollbar auto-hide CSS &gt; scrollbar-thumb becomes visible on container hover" time="0.000691967">
        </testcase>
    </testsuite>
    <testsuite name="src/renderer/components/AppLayout.structural.test.ts" timestamp="2026-03-25T04:47:29.785Z" hostname="runnervm46oaq" tests="11" failures="0" errors="0" skipped="0" time="0.009896824">
        <testcase classname="src/renderer/components/AppLayout.structural.test.ts" name="TitleBar – selector isolation &gt; should subscribe to UI, project, and plugin stores for title computation" time="0.001839181">
        </testcase>
        <testcase classname="src/renderer/components/AppLayout.structural.test.ts" name="TitleBar – selector isolation &gt; should NOT subscribe to panel store" time="0.000313593">
        </testcase>
        <testcase classname="src/renderer/components/AppLayout.structural.test.ts" name="TitleBar – selector isolation &gt; should render a title-bar test-id" time="0.00080672">
        </testcase>
        <testcase classname="src/renderer/components/AppLayout.structural.test.ts" name="RailSection – selector isolation &gt; should subscribe only to rail-related panel state" time="0.000982938">
        </testcase>
        <testcase classname="src/renderer/components/AppLayout.structural.test.ts" name="RailSection – selector isolation &gt; should subscribe exclusively to usePanelStore" time="0.000750687">
        </testcase>
        <testcase classname="src/renderer/components/AppLayout.structural.test.ts" name="RailSection – selector isolation &gt; should NOT subscribe to explorer or accessory panel state" time="0.000616888">
        </testcase>
        <testcase classname="src/renderer/components/AppLayout.structural.test.ts" name="RailSection – selector isolation &gt; should render ProjectRail and ResizeDivider" time="0.000380228">
        </testcase>
        <testcase classname="src/renderer/components/AppLayout.structural.test.ts" name="ProjectPanelLayout – selector isolation &gt; should subscribe to explorer and accessory panel state" time="0.000714569">
        </testcase>
        <testcase classname="src/renderer/components/AppLayout.structural.test.ts" name="ProjectPanelLayout – selector isolation &gt; should NOT subscribe to rail state" time="0.000608241">
        </testcase>
        <testcase classname="src/renderer/components/AppLayout.structural.test.ts" name="ProjectPanelLayout – selector isolation &gt; should render ExplorerRail, AccessoryPanel, MainContentView, and ResizeDivider" time="0.000603251">
        </testcase>
        <testcase classname="src/renderer/components/AppLayout.structural.test.ts" name="ProjectPanelLayout – selector isolation &gt; should subscribe to plugin store for full-width layout check" time="0.000207005">
        </testcase>
    </testsuite>
    <testsuite name="src/renderer/components/ImageCropDialog.test.tsx" timestamp="2026-03-25T04:47:29.787Z" hostname="runnervm46oaq" tests="8" failures="0" errors="0" skipped="0" time="0.126497835">
        <testcase classname="src/renderer/components/ImageCropDialog.test.tsx" name="ImageCropDialog &gt; renders with title and buttons" time="0.062856387">
        </testcase>
        <testcase classname="src/renderer/components/ImageCropDialog.test.tsx" name="ImageCropDialog &gt; renders a canvas element" time="0.01186099">
        </testcase>
        <testcase classname="src/renderer/components/ImageCropDialog.test.tsx" name="ImageCropDialog &gt; calls onCancel when Cancel is clicked" time="0.010029424">
        </testcase>
        <testcase classname="src/renderer/components/ImageCropDialog.test.tsx" name="ImageCropDialog &gt; calls onCancel when Escape is pressed" time="0.004101419">
        </testcase>
        <testcase classname="src/renderer/components/ImageCropDialog.test.tsx" name="ImageCropDialog &gt; calls onCancel when backdrop is clicked" time="0.005826437">
        </testcase>
        <testcase classname="src/renderer/components/ImageCropDialog.test.tsx" name="ImageCropDialog &gt; does not call onCancel when dialog content is clicked" time="0.004842336">
        </testcase>
        <testcase classname="src/renderer/components/ImageCropDialog.test.tsx" name="ImageCropDialog &gt; calls onConfirm with cropped data URL when Apply is clicked" time="0.015023182">
        </testcase>
        <testcase classname="src/renderer/components/ImageCropDialog.test.tsx" name="ImageCropDialog &gt; renders a zoom slider" time="0.007971376">
        </testcase>
    </testsuite>
    <testsuite name="src/renderer/components/ResizeDivider.test.tsx" timestamp="2026-03-25T04:47:29.788Z" hostname="runnervm46oaq" tests="5" failures="0" errors="0" skipped="0" time="0.078108143">
        <testcase classname="src/renderer/components/ResizeDivider.test.tsx" name="ResizeDivider &gt; renders the divider" time="0.0434559">
        </testcase>
        <testcase classname="src/renderer/components/ResizeDivider.test.tsx" name="ResizeDivider &gt; calls onToggleCollapse on double-click" time="0.008819745">
        </testcase>
        <testcase classname="src/renderer/components/ResizeDivider.test.tsx" name="ResizeDivider &gt; shows collapse button on hover" time="0.010571964">
        </testcase>
        <testcase classname="src/renderer/components/ResizeDivider.test.tsx" name="ResizeDivider &gt; sets col-resize cursor style" time="0.004377943">
        </testcase>
        <testcase classname="src/renderer/components/ResizeDivider.test.tsx" name="ResizeDivider &gt; calls onResize during drag" time="0.006926864">
        </testcase>
    </testsuite>
    <testsuite name="src/renderer/components/SettingsMonacoEditor.test.tsx" timestamp="2026-03-25T04:47:29.789Z" hostname="runnervm46oaq" tests="3" failures="0" errors="0" skipped="0" time="0.057879197">
        <testcase classname="src/renderer/components/SettingsMonacoEditor.test.tsx" name="SettingsMonacoEditor lazy loading &gt; shows loading indicator then renders editor" time="0.041480835">
        </testcase>
        <testcase classname="src/renderer/components/SettingsMonacoEditor.test.tsx" name="SettingsMonacoEditor lazy loading &gt; disposes editor on unmount" time="0.007264803">
        </testcase>
        <testcase classname="src/renderer/components/SettingsMonacoEditor.test.tsx" name="SettingsMonacoEditor lazy loading &gt; respects custom height prop" time="0.006539002">
        </testcase>
    </testsuite>
    <testsuite name="src/renderer/components/TitleBar.test.tsx" timestamp="2026-03-25T04:47:29.790Z" hostname="runnervm46oaq" tests="8" failures="0" errors="0" skipped="0" time="0.071257553">
        <testcase classname="src/renderer/components/TitleBar.test.tsx" name="TitleBar &gt; shows core label for built-in tabs" time="0.040613448">
        </testcase>
        <testcase classname="src/renderer/components/TitleBar.test.tsx" name="TitleBar &gt; shows manifest label for project-scoped plugin tab" time="0.005851222">
        </testcase>
        <testcase classname="src/renderer/components/TitleBar.test.tsx" name="TitleBar &gt; shows manifest label for app-scoped plugin tab (canvas)" time="0.005186867">
        </testcase>
        <testcase classname="src/renderer/components/TitleBar.test.tsx" name="TitleBar &gt; shows manifest label for app-scoped plugin tab (hub)" time="0.003627847">
        </testcase>
        <testcase classname="src/renderer/components/TitleBar.test.tsx" name="TitleBar &gt; shows dynamic title from window.setTitle() for app-scoped plugin" time="0.004468621">
        </testcase>
        <testcase classname="src/renderer/components/TitleBar.test.tsx" name="TitleBar &gt; shows railItem.title over railItem.label when both present" time="0.002636734">
        </testcase>
        <testcase classname="src/renderer/components/TitleBar.test.tsx" name="TitleBar &gt; falls back to explorerTab string when plugin not in store" time="0.002297232">
        </testcase>
        <testcase classname="src/renderer/components/TitleBar.test.tsx" name="TitleBar &gt; appends project name in parentheses when project is active" time="0.002271776">
        </testcase>
    </testsuite>
    <testsuite name="src/renderer/components/Toggle.test.tsx" timestamp="2026-03-25T04:47:29.792Z" hostname="runnervm46oaq" tests="8" failures="0" errors="0" skipped="0" time="0.053894988">
        <testcase classname="src/renderer/components/Toggle.test.tsx" name="Toggle &gt; renders unchecked state with bg-surface-2" time="0.025247261">
        </testcase>
        <testcase classname="src/renderer/components/Toggle.test.tsx" name="Toggle &gt; renders checked state with bg-ctp-accent" time="0.004426063">
        </testcase>
        <testcase classname="src/renderer/components/Toggle.test.tsx" name="Toggle &gt; calls onChange with toggled value on click" time="0.008886389">
        </testcase>
        <testcase classname="src/renderer/components/Toggle.test.tsx" name="Toggle &gt; calls onChange with false when checked is true" time="0.002763951">
        </testcase>
        <testcase classname="src/renderer/components/Toggle.test.tsx" name="Toggle &gt; does not call onChange when disabled" time="0.003339341">
        </testcase>
        <testcase classname="src/renderer/components/Toggle.test.tsx" name="Toggle &gt; applies disabled styling" time="0.001868535">
        </testcase>
        <testcase classname="src/renderer/components/Toggle.test.tsx" name="Toggle &gt; translates knob when checked" time="0.001896618">
        </testcase>
        <testcase classname="src/renderer/components/Toggle.test.tsx" name="Toggle &gt; does not translate knob when unchecked" time="0.001509307">
        </testcase>
    </testsuite>
    <testsuite name="src/renderer/hooks/useEffectiveOrchestrators.test.ts" timestamp="2026-03-25T04:47:29.793Z" hostname="runnervm46oaq" tests="5" failures="0" errors="0" skipped="0" time="0.153612476">
        <testcase classname="src/renderer/hooks/useEffectiveOrchestrators.test.ts" name="useEffectiveOrchestrators &gt; returns all enabled orchestrators when no profile is active" time="0.027216714">
        </testcase>
        <testcase classname="src/renderer/hooks/useEffectiveOrchestrators.test.ts" name="useEffectiveOrchestrators &gt; returns all enabled orchestrators when no projectPath" time="0.005401598">
            <system-err>
An update to TestComponent inside a test was not wrapped in act(...).

When testing, code that causes React state updates should be wrapped into act(...):

act(() =&gt; {
  /* fire events that update state */
});
/* assert on the output */

This ensures that you&apos;re testing the behavior the user would see in the browser. Learn more at https://react.dev/link/wrap-tests-with-act

            </system-err>
        </testcase>
        <testcase classname="src/renderer/hooks/useEffectiveOrchestrators.test.ts" name="useEffectiveOrchestrators &gt; filters orchestrators when a profile is active" time="0.057082425">
        </testcase>
        <testcase classname="src/renderer/hooks/useEffectiveOrchestrators.test.ts" name="useEffectiveOrchestrators &gt; falls back to all enabled when profile has no matching enabled orchestrators" time="0.054763554">
        </testcase>
        <testcase classname="src/renderer/hooks/useEffectiveOrchestrators.test.ts" name="useEffectiveOrchestrators &gt; returns all enabled when profile ID does not match any profile" time="0.005111607">
        </testcase>
    </testsuite>
    <testsuite name="src/renderer/hooks/usePopouts.test.ts" timestamp="2026-03-25T04:47:29.795Z" hostname="runnervm46oaq" tests="6" failures="0" errors="0" skipped="0" time="0.303367513">
        <testcase classname="src/renderer/hooks/usePopouts.test.ts" name="usePopouts &gt; fetches popouts on mount" time="0.074263504">
        </testcase>
        <testcase classname="src/renderer/hooks/usePopouts.test.ts" name="usePopouts &gt; refreshes when POPOUTS_CHANGED fires" time="0.05590707">
        </testcase>
        <testcase classname="src/renderer/hooks/usePopouts.test.ts" name="usePopouts &gt; findAgentPopout returns matching entry" time="0.05564792">
        </testcase>
        <testcase classname="src/renderer/hooks/usePopouts.test.ts" name="usePopouts &gt; findHubPopout returns matching entry" time="0.054132413">
        </testcase>
        <testcase classname="src/renderer/hooks/usePopouts.test.ts" name="usePopouts &gt; findCanvasPopout returns matching entry" time="0.055289179">
        </testcase>
        <testcase classname="src/renderer/hooks/usePopouts.test.ts" name="usePopouts &gt; cleans up listener on unmount" time="0.003980714">
        </testcase>
    </testsuite>
    <testsuite name="src/renderer/hooks/useRemoteProject.test.ts" timestamp="2026-03-25T04:47:29.796Z" hostname="runnervm46oaq" tests="5" failures="0" errors="0" skipped="0" time="0.038657283">
        <testcase classname="src/renderer/hooks/useRemoteProject.test.ts" name="useRemoteProject &gt; returns not remote for null projectId" time="0.020883814">
        </testcase>
        <testcase classname="src/renderer/hooks/useRemoteProject.test.ts" name="useRemoteProject &gt; returns not remote for undefined projectId" time="0.002885688">
        </testcase>
        <testcase classname="src/renderer/hooks/useRemoteProject.test.ts" name="useRemoteProject &gt; returns not remote for local project ID" time="0.003344381">
        </testcase>
        <testcase classname="src/renderer/hooks/useRemoteProject.test.ts" name="useRemoteProject &gt; returns remote info for namespaced project ID" time="0.002565262">
        </testcase>
        <testcase classname="src/renderer/hooks/useRemoteProject.test.ts" name="useRemoteProject &gt; memoizes the result for the same projectId" time="0.004825977">
        </testcase>
    </testsuite>
    <testsuite name="src/renderer/panels/AccessoryPanel.test.tsx" timestamp="2026-03-25T04:47:29.797Z" hostname="runnervm46oaq" tests="11" failures="0" errors="0" skipped="0" time="0.169323884">
        <testcase classname="src/renderer/panels/AccessoryPanel.test.tsx" name="SettingsCategoryNav (via AccessoryPanel) &gt; settings category nav is scrollable when content overflows" time="0.043185694">
        </testcase>
        <testcase classname="src/renderer/panels/AccessoryPanel.test.tsx" name="SettingsCategoryNav (via AccessoryPanel) &gt; shows Experimental nav item on beta builds" time="0.038423094">
        </testcase>
        <testcase classname="src/renderer/panels/AccessoryPanel.test.tsx" name="SettingsCategoryNav (via AccessoryPanel) &gt; hides Experimental nav item on stable builds without preview channel" time="0.01807117">
        </testcase>
        <testcase classname="src/renderer/panels/AccessoryPanel.test.tsx" name="SettingsCategoryNav (via AccessoryPanel) &gt; shows Experimental nav item on rc builds" time="0.018840878">
        </testcase>
        <testcase classname="src/renderer/panels/AccessoryPanel.test.tsx" name="SettingsCategoryNav (via AccessoryPanel) &gt; shows Experimental nav item on stable builds when preview channel is enabled" time="0.014231163">
        </testcase>
        <testcase classname="src/renderer/panels/AccessoryPanel.test.tsx" name="SettingsCategoryNav (via AccessoryPanel) &gt; hides Experimental nav item on stable builds when preview channel is disabled" time="0.013336253">
        </testcase>
        <testcase classname="src/renderer/panels/AccessoryPanel.test.tsx" name="SettingsCategoryNav (via AccessoryPanel) &gt; shows External Editor nav item in app settings" time="0.006679194">
        </testcase>
        <testcase classname="src/renderer/panels/AccessoryPanel.test.tsx" name="AccessoryPanel annex plugin sidebar gating &gt; renders nothing for non-annex-enabled plugin sidebar on remote project" time="0.002905655">
        </testcase>
        <testcase classname="src/renderer/panels/AccessoryPanel.test.tsx" name="AccessoryPanel annex plugin sidebar gating &gt; renders nothing when plugin not found in match state on remote project" time="0.00260702">
        </testcase>
        <testcase classname="src/renderer/panels/AccessoryPanel.test.tsx" name="AccessoryPanel annex plugin sidebar gating &gt; renders sidebar for annex-enabled plugin on remote project" time="0.004810378">
        </testcase>
        <testcase classname="src/renderer/panels/AccessoryPanel.test.tsx" name="AccessoryPanel annex plugin sidebar gating &gt; renders sidebar for local (non-remote) project regardless of annex state" time="0.002242091">
        </testcase>
    </testsuite>
    <testsuite name="src/renderer/panels/AnnexDisabledView.test.tsx" timestamp="2026-03-25T04:47:29.799Z" hostname="runnervm46oaq" tests="1" failures="0" errors="0" skipped="0" time="0.040358287">
        <testcase classname="src/renderer/panels/AnnexDisabledView.test.tsx" name="AnnexDisabledView &gt; renders plugin name and not-annex-enabled message" time="0.036664146">
        </testcase>
    </testsuite>
    <testsuite name="src/renderer/panels/ExplorerRail.test.tsx" timestamp="2026-03-25T04:47:29.799Z" hostname="runnervm46oaq" tests="7" failures="0" errors="0" skipped="0" time="0.43613422">
        <testcase classname="src/renderer/panels/ExplorerRail.test.tsx" name="SettingsContextPicker (via ExplorerRail) &gt; renders project initials when no icon is set" time="0.07501376">
        </testcase>
        <testcase classname="src/renderer/panels/ExplorerRail.test.tsx" name="SettingsContextPicker (via ExplorerRail) &gt; renders project icon image when icon override is set" time="0.25424639">
        </testcase>
        <testcase classname="src/renderer/panels/ExplorerRail.test.tsx" name="SettingsContextPicker (via ExplorerRail) &gt; falls back to initials when icon field is set but data URL is missing" time="0.006977509">
        </testcase>
        <testcase classname="src/renderer/panels/ExplorerRail.test.tsx" name="SettingsContextPicker (via ExplorerRail) &gt; uses project color for initials background" time="0.067207459">
        </testcase>
        <testcase classname="src/renderer/panels/ExplorerRail.test.tsx" name="SettingsContextPicker (via ExplorerRail) &gt; uses displayName over name for initials" time="0.008011993">
        </testcase>
        <testcase classname="src/renderer/panels/ExplorerRail.test.tsx" name="SettingsContextPicker (via ExplorerRail) &gt; settings context picker nav is scrollable when content overflows" time="0.015695955">
        </testcase>
        <testcase classname="src/renderer/panels/ExplorerRail.test.tsx" name="ExplorerRail tabs nav &gt; tabs nav is scrollable when content overflows" time="0.004588756">
        </testcase>
    </testsuite>
    <testsuite name="src/renderer/panels/MainContentView.test.tsx" timestamp="2026-03-25T04:47:29.801Z" hostname="runnervm46oaq" tests="18" failures="0" errors="0" skipped="0" time="0.212989309">
        <testcase classname="src/renderer/panels/MainContentView.test.tsx" name="MainContentView selectedCompleted derivation &gt; shows QuickAgentGhost when a completed agent is selected" time="0.050973544">
            <system-err>
An update to MainContentView inside a test was not wrapped in act(...).

When testing, code that causes React state updates should be wrapped into act(...):

act(() =&gt; {
  /* fire events that update state */
});
/* assert on the output */

This ensures that you&apos;re testing the behavior the user would see in the browser. Learn more at https://react.dev/link/wrap-tests-with-act

            </system-err>
        </testcase>
        <testcase classname="src/renderer/panels/MainContentView.test.tsx" name="MainContentView selectedCompleted derivation &gt; shows no-active-agent view when no agent or completed is selected" time="0.007931086">
            <system-err>
An update to MainContentView inside a test was not wrapped in act(...).

When testing, code that causes React state updates should be wrapped into act(...):

act(() =&gt; {
  /* fire events that update state */
});
/* assert on the output */

This ensures that you&apos;re testing the behavior the user would see in the browser. Learn more at https://react.dev/link/wrap-tests-with-act

            </system-err>
        </testcase>
        <testcase classname="src/renderer/panels/MainContentView.test.tsx" name="MainContentView selectedCompleted derivation &gt; shows no-active-agent when selectedCompletedId does not match any record" time="0.005823093">
            <system-err>
An update to MainContentView inside a test was not wrapped in act(...).

When testing, code that causes React state updates should be wrapped into act(...):

act(() =&gt; {
  /* fire events that update state */
});
/* assert on the output */

This ensures that you&apos;re testing the behavior the user would see in the browser. Learn more at https://react.dev/link/wrap-tests-with-act

            </system-err>
        </testcase>
        <testcase classname="src/renderer/panels/MainContentView.test.tsx" name="MainContentView selectedCompleted derivation &gt; derives selectedCompleted from raw state without calling store getters" time="0.004691979">
            <system-err>
An update to MainContentView inside a test was not wrapped in act(...).

When testing, code that causes React state updates should be wrapped into act(...):

act(() =&gt; {
  /* fire events that update state */
});
/* assert on the output */

This ensures that you&apos;re testing the behavior the user would see in the browser. Learn more at https://react.dev/link/wrap-tests-with-act

            </system-err>
        </testcase>
        <testcase classname="src/renderer/panels/MainContentView.test.tsx" name="MainContentView selectedCompleted derivation &gt; updates when completedAgents state changes" time="0.006752083">
            <system-err>
An update to MainContentView inside a test was not wrapped in act(...).

When testing, code that causes React state updates should be wrapped into act(...):

act(() =&gt; {
  /* fire events that update state */
});
/* assert on the output */

This ensures that you&apos;re testing the behavior the user would see in the browser. Learn more at https://react.dev/link/wrap-tests-with-act

            </system-err>
        </testcase>
        <testcase classname="src/renderer/panels/MainContentView.test.tsx" name="MainContentView annex plugin gating &gt; shows AnnexDisabledView for non-annex-enabled plugin on remote project" time="0.004211385">
            <system-err>
An update to MainContentView inside a test was not wrapped in act(...).

When testing, code that causes React state updates should be wrapped into act(...):

act(() =&gt; {
  /* fire events that update state */
});
/* assert on the output */

This ensures that you&apos;re testing the behavior the user would see in the browser. Learn more at https://react.dev/link/wrap-tests-with-act

            </system-err>
        </testcase>
        <testcase classname="src/renderer/panels/MainContentView.test.tsx" name="MainContentView annex plugin gating &gt; shows PluginContentView for annex-enabled plugin on remote project" time="0.002793137">
            <system-err>
An update to MainContentView inside a test was not wrapped in act(...).

When testing, code that causes React state updates should be wrapped into act(...):

act(() =&gt; {
  /* fire events that update state */
});
/* assert on the output */

This ensures that you&apos;re testing the behavior the user would see in the browser. Learn more at https://react.dev/link/wrap-tests-with-act

            </system-err>
        </testcase>
        <testcase classname="src/renderer/panels/MainContentView.test.tsx" name="MainContentView annex plugin gating &gt; shows PluginContentView for local (non-remote) project regardless" time="0.002034906">
            <system-err>
An update to MainContentView inside a test was not wrapped in act(...).

When testing, code that causes React state updates should be wrapped into act(...):

act(() =&gt; {
  /* fire events that update state */
});
/* assert on the output */

This ensures that you&apos;re testing the behavior the user would see in the browser. Learn more at https://react.dev/link/wrap-tests-with-act

            </system-err>
        </testcase>
        <testcase classname="src/renderer/panels/MainContentView.test.tsx" name="MainContentView annex plugin gating &gt; shows AnnexDisabledView when plugin is not found in match state on remote project" time="0.002383925">
            <system-err>
An update to MainContentView inside a test was not wrapped in act(...).

When testing, code that causes React state updates should be wrapped into act(...):

act(() =&gt; {
  /* fire events that update state */
});
/* assert on the output */

This ensures that you&apos;re testing the behavior the user would see in the browser. Learn more at https://react.dev/link/wrap-tests-with-act

            </system-err>
        </testcase>
        <testcase classname="src/renderer/panels/MainContentView.test.tsx" name="MainContentView terminal focus &gt; passes focused=true to AgentTerminal when on agents tab" time="0.01944378">
        </testcase>
        <testcase classname="src/renderer/panels/MainContentView.test.tsx" name="MainContentView terminal focus &gt; passes focused=false when switching away from agents tab" time="0.021937985">
        </testcase>
        <testcase classname="src/renderer/panels/MainContentView.test.tsx" name="MainContentView terminal focus &gt; re-focuses terminal after project switch" time="0.037387151">
        </testcase>
        <testcase classname="src/renderer/panels/MainContentView.test.tsx" name="MainContentView satellite disconnected overlay &gt; shows disconnected overlay when remote project satellite is disconnected (no-agent view)" time="0.00399352">
            <system-err>
An update to MainContentView inside a test was not wrapped in act(...).

When testing, code that causes React state updates should be wrapped into act(...):

act(() =&gt; {
  /* fire events that update state */
});
/* assert on the output */

This ensures that you&apos;re testing the behavior the user would see in the browser. Learn more at https://react.dev/link/wrap-tests-with-act

            </system-err>
        </testcase>
        <testcase classname="src/renderer/panels/MainContentView.test.tsx" name="MainContentView satellite disconnected overlay &gt; does not show disconnected overlay when satellite is connected" time="0.003580261">
            <system-err>
An update to MainContentView inside a test was not wrapped in act(...).

When testing, code that causes React state updates should be wrapped into act(...):

act(() =&gt; {
  /* fire events that update state */
});
/* assert on the output */

This ensures that you&apos;re testing the behavior the user would see in the browser. Learn more at https://react.dev/link/wrap-tests-with-act

            </system-err>
        </testcase>
        <testcase classname="src/renderer/panels/MainContentView.test.tsx" name="MainContentView satellite disconnected overlay &gt; does not show disconnected overlay for local projects" time="0.00294554">
            <system-err>
An update to MainContentView inside a test was not wrapped in act(...).

When testing, code that causes React state updates should be wrapped into act(...):

act(() =&gt; {
  /* fire events that update state */
});
/* assert on the output */

This ensures that you&apos;re testing the behavior the user would see in the browser. Learn more at https://react.dev/link/wrap-tests-with-act

            </system-err>
        </testcase>
        <testcase classname="src/renderer/panels/MainContentView.test.tsx" name="MainContentView satellite disconnected overlay &gt; shows disconnected overlay over agent terminal when viewing remote agent" time="0.023885809">
        </testcase>
        <testcase classname="src/renderer/panels/MainContentView.test.tsx" name="MainContentView satellite disconnected overlay &gt; shows disconnected overlay over sleeping agent view" time="0.00388066">
            <system-err>
An update to MainContentView inside a test was not wrapped in act(...).

When testing, code that causes React state updates should be wrapped into act(...):

act(() =&gt; {
  /* fire events that update state */
});
/* assert on the output */

This ensures that you&apos;re testing the behavior the user would see in the browser. Learn more at https://react.dev/link/wrap-tests-with-act

            </system-err>
        </testcase>
        <testcase classname="src/renderer/panels/MainContentView.test.tsx" name="MainContentView satellite disconnected overlay &gt; shows disconnected overlay over plugin content view" time="0.003664417">
            <system-err>
An update to MainContentView inside a test was not wrapped in act(...).

When testing, code that causes React state updates should be wrapped into act(...):

act(() =&gt; {
  /* fire events that update state */
});
/* assert on the output */

This ensures that you&apos;re testing the behavior the user would see in the browser. Learn more at https://react.dev/link/wrap-tests-with-act

            </system-err>
        </testcase>
    </testsuite>
    <testsuite name="src/renderer/panels/PluginContentView.test.tsx" timestamp="2026-03-25T04:47:29.807Z" hostname="runnervm46oaq" tests="4" failures="0" errors="0" skipped="0" time="0.078372126">
        <testcase classname="src/renderer/panels/PluginContentView.test.tsx" name="PluginErrorBoundary &gt; renders children when no error" time="0.036771036">
        </testcase>
        <testcase classname="src/renderer/panels/PluginContentView.test.tsx" name="PluginErrorBoundary &gt; shows fallback UI when child throws" time="0.026779321">
        </testcase>
        <testcase classname="src/renderer/panels/PluginContentView.test.tsx" name="PluginErrorBoundary &gt; shows expandable stack trace in fallback UI" time="0.007082905">
        </testcase>
        <testcase classname="src/renderer/panels/PluginContentView.test.tsx" name="PluginErrorBoundary &gt; stores render error in plugin store" time="0.004381429">
        </testcase>
    </testsuite>
    <testsuite name="src/renderer/panels/ProjectRail.test.tsx" timestamp="2026-03-25T04:47:29.807Z" hostname="runnervm46oaq" tests="42" failures="0" errors="0" skipped="0" time="0.504049338">
        <testcase classname="src/renderer/panels/ProjectRail.test.tsx" name="ProjectRail badge clipping &gt; rail container uses asymmetric padding so badges are not clipped" time="0.059651658">
        </testcase>
        <testcase classname="src/renderer/panels/ProjectRail.test.tsx" name="ProjectRail badge clipping &gt; scroll container has top padding to prevent first badge from being clipped" time="0.018161583">
        </testcase>
        <testcase classname="src/renderer/panels/ProjectRail.test.tsx" name="ProjectRail badge clipping &gt; renders badge dot on project icon when badges are enabled" time="0.025078741">
        </testcase>
        <testcase classname="src/renderer/panels/ProjectRail.test.tsx" name="ProjectRail badge clipping &gt; badge wrapper uses negative positioning that requires adequate container space" time="0.009342498">
        </testcase>
        <testcase classname="src/renderer/panels/ProjectRail.test.tsx" name="ProjectRail context menu &gt; shows context menu on right-click of a project icon" time="0.049811247">
            <system-err>
`NaN` is an invalid value for the `left` css style property.

            </system-err>
        </testcase>
        <testcase classname="src/renderer/panels/ProjectRail.test.tsx" name="ProjectRail context menu &gt; closes project when Close Project is clicked" time="0.027145544">
        </testcase>
        <testcase classname="src/renderer/panels/ProjectRail.test.tsx" name="ProjectRail context menu &gt; does not show context menu initially" time="0.007654926">
        </testcase>
        <testcase classname="src/renderer/panels/ProjectRail.test.tsx" name="ProjectRail pin button &gt; renders pin button" time="0.005931163">
        </testcase>
        <testcase classname="src/renderer/panels/ProjectRail.test.tsx" name="ProjectRail pin button &gt; pin button is invisible (pointer-events-none) when rail is collapsed" time="0.006572505">
        </testcase>
        <testcase classname="src/renderer/panels/ProjectRail.test.tsx" name="ProjectRail pin button &gt; pin button becomes visible when rail is pinned" time="0.00632768">
        </testcase>
        <testcase classname="src/renderer/panels/ProjectRail.test.tsx" name="ProjectRail pin button &gt; clicking pin button toggles pinned state in store" time="0.012516151">
        </testcase>
        <testcase classname="src/renderer/panels/ProjectRail.test.tsx" name="ProjectRail pin button &gt; pin button shows filled icon when pinned" time="0.008068218">
        </testcase>
        <testcase classname="src/renderer/panels/ProjectRail.test.tsx" name="ProjectRail pin button &gt; pin button shows outline icon when not pinned" time="0.005393232">
        </testcase>
        <testcase classname="src/renderer/panels/ProjectRail.test.tsx" name="ProjectRail pin button &gt; pin icon is rotated 45deg when unpinned" time="0.005251568">
        </testcase>
        <testcase classname="src/renderer/panels/ProjectRail.test.tsx" name="ProjectRail pin button &gt; pin icon is not rotated when pinned" time="0.005715672">
        </testcase>
        <testcase classname="src/renderer/panels/ProjectRail.test.tsx" name="ProjectRail pin button &gt; pin button has correct title when unpinned" time="0.004841817">
        </testcase>
        <testcase classname="src/renderer/panels/ProjectRail.test.tsx" name="ProjectRail pin button &gt; pin button has correct title when pinned" time="0.004678623">
        </testcase>
        <testcase classname="src/renderer/panels/ProjectRail.test.tsx" name="ProjectRail pin button &gt; pinned rail uses accent color for pin button" time="0.004657464">
        </testcase>
        <testcase classname="src/renderer/panels/ProjectRail.test.tsx" name="ProjectRail pin button &gt; unpinned rail uses subtext color for pin button" time="0.014642136">
        </testcase>
        <testcase classname="src/renderer/panels/ProjectRail.test.tsx" name="ProjectRail pin button &gt; pin button is absolutely positioned in its own column, not a flow row" time="0.008561826">
        </testcase>
        <testcase classname="src/renderer/panels/ProjectRail.test.tsx" name="ProjectRail pin button &gt; pin button does not shift rail items down (no wrapper row)" time="0.011897148">
        </testcase>
        <testcase classname="src/renderer/panels/ProjectRail.test.tsx" name="ProjectRail pinned behavior &gt; pinned rail uses railWidth from store" time="0.014404376">
        </testcase>
        <testcase classname="src/renderer/panels/ProjectRail.test.tsx" name="ProjectRail pinned behavior &gt; unpinned rail uses collapsed width" time="0.007917096">
        </testcase>
        <testcase classname="src/renderer/panels/ProjectRail.test.tsx" name="ProjectRail pinned behavior &gt; pinned rail does not use overlay styling" time="0.00780049">
        </testcase>
        <testcase classname="src/renderer/panels/ProjectRail.test.tsx" name="ProjectRail pinned behavior &gt; pinned rail shows project labels (expanded state)" time="0.01499405">
        </testcase>
        <testcase classname="src/renderer/panels/ProjectRail.test.tsx" name="ProjectRail pinned behavior &gt; unpinned collapsed rail hides project labels" time="0.008997316">
        </testcase>
        <testcase classname="src/renderer/panels/ProjectRail.test.tsx" name="ProjectRail pinned behavior &gt; data-testid rail-container is present on outer container" time="0.005271435">
        </testcase>
        <testcase classname="src/renderer/panels/ProjectRail.test.tsx" name="ProjectRail pinned behavior &gt; sets --rail-width CSS variable to railWidth when pinned" time="0.004450739">
        </testcase>
        <testcase classname="src/renderer/panels/ProjectRail.test.tsx" name="ProjectRail pinned behavior &gt; sets --rail-width CSS variable to collapsedWidth when unpinned" time="0.004242601">
        </testcase>
        <testcase classname="src/renderer/panels/ProjectRail.test.tsx" name="ProjectRail host switching &gt; renders satellites as single rows in local mode" time="0.014622911">
        </testcase>
        <testcase classname="src/renderer/panels/ProjectRail.test.tsx" name="ProjectRail host switching &gt; satellite rows show status dots" time="0.010898545">
        </testcase>
        <testcase classname="src/renderer/panels/ProjectRail.test.tsx" name="ProjectRail host switching &gt; clicking a satellite switches to satellite host mode" time="0.013249182">
        </testcase>
        <testcase classname="src/renderer/panels/ProjectRail.test.tsx" name="ProjectRail host switching &gt; satellite host mode shows local host row and hides local projects" time="0.011198861">
        </testcase>
        <testcase classname="src/renderer/panels/ProjectRail.test.tsx" name="ProjectRail host switching &gt; clicking local host row switches back to local mode" time="0.010885688">
        </testcase>
        <testcase classname="src/renderer/panels/ProjectRail.test.tsx" name="ProjectRail host switching &gt; satellite host mode shows active satellite highlighted" time="0.008235751">
        </testcase>
        <testcase classname="src/renderer/panels/ProjectRail.test.tsx" name="ProjectRail host switching &gt; satellite host mode shows other satellites as collapsed rows" time="0.014778966">
        </testcase>
        <testcase classname="src/renderer/panels/ProjectRail.test.tsx" name="ProjectRail host switching &gt; satellite host mode renders remote projects" time="0.013536309">
        </testcase>
        <testcase classname="src/renderer/panels/ProjectRail.test.tsx" name="ProjectRail host switching &gt; renders &quot;No projects&quot; when active satellite has no projects" time="0.008788538">
        </testcase>
        <testcase classname="src/renderer/panels/ProjectRail.test.tsx" name="ProjectRail annex-gated plugins &gt; renders app plugins normally in local mode" time="0.004632587">
        </testcase>
        <testcase classname="src/renderer/panels/ProjectRail.test.tsx" name="ProjectRail annex-gated plugins &gt; shows non-annex plugins as clickable but dimmed when satellite is active host" time="0.00528472">
        </testcase>
        <testcase classname="src/renderer/panels/ProjectRail.test.tsx" name="ProjectRail annex-gated plugins &gt; shows annex-enabled plugins normally when satellite is active host" time="0.006095449">
        </testcase>
        <testcase classname="src/renderer/panels/ProjectRail.test.tsx" name="ProjectRail annex-gated plugins &gt; help and settings are always visible regardless of host mode" time="0.006640643">
        </testcase>
    </testsuite>
    <testsuite name="src/renderer/panels/SatelliteDisconnectedOverlay.test.tsx" timestamp="2026-03-25T04:47:29.815Z" hostname="runnervm46oaq" tests="5" failures="0" errors="0" skipped="0" time="0.090168047">
        <testcase classname="src/renderer/panels/SatelliteDisconnectedOverlay.test.tsx" name="SatelliteDisconnectedOverlay &gt; renders disconnected message with satellite alias" time="0.053446103">
        </testcase>
        <testcase classname="src/renderer/panels/SatelliteDisconnectedOverlay.test.tsx" name="SatelliteDisconnectedOverlay &gt; shows retry button when disconnected" time="0.007609714">
        </testcase>
        <testcase classname="src/renderer/panels/SatelliteDisconnectedOverlay.test.tsx" name="SatelliteDisconnectedOverlay &gt; calls retry with satellite ID when retry button is clicked" time="0.010735459">
        </testcase>
        <testcase classname="src/renderer/panels/SatelliteDisconnectedOverlay.test.tsx" name="SatelliteDisconnectedOverlay &gt; shows reconnecting indicator when state is connecting" time="0.007545746">
        </testcase>
        <testcase classname="src/renderer/panels/SatelliteDisconnectedOverlay.test.tsx" name="SatelliteDisconnectedOverlay &gt; shows reconnecting indicator when state is discovering" time="0.006769662">
        </testcase>
    </testsuite>
    <testsuite name="src/renderer/services/plugin-matcher.test.ts" timestamp="2026-03-25T04:47:29.816Z" hostname="runnervm46oaq" tests="6" failures="0" errors="0" skipped="0" time="0.00612865">
        <testcase classname="src/renderer/services/plugin-matcher.test.ts" name="matchPlugins &gt; should return matched for identical plugins" time="0.002668494">
        </testcase>
        <testcase classname="src/renderer/services/plugin-matcher.test.ts" name="matchPlugins &gt; should return missing for plugins not installed locally" time="0.000378695">
        </testcase>
        <testcase classname="src/renderer/services/plugin-matcher.test.ts" name="matchPlugins &gt; should return version_mismatch for different versions" time="0.000299277">
        </testcase>
        <testcase classname="src/renderer/services/plugin-matcher.test.ts" name="matchPlugins &gt; should handle multiple plugins" time="0.000468732">
        </testcase>
        <testcase classname="src/renderer/services/plugin-matcher.test.ts" name="matchPlugins &gt; should handle empty satellite plugins" time="0.000323752">
        </testcase>
        <testcase classname="src/renderer/services/plugin-matcher.test.ts" name="matchPlugins &gt; should use id as name fallback" time="0.000192227">
        </testcase>
    </testsuite>
    <testsuite name="src/renderer/services/resume-queue.test.ts" timestamp="2026-03-25T04:47:29.818Z" hostname="runnervm46oaq" tests="12" failures="0" errors="0" skipped="0" time="0.022187513">
        <testcase classname="src/renderer/services/resume-queue.test.ts" name="resume-queue &gt; processResumeQueue &gt; sets initial status to pending for auto-resume agents" time="0.005175788">
        </testcase>
        <testcase classname="src/renderer/services/resume-queue.test.ts" name="resume-queue &gt; processResumeQueue &gt; sets initial status to manual for manual agents" time="0.000579738">
        </testcase>
        <testcase classname="src/renderer/services/resume-queue.test.ts" name="resume-queue &gt; processResumeQueue &gt; calls spawnAgent with correct params for auto-resume agents (resume: true, sessionId)" time="0.003006613">
        </testcase>
        <testcase classname="src/renderer/services/resume-queue.test.ts" name="resume-queue &gt; processResumeQueue &gt; skips spawnAgent for manual agents" time="0.000836076">
        </testcase>
        <testcase classname="src/renderer/services/resume-queue.test.ts" name="resume-queue &gt; processResumeQueue &gt; passes worktreePath as cwd when available" time="0.000921965">
        </testcase>
        <testcase classname="src/renderer/services/resume-queue.test.ts" name="resume-queue &gt; processResumeQueue &gt; falls back to projectPath as cwd when worktreePath is absent" time="0.000631615">
        </testcase>
        <testcase classname="src/renderer/services/resume-queue.test.ts" name="resume-queue &gt; resumeAgent fallback &gt; retries without sessionId when spawnAgent fails and entry has a sessionId" time="0.001667772">
        </testcase>
        <testcase classname="src/renderer/services/resume-queue.test.ts" name="resume-queue &gt; resumeAgent fallback &gt; sets status to failed when both spawnAgent attempts fail" time="0.002055243">
            <system-err>
Failed to resume agent double-fail-agent: first failure

            </system-err>
        </testcase>
        <testcase classname="src/renderer/services/resume-queue.test.ts" name="resume-queue &gt; resumeAgent fallback &gt; sets status to failed when spawnAgent fails and there is no sessionId to fall back from" time="0.001514227">
            <system-err>
Failed to resume agent no-session-fail-agent: spawn error

            </system-err>
        </testcase>
        <testcase classname="src/renderer/services/resume-queue.test.ts" name="resume-queue &gt; sequential per-workspace &gt; resumes agents in the same projectPath sequentially" time="0.001558188">
        </testcase>
        <testcase classname="src/renderer/services/resume-queue.test.ts" name="resume-queue &gt; waitForAgentRunning (timeout handling) &gt; resolves and marks agent resumed when store subscription fires with running status" time="0.000587162">
        </testcase>
        <testcase classname="src/renderer/services/resume-queue.test.ts" name="resume-queue &gt; waitForAgentRunning (timeout handling) &gt; does not set timed_out when agent becomes running before timeout fires" time="0.000655509">
        </testcase>
    </testsuite>
    <testsuite name="src/renderer/plugins/PluginDialog.test.tsx" timestamp="2026-03-25T04:47:29.820Z" hostname="runnervm46oaq" tests="32" failures="0" errors="0" skipped="0" time="0.20873347">
        <testcase classname="src/renderer/plugins/PluginDialog.test.tsx" name="showInputDialog &gt; renders a dialog with the prompt as header" time="0.05453999">
        </testcase>
        <testcase classname="src/renderer/plugins/PluginDialog.test.tsx" name="showInputDialog &gt; pre-fills and selects the default value" time="0.007553283">
        </testcase>
        <testcase classname="src/renderer/plugins/PluginDialog.test.tsx" name="showInputDialog &gt; resolves with input value when OK is clicked" time="0.015346803">
        </testcase>
        <testcase classname="src/renderer/plugins/PluginDialog.test.tsx" name="showInputDialog &gt; resolves with null when Cancel is clicked" time="0.005527724">
        </testcase>
        <testcase classname="src/renderer/plugins/PluginDialog.test.tsx" name="showInputDialog &gt; resolves with null when Escape is pressed" time="0.006227276">
        </testcase>
        <testcase classname="src/renderer/plugins/PluginDialog.test.tsx" name="showInputDialog &gt; resolves with value when Enter is pressed" time="0.003972651">
        </testcase>
        <testcase classname="src/renderer/plugins/PluginDialog.test.tsx" name="showInputDialog &gt; resolves with null when overlay is clicked" time="0.003225091">
        </testcase>
        <testcase classname="src/renderer/plugins/PluginDialog.test.tsx" name="showInputDialog &gt; cleanup resolves with null" time="0.003165229">
        </testcase>
        <testcase classname="src/renderer/plugins/PluginDialog.test.tsx" name="showInputDialog &gt; removes container from DOM after resolving" time="0.010005054">
        </testcase>
        <testcase classname="src/renderer/plugins/PluginDialog.test.tsx" name="showInputDialog &gt; has proper styling classes for elevation and contrast" time="0.00377345">
        </testcase>
        <testcase classname="src/renderer/plugins/PluginDialog.test.tsx" name="showConfirmDialog &gt; renders a confirm dialog with the message" time="0.004227144">
        </testcase>
        <testcase classname="src/renderer/plugins/PluginDialog.test.tsx" name="showConfirmDialog &gt; resolves true when Confirm is clicked" time="0.004665029">
        </testcase>
        <testcase classname="src/renderer/plugins/PluginDialog.test.tsx" name="showConfirmDialog &gt; resolves false when Cancel is clicked" time="0.003667002">
        </testcase>
        <testcase classname="src/renderer/plugins/PluginDialog.test.tsx" name="showConfirmDialog &gt; resolves true when Enter is pressed" time="0.004534567">
        </testcase>
        <testcase classname="src/renderer/plugins/PluginDialog.test.tsx" name="showConfirmDialog &gt; resolves false when Escape is pressed" time="0.003023595">
        </testcase>
        <testcase classname="src/renderer/plugins/PluginDialog.test.tsx" name="showConfirmDialog &gt; resolves false when overlay is clicked" time="0.003251569">
        </testcase>
        <testcase classname="src/renderer/plugins/PluginDialog.test.tsx" name="showConfirmDialog &gt; uses destructive styling for delete messages" time="0.001927486">
        </testcase>
        <testcase classname="src/renderer/plugins/PluginDialog.test.tsx" name="showConfirmDialog &gt; uses accent styling for non-destructive messages" time="0.001605056">
        </testcase>
        <testcase classname="src/renderer/plugins/PluginDialog.test.tsx" name="showConfirmDialog &gt; cleanup resolves with false" time="0.004646494">
        </testcase>
        <testcase classname="src/renderer/plugins/PluginDialog.test.tsx" name="showConfirmDialog &gt; removes container from DOM after resolving" time="0.004056548">
        </testcase>
        <testcase classname="src/renderer/plugins/PluginDialog.test.tsx" name="showApprovalDialog &gt; renders with title and summary" time="0.00399889">
        </testcase>
        <testcase classname="src/renderer/plugins/PluginDialog.test.tsx" name="showApprovalDialog &gt; renders all action buttons" time="0.010052639">
        </testcase>
        <testcase classname="src/renderer/plugins/PluginDialog.test.tsx" name="showApprovalDialog &gt; resolves with action value when clicked" time="0.00594959">
        </testcase>
        <testcase classname="src/renderer/plugins/PluginDialog.test.tsx" name="showApprovalDialog &gt; resolves with null when overlay is clicked" time="0.007748877">
        </testcase>
        <testcase classname="src/renderer/plugins/PluginDialog.test.tsx" name="showApprovalDialog &gt; resolves with null when Escape is pressed" time="0.006367817">
        </testcase>
        <testcase classname="src/renderer/plugins/PluginDialog.test.tsx" name="showApprovalDialog &gt; resolves with primary action value when Enter is pressed" time="0.003951664">
        </testcase>
        <testcase classname="src/renderer/plugins/PluginDialog.test.tsx" name="showApprovalDialog &gt; falls back to first action for Enter when no primary style" time="0.002582144">
        </testcase>
        <testcase classname="src/renderer/plugins/PluginDialog.test.tsx" name="showApprovalDialog &gt; applies primary style class to primary actions" time="0.002395617">
        </testcase>
        <testcase classname="src/renderer/plugins/PluginDialog.test.tsx" name="showApprovalDialog &gt; applies danger style class to danger actions" time="0.002567337">
        </testcase>
        <testcase classname="src/renderer/plugins/PluginDialog.test.tsx" name="showApprovalDialog &gt; cleanup resolves with null" time="0.002474303">
        </testcase>
        <testcase classname="src/renderer/plugins/PluginDialog.test.tsx" name="showApprovalDialog &gt; removes container from DOM after resolving" time="0.005556405">
        </testcase>
        <testcase classname="src/renderer/plugins/PluginDialog.test.tsx" name="theme token validation &gt; every color token used in PluginDialog.tsx is registered in the Tailwind theme" time="0.001138939">
        </testcase>
    </testsuite>
    <testsuite name="src/renderer/plugins/api-compat.test.tsx" timestamp="2026-03-25T04:47:29.826Z" hostname="runnervm46oaq" tests="18" failures="0" errors="0" skipped="0" time="0.089097586">
        <testcase classname="src/renderer/plugins/api-compat.test.tsx" name="Plugin API core canary tests &gt; api.project.readTree() renders result" time="0.050962643">
        </testcase>
        <testcase classname="src/renderer/plugins/api-compat.test.tsx" name="Plugin API core canary tests &gt; api.git.currentBranch() renders result" time="0.007540475">
        </testcase>
        <testcase classname="src/renderer/plugins/api-compat.test.tsx" name="Plugin API core canary tests &gt; api.storage.projectLocal.read() renders result" time="0.006167733">
        </testcase>
        <testcase classname="src/renderer/plugins/api-compat.test.tsx" name="Plugin API core canary tests &gt; api.events.on(...) receives event" time="0.003358798">
        </testcase>
        <testcase classname="src/renderer/plugins/api-compat.test.tsx" name="Plugin API core canary tests &gt; api.commands.register(...) returns disposable" time="0.000955387">
        </testcase>
        <testcase classname="src/renderer/plugins/api-compat.test.tsx" name="Plugin API core canary tests &gt; api.ui.showNotice(...) callable" time="0.000309505">
        </testcase>
        <testcase classname="src/renderer/plugins/api-compat.test.tsx" name="Plugin API core canary tests &gt; api.agents.list() renders result" time="0.004198489">
        </testcase>
        <testcase classname="src/renderer/plugins/api-compat.test.tsx" name="Plugin API core canary tests &gt; api.navigation.focusAgent(...) callable" time="0.000323221">
        </testcase>
        <testcase classname="src/renderer/plugins/api-compat.test.tsx" name="Plugin API core canary tests &gt; api.terminal.spawn(...) callable" time="0.001276054">
        </testcase>
        <testcase classname="src/renderer/plugins/api-compat.test.tsx" name="Plugin API core canary tests &gt; api.widgets.AgentTerminal is a component" time="0.000353868">
        </testcase>
        <testcase classname="src/renderer/plugins/api-compat.test.tsx" name="Plugin API core canary tests &gt; api.logging.info(...) callable" time="0.00047371">
        </testcase>
        <testcase classname="src/renderer/plugins/api-compat.test.tsx" name="Plugin API core canary tests &gt; api.files.readTree(...) renders result" time="0.003539103">
        </testcase>
        <testcase classname="src/renderer/plugins/api-compat.test.tsx" name="Plugin API core canary tests &gt; api.context.mode readable" time="0.000196105">
        </testcase>
        <testcase classname="src/renderer/plugins/api-compat.test.tsx" name="Plugin API v0.5.0 canary tests &gt; api.files.forRoot exists as a function" time="0.000156031">
        </testcase>
        <testcase classname="src/renderer/plugins/api-compat.test.tsx" name="Plugin API v0.5.0 canary tests &gt; api.files.forRoot throws in stub (no real external root)" time="0.000285521">
        </testcase>
        <testcase classname="src/renderer/plugins/api-compat.test.tsx" name="Plugin API v0.5.0 canary tests &gt; api.files.forRoot can be overridden in mock" time="0.004135913">
        </testcase>
        <testcase classname="src/renderer/plugins/api-compat.test.tsx" name="Plugin API v0.5.0 canary tests &gt; permission-denied APIs surface exists in PluginAPI type" time="0.000396858">
        </testcase>
        <testcase classname="src/renderer/plugins/api-compat.test.tsx" name="Plugin API v0.5.0 canary tests &gt; always-available APIs remain accessible" time="0.000198109">
        </testcase>
    </testsuite>
    <testsuite name="src/renderer/plugins/builtin-canvas-widgets.test.ts" timestamp="2026-03-25T04:47:29.830Z" hostname="runnervm46oaq" tests="56" failures="0" errors="0" skipped="0" time="0.024329565">
        <testcase classname="src/renderer/plugins/builtin-canvas-widgets.test.ts" name="built-in plugin canvas widget declarations &gt; terminal plugin &gt; exists in the built-in plugin list" time="0.002344833">
        </testcase>
        <testcase classname="src/renderer/plugins/builtin-canvas-widgets.test.ts" name="built-in plugin canvas widget declarations &gt; terminal plugin &gt; declares canvasWidgets in its manifest" time="0.000416886">
        </testcase>
        <testcase classname="src/renderer/plugins/builtin-canvas-widgets.test.ts" name="built-in plugin canvas widget declarations &gt; terminal plugin &gt; declares widget &quot;shell&quot;" time="0.00045156">
        </testcase>
        <testcase classname="src/renderer/plugins/builtin-canvas-widgets.test.ts" name="built-in plugin canvas widget declarations &gt; terminal plugin &gt; has no undocumented widgets (update EXPECTED_CANVAS_WIDGETS if adding new ones)" time="0.000974332">
        </testcase>
        <testcase classname="src/renderer/plugins/builtin-canvas-widgets.test.ts" name="built-in plugin canvas widget declarations &gt; files plugin &gt; exists in the built-in plugin list" time="0.000236169">
        </testcase>
        <testcase classname="src/renderer/plugins/builtin-canvas-widgets.test.ts" name="built-in plugin canvas widget declarations &gt; files plugin &gt; declares canvasWidgets in its manifest" time="0.00033847">
        </testcase>
        <testcase classname="src/renderer/plugins/builtin-canvas-widgets.test.ts" name="built-in plugin canvas widget declarations &gt; files plugin &gt; declares widget &quot;file-viewer&quot;" time="0.000313954">
        </testcase>
        <testcase classname="src/renderer/plugins/builtin-canvas-widgets.test.ts" name="built-in plugin canvas widget declarations &gt; files plugin &gt; has no undocumented widgets (update EXPECTED_CANVAS_WIDGETS if adding new ones)" time="0.000260424">
        </testcase>
        <testcase classname="src/renderer/plugins/builtin-canvas-widgets.test.ts" name="built-in plugin canvas widget declarations &gt; git plugin &gt; exists in the built-in plugin list" time="0.000660398">
        </testcase>
        <testcase classname="src/renderer/plugins/builtin-canvas-widgets.test.ts" name="built-in plugin canvas widget declarations &gt; git plugin &gt; declares canvasWidgets in its manifest" time="0.00031697">
        </testcase>
        <testcase classname="src/renderer/plugins/builtin-canvas-widgets.test.ts" name="built-in plugin canvas widget declarations &gt; git plugin &gt; declares widget &quot;git-status&quot;" time="0.000218456">
        </testcase>
        <testcase classname="src/renderer/plugins/builtin-canvas-widgets.test.ts" name="built-in plugin canvas widget declarations &gt; git plugin &gt; has no undocumented widgets (update EXPECTED_CANVAS_WIDGETS if adding new ones)" time="0.000122598">
        </testcase>
        <testcase classname="src/renderer/plugins/builtin-canvas-widgets.test.ts" name="built-in plugin canvas widget declarations &gt; browser plugin &gt; exists in the built-in plugin list" time="0.000090889">
        </testcase>
        <testcase classname="src/renderer/plugins/builtin-canvas-widgets.test.ts" name="built-in plugin canvas widget declarations &gt; browser plugin &gt; declares canvasWidgets in its manifest" time="0.000096059">
        </testcase>
        <testcase classname="src/renderer/plugins/builtin-canvas-widgets.test.ts" name="built-in plugin canvas widget declarations &gt; browser plugin &gt; declares widget &quot;webview&quot;" time="0.000133919">
        </testcase>
        <testcase classname="src/renderer/plugins/builtin-canvas-widgets.test.ts" name="built-in plugin canvas widget declarations &gt; browser plugin &gt; has no undocumented widgets (update EXPECTED_CANVAS_WIDGETS if adding new ones)" time="0.000109895">
        </testcase>
        <testcase classname="src/renderer/plugins/builtin-canvas-widgets.test.ts" name="built-in plugin canvas widget declarations &gt; group-project plugin &gt; exists in the built-in plugin list" time="0.000078937">
        </testcase>
        <testcase classname="src/renderer/plugins/builtin-canvas-widgets.test.ts" name="built-in plugin canvas widget declarations &gt; group-project plugin &gt; declares canvasWidgets in its manifest" time="0.000089206">
        </testcase>
        <testcase classname="src/renderer/plugins/builtin-canvas-widgets.test.ts" name="built-in plugin canvas widget declarations &gt; group-project plugin &gt; declares widget &quot;group-project&quot;" time="0.000087994">
        </testcase>
        <testcase classname="src/renderer/plugins/builtin-canvas-widgets.test.ts" name="built-in plugin canvas widget declarations &gt; group-project plugin &gt; has no undocumented widgets (update EXPECTED_CANVAS_WIDGETS if adding new ones)" time="0.00021486">
        </testcase>
        <testcase classname="src/renderer/plugins/builtin-canvas-widgets.test.ts" name="built-in plugin canvas widget declarations &gt; agent-queue plugin &gt; exists in the built-in plugin list" time="0.00008569">
        </testcase>
        <testcase classname="src/renderer/plugins/builtin-canvas-widgets.test.ts" name="built-in plugin canvas widget declarations &gt; agent-queue plugin &gt; declares canvasWidgets in its manifest" time="0.000114613">
        </testcase>
        <testcase classname="src/renderer/plugins/builtin-canvas-widgets.test.ts" name="built-in plugin canvas widget declarations &gt; agent-queue plugin &gt; declares widget &quot;agent-queue&quot;" time="0.000087463">
        </testcase>
        <testcase classname="src/renderer/plugins/builtin-canvas-widgets.test.ts" name="built-in plugin canvas widget declarations &gt; agent-queue plugin &gt; has no undocumented widgets (update EXPECTED_CANVAS_WIDGETS if adding new ones)" time="0.000146944">
        </testcase>
        <testcase classname="src/renderer/plugins/builtin-canvas-widgets.test.ts" name="built-in plugin canvas widget declarations &gt; all plugins with canvasWidgets are tracked in EXPECTED_CANVAS_WIDGETS" time="0.000336617">
        </testcase>
        <testcase classname="src/renderer/plugins/builtin-canvas-widgets.test.ts" name="getBuiltinProjectPluginIds &gt; includes terminal, files, and git (project-scoped plugins)" time="0.000918418">
        </testcase>
        <testcase classname="src/renderer/plugins/builtin-canvas-widgets.test.ts" name="getBuiltinProjectPluginIds &gt; includes all project/dual-scoped builtins (app-first gate controls activation)" time="0.000480734">
        </testcase>
        <testcase classname="src/renderer/plugins/builtin-canvas-widgets.test.ts" name="getBuiltinProjectPluginIds &gt; excludes app-scoped builtins" time="0.000136544">
        </testcase>
        <testcase classname="src/renderer/plugins/builtin-canvas-widgets.test.ts" name="getBuiltinProjectPluginIds &gt; all builtins with canvas widgets and project/dual scope are in the returned list" time="0.000552218">
        </testcase>
        <testcase classname="src/renderer/plugins/builtin-canvas-widgets.test.ts" name="preRegisterFromManifest &gt; creates a registry entry from a manifest declaration" time="0.000601118">
        </testcase>
        <testcase classname="src/renderer/plugins/builtin-canvas-widgets.test.ts" name="preRegisterFromManifest &gt; marks the entry as pending" time="0.000181147">
        </testcase>
        <testcase classname="src/renderer/plugins/builtin-canvas-widgets.test.ts" name="preRegisterFromManifest &gt; makes the widget appear in getRegisteredWidgetTypes()" time="0.000717615">
        </testcase>
        <testcase classname="src/renderer/plugins/builtin-canvas-widgets.test.ts" name="preRegisterFromManifest &gt; does not overwrite an already-registered (real) widget" time="0.000265485">
        </testcase>
        <testcase classname="src/renderer/plugins/builtin-canvas-widgets.test.ts" name="preRegisterFromManifest &gt; is overwritten when the real plugin registers its widget" time="0.000203348">
        </testcase>
        <testcase classname="src/renderer/plugins/builtin-canvas-widgets.test.ts" name="preRegisterFromManifest &gt; notifies registry listeners when pre-registering" time="0.000392681">
        </testcase>
        <testcase classname="src/renderer/plugins/builtin-canvas-widgets.test.ts" name="isWidgetPending &gt; returns false for unregistered types" time="0.000154027">
        </testcase>
        <testcase classname="src/renderer/plugins/builtin-canvas-widgets.test.ts" name="isWidgetPending &gt; returns true for pre-registered (pending) types" time="0.000185365">
        </testcase>
        <testcase classname="src/renderer/plugins/builtin-canvas-widgets.test.ts" name="isWidgetPending &gt; returns false for fully-registered (real) types" time="0.000222064">
        </testcase>
        <testcase classname="src/renderer/plugins/builtin-canvas-widgets.test.ts" name="isWidgetPending &gt; transitions from true to false when real registration replaces pre-registration" time="0.00019885">
        </testcase>
        <testcase classname="src/renderer/plugins/builtin-canvas-widgets.test.ts" name="all built-in plugins with canvas widgets can be pre-registered &gt; pre-registering all built-in canvas widgets populates the registry" time="0.000500581">
        </testcase>
        <testcase classname="src/renderer/plugins/builtin-canvas-widgets.test.ts" name="all built-in plugins with canvas widgets can be pre-registered &gt; pre-registered widgets have correct labels from manifests" time="0.000259583">
        </testcase>
        <testcase classname="src/renderer/plugins/builtin-canvas-widgets.test.ts" name="pre-registered widgets without activation do not crash renderer &gt; all pre-registered placeholders have null component (verifies guard is needed)" time="0.000410864">
        </testcase>
        <testcase classname="src/renderer/plugins/builtin-canvas-widgets.test.ts" name="pre-registered widgets without activation do not crash renderer &gt; CanvasView guards against null component rendering (structural)" time="0.000296872">
        </testcase>
        <testcase classname="src/renderer/plugins/builtin-canvas-widgets.test.ts" name="pre-registered widgets without activation do not crash renderer &gt; enabling canvas cascades to enable sub-plugins (structural)" time="0.000511872">
        </testcase>
        <testcase classname="src/renderer/plugins/builtin-canvas-widgets.test.ts" name="built-in plugin activate() canvas widget registration &gt; terminal plugin activate() &gt; calls api.canvas.registerWidgetType for each declared canvas widget" time="0.001158997">
        </testcase>
        <testcase classname="src/renderer/plugins/builtin-canvas-widgets.test.ts" name="built-in plugin activate() canvas widget registration &gt; terminal plugin activate() &gt; provides a React component for each registered widget" time="0.000418709">
        </testcase>
        <testcase classname="src/renderer/plugins/builtin-canvas-widgets.test.ts" name="built-in plugin activate() canvas widget registration &gt; files plugin activate() &gt; calls api.canvas.registerWidgetType for each declared canvas widget" time="0.000448003">
        </testcase>
        <testcase classname="src/renderer/plugins/builtin-canvas-widgets.test.ts" name="built-in plugin activate() canvas widget registration &gt; files plugin activate() &gt; provides a React component for each registered widget" time="0.000270102">
        </testcase>
        <testcase classname="src/renderer/plugins/builtin-canvas-widgets.test.ts" name="built-in plugin activate() canvas widget registration &gt; browser plugin activate() &gt; calls api.canvas.registerWidgetType for each declared canvas widget" time="0.000388843">
        </testcase>
        <testcase classname="src/renderer/plugins/builtin-canvas-widgets.test.ts" name="built-in plugin activate() canvas widget registration &gt; browser plugin activate() &gt; provides a React component for each registered widget" time="0.000279901">
        </testcase>
        <testcase classname="src/renderer/plugins/builtin-canvas-widgets.test.ts" name="built-in plugin activate() canvas widget registration &gt; git plugin activate() &gt; calls api.canvas.registerWidgetType for each declared canvas widget" time="0.000371481">
        </testcase>
        <testcase classname="src/renderer/plugins/builtin-canvas-widgets.test.ts" name="built-in plugin activate() canvas widget registration &gt; git plugin activate() &gt; provides a React component for each registered widget" time="0.000468983">
        </testcase>
        <testcase classname="src/renderer/plugins/builtin-canvas-widgets.test.ts" name="built-in plugin activate() canvas widget registration &gt; group-project plugin activate() &gt; calls api.canvas.registerWidgetType for each declared canvas widget" time="0.00051081">
        </testcase>
        <testcase classname="src/renderer/plugins/builtin-canvas-widgets.test.ts" name="built-in plugin activate() canvas widget registration &gt; group-project plugin activate() &gt; provides a React component for each registered widget" time="0.000336956">
        </testcase>
        <testcase classname="src/renderer/plugins/builtin-canvas-widgets.test.ts" name="built-in plugin activate() canvas widget registration &gt; agent-queue plugin activate() &gt; calls api.canvas.registerWidgetType for each declared canvas widget" time="0.000455117">
        </testcase>
        <testcase classname="src/renderer/plugins/builtin-canvas-widgets.test.ts" name="built-in plugin activate() canvas widget registration &gt; agent-queue plugin activate() &gt; provides a React component for each registered widget" time="0.000274461">
        </testcase>
    </testsuite>
    <testsuite name="src/renderer/plugins/canvas-widget-registry.test.ts" timestamp="2026-03-25T04:47:29.839Z" hostname="runnervm46oaq" tests="25" failures="0" errors="0" skipped="0" time="0.0171494">
        <testcase classname="src/renderer/plugins/canvas-widget-registry.test.ts" name="canvas-widget-registry &gt; qualifyWidgetType &gt; creates a qualified type string" time="0.002787235">
        </testcase>
        <testcase classname="src/renderer/plugins/canvas-widget-registry.test.ts" name="canvas-widget-registry &gt; parsePluginWidgetType &gt; parses a qualified type" time="0.001124292">
        </testcase>
        <testcase classname="src/renderer/plugins/canvas-widget-registry.test.ts" name="canvas-widget-registry &gt; parsePluginWidgetType &gt; returns null for non-plugin types" time="0.000483239">
        </testcase>
        <testcase classname="src/renderer/plugins/canvas-widget-registry.test.ts" name="canvas-widget-registry &gt; parsePluginWidgetType &gt; handles colons in widget ID" time="0.000470064">
        </testcase>
        <testcase classname="src/renderer/plugins/canvas-widget-registry.test.ts" name="canvas-widget-registry &gt; registerCanvasWidgetType &gt; registers a widget type and makes it retrievable" time="0.001708538">
        </testcase>
        <testcase classname="src/renderer/plugins/canvas-widget-registry.test.ts" name="canvas-widget-registry &gt; registerCanvasWidgetType &gt; returns a disposable that unregisters" time="0.000542148">
        </testcase>
        <testcase classname="src/renderer/plugins/canvas-widget-registry.test.ts" name="canvas-widget-registry &gt; registerCanvasWidgetType &gt; can register multiple widget types from different plugins" time="0.000579498">
        </testcase>
        <testcase classname="src/renderer/plugins/canvas-widget-registry.test.ts" name="canvas-widget-registry &gt; registerCanvasWidgetType &gt; can register multiple widget types from same plugin" time="0.000386409">
        </testcase>
        <testcase classname="src/renderer/plugins/canvas-widget-registry.test.ts" name="canvas-widget-registry &gt; getRegisteredWidgetType &gt; returns the entry for a qualified type" time="0.000740167">
        </testcase>
        <testcase classname="src/renderer/plugins/canvas-widget-registry.test.ts" name="canvas-widget-registry &gt; getRegisteredWidgetType &gt; returns undefined for unregistered types" time="0.000346534">
        </testcase>
        <testcase classname="src/renderer/plugins/canvas-widget-registry.test.ts" name="canvas-widget-registry &gt; unregisterAllForPlugin &gt; removes all widget types for a plugin" time="0.000577414">
        </testcase>
        <testcase classname="src/renderer/plugins/canvas-widget-registry.test.ts" name="canvas-widget-registry &gt; unregisterAllForPlugin &gt; is a no-op for unknown plugins" time="0.000362564">
        </testcase>
        <testcase classname="src/renderer/plugins/canvas-widget-registry.test.ts" name="canvas-widget-registry &gt; onRegistryChange &gt; fires on register" time="0.000566003">
        </testcase>
        <testcase classname="src/renderer/plugins/canvas-widget-registry.test.ts" name="canvas-widget-registry &gt; onRegistryChange &gt; fires on dispose" time="0.000250456">
        </testcase>
        <testcase classname="src/renderer/plugins/canvas-widget-registry.test.ts" name="canvas-widget-registry &gt; onRegistryChange &gt; fires on unregisterAllForPlugin" time="0.00022571">
        </testcase>
        <testcase classname="src/renderer/plugins/canvas-widget-registry.test.ts" name="canvas-widget-registry &gt; onRegistryChange &gt; can be disposed" time="0.000458904">
        </testcase>
        <testcase classname="src/renderer/plugins/canvas-widget-registry.test.ts" name="canvas-widget-registry &gt; preRegisterFromManifest &gt; creates a placeholder entry with _pending flag and null component" time="0.000437383">
        </testcase>
        <testcase classname="src/renderer/plugins/canvas-widget-registry.test.ts" name="canvas-widget-registry &gt; preRegisterFromManifest &gt; does not overwrite an already-registered widget" time="0.000235838">
        </testcase>
        <testcase classname="src/renderer/plugins/canvas-widget-registry.test.ts" name="canvas-widget-registry &gt; preRegisterFromManifest &gt; placeholder is replaced when real plugin activates" time="0.000294117">
        </testcase>
        <testcase classname="src/renderer/plugins/canvas-widget-registry.test.ts" name="canvas-widget-registry &gt; isWidgetPending &gt; returns false for unregistered types" time="0.000177741">
        </testcase>
        <testcase classname="src/renderer/plugins/canvas-widget-registry.test.ts" name="canvas-widget-registry &gt; isWidgetPending &gt; returns false for normally registered types" time="0.000170958">
        </testcase>
        <testcase classname="src/renderer/plugins/canvas-widget-registry.test.ts" name="canvas-widget-registry &gt; isWidgetPending &gt; returns true for pre-registered placeholders" time="0.000170397">
        </testcase>
        <testcase classname="src/renderer/plugins/canvas-widget-registry.test.ts" name="canvas-widget-registry &gt; generatePluginWidgetDisplayName &gt; uses descriptor callback if provided" time="0.000275212">
        </testcase>
        <testcase classname="src/renderer/plugins/canvas-widget-registry.test.ts" name="canvas-widget-registry &gt; generatePluginWidgetDisplayName &gt; falls back to manifest label when callback is not provided" time="0.000296051">
        </testcase>
        <testcase classname="src/renderer/plugins/canvas-widget-registry.test.ts" name="canvas-widget-registry &gt; generatePluginWidgetDisplayName &gt; falls back to manifest label when callback throws" time="0.000229688">
        </testcase>
    </testsuite>
    <testsuite name="src/renderer/plugins/dynamic-import.test.ts" timestamp="2026-03-25T04:47:29.843Z" hostname="runnervm46oaq" tests="5" failures="0" errors="0" skipped="0" time="0.018607691">
        <testcase classname="src/renderer/plugins/dynamic-import.test.ts" name="dynamicImportModule &gt; constructs a Function with the expected arguments to wrap dynamic import" time="0.00686557">
        </testcase>
        <testcase classname="src/renderer/plugins/dynamic-import.test.ts" name="dynamicImportModule &gt; passes a data: URI to the constructed import function for file: URLs in dev mode" time="0.002599645">
        </testcase>
        <testcase classname="src/renderer/plugins/dynamic-import.test.ts" name="dynamicImportModule &gt; returns the resolved module from the import function" time="0.001731812">
        </testcase>
        <testcase classname="src/renderer/plugins/dynamic-import.test.ts" name="dynamicImportModule &gt; propagates errors when the import function rejects" time="0.003074468">
        </testcase>
        <testcase classname="src/renderer/plugins/dynamic-import.test.ts" name="dynamicImportModule &gt; propagates errors when the import function throws synchronously" time="0.001676328">
        </testcase>
    </testsuite>
    <testsuite name="src/renderer/plugins/manifest-validator.test.ts" timestamp="2026-03-25T04:47:29.844Z" hostname="runnervm46oaq" tests="134" failures="0" errors="0" skipped="0" time="0.05015764">
        <testcase classname="src/renderer/plugins/manifest-validator.test.ts" name="manifest-validator &gt; SUPPORTED_API_VERSIONS &gt; includes version 0.5" time="0.003318301">
        </testcase>
        <testcase classname="src/renderer/plugins/manifest-validator.test.ts" name="manifest-validator &gt; SUPPORTED_API_VERSIONS &gt; does not include version 0.4" time="0.000442613">
        </testcase>
        <testcase classname="src/renderer/plugins/manifest-validator.test.ts" name="manifest-validator &gt; DEPRECATED_PLUGIN_API_VERSIONS &gt; marks 0.5 as deprecated" time="0.000420532">
        </testcase>
        <testcase classname="src/renderer/plugins/manifest-validator.test.ts" name="manifest-validator &gt; DEPRECATED_PLUGIN_API_VERSIONS &gt; marks 0.6 as deprecated" time="0.000249413">
        </testcase>
        <testcase classname="src/renderer/plugins/manifest-validator.test.ts" name="manifest-validator &gt; DEPRECATED_PLUGIN_API_VERSIONS &gt; does not mark 0.7 as deprecated" time="0.000305409">
        </testcase>
        <testcase classname="src/renderer/plugins/manifest-validator.test.ts" name="manifest-validator &gt; deprecation warnings &gt; returns warnings for deprecated API version 0.5" time="0.001535807">
        </testcase>
        <testcase classname="src/renderer/plugins/manifest-validator.test.ts" name="manifest-validator &gt; deprecation warnings &gt; returns no warnings for non-deprecated API version 0.7" time="0.001137226">
        </testcase>
        <testcase classname="src/renderer/plugins/manifest-validator.test.ts" name="manifest-validator &gt; deprecation warnings &gt; returns warnings array even for invalid manifests" time="0.001106388">
        </testcase>
        <testcase classname="src/renderer/plugins/manifest-validator.test.ts" name="manifest-validator &gt; validateManifest &gt; accepts a valid project-scoped manifest" time="0.001006072">
        </testcase>
        <testcase classname="src/renderer/plugins/manifest-validator.test.ts" name="manifest-validator &gt; validateManifest &gt; accepts a valid app-scoped manifest" time="0.000366983">
        </testcase>
        <testcase classname="src/renderer/plugins/manifest-validator.test.ts" name="manifest-validator &gt; validateManifest &gt; accepts manifest with all optional fields" time="0.000417066">
        </testcase>
        <testcase classname="src/renderer/plugins/manifest-validator.test.ts" name="manifest-validator &gt; validateManifest &gt; rejects null input" time="0.000253442">
        </testcase>
        <testcase classname="src/renderer/plugins/manifest-validator.test.ts" name="manifest-validator &gt; validateManifest &gt; rejects non-object input" time="0.000186176">
        </testcase>
        <testcase classname="src/renderer/plugins/manifest-validator.test.ts" name="manifest-validator &gt; validateManifest &gt; rejects missing id" time="0.000785441">
        </testcase>
        <testcase classname="src/renderer/plugins/manifest-validator.test.ts" name="manifest-validator &gt; validateManifest &gt; rejects empty string id" time="0.00023665">
        </testcase>
        <testcase classname="src/renderer/plugins/manifest-validator.test.ts" name="manifest-validator &gt; validateManifest &gt; rejects invalid id format (uppercase)" time="0.000250787">
        </testcase>
        <testcase classname="src/renderer/plugins/manifest-validator.test.ts" name="manifest-validator &gt; validateManifest &gt; rejects invalid id format (spaces)" time="0.000227223">
        </testcase>
        <testcase classname="src/renderer/plugins/manifest-validator.test.ts" name="manifest-validator &gt; validateManifest &gt; accepts id with hyphens" time="0.000193239">
        </testcase>
        <testcase classname="src/renderer/plugins/manifest-validator.test.ts" name="manifest-validator &gt; validateManifest &gt; accepts id with numbers" time="0.00023644">
        </testcase>
        <testcase classname="src/renderer/plugins/manifest-validator.test.ts" name="manifest-validator &gt; validateManifest &gt; rejects missing name" time="0.000296421">
        </testcase>
        <testcase classname="src/renderer/plugins/manifest-validator.test.ts" name="manifest-validator &gt; validateManifest &gt; rejects missing version" time="0.00034399">
        </testcase>
        <testcase classname="src/renderer/plugins/manifest-validator.test.ts" name="manifest-validator &gt; validateManifest &gt; rejects missing engine" time="0.000326076">
        </testcase>
        <testcase classname="src/renderer/plugins/manifest-validator.test.ts" name="manifest-validator &gt; validateManifest &gt; rejects non-numeric engine.api" time="0.000255896">
        </testcase>
        <testcase classname="src/renderer/plugins/manifest-validator.test.ts" name="manifest-validator &gt; validateManifest &gt; rejects unsupported API version" time="0.000280973">
        </testcase>
        <testcase classname="src/renderer/plugins/manifest-validator.test.ts" name="manifest-validator &gt; validateManifest &gt; rejects invalid scope" time="0.000246408">
        </testcase>
        <testcase classname="src/renderer/plugins/manifest-validator.test.ts" name="manifest-validator &gt; validateManifest &gt; rejects project-scoped plugin with railItem" time="0.000266475">
        </testcase>
        <testcase classname="src/renderer/plugins/manifest-validator.test.ts" name="manifest-validator &gt; validateManifest &gt; rejects app-scoped plugin with tab" time="0.000265163">
        </testcase>
        <testcase classname="src/renderer/plugins/manifest-validator.test.ts" name="manifest-validator &gt; validateManifest &gt; collects multiple errors at once" time="0.000364398">
        </testcase>
        <testcase classname="src/renderer/plugins/manifest-validator.test.ts" name="manifest-validator &gt; validateManifest &gt; ignores unknown fields (forward compatibility)" time="0.000223565">
        </testcase>
        <testcase classname="src/renderer/plugins/manifest-validator.test.ts" name="manifest-validator &gt; validateManifest &gt; accepts a valid dual-scoped manifest" time="0.00019382">
        </testcase>
        <testcase classname="src/renderer/plugins/manifest-validator.test.ts" name="manifest-validator &gt; validateManifest &gt; accepts dual-scoped plugin with both tab and railItem" time="0.000218136">
        </testcase>
        <testcase classname="src/renderer/plugins/manifest-validator.test.ts" name="manifest-validator &gt; validateManifest &gt; accepts dual-scoped plugin with only tab" time="0.000218838">
        </testcase>
        <testcase classname="src/renderer/plugins/manifest-validator.test.ts" name="manifest-validator &gt; validateManifest &gt; accepts dual-scoped plugin with only railItem" time="0.000200383">
        </testcase>
        <testcase classname="src/renderer/plugins/manifest-validator.test.ts" name="manifest-validator &gt; validateManifest &gt; accepts dual-scoped plugin with no contributes besides help" time="0.00019383">
        </testcase>
        <testcase classname="src/renderer/plugins/manifest-validator.test.ts" name="manifest-validator &gt; validateManifest &gt; accepts dual-scoped plugin with tab, railItem, and commands" time="0.000236149">
        </testcase>
        <testcase classname="src/renderer/plugins/manifest-validator.test.ts" name="manifest-validator &gt; validateManifest &gt; still rejects project-scoped with railItem after dual support" time="0.000292303">
        </testcase>
        <testcase classname="src/renderer/plugins/manifest-validator.test.ts" name="manifest-validator &gt; validateManifest &gt; still rejects app-scoped with tab after dual support" time="0.000356333">
        </testcase>
        <testcase classname="src/renderer/plugins/manifest-validator.test.ts" name="manifest-validator &gt; validateManifest &gt; error message lists all three valid scopes" time="0.000303755">
        </testcase>
        <testcase classname="src/renderer/plugins/manifest-validator.test.ts" name="manifest-validator &gt; validateManifest &gt; rejects scope of boolean type" time="0.000253402">
        </testcase>
        <testcase classname="src/renderer/plugins/manifest-validator.test.ts" name="manifest-validator &gt; validateManifest &gt; rejects scope of number type" time="0.000237031">
        </testcase>
        <testcase classname="src/renderer/plugins/manifest-validator.test.ts" name="manifest-validator &gt; validateManifest &gt; accepts empty contributes object with help" time="0.000189873">
        </testcase>
        <testcase classname="src/renderer/plugins/manifest-validator.test.ts" name="manifest-validator &gt; validateManifest &gt; rejects v0.5 manifest without contributes.help" time="0.000237693">
        </testcase>
        <testcase classname="src/renderer/plugins/manifest-validator.test.ts" name="manifest-validator &gt; validateManifest &gt; accepts v0.5 manifest with contributes.help: {}" time="0.000185595">
        </testcase>
        <testcase classname="src/renderer/plugins/manifest-validator.test.ts" name="manifest-validator &gt; validateManifest &gt; accepts v0.5 manifest with valid help topics" time="0.000245777">
        </testcase>
        <testcase classname="src/renderer/plugins/manifest-validator.test.ts" name="manifest-validator &gt; validateManifest &gt; rejects v0.5 manifest with malformed help topics" time="0.000208107">
        </testcase>
        <testcase classname="src/renderer/plugins/manifest-validator.test.ts" name="manifest-validator &gt; validateManifest &gt; rejects v0.5 manifest with no contributes at all" time="0.000152554">
        </testcase>
        <testcase classname="src/renderer/plugins/manifest-validator.test.ts" name="manifest-validator &gt; v0.5 permission validation &gt; 0.5 is in SUPPORTED_API_VERSIONS" time="0.000249504">
        </testcase>
        <testcase classname="src/renderer/plugins/manifest-validator.test.ts" name="manifest-validator &gt; v0.5 permission validation &gt; rejects v0.5 without permissions array" time="0.000204821">
        </testcase>
        <testcase classname="src/renderer/plugins/manifest-validator.test.ts" name="manifest-validator &gt; v0.5 permission validation &gt; accepts v0.5 with empty permissions array" time="0.000138678">
        </testcase>
        <testcase classname="src/renderer/plugins/manifest-validator.test.ts" name="manifest-validator &gt; v0.5 permission validation &gt; accepts v0.5 with valid permissions" time="0.000194372">
        </testcase>
        <testcase classname="src/renderer/plugins/manifest-validator.test.ts" name="manifest-validator &gt; v0.5 permission validation &gt; rejects unknown permission strings" time="0.000220631">
        </testcase>
        <testcase classname="src/renderer/plugins/manifest-validator.test.ts" name="manifest-validator &gt; v0.5 permission validation &gt; rejects duplicate permissions" time="0.000221593">
        </testcase>
        <testcase classname="src/renderer/plugins/manifest-validator.test.ts" name="manifest-validator &gt; v0.5 permission validation &gt; rejects non-string permission entries" time="0.000222875">
        </testcase>
        <testcase classname="src/renderer/plugins/manifest-validator.test.ts" name="manifest-validator &gt; v0.5 permission validation &gt; rejects externalRoots without files.external permission" time="0.000255826">
        </testcase>
        <testcase classname="src/renderer/plugins/manifest-validator.test.ts" name="manifest-validator &gt; v0.5 permission validation &gt; rejects files.external without externalRoots" time="0.000221492">
        </testcase>
        <testcase classname="src/renderer/plugins/manifest-validator.test.ts" name="manifest-validator &gt; v0.5 permission validation &gt; accepts files.external with valid externalRoots" time="0.000187539">
        </testcase>
        <testcase classname="src/renderer/plugins/manifest-validator.test.ts" name="manifest-validator &gt; v0.5 permission validation &gt; validates externalRoots entry shape — missing settingKey" time="0.000289439">
        </testcase>
        <testcase classname="src/renderer/plugins/manifest-validator.test.ts" name="manifest-validator &gt; v0.5 permission validation &gt; validates externalRoots entry shape — missing root" time="0.000281544">
        </testcase>
        <testcase classname="src/renderer/plugins/manifest-validator.test.ts" name="manifest-validator &gt; v0.5 permission validation &gt; validates externalRoots entry shape — empty strings" time="0.000291302">
        </testcase>
        <testcase classname="src/renderer/plugins/manifest-validator.test.ts" name="manifest-validator &gt; v0.5 permission validation &gt; rejects process permission without allowedCommands" time="0.000259813">
        </testcase>
        <testcase classname="src/renderer/plugins/manifest-validator.test.ts" name="manifest-validator &gt; v0.5 permission validation &gt; rejects allowedCommands without process permission" time="0.000241369">
        </testcase>
        <testcase classname="src/renderer/plugins/manifest-validator.test.ts" name="manifest-validator &gt; v0.5 permission validation &gt; accepts process permission with valid allowedCommands" time="0.000184985">
        </testcase>
        <testcase classname="src/renderer/plugins/manifest-validator.test.ts" name="manifest-validator &gt; v0.5 permission validation &gt; rejects allowedCommands entries with forward slash" time="0.000272026">
        </testcase>
        <testcase classname="src/renderer/plugins/manifest-validator.test.ts" name="manifest-validator &gt; v0.5 permission validation &gt; rejects allowedCommands entries with backslash" time="0.000274371">
        </testcase>
        <testcase classname="src/renderer/plugins/manifest-validator.test.ts" name="manifest-validator &gt; v0.5 permission validation &gt; rejects allowedCommands entries with dot-dot" time="0.000256227">
        </testcase>
        <testcase classname="src/renderer/plugins/manifest-validator.test.ts" name="manifest-validator &gt; v0.5 permission validation &gt; rejects empty string in allowedCommands" time="0.000265453">
        </testcase>
        <testcase classname="src/renderer/plugins/manifest-validator.test.ts" name="manifest-validator &gt; v0.5 permission validation &gt; accepts multiple valid allowedCommands" time="0.00017708">
        </testcase>
        <testcase classname="src/renderer/plugins/manifest-validator.test.ts" name="manifest-validator &gt; v0.6 API version &gt; 0.6 is in SUPPORTED_API_VERSIONS" time="0.000237582">
        </testcase>
        <testcase classname="src/renderer/plugins/manifest-validator.test.ts" name="manifest-validator &gt; v0.6 API version &gt; accepts v0.6 manifest" time="0.00017221">
        </testcase>
        <testcase classname="src/renderer/plugins/manifest-validator.test.ts" name="manifest-validator &gt; v0.6 API version &gt; v0.5 manifests still work" time="0.000195534">
        </testcase>
        <testcase classname="src/renderer/plugins/manifest-validator.test.ts" name="manifest-validator &gt; v0.6 API version &gt; accepts commands with defaultBinding on v0.6" time="0.000221592">
        </testcase>
        <testcase classname="src/renderer/plugins/manifest-validator.test.ts" name="manifest-validator &gt; v0.6 API version &gt; rejects defaultBinding on v0.5" time="0.000262428">
        </testcase>
        <testcase classname="src/renderer/plugins/manifest-validator.test.ts" name="manifest-validator &gt; v0.6 API version &gt; rejects non-string defaultBinding" time="0.000282125">
        </testcase>
        <testcase classname="src/renderer/plugins/manifest-validator.test.ts" name="manifest-validator &gt; v0.6 API version &gt; rejects non-boolean global flag" time="0.000301191">
        </testcase>
        <testcase classname="src/renderer/plugins/manifest-validator.test.ts" name="manifest-validator &gt; v0.6 API version &gt; accepts boolean global flag" time="0.000206554">
        </testcase>
        <testcase classname="src/renderer/plugins/manifest-validator.test.ts" name="manifest-validator &gt; v0.6 agent-config permissions &gt; accepts agent-config permission" time="0.000973871">
        </testcase>
        <testcase classname="src/renderer/plugins/manifest-validator.test.ts" name="manifest-validator &gt; v0.6 agent-config permissions &gt; accepts agent-config with agent-config.permissions" time="0.000229116">
        </testcase>
        <testcase classname="src/renderer/plugins/manifest-validator.test.ts" name="manifest-validator &gt; v0.6 agent-config permissions &gt; accepts agent-config with agent-config.mcp" time="0.000195984">
        </testcase>
        <testcase classname="src/renderer/plugins/manifest-validator.test.ts" name="manifest-validator &gt; v0.6 agent-config permissions &gt; rejects agent-config.permissions without base agent-config" time="0.000241479">
        </testcase>
        <testcase classname="src/renderer/plugins/manifest-validator.test.ts" name="manifest-validator &gt; v0.6 agent-config permissions &gt; rejects agent-config.mcp without base agent-config" time="0.000257499">
        </testcase>
        <testcase classname="src/renderer/plugins/manifest-validator.test.ts" name="manifest-validator &gt; v0.6 agent-config permissions &gt; accepts all agent-config permissions together" time="0.000195664">
        </testcase>
        <testcase classname="src/renderer/plugins/manifest-validator.test.ts" name="manifest-validator &gt; v0.6 agent-config permissions &gt; accepts agent-config with agent-config.cross-project" time="0.001920152">
        </testcase>
        <testcase classname="src/renderer/plugins/manifest-validator.test.ts" name="manifest-validator &gt; v0.6 agent-config permissions &gt; rejects agent-config.cross-project without base agent-config" time="0.000270062">
        </testcase>
        <testcase classname="src/renderer/plugins/manifest-validator.test.ts" name="manifest-validator &gt; v0.7 pack plugins &gt; 0.7 is in SUPPORTED_API_VERSIONS" time="0.000355501">
        </testcase>
        <testcase classname="src/renderer/plugins/manifest-validator.test.ts" name="manifest-validator &gt; v0.7 pack plugins &gt; accepts a valid pack manifest" time="0.000202787">
        </testcase>
        <testcase classname="src/renderer/plugins/manifest-validator.test.ts" name="manifest-validator &gt; v0.7 pack plugins &gt; pack plugins do not require permissions array" time="0.000337488">
        </testcase>
        <testcase classname="src/renderer/plugins/manifest-validator.test.ts" name="manifest-validator &gt; v0.7 pack plugins &gt; pack plugins do not require contributes.help" time="0.000296712">
        </testcase>
        <testcase classname="src/renderer/plugins/manifest-validator.test.ts" name="manifest-validator &gt; v0.7 pack plugins &gt; rejects pack with API &lt; 0.7" time="0.000251187">
        </testcase>
        <testcase classname="src/renderer/plugins/manifest-validator.test.ts" name="manifest-validator &gt; v0.7 pack plugins &gt; rejects pack with main entry" time="0.000243834">
        </testcase>
        <testcase classname="src/renderer/plugins/manifest-validator.test.ts" name="manifest-validator &gt; v0.7 pack plugins &gt; rejects pack with settingsPanel" time="0.000286273">
        </testcase>
        <testcase classname="src/renderer/plugins/manifest-validator.test.ts" name="manifest-validator &gt; v0.7 pack plugins &gt; rejects pack with tab contribution" time="0.000250065">
        </testcase>
        <testcase classname="src/renderer/plugins/manifest-validator.test.ts" name="manifest-validator &gt; v0.7 pack plugins &gt; rejects pack with railItem contribution" time="0.000226702">
        </testcase>
        <testcase classname="src/renderer/plugins/manifest-validator.test.ts" name="manifest-validator &gt; v0.7 pack plugins &gt; rejects pack without any pack contribution" time="0.000218978">
        </testcase>
        <testcase classname="src/renderer/plugins/manifest-validator.test.ts" name="manifest-validator &gt; v0.7 pack plugins &gt; rejects pack without contributes object" time="0.00026899">
        </testcase>
        <testcase classname="src/renderer/plugins/manifest-validator.test.ts" name="manifest-validator &gt; v0.7 pack plugins &gt; rejects invalid kind value" time="0.000248372">
        </testcase>
        <testcase classname="src/renderer/plugins/manifest-validator.test.ts" name="manifest-validator &gt; v0.7 pack plugins &gt; accepts kind: &quot;plugin&quot; explicitly" time="0.000197407">
        </testcase>
        <testcase classname="src/renderer/plugins/manifest-validator.test.ts" name="manifest-validator &gt; v0.7 contributes.themes &gt; rejects contributes.themes on API &lt; 0.7" time="0.00031176">
        </testcase>
        <testcase classname="src/renderer/plugins/manifest-validator.test.ts" name="manifest-validator &gt; v0.7 contributes.themes &gt; rejects non-array contributes.themes" time="0.000256417">
        </testcase>
        <testcase classname="src/renderer/plugins/manifest-validator.test.ts" name="manifest-validator &gt; v0.7 contributes.themes &gt; validates theme entries have required fields" time="0.00040334">
        </testcase>
        <testcase classname="src/renderer/plugins/manifest-validator.test.ts" name="manifest-validator &gt; v0.7 contributes.themes &gt; accepts valid contributes.themes" time="0.000203127">
        </testcase>
        <testcase classname="src/renderer/plugins/manifest-validator.test.ts" name="manifest-validator &gt; v0.7 contributes.themes &gt; accepts themes with optional fonts and gradients" time="0.000239175">
        </testcase>
        <testcase classname="src/renderer/plugins/manifest-validator.test.ts" name="manifest-validator &gt; v0.7 contributes.themes &gt; rejects non-object fonts" time="0.000289558">
        </testcase>
        <testcase classname="src/renderer/plugins/manifest-validator.test.ts" name="manifest-validator &gt; v0.7 contributes.themes &gt; rejects non-string fonts.ui" time="0.000288616">
        </testcase>
        <testcase classname="src/renderer/plugins/manifest-validator.test.ts" name="manifest-validator &gt; v0.7 contributes.themes &gt; rejects non-object gradients" time="0.000316779">
        </testcase>
        <testcase classname="src/renderer/plugins/manifest-validator.test.ts" name="manifest-validator &gt; v0.7 contributes.themes &gt; rejects non-string gradients.background" time="0.000278007">
        </testcase>
        <testcase classname="src/renderer/plugins/manifest-validator.test.ts" name="manifest-validator &gt; PERMISSION_HIERARCHY enforcement &gt; rejects every child permission when its parent is missing" time="0.000894554">
        </testcase>
        <testcase classname="src/renderer/plugins/manifest-validator.test.ts" name="manifest-validator &gt; PERMISSION_HIERARCHY enforcement &gt; accepts every child permission when its parent is present" time="0.001314455">
        </testcase>
        <testcase classname="src/renderer/plugins/manifest-validator.test.ts" name="manifest-validator &gt; workspace permission validation &gt; accepts workspace permission on v0.7" time="0.000234757">
        </testcase>
        <testcase classname="src/renderer/plugins/manifest-validator.test.ts" name="manifest-validator &gt; workspace permission validation &gt; rejects workspace permission on v0.6" time="0.000261376">
        </testcase>
        <testcase classname="src/renderer/plugins/manifest-validator.test.ts" name="manifest-validator &gt; workspace permission validation &gt; rejects workspace sub-permissions on v0.5" time="0.000280692">
        </testcase>
        <testcase classname="src/renderer/plugins/manifest-validator.test.ts" name="manifest-validator &gt; workspace permission validation &gt; enforces hierarchy: workspace.watch requires workspace" time="0.000288527">
        </testcase>
        <testcase classname="src/renderer/plugins/manifest-validator.test.ts" name="manifest-validator &gt; workspace permission validation &gt; enforces hierarchy: workspace.cross-project requires workspace" time="0.000255575">
        </testcase>
        <testcase classname="src/renderer/plugins/manifest-validator.test.ts" name="manifest-validator &gt; workspace permission validation &gt; accepts all workspace permissions together" time="0.000192368">
        </testcase>
        <testcase classname="src/renderer/plugins/manifest-validator.test.ts" name="manifest-validator &gt; canvasWidgets validation &gt; accepts valid canvasWidgets declaration" time="0.000198219">
        </testcase>
        <testcase classname="src/renderer/plugins/manifest-validator.test.ts" name="manifest-validator &gt; canvasWidgets validation &gt; rejects canvasWidgets with API &lt; 0.8" time="0.00027415">
        </testcase>
        <testcase classname="src/renderer/plugins/manifest-validator.test.ts" name="manifest-validator &gt; canvasWidgets validation &gt; rejects canvasWidgets without canvas permission" time="0.000274711">
        </testcase>
        <testcase classname="src/renderer/plugins/manifest-validator.test.ts" name="manifest-validator &gt; canvasWidgets validation &gt; rejects canvasWidgets that is not an array" time="0.000253712">
        </testcase>
        <testcase classname="src/renderer/plugins/manifest-validator.test.ts" name="manifest-validator &gt; canvasWidgets validation &gt; rejects widget without id" time="0.000301711">
        </testcase>
        <testcase classname="src/renderer/plugins/manifest-validator.test.ts" name="manifest-validator &gt; canvasWidgets validation &gt; rejects widget without label" time="0.000276093">
        </testcase>
        <testcase classname="src/renderer/plugins/manifest-validator.test.ts" name="manifest-validator &gt; canvasWidgets validation &gt; rejects duplicate widget IDs" time="0.000248843">
        </testcase>
        <testcase classname="src/renderer/plugins/manifest-validator.test.ts" name="manifest-validator &gt; canvasWidgets validation &gt; validates defaultSize" time="0.000250677">
        </testcase>
        <testcase classname="src/renderer/plugins/manifest-validator.test.ts" name="manifest-validator &gt; canvasWidgets validation &gt; validates metadataKeys is array of strings" time="0.000262418">
        </testcase>
        <testcase classname="src/renderer/plugins/manifest-validator.test.ts" name="manifest-validator &gt; canvasWidgets validation &gt; accepts widget with all optional fields" time="0.000236169">
        </testcase>
        <testcase classname="src/renderer/plugins/manifest-validator.test.ts" name="manifest-validator &gt; canvasWidgets validation &gt; rejects canvas permission on API &lt; 0.8" time="0.000250986">
        </testcase>
        <testcase classname="src/renderer/plugins/manifest-validator.test.ts" name="manifest-validator &gt; canvasWidgets validation &gt; accepts canvas permission on API 0.8" time="0.000166269">
        </testcase>
        <testcase classname="src/renderer/plugins/manifest-validator.test.ts" name="manifest-validator &gt; annex permission &gt; rejects annex permission on API &lt; 0.8" time="0.000223115">
        </testcase>
        <testcase classname="src/renderer/plugins/manifest-validator.test.ts" name="manifest-validator &gt; annex permission &gt; accepts annex permission on API 0.8" time="0.000197187">
        </testcase>
        <testcase classname="src/renderer/plugins/manifest-validator.test.ts" name="manifest-validator &gt; v0.8 contributes.tab.title / railItem.title &gt; accepts tab.title on v0.8 manifest" time="0.000194532">
        </testcase>
        <testcase classname="src/renderer/plugins/manifest-validator.test.ts" name="manifest-validator &gt; v0.8 contributes.tab.title / railItem.title &gt; accepts railItem.title on v0.8 app-scoped manifest" time="0.000198549">
        </testcase>
        <testcase classname="src/renderer/plugins/manifest-validator.test.ts" name="manifest-validator &gt; v0.8 contributes.tab.title / railItem.title &gt; rejects tab.title on v0.7 manifest" time="0.000246549">
        </testcase>
        <testcase classname="src/renderer/plugins/manifest-validator.test.ts" name="manifest-validator &gt; v0.8 contributes.tab.title / railItem.title &gt; rejects railItem.title on v0.7 manifest" time="0.000282336">
        </testcase>
        <testcase classname="src/renderer/plugins/manifest-validator.test.ts" name="manifest-validator &gt; v0.8 contributes.tab.title / railItem.title &gt; rejects empty string tab.title" time="0.000277416">
        </testcase>
        <testcase classname="src/renderer/plugins/manifest-validator.test.ts" name="manifest-validator &gt; v0.8 contributes.tab.title / railItem.title &gt; rejects non-string tab.title" time="0.000267868">
        </testcase>
        <testcase classname="src/renderer/plugins/manifest-validator.test.ts" name="manifest-validator &gt; v0.8 contributes.tab.title / railItem.title &gt; allows tab without title on v0.8 (title is optional)" time="0.00050521">
        </testcase>
    </testsuite>
    <testsuite name="src/renderer/plugins/plugin-api-factory.test.ts" timestamp="2026-03-25T04:47:29.868Z" hostname="runnervm46oaq" tests="394" failures="0" errors="0" skipped="0" time="0.347388244">
        <testcase classname="src/renderer/plugins/plugin-api-factory.test.ts" name="plugin-api-factory &gt; createPluginAPI &gt; returns an object with all required API namespaces" time="0.008362745">
        </testcase>
        <testcase classname="src/renderer/plugins/plugin-api-factory.test.ts" name="plugin-api-factory &gt; scope restrictions (project-scoped plugin) &gt; provides a working project API" time="0.001313132">
        </testcase>
        <testcase classname="src/renderer/plugins/plugin-api-factory.test.ts" name="plugin-api-factory &gt; scope restrictions (project-scoped plugin) &gt; provides a working git API" time="0.000972168">
        </testcase>
        <testcase classname="src/renderer/plugins/plugin-api-factory.test.ts" name="plugin-api-factory &gt; scope restrictions (project-scoped plugin) &gt; throws when calling api.projects methods on project-scoped plugin" time="0.001935419">
        </testcase>
        <testcase classname="src/renderer/plugins/plugin-api-factory.test.ts" name="plugin-api-factory &gt; scope restrictions (project-scoped plugin) &gt; does not throw on property access of unavailable API (React dev-mode safe)" time="0.001012684">
        </testcase>
        <testcase classname="src/renderer/plugins/plugin-api-factory.test.ts" name="plugin-api-factory &gt; scope restrictions (app-scoped plugin) &gt; provides a working projects API" time="0.000923417">
        </testcase>
        <testcase classname="src/renderer/plugins/plugin-api-factory.test.ts" name="plugin-api-factory &gt; scope restrictions (app-scoped plugin) &gt; throws when calling api.project methods on app-scoped plugin" time="0.000840754">
        </testcase>
        <testcase classname="src/renderer/plugins/plugin-api-factory.test.ts" name="plugin-api-factory &gt; scope restrictions (app-scoped plugin) &gt; does not throw on property access of unavailable project API (React dev-mode safe)" time="0.000818593">
        </testcase>
        <testcase classname="src/renderer/plugins/plugin-api-factory.test.ts" name="plugin-api-factory &gt; scope restrictions (app-scoped plugin) &gt; throws when calling api.git methods on app-scoped plugin" time="0.001707836">
        </testcase>
        <testcase classname="src/renderer/plugins/plugin-api-factory.test.ts" name="plugin-api-factory &gt; project API &gt; readFile calls window.clubhouse.file.read with full path" time="0.002669915">
        </testcase>
        <testcase classname="src/renderer/plugins/plugin-api-factory.test.ts" name="plugin-api-factory &gt; project API &gt; writeFile calls window.clubhouse.file.write with full path" time="0.000995251">
        </testcase>
        <testcase classname="src/renderer/plugins/plugin-api-factory.test.ts" name="plugin-api-factory &gt; project API &gt; deleteFile calls window.clubhouse.file.delete with full path" time="0.000807362">
        </testcase>
        <testcase classname="src/renderer/plugins/plugin-api-factory.test.ts" name="plugin-api-factory &gt; project API &gt; fileExists returns true when read succeeds" time="0.000760925">
        </testcase>
        <testcase classname="src/renderer/plugins/plugin-api-factory.test.ts" name="plugin-api-factory &gt; project API &gt; fileExists returns false when read throws" time="0.000795881">
        </testcase>
        <testcase classname="src/renderer/plugins/plugin-api-factory.test.ts" name="plugin-api-factory &gt; project API &gt; listDirectory maps tree nodes to DirectoryEntry" time="0.001151191">
        </testcase>
        <testcase classname="src/renderer/plugins/plugin-api-factory.test.ts" name="plugin-api-factory &gt; storage API &gt; project storage passes correct scope and projectPath" time="0.00129555">
        </testcase>
        <testcase classname="src/renderer/plugins/plugin-api-factory.test.ts" name="plugin-api-factory &gt; storage API &gt; global storage passes correct scope without projectPath" time="0.000809415">
        </testcase>
        <testcase classname="src/renderer/plugins/plugin-api-factory.test.ts" name="plugin-api-factory &gt; storage API &gt; project storage delete calls storageDelete" time="0.00245689">
        </testcase>
        <testcase classname="src/renderer/plugins/plugin-api-factory.test.ts" name="plugin-api-factory &gt; storage API &gt; global storage list calls storageList" time="0.000701625">
        </testcase>
        <testcase classname="src/renderer/plugins/plugin-api-factory.test.ts" name="plugin-api-factory &gt; storage API — projectLocal &gt; read passes scope project-local with projectPath" time="0.00079591">
        </testcase>
        <testcase classname="src/renderer/plugins/plugin-api-factory.test.ts" name="plugin-api-factory &gt; storage API — projectLocal &gt; write passes scope project-local with projectPath" time="0.000706654">
        </testcase>
        <testcase classname="src/renderer/plugins/plugin-api-factory.test.ts" name="plugin-api-factory &gt; storage API — projectLocal &gt; delete passes scope project-local" time="0.000934117">
        </testcase>
        <testcase classname="src/renderer/plugins/plugin-api-factory.test.ts" name="plugin-api-factory &gt; storage API — projectLocal &gt; list passes scope project-local" time="0.000860009">
        </testcase>
        <testcase classname="src/renderer/plugins/plugin-api-factory.test.ts" name="plugin-api-factory &gt; storage API — projectLocal &gt; projectLocal is distinct from project scope (separate IPC calls)" time="0.001047769">
        </testcase>
        <testcase classname="src/renderer/plugins/plugin-api-factory.test.ts" name="plugin-api-factory &gt; storage API — projectLocal &gt; app-scoped plugin passes undefined projectPath for projectLocal" time="0.000735459">
        </testcase>
        <testcase classname="src/renderer/plugins/plugin-api-factory.test.ts" name="plugin-api-factory &gt; commands API &gt; register prefixes command id with pluginId" time="0.000836796">
        </testcase>
        <testcase classname="src/renderer/plugins/plugin-api-factory.test.ts" name="plugin-api-factory &gt; commands API &gt; execute resolves prefixed command" time="0.000774049">
        </testcase>
        <testcase classname="src/renderer/plugins/plugin-api-factory.test.ts" name="plugin-api-factory &gt; commands API &gt; execute falls back to raw command id if prefixed not found" time="0.001886839">
        </testcase>
        <testcase classname="src/renderer/plugins/plugin-api-factory.test.ts" name="plugin-api-factory &gt; commands API &gt; register returns a disposable" time="0.00066698">
        </testcase>
        <testcase classname="src/renderer/plugins/plugin-api-factory.test.ts" name="plugin-api-factory &gt; events API &gt; on subscribes to pluginEventBus" time="0.000862284">
        </testcase>
        <testcase classname="src/renderer/plugins/plugin-api-factory.test.ts" name="plugin-api-factory &gt; events API &gt; on returns a disposable that unsubscribes" time="0.000669055">
        </testcase>
        <testcase classname="src/renderer/plugins/plugin-api-factory.test.ts" name="plugin-api-factory &gt; settings API &gt; get returns setting value for project-scoped plugin" time="0.000721261">
        </testcase>
        <testcase classname="src/renderer/plugins/plugin-api-factory.test.ts" name="plugin-api-factory &gt; settings API &gt; get returns undefined for missing key" time="0.000618039">
        </testcase>
        <testcase classname="src/renderer/plugins/plugin-api-factory.test.ts" name="plugin-api-factory &gt; settings API &gt; getAll returns all settings" time="0.000673082">
        </testcase>
        <testcase classname="src/renderer/plugins/plugin-api-factory.test.ts" name="plugin-api-factory &gt; settings API &gt; getAll returns empty object when no settings exist" time="0.000597221">
        </testcase>
        <testcase classname="src/renderer/plugins/plugin-api-factory.test.ts" name="plugin-api-factory &gt; settings API &gt; set writes a setting to the store" time="0.000741169">
        </testcase>
        <testcase classname="src/renderer/plugins/plugin-api-factory.test.ts" name="plugin-api-factory &gt; settings API &gt; set for app-scoped plugin writes to app: prefix" time="0.000625884">
        </testcase>
        <testcase classname="src/renderer/plugins/plugin-api-factory.test.ts" name="plugin-api-factory &gt; settings API &gt; set value is readable via get" time="0.000616276">
        </testcase>
        <testcase classname="src/renderer/plugins/plugin-api-factory.test.ts" name="plugin-api-factory &gt; settings API &gt; uses app: prefix for app-scoped plugins" time="0.000617328">
        </testcase>
        <testcase classname="src/renderer/plugins/plugin-api-factory.test.ts" name="plugin-api-factory &gt; settings API &gt; onChange returns a disposable" time="0.000613932">
        </testcase>
        <testcase classname="src/renderer/plugins/plugin-api-factory.test.ts" name="plugin-api-factory &gt; settings API &gt; onChange fires when a setting changes via store" time="0.000733024">
        </testcase>
        <testcase classname="src/renderer/plugins/plugin-api-factory.test.ts" name="plugin-api-factory &gt; settings API &gt; onChange fires for each changed key" time="0.000889425">
        </testcase>
        <testcase classname="src/renderer/plugins/plugin-api-factory.test.ts" name="plugin-api-factory &gt; settings API &gt; onChange does not fire for unchanged keys" time="0.000789939">
        </testcase>
        <testcase classname="src/renderer/plugins/plugin-api-factory.test.ts" name="plugin-api-factory &gt; settings API &gt; onChange multiple handlers all fire" time="0.000788306">
        </testcase>
        <testcase classname="src/renderer/plugins/plugin-api-factory.test.ts" name="plugin-api-factory &gt; settings API &gt; onChange stops firing after dispose" time="0.000744074">
        </testcase>
        <testcase classname="src/renderer/plugins/plugin-api-factory.test.ts" name="plugin-api-factory &gt; settings API &gt; store subscription is cleaned up via ctx.subscriptions" time="0.000778187">
        </testcase>
        <testcase classname="src/renderer/plugins/plugin-api-factory.test.ts" name="plugin-api-factory &gt; settings API &gt; onChange fires for app-scoped plugins" time="0.000687328">
        </testcase>
        <testcase classname="src/renderer/plugins/plugin-api-factory.test.ts" name="plugin-api-factory &gt; ui API &gt; showNotice logs to console" time="0.001060181">
        </testcase>
        <testcase classname="src/renderer/plugins/plugin-api-factory.test.ts" name="plugin-api-factory &gt; ui API &gt; showError logs to console.error" time="0.000665698">
        </testcase>
        <testcase classname="src/renderer/plugins/plugin-api-factory.test.ts" name="plugin-api-factory &gt; ui API &gt; showConfirm renders a themed dialog and returns a promise" time="0.045657915">
        </testcase>
        <testcase classname="src/renderer/plugins/plugin-api-factory.test.ts" name="plugin-api-factory &gt; ui API &gt; showConfirm registers cleanup disposable on context subscriptions" time="0.006648356">
        </testcase>
        <testcase classname="src/renderer/plugins/plugin-api-factory.test.ts" name="plugin-api-factory &gt; ui API &gt; showInput returns a promise" time="0.012572254">
        </testcase>
        <testcase classname="src/renderer/plugins/plugin-api-factory.test.ts" name="plugin-api-factory &gt; ui API &gt; showInput registers cleanup disposable on context subscriptions" time="0.005408981">
        </testcase>
        <testcase classname="src/renderer/plugins/plugin-api-factory.test.ts" name="plugin-api-factory &gt; hub API &gt; hub namespace exists" time="0.000618049">
        </testcase>
        <testcase classname="src/renderer/plugins/plugin-api-factory.test.ts" name="plugin-api-factory &gt; context &gt; reflects project mode for project-scoped plugin" time="0.000659016">
        </testcase>
        <testcase classname="src/renderer/plugins/plugin-api-factory.test.ts" name="plugin-api-factory &gt; context &gt; reflects app mode for app-scoped plugin" time="0.000637445">
        </testcase>
        <testcase classname="src/renderer/plugins/plugin-api-factory.test.ts" name="plugin-api-factory &gt; context &gt; reflects explicit mode parameter" time="0.00500449">
        </testcase>
        <testcase classname="src/renderer/plugins/plugin-api-factory.test.ts" name="plugin-api-factory &gt; context &gt; defaults to project mode for dual-scoped without explicit mode" time="0.000406276">
        </testcase>
        <testcase classname="src/renderer/plugins/plugin-api-factory.test.ts" name="plugin-api-factory &gt; context &gt; preserves projectId/projectPath in context even for dual app mode" time="0.0003925">
        </testcase>
        <testcase classname="src/renderer/plugins/plugin-api-factory.test.ts" name="plugin-api-factory &gt; context &gt; project-scoped plugin always gets project mode regardless of mode arg" time="0.000368285">
        </testcase>
        <testcase classname="src/renderer/plugins/plugin-api-factory.test.ts" name="plugin-api-factory &gt; context &gt; app-scoped plugin always gets app mode regardless of mode arg" time="0.000391458">
        </testcase>
        <testcase classname="src/renderer/plugins/plugin-api-factory.test.ts" name="plugin-api-factory &gt; dual-scoped plugin &gt; provides project API in project mode" time="0.000380487">
        </testcase>
        <testcase classname="src/renderer/plugins/plugin-api-factory.test.ts" name="plugin-api-factory &gt; dual-scoped plugin &gt; throws when calling project API methods in app mode" time="0.000534534">
        </testcase>
        <testcase classname="src/renderer/plugins/plugin-api-factory.test.ts" name="plugin-api-factory &gt; dual-scoped plugin &gt; does not throw on property access of unavailable project API in app mode" time="0.000525818">
        </testcase>
        <testcase classname="src/renderer/plugins/plugin-api-factory.test.ts" name="plugin-api-factory &gt; dual-scoped plugin &gt; provides projects API in project mode" time="0.000542368">
        </testcase>
        <testcase classname="src/renderer/plugins/plugin-api-factory.test.ts" name="plugin-api-factory &gt; dual-scoped plugin &gt; provides projects API in app mode" time="0.000479261">
        </testcase>
        <testcase classname="src/renderer/plugins/plugin-api-factory.test.ts" name="plugin-api-factory &gt; dual-scoped plugin &gt; provides git API in project mode" time="0.000463211">
        </testcase>
        <testcase classname="src/renderer/plugins/plugin-api-factory.test.ts" name="plugin-api-factory &gt; dual-scoped plugin &gt; throws when calling git API methods in app mode" time="0.000670998">
        </testcase>
        <testcase classname="src/renderer/plugins/plugin-api-factory.test.ts" name="plugin-api-factory &gt; dual-scoped plugin &gt; agents API works in both modes" time="0.000558278">
        </testcase>
        <testcase classname="src/renderer/plugins/plugin-api-factory.test.ts" name="plugin-api-factory &gt; dual-scoped plugin &gt; navigation API works in both modes" time="0.000795891">
        </testcase>
        <testcase classname="src/renderer/plugins/plugin-api-factory.test.ts" name="plugin-api-factory &gt; dual-scoped plugin &gt; storage API works in both modes" time="0.000782466">
        </testcase>
        <testcase classname="src/renderer/plugins/plugin-api-factory.test.ts" name="plugin-api-factory &gt; settings API (dual scope) &gt; uses projectId:pluginId key for dual scope with projectId" time="0.000647785">
        </testcase>
        <testcase classname="src/renderer/plugins/plugin-api-factory.test.ts" name="plugin-api-factory &gt; settings API (dual scope) &gt; uses app:pluginId key for dual scope without projectId" time="0.000685656">
        </testcase>
        <testcase classname="src/renderer/plugins/plugin-api-factory.test.ts" name="plugin-api-factory &gt; settings API (dual scope) &gt; settings getAll works for dual scope in project mode" time="0.000720049">
        </testcase>
        <testcase classname="src/renderer/plugins/plugin-api-factory.test.ts" name="plugin-api-factory &gt; settings API (dual scope) &gt; settings getAll returns empty for dual scope with no saved settings" time="0.000561194">
        </testcase>
        <testcase classname="src/renderer/plugins/plugin-api-factory.test.ts" name="plugin-api-factory &gt; settings API (dual scope) &gt; multiple onChange handlers can coexist and dispose independently" time="0.000696024">
        </testcase>
        <testcase classname="src/renderer/plugins/plugin-api-factory.test.ts" name="plugin-api-factory &gt; navigation API &gt; focusAgent sets explorer tab to agents and active agent" time="0.000791041">
        </testcase>
        <testcase classname="src/renderer/plugins/plugin-api-factory.test.ts" name="plugin-api-factory &gt; navigation API &gt; focusAgent with non-existent agent still sets state" time="0.000427505">
        </testcase>
        <testcase classname="src/renderer/plugins/plugin-api-factory.test.ts" name="plugin-api-factory &gt; navigation API &gt; focusAgent overrides any previously set tab" time="0.000439588">
        </testcase>
        <testcase classname="src/renderer/plugins/plugin-api-factory.test.ts" name="plugin-api-factory &gt; navigation API &gt; setExplorerTab sets the explorer tab" time="0.000392951">
        </testcase>
        <testcase classname="src/renderer/plugins/plugin-api-factory.test.ts" name="plugin-api-factory &gt; navigation API &gt; setExplorerTab to plugin tab works" time="0.000364307">
        </testcase>
        <testcase classname="src/renderer/plugins/plugin-api-factory.test.ts" name="plugin-api-factory &gt; navigation API &gt; calling focusAgent twice updates agent each time" time="0.000472779">
        </testcase>
        <testcase classname="src/renderer/plugins/plugin-api-factory.test.ts" name="plugin-api-factory &gt; navigation API &gt; popOutAgent calls window.createPopout with correct params" time="0.000570732">
        </testcase>
        <testcase classname="src/renderer/plugins/plugin-api-factory.test.ts" name="plugin-api-factory &gt; navigation API &gt; toggleSidebar does not throw" time="0.000792253">
        </testcase>
        <testcase classname="src/renderer/plugins/plugin-api-factory.test.ts" name="plugin-api-factory &gt; navigation API &gt; toggleAccessoryPanel does not throw" time="0.000582303">
        </testcase>
        <testcase classname="src/renderer/plugins/plugin-api-factory.test.ts" name="plugin-api-factory &gt; commands.registerWithHotkey (v0.6) &gt; registers both command and hotkey" time="0.000929238">
        </testcase>
        <testcase classname="src/renderer/plugins/plugin-api-factory.test.ts" name="plugin-api-factory &gt; commands.registerWithHotkey (v0.6) &gt; dispose removes both command and hotkey" time="0.000565893">
        </testcase>
        <testcase classname="src/renderer/plugins/plugin-api-factory.test.ts" name="plugin-api-factory &gt; commands.registerWithHotkey (v0.6) &gt; getBinding returns the current binding" time="0.000571382">
        </testcase>
        <testcase classname="src/renderer/plugins/plugin-api-factory.test.ts" name="plugin-api-factory &gt; commands.registerWithHotkey (v0.6) &gt; getBinding returns null for unknown command" time="0.000379846">
        </testcase>
        <testcase classname="src/renderer/plugins/plugin-api-factory.test.ts" name="plugin-api-factory &gt; commands.registerWithHotkey (v0.6) &gt; clearBinding removes the binding" time="0.000784589">
        </testcase>
        <testcase classname="src/renderer/plugins/plugin-api-factory.test.ts" name="plugin-api-factory &gt; agentConfig API (v0.6) &gt; skills &gt; injectSkill writes to source skills with plugin prefix" time="0.000801752">
        </testcase>
        <testcase classname="src/renderer/plugins/plugin-api-factory.test.ts" name="plugin-api-factory &gt; agentConfig API (v0.6) &gt; skills &gt; injectSkill tracks injected skills in storage" time="0.000777967">
        </testcase>
        <testcase classname="src/renderer/plugins/plugin-api-factory.test.ts" name="plugin-api-factory &gt; agentConfig API (v0.6) &gt; skills &gt; removeSkill deletes the source skill" time="0.000470415">
        </testcase>
        <testcase classname="src/renderer/plugins/plugin-api-factory.test.ts" name="plugin-api-factory &gt; agentConfig API (v0.6) &gt; skills &gt; listInjectedSkills returns names without prefix" time="0.000478741">
        </testcase>
        <testcase classname="src/renderer/plugins/plugin-api-factory.test.ts" name="plugin-api-factory &gt; agentConfig API (v0.6) &gt; agent templates &gt; injectAgentTemplate writes to source agent templates" time="0.000462761">
        </testcase>
        <testcase classname="src/renderer/plugins/plugin-api-factory.test.ts" name="plugin-api-factory &gt; agentConfig API (v0.6) &gt; agent templates &gt; removeAgentTemplate deletes the source agent template" time="0.000477077">
        </testcase>
        <testcase classname="src/renderer/plugins/plugin-api-factory.test.ts" name="plugin-api-factory &gt; agentConfig API (v0.6) &gt; instructions &gt; appendInstructions adds plugin block with markers" time="0.00102717">
        </testcase>
        <testcase classname="src/renderer/plugins/plugin-api-factory.test.ts" name="plugin-api-factory &gt; agentConfig API (v0.6) &gt; instructions &gt; appendInstructions replaces existing plugin block" time="0.000493739">
        </testcase>
        <testcase classname="src/renderer/plugins/plugin-api-factory.test.ts" name="plugin-api-factory &gt; agentConfig API (v0.6) &gt; instructions &gt; removeInstructionAppend removes the plugin block" time="0.000517453">
        </testcase>
        <testcase classname="src/renderer/plugins/plugin-api-factory.test.ts" name="plugin-api-factory &gt; agentConfig API (v0.6) &gt; instructions &gt; getInstructionAppend returns the appended content" time="0.000483489">
        </testcase>
        <testcase classname="src/renderer/plugins/plugin-api-factory.test.ts" name="plugin-api-factory &gt; agentConfig API (v0.6) &gt; instructions &gt; getInstructionAppend returns null when no block exists" time="0.000442603">
        </testcase>
        <testcase classname="src/renderer/plugins/plugin-api-factory.test.ts" name="plugin-api-factory &gt; agentConfig API (v0.6) &gt; permissions (elevated) &gt; addPermissionAllowRules tags rules with plugin id" time="0.00088225">
        </testcase>
        <testcase classname="src/renderer/plugins/plugin-api-factory.test.ts" name="plugin-api-factory &gt; agentConfig API (v0.6) &gt; permissions (elevated) &gt; addPermissionDenyRules tags rules with plugin id" time="0.000641954">
        </testcase>
        <testcase classname="src/renderer/plugins/plugin-api-factory.test.ts" name="plugin-api-factory &gt; agentConfig API (v0.6) &gt; permissions (elevated) &gt; removePermissionRules removes only tagged rules" time="0.000562796">
        </testcase>
        <testcase classname="src/renderer/plugins/plugin-api-factory.test.ts" name="plugin-api-factory &gt; agentConfig API (v0.6) &gt; permissions (elevated) &gt; getPermissionRules returns only tagged rules" time="0.000523303">
        </testcase>
        <testcase classname="src/renderer/plugins/plugin-api-factory.test.ts" name="plugin-api-factory &gt; agentConfig API (v0.6) &gt; permissions (elevated) &gt; permission methods denied without agent-config.permissions" time="0.001496754">
        </testcase>
        <testcase classname="src/renderer/plugins/plugin-api-factory.test.ts" name="plugin-api-factory &gt; agentConfig API (v0.6) &gt; MCP (elevated) &gt; injectMcpServers merges into project defaults mcpJson" time="0.000628469">
        </testcase>
        <testcase classname="src/renderer/plugins/plugin-api-factory.test.ts" name="plugin-api-factory &gt; agentConfig API (v0.6) &gt; MCP (elevated) &gt; removeMcpServers removes only plugin-prefixed servers" time="0.000572064">
        </testcase>
        <testcase classname="src/renderer/plugins/plugin-api-factory.test.ts" name="plugin-api-factory &gt; agentConfig API (v0.6) &gt; MCP (elevated) &gt; getInjectedMcpServers returns stored data" time="0.000461799">
        </testcase>
        <testcase classname="src/renderer/plugins/plugin-api-factory.test.ts" name="plugin-api-factory &gt; agentConfig API (v0.6) &gt; MCP (elevated) &gt; MCP methods denied without agent-config.mcp" time="0.000569128">
        </testcase>
        <testcase classname="src/renderer/plugins/plugin-api-factory.test.ts" name="plugin-api-factory &gt; agentConfig API (v0.6) &gt; scope gating &gt; agentConfig unavailable for app-scoped plugins without cross-project" time="0.000530657">
        </testcase>
        <testcase classname="src/renderer/plugins/plugin-api-factory.test.ts" name="plugin-api-factory &gt; agentConfig API (v0.6) &gt; cross-project (agent-config.cross-project) &gt; injectSkill targets another project when opts.projectId is provided" time="0.000831156">
        </testcase>
        <testcase classname="src/renderer/plugins/plugin-api-factory.test.ts" name="plugin-api-factory &gt; agentConfig API (v0.6) &gt; cross-project (agent-config.cross-project) &gt; injectSkill defaults to current project when no opts" time="0.000651963">
        </testcase>
        <testcase classname="src/renderer/plugins/plugin-api-factory.test.ts" name="plugin-api-factory &gt; agentConfig API (v0.6) &gt; cross-project (agent-config.cross-project) &gt; appendInstructions targets another project" time="0.000901277">
        </testcase>
        <testcase classname="src/renderer/plugins/plugin-api-factory.test.ts" name="plugin-api-factory &gt; agentConfig API (v0.6) &gt; cross-project (agent-config.cross-project) &gt; removeSkill targets another project" time="0.000668914">
        </testcase>
        <testcase classname="src/renderer/plugins/plugin-api-factory.test.ts" name="plugin-api-factory &gt; agentConfig API (v0.6) &gt; cross-project (agent-config.cross-project) &gt; addPermissionAllowRules targets another project" time="0.000918869">
        </testcase>
        <testcase classname="src/renderer/plugins/plugin-api-factory.test.ts" name="plugin-api-factory &gt; agentConfig API (v0.6) &gt; cross-project (agent-config.cross-project) &gt; rejects cross-project without agent-config.cross-project permission" time="0.00070983">
        </testcase>
        <testcase classname="src/renderer/plugins/plugin-api-factory.test.ts" name="plugin-api-factory &gt; agentConfig API (v0.6) &gt; cross-project (agent-config.cross-project) &gt; rejects when target project does not have the plugin enabled (bilateral consent)" time="0.000878133">
        </testcase>
        <testcase classname="src/renderer/plugins/plugin-api-factory.test.ts" name="plugin-api-factory &gt; agentConfig API (v0.6) &gt; cross-project (agent-config.cross-project) &gt; app-enabled plugins bypass project-level bilateral consent check" time="0.000749795">
        </testcase>
        <testcase classname="src/renderer/plugins/plugin-api-factory.test.ts" name="plugin-api-factory &gt; agentConfig API (v0.6) &gt; cross-project (agent-config.cross-project) &gt; rejects when target project does not exist" time="0.0007901">
        </testcase>
        <testcase classname="src/renderer/plugins/plugin-api-factory.test.ts" name="plugin-api-factory &gt; agentConfig API (v0.6) &gt; cross-project (agent-config.cross-project) &gt; works from app-mode dual-scope plugin with cross-project permission" time="0.000762729">
        </testcase>
        <testcase classname="src/renderer/plugins/plugin-api-factory.test.ts" name="plugin-api-factory &gt; agentConfig API (v0.6) &gt; cross-project (agent-config.cross-project) &gt; app-mode without projectId throws helpful error" time="0.000714329">
        </testcase>
        <testcase classname="src/renderer/plugins/plugin-api-factory.test.ts" name="plugin-api-factory &gt; agentConfig API (v0.6) &gt; cross-project (agent-config.cross-project) &gt; storage operations use the target project path" time="0.001009718">
        </testcase>
        <testcase classname="src/renderer/plugins/plugin-api-factory.test.ts" name="plugin-api-factory &gt; widgets API &gt; provides all four widget component types" time="0.00063468">
        </testcase>
        <testcase classname="src/renderer/plugins/plugin-api-factory.test.ts" name="plugin-api-factory &gt; widgets API &gt; widget components are callable functions (stubs in test)" time="0.000598413">
        </testcase>
        <testcase classname="src/renderer/plugins/plugin-api-factory.test.ts" name="plugin-api-factory &gt; widgets API &gt; widgets are cached across multiple createPluginAPI calls" time="0.000722313">
        </testcase>
        <testcase classname="src/renderer/plugins/plugin-api-factory.test.ts" name="plugin-api-factory &gt; widgets API &gt; widgets object is same reference across calls (cached)" time="0.000700062">
        </testcase>
        <testcase classname="src/renderer/plugins/plugin-api-factory.test.ts" name="plugin-api-factory &gt; agents API (enriched) &gt; list() &gt; returns enriched agent info with all fields" time="0.000962501">
        </testcase>
        <testcase classname="src/renderer/plugins/plugin-api-factory.test.ts" name="plugin-api-factory &gt; agents API (enriched) &gt; list() &gt; includes pluginMetadata when present on agent" time="0.000797444">
        </testcase>
        <testcase classname="src/renderer/plugins/plugin-api-factory.test.ts" name="plugin-api-factory &gt; agents API (enriched) &gt; list() &gt; includes parentAgentId for child agents" time="0.000635883">
        </testcase>
        <testcase classname="src/renderer/plugins/plugin-api-factory.test.ts" name="plugin-api-factory &gt; agents API (enriched) &gt; list() &gt; filters agents by project context" time="0.000672291">
        </testcase>
        <testcase classname="src/renderer/plugins/plugin-api-factory.test.ts" name="plugin-api-factory &gt; agents API (enriched) &gt; list() &gt; lists all agents when no projectId in context" time="0.000992236">
        </testcase>
        <testcase classname="src/renderer/plugins/plugin-api-factory.test.ts" name="plugin-api-factory &gt; agents API (enriched) &gt; list() &gt; returns empty array when no agents exist" time="0.000648907">
        </testcase>
        <testcase classname="src/renderer/plugins/plugin-api-factory.test.ts" name="plugin-api-factory &gt; agents API (enriched) &gt; list() &gt; includes worktreePath when present on store agent" time="0.000703679">
        </testcase>
        <testcase classname="src/renderer/plugins/plugin-api-factory.test.ts" name="plugin-api-factory &gt; agents API (enriched) &gt; list() &gt; returns worktreePath as undefined when not set on store agent" time="0.000644559">
        </testcase>
        <testcase classname="src/renderer/plugins/plugin-api-factory.test.ts" name="plugin-api-factory &gt; agents API (enriched) &gt; kill() &gt; kills an agent by resolving its project path" time="0.000989651">
        </testcase>
        <testcase classname="src/renderer/plugins/plugin-api-factory.test.ts" name="plugin-api-factory &gt; agents API (enriched) &gt; kill() &gt; does nothing when agent does not exist" time="0.000771936">
        </testcase>
        <testcase classname="src/renderer/plugins/plugin-api-factory.test.ts" name="plugin-api-factory &gt; agents API (enriched) &gt; kill() &gt; passes undefined projectPath when project not found" time="0.000843739">
        </testcase>
        <testcase classname="src/renderer/plugins/plugin-api-factory.test.ts" name="plugin-api-factory &gt; agents API (enriched) &gt; resume() &gt; throws when agent does not exist" time="0.0008171">
        </testcase>
        <testcase classname="src/renderer/plugins/plugin-api-factory.test.ts" name="plugin-api-factory &gt; agents API (enriched) &gt; resume() &gt; throws when agent is a quick agent" time="0.00189218">
        </testcase>
        <testcase classname="src/renderer/plugins/plugin-api-factory.test.ts" name="plugin-api-factory &gt; agents API (enriched) &gt; resume() &gt; throws when project not found for agent" time="0.000625292">
        </testcase>
        <testcase classname="src/renderer/plugins/plugin-api-factory.test.ts" name="plugin-api-factory &gt; agents API (enriched) &gt; resume() &gt; throws when durable config not found" time="0.000609814">
        </testcase>
        <testcase classname="src/renderer/plugins/plugin-api-factory.test.ts" name="plugin-api-factory &gt; agents API (enriched) &gt; resume() &gt; calls spawnDurableAgent with correct config when found" time="0.000643376">
        </testcase>
        <testcase classname="src/renderer/plugins/plugin-api-factory.test.ts" name="plugin-api-factory &gt; agents API (enriched) &gt; listCompleted() &gt; returns completed agents for context project" time="0.000648617">
        </testcase>
        <testcase classname="src/renderer/plugins/plugin-api-factory.test.ts" name="plugin-api-factory &gt; agents API (enriched) &gt; listCompleted() &gt; returns empty when no project context" time="0.000448285">
        </testcase>
        <testcase classname="src/renderer/plugins/plugin-api-factory.test.ts" name="plugin-api-factory &gt; agents API (enriched) &gt; listCompleted() &gt; accepts explicit projectId to override context" time="0.000491123">
        </testcase>
        <testcase classname="src/renderer/plugins/plugin-api-factory.test.ts" name="plugin-api-factory &gt; agents API (enriched) &gt; listCompleted() &gt; returns empty for project with no completed agents" time="0.000431252">
        </testcase>
        <testcase classname="src/renderer/plugins/plugin-api-factory.test.ts" name="plugin-api-factory &gt; agents API (enriched) &gt; listCompleted() &gt; preserves parentAgentId in completed agents" time="0.000411806">
        </testcase>
        <testcase classname="src/renderer/plugins/plugin-api-factory.test.ts" name="plugin-api-factory &gt; agents API (enriched) &gt; listCompleted() &gt; returns multiple completed agents in order" time="0.000542109">
        </testcase>
        <testcase classname="src/renderer/plugins/plugin-api-factory.test.ts" name="plugin-api-factory &gt; agents API (enriched) &gt; listCompleted() &gt; includes pluginMetadata in completed agents" time="0.000438065">
        </testcase>
        <testcase classname="src/renderer/plugins/plugin-api-factory.test.ts" name="plugin-api-factory &gt; agents API (enriched) &gt; dismissCompleted() &gt; delegates to quick agent store" time="0.000634851">
        </testcase>
        <testcase classname="src/renderer/plugins/plugin-api-factory.test.ts" name="plugin-api-factory &gt; agents API (enriched) &gt; dismissCompleted() &gt; does not throw for non-existent agent" time="0.000505761">
        </testcase>
        <testcase classname="src/renderer/plugins/plugin-api-factory.test.ts" name="plugin-api-factory &gt; agents API (enriched) &gt; getDetailedStatus() &gt; returns full status for agent with detailed status" time="0.000470615">
        </testcase>
        <testcase classname="src/renderer/plugins/plugin-api-factory.test.ts" name="plugin-api-factory &gt; agents API (enriched) &gt; getDetailedStatus() &gt; returns null for agent without detailed status" time="0.000381891">
        </testcase>
        <testcase classname="src/renderer/plugins/plugin-api-factory.test.ts" name="plugin-api-factory &gt; agents API (enriched) &gt; getDetailedStatus() &gt; returns null for completely unknown agent" time="0.000381771">
        </testcase>
        <testcase classname="src/renderer/plugins/plugin-api-factory.test.ts" name="plugin-api-factory &gt; agents API (enriched) &gt; getDetailedStatus() &gt; omits timestamp from returned status (not in plugin type)" time="0.00081148">
        </testcase>
        <testcase classname="src/renderer/plugins/plugin-api-factory.test.ts" name="plugin-api-factory &gt; agents API (enriched) &gt; getDetailedStatus() &gt; returns status without toolName when none set" time="0.000518435">
        </testcase>
        <testcase classname="src/renderer/plugins/plugin-api-factory.test.ts" name="plugin-api-factory &gt; agents API (enriched) &gt; getDetailedStatus() &gt; returns needs_permission state" time="0.000443385">
        </testcase>
        <testcase classname="src/renderer/plugins/plugin-api-factory.test.ts" name="plugin-api-factory &gt; agents API (enriched) &gt; getDetailedStatus() &gt; returns tool_error state" time="0.000431292">
        </testcase>
        <testcase classname="src/renderer/plugins/plugin-api-factory.test.ts" name="plugin-api-factory &gt; agents API (enriched) &gt; onStatusChange() &gt; fires callback on agent status transition" time="0.000657593">
        </testcase>
        <testcase classname="src/renderer/plugins/plugin-api-factory.test.ts" name="plugin-api-factory &gt; agents API (enriched) &gt; onStatusChange() &gt; fires for each agent that changes in a single update" time="0.001108943">
        </testcase>
        <testcase classname="src/renderer/plugins/plugin-api-factory.test.ts" name="plugin-api-factory &gt; agents API (enriched) &gt; onStatusChange() &gt; does not fire for unchanged statuses" time="0.00052717">
        </testcase>
        <testcase classname="src/renderer/plugins/plugin-api-factory.test.ts" name="plugin-api-factory &gt; agents API (enriched) &gt; onStatusChange() &gt; does not fire for new agents (no previous status)" time="0.000487777">
        </testcase>
        <testcase classname="src/renderer/plugins/plugin-api-factory.test.ts" name="plugin-api-factory &gt; agents API (enriched) &gt; onStatusChange() &gt; fires for sequential status changes" time="0.000659948">
        </testcase>
        <testcase classname="src/renderer/plugins/plugin-api-factory.test.ts" name="plugin-api-factory &gt; agents API (enriched) &gt; onStatusChange() &gt; dispose prevents further callbacks" time="0.000549322">
        </testcase>
        <testcase classname="src/renderer/plugins/plugin-api-factory.test.ts" name="plugin-api-factory &gt; agents API (enriched) &gt; onStatusChange() &gt; returns a valid Disposable with dispose function" time="0.000445659">
        </testcase>
        <testcase classname="src/renderer/plugins/plugin-api-factory.test.ts" name="plugin-api-factory &gt; agents API (enriched) &gt; onStatusChange() &gt; double dispose does not throw" time="0.000502424">
        </testcase>
        <testcase classname="src/renderer/plugins/plugin-api-factory.test.ts" name="plugin-api-factory &gt; agents API (enriched) &gt; onStatusChange() &gt; multiple subscriptions fire independently" time="0.000662563">
        </testcase>
        <testcase classname="src/renderer/plugins/plugin-api-factory.test.ts" name="plugin-api-factory &gt; agents API (enriched) &gt; getModelOptions() &gt; returns 4 default options when no project context" time="0.000650771">
        </testcase>
        <testcase classname="src/renderer/plugins/plugin-api-factory.test.ts" name="plugin-api-factory &gt; agents API (enriched) &gt; getModelOptions() &gt; calls IPC with resolved project path" time="0.000592442">
        </testcase>
        <testcase classname="src/renderer/plugins/plugin-api-factory.test.ts" name="plugin-api-factory &gt; agents API (enriched) &gt; getModelOptions() &gt; uses explicit projectId over context" time="0.000667862">
        </testcase>
        <testcase classname="src/renderer/plugins/plugin-api-factory.test.ts" name="plugin-api-factory &gt; agents API (enriched) &gt; getModelOptions() &gt; returns defaults on throw" time="0.000791823">
        </testcase>
        <testcase classname="src/renderer/plugins/plugin-api-factory.test.ts" name="plugin-api-factory &gt; agents API (enriched) &gt; getModelOptions() &gt; returns defaults on empty array" time="0.000734195">
        </testcase>
        <testcase classname="src/renderer/plugins/plugin-api-factory.test.ts" name="plugin-api-factory &gt; agents API (enriched) &gt; getModelOptions() &gt; returns defaults on non-array" time="0.000636244">
        </testcase>
        <testcase classname="src/renderer/plugins/plugin-api-factory.test.ts" name="plugin-api-factory &gt; agents API (enriched) &gt; getModelOptions() &gt; returns defaults when project not found" time="0.000616927">
        </testcase>
        <testcase classname="src/renderer/plugins/plugin-api-factory.test.ts" name="plugin-api-factory &gt; agents API (enriched) &gt; onAnyChange() &gt; fires on any store change (not just status)" time="0.000775281">
        </testcase>
        <testcase classname="src/renderer/plugins/plugin-api-factory.test.ts" name="plugin-api-factory &gt; agents API (enriched) &gt; onAnyChange() &gt; fires on agent added" time="0.000518745">
        </testcase>
        <testcase classname="src/renderer/plugins/plugin-api-factory.test.ts" name="plugin-api-factory &gt; agents API (enriched) &gt; onAnyChange() &gt; fires on agent removed" time="0.000554451">
        </testcase>
        <testcase classname="src/renderer/plugins/plugin-api-factory.test.ts" name="plugin-api-factory &gt; agents API (enriched) &gt; onAnyChange() &gt; fires on detailedStatus change" time="0.000487607">
        </testcase>
        <testcase classname="src/renderer/plugins/plugin-api-factory.test.ts" name="plugin-api-factory &gt; agents API (enriched) &gt; onAnyChange() &gt; dispose stops callbacks" time="0.000563167">
        </testcase>
        <testcase classname="src/renderer/plugins/plugin-api-factory.test.ts" name="plugin-api-factory &gt; agents API (enriched) &gt; onAnyChange() &gt; double dispose is safe" time="0.000488058">
        </testcase>
        <testcase classname="src/renderer/plugins/plugin-api-factory.test.ts" name="plugin-api-factory &gt; agents API (enriched) &gt; onAnyChange() &gt; multiple independent subscriptions" time="0.000643777">
        </testcase>
        <testcase classname="src/renderer/plugins/plugin-api-factory.test.ts" name="plugin-api-factory &gt; agents API (enriched) &gt; terminal API &gt; provides all terminal API methods" time="0.000598303">
        </testcase>
        <testcase classname="src/renderer/plugins/plugin-api-factory.test.ts" name="plugin-api-factory &gt; agents API (enriched) &gt; terminal API &gt; terminal API is available for project-scoped plugins" time="0.000584167">
        </testcase>
        <testcase classname="src/renderer/plugins/plugin-api-factory.test.ts" name="plugin-api-factory &gt; agents API (enriched) &gt; terminal API &gt; terminal API is available for app-scoped plugins" time="0.000609093">
        </testcase>
        <testcase classname="src/renderer/plugins/plugin-api-factory.test.ts" name="plugin-api-factory &gt; agents API (enriched) &gt; terminal API &gt; terminal API is available for dual-scoped plugins in project mode" time="0.000588445">
        </testcase>
        <testcase classname="src/renderer/plugins/plugin-api-factory.test.ts" name="plugin-api-factory &gt; agents API (enriched) &gt; terminal API &gt; terminal API is available for dual-scoped plugins in app mode" time="0.000560713">
        </testcase>
        <testcase classname="src/renderer/plugins/plugin-api-factory.test.ts" name="plugin-api-factory &gt; agents API (enriched) &gt; terminal API &gt; spawn() &gt; namespaces session ID with plugin prefix" time="0.000563528">
        </testcase>
        <testcase classname="src/renderer/plugins/plugin-api-factory.test.ts" name="plugin-api-factory &gt; agents API (enriched) &gt; terminal API &gt; spawn() &gt; uses explicit cwd when provided" time="0.000484932">
        </testcase>
        <testcase classname="src/renderer/plugins/plugin-api-factory.test.ts" name="plugin-api-factory &gt; agents API (enriched) &gt; terminal API &gt; spawn() &gt; falls back to ctx.projectPath when cwd is omitted" time="0.000480133">
        </testcase>
        <testcase classname="src/renderer/plugins/plugin-api-factory.test.ts" name="plugin-api-factory &gt; agents API (enriched) &gt; terminal API &gt; spawn() &gt; explicit cwd overrides project context" time="0.000707796">
        </testcase>
        <testcase classname="src/renderer/plugins/plugin-api-factory.test.ts" name="plugin-api-factory &gt; agents API (enriched) &gt; terminal API &gt; spawn() &gt; throws without cwd and without project context" time="0.000751458">
        </testcase>
        <testcase classname="src/renderer/plugins/plugin-api-factory.test.ts" name="plugin-api-factory &gt; agents API (enriched) &gt; terminal API &gt; spawn() &gt; app-scoped plugin can spawn with explicit cwd" time="0.000648517">
        </testcase>
        <testcase classname="src/renderer/plugins/plugin-api-factory.test.ts" name="plugin-api-factory &gt; agents API (enriched) &gt; terminal API &gt; spawn() &gt; returns a Promise&lt;void&gt;" time="0.000445148">
        </testcase>
        <testcase classname="src/renderer/plugins/plugin-api-factory.test.ts" name="plugin-api-factory &gt; agents API (enriched) &gt; terminal API &gt; spawn() &gt; propagates PTY spawn errors" time="0.000571934">
        </testcase>
        <testcase classname="src/renderer/plugins/plugin-api-factory.test.ts" name="plugin-api-factory &gt; agents API (enriched) &gt; terminal API &gt; spawn() &gt; can spawn multiple distinct sessions" time="0.000592261">
        </testcase>
        <testcase classname="src/renderer/plugins/plugin-api-factory.test.ts" name="plugin-api-factory &gt; agents API (enriched) &gt; terminal API &gt; spawn() &gt; spawning same session ID twice calls PTY twice (API does not deduplicate)" time="0.000476948">
        </testcase>
        <testcase classname="src/renderer/plugins/plugin-api-factory.test.ts" name="plugin-api-factory &gt; agents API (enriched) &gt; terminal API &gt; spawn() &gt; preserves special characters in session IDs" time="0.000481747">
        </testcase>
        <testcase classname="src/renderer/plugins/plugin-api-factory.test.ts" name="plugin-api-factory &gt; agents API (enriched) &gt; terminal API &gt; spawn() &gt; empty session ID is valid" time="0.00051071">
        </testcase>
        <testcase classname="src/renderer/plugins/plugin-api-factory.test.ts" name="plugin-api-factory &gt; agents API (enriched) &gt; terminal API &gt; write() &gt; namespaces session ID" time="0.000484681">
        </testcase>
        <testcase classname="src/renderer/plugins/plugin-api-factory.test.ts" name="plugin-api-factory &gt; agents API (enriched) &gt; terminal API &gt; write() &gt; passes data through unmodified" time="0.000535146">
        </testcase>
        <testcase classname="src/renderer/plugins/plugin-api-factory.test.ts" name="plugin-api-factory &gt; agents API (enriched) &gt; terminal API &gt; write() &gt; handles empty string data" time="0.000450478">
        </testcase>
        <testcase classname="src/renderer/plugins/plugin-api-factory.test.ts" name="plugin-api-factory &gt; agents API (enriched) &gt; terminal API &gt; write() &gt; is synchronous (returns void)" time="0.000474683">
        </testcase>
        <testcase classname="src/renderer/plugins/plugin-api-factory.test.ts" name="plugin-api-factory &gt; agents API (enriched) &gt; terminal API &gt; resize() &gt; namespaces session ID" time="0.000477128">
        </testcase>
        <testcase classname="src/renderer/plugins/plugin-api-factory.test.ts" name="plugin-api-factory &gt; agents API (enriched) &gt; terminal API &gt; resize() &gt; passes cols and rows through" time="0.000554341">
        </testcase>
        <testcase classname="src/renderer/plugins/plugin-api-factory.test.ts" name="plugin-api-factory &gt; agents API (enriched) &gt; terminal API &gt; resize() &gt; is synchronous (returns void)" time="0.000430461">
        </testcase>
        <testcase classname="src/renderer/plugins/plugin-api-factory.test.ts" name="plugin-api-factory &gt; agents API (enriched) &gt; terminal API &gt; kill() &gt; namespaces session ID" time="0.001585408">
        </testcase>
        <testcase classname="src/renderer/plugins/plugin-api-factory.test.ts" name="plugin-api-factory &gt; agents API (enriched) &gt; terminal API &gt; kill() &gt; returns a Promise&lt;void&gt;" time="0.000456509">
        </testcase>
        <testcase classname="src/renderer/plugins/plugin-api-factory.test.ts" name="plugin-api-factory &gt; agents API (enriched) &gt; terminal API &gt; kill() &gt; propagates PTY kill errors" time="0.00058573">
        </testcase>
        <testcase classname="src/renderer/plugins/plugin-api-factory.test.ts" name="plugin-api-factory &gt; agents API (enriched) &gt; terminal API &gt; kill() &gt; killing unknown session does not throw (PTY manager handles gracefully)" time="0.00069935">
        </testcase>
        <testcase classname="src/renderer/plugins/plugin-api-factory.test.ts" name="plugin-api-factory &gt; agents API (enriched) &gt; terminal API &gt; getBuffer() &gt; namespaces session ID" time="0.000509337">
        </testcase>
        <testcase classname="src/renderer/plugins/plugin-api-factory.test.ts" name="plugin-api-factory &gt; agents API (enriched) &gt; terminal API &gt; getBuffer() &gt; returns buffer content from PTY" time="0.000490723">
        </testcase>
        <testcase classname="src/renderer/plugins/plugin-api-factory.test.ts" name="plugin-api-factory &gt; agents API (enriched) &gt; terminal API &gt; getBuffer() &gt; returns empty string for sessions with no output" time="0.000443214">
        </testcase>
        <testcase classname="src/renderer/plugins/plugin-api-factory.test.ts" name="plugin-api-factory &gt; agents API (enriched) &gt; terminal API &gt; getBuffer() &gt; returns empty string for non-existent sessions" time="0.000454646">
        </testcase>
        <testcase classname="src/renderer/plugins/plugin-api-factory.test.ts" name="plugin-api-factory &gt; agents API (enriched) &gt; terminal API &gt; getBuffer() &gt; returns a Promise&lt;string&gt;" time="0.000457271">
        </testcase>
        <testcase classname="src/renderer/plugins/plugin-api-factory.test.ts" name="plugin-api-factory &gt; agents API (enriched) &gt; terminal API &gt; onData() &gt; returns a Disposable with dispose()" time="0.00052669">
        </testcase>
        <testcase classname="src/renderer/plugins/plugin-api-factory.test.ts" name="plugin-api-factory &gt; agents API (enriched) &gt; terminal API &gt; onData() &gt; registers a listener on the PTY bridge" time="0.000505451">
        </testcase>
        <testcase classname="src/renderer/plugins/plugin-api-factory.test.ts" name="plugin-api-factory &gt; agents API (enriched) &gt; terminal API &gt; onData() &gt; filters PTY data events by namespaced session ID" time="0.000699221">
        </testcase>
        <testcase classname="src/renderer/plugins/plugin-api-factory.test.ts" name="plugin-api-factory &gt; agents API (enriched) &gt; terminal API &gt; onData() &gt; multiple onData calls register separate listeners" time="0.000619322">
        </testcase>
        <testcase classname="src/renderer/plugins/plugin-api-factory.test.ts" name="plugin-api-factory &gt; agents API (enriched) &gt; terminal API &gt; onData() &gt; dispose calls the PTY cleanup function" time="0.000676919">
        </testcase>
        <testcase classname="src/renderer/plugins/plugin-api-factory.test.ts" name="plugin-api-factory &gt; agents API (enriched) &gt; terminal API &gt; onData() &gt; onData for same session with different callbacks both fire" time="0.000707987">
        </testcase>
        <testcase classname="src/renderer/plugins/plugin-api-factory.test.ts" name="plugin-api-factory &gt; agents API (enriched) &gt; terminal API &gt; onExit() &gt; returns a Disposable with dispose()" time="0.000497355">
        </testcase>
        <testcase classname="src/renderer/plugins/plugin-api-factory.test.ts" name="plugin-api-factory &gt; agents API (enriched) &gt; terminal API &gt; onExit() &gt; registers a listener on the PTY bridge" time="0.000598593">
        </testcase>
        <testcase classname="src/renderer/plugins/plugin-api-factory.test.ts" name="plugin-api-factory &gt; agents API (enriched) &gt; terminal API &gt; onExit() &gt; filters PTY exit events by namespaced session ID" time="0.000627347">
        </testcase>
        <testcase classname="src/renderer/plugins/plugin-api-factory.test.ts" name="plugin-api-factory &gt; agents API (enriched) &gt; terminal API &gt; onExit() &gt; passes exit code through to callback" time="0.000745386">
        </testcase>
        <testcase classname="src/renderer/plugins/plugin-api-factory.test.ts" name="plugin-api-factory &gt; agents API (enriched) &gt; terminal API &gt; onExit() &gt; dispose calls the PTY cleanup function" time="0.000733334">
        </testcase>
        <testcase classname="src/renderer/plugins/plugin-api-factory.test.ts" name="plugin-api-factory &gt; agents API (enriched) &gt; terminal API &gt; ShellTerminal widget &gt; is a function (React component)" time="0.000619602">
        </testcase>
        <testcase classname="src/renderer/plugins/plugin-api-factory.test.ts" name="plugin-api-factory &gt; agents API (enriched) &gt; terminal API &gt; ShellTerminal widget &gt; each plugin gets its own ShellTerminal instance (not shared)" time="0.000786613">
        </testcase>
        <testcase classname="src/renderer/plugins/plugin-api-factory.test.ts" name="plugin-api-factory &gt; agents API (enriched) &gt; terminal API &gt; ShellTerminal widget &gt; terminal API is a fresh instance per createPluginAPI call" time="0.000642385">
        </testcase>
        <testcase classname="src/renderer/plugins/plugin-api-factory.test.ts" name="plugin-api-factory &gt; agents API (enriched) &gt; terminal API &gt; namespace isolation &gt; different plugins get different namespaces" time="0.00075292">
        </testcase>
        <testcase classname="src/renderer/plugins/plugin-api-factory.test.ts" name="plugin-api-factory &gt; agents API (enriched) &gt; terminal API &gt; namespace isolation &gt; plugin cannot write to another plugin session via write()" time="0.000504439">
        </testcase>
        <testcase classname="src/renderer/plugins/plugin-api-factory.test.ts" name="plugin-api-factory &gt; agents API (enriched) &gt; terminal API &gt; namespace isolation &gt; plugin cannot kill another plugin session via kill()" time="0.000527751">
        </testcase>
        <testcase classname="src/renderer/plugins/plugin-api-factory.test.ts" name="plugin-api-factory &gt; agents API (enriched) &gt; terminal API &gt; namespace isolation &gt; plugin cannot read another plugin buffer via getBuffer()" time="0.000511171">
        </testcase>
        <testcase classname="src/renderer/plugins/plugin-api-factory.test.ts" name="plugin-api-factory &gt; agents API (enriched) &gt; terminal API &gt; namespace isolation &gt; plugin cannot intercept agent PTY sessions" time="0.000533894">
        </testcase>
        <testcase classname="src/renderer/plugins/plugin-api-factory.test.ts" name="plugin-api-factory &gt; agents API (enriched) &gt; terminal API &gt; namespace isolation &gt; namespace format is plugin:{pluginId}:{sessionId}" time="0.000612589">
        </testcase>
        <testcase classname="src/renderer/plugins/plugin-api-factory.test.ts" name="plugin-api-factory &gt; agents API (enriched) &gt; terminal API &gt; namespace isolation &gt; all methods use the same namespace for the same session" time="0.000632246">
        </testcase>
        <testcase classname="src/renderer/plugins/plugin-api-factory.test.ts" name="plugin-api-factory &gt; agents API (enriched) &gt; logging API &gt; provides all five log level methods" time="0.000533683">
        </testcase>
        <testcase classname="src/renderer/plugins/plugin-api-factory.test.ts" name="plugin-api-factory &gt; agents API (enriched) &gt; logging API &gt; sends log entries with plugin namespace" time="0.000544713">
        </testcase>
        <testcase classname="src/renderer/plugins/plugin-api-factory.test.ts" name="plugin-api-factory &gt; agents API (enriched) &gt; logging API &gt; includes projectId from context" time="0.000502564">
        </testcase>
        <testcase classname="src/renderer/plugins/plugin-api-factory.test.ts" name="plugin-api-factory &gt; agents API (enriched) &gt; logging API &gt; passes meta through" time="0.000485312">
        </testcase>
        <testcase classname="src/renderer/plugins/plugin-api-factory.test.ts" name="plugin-api-factory &gt; agents API (enriched) &gt; logging API &gt; each level method sends the correct level" time="0.000632366">
        </testcase>
        <testcase classname="src/renderer/plugins/plugin-api-factory.test.ts" name="plugin-api-factory &gt; agents API (enriched) &gt; logging API &gt; different plugins get different namespaces" time="0.000643998">
        </testcase>
        <testcase classname="src/renderer/plugins/plugin-api-factory.test.ts" name="plugin-api-factory &gt; agents API (enriched) &gt; logging API &gt; is available for all scopes" time="0.000726882">
        </testcase>
        <testcase classname="src/renderer/plugins/plugin-api-factory.test.ts" name="plugin-api-factory &gt; agents API (enriched) &gt; logging API &gt; is fire-and-forget (returns void)" time="0.000473811">
        </testcase>
        <testcase classname="src/renderer/plugins/plugin-api-factory.test.ts" name="plugin-api-factory &gt; agents API (enriched) &gt; createDurable() &gt; creates and spawns a durable agent using context project" time="0.000708929">
        </testcase>
        <testcase classname="src/renderer/plugins/plugin-api-factory.test.ts" name="plugin-api-factory &gt; agents API (enriched) &gt; createDurable() &gt; resolves a different project when projectId is specified" time="0.000771905">
        </testcase>
        <testcase classname="src/renderer/plugins/plugin-api-factory.test.ts" name="plugin-api-factory &gt; agents API (enriched) &gt; createDurable() &gt; throws on unknown projectId" time="0.000862294">
        </testcase>
        <testcase classname="src/renderer/plugins/plugin-api-factory.test.ts" name="plugin-api-factory &gt; agents API (enriched) &gt; createDurable() &gt; throws without project context" time="0.000597341">
        </testcase>
        <testcase classname="src/renderer/plugins/plugin-api-factory.test.ts" name="plugin-api-factory &gt; agents API (enriched) &gt; createDurable() &gt; passes model, worktree, orchestrator, and mcpIds through" time="0.00062937">
        </testcase>
        <testcase classname="src/renderer/plugins/plugin-api-factory.test.ts" name="plugin-api-factory &gt; agents API (enriched) &gt; createDurable() &gt; strips default model" time="0.000533101">
        </testcase>
        <testcase classname="src/renderer/plugins/plugin-api-factory.test.ts" name="plugin-api-factory &gt; agents API (enriched) &gt; runQuick() &gt; uses context project when no override" time="0.000621987">
        </testcase>
        <testcase classname="src/renderer/plugins/plugin-api-factory.test.ts" name="plugin-api-factory &gt; agents API (enriched) &gt; runQuick() &gt; uses override projectId to resolve different project path" time="0.000573928">
        </testcase>
        <testcase classname="src/renderer/plugins/plugin-api-factory.test.ts" name="plugin-api-factory &gt; agents API (enriched) &gt; runQuick() &gt; throws on unknown projectId" time="0.000673372">
        </testcase>
        <testcase classname="src/renderer/plugins/plugin-api-factory.test.ts" name="plugin-api-factory &gt; agents API (enriched) &gt; runQuick() &gt; throws without project context" time="0.000788146">
        </testcase>
        <testcase classname="src/renderer/plugins/plugin-api-factory.test.ts" name="plugin-api-factory &gt; agents API (enriched) &gt; runQuick() &gt; passes model option through" time="0.000698549">
        </testcase>
        <testcase classname="src/renderer/plugins/plugin-api-factory.test.ts" name="plugin-api-factory &gt; agents API (enriched) &gt; runQuick() &gt; passes metadata option through to spawnQuickAgent" time="0.000783918">
        </testcase>
        <testcase classname="src/renderer/plugins/plugin-api-factory.test.ts" name="plugin-api-factory &gt; permission enforcement (v0.5) &gt; per-API permission isolation &gt; api.project works when &apos;files&apos; permission is granted" time="0.000498658">
        </testcase>
        <testcase classname="src/renderer/plugins/plugin-api-factory.test.ts" name="plugin-api-factory &gt; permission enforcement (v0.5) &gt; per-API permission isolation &gt; api.project throws when &apos;files&apos; permission is NOT granted" time="0.000444016">
        </testcase>
        <testcase classname="src/renderer/plugins/plugin-api-factory.test.ts" name="plugin-api-factory &gt; permission enforcement (v0.5) &gt; per-API permission isolation &gt; api.project error message includes plugin name and API name" time="0.000433987">
        </testcase>
        <testcase classname="src/renderer/plugins/plugin-api-factory.test.ts" name="plugin-api-factory &gt; permission enforcement (v0.5) &gt; per-API permission isolation &gt; api.git works when &apos;git&apos; permission is granted" time="0.000264241">
        </testcase>
        <testcase classname="src/renderer/plugins/plugin-api-factory.test.ts" name="plugin-api-factory &gt; permission enforcement (v0.5) &gt; per-API permission isolation &gt; api.git throws when &apos;git&apos; permission is NOT granted" time="0.000359418">
        </testcase>
        <testcase classname="src/renderer/plugins/plugin-api-factory.test.ts" name="plugin-api-factory &gt; permission enforcement (v0.5) &gt; per-API permission isolation &gt; api.git error message includes plugin name and API name" time="0.000337839">
        </testcase>
        <testcase classname="src/renderer/plugins/plugin-api-factory.test.ts" name="plugin-api-factory &gt; permission enforcement (v0.5) &gt; per-API permission isolation &gt; api.files works when &apos;files&apos; permission is granted" time="0.000257489">
        </testcase>
        <testcase classname="src/renderer/plugins/plugin-api-factory.test.ts" name="plugin-api-factory &gt; permission enforcement (v0.5) &gt; per-API permission isolation &gt; api.files throws when &apos;files&apos; permission is NOT granted" time="0.000271164">
        </testcase>
        <testcase classname="src/renderer/plugins/plugin-api-factory.test.ts" name="plugin-api-factory &gt; permission enforcement (v0.5) &gt; per-API permission isolation &gt; api.files error message includes plugin name and API name" time="0.001370218">
        </testcase>
        <testcase classname="src/renderer/plugins/plugin-api-factory.test.ts" name="plugin-api-factory &gt; permission enforcement (v0.5) &gt; per-API permission isolation &gt; api.storage works when &apos;storage&apos; permission is granted" time="0.000266836">
        </testcase>
        <testcase classname="src/renderer/plugins/plugin-api-factory.test.ts" name="plugin-api-factory &gt; permission enforcement (v0.5) &gt; per-API permission isolation &gt; api.storage throws when &apos;storage&apos; permission is NOT granted" time="0.000524235">
        </testcase>
        <testcase classname="src/renderer/plugins/plugin-api-factory.test.ts" name="plugin-api-factory &gt; permission enforcement (v0.5) &gt; per-API permission isolation &gt; api.storage error message includes plugin name and API name" time="0.000492135">
        </testcase>
        <testcase classname="src/renderer/plugins/plugin-api-factory.test.ts" name="plugin-api-factory &gt; permission enforcement (v0.5) &gt; per-API permission isolation &gt; api.ui works when &apos;notifications&apos; permission is granted" time="0.000345292">
        </testcase>
        <testcase classname="src/renderer/plugins/plugin-api-factory.test.ts" name="plugin-api-factory &gt; permission enforcement (v0.5) &gt; per-API permission isolation &gt; api.ui throws when &apos;notifications&apos; permission is NOT granted" time="0.000554662">
        </testcase>
        <testcase classname="src/renderer/plugins/plugin-api-factory.test.ts" name="plugin-api-factory &gt; permission enforcement (v0.5) &gt; per-API permission isolation &gt; api.ui error message includes plugin name and API name" time="0.000377292">
        </testcase>
        <testcase classname="src/renderer/plugins/plugin-api-factory.test.ts" name="plugin-api-factory &gt; permission enforcement (v0.5) &gt; per-API permission isolation &gt; api.commands works when &apos;commands&apos; permission is granted" time="0.000234145">
        </testcase>
        <testcase classname="src/renderer/plugins/plugin-api-factory.test.ts" name="plugin-api-factory &gt; permission enforcement (v0.5) &gt; per-API permission isolation &gt; api.commands throws when &apos;commands&apos; permission is NOT granted" time="0.000394614">
        </testcase>
        <testcase classname="src/renderer/plugins/plugin-api-factory.test.ts" name="plugin-api-factory &gt; permission enforcement (v0.5) &gt; per-API permission isolation &gt; api.commands error message includes plugin name and API name" time="0.000304055">
        </testcase>
        <testcase classname="src/renderer/plugins/plugin-api-factory.test.ts" name="plugin-api-factory &gt; permission enforcement (v0.5) &gt; per-API permission isolation &gt; api.events works when &apos;events&apos; permission is granted" time="0.000233935">
        </testcase>
        <testcase classname="src/renderer/plugins/plugin-api-factory.test.ts" name="plugin-api-factory &gt; permission enforcement (v0.5) &gt; per-API permission isolation &gt; api.events throws when &apos;events&apos; permission is NOT granted" time="0.000379245">
        </testcase>
        <testcase classname="src/renderer/plugins/plugin-api-factory.test.ts" name="plugin-api-factory &gt; permission enforcement (v0.5) &gt; per-API permission isolation &gt; api.events error message includes plugin name and API name" time="0.000293897">
        </testcase>
        <testcase classname="src/renderer/plugins/plugin-api-factory.test.ts" name="plugin-api-factory &gt; permission enforcement (v0.5) &gt; per-API permission isolation &gt; api.agents works when &apos;agents&apos; permission is granted" time="0.000240036">
        </testcase>
        <testcase classname="src/renderer/plugins/plugin-api-factory.test.ts" name="plugin-api-factory &gt; permission enforcement (v0.5) &gt; per-API permission isolation &gt; api.agents throws when &apos;agents&apos; permission is NOT granted" time="0.000362955">
        </testcase>
        <testcase classname="src/renderer/plugins/plugin-api-factory.test.ts" name="plugin-api-factory &gt; permission enforcement (v0.5) &gt; per-API permission isolation &gt; api.agents error message includes plugin name and API name" time="0.000292374">
        </testcase>
        <testcase classname="src/renderer/plugins/plugin-api-factory.test.ts" name="plugin-api-factory &gt; permission enforcement (v0.5) &gt; per-API permission isolation &gt; api.navigation works when &apos;navigation&apos; permission is granted" time="0.000219789">
        </testcase>
        <testcase classname="src/renderer/plugins/plugin-api-factory.test.ts" name="plugin-api-factory &gt; permission enforcement (v0.5) &gt; per-API permission isolation &gt; api.navigation throws when &apos;navigation&apos; permission is NOT granted" time="0.000336847">
        </testcase>
        <testcase classname="src/renderer/plugins/plugin-api-factory.test.ts" name="plugin-api-factory &gt; permission enforcement (v0.5) &gt; per-API permission isolation &gt; api.navigation error message includes plugin name and API name" time="0.000361302">
        </testcase>
        <testcase classname="src/renderer/plugins/plugin-api-factory.test.ts" name="plugin-api-factory &gt; permission enforcement (v0.5) &gt; per-API permission isolation &gt; api.widgets works when &apos;widgets&apos; permission is granted" time="0.000235198">
        </testcase>
        <testcase classname="src/renderer/plugins/plugin-api-factory.test.ts" name="plugin-api-factory &gt; permission enforcement (v0.5) &gt; per-API permission isolation &gt; api.widgets throws when &apos;widgets&apos; permission is NOT granted" time="0.000324744">
        </testcase>
        <testcase classname="src/renderer/plugins/plugin-api-factory.test.ts" name="plugin-api-factory &gt; permission enforcement (v0.5) &gt; per-API permission isolation &gt; api.widgets error message includes plugin name and API name" time="0.000341195">
        </testcase>
        <testcase classname="src/renderer/plugins/plugin-api-factory.test.ts" name="plugin-api-factory &gt; permission enforcement (v0.5) &gt; per-API permission isolation &gt; api.terminal works when &apos;terminal&apos; permission is granted" time="0.000382701">
        </testcase>
        <testcase classname="src/renderer/plugins/plugin-api-factory.test.ts" name="plugin-api-factory &gt; permission enforcement (v0.5) &gt; per-API permission isolation &gt; api.terminal throws when &apos;terminal&apos; permission is NOT granted" time="0.000352976">
        </testcase>
        <testcase classname="src/renderer/plugins/plugin-api-factory.test.ts" name="plugin-api-factory &gt; permission enforcement (v0.5) &gt; per-API permission isolation &gt; api.terminal error message includes plugin name and API name" time="0.000296591">
        </testcase>
        <testcase classname="src/renderer/plugins/plugin-api-factory.test.ts" name="plugin-api-factory &gt; permission enforcement (v0.5) &gt; per-API permission isolation &gt; api.logging works when &apos;logging&apos; permission is granted" time="0.000238904">
        </testcase>
        <testcase classname="src/renderer/plugins/plugin-api-factory.test.ts" name="plugin-api-factory &gt; permission enforcement (v0.5) &gt; per-API permission isolation &gt; api.logging throws when &apos;logging&apos; permission is NOT granted" time="0.000313262">
        </testcase>
        <testcase classname="src/renderer/plugins/plugin-api-factory.test.ts" name="plugin-api-factory &gt; permission enforcement (v0.5) &gt; per-API permission isolation &gt; api.logging error message includes plugin name and API name" time="0.000399183">
        </testcase>
        <testcase classname="src/renderer/plugins/plugin-api-factory.test.ts" name="plugin-api-factory &gt; permission enforcement (v0.5) &gt; per-API permission isolation &gt; api.process works when &apos;process&apos; permission is granted" time="0.000378685">
        </testcase>
        <testcase classname="src/renderer/plugins/plugin-api-factory.test.ts" name="plugin-api-factory &gt; permission enforcement (v0.5) &gt; per-API permission isolation &gt; api.process throws when &apos;process&apos; permission is NOT granted" time="0.000562496">
        </testcase>
        <testcase classname="src/renderer/plugins/plugin-api-factory.test.ts" name="plugin-api-factory &gt; permission enforcement (v0.5) &gt; per-API permission isolation &gt; api.process error message includes plugin name and API name" time="0.000485563">
        </testcase>
        <testcase classname="src/renderer/plugins/plugin-api-factory.test.ts" name="plugin-api-factory &gt; permission enforcement (v0.5) &gt; per-API permission isolation &gt; granting one permission does not leak to another" time="0.000792815">
        </testcase>
        <testcase classname="src/renderer/plugins/plugin-api-factory.test.ts" name="plugin-api-factory &gt; permission enforcement (v0.5) &gt; per-API permission isolation &gt; granting all permissions makes everything work" time="0.000651713">
        </testcase>
        <testcase classname="src/renderer/plugins/plugin-api-factory.test.ts" name="plugin-api-factory &gt; permission enforcement (v0.5) &gt; always-available APIs (no permission needed) &gt; api.context is available with empty permissions" time="0.000278838">
        </testcase>
        <testcase classname="src/renderer/plugins/plugin-api-factory.test.ts" name="plugin-api-factory &gt; permission enforcement (v0.5) &gt; always-available APIs (no permission needed) &gt; api.settings is available with empty permissions" time="0.000374095">
        </testcase>
        <testcase classname="src/renderer/plugins/plugin-api-factory.test.ts" name="plugin-api-factory &gt; permission enforcement (v0.5) &gt; always-available APIs (no permission needed) &gt; api.hub is available with empty permissions" time="0.000304176">
        </testcase>
        <testcase classname="src/renderer/plugins/plugin-api-factory.test.ts" name="plugin-api-factory &gt; permission enforcement (v0.5) &gt; permissionDeniedProxy React dev-mode safety &gt; property access on denied API does not throw" time="0.000875849">
        </testcase>
        <testcase classname="src/renderer/plugins/plugin-api-factory.test.ts" name="plugin-api-factory &gt; permission enforcement (v0.5) &gt; permissionDeniedProxy React dev-mode safety &gt; Symbol access on denied proxy returns undefined (React $$typeof, iterator)" time="0.000300088">
        </testcase>
        <testcase classname="src/renderer/plugins/plugin-api-factory.test.ts" name="plugin-api-factory &gt; permission enforcement (v0.5) &gt; permissionDeniedProxy React dev-mode safety &gt; denied proxy methods are typeof function" time="0.000270783">
        </testcase>
        <testcase classname="src/renderer/plugins/plugin-api-factory.test.ts" name="plugin-api-factory &gt; permission enforcement (v0.5) &gt; permissionDeniedProxy React dev-mode safety &gt; accessing the same denied method multiple times returns consistent functions" time="0.000462179">
        </testcase>
        <testcase classname="src/renderer/plugins/plugin-api-factory.test.ts" name="plugin-api-factory &gt; permission enforcement (v0.5) &gt; backward compatibility &gt; no manifest → all APIs work" time="0.000522291">
        </testcase>
        <testcase classname="src/renderer/plugins/plugin-api-factory.test.ts" name="plugin-api-factory &gt; permission enforcement (v0.5) &gt; scope vs permission priority &gt; scope denial takes priority over permission denial" time="0.000335264">
        </testcase>
        <testcase classname="src/renderer/plugins/plugin-api-factory.test.ts" name="plugin-api-factory &gt; permission enforcement (v0.5) &gt; scope vs permission priority &gt; scope denial message shown when both scope and permission deny" time="0.000306661">
        </testcase>
        <testcase classname="src/renderer/plugins/plugin-api-factory.test.ts" name="plugin-api-factory &gt; permission enforcement (v0.5) &gt; scope vs permission priority &gt; app-scoped plugin: scope denies project/git/files even with permissions" time="0.000511231">
        </testcase>
        <testcase classname="src/renderer/plugins/plugin-api-factory.test.ts" name="plugin-api-factory &gt; permission enforcement (v0.5) &gt; scope vs permission priority &gt; v0.8 project-scoped plugin: projects API is available with permission" time="0.000324774">
        </testcase>
        <testcase classname="src/renderer/plugins/plugin-api-factory.test.ts" name="plugin-api-factory &gt; permission enforcement (v0.5) &gt; scope vs permission priority &gt; v0.5 project-scoped plugin: projects API still denied by scope" time="0.000308574">
        </testcase>
        <testcase classname="src/renderer/plugins/plugin-api-factory.test.ts" name="plugin-api-factory &gt; permission enforcement (v0.5) &gt; scope vs permission priority &gt; v0.8 project-scoped plugin without projects permission: permission denied" time="0.000385808">
        </testcase>
        <testcase classname="src/renderer/plugins/plugin-api-factory.test.ts" name="plugin-api-factory &gt; permission enforcement (v0.5) &gt; dual-scope with permissions &gt; dual-scope plugin in project mode: permissions enforced" time="0.000363837">
        </testcase>
        <testcase classname="src/renderer/plugins/plugin-api-factory.test.ts" name="plugin-api-factory &gt; permission enforcement (v0.5) &gt; dual-scope with permissions &gt; dual-scope plugin in app mode: project-scope APIs denied by scope, not permission" time="0.000445198">
        </testcase>
        <testcase classname="src/renderer/plugins/plugin-api-factory.test.ts" name="plugin-api-factory &gt; permission enforcement (v0.5) &gt; dual-scope with permissions &gt; dual-scope plugin: projects API requires permission even though scope allows" time="0.000341596">
        </testcase>
        <testcase classname="src/renderer/plugins/plugin-api-factory.test.ts" name="plugin-api-factory &gt; permission enforcement (v0.5) &gt; dual-scope with permissions &gt; dual-scope plugin: scope-free APIs still need permissions" time="0.00045694">
        </testcase>
        <testcase classname="src/renderer/plugins/plugin-api-factory.test.ts" name="plugin-api-factory &gt; forRoot() &gt; forRoot() without files.external permission → throws" time="0.000440399">
        </testcase>
        <testcase classname="src/renderer/plugins/plugin-api-factory.test.ts" name="plugin-api-factory &gt; forRoot() &gt; plugin without externalRoots throws on forRoot()" time="0.00045704">
        </testcase>
        <testcase classname="src/renderer/plugins/plugin-api-factory.test.ts" name="plugin-api-factory &gt; forRoot() &gt; forRoot() with unknown root name → throws" time="0.000480133">
        </testcase>
        <testcase classname="src/renderer/plugins/plugin-api-factory.test.ts" name="plugin-api-factory &gt; forRoot() &gt; forRoot() with unconfigured setting → throws" time="0.001329873">
        </testcase>
        <testcase classname="src/renderer/plugins/plugin-api-factory.test.ts" name="plugin-api-factory &gt; forRoot() &gt; forRoot() with null setting value → throws" time="0.000429569">
        </testcase>
        <testcase classname="src/renderer/plugins/plugin-api-factory.test.ts" name="plugin-api-factory &gt; forRoot() &gt; forRoot() with numeric setting value → throws" time="0.000485903">
        </testcase>
        <testcase classname="src/renderer/plugins/plugin-api-factory.test.ts" name="plugin-api-factory &gt; forRoot() &gt; forRoot() with empty string setting value → throws" time="0.000426373">
        </testcase>
        <testcase classname="src/renderer/plugins/plugin-api-factory.test.ts" name="plugin-api-factory &gt; forRoot() &gt; selects correct root when multiple roots are declared" time="0.000769691">
        </testcase>
        <testcase classname="src/renderer/plugins/plugin-api-factory.test.ts" name="plugin-api-factory &gt; forRoot() &gt; unknown root with multiple roots still throws" time="0.000501573">
        </testcase>
        <testcase classname="src/renderer/plugins/plugin-api-factory.test.ts" name="plugin-api-factory &gt; forRoot() &gt; external root FilesAPI — all methods &gt; readFile resolves against external root" time="0.000545475">
        </testcase>
        <testcase classname="src/renderer/plugins/plugin-api-factory.test.ts" name="plugin-api-factory &gt; forRoot() &gt; external root FilesAPI — all methods &gt; readTree resolves against external root" time="0.000550514">
        </testcase>
        <testcase classname="src/renderer/plugins/plugin-api-factory.test.ts" name="plugin-api-factory &gt; forRoot() &gt; external root FilesAPI — all methods &gt; readTree default path resolves to root" time="0.000429499">
        </testcase>
        <testcase classname="src/renderer/plugins/plugin-api-factory.test.ts" name="plugin-api-factory &gt; forRoot() &gt; external root FilesAPI — all methods &gt; readTree passes options through" time="0.000487387">
        </testcase>
        <testcase classname="src/renderer/plugins/plugin-api-factory.test.ts" name="plugin-api-factory &gt; forRoot() &gt; external root FilesAPI — all methods &gt; readBinary resolves against external root" time="0.000487496">
        </testcase>
        <testcase classname="src/renderer/plugins/plugin-api-factory.test.ts" name="plugin-api-factory &gt; forRoot() &gt; external root FilesAPI — all methods &gt; writeFile resolves against external root" time="0.000455087">
        </testcase>
        <testcase classname="src/renderer/plugins/plugin-api-factory.test.ts" name="plugin-api-factory &gt; forRoot() &gt; external root FilesAPI — all methods &gt; stat resolves against external root" time="0.000630012">
        </testcase>
        <testcase classname="src/renderer/plugins/plugin-api-factory.test.ts" name="plugin-api-factory &gt; forRoot() &gt; external root FilesAPI — all methods &gt; rename resolves both paths against external root" time="0.000487788">
        </testcase>
        <testcase classname="src/renderer/plugins/plugin-api-factory.test.ts" name="plugin-api-factory &gt; forRoot() &gt; external root FilesAPI — all methods &gt; copy resolves both paths against external root" time="0.000493979">
        </testcase>
        <testcase classname="src/renderer/plugins/plugin-api-factory.test.ts" name="plugin-api-factory &gt; forRoot() &gt; external root FilesAPI — all methods &gt; mkdir resolves against external root" time="0.000556495">
        </testcase>
        <testcase classname="src/renderer/plugins/plugin-api-factory.test.ts" name="plugin-api-factory &gt; forRoot() &gt; external root FilesAPI — all methods &gt; delete resolves against external root" time="0.000426032">
        </testcase>
        <testcase classname="src/renderer/plugins/plugin-api-factory.test.ts" name="plugin-api-factory &gt; forRoot() &gt; external root FilesAPI — all methods &gt; showInFolder resolves against external root" time="0.000407979">
        </testcase>
        <testcase classname="src/renderer/plugins/plugin-api-factory.test.ts" name="plugin-api-factory &gt; forRoot() &gt; external root path traversal prevention &gt; readFile prevents traversal via ../" time="0.000583806">
        </testcase>
        <testcase classname="src/renderer/plugins/plugin-api-factory.test.ts" name="plugin-api-factory &gt; forRoot() &gt; external root path traversal prevention &gt; writeFile prevents traversal" time="0.00048398">
        </testcase>
        <testcase classname="src/renderer/plugins/plugin-api-factory.test.ts" name="plugin-api-factory &gt; forRoot() &gt; external root path traversal prevention &gt; readBinary prevents traversal" time="0.000471106">
        </testcase>
        <testcase classname="src/renderer/plugins/plugin-api-factory.test.ts" name="plugin-api-factory &gt; forRoot() &gt; external root path traversal prevention &gt; rename prevents traversal on source" time="0.000446571">
        </testcase>
        <testcase classname="src/renderer/plugins/plugin-api-factory.test.ts" name="plugin-api-factory &gt; forRoot() &gt; external root path traversal prevention &gt; rename prevents traversal on destination" time="0.00050531">
        </testcase>
        <testcase classname="src/renderer/plugins/plugin-api-factory.test.ts" name="plugin-api-factory &gt; forRoot() &gt; external root path traversal prevention &gt; copy prevents traversal on source" time="0.000476246">
        </testcase>
        <testcase classname="src/renderer/plugins/plugin-api-factory.test.ts" name="plugin-api-factory &gt; forRoot() &gt; external root path traversal prevention &gt; copy prevents traversal on destination" time="0.000491424">
        </testcase>
        <testcase classname="src/renderer/plugins/plugin-api-factory.test.ts" name="plugin-api-factory &gt; forRoot() &gt; external root path traversal prevention &gt; mkdir prevents traversal" time="0.000449155">
        </testcase>
        <testcase classname="src/renderer/plugins/plugin-api-factory.test.ts" name="plugin-api-factory &gt; forRoot() &gt; external root path traversal prevention &gt; delete prevents traversal" time="0.000572335">
        </testcase>
        <testcase classname="src/renderer/plugins/plugin-api-factory.test.ts" name="plugin-api-factory &gt; forRoot() &gt; external root path traversal prevention &gt; stat prevents traversal" time="0.000745627">
        </testcase>
        <testcase classname="src/renderer/plugins/plugin-api-factory.test.ts" name="plugin-api-factory &gt; forRoot() &gt; external root path traversal prevention &gt; showInFolder prevents traversal" time="0.000722604">
        </testcase>
        <testcase classname="src/renderer/plugins/plugin-api-factory.test.ts" name="plugin-api-factory &gt; forRoot() &gt; external root path traversal prevention &gt; readTree prevents traversal" time="0.003284279">
        </testcase>
        <testcase classname="src/renderer/plugins/plugin-api-factory.test.ts" name="plugin-api-factory &gt; forRoot() &gt; forRoot() on external root FilesAPI → throws (no nesting)" time="0.000889645">
        </testcase>
        <testcase classname="src/renderer/plugins/plugin-api-factory.test.ts" name="plugin-api-factory &gt; forRoot() &gt; resolves settings from app:pluginId for app-scoped plugin" time="0.000706484">
        </testcase>
        <testcase classname="src/renderer/plugins/plugin-api-factory.test.ts" name="plugin-api-factory &gt; forRoot() &gt; forRoot() expands ~ to HOME" time="0.000715311">
        </testcase>
        <testcase classname="src/renderer/plugins/plugin-api-factory.test.ts" name="plugin-api-factory &gt; forRoot() &gt; forRoot() expands bare ~ to HOME" time="0.000656631">
        </testcase>
        <testcase classname="src/renderer/plugins/plugin-api-factory.test.ts" name="plugin-api-factory &gt; forRoot() &gt; forRoot() resolves relative path against projectPath" time="0.000436171">
        </testcase>
        <testcase classname="src/renderer/plugins/plugin-api-factory.test.ts" name="plugin-api-factory &gt; forRoot() &gt; forRoot() resolves ./relative path against projectPath" time="0.00048368">
        </testcase>
        <testcase classname="src/renderer/plugins/plugin-api-factory.test.ts" name="plugin-api-factory &gt; forRoot() &gt; forRoot() leaves absolute paths unchanged" time="0.000659707">
        </testcase>
        <testcase classname="src/renderer/plugins/plugin-api-factory.test.ts" name="plugin-api-factory &gt; computeDataDir &gt; returns global path without projectId" time="0.000469132">
        </testcase>
        <testcase classname="src/renderer/plugins/plugin-api-factory.test.ts" name="plugin-api-factory &gt; computeDataDir &gt; includes projectId in path when provided" time="0.000339942">
        </testcase>
        <testcase classname="src/renderer/plugins/plugin-api-factory.test.ts" name="plugin-api-factory &gt; computeDataDir &gt; uses plugin id for isolation" time="0.000505149">
        </testcase>
        <testcase classname="src/renderer/plugins/plugin-api-factory.test.ts" name="plugin-api-factory &gt; files API &gt; provides all files API methods for project-scoped plugins" time="0.000977438">
        </testcase>
        <testcase classname="src/renderer/plugins/plugin-api-factory.test.ts" name="plugin-api-factory &gt; files API &gt; readTree resolves path against projectPath" time="0.000737271">
        </testcase>
        <testcase classname="src/renderer/plugins/plugin-api-factory.test.ts" name="plugin-api-factory &gt; files API &gt; readTree passes options through" time="0.000765454">
        </testcase>
        <testcase classname="src/renderer/plugins/plugin-api-factory.test.ts" name="plugin-api-factory &gt; files API &gt; readFile resolves path against projectPath" time="0.000771005">
        </testcase>
        <testcase classname="src/renderer/plugins/plugin-api-factory.test.ts" name="plugin-api-factory &gt; files API &gt; writeFile resolves path against projectPath" time="0.000734446">
        </testcase>
        <testcase classname="src/renderer/plugins/plugin-api-factory.test.ts" name="plugin-api-factory &gt; files API &gt; stat resolves path against projectPath" time="0.000772637">
        </testcase>
        <testcase classname="src/renderer/plugins/plugin-api-factory.test.ts" name="plugin-api-factory &gt; files API &gt; rename resolves both paths against projectPath" time="0.000762378">
        </testcase>
        <testcase classname="src/renderer/plugins/plugin-api-factory.test.ts" name="plugin-api-factory &gt; files API &gt; copy resolves both paths against projectPath" time="0.00075267">
        </testcase>
        <testcase classname="src/renderer/plugins/plugin-api-factory.test.ts" name="plugin-api-factory &gt; files API &gt; throws when calling files API methods on app-scoped plugin" time="0.001002695">
        </testcase>
        <testcase classname="src/renderer/plugins/plugin-api-factory.test.ts" name="plugin-api-factory &gt; files API &gt; does not throw on property access of unavailable files API (React dev-mode safe)" time="0.000961769">
        </testcase>
        <testcase classname="src/renderer/plugins/plugin-api-factory.test.ts" name="plugin-api-factory &gt; files API &gt; prevents path traversal via .." time="0.000777937">
        </testcase>
        <testcase classname="src/renderer/plugins/plugin-api-factory.test.ts" name="plugin-api-factory &gt; files API &gt; prevents path traversal in rename" time="0.000792534">
        </testcase>
        <testcase classname="src/renderer/plugins/plugin-api-factory.test.ts" name="plugin-api-factory &gt; files API &gt; exposes dataDir as absolute path for project-scoped plugin" time="0.000621125">
        </testcase>
        <testcase classname="src/renderer/plugins/plugin-api-factory.test.ts" name="plugin-api-factory &gt; files API &gt; dataDir does not include projectId when absent" time="0.00085534">
        </testcase>
        <testcase classname="src/renderer/plugins/plugin-api-factory.test.ts" name="plugin-api-factory &gt; files API &gt; dataDir includes projectId when present" time="0.000897249">
        </testcase>
        <testcase classname="src/renderer/plugins/plugin-api-factory.test.ts" name="plugin-api-factory &gt; files API &gt; dataDir throws on external root FilesAPI" time="0.001191005">
        </testcase>
        <testcase classname="src/renderer/plugins/plugin-api-factory.test.ts" name="plugin-api-factory &gt; permission violation enforcement &gt; denied proxy calls recordPermissionViolation before throwing" time="0.001455577">
        </testcase>
        <testcase classname="src/renderer/plugins/plugin-api-factory.test.ts" name="plugin-api-factory &gt; permission violation enforcement &gt; one-shot guard: second call does not re-record" time="0.001113521">
        </testcase>
        <testcase classname="src/renderer/plugins/plugin-api-factory.test.ts" name="plugin-api-factory &gt; permission violation enforcement &gt; deactivation is deferred via setTimeout" time="0.004189322">
        </testcase>
        <testcase classname="src/renderer/plugins/plugin-api-factory.test.ts" name="plugin-api-factory &gt; permission violation enforcement &gt; records correct metadata for different APIs" time="0.001105617">
        </testcase>
        <testcase classname="src/renderer/plugins/plugin-api-factory.test.ts" name="plugin-api-factory &gt; workspace API &gt; workspace API is gated by workspace permission" time="0.000685204">
        </testcase>
        <testcase classname="src/renderer/plugins/plugin-api-factory.test.ts" name="plugin-api-factory &gt; workspace API &gt; workspace API is available when permission is granted" time="0.000707296">
        </testcase>
        <testcase classname="src/renderer/plugins/plugin-api-factory.test.ts" name="plugin-api-factory &gt; workspace API &gt; workspace.readFile delegates to file IPC" time="0.000922059">
        </testcase>
        <testcase classname="src/renderer/plugins/plugin-api-factory.test.ts" name="plugin-api-factory &gt; workspace API &gt; workspace.writeFile delegates to file IPC" time="0.000601459">
        </testcase>
        <testcase classname="src/renderer/plugins/plugin-api-factory.test.ts" name="plugin-api-factory &gt; workspace API &gt; workspace.exists returns true when stat succeeds" time="0.000485443">
        </testcase>
        <testcase classname="src/renderer/plugins/plugin-api-factory.test.ts" name="plugin-api-factory &gt; workspace API &gt; workspace.exists returns false when stat fails" time="0.001186136">
        </testcase>
        <testcase classname="src/renderer/plugins/plugin-api-factory.test.ts" name="plugin-api-factory &gt; workspace API &gt; workspace blocks path traversal" time="0.000547068">
        </testcase>
        <testcase classname="src/renderer/plugins/plugin-api-factory.test.ts" name="plugin-api-factory &gt; workspace API &gt; workspace.forPlugin throws without cross-plugin permission" time="0.000496363">
        </testcase>
        <testcase classname="src/renderer/plugins/plugin-api-factory.test.ts" name="plugin-api-factory &gt; workspace API &gt; workspace.forPlugin requires target to have workspace.shared" time="0.000595277">
        </testcase>
        <testcase classname="src/renderer/plugins/plugin-api-factory.test.ts" name="plugin-api-factory &gt; workspace API &gt; workspace.forPlugin succeeds with bilateral consent" time="0.00054833">
        </testcase>
        <testcase classname="src/renderer/plugins/plugin-api-factory.test.ts" name="plugin-api-factory &gt; workspace API &gt; workspace.forProject throws without cross-project permission" time="0.000535156">
        </testcase>
        <testcase classname="src/renderer/plugins/plugin-api-factory.test.ts" name="plugin-api-factory &gt; workspace API &gt; workspace.forProject requires bilateral consent (plugin enabled in target)" time="0.000694612">
        </testcase>
        <testcase classname="src/renderer/plugins/plugin-api-factory.test.ts" name="plugin-api-factory &gt; workspace API &gt; workspace.forProject succeeds with bilateral consent" time="0.000598473">
        </testcase>
        <testcase classname="src/renderer/plugins/plugin-api-factory.test.ts" name="plugin-api-factory &gt; workspace API &gt; workspace.forProject succeeds for app-enabled plugin without project-level enablement" time="0.000555633">
        </testcase>
        <testcase classname="src/renderer/plugins/plugin-api-factory.test.ts" name="plugin-api-factory &gt; workspace API &gt; workspace.watch requires workspace.watch permission" time="0.000366301">
        </testcase>
        <testcase classname="src/renderer/plugins/plugin-api-factory.test.ts" name="plugin-api-factory &gt; workspace API &gt; workspace is available for all scopes (project, app, dual)" time="0.000775382">
        </testcase>
    </testsuite>
    <testsuite name="src/renderer/plugins/plugin-api-files.test.ts" timestamp="2026-03-25T04:47:29.939Z" hostname="runnervm46oaq" tests="42" failures="0" errors="0" skipped="0" time="0.044112441">
        <testcase classname="src/renderer/plugins/plugin-api-files.test.ts" name="plugin-api-files &gt; resolvePath &gt; resolves relative path against project path" time="0.002560233">
        </testcase>
        <testcase classname="src/renderer/plugins/plugin-api-files.test.ts" name="plugin-api-files &gt; resolvePath &gt; passes through absolute paths" time="0.000505701">
        </testcase>
        <testcase classname="src/renderer/plugins/plugin-api-files.test.ts" name="plugin-api-files &gt; resolvePath &gt; throws on path traversal via ../" time="0.00142438">
        </testcase>
        <testcase classname="src/renderer/plugins/plugin-api-files.test.ts" name="plugin-api-files &gt; resolvePath &gt; throws on path traversal via /.." time="0.000999269">
        </testcase>
        <testcase classname="src/renderer/plugins/plugin-api-files.test.ts" name="plugin-api-files &gt; resolvePath &gt; throws when resolved path escapes project root" time="0.000937614">
        </testcase>
        <testcase classname="src/renderer/plugins/plugin-api-files.test.ts" name="plugin-api-files &gt; local project &gt; readTree() calls window.clubhouse.file.readTree with resolved path" time="0.002868978">
        </testcase>
        <testcase classname="src/renderer/plugins/plugin-api-files.test.ts" name="plugin-api-files &gt; local project &gt; readTree() defaults to project root when no path specified" time="0.000981386">
        </testcase>
        <testcase classname="src/renderer/plugins/plugin-api-files.test.ts" name="plugin-api-files &gt; local project &gt; readTree() passes options through" time="0.001566645">
        </testcase>
        <testcase classname="src/renderer/plugins/plugin-api-files.test.ts" name="plugin-api-files &gt; local project &gt; readFile() calls window.clubhouse.file.read with resolved path" time="0.001417397">
        </testcase>
        <testcase classname="src/renderer/plugins/plugin-api-files.test.ts" name="plugin-api-files &gt; local project &gt; readBinary() calls window.clubhouse.file.readBinary" time="0.000995251">
        </testcase>
        <testcase classname="src/renderer/plugins/plugin-api-files.test.ts" name="plugin-api-files &gt; local project &gt; writeFile() calls window.clubhouse.file.write" time="0.000922266">
        </testcase>
        <testcase classname="src/renderer/plugins/plugin-api-files.test.ts" name="plugin-api-files &gt; local project &gt; stat() calls window.clubhouse.file.stat" time="0.000842308">
        </testcase>
        <testcase classname="src/renderer/plugins/plugin-api-files.test.ts" name="plugin-api-files &gt; local project &gt; rename() calls window.clubhouse.file.rename with both paths" time="0.000878645">
        </testcase>
        <testcase classname="src/renderer/plugins/plugin-api-files.test.ts" name="plugin-api-files &gt; local project &gt; copy() calls window.clubhouse.file.copy with both paths" time="0.001262509">
        </testcase>
        <testcase classname="src/renderer/plugins/plugin-api-files.test.ts" name="plugin-api-files &gt; local project &gt; mkdir() calls window.clubhouse.file.mkdir" time="0.000633608">
        </testcase>
        <testcase classname="src/renderer/plugins/plugin-api-files.test.ts" name="plugin-api-files &gt; local project &gt; delete() calls window.clubhouse.file.delete" time="0.000483669">
        </testcase>
        <testcase classname="src/renderer/plugins/plugin-api-files.test.ts" name="plugin-api-files &gt; local project &gt; showInFolder() calls window.clubhouse.file.showInFolder" time="0.000495672">
        </testcase>
        <testcase classname="src/renderer/plugins/plugin-api-files.test.ts" name="plugin-api-files &gt; local project &gt; search() calls window.clubhouse.file.search" time="0.000885858">
        </testcase>
        <testcase classname="src/renderer/plugins/plugin-api-files.test.ts" name="plugin-api-files &gt; local project &gt; does not call annexClient methods" time="0.000894053">
        </testcase>
        <testcase classname="src/renderer/plugins/plugin-api-files.test.ts" name="plugin-api-files &gt; remote project &gt; readTree() routes through annexClient.fileTree" time="0.001216664">
        </testcase>
        <testcase classname="src/renderer/plugins/plugin-api-files.test.ts" name="plugin-api-files &gt; remote project &gt; readTree() defaults to root path" time="0.000754984">
        </testcase>
        <testcase classname="src/renderer/plugins/plugin-api-files.test.ts" name="plugin-api-files &gt; remote project &gt; readFile() routes through annexClient.fileRead" time="0.000776374">
        </testcase>
        <testcase classname="src/renderer/plugins/plugin-api-files.test.ts" name="plugin-api-files &gt; remote project &gt; readTree() does not call local file.readTree" time="0.00071452">
        </testcase>
        <testcase classname="src/renderer/plugins/plugin-api-files.test.ts" name="plugin-api-files &gt; remote project &gt; readFile() does not call local file.read" time="0.00083799">
        </testcase>
        <testcase classname="src/renderer/plugins/plugin-api-files.test.ts" name="plugin-api-files &gt; remote project &gt; returns file tree result from annexClient" time="0.000809837">
        </testcase>
        <testcase classname="src/renderer/plugins/plugin-api-files.test.ts" name="plugin-api-files &gt; remote project &gt; returns file content from annexClient" time="0.000669566">
        </testcase>
        <testcase classname="src/renderer/plugins/plugin-api-files.test.ts" name="plugin-api-files &gt; remote project &gt; readBinary() throws &quot;not supported&quot; for remote projects" time="0.000772808">
        </testcase>
        <testcase classname="src/renderer/plugins/plugin-api-files.test.ts" name="plugin-api-files &gt; remote project &gt; writeFile() throws &quot;not supported&quot; for remote projects" time="0.000855">
        </testcase>
        <testcase classname="src/renderer/plugins/plugin-api-files.test.ts" name="plugin-api-files &gt; remote project &gt; stat() throws &quot;not supported&quot; for remote projects" time="0.000816239">
        </testcase>
        <testcase classname="src/renderer/plugins/plugin-api-files.test.ts" name="plugin-api-files &gt; remote project &gt; rename() throws &quot;not supported&quot; for remote projects" time="0.000830436">
        </testcase>
        <testcase classname="src/renderer/plugins/plugin-api-files.test.ts" name="plugin-api-files &gt; remote project &gt; copy() throws &quot;not supported&quot; for remote projects" time="0.000822831">
        </testcase>
        <testcase classname="src/renderer/plugins/plugin-api-files.test.ts" name="plugin-api-files &gt; remote project &gt; mkdir() throws &quot;not supported&quot; for remote projects" time="0.000959395">
        </testcase>
        <testcase classname="src/renderer/plugins/plugin-api-files.test.ts" name="plugin-api-files &gt; remote project &gt; delete() throws &quot;not supported&quot; for remote projects" time="0.000805829">
        </testcase>
        <testcase classname="src/renderer/plugins/plugin-api-files.test.ts" name="plugin-api-files &gt; remote project &gt; showInFolder() throws &quot;not supported&quot; for remote projects" time="0.000805378">
        </testcase>
        <testcase classname="src/renderer/plugins/plugin-api-files.test.ts" name="plugin-api-files &gt; remote project &gt; search() throws &quot;not supported&quot; for remote projects" time="0.000805949">
        </testcase>
        <testcase classname="src/renderer/plugins/plugin-api-files.test.ts" name="plugin-api-files &gt; remote project &gt; forRoot() throws &quot;not supported&quot; for remote projects" time="0.000831337">
        </testcase>
        <testcase classname="src/renderer/plugins/plugin-api-files.test.ts" name="plugin-api-files &gt; remote project &gt; watch() returns a disposable without throwing" time="0.001053049">
        </testcase>
        <testcase classname="src/renderer/plugins/plugin-api-files.test.ts" name="plugin-api-files &gt; remote project &gt; watch() does not call local file.watchStart" time="0.000834874">
        </testcase>
        <testcase classname="src/renderer/plugins/plugin-api-files.test.ts" name="plugin-api-files &gt; remote project &gt; provides a dataDir path even for remote projects" time="0.00088191">
        </testcase>
        <testcase classname="src/renderer/plugins/plugin-api-files.test.ts" name="plugin-api-files &gt; remote project &gt; no local file methods are called for supported remote operations" time="0.00135438">
        </testcase>
        <testcase classname="src/renderer/plugins/plugin-api-files.test.ts" name="plugin-api-files &gt; edge cases &gt; throws when projectPath is missing" time="0.000881991">
        </testcase>
        <testcase classname="src/renderer/plugins/plugin-api-files.test.ts" name="plugin-api-files &gt; edge cases &gt; throws when remote project ID is malformed" time="0.00088729">
        </testcase>
    </testsuite>
    <testsuite name="src/renderer/plugins/plugin-api-process.test.ts" timestamp="2026-03-25T04:47:29.947Z" hostname="runnervm46oaq" tests="4" failures="0" errors="0" skipped="0" time="0.012110426">
        <testcase classname="src/renderer/plugins/plugin-api-process.test.ts" name="createProcessAPI &gt; exec delegates to window.clubhouse.process.exec with pluginId" time="0.004872793">
        </testcase>
        <testcase classname="src/renderer/plugins/plugin-api-process.test.ts" name="createProcessAPI &gt; exec passes options when provided" time="0.000833971">
        </testcase>
        <testcase classname="src/renderer/plugins/plugin-api-process.test.ts" name="createProcessAPI &gt; exec propagates errors from IPC" time="0.002006733">
        </testcase>
        <testcase classname="src/renderer/plugins/plugin-api-process.test.ts" name="createProcessAPI &gt; uses the pluginId from context" time="0.002138769">
        </testcase>
    </testsuite>
    <testsuite name="src/renderer/plugins/plugin-api-project.test.ts" timestamp="2026-03-25T04:47:29.948Z" hostname="runnervm46oaq" tests="11" failures="0" errors="0" skipped="0" time="0.016393723">
        <testcase classname="src/renderer/plugins/plugin-api-project.test.ts" name="createProjectAPI &gt; throws if projectPath is missing" time="0.004176819">
        </testcase>
        <testcase classname="src/renderer/plugins/plugin-api-project.test.ts" name="createProjectAPI &gt; throws if projectId is missing" time="0.000671729">
        </testcase>
        <testcase classname="src/renderer/plugins/plugin-api-project.test.ts" name="createProjectAPI &gt; exposes projectPath and projectId" time="0.000488609">
        </testcase>
        <testcase classname="src/renderer/plugins/plugin-api-project.test.ts" name="createProjectAPI &gt; readFile &gt; constructs full path from projectPath + relativePath" time="0.002282155">
        </testcase>
        <testcase classname="src/renderer/plugins/plugin-api-project.test.ts" name="createProjectAPI &gt; readFile &gt; propagates read errors" time="0.002004418">
        </testcase>
        <testcase classname="src/renderer/plugins/plugin-api-project.test.ts" name="createProjectAPI &gt; writeFile &gt; constructs full path and delegates to file.write" time="0.000530818">
        </testcase>
        <testcase classname="src/renderer/plugins/plugin-api-project.test.ts" name="createProjectAPI &gt; deleteFile &gt; constructs full path and delegates to file.delete" time="0.000591561">
        </testcase>
        <testcase classname="src/renderer/plugins/plugin-api-project.test.ts" name="createProjectAPI &gt; fileExists &gt; returns true when file can be read" time="0.000349941">
        </testcase>
        <testcase classname="src/renderer/plugins/plugin-api-project.test.ts" name="createProjectAPI &gt; fileExists &gt; returns false when read throws" time="0.000807803">
        </testcase>
        <testcase classname="src/renderer/plugins/plugin-api-project.test.ts" name="createProjectAPI &gt; listDirectory &gt; maps readTree results to DirectoryEntry format" time="0.000953183">
        </testcase>
        <testcase classname="src/renderer/plugins/plugin-api-project.test.ts" name="createProjectAPI &gt; listDirectory &gt; defaults to current directory when no path provided" time="0.000346264">
        </testcase>
    </testsuite>
    <testsuite name="src/renderer/plugins/plugin-api-shared.test.ts" timestamp="2026-03-25T04:47:29.950Z" hostname="runnervm46oaq" tests="13" failures="0" errors="0" skipped="0" time="0.017647054">
        <testcase classname="src/renderer/plugins/plugin-api-shared.test.ts" name="hasPermission &gt; returns true when manifest includes the permission" time="0.003268178">
        </testcase>
        <testcase classname="src/renderer/plugins/plugin-api-shared.test.ts" name="hasPermission &gt; returns false when manifest does not include the permission" time="0.000554902">
        </testcase>
        <testcase classname="src/renderer/plugins/plugin-api-shared.test.ts" name="hasPermission &gt; returns false when manifest is undefined" time="0.000346154">
        </testcase>
        <testcase classname="src/renderer/plugins/plugin-api-shared.test.ts" name="hasPermission &gt; returns false when permissions array is missing" time="0.00053718">
        </testcase>
        <testcase classname="src/renderer/plugins/plugin-api-shared.test.ts" name="permissionDeniedProxy &gt; returns a proxy that throws on method invocation" time="0.002034565">
        </testcase>
        <testcase classname="src/renderer/plugins/plugin-api-shared.test.ts" name="permissionDeniedProxy &gt; throws with plugin id in error message" time="0.00058585">
        </testcase>
        <testcase classname="src/renderer/plugins/plugin-api-shared.test.ts" name="permissionDeniedProxy &gt; does not throw on symbol property access (React dev-mode safety)" time="0.000444847">
        </testcase>
        <testcase classname="src/renderer/plugins/plugin-api-shared.test.ts" name="handlePermissionViolation &gt; records violation in plugin store" time="0.003824343">
        </testcase>
        <testcase classname="src/renderer/plugins/plugin-api-shared.test.ts" name="handlePermissionViolation &gt; only fires once per pluginId:permission pair" time="0.001100727">
        </testcase>
        <testcase classname="src/renderer/plugins/plugin-api-shared.test.ts" name="handlePermissionViolation &gt; fires for different permissions on same plugin" time="0.00054863">
        </testcase>
        <testcase classname="src/renderer/plugins/plugin-api-shared.test.ts" name="gated &gt; returns constructed API when scope available and permission granted" time="0.000479602">
        </testcase>
        <testcase classname="src/renderer/plugins/plugin-api-shared.test.ts" name="gated &gt; returns permission denied proxy when permission missing" time="0.000466047">
        </testcase>
        <testcase classname="src/renderer/plugins/plugin-api-shared.test.ts" name="gated &gt; returns unavailable proxy when scope not available" time="0.000482257">
        </testcase>
    </testsuite>
    <testsuite name="src/renderer/plugins/plugin-api-storage.test.ts" timestamp="2026-03-25T04:47:29.952Z" hostname="runnervm46oaq" tests="7" failures="0" errors="0" skipped="0" time="0.014911577">
        <testcase classname="src/renderer/plugins/plugin-api-storage.test.ts" name="createScopedStorage &gt; read delegates to storageRead with correct scope" time="0.006625534">
        </testcase>
        <testcase classname="src/renderer/plugins/plugin-api-storage.test.ts" name="createScopedStorage &gt; write delegates to storageWrite with correct scope" time="0.00074167">
        </testcase>
        <testcase classname="src/renderer/plugins/plugin-api-storage.test.ts" name="createScopedStorage &gt; delete delegates to storageDelete with correct scope" time="0.000750225">
        </testcase>
        <testcase classname="src/renderer/plugins/plugin-api-storage.test.ts" name="createScopedStorage &gt; list delegates to storageList with correct scope" time="0.000717835">
        </testcase>
        <testcase classname="src/renderer/plugins/plugin-api-storage.test.ts" name="createStorageAPI &gt; creates project, projectLocal, and global scoped storage" time="0.000643817">
        </testcase>
        <testcase classname="src/renderer/plugins/plugin-api-storage.test.ts" name="createStorageAPI &gt; project storage uses project scope" time="0.002248854">
        </testcase>
        <testcase classname="src/renderer/plugins/plugin-api-storage.test.ts" name="createStorageAPI &gt; global storage uses global scope without projectPath" time="0.000744936">
        </testcase>
    </testsuite>
    <testsuite name="src/renderer/plugins/plugin-api-terminal.test.ts" timestamp="2026-03-25T04:47:29.954Z" hostname="runnervm46oaq" tests="29" failures="0" errors="0" skipped="0" time="0.03811688">
        <testcase classname="src/renderer/plugins/plugin-api-terminal.test.ts" name="plugin-api-terminal &gt; local project &gt; write() calls local pty.write" time="0.005110467">
        </testcase>
        <testcase classname="src/renderer/plugins/plugin-api-terminal.test.ts" name="plugin-api-terminal &gt; local project &gt; resize() calls local pty.resize" time="0.001012623">
        </testcase>
        <testcase classname="src/renderer/plugins/plugin-api-terminal.test.ts" name="plugin-api-terminal &gt; local project &gt; onData() subscribes to local pty.onData" time="0.000975775">
        </testcase>
        <testcase classname="src/renderer/plugins/plugin-api-terminal.test.ts" name="plugin-api-terminal &gt; remote project &gt; write() routes through annexClient.ptyInput" time="0.001146653">
        </testcase>
        <testcase classname="src/renderer/plugins/plugin-api-terminal.test.ts" name="plugin-api-terminal &gt; remote project &gt; resize() routes through annexClient.ptyResize" time="0.001018164">
        </testcase>
        <testcase classname="src/renderer/plugins/plugin-api-terminal.test.ts" name="plugin-api-terminal &gt; remote project &gt; getBuffer() routes through annexClient.ptyGetBuffer" time="0.002735174">
        </testcase>
        <testcase classname="src/renderer/plugins/plugin-api-terminal.test.ts" name="plugin-api-terminal &gt; remote project &gt; spawn() routes through annexClient.ptySpawnShell" time="0.00084438">
        </testcase>
        <testcase classname="src/renderer/plugins/plugin-api-terminal.test.ts" name="plugin-api-terminal &gt; remote project &gt; onData() subscribes to satellitePtyDataBus" time="0.000774561">
        </testcase>
        <testcase classname="src/renderer/plugins/plugin-api-terminal.test.ts" name="plugin-api-terminal &gt; remote project &gt; onExit() subscribes to satellitePtyExitBus" time="0.001561895">
        </testcase>
        <testcase classname="src/renderer/plugins/plugin-api-terminal.test.ts" name="plugin-api-terminal &gt; remote project &gt; kill() sends Ctrl+C and exit via ptyInput" time="0.000976567">
        </testcase>
        <testcase classname="src/renderer/plugins/plugin-api-terminal.test.ts" name="plugin-api-terminal &gt; remote project &gt; remote write does not call local pty.write" time="0.000844371">
        </testcase>
        <testcase classname="src/renderer/plugins/plugin-api-terminal.test.ts" name="plugin-api-terminal &gt; remote project &gt; remote resize does not call local pty.resize" time="0.000665859">
        </testcase>
        <testcase classname="src/renderer/plugins/plugin-api-terminal.test.ts" name="plugin-api-terminal &gt; remote project &gt; remote getBuffer does not call local pty.getBuffer" time="0.000679073">
        </testcase>
        <testcase classname="src/renderer/plugins/plugin-api-terminal.test.ts" name="plugin-api-terminal &gt; remote project &gt; remote spawn does not call local pty.spawnShell" time="0.000703839">
        </testcase>
        <testcase classname="src/renderer/plugins/plugin-api-terminal.test.ts" name="plugin-api-terminal &gt; createRemoteTerminalIO &gt; write() routes to annexClient.ptyInput with correct satellite" time="0.000759473">
        </testcase>
        <testcase classname="src/renderer/plugins/plugin-api-terminal.test.ts" name="plugin-api-terminal &gt; createRemoteTerminalIO &gt; write() does not call local pty.write" time="0.000657673">
        </testcase>
        <testcase classname="src/renderer/plugins/plugin-api-terminal.test.ts" name="plugin-api-terminal &gt; createRemoteTerminalIO &gt; resize() routes to annexClient.ptyResize with correct satellite" time="0.000742782">
        </testcase>
        <testcase classname="src/renderer/plugins/plugin-api-terminal.test.ts" name="plugin-api-terminal &gt; createRemoteTerminalIO &gt; resize() does not call local pty.resize" time="0.000552718">
        </testcase>
        <testcase classname="src/renderer/plugins/plugin-api-terminal.test.ts" name="plugin-api-terminal &gt; createRemoteTerminalIO &gt; getBuffer() routes to annexClient.ptyGetBuffer with correct satellite" time="0.000651663">
        </testcase>
        <testcase classname="src/renderer/plugins/plugin-api-terminal.test.ts" name="plugin-api-terminal &gt; createRemoteTerminalIO &gt; getBuffer() does not call local pty.getBuffer" time="0.000601579">
        </testcase>
        <testcase classname="src/renderer/plugins/plugin-api-terminal.test.ts" name="plugin-api-terminal &gt; createRemoteTerminalIO &gt; onData() subscribes to satellitePtyDataBus" time="0.000623019">
        </testcase>
        <testcase classname="src/renderer/plugins/plugin-api-terminal.test.ts" name="plugin-api-terminal &gt; createRemoteTerminalIO &gt; onData() filters events by satellite ID" time="0.003110476">
        </testcase>
        <testcase classname="src/renderer/plugins/plugin-api-terminal.test.ts" name="plugin-api-terminal &gt; createRemoteTerminalIO &gt; onData() returns an unsubscribe function" time="0.003975355">
        </testcase>
        <testcase classname="src/renderer/plugins/plugin-api-terminal.test.ts" name="plugin-api-terminal &gt; createRemoteTerminalIO &gt; onData() does not subscribe to local pty.onData" time="0.000744626">
        </testcase>
        <testcase classname="src/renderer/plugins/plugin-api-terminal.test.ts" name="plugin-api-terminal &gt; createRemoteTerminalIO &gt; onExit() subscribes to satellitePtyExitBus" time="0.000643857">
        </testcase>
        <testcase classname="src/renderer/plugins/plugin-api-terminal.test.ts" name="plugin-api-terminal &gt; createRemoteTerminalIO &gt; onExit() filters events by satellite ID" time="0.000756998">
        </testcase>
        <testcase classname="src/renderer/plugins/plugin-api-terminal.test.ts" name="plugin-api-terminal &gt; createRemoteTerminalIO &gt; onExit() returns an unsubscribe function" time="0.000644179">
        </testcase>
        <testcase classname="src/renderer/plugins/plugin-api-terminal.test.ts" name="plugin-api-terminal &gt; createRemoteTerminalIO &gt; onExit() does not subscribe to local pty.onExit" time="0.000893792">
        </testcase>
        <testcase classname="src/renderer/plugins/plugin-api-terminal.test.ts" name="plugin-api-terminal &gt; createRemoteTerminalIO &gt; passes non-zero exit codes through" time="0.000772056">
        </testcase>
    </testsuite>
    <testsuite name="src/renderer/plugins/plugin-api-version-contracts.test.ts" timestamp="2026-03-25T04:47:29.959Z" hostname="runnervm46oaq" tests="375" failures="1" errors="0" skipped="0" time="0.116688581">
        <testcase classname="src/renderer/plugins/plugin-api-version-contracts.test.ts" name="§1 SUPPORTED_API_VERSIONS integrity &gt; is a frozen array of numbers" time="0.002824273">
        </testcase>
        <testcase classname="src/renderer/plugins/plugin-api-version-contracts.test.ts" name="§1 SUPPORTED_API_VERSIONS integrity &gt; contains exactly [0.5, 0.6, 0.7, 0.8, 0.9]" time="0.001084707">
        </testcase>
        <testcase classname="src/renderer/plugins/plugin-api-version-contracts.test.ts" name="§1 SUPPORTED_API_VERSIONS integrity &gt; does NOT contain v0.4 (dropped this cycle)" time="0.001081932">
        </testcase>
        <testcase classname="src/renderer/plugins/plugin-api-version-contracts.test.ts" name="§1 SUPPORTED_API_VERSIONS integrity &gt; does NOT contain v0.3 or lower" time="0.000722103">
        </testcase>
        <testcase classname="src/renderer/plugins/plugin-api-version-contracts.test.ts" name="§1 SUPPORTED_API_VERSIONS integrity &gt; does NOT contain v1.0 or higher (not yet released)" time="0.000306731">
        </testcase>
        <testcase classname="src/renderer/plugins/plugin-api-version-contracts.test.ts" name="§1b DEPRECATED_PLUGIN_API_VERSIONS &gt; marks v0.5 and v0.6 as deprecated" time="0.000242942">
        </testcase>
        <testcase classname="src/renderer/plugins/plugin-api-version-contracts.test.ts" name="§1b DEPRECATED_PLUGIN_API_VERSIONS &gt; does not mark v0.7 or v0.8 as deprecated" time="0.000293897">
        </testcase>
        <testcase classname="src/renderer/plugins/plugin-api-version-contracts.test.ts" name="§1b DEPRECATED_PLUGIN_API_VERSIONS &gt; v0.5 manifest validates but returns deprecation warning" time="0.001424721">
        </testcase>
        <testcase classname="src/renderer/plugins/plugin-api-version-contracts.test.ts" name="§1b DEPRECATED_PLUGIN_API_VERSIONS &gt; v0.6 manifest validates but returns deprecation warning" time="0.000933607">
        </testcase>
        <testcase classname="src/renderer/plugins/plugin-api-version-contracts.test.ts" name="§1b DEPRECATED_PLUGIN_API_VERSIONS &gt; v0.7 manifest validates with no deprecation warnings" time="0.000804797">
        </testcase>
        <testcase classname="src/renderer/plugins/plugin-api-version-contracts.test.ts" name="§1b DEPRECATED_PLUGIN_API_VERSIONS &gt; v0.8 manifest validates with no deprecation warnings" time="0.000518965">
        </testcase>
        <testcase classname="src/renderer/plugins/plugin-api-version-contracts.test.ts" name="§1b DEPRECATED_PLUGIN_API_VERSIONS &gt; deprecation warning includes removal target version" time="0.000254854">
        </testcase>
        <testcase classname="src/renderer/plugins/plugin-api-version-contracts.test.ts" name="§2 Per-version manifest validation &gt; v0.4 manifest rejection &gt; rejects a manifest targeting API v0.4" time="0.000657362">
        </testcase>
        <testcase classname="src/renderer/plugins/plugin-api-version-contracts.test.ts" name="§2 Per-version manifest validation &gt; v0.4 manifest rejection &gt; error message mentions supported versions" time="0.000412036">
        </testcase>
        <testcase classname="src/renderer/plugins/plugin-api-version-contracts.test.ts" name="§2 Per-version manifest validation &gt; v0.5 minimal manifest validation &gt; accepts a minimal valid v0.5 manifest" time="0.000250606">
        </testcase>
        <testcase classname="src/renderer/plugins/plugin-api-version-contracts.test.ts" name="§2 Per-version manifest validation &gt; v0.5 minimal manifest validation &gt; requires contributes.help for v0.5" time="0.000238132">
        </testcase>
        <testcase classname="src/renderer/plugins/plugin-api-version-contracts.test.ts" name="§2 Per-version manifest validation &gt; v0.5 minimal manifest validation &gt; requires permissions array for v0.5" time="0.000192388">
        </testcase>
        <testcase classname="src/renderer/plugins/plugin-api-version-contracts.test.ts" name="§2 Per-version manifest validation &gt; v0.5 minimal manifest validation &gt; accepts v0.5 with each scope (project, app, dual)" time="0.000213517">
        </testcase>
        <testcase classname="src/renderer/plugins/plugin-api-version-contracts.test.ts" name="§2 Per-version manifest validation &gt; v0.5 full manifest validation &gt; accepts a fully-specified v0.5 manifest" time="0.000379136">
        </testcase>
        <testcase classname="src/renderer/plugins/plugin-api-version-contracts.test.ts" name="§2 Per-version manifest validation &gt; v0.5 full manifest validation &gt; validates help topics shape" time="0.000241259">
        </testcase>
        <testcase classname="src/renderer/plugins/plugin-api-version-contracts.test.ts" name="§2 Per-version manifest validation &gt; v0.5 full manifest validation &gt; validates each permission string against ALL_PLUGIN_PERMISSIONS" time="0.000245236">
        </testcase>
        <testcase classname="src/renderer/plugins/plugin-api-version-contracts.test.ts" name="§2 Per-version manifest validation &gt; v0.5 full manifest validation &gt; rejects duplicate permissions" time="0.000271545">
        </testcase>
        <testcase classname="src/renderer/plugins/plugin-api-version-contracts.test.ts" name="§2 Per-version manifest validation &gt; v0.5 full manifest validation &gt; rejects v0.5 defaultBinding in commands (v0.6 feature)" time="0.000312872">
        </testcase>
        <testcase classname="src/renderer/plugins/plugin-api-version-contracts.test.ts" name="§2 Per-version manifest validation &gt; v0.6 minimal manifest validation &gt; accepts a minimal valid v0.6 manifest" time="0.00033368">
        </testcase>
        <testcase classname="src/renderer/plugins/plugin-api-version-contracts.test.ts" name="§2 Per-version manifest validation &gt; v0.6 minimal manifest validation &gt; requires contributes.help for v0.6 (inherited from v0.5+ rule)" time="0.000278198">
        </testcase>
        <testcase classname="src/renderer/plugins/plugin-api-version-contracts.test.ts" name="§2 Per-version manifest validation &gt; v0.6 minimal manifest validation &gt; requires permissions array for v0.6" time="0.000268419">
        </testcase>
        <testcase classname="src/renderer/plugins/plugin-api-version-contracts.test.ts" name="§2 Per-version manifest validation &gt; v0.6 full manifest validation &gt; accepts a fully-specified v0.6 manifest" time="0.000426112">
        </testcase>
        <testcase classname="src/renderer/plugins/plugin-api-version-contracts.test.ts" name="§2 Per-version manifest validation &gt; v0.6 full manifest validation &gt; allows defaultBinding on v0.6 commands" time="0.000215962">
        </testcase>
        <testcase classname="src/renderer/plugins/plugin-api-version-contracts.test.ts" name="§2 Per-version manifest validation &gt; v0.6 full manifest validation &gt; allows global: true on v0.6 commands" time="0.000235728">
        </testcase>
        <testcase classname="src/renderer/plugins/plugin-api-version-contracts.test.ts" name="§2 Per-version manifest validation &gt; v0.6 agent-config permission hierarchy &gt; accepts agent-config.cross-project with base agent-config" time="0.000199291">
        </testcase>
        <testcase classname="src/renderer/plugins/plugin-api-version-contracts.test.ts" name="§2 Per-version manifest validation &gt; v0.6 agent-config permission hierarchy &gt; rejects agent-config.cross-project WITHOUT base agent-config" time="0.000248923">
        </testcase>
        <testcase classname="src/renderer/plugins/plugin-api-version-contracts.test.ts" name="§2 Per-version manifest validation &gt; v0.6 agent-config permission hierarchy &gt; rejects agent-config.permissions WITHOUT base agent-config" time="0.000264903">
        </testcase>
        <testcase classname="src/renderer/plugins/plugin-api-version-contracts.test.ts" name="§2 Per-version manifest validation &gt; v0.6 agent-config permission hierarchy &gt; rejects agent-config.mcp WITHOUT base agent-config" time="0.000310187">
        </testcase>
        <testcase classname="src/renderer/plugins/plugin-api-version-contracts.test.ts" name="§2 Per-version manifest validation &gt; v0.6 agent-config permission hierarchy &gt; accepts all agent-config sub-permissions with base" time="0.000188771">
        </testcase>
        <testcase classname="src/renderer/plugins/plugin-api-version-contracts.test.ts" name="§2 Per-version manifest validation &gt; v0.6 agents.free-agent-mode permission hierarchy &gt; accepts agents.free-agent-mode with base agents permission" time="0.000190174">
        </testcase>
        <testcase classname="src/renderer/plugins/plugin-api-version-contracts.test.ts" name="§2 Per-version manifest validation &gt; v0.6 agents.free-agent-mode permission hierarchy &gt; rejects agents.free-agent-mode WITHOUT base agents permission" time="0.000260895">
        </testcase>
        <testcase classname="src/renderer/plugins/plugin-api-version-contracts.test.ts" name="§2 Per-version manifest validation &gt; every supported version passes with each valid scope &gt; v0.5 with scope=&quot;project&quot; passes validation" time="0.000184814">
        </testcase>
        <testcase classname="src/renderer/plugins/plugin-api-version-contracts.test.ts" name="§2 Per-version manifest validation &gt; every supported version passes with each valid scope &gt; v0.5 with scope=&quot;app&quot; passes validation" time="0.000099335">
        </testcase>
        <testcase classname="src/renderer/plugins/plugin-api-version-contracts.test.ts" name="§2 Per-version manifest validation &gt; every supported version passes with each valid scope &gt; v0.5 with scope=&quot;dual&quot; passes validation" time="0.000089106">
        </testcase>
        <testcase classname="src/renderer/plugins/plugin-api-version-contracts.test.ts" name="§2 Per-version manifest validation &gt; every supported version passes with each valid scope &gt; v0.6 with scope=&quot;project&quot; passes validation" time="0.000084757">
        </testcase>
        <testcase classname="src/renderer/plugins/plugin-api-version-contracts.test.ts" name="§2 Per-version manifest validation &gt; every supported version passes with each valid scope &gt; v0.6 with scope=&quot;app&quot; passes validation" time="0.000082112">
        </testcase>
        <testcase classname="src/renderer/plugins/plugin-api-version-contracts.test.ts" name="§2 Per-version manifest validation &gt; every supported version passes with each valid scope &gt; v0.6 with scope=&quot;dual&quot; passes validation" time="0.000079398">
        </testcase>
        <testcase classname="src/renderer/plugins/plugin-api-version-contracts.test.ts" name="§2 Per-version manifest validation &gt; every supported version passes with each valid scope &gt; v0.7 with scope=&quot;project&quot; passes validation" time="0.00011307">
        </testcase>
        <testcase classname="src/renderer/plugins/plugin-api-version-contracts.test.ts" name="§2 Per-version manifest validation &gt; every supported version passes with each valid scope &gt; v0.7 with scope=&quot;app&quot; passes validation" time="0.000094846">
        </testcase>
        <testcase classname="src/renderer/plugins/plugin-api-version-contracts.test.ts" name="§2 Per-version manifest validation &gt; every supported version passes with each valid scope &gt; v0.7 with scope=&quot;dual&quot; passes validation" time="0.00008006">
        </testcase>
        <testcase classname="src/renderer/plugins/plugin-api-version-contracts.test.ts" name="§2 Per-version manifest validation &gt; every supported version passes with each valid scope &gt; v0.8 with scope=&quot;project&quot; passes validation" time="0.000087994">
        </testcase>
        <testcase classname="src/renderer/plugins/plugin-api-version-contracts.test.ts" name="§2 Per-version manifest validation &gt; every supported version passes with each valid scope &gt; v0.8 with scope=&quot;app&quot; passes validation" time="0.000170657">
        </testcase>
        <testcase classname="src/renderer/plugins/plugin-api-version-contracts.test.ts" name="§2 Per-version manifest validation &gt; every supported version passes with each valid scope &gt; v0.8 with scope=&quot;dual&quot; passes validation" time="0.000096079">
        </testcase>
        <testcase classname="src/renderer/plugins/plugin-api-version-contracts.test.ts" name="§2 Per-version manifest validation &gt; every supported version passes with each valid scope &gt; v0.9 with scope=&quot;project&quot; passes validation" time="0.000080139">
        </testcase>
        <testcase classname="src/renderer/plugins/plugin-api-version-contracts.test.ts" name="§2 Per-version manifest validation &gt; every supported version passes with each valid scope &gt; v0.9 with scope=&quot;app&quot; passes validation" time="0.000074108">
        </testcase>
        <testcase classname="src/renderer/plugins/plugin-api-version-contracts.test.ts" name="§2 Per-version manifest validation &gt; every supported version passes with each valid scope &gt; v0.9 with scope=&quot;dual&quot; passes validation" time="0.000067776">
        </testcase>
        <testcase classname="src/renderer/plugins/plugin-api-version-contracts.test.ts" name="§2 Per-version manifest validation &gt; every permission in ALL_PLUGIN_PERMISSIONS is accepted individually &gt; permission &quot;files&quot; is accepted in a valid manifest" time="0.000199321">
        </testcase>
        <testcase classname="src/renderer/plugins/plugin-api-version-contracts.test.ts" name="§2 Per-version manifest validation &gt; every permission in ALL_PLUGIN_PERMISSIONS is accepted individually &gt; permission &quot;files.external&quot; is accepted in a valid manifest" time="0.000185064">
        </testcase>
        <testcase classname="src/renderer/plugins/plugin-api-version-contracts.test.ts" name="§2 Per-version manifest validation &gt; every permission in ALL_PLUGIN_PERMISSIONS is accepted individually &gt; permission &quot;files.watch&quot; is accepted in a valid manifest" time="0.000127357">
        </testcase>
        <testcase classname="src/renderer/plugins/plugin-api-version-contracts.test.ts" name="§2 Per-version manifest validation &gt; every permission in ALL_PLUGIN_PERMISSIONS is accepted individually &gt; permission &quot;git&quot; is accepted in a valid manifest" time="0.000151231">
        </testcase>
        <testcase classname="src/renderer/plugins/plugin-api-version-contracts.test.ts" name="§2 Per-version manifest validation &gt; every permission in ALL_PLUGIN_PERMISSIONS is accepted individually &gt; permission &quot;terminal&quot; is accepted in a valid manifest" time="0.000132116">
        </testcase>
        <testcase classname="src/renderer/plugins/plugin-api-version-contracts.test.ts" name="§2 Per-version manifest validation &gt; every permission in ALL_PLUGIN_PERMISSIONS is accepted individually &gt; permission &quot;agents&quot; is accepted in a valid manifest" time="0.000116356">
        </testcase>
        <testcase classname="src/renderer/plugins/plugin-api-version-contracts.test.ts" name="§2 Per-version manifest validation &gt; every permission in ALL_PLUGIN_PERMISSIONS is accepted individually &gt; permission &quot;notifications&quot; is accepted in a valid manifest" time="0.000126215">
        </testcase>
        <testcase classname="src/renderer/plugins/plugin-api-version-contracts.test.ts" name="§2 Per-version manifest validation &gt; every permission in ALL_PLUGIN_PERMISSIONS is accepted individually &gt; permission &quot;storage&quot; is accepted in a valid manifest" time="0.000175606">
        </testcase>
        <testcase classname="src/renderer/plugins/plugin-api-version-contracts.test.ts" name="§2 Per-version manifest validation &gt; every permission in ALL_PLUGIN_PERMISSIONS is accepted individually &gt; permission &quot;navigation&quot; is accepted in a valid manifest" time="0.000132776">
        </testcase>
        <testcase classname="src/renderer/plugins/plugin-api-version-contracts.test.ts" name="§2 Per-version manifest validation &gt; every permission in ALL_PLUGIN_PERMISSIONS is accepted individually &gt; permission &quot;projects&quot; is accepted in a valid manifest" time="0.000126796">
        </testcase>
        <testcase classname="src/renderer/plugins/plugin-api-version-contracts.test.ts" name="§2 Per-version manifest validation &gt; every permission in ALL_PLUGIN_PERMISSIONS is accepted individually &gt; permission &quot;commands&quot; is accepted in a valid manifest" time="0.000137556">
        </testcase>
        <testcase classname="src/renderer/plugins/plugin-api-version-contracts.test.ts" name="§2 Per-version manifest validation &gt; every permission in ALL_PLUGIN_PERMISSIONS is accepted individually &gt; permission &quot;events&quot; is accepted in a valid manifest" time="0.000129882">
        </testcase>
        <testcase classname="src/renderer/plugins/plugin-api-version-contracts.test.ts" name="§2 Per-version manifest validation &gt; every permission in ALL_PLUGIN_PERMISSIONS is accepted individually &gt; permission &quot;widgets&quot; is accepted in a valid manifest" time="0.000124312">
        </testcase>
        <testcase classname="src/renderer/plugins/plugin-api-version-contracts.test.ts" name="§2 Per-version manifest validation &gt; every permission in ALL_PLUGIN_PERMISSIONS is accepted individually &gt; permission &quot;logging&quot; is accepted in a valid manifest" time="0.000138949">
        </testcase>
        <testcase classname="src/renderer/plugins/plugin-api-version-contracts.test.ts" name="§2 Per-version manifest validation &gt; every permission in ALL_PLUGIN_PERMISSIONS is accepted individually &gt; permission &quot;process&quot; is accepted in a valid manifest" time="0.000191125">
        </testcase>
        <testcase classname="src/renderer/plugins/plugin-api-version-contracts.test.ts" name="§2 Per-version manifest validation &gt; every permission in ALL_PLUGIN_PERMISSIONS is accepted individually &gt; permission &quot;badges&quot; is accepted in a valid manifest" time="0.00014001">
        </testcase>
        <testcase classname="src/renderer/plugins/plugin-api-version-contracts.test.ts" name="§2 Per-version manifest validation &gt; every permission in ALL_PLUGIN_PERMISSIONS is accepted individually &gt; permission &quot;agent-config&quot; is accepted in a valid manifest" time="0.000139219">
        </testcase>
        <testcase classname="src/renderer/plugins/plugin-api-version-contracts.test.ts" name="§2 Per-version manifest validation &gt; every permission in ALL_PLUGIN_PERMISSIONS is accepted individually &gt; permission &quot;agent-config.cross-project&quot; is accepted in a valid manifest" time="0.000121586">
        </testcase>
        <testcase classname="src/renderer/plugins/plugin-api-version-contracts.test.ts" name="§2 Per-version manifest validation &gt; every permission in ALL_PLUGIN_PERMISSIONS is accepted individually &gt; permission &quot;agent-config.permissions&quot; is accepted in a valid manifest" time="0.000124291">
        </testcase>
        <testcase classname="src/renderer/plugins/plugin-api-version-contracts.test.ts" name="§2 Per-version manifest validation &gt; every permission in ALL_PLUGIN_PERMISSIONS is accepted individually &gt; permission &quot;agents.free-agent-mode&quot; is accepted in a valid manifest" time="0.000168283">
        </testcase>
        <testcase classname="src/renderer/plugins/plugin-api-version-contracts.test.ts" name="§2 Per-version manifest validation &gt; every permission in ALL_PLUGIN_PERMISSIONS is accepted individually &gt; permission &quot;agent-config.mcp&quot; is accepted in a valid manifest" time="0.000170026">
        </testcase>
        <testcase classname="src/renderer/plugins/plugin-api-version-contracts.test.ts" name="§2 Per-version manifest validation &gt; every permission in ALL_PLUGIN_PERMISSIONS is accepted individually &gt; permission &quot;sounds&quot; is accepted in a valid manifest" time="0.000133649">
        </testcase>
        <testcase classname="src/renderer/plugins/plugin-api-version-contracts.test.ts" name="§2 Per-version manifest validation &gt; every permission in ALL_PLUGIN_PERMISSIONS is accepted individually &gt; permission &quot;theme&quot; is accepted in a valid manifest" time="0.000083526">
        </testcase>
        <testcase classname="src/renderer/plugins/plugin-api-version-contracts.test.ts" name="§2 Per-version manifest validation &gt; every permission in ALL_PLUGIN_PERMISSIONS is accepted individually &gt; permission &quot;workspace&quot; is accepted in a valid manifest" time="0.000084056">
        </testcase>
        <testcase classname="src/renderer/plugins/plugin-api-version-contracts.test.ts" name="§2 Per-version manifest validation &gt; every permission in ALL_PLUGIN_PERMISSIONS is accepted individually &gt; permission &quot;workspace.watch&quot; is accepted in a valid manifest" time="0.00007538">
        </testcase>
        <testcase classname="src/renderer/plugins/plugin-api-version-contracts.test.ts" name="§2 Per-version manifest validation &gt; every permission in ALL_PLUGIN_PERMISSIONS is accepted individually &gt; permission &quot;workspace.cross-plugin&quot; is accepted in a valid manifest" time="0.0000752">
        </testcase>
        <testcase classname="src/renderer/plugins/plugin-api-version-contracts.test.ts" name="§2 Per-version manifest validation &gt; every permission in ALL_PLUGIN_PERMISSIONS is accepted individually &gt; permission &quot;workspace.shared&quot; is accepted in a valid manifest" time="0.000071483">
        </testcase>
        <testcase classname="src/renderer/plugins/plugin-api-version-contracts.test.ts" name="§2 Per-version manifest validation &gt; every permission in ALL_PLUGIN_PERMISSIONS is accepted individually &gt; permission &quot;workspace.cross-project&quot; is accepted in a valid manifest" time="0.000072274">
        </testcase>
        <testcase classname="src/renderer/plugins/plugin-api-version-contracts.test.ts" name="§2 Per-version manifest validation &gt; every permission in ALL_PLUGIN_PERMISSIONS is accepted individually &gt; permission &quot;canvas&quot; is accepted in a valid manifest" time="0.000152674">
        </testcase>
        <testcase classname="src/renderer/plugins/plugin-api-version-contracts.test.ts" name="§2 Per-version manifest validation &gt; every permission in ALL_PLUGIN_PERMISSIONS is accepted individually &gt; permission &quot;annex&quot; is accepted in a valid manifest" time="0.000127257">
        </testcase>
        <testcase classname="src/renderer/plugins/plugin-api-version-contracts.test.ts" name="§2 Per-version manifest validation &gt; every permission in ALL_PLUGIN_PERMISSIONS is accepted individually &gt; v0.9 manifests are rejected (reserved for v0.39)" time="0.012422431">
            <failure message="expected true to be false // Object.is equality" type="AssertionError">
AssertionError: expected true to be false // Object.is equality

- Expected
+ Received

- false
+ true

 ❯ src/renderer/plugins/plugin-api-version-contracts.test.ts:687:28
            </failure>
        </testcase>
        <testcase classname="src/renderer/plugins/plugin-api-version-contracts.test.ts" name="§2 Per-version manifest validation &gt; scope/contributes consistency for all versions &gt; v0.5: project-scoped plugin cannot have railItem" time="0.000332459">
        </testcase>
        <testcase classname="src/renderer/plugins/plugin-api-version-contracts.test.ts" name="§2 Per-version manifest validation &gt; scope/contributes consistency for all versions &gt; v0.5: app-scoped plugin cannot have tab" time="0.000282305">
        </testcase>
        <testcase classname="src/renderer/plugins/plugin-api-version-contracts.test.ts" name="§2 Per-version manifest validation &gt; scope/contributes consistency for all versions &gt; v0.5: dual-scoped plugin can have both tab and railItem" time="0.000209429">
        </testcase>
        <testcase classname="src/renderer/plugins/plugin-api-version-contracts.test.ts" name="§2 Per-version manifest validation &gt; scope/contributes consistency for all versions &gt; v0.6: project-scoped plugin cannot have railItem" time="0.000161711">
        </testcase>
        <testcase classname="src/renderer/plugins/plugin-api-version-contracts.test.ts" name="§2 Per-version manifest validation &gt; scope/contributes consistency for all versions &gt; v0.6: app-scoped plugin cannot have tab" time="0.000147745">
        </testcase>
        <testcase classname="src/renderer/plugins/plugin-api-version-contracts.test.ts" name="§2 Per-version manifest validation &gt; scope/contributes consistency for all versions &gt; v0.6: dual-scoped plugin can have both tab and railItem" time="0.000120024">
        </testcase>
        <testcase classname="src/renderer/plugins/plugin-api-version-contracts.test.ts" name="§2 Per-version manifest validation &gt; scope/contributes consistency for all versions &gt; v0.7: project-scoped plugin cannot have railItem" time="0.000160719">
        </testcase>
        <testcase classname="src/renderer/plugins/plugin-api-version-contracts.test.ts" name="§2 Per-version manifest validation &gt; scope/contributes consistency for all versions &gt; v0.7: app-scoped plugin cannot have tab" time="0.000171349">
        </testcase>
        <testcase classname="src/renderer/plugins/plugin-api-version-contracts.test.ts" name="§2 Per-version manifest validation &gt; scope/contributes consistency for all versions &gt; v0.7: dual-scoped plugin can have both tab and railItem" time="0.000104725">
        </testcase>
        <testcase classname="src/renderer/plugins/plugin-api-version-contracts.test.ts" name="§2 Per-version manifest validation &gt; scope/contributes consistency for all versions &gt; v0.8: project-scoped plugin cannot have railItem" time="0.000122468">
        </testcase>
        <testcase classname="src/renderer/plugins/plugin-api-version-contracts.test.ts" name="§2 Per-version manifest validation &gt; scope/contributes consistency for all versions &gt; v0.8: app-scoped plugin cannot have tab" time="0.000118721">
        </testcase>
        <testcase classname="src/renderer/plugins/plugin-api-version-contracts.test.ts" name="§2 Per-version manifest validation &gt; scope/contributes consistency for all versions &gt; v0.8: dual-scoped plugin can have both tab and railItem" time="0.000097652">
        </testcase>
        <testcase classname="src/renderer/plugins/plugin-api-version-contracts.test.ts" name="§2 Per-version manifest validation &gt; scope/contributes consistency for all versions &gt; v0.9: project-scoped plugin cannot have railItem" time="0.000117138">
        </testcase>
        <testcase classname="src/renderer/plugins/plugin-api-version-contracts.test.ts" name="§2 Per-version manifest validation &gt; scope/contributes consistency for all versions &gt; v0.9: app-scoped plugin cannot have tab" time="0.000117799">
        </testcase>
        <testcase classname="src/renderer/plugins/plugin-api-version-contracts.test.ts" name="§2 Per-version manifest validation &gt; scope/contributes consistency for all versions &gt; v0.9: dual-scoped plugin can have both tab and railItem" time="0.00011256">
        </testcase>
        <testcase classname="src/renderer/plugins/plugin-api-version-contracts.test.ts" name="§2 Per-version manifest validation &gt; externalRoots / files.external coupling &gt; rejects externalRoots without files.external permission" time="0.00026388">
        </testcase>
        <testcase classname="src/renderer/plugins/plugin-api-version-contracts.test.ts" name="§2 Per-version manifest validation &gt; externalRoots / files.external coupling &gt; rejects files.external without externalRoots" time="0.000242411">
        </testcase>
        <testcase classname="src/renderer/plugins/plugin-api-version-contracts.test.ts" name="§2 Per-version manifest validation &gt; externalRoots / files.external coupling &gt; accepts files.external with valid externalRoots" time="0.000176639">
        </testcase>
        <testcase classname="src/renderer/plugins/plugin-api-version-contracts.test.ts" name="§2 Per-version manifest validation &gt; allowedCommands / process permission coupling &gt; rejects process without allowedCommands" time="0.000273779">
        </testcase>
        <testcase classname="src/renderer/plugins/plugin-api-version-contracts.test.ts" name="§2 Per-version manifest validation &gt; allowedCommands / process permission coupling &gt; rejects allowedCommands without process permission" time="0.000235698">
        </testcase>
        <testcase classname="src/renderer/plugins/plugin-api-version-contracts.test.ts" name="§2 Per-version manifest validation &gt; allowedCommands / process permission coupling &gt; rejects path separators in allowedCommands" time="0.000406095">
        </testcase>
        <testcase classname="src/renderer/plugins/plugin-api-version-contracts.test.ts" name="§2b v0.7 pack plugins and new contributions &gt; pack plugin validation &gt; accepts a valid sound pack manifest" time="0.000256557">
        </testcase>
        <testcase classname="src/renderer/plugins/plugin-api-version-contracts.test.ts" name="§2b v0.7 pack plugins and new contributions &gt; pack plugin validation &gt; accepts a valid theme pack manifest" time="0.000304025">
        </testcase>
        <testcase classname="src/renderer/plugins/plugin-api-version-contracts.test.ts" name="§2b v0.7 pack plugins and new contributions &gt; pack plugin validation &gt; accepts a valid agent config pack manifest" time="0.000221372">
        </testcase>
        <testcase classname="src/renderer/plugins/plugin-api-version-contracts.test.ts" name="§2b v0.7 pack plugins and new contributions &gt; pack plugin validation &gt; rejects pack with kind but API &lt; 0.7" time="0.000226121">
        </testcase>
        <testcase classname="src/renderer/plugins/plugin-api-version-contracts.test.ts" name="§2b v0.7 pack plugins and new contributions &gt; pack plugin validation &gt; rejects pack with main entry" time="0.000247049">
        </testcase>
        <testcase classname="src/renderer/plugins/plugin-api-version-contracts.test.ts" name="§2b v0.7 pack plugins and new contributions &gt; pack plugin validation &gt; rejects pack with settingsPanel" time="0.000217995">
        </testcase>
        <testcase classname="src/renderer/plugins/plugin-api-version-contracts.test.ts" name="§2b v0.7 pack plugins and new contributions &gt; pack plugin validation &gt; rejects pack with tab contribution" time="0.000211083">
        </testcase>
        <testcase classname="src/renderer/plugins/plugin-api-version-contracts.test.ts" name="§2b v0.7 pack plugins and new contributions &gt; pack plugin validation &gt; rejects pack with railItem contribution" time="0.000216162">
        </testcase>
        <testcase classname="src/renderer/plugins/plugin-api-version-contracts.test.ts" name="§2b v0.7 pack plugins and new contributions &gt; pack plugin validation &gt; rejects pack with globalDialog contribution" time="0.000241198">
        </testcase>
        <testcase classname="src/renderer/plugins/plugin-api-version-contracts.test.ts" name="§2b v0.7 pack plugins and new contributions &gt; pack plugin validation &gt; rejects pack without any pack contributions" time="0.000235278">
        </testcase>
        <testcase classname="src/renderer/plugins/plugin-api-version-contracts.test.ts" name="§2b v0.7 pack plugins and new contributions &gt; pack plugin validation &gt; pack plugins do not require permissions array" time="0.000131404">
        </testcase>
        <testcase classname="src/renderer/plugins/plugin-api-version-contracts.test.ts" name="§2b v0.7 pack plugins and new contributions &gt; pack plugin validation &gt; pack plugins do not require contributes.help" time="0.00012894">
        </testcase>
        <testcase classname="src/renderer/plugins/plugin-api-version-contracts.test.ts" name="§2b v0.7 pack plugins and new contributions &gt; pack plugin validation &gt; rejects invalid kind value" time="0.000185716">
        </testcase>
        <testcase classname="src/renderer/plugins/plugin-api-version-contracts.test.ts" name="§2b v0.7 pack plugins and new contributions &gt; contributes.themes validation &gt; accepts valid themes contribution" time="0.000142596">
        </testcase>
        <testcase classname="src/renderer/plugins/plugin-api-version-contracts.test.ts" name="§2b v0.7 pack plugins and new contributions &gt; contributes.themes validation &gt; rejects themes on API &lt; 0.7" time="0.000250597">
        </testcase>
        <testcase classname="src/renderer/plugins/plugin-api-version-contracts.test.ts" name="§2b v0.7 pack plugins and new contributions &gt; contributes.themes validation &gt; rejects themes when not an array" time="0.00029019">
        </testcase>
        <testcase classname="src/renderer/plugins/plugin-api-version-contracts.test.ts" name="§2b v0.7 pack plugins and new contributions &gt; contributes.themes validation &gt; rejects theme entry missing required fields" time="0.000340293">
        </testcase>
        <testcase classname="src/renderer/plugins/plugin-api-version-contracts.test.ts" name="§2b v0.7 pack plugins and new contributions &gt; contributes.agentConfig validation &gt; accepts valid agentConfig contribution" time="0.000163254">
        </testcase>
        <testcase classname="src/renderer/plugins/plugin-api-version-contracts.test.ts" name="§2b v0.7 pack plugins and new contributions &gt; contributes.agentConfig validation &gt; rejects agentConfig on API &lt; 0.7" time="0.00027454">
        </testcase>
        <testcase classname="src/renderer/plugins/plugin-api-version-contracts.test.ts" name="§2b v0.7 pack plugins and new contributions &gt; contributes.agentConfig validation &gt; rejects agentConfig.skills when not an object" time="0.000244605">
        </testcase>
        <testcase classname="src/renderer/plugins/plugin-api-version-contracts.test.ts" name="§2b v0.7 pack plugins and new contributions &gt; contributes.globalDialog validation &gt; accepts valid globalDialog contribution" time="0.000190915">
        </testcase>
        <testcase classname="src/renderer/plugins/plugin-api-version-contracts.test.ts" name="§2b v0.7 pack plugins and new contributions &gt; contributes.globalDialog validation &gt; rejects globalDialog on API &lt; 0.7" time="0.000239385">
        </testcase>
        <testcase classname="src/renderer/plugins/plugin-api-version-contracts.test.ts" name="§2b v0.7 pack plugins and new contributions &gt; contributes.globalDialog validation &gt; rejects globalDialog without label" time="0.000282636">
        </testcase>
        <testcase classname="src/renderer/plugins/plugin-api-version-contracts.test.ts" name="§2b v0.7 pack plugins and new contributions &gt; files.watch permission hierarchy &gt; accepts files.watch with base files permission" time="0.000173613">
        </testcase>
        <testcase classname="src/renderer/plugins/plugin-api-version-contracts.test.ts" name="§2b v0.7 pack plugins and new contributions &gt; files.watch permission hierarchy &gt; rejects files.watch WITHOUT base files permission" time="0.000228485">
        </testcase>
        <testcase classname="src/renderer/plugins/plugin-api-version-contracts.test.ts" name="§2b v0.7 pack plugins and new contributions &gt; workspace permission hierarchy &gt; accepts workspace permission on v0.7 manifest" time="0.000167201">
        </testcase>
        <testcase classname="src/renderer/plugins/plugin-api-version-contracts.test.ts" name="§2b v0.7 pack plugins and new contributions &gt; workspace permission hierarchy &gt; accepts workspace.watch with base workspace permission" time="0.000174735">
        </testcase>
        <testcase classname="src/renderer/plugins/plugin-api-version-contracts.test.ts" name="§2b v0.7 pack plugins and new contributions &gt; workspace permission hierarchy &gt; rejects workspace.watch WITHOUT base workspace permission" time="0.000203388">
        </testcase>
        <testcase classname="src/renderer/plugins/plugin-api-version-contracts.test.ts" name="§2b v0.7 pack plugins and new contributions &gt; workspace permission hierarchy &gt; rejects workspace.cross-plugin WITHOUT base workspace permission" time="0.000187629">
        </testcase>
        <testcase classname="src/renderer/plugins/plugin-api-version-contracts.test.ts" name="§2b v0.7 pack plugins and new contributions &gt; workspace permission hierarchy &gt; rejects workspace.cross-project WITHOUT base workspace permission" time="0.000184483">
        </testcase>
        <testcase classname="src/renderer/plugins/plugin-api-version-contracts.test.ts" name="§2b v0.7 pack plugins and new contributions &gt; workspace permission hierarchy &gt; rejects workspace permissions on API &lt; 0.7" time="0.000195133">
        </testcase>
        <testcase classname="src/renderer/plugins/plugin-api-version-contracts.test.ts" name="§2b v0.7 pack plugins and new contributions &gt; workspace permission hierarchy &gt; accepts all workspace sub-permissions together" time="0.000142475">
        </testcase>
        <testcase classname="src/renderer/plugins/plugin-api-version-contracts.test.ts" name="§2b v0.7 pack plugins and new contributions &gt; v0.7 minimal manifest validation &gt; accepts a minimal valid v0.7 manifest" time="0.000342357">
        </testcase>
        <testcase classname="src/renderer/plugins/plugin-api-version-contracts.test.ts" name="§2b v0.7 pack plugins and new contributions &gt; v0.7 minimal manifest validation &gt; kind: &quot;plugin&quot; is accepted as default" time="0.000168183">
        </testcase>
        <testcase classname="src/renderer/plugins/plugin-api-version-contracts.test.ts" name="§2b v0.7 pack plugins and new contributions &gt; v0.8 minimal manifest validation &gt; accepts a minimal valid v0.8 manifest" time="0.000238394">
        </testcase>
        <testcase classname="src/renderer/plugins/plugin-api-version-contracts.test.ts" name="§2b v0.7 pack plugins and new contributions &gt; v0.8 minimal manifest validation &gt; v0.8 project-scoped with canvas permission passes" time="0.000150971">
        </testcase>
        <testcase classname="src/renderer/plugins/plugin-api-version-contracts.test.ts" name="§2b v0.7 pack plugins and new contributions &gt; v0.8 minimal manifest validation &gt; v0.8 tab.title is accepted" time="0.000346735">
        </testcase>
        <testcase classname="src/renderer/plugins/plugin-api-version-contracts.test.ts" name="§2b v0.7 pack plugins and new contributions &gt; v0.8 minimal manifest validation &gt; v0.8 railItem.title is accepted on app-scoped plugin" time="0.000254703">
        </testcase>
        <testcase classname="src/renderer/plugins/plugin-api-version-contracts.test.ts" name="§2b v0.7 pack plugins and new contributions &gt; v0.8 minimal manifest validation &gt; tab.title is rejected on v0.7 manifests" time="0.000199912">
        </testcase>
        <testcase classname="src/renderer/plugins/plugin-api-version-contracts.test.ts" name="§2b v0.7 pack plugins and new contributions &gt; v0.8 minimal manifest validation &gt; railItem.title is rejected on v0.7 manifests" time="0.000195484">
        </testcase>
        <testcase classname="src/renderer/plugins/plugin-api-version-contracts.test.ts" name="§2b v0.7 pack plugins and new contributions &gt; v0.8 minimal manifest validation &gt; tab.title must be a non-empty string" time="0.00024723">
        </testcase>
        <testcase classname="src/renderer/plugins/plugin-api-version-contracts.test.ts" name="§2b v0.7 pack plugins and new contributions &gt; v0.8 minimal manifest validation &gt; v0.8 inherits all v0.7 features" time="0.000303084">
        </testcase>
        <testcase classname="src/renderer/plugins/plugin-api-version-contracts.test.ts" name="§3 API surface area contracts — createMockAPI() &gt; top-level PluginAPI namespaces &gt; has exactly the expected set of top-level namespaces" time="0.000404712">
        </testcase>
        <testcase classname="src/renderer/plugins/plugin-api-version-contracts.test.ts" name="§3 API surface area contracts — createMockAPI() &gt; top-level PluginAPI namespaces &gt; api.project is defined and non-null" time="0.000241589">
        </testcase>
        <testcase classname="src/renderer/plugins/plugin-api-version-contracts.test.ts" name="§3 API surface area contracts — createMockAPI() &gt; top-level PluginAPI namespaces &gt; api.projects is defined and non-null" time="0.000128339">
        </testcase>
        <testcase classname="src/renderer/plugins/plugin-api-version-contracts.test.ts" name="§3 API surface area contracts — createMockAPI() &gt; top-level PluginAPI namespaces &gt; api.git is defined and non-null" time="0.000115044">
        </testcase>
        <testcase classname="src/renderer/plugins/plugin-api-version-contracts.test.ts" name="§3 API surface area contracts — createMockAPI() &gt; top-level PluginAPI namespaces &gt; api.storage is defined and non-null" time="0.000113622">
        </testcase>
        <testcase classname="src/renderer/plugins/plugin-api-version-contracts.test.ts" name="§3 API surface area contracts — createMockAPI() &gt; top-level PluginAPI namespaces &gt; api.ui is defined and non-null" time="0.00011266">
        </testcase>
        <testcase classname="src/renderer/plugins/plugin-api-version-contracts.test.ts" name="§3 API surface area contracts — createMockAPI() &gt; top-level PluginAPI namespaces &gt; api.commands is defined and non-null" time="0.000116136">
        </testcase>
        <testcase classname="src/renderer/plugins/plugin-api-version-contracts.test.ts" name="§3 API surface area contracts — createMockAPI() &gt; top-level PluginAPI namespaces &gt; api.events is defined and non-null" time="0.000126055">
        </testcase>
        <testcase classname="src/renderer/plugins/plugin-api-version-contracts.test.ts" name="§3 API surface area contracts — createMockAPI() &gt; top-level PluginAPI namespaces &gt; api.settings is defined and non-null" time="0.000158325">
        </testcase>
        <testcase classname="src/renderer/plugins/plugin-api-version-contracts.test.ts" name="§3 API surface area contracts — createMockAPI() &gt; top-level PluginAPI namespaces &gt; api.agents is defined and non-null" time="0.000127167">
        </testcase>
        <testcase classname="src/renderer/plugins/plugin-api-version-contracts.test.ts" name="§3 API surface area contracts — createMockAPI() &gt; top-level PluginAPI namespaces &gt; api.hub is defined and non-null" time="0.000132246">
        </testcase>
        <testcase classname="src/renderer/plugins/plugin-api-version-contracts.test.ts" name="§3 API surface area contracts — createMockAPI() &gt; top-level PluginAPI namespaces &gt; api.navigation is defined and non-null" time="0.000126255">
        </testcase>
        <testcase classname="src/renderer/plugins/plugin-api-version-contracts.test.ts" name="§3 API surface area contracts — createMockAPI() &gt; top-level PluginAPI namespaces &gt; api.widgets is defined and non-null" time="0.000119101">
        </testcase>
        <testcase classname="src/renderer/plugins/plugin-api-version-contracts.test.ts" name="§3 API surface area contracts — createMockAPI() &gt; top-level PluginAPI namespaces &gt; api.terminal is defined and non-null" time="0.000117478">
        </testcase>
        <testcase classname="src/renderer/plugins/plugin-api-version-contracts.test.ts" name="§3 API surface area contracts — createMockAPI() &gt; top-level PluginAPI namespaces &gt; api.logging is defined and non-null" time="0.000120695">
        </testcase>
        <testcase classname="src/renderer/plugins/plugin-api-version-contracts.test.ts" name="§3 API surface area contracts — createMockAPI() &gt; top-level PluginAPI namespaces &gt; api.files is defined and non-null" time="0.00013974">
        </testcase>
        <testcase classname="src/renderer/plugins/plugin-api-version-contracts.test.ts" name="§3 API surface area contracts — createMockAPI() &gt; top-level PluginAPI namespaces &gt; api.process is defined and non-null" time="0.000113441">
        </testcase>
        <testcase classname="src/renderer/plugins/plugin-api-version-contracts.test.ts" name="§3 API surface area contracts — createMockAPI() &gt; top-level PluginAPI namespaces &gt; api.badges is defined and non-null" time="0.000103603">
        </testcase>
        <testcase classname="src/renderer/plugins/plugin-api-version-contracts.test.ts" name="§3 API surface area contracts — createMockAPI() &gt; top-level PluginAPI namespaces &gt; api.agentConfig is defined and non-null" time="0.000104995">
        </testcase>
        <testcase classname="src/renderer/plugins/plugin-api-version-contracts.test.ts" name="§3 API surface area contracts — createMockAPI() &gt; top-level PluginAPI namespaces &gt; api.sounds is defined and non-null" time="0.000107169">
        </testcase>
        <testcase classname="src/renderer/plugins/plugin-api-version-contracts.test.ts" name="§3 API surface area contracts — createMockAPI() &gt; top-level PluginAPI namespaces &gt; api.theme is defined and non-null" time="0.000109984">
        </testcase>
        <testcase classname="src/renderer/plugins/plugin-api-version-contracts.test.ts" name="§3 API surface area contracts — createMockAPI() &gt; top-level PluginAPI namespaces &gt; api.workspace is defined and non-null" time="0.000114954">
        </testcase>
        <testcase classname="src/renderer/plugins/plugin-api-version-contracts.test.ts" name="§3 API surface area contracts — createMockAPI() &gt; top-level PluginAPI namespaces &gt; api.canvas is defined and non-null" time="0.002472849">
        </testcase>
        <testcase classname="src/renderer/plugins/plugin-api-version-contracts.test.ts" name="§3 API surface area contracts — createMockAPI() &gt; top-level PluginAPI namespaces &gt; api.window is defined and non-null" time="0.000117909">
        </testcase>
        <testcase classname="src/renderer/plugins/plugin-api-version-contracts.test.ts" name="§3 API surface area contracts — createMockAPI() &gt; top-level PluginAPI namespaces &gt; api.mcp is defined and non-null" time="0.000106248">
        </testcase>
        <testcase classname="src/renderer/plugins/plugin-api-version-contracts.test.ts" name="§3 API surface area contracts — createMockAPI() &gt; top-level PluginAPI namespaces &gt; api.context is defined and non-null" time="0.000100026">
        </testcase>
        <testcase classname="src/renderer/plugins/plugin-api-version-contracts.test.ts" name="§3 API surface area contracts — createMockAPI() &gt; api.project surface &gt; api.project.readFile exists" time="0.000128039">
        </testcase>
        <testcase classname="src/renderer/plugins/plugin-api-version-contracts.test.ts" name="§3 API surface area contracts — createMockAPI() &gt; api.project surface &gt; api.project.writeFile exists" time="0.000083034">
        </testcase>
        <testcase classname="src/renderer/plugins/plugin-api-version-contracts.test.ts" name="§3 API surface area contracts — createMockAPI() &gt; api.project surface &gt; api.project.deleteFile exists" time="0.000075591">
        </testcase>
        <testcase classname="src/renderer/plugins/plugin-api-version-contracts.test.ts" name="§3 API surface area contracts — createMockAPI() &gt; api.project surface &gt; api.project.fileExists exists" time="0.000073977">
        </testcase>
        <testcase classname="src/renderer/plugins/plugin-api-version-contracts.test.ts" name="§3 API surface area contracts — createMockAPI() &gt; api.project surface &gt; api.project.listDirectory exists" time="0.000108011">
        </testcase>
        <testcase classname="src/renderer/plugins/plugin-api-version-contracts.test.ts" name="§3 API surface area contracts — createMockAPI() &gt; api.project surface &gt; api.project.projectPath exists" time="0.000097771">
        </testcase>
        <testcase classname="src/renderer/plugins/plugin-api-version-contracts.test.ts" name="§3 API surface area contracts — createMockAPI() &gt; api.project surface &gt; api.project.projectId exists" time="0.000077083">
        </testcase>
        <testcase classname="src/renderer/plugins/plugin-api-version-contracts.test.ts" name="§3 API surface area contracts — createMockAPI() &gt; api.project surface &gt; api.project has no extra keys beyond the contract" time="0.000168624">
        </testcase>
        <testcase classname="src/renderer/plugins/plugin-api-version-contracts.test.ts" name="§3 API surface area contracts — createMockAPI() &gt; api.projects surface &gt; api.projects.list exists and is callable" time="0.000124672">
        </testcase>
        <testcase classname="src/renderer/plugins/plugin-api-version-contracts.test.ts" name="§3 API surface area contracts — createMockAPI() &gt; api.projects surface &gt; api.projects.getActive exists and is callable" time="0.000081832">
        </testcase>
        <testcase classname="src/renderer/plugins/plugin-api-version-contracts.test.ts" name="§3 API surface area contracts — createMockAPI() &gt; api.git surface &gt; api.git.status exists and is callable" time="0.000109614">
        </testcase>
        <testcase classname="src/renderer/plugins/plugin-api-version-contracts.test.ts" name="§3 API surface area contracts — createMockAPI() &gt; api.git surface &gt; api.git.log exists and is callable" time="0.000079338">
        </testcase>
        <testcase classname="src/renderer/plugins/plugin-api-version-contracts.test.ts" name="§3 API surface area contracts — createMockAPI() &gt; api.git surface &gt; api.git.currentBranch exists and is callable" time="0.00007548">
        </testcase>
        <testcase classname="src/renderer/plugins/plugin-api-version-contracts.test.ts" name="§3 API surface area contracts — createMockAPI() &gt; api.git surface &gt; api.git.diff exists and is callable" time="0.000102741">
        </testcase>
        <testcase classname="src/renderer/plugins/plugin-api-version-contracts.test.ts" name="§3 API surface area contracts — createMockAPI() &gt; api.storage surface &gt; api.storage.project exists" time="0.000119382">
        </testcase>
        <testcase classname="src/renderer/plugins/plugin-api-version-contracts.test.ts" name="§3 API surface area contracts — createMockAPI() &gt; api.storage surface &gt; api.storage.project.read exists and is callable" time="0.000110686">
        </testcase>
        <testcase classname="src/renderer/plugins/plugin-api-version-contracts.test.ts" name="§3 API surface area contracts — createMockAPI() &gt; api.storage surface &gt; api.storage.project.write exists and is callable" time="0.000082203">
        </testcase>
        <testcase classname="src/renderer/plugins/plugin-api-version-contracts.test.ts" name="§3 API surface area contracts — createMockAPI() &gt; api.storage surface &gt; api.storage.project.delete exists and is callable" time="0.00007524">
        </testcase>
        <testcase classname="src/renderer/plugins/plugin-api-version-contracts.test.ts" name="§3 API surface area contracts — createMockAPI() &gt; api.storage surface &gt; api.storage.project.list exists and is callable" time="0.000073978">
        </testcase>
        <testcase classname="src/renderer/plugins/plugin-api-version-contracts.test.ts" name="§3 API surface area contracts — createMockAPI() &gt; api.storage surface &gt; api.storage.projectLocal exists" time="0.000074348">
        </testcase>
        <testcase classname="src/renderer/plugins/plugin-api-version-contracts.test.ts" name="§3 API surface area contracts — createMockAPI() &gt; api.storage surface &gt; api.storage.projectLocal.read exists and is callable" time="0.000085519">
        </testcase>
        <testcase classname="src/renderer/plugins/plugin-api-version-contracts.test.ts" name="§3 API surface area contracts — createMockAPI() &gt; api.storage surface &gt; api.storage.projectLocal.write exists and is callable" time="0.000082163">
        </testcase>
        <testcase classname="src/renderer/plugins/plugin-api-version-contracts.test.ts" name="§3 API surface area contracts — createMockAPI() &gt; api.storage surface &gt; api.storage.projectLocal.delete exists and is callable" time="0.000073356">
        </testcase>
        <testcase classname="src/renderer/plugins/plugin-api-version-contracts.test.ts" name="§3 API surface area contracts — createMockAPI() &gt; api.storage surface &gt; api.storage.projectLocal.list exists and is callable" time="0.000074378">
        </testcase>
        <testcase classname="src/renderer/plugins/plugin-api-version-contracts.test.ts" name="§3 API surface area contracts — createMockAPI() &gt; api.storage surface &gt; api.storage.global exists" time="0.001907568">
        </testcase>
        <testcase classname="src/renderer/plugins/plugin-api-version-contracts.test.ts" name="§3 API surface area contracts — createMockAPI() &gt; api.storage surface &gt; api.storage.global.read exists and is callable" time="0.000122859">
        </testcase>
        <testcase classname="src/renderer/plugins/plugin-api-version-contracts.test.ts" name="§3 API surface area contracts — createMockAPI() &gt; api.storage surface &gt; api.storage.global.write exists and is callable" time="0.000110145">
        </testcase>
        <testcase classname="src/renderer/plugins/plugin-api-version-contracts.test.ts" name="§3 API surface area contracts — createMockAPI() &gt; api.storage surface &gt; api.storage.global.delete exists and is callable" time="0.000093393">
        </testcase>
        <testcase classname="src/renderer/plugins/plugin-api-version-contracts.test.ts" name="§3 API surface area contracts — createMockAPI() &gt; api.storage surface &gt; api.storage.global.list exists and is callable" time="0.0000808">
        </testcase>
        <testcase classname="src/renderer/plugins/plugin-api-version-contracts.test.ts" name="§3 API surface area contracts — createMockAPI() &gt; api.ui surface &gt; api.ui.showNotice exists and is callable" time="0.000125935">
        </testcase>
        <testcase classname="src/renderer/plugins/plugin-api-version-contracts.test.ts" name="§3 API surface area contracts — createMockAPI() &gt; api.ui surface &gt; api.ui.showError exists and is callable" time="0.000091911">
        </testcase>
        <testcase classname="src/renderer/plugins/plugin-api-version-contracts.test.ts" name="§3 API surface area contracts — createMockAPI() &gt; api.ui surface &gt; api.ui.showConfirm exists and is callable" time="0.000084086">
        </testcase>
        <testcase classname="src/renderer/plugins/plugin-api-version-contracts.test.ts" name="§3 API surface area contracts — createMockAPI() &gt; api.ui surface &gt; api.ui.showInput exists and is callable" time="0.000089537">
        </testcase>
        <testcase classname="src/renderer/plugins/plugin-api-version-contracts.test.ts" name="§3 API surface area contracts — createMockAPI() &gt; api.ui surface &gt; api.ui.openExternalUrl exists and is callable" time="0.000089897">
        </testcase>
        <testcase classname="src/renderer/plugins/plugin-api-version-contracts.test.ts" name="§3 API surface area contracts — createMockAPI() &gt; api.commands surface &gt; api.commands.register exists and is callable" time="0.000156842">
        </testcase>
        <testcase classname="src/renderer/plugins/plugin-api-version-contracts.test.ts" name="§3 API surface area contracts — createMockAPI() &gt; api.commands surface &gt; api.commands.execute exists and is callable" time="0.000102571">
        </testcase>
        <testcase classname="src/renderer/plugins/plugin-api-version-contracts.test.ts" name="§3 API surface area contracts — createMockAPI() &gt; api.commands surface &gt; api.commands.registerWithHotkey exists and is callable" time="0.000087373">
        </testcase>
        <testcase classname="src/renderer/plugins/plugin-api-version-contracts.test.ts" name="§3 API surface area contracts — createMockAPI() &gt; api.commands surface &gt; api.commands.getBinding exists and is callable" time="0.000084708">
        </testcase>
        <testcase classname="src/renderer/plugins/plugin-api-version-contracts.test.ts" name="§3 API surface area contracts — createMockAPI() &gt; api.commands surface &gt; api.commands.clearBinding exists and is callable" time="0.000082594">
        </testcase>
        <testcase classname="src/renderer/plugins/plugin-api-version-contracts.test.ts" name="§3 API surface area contracts — createMockAPI() &gt; api.events surface &gt; api.events.on exists and is callable" time="0.000124902">
        </testcase>
        <testcase classname="src/renderer/plugins/plugin-api-version-contracts.test.ts" name="§3 API surface area contracts — createMockAPI() &gt; api.settings surface &gt; api.settings.get exists and is callable" time="0.000121586">
        </testcase>
        <testcase classname="src/renderer/plugins/plugin-api-version-contracts.test.ts" name="§3 API surface area contracts — createMockAPI() &gt; api.settings surface &gt; api.settings.getAll exists and is callable" time="0.000105557">
        </testcase>
        <testcase classname="src/renderer/plugins/plugin-api-version-contracts.test.ts" name="§3 API surface area contracts — createMockAPI() &gt; api.settings surface &gt; api.settings.set exists and is callable" time="0.000094126">
        </testcase>
        <testcase classname="src/renderer/plugins/plugin-api-version-contracts.test.ts" name="§3 API surface area contracts — createMockAPI() &gt; api.settings surface &gt; api.settings.onChange exists and is callable" time="0.000119713">
        </testcase>
        <testcase classname="src/renderer/plugins/plugin-api-version-contracts.test.ts" name="§3 API surface area contracts — createMockAPI() &gt; api.agents surface &gt; api.agents.list exists and is callable" time="0.000145731">
        </testcase>
        <testcase classname="src/renderer/plugins/plugin-api-version-contracts.test.ts" name="§3 API surface area contracts — createMockAPI() &gt; api.agents surface &gt; api.agents.runQuick exists and is callable" time="0.000104935">
        </testcase>
        <testcase classname="src/renderer/plugins/plugin-api-version-contracts.test.ts" name="§3 API surface area contracts — createMockAPI() &gt; api.agents surface &gt; api.agents.kill exists and is callable" time="0.00010736">
        </testcase>
        <testcase classname="src/renderer/plugins/plugin-api-version-contracts.test.ts" name="§3 API surface area contracts — createMockAPI() &gt; api.agents surface &gt; api.agents.resume exists and is callable" time="0.000105837">
        </testcase>
        <testcase classname="src/renderer/plugins/plugin-api-version-contracts.test.ts" name="§3 API surface area contracts — createMockAPI() &gt; api.agents surface &gt; api.agents.listCompleted exists and is callable" time="0.000103182">
        </testcase>
        <testcase classname="src/renderer/plugins/plugin-api-version-contracts.test.ts" name="§3 API surface area contracts — createMockAPI() &gt; api.agents surface &gt; api.agents.dismissCompleted exists and is callable" time="0.00010756">
        </testcase>
        <testcase classname="src/renderer/plugins/plugin-api-version-contracts.test.ts" name="§3 API surface area contracts — createMockAPI() &gt; api.agents surface &gt; api.agents.getDetailedStatus exists and is callable" time="0.000131475">
        </testcase>
        <testcase classname="src/renderer/plugins/plugin-api-version-contracts.test.ts" name="§3 API surface area contracts — createMockAPI() &gt; api.agents surface &gt; api.agents.getModelOptions exists and is callable" time="0.000130051">
        </testcase>
        <testcase classname="src/renderer/plugins/plugin-api-version-contracts.test.ts" name="§3 API surface area contracts — createMockAPI() &gt; api.agents surface &gt; api.agents.listOrchestrators exists and is callable" time="0.000106738">
        </testcase>
        <testcase classname="src/renderer/plugins/plugin-api-version-contracts.test.ts" name="§3 API surface area contracts — createMockAPI() &gt; api.agents surface &gt; api.agents.checkOrchestratorAvailability exists and is callable" time="0.000108933">
        </testcase>
        <testcase classname="src/renderer/plugins/plugin-api-version-contracts.test.ts" name="§3 API surface area contracts — createMockAPI() &gt; api.agents surface &gt; api.agents.onStatusChange exists and is callable" time="0.000100057">
        </testcase>
        <testcase classname="src/renderer/plugins/plugin-api-version-contracts.test.ts" name="§3 API surface area contracts — createMockAPI() &gt; api.agents surface &gt; api.agents.onAnyChange exists and is callable" time="0.000100276">
        </testcase>
        <testcase classname="src/renderer/plugins/plugin-api-version-contracts.test.ts" name="§3 API surface area contracts — createMockAPI() &gt; api.hub surface &gt; api.hub namespace exists" time="0.000147544">
        </testcase>
        <testcase classname="src/renderer/plugins/plugin-api-version-contracts.test.ts" name="§3 API surface area contracts — createMockAPI() &gt; api.navigation surface &gt; api.navigation.focusAgent exists and is callable" time="0.000146663">
        </testcase>
        <testcase classname="src/renderer/plugins/plugin-api-version-contracts.test.ts" name="§3 API surface area contracts — createMockAPI() &gt; api.navigation surface &gt; api.navigation.setExplorerTab exists and is callable" time="0.000106327">
        </testcase>
        <testcase classname="src/renderer/plugins/plugin-api-version-contracts.test.ts" name="§3 API surface area contracts — createMockAPI() &gt; api.navigation surface &gt; api.navigation.popOutAgent exists and is callable" time="0.000120023">
        </testcase>
        <testcase classname="src/renderer/plugins/plugin-api-version-contracts.test.ts" name="§3 API surface area contracts — createMockAPI() &gt; api.navigation surface &gt; api.navigation.toggleSidebar exists and is callable" time="0.000082794">
        </testcase>
        <testcase classname="src/renderer/plugins/plugin-api-version-contracts.test.ts" name="§3 API surface area contracts — createMockAPI() &gt; api.navigation surface &gt; api.navigation.toggleAccessoryPanel exists and is callable" time="0.011413849">
        </testcase>
        <testcase classname="src/renderer/plugins/plugin-api-version-contracts.test.ts" name="§3 API surface area contracts — createMockAPI() &gt; api.widgets surface &gt; api.widgets.AgentTerminal exists" time="0.000176628">
        </testcase>
        <testcase classname="src/renderer/plugins/plugin-api-version-contracts.test.ts" name="§3 API surface area contracts — createMockAPI() &gt; api.widgets surface &gt; api.widgets.SleepingAgent exists" time="0.000103483">
        </testcase>
        <testcase classname="src/renderer/plugins/plugin-api-version-contracts.test.ts" name="§3 API surface area contracts — createMockAPI() &gt; api.widgets surface &gt; api.widgets.AgentAvatar exists" time="0.000121867">
        </testcase>
        <testcase classname="src/renderer/plugins/plugin-api-version-contracts.test.ts" name="§3 API surface area contracts — createMockAPI() &gt; api.widgets surface &gt; api.widgets.QuickAgentGhost exists" time="0.000094485">
        </testcase>
        <testcase classname="src/renderer/plugins/plugin-api-version-contracts.test.ts" name="§3 API surface area contracts — createMockAPI() &gt; api.terminal surface &gt; api.terminal.spawn exists" time="0.000129711">
        </testcase>
        <testcase classname="src/renderer/plugins/plugin-api-version-contracts.test.ts" name="§3 API surface area contracts — createMockAPI() &gt; api.terminal surface &gt; api.terminal.write exists" time="0.00009645">
        </testcase>
        <testcase classname="src/renderer/plugins/plugin-api-version-contracts.test.ts" name="§3 API surface area contracts — createMockAPI() &gt; api.terminal surface &gt; api.terminal.resize exists" time="0.000091179">
        </testcase>
        <testcase classname="src/renderer/plugins/plugin-api-version-contracts.test.ts" name="§3 API surface area contracts — createMockAPI() &gt; api.terminal surface &gt; api.terminal.kill exists" time="0.000089597">
        </testcase>
        <testcase classname="src/renderer/plugins/plugin-api-version-contracts.test.ts" name="§3 API surface area contracts — createMockAPI() &gt; api.terminal surface &gt; api.terminal.getBuffer exists" time="0.000088605">
        </testcase>
        <testcase classname="src/renderer/plugins/plugin-api-version-contracts.test.ts" name="§3 API surface area contracts — createMockAPI() &gt; api.terminal surface &gt; api.terminal.onData exists" time="0.00008614">
        </testcase>
        <testcase classname="src/renderer/plugins/plugin-api-version-contracts.test.ts" name="§3 API surface area contracts — createMockAPI() &gt; api.terminal surface &gt; api.terminal.onExit exists" time="0.000095778">
        </testcase>
        <testcase classname="src/renderer/plugins/plugin-api-version-contracts.test.ts" name="§3 API surface area contracts — createMockAPI() &gt; api.terminal surface &gt; api.terminal.ShellTerminal exists" time="0.000086491">
        </testcase>
        <testcase classname="src/renderer/plugins/plugin-api-version-contracts.test.ts" name="§3 API surface area contracts — createMockAPI() &gt; api.logging surface &gt; api.logging.debug exists and is callable" time="0.000136143">
        </testcase>
        <testcase classname="src/renderer/plugins/plugin-api-version-contracts.test.ts" name="§3 API surface area contracts — createMockAPI() &gt; api.logging surface &gt; api.logging.info exists and is callable" time="0.000099014">
        </testcase>
        <testcase classname="src/renderer/plugins/plugin-api-version-contracts.test.ts" name="§3 API surface area contracts — createMockAPI() &gt; api.logging surface &gt; api.logging.warn exists and is callable" time="0.000087102">
        </testcase>
        <testcase classname="src/renderer/plugins/plugin-api-version-contracts.test.ts" name="§3 API surface area contracts — createMockAPI() &gt; api.logging surface &gt; api.logging.error exists and is callable" time="0.00008041">
        </testcase>
        <testcase classname="src/renderer/plugins/plugin-api-version-contracts.test.ts" name="§3 API surface area contracts — createMockAPI() &gt; api.logging surface &gt; api.logging.fatal exists and is callable" time="0.000077585">
        </testcase>
        <testcase classname="src/renderer/plugins/plugin-api-version-contracts.test.ts" name="§3 API surface area contracts — createMockAPI() &gt; api.files surface &gt; api.files.readTree exists and is callable" time="0.000123119">
        </testcase>
        <testcase classname="src/renderer/plugins/plugin-api-version-contracts.test.ts" name="§3 API surface area contracts — createMockAPI() &gt; api.files surface &gt; api.files.readFile exists and is callable" time="0.000094495">
        </testcase>
        <testcase classname="src/renderer/plugins/plugin-api-version-contracts.test.ts" name="§3 API surface area contracts — createMockAPI() &gt; api.files surface &gt; api.files.readBinary exists and is callable" time="0.000088415">
        </testcase>
        <testcase classname="src/renderer/plugins/plugin-api-version-contracts.test.ts" name="§3 API surface area contracts — createMockAPI() &gt; api.files surface &gt; api.files.writeFile exists and is callable" time="0.000087793">
        </testcase>
        <testcase classname="src/renderer/plugins/plugin-api-version-contracts.test.ts" name="§3 API surface area contracts — createMockAPI() &gt; api.files surface &gt; api.files.stat exists and is callable" time="0.004147023">
        </testcase>
        <testcase classname="src/renderer/plugins/plugin-api-version-contracts.test.ts" name="§3 API surface area contracts — createMockAPI() &gt; api.files surface &gt; api.files.rename exists and is callable" time="0.000102922">
        </testcase>
        <testcase classname="src/renderer/plugins/plugin-api-version-contracts.test.ts" name="§3 API surface area contracts — createMockAPI() &gt; api.files surface &gt; api.files.copy exists and is callable" time="0.000088154">
        </testcase>
        <testcase classname="src/renderer/plugins/plugin-api-version-contracts.test.ts" name="§3 API surface area contracts — createMockAPI() &gt; api.files surface &gt; api.files.mkdir exists and is callable" time="0.000081873">
        </testcase>
        <testcase classname="src/renderer/plugins/plugin-api-version-contracts.test.ts" name="§3 API surface area contracts — createMockAPI() &gt; api.files surface &gt; api.files.delete exists and is callable" time="0.000083095">
        </testcase>
        <testcase classname="src/renderer/plugins/plugin-api-version-contracts.test.ts" name="§3 API surface area contracts — createMockAPI() &gt; api.files surface &gt; api.files.showInFolder exists and is callable" time="0.000089026">
        </testcase>
        <testcase classname="src/renderer/plugins/plugin-api-version-contracts.test.ts" name="§3 API surface area contracts — createMockAPI() &gt; api.files surface &gt; api.files.forRoot exists and is callable" time="0.000085168">
        </testcase>
        <testcase classname="src/renderer/plugins/plugin-api-version-contracts.test.ts" name="§3 API surface area contracts — createMockAPI() &gt; api.files surface &gt; api.files.watch exists and is callable" time="0.000092963">
        </testcase>
        <testcase classname="src/renderer/plugins/plugin-api-version-contracts.test.ts" name="§3 API surface area contracts — createMockAPI() &gt; api.process surface &gt; api.process.exec exists and is callable" time="0.000131976">
        </testcase>
        <testcase classname="src/renderer/plugins/plugin-api-version-contracts.test.ts" name="§3 API surface area contracts — createMockAPI() &gt; api.badges surface &gt; api.badges.set exists and is callable" time="0.000158424">
        </testcase>
        <testcase classname="src/renderer/plugins/plugin-api-version-contracts.test.ts" name="§3 API surface area contracts — createMockAPI() &gt; api.badges surface &gt; api.badges.clear exists and is callable" time="0.000099715">
        </testcase>
        <testcase classname="src/renderer/plugins/plugin-api-version-contracts.test.ts" name="§3 API surface area contracts — createMockAPI() &gt; api.badges surface &gt; api.badges.clearAll exists and is callable" time="0.000089687">
        </testcase>
        <testcase classname="src/renderer/plugins/plugin-api-version-contracts.test.ts" name="§3 API surface area contracts — createMockAPI() &gt; api.agentConfig surface &gt; api.agentConfig.injectSkill exists and is callable" time="0.000133749">
        </testcase>
        <testcase classname="src/renderer/plugins/plugin-api-version-contracts.test.ts" name="§3 API surface area contracts — createMockAPI() &gt; api.agentConfig surface &gt; api.agentConfig.removeSkill exists and is callable" time="0.000096529">
        </testcase>
        <testcase classname="src/renderer/plugins/plugin-api-version-contracts.test.ts" name="§3 API surface area contracts — createMockAPI() &gt; api.agentConfig surface &gt; api.agentConfig.listInjectedSkills exists and is callable" time="0.000090077">
        </testcase>
        <testcase classname="src/renderer/plugins/plugin-api-version-contracts.test.ts" name="§3 API surface area contracts — createMockAPI() &gt; api.agentConfig surface &gt; api.agentConfig.injectAgentTemplate exists and is callable" time="0.000096399">
        </testcase>
        <testcase classname="src/renderer/plugins/plugin-api-version-contracts.test.ts" name="§3 API surface area contracts — createMockAPI() &gt; api.agentConfig surface &gt; api.agentConfig.removeAgentTemplate exists and is callable" time="0.000098263">
        </testcase>
        <testcase classname="src/renderer/plugins/plugin-api-version-contracts.test.ts" name="§3 API surface area contracts — createMockAPI() &gt; api.agentConfig surface &gt; api.agentConfig.listInjectedAgentTemplates exists and is callable" time="0.000104624">
        </testcase>
        <testcase classname="src/renderer/plugins/plugin-api-version-contracts.test.ts" name="§3 API surface area contracts — createMockAPI() &gt; api.agentConfig surface &gt; api.agentConfig.appendInstructions exists and is callable" time="0.000124141">
        </testcase>
        <testcase classname="src/renderer/plugins/plugin-api-version-contracts.test.ts" name="§3 API surface area contracts — createMockAPI() &gt; api.agentConfig surface &gt; api.agentConfig.removeInstructionAppend exists and is callable" time="0.000093124">
        </testcase>
        <testcase classname="src/renderer/plugins/plugin-api-version-contracts.test.ts" name="§3 API surface area contracts — createMockAPI() &gt; api.agentConfig surface &gt; api.agentConfig.getInstructionAppend exists and is callable" time="0.000112268">
        </testcase>
        <testcase classname="src/renderer/plugins/plugin-api-version-contracts.test.ts" name="§3 API surface area contracts — createMockAPI() &gt; api.agentConfig surface &gt; api.agentConfig.addPermissionAllowRules exists and is callable" time="0.000094796">
        </testcase>
        <testcase classname="src/renderer/plugins/plugin-api-version-contracts.test.ts" name="§3 API surface area contracts — createMockAPI() &gt; api.agentConfig surface &gt; api.agentConfig.addPermissionDenyRules exists and is callable" time="0.000081752">
        </testcase>
        <testcase classname="src/renderer/plugins/plugin-api-version-contracts.test.ts" name="§3 API surface area contracts — createMockAPI() &gt; api.agentConfig surface &gt; api.agentConfig.removePermissionRules exists and is callable" time="0.000075531">
        </testcase>
        <testcase classname="src/renderer/plugins/plugin-api-version-contracts.test.ts" name="§3 API surface area contracts — createMockAPI() &gt; api.agentConfig surface &gt; api.agentConfig.getPermissionRules exists and is callable" time="0.000073807">
        </testcase>
        <testcase classname="src/renderer/plugins/plugin-api-version-contracts.test.ts" name="§3 API surface area contracts — createMockAPI() &gt; api.agentConfig surface &gt; api.agentConfig.injectMcpServers exists and is callable" time="0.000073918">
        </testcase>
        <testcase classname="src/renderer/plugins/plugin-api-version-contracts.test.ts" name="§3 API surface area contracts — createMockAPI() &gt; api.agentConfig surface &gt; api.agentConfig.removeMcpServers exists and is callable" time="0.000072555">
        </testcase>
        <testcase classname="src/renderer/plugins/plugin-api-version-contracts.test.ts" name="§3 API surface area contracts — createMockAPI() &gt; api.agentConfig surface &gt; api.agentConfig.getInjectedMcpServers exists and is callable" time="0.000073015">
        </testcase>
        <testcase classname="src/renderer/plugins/plugin-api-version-contracts.test.ts" name="§3 API surface area contracts — createMockAPI() &gt; api.sounds surface &gt; api.sounds.registerPack exists and is callable" time="0.000142745">
        </testcase>
        <testcase classname="src/renderer/plugins/plugin-api-version-contracts.test.ts" name="§3 API surface area contracts — createMockAPI() &gt; api.sounds surface &gt; api.sounds.unregisterPack exists and is callable" time="0.000083746">
        </testcase>
        <testcase classname="src/renderer/plugins/plugin-api-version-contracts.test.ts" name="§3 API surface area contracts — createMockAPI() &gt; api.sounds surface &gt; api.sounds.listPacks exists and is callable" time="0.000075761">
        </testcase>
        <testcase classname="src/renderer/plugins/plugin-api-version-contracts.test.ts" name="§3 API surface area contracts — createMockAPI() &gt; api.theme surface &gt; api.theme.getCurrent exists and is callable" time="0.000112189">
        </testcase>
        <testcase classname="src/renderer/plugins/plugin-api-version-contracts.test.ts" name="§3 API surface area contracts — createMockAPI() &gt; api.theme surface &gt; api.theme.onDidChange exists and is callable" time="0.000079077">
        </testcase>
        <testcase classname="src/renderer/plugins/plugin-api-version-contracts.test.ts" name="§3 API surface area contracts — createMockAPI() &gt; api.theme surface &gt; api.theme.getColor exists and is callable" time="0.000076292">
        </testcase>
        <testcase classname="src/renderer/plugins/plugin-api-version-contracts.test.ts" name="§3 API surface area contracts — createMockAPI() &gt; api.workspace surface &gt; api.workspace.root exists" time="0.000109183">
        </testcase>
        <testcase classname="src/renderer/plugins/plugin-api-version-contracts.test.ts" name="§3 API surface area contracts — createMockAPI() &gt; api.workspace surface &gt; api.workspace.readFile exists" time="0.000079648">
        </testcase>
        <testcase classname="src/renderer/plugins/plugin-api-version-contracts.test.ts" name="§3 API surface area contracts — createMockAPI() &gt; api.workspace surface &gt; api.workspace.writeFile exists" time="0.000073757">
        </testcase>
        <testcase classname="src/renderer/plugins/plugin-api-version-contracts.test.ts" name="§3 API surface area contracts — createMockAPI() &gt; api.workspace surface &gt; api.workspace.mkdir exists" time="0.00008606">
        </testcase>
        <testcase classname="src/renderer/plugins/plugin-api-version-contracts.test.ts" name="§3 API surface area contracts — createMockAPI() &gt; api.workspace surface &gt; api.workspace.delete exists" time="0.000072465">
        </testcase>
        <testcase classname="src/renderer/plugins/plugin-api-version-contracts.test.ts" name="§3 API surface area contracts — createMockAPI() &gt; api.workspace surface &gt; api.workspace.stat exists" time="0.000081551">
        </testcase>
        <testcase classname="src/renderer/plugins/plugin-api-version-contracts.test.ts" name="§3 API surface area contracts — createMockAPI() &gt; api.workspace surface &gt; api.workspace.exists exists" time="0.000074369">
        </testcase>
        <testcase classname="src/renderer/plugins/plugin-api-version-contracts.test.ts" name="§3 API surface area contracts — createMockAPI() &gt; api.workspace surface &gt; api.workspace.listDir exists" time="0.000074559">
        </testcase>
        <testcase classname="src/renderer/plugins/plugin-api-version-contracts.test.ts" name="§3 API surface area contracts — createMockAPI() &gt; api.workspace surface &gt; api.workspace.readTree exists" time="0.000079578">
        </testcase>
        <testcase classname="src/renderer/plugins/plugin-api-version-contracts.test.ts" name="§3 API surface area contracts — createMockAPI() &gt; api.workspace surface &gt; api.workspace.watch exists" time="0.000082323">
        </testcase>
        <testcase classname="src/renderer/plugins/plugin-api-version-contracts.test.ts" name="§3 API surface area contracts — createMockAPI() &gt; api.workspace surface &gt; api.workspace.forPlugin exists" time="0.000077013">
        </testcase>
        <testcase classname="src/renderer/plugins/plugin-api-version-contracts.test.ts" name="§3 API surface area contracts — createMockAPI() &gt; api.workspace surface &gt; api.workspace.forProject exists" time="0.000082765">
        </testcase>
        <testcase classname="src/renderer/plugins/plugin-api-version-contracts.test.ts" name="§3 API surface area contracts — createMockAPI() &gt; api.window surface &gt; api.window.setTitle exists and is callable" time="0.000113161">
        </testcase>
        <testcase classname="src/renderer/plugins/plugin-api-version-contracts.test.ts" name="§3 API surface area contracts — createMockAPI() &gt; api.window surface &gt; api.window.resetTitle exists and is callable" time="0.0000809">
        </testcase>
        <testcase classname="src/renderer/plugins/plugin-api-version-contracts.test.ts" name="§3 API surface area contracts — createMockAPI() &gt; api.window surface &gt; api.window.getTitle exists and is callable" time="0.000074619">
        </testcase>
        <testcase classname="src/renderer/plugins/plugin-api-version-contracts.test.ts" name="§3 API surface area contracts — createMockAPI() &gt; api.context surface &gt; api.context.mode exists" time="0.000137395">
        </testcase>
        <testcase classname="src/renderer/plugins/plugin-api-version-contracts.test.ts" name="§3 API surface area contracts — createMockAPI() &gt; api.context surface &gt; api.context.projectId exists" time="0.000085779">
        </testcase>
        <testcase classname="src/renderer/plugins/plugin-api-version-contracts.test.ts" name="§3 API surface area contracts — createMockAPI() &gt; api.context surface &gt; api.context.projectPath exists" time="0.000076332">
        </testcase>
        <testcase classname="src/renderer/plugins/plugin-api-version-contracts.test.ts" name="§4 Mock API safe return values &gt; api.project.readFile() returns empty string" time="0.000142776">
        </testcase>
        <testcase classname="src/renderer/plugins/plugin-api-version-contracts.test.ts" name="§4 Mock API safe return values &gt; api.project.fileExists() returns false" time="0.000132336">
        </testcase>
        <testcase classname="src/renderer/plugins/plugin-api-version-contracts.test.ts" name="§4 Mock API safe return values &gt; api.project.listDirectory() returns empty array" time="0.000163234">
        </testcase>
        <testcase classname="src/renderer/plugins/plugin-api-version-contracts.test.ts" name="§4 Mock API safe return values &gt; api.projects.list() returns empty array" time="0.000138157">
        </testcase>
        <testcase classname="src/renderer/plugins/plugin-api-version-contracts.test.ts" name="§4 Mock API safe return values &gt; api.projects.getActive() returns null" time="0.000142095">
        </testcase>
        <testcase classname="src/renderer/plugins/plugin-api-version-contracts.test.ts" name="§4 Mock API safe return values &gt; api.git.status() returns empty array" time="0.000159336">
        </testcase>
        <testcase classname="src/renderer/plugins/plugin-api-version-contracts.test.ts" name="§4 Mock API safe return values &gt; api.git.log() returns empty array" time="0.000157303">
        </testcase>
        <testcase classname="src/renderer/plugins/plugin-api-version-contracts.test.ts" name="§4 Mock API safe return values &gt; api.git.currentBranch() returns &quot;main&quot;" time="0.000135242">
        </testcase>
        <testcase classname="src/renderer/plugins/plugin-api-version-contracts.test.ts" name="§4 Mock API safe return values &gt; api.git.diff() returns empty string" time="0.000127788">
        </testcase>
        <testcase classname="src/renderer/plugins/plugin-api-version-contracts.test.ts" name="§4 Mock API safe return values &gt; api.storage.project.read() returns undefined" time="0.000130232">
        </testcase>
        <testcase classname="src/renderer/plugins/plugin-api-version-contracts.test.ts" name="§4 Mock API safe return values &gt; api.storage.global.list() returns empty array" time="0.000144338">
        </testcase>
        <testcase classname="src/renderer/plugins/plugin-api-version-contracts.test.ts" name="§4 Mock API safe return values &gt; api.ui.showConfirm() returns false" time="0.000163755">
        </testcase>
        <testcase classname="src/renderer/plugins/plugin-api-version-contracts.test.ts" name="§4 Mock API safe return values &gt; api.ui.showInput() returns null" time="0.000145099">
        </testcase>
        <testcase classname="src/renderer/plugins/plugin-api-version-contracts.test.ts" name="§4 Mock API safe return values &gt; api.commands.register() returns disposable" time="0.000170026">
        </testcase>
        <testcase classname="src/renderer/plugins/plugin-api-version-contracts.test.ts" name="§4 Mock API safe return values &gt; api.events.on() returns disposable" time="0.000144189">
        </testcase>
        <testcase classname="src/renderer/plugins/plugin-api-version-contracts.test.ts" name="§4 Mock API safe return values &gt; api.settings.get() returns undefined" time="0.000118841">
        </testcase>
        <testcase classname="src/renderer/plugins/plugin-api-version-contracts.test.ts" name="§4 Mock API safe return values &gt; api.settings.getAll() returns empty object" time="0.000249143">
        </testcase>
        <testcase classname="src/renderer/plugins/plugin-api-version-contracts.test.ts" name="§4 Mock API safe return values &gt; api.settings.set() is a no-op (returns undefined)" time="0.000157583">
        </testcase>
        <testcase classname="src/renderer/plugins/plugin-api-version-contracts.test.ts" name="§4 Mock API safe return values &gt; api.agents.list() returns empty array" time="0.000158866">
        </testcase>
        <testcase classname="src/renderer/plugins/plugin-api-version-contracts.test.ts" name="§4 Mock API safe return values &gt; api.agents.getDetailedStatus() returns null" time="0.00012369">
        </testcase>
        <testcase classname="src/renderer/plugins/plugin-api-version-contracts.test.ts" name="§4 Mock API safe return values &gt; api.agents.listCompleted() returns empty array" time="0.000135993">
        </testcase>
        <testcase classname="src/renderer/plugins/plugin-api-version-contracts.test.ts" name="§4 Mock API safe return values &gt; api.agents.listOrchestrators() returns empty array" time="0.000137165">
        </testcase>
        <testcase classname="src/renderer/plugins/plugin-api-version-contracts.test.ts" name="§4 Mock API safe return values &gt; api.agents.checkOrchestratorAvailability() returns unavailable" time="0.000176739">
        </testcase>
        <testcase classname="src/renderer/plugins/plugin-api-version-contracts.test.ts" name="§4 Mock API safe return values &gt; api.files.readTree() returns empty array" time="0.000216703">
        </testcase>
        <testcase classname="src/renderer/plugins/plugin-api-version-contracts.test.ts" name="§4 Mock API safe return values &gt; api.files.stat() returns valid FileStatInfo" time="0.000399763">
        </testcase>
        <testcase classname="src/renderer/plugins/plugin-api-version-contracts.test.ts" name="§4 Mock API safe return values &gt; api.process.exec() returns zero exit code" time="0.000225159">
        </testcase>
        <testcase classname="src/renderer/plugins/plugin-api-version-contracts.test.ts" name="§4 Mock API safe return values &gt; api.agentConfig.listInjectedSkills() returns empty array" time="0.00015063">
        </testcase>
        <testcase classname="src/renderer/plugins/plugin-api-version-contracts.test.ts" name="§4 Mock API safe return values &gt; api.agentConfig.getPermissionRules() returns empty allow/deny" time="0.000205312">
        </testcase>
        <testcase classname="src/renderer/plugins/plugin-api-version-contracts.test.ts" name="§4 Mock API safe return values &gt; api.agentConfig.getInjectedMcpServers() returns empty object" time="0.000155149">
        </testcase>
        <testcase classname="src/renderer/plugins/plugin-api-version-contracts.test.ts" name="§4 Mock API safe return values &gt; api.sounds.listPacks() returns empty array" time="0.000139158">
        </testcase>
        <testcase classname="src/renderer/plugins/plugin-api-version-contracts.test.ts" name="§4 Mock API safe return values &gt; api.theme.getCurrent() returns a ThemeInfo object" time="0.000376721">
        </testcase>
        <testcase classname="src/renderer/plugins/plugin-api-version-contracts.test.ts" name="§4 Mock API safe return values &gt; api.theme.onDidChange() returns disposable" time="0.000139459">
        </testcase>
        <testcase classname="src/renderer/plugins/plugin-api-version-contracts.test.ts" name="§4 Mock API safe return values &gt; api.theme.getColor() returns null for unknown token" time="0.000501713">
        </testcase>
        <testcase classname="src/renderer/plugins/plugin-api-version-contracts.test.ts" name="§4 Mock API safe return values &gt; api.files.watch() returns disposable" time="0.000147815">
        </testcase>
        <testcase classname="src/renderer/plugins/plugin-api-version-contracts.test.ts" name="§4 Mock API safe return values &gt; api.window.getTitle() returns empty string" time="0.000120243">
        </testcase>
        <testcase classname="src/renderer/plugins/plugin-api-version-contracts.test.ts" name="§4 Mock API safe return values &gt; api.window.setTitle() is a no-op" time="0.000105296">
        </testcase>
        <testcase classname="src/renderer/plugins/plugin-api-version-contracts.test.ts" name="§4 Mock API safe return values &gt; api.window.resetTitle() is a no-op" time="0.000101248">
        </testcase>
        <testcase classname="src/renderer/plugins/plugin-api-version-contracts.test.ts" name="§4 Mock API safe return values &gt; api.context has expected default values" time="0.000179223">
        </testcase>
        <testcase classname="src/renderer/plugins/plugin-api-version-contracts.test.ts" name="§5 createMockContext() contracts &gt; returns all required PluginContext fields" time="0.000302242">
        </testcase>
        <testcase classname="src/renderer/plugins/plugin-api-version-contracts.test.ts" name="§5 createMockContext() contracts &gt; allows overriding every field" time="0.000226672">
        </testcase>
        <testcase classname="src/renderer/plugins/plugin-api-version-contracts.test.ts" name="§6 Regression guards — API surface removal detection &gt; PluginAPI type has exactly the expected namespace keys" time="0.002012503">
        </testcase>
        <testcase classname="src/renderer/plugins/plugin-api-version-contracts.test.ts" name="§6 Regression guards — API surface removal detection &gt; removing any ProjectAPI method would be detected" time="0.000383363">
        </testcase>
        <testcase classname="src/renderer/plugins/plugin-api-version-contracts.test.ts" name="§6 Regression guards — API surface removal detection &gt; removing any GitAPI method would be detected" time="0.00035502">
        </testcase>
        <testcase classname="src/renderer/plugins/plugin-api-version-contracts.test.ts" name="§6 Regression guards — API surface removal detection &gt; removing any CommandsAPI method would be detected" time="0.000304196">
        </testcase>
        <testcase classname="src/renderer/plugins/plugin-api-version-contracts.test.ts" name="§6 Regression guards — API surface removal detection &gt; removing any AgentsAPI method would be detected" time="0.000446711">
        </testcase>
        <testcase classname="src/renderer/plugins/plugin-api-version-contracts.test.ts" name="§6 Regression guards — API surface removal detection &gt; removing any NavigationAPI method would be detected" time="0.000293987">
        </testcase>
        <testcase classname="src/renderer/plugins/plugin-api-version-contracts.test.ts" name="§6 Regression guards — API surface removal detection &gt; removing any FilesAPI method would be detected" time="0.000552187">
        </testcase>
        <testcase classname="src/renderer/plugins/plugin-api-version-contracts.test.ts" name="§6 Regression guards — API surface removal detection &gt; removing any AgentConfigAPI method would be detected" time="0.000680857">
        </testcase>
        <testcase classname="src/renderer/plugins/plugin-api-version-contracts.test.ts" name="§6 Regression guards — API surface removal detection &gt; removing any TerminalAPI method would be detected" time="0.000448094">
        </testcase>
        <testcase classname="src/renderer/plugins/plugin-api-version-contracts.test.ts" name="§6 Regression guards — API surface removal detection &gt; removing any LoggingAPI method would be detected" time="0.000278668">
        </testcase>
        <testcase classname="src/renderer/plugins/plugin-api-version-contracts.test.ts" name="§6 Regression guards — API surface removal detection &gt; removing any SoundsAPI method would be detected" time="0.000232152">
        </testcase>
        <testcase classname="src/renderer/plugins/plugin-api-version-contracts.test.ts" name="§6 Regression guards — API surface removal detection &gt; removing any BadgesAPI method would be detected" time="0.000200112">
        </testcase>
        <testcase classname="src/renderer/plugins/plugin-api-version-contracts.test.ts" name="§6 Regression guards — API surface removal detection &gt; removing any ThemeAPI method would be detected" time="0.000229697">
        </testcase>
        <testcase classname="src/renderer/plugins/plugin-api-version-contracts.test.ts" name="§6 Regression guards — API surface removal detection &gt; removing any WidgetsAPI component would be detected" time="0.000235759">
        </testcase>
        <testcase classname="src/renderer/plugins/plugin-api-version-contracts.test.ts" name="§6 Regression guards — API surface removal detection &gt; removing any WindowAPI method would be detected" time="0.000195884">
        </testcase>
        <testcase classname="src/renderer/plugins/plugin-api-version-contracts.test.ts" name="§7 ALL_PLUGIN_PERMISSIONS exhaustiveness &gt; contains every PluginPermission value" time="0.000353888">
        </testcase>
        <testcase classname="src/renderer/plugins/plugin-api-version-contracts.test.ts" name="§7 ALL_PLUGIN_PERMISSIONS exhaustiveness &gt; has no duplicates" time="0.000168604">
        </testcase>
        <testcase classname="src/renderer/plugins/plugin-api-version-contracts.test.ts" name="§7 ALL_PLUGIN_PERMISSIONS exhaustiveness &gt; PERMISSION_DESCRIPTIONS has an entry for every permission" time="0.003938756">
        </testcase>
        <testcase classname="src/renderer/plugins/plugin-api-version-contracts.test.ts" name="§8 Cross-version backward compatibility &gt; v0.5 features still work on v0.6 manifests" time="0.000345553">
        </testcase>
        <testcase classname="src/renderer/plugins/plugin-api-version-contracts.test.ts" name="§8 Cross-version backward compatibility &gt; v0.5 manifest still validates identically after v0.6 and v0.7 were added" time="0.000212125">
        </testcase>
        <testcase classname="src/renderer/plugins/plugin-api-version-contracts.test.ts" name="§8 Cross-version backward compatibility &gt; v0.6 manifest still validates identically after v0.7 was added" time="0.000196465">
        </testcase>
        <testcase classname="src/renderer/plugins/plugin-api-version-contracts.test.ts" name="§8 Cross-version backward compatibility &gt; v0.7 features work on v0.7 manifests" time="0.000305839">
        </testcase>
        <testcase classname="src/renderer/plugins/plugin-api-version-contracts.test.ts" name="§8 Cross-version backward compatibility &gt; v0.7 pack plugins validate correctly" time="0.000198819">
        </testcase>
        <testcase classname="src/renderer/plugins/plugin-api-version-contracts.test.ts" name="§8 Cross-version backward compatibility &gt; v0.7 manifest still validates identically after v0.8 was added" time="0.000190895">
        </testcase>
        <testcase classname="src/renderer/plugins/plugin-api-version-contracts.test.ts" name="§8 Cross-version backward compatibility &gt; v0.8 minimal manifest validates" time="0.000195314">
        </testcase>
        <testcase classname="src/renderer/plugins/plugin-api-version-contracts.test.ts" name="§8 Cross-version backward compatibility &gt; v0.8 title features work on v0.8 manifests" time="0.00027392">
        </testcase>
        <testcase classname="src/renderer/plugins/plugin-api-version-contracts.test.ts" name="§8 Cross-version backward compatibility &gt; v0.8 canvas features work on v0.8 manifests" time="0.000270082">
        </testcase>
        <testcase classname="src/renderer/plugins/plugin-api-version-contracts.test.ts" name="§8 Cross-version backward compatibility &gt; v0.8 canvas features are rejected on v0.7 manifests" time="0.000278929">
        </testcase>
        <testcase classname="src/renderer/plugins/plugin-api-version-contracts.test.ts" name="§8 Cross-version backward compatibility &gt; v0.8 project-scoped plugins can declare projects permission" time="0.000171239">
        </testcase>
    </testsuite>
    <testsuite name="src/renderer/plugins/plugin-api-widgets-remote.test.ts" timestamp="2026-03-25T04:47:30.021Z" hostname="runnervm46oaq" tests="5" failures="0" errors="0" skipped="0" time="0.010344651">
        <testcase classname="src/renderer/plugins/plugin-api-widgets-remote.test.ts" name="widget adapter remote agent support (structural) &gt; imports useRemoteProjectStore" time="0.002156091">
        </testcase>
        <testcase classname="src/renderer/plugins/plugin-api-widgets-remote.test.ts" name="widget adapter remote agent support (structural) &gt; SleepingAgentAdapter checks remote agent store" time="0.000573868">
        </testcase>
        <testcase classname="src/renderer/plugins/plugin-api-widgets-remote.test.ts" name="widget adapter remote agent support (structural) &gt; AgentAvatarAdapter checks remote agent store" time="0.000443144">
        </testcase>
        <testcase classname="src/renderer/plugins/plugin-api-widgets-remote.test.ts" name="widget adapter remote agent support (structural) &gt; SleepingAgentAdapter uses fallback pattern (local || remote)" time="0.000488899">
        </testcase>
        <testcase classname="src/renderer/plugins/plugin-api-widgets-remote.test.ts" name="widget adapter remote agent support (structural) &gt; AgentAvatarAdapter uses fallback pattern (local || remote)" time="0.00051103">
        </testcase>
    </testsuite>
    <testsuite name="src/renderer/plugins/plugin-api-window.test.ts" timestamp="2026-03-25T04:47:30.022Z" hostname="runnervm46oaq" tests="7" failures="0" errors="0" skipped="0" time="0.008763481">
        <testcase classname="src/renderer/plugins/plugin-api-window.test.ts" name="createWindowAPI &gt; getTitle returns manifest title as default" time="0.003115725">
        </testcase>
        <testcase classname="src/renderer/plugins/plugin-api-window.test.ts" name="createWindowAPI &gt; getTitle falls back to tab.label when no title" time="0.000471838">
        </testcase>
        <testcase classname="src/renderer/plugins/plugin-api-window.test.ts" name="createWindowAPI &gt; getTitle falls back to manifest.name when no contributes" time="0.000483349">
        </testcase>
        <testcase classname="src/renderer/plugins/plugin-api-window.test.ts" name="createWindowAPI &gt; getTitle uses railItem.title for app-scoped plugin" time="0.000633819">
        </testcase>
        <testcase classname="src/renderer/plugins/plugin-api-window.test.ts" name="createWindowAPI &gt; setTitle updates the store and getTitle returns it" time="0.000550003">
        </testcase>
        <testcase classname="src/renderer/plugins/plugin-api-window.test.ts" name="createWindowAPI &gt; resetTitle clears dynamic title, reverts to default" time="0.000680215">
        </testcase>
        <testcase classname="src/renderer/plugins/plugin-api-window.test.ts" name="createWindowAPI &gt; different plugins have independent titles" time="0.000621095">
        </testcase>
    </testsuite>
    <testsuite name="src/renderer/plugins/plugin-commands.test.ts" timestamp="2026-03-25T04:47:30.023Z" hostname="runnervm46oaq" tests="8" failures="0" errors="0" skipped="0" time="0.014237262">
        <testcase classname="src/renderer/plugins/plugin-commands.test.ts" name="PluginCommandRegistry &gt; registers and executes a command" time="0.003305559">
        </testcase>
        <testcase classname="src/renderer/plugins/plugin-commands.test.ts" name="PluginCommandRegistry &gt; supports async command handlers" time="0.000886059">
        </testcase>
        <testcase classname="src/renderer/plugins/plugin-commands.test.ts" name="PluginCommandRegistry &gt; throws when executing an unregistered command" time="0.002482628">
        </testcase>
        <testcase classname="src/renderer/plugins/plugin-commands.test.ts" name="PluginCommandRegistry &gt; returns a disposable that unregisters the command" time="0.001169335">
        </testcase>
        <testcase classname="src/renderer/plugins/plugin-commands.test.ts" name="PluginCommandRegistry &gt; has() returns true for registered commands" time="0.0005592">
        </testcase>
        <testcase classname="src/renderer/plugins/plugin-commands.test.ts" name="PluginCommandRegistry &gt; warns when overwriting an existing command" time="0.002453032">
        </testcase>
        <testcase classname="src/renderer/plugins/plugin-commands.test.ts" name="PluginCommandRegistry &gt; clear() removes all commands" time="0.000512343">
        </testcase>
        <testcase classname="src/renderer/plugins/plugin-commands.test.ts" name="PluginCommandRegistry &gt; passes multiple arguments to command handler" time="0.000783007">
        </testcase>
    </testsuite>
    <testsuite name="src/renderer/plugins/plugin-context.test.tsx" timestamp="2026-03-25T04:47:30.024Z" hostname="runnervm46oaq" tests="4" failures="0" errors="0" skipped="0" time="0.042534496">
        <testcase classname="src/renderer/plugins/plugin-context.test.tsx" name="PluginAPIProvider / usePluginAPI &gt; usePluginAPI() returns the provided API" time="0.0238708">
        </testcase>
        <testcase classname="src/renderer/plugins/plugin-context.test.tsx" name="PluginAPIProvider / usePluginAPI &gt; usePluginAPI() throws outside provider" time="0.006556164">
        </testcase>
        <testcase classname="src/renderer/plugins/plugin-context.test.tsx" name="PluginAPIProvider / usePluginAPI &gt; nested providers — inner wins" time="0.003418538">
        </testcase>
        <testcase classname="src/renderer/plugins/plugin-context.test.tsx" name="PluginAPIProvider / usePluginAPI &gt; API reference stability across re-renders" time="0.004902799">
        </testcase>
    </testsuite>
    <testsuite name="src/renderer/plugins/plugin-events.test.ts" timestamp="2026-03-25T04:47:30.025Z" hostname="runnervm46oaq" tests="9" failures="0" errors="0" skipped="0" time="0.022126005">
        <testcase classname="src/renderer/plugins/plugin-events.test.ts" name="PluginEventBus &gt; calls handler when event is emitted" time="0.004854219">
        </testcase>
        <testcase classname="src/renderer/plugins/plugin-events.test.ts" name="PluginEventBus &gt; supports multiple handlers for the same event" time="0.000862064">
        </testcase>
        <testcase classname="src/renderer/plugins/plugin-events.test.ts" name="PluginEventBus &gt; does not call handlers for other events" time="0.000749354">
        </testcase>
        <testcase classname="src/renderer/plugins/plugin-events.test.ts" name="PluginEventBus &gt; returns a disposable that removes the handler" time="0.000568477">
        </testcase>
        <testcase classname="src/renderer/plugins/plugin-events.test.ts" name="PluginEventBus &gt; does not affect other handlers when one is disposed" time="0.000624512">
        </testcase>
        <testcase classname="src/renderer/plugins/plugin-events.test.ts" name="PluginEventBus &gt; catches and logs handler errors without affecting other handlers" time="0.0081017">
        </testcase>
        <testcase classname="src/renderer/plugins/plugin-events.test.ts" name="PluginEventBus &gt; does nothing when emitting an event with no listeners" time="0.00126901">
        </testcase>
        <testcase classname="src/renderer/plugins/plugin-events.test.ts" name="PluginEventBus &gt; clear() removes all listeners" time="0.000636174">
        </testcase>
        <testcase classname="src/renderer/plugins/plugin-events.test.ts" name="PluginEventBus &gt; passes all arguments to handler" time="0.001677911">
        </testcase>
    </testsuite>
    <testsuite name="src/renderer/plugins/plugin-hotkeys.test.ts" timestamp="2026-03-25T04:47:30.027Z" hostname="runnervm46oaq" tests="19" failures="0" errors="0" skipped="0" time="0.021848894">
        <testcase classname="src/renderer/plugins/plugin-hotkeys.test.ts" name="pluginHotkeyRegistry &gt; register &gt; registers a shortcut with a default binding" time="0.004597041">
        </testcase>
        <testcase classname="src/renderer/plugins/plugin-hotkeys.test.ts" name="pluginHotkeyRegistry &gt; register &gt; supports global option" time="0.00058611">
        </testcase>
        <testcase classname="src/renderer/plugins/plugin-hotkeys.test.ts" name="pluginHotkeyRegistry &gt; register &gt; unbinds on collision with system shortcut" time="0.00102656">
        </testcase>
        <testcase classname="src/renderer/plugins/plugin-hotkeys.test.ts" name="pluginHotkeyRegistry &gt; register &gt; unbinds on collision with another plugin shortcut" time="0.0022738">
            <system-err>
[PluginHotkeys] Binding &quot;Meta+Shift+X&quot; for plugin-b:cmd-b collides with another plugin shortcut — unbound

            </system-err>
        </testcase>
        <testcase classname="src/renderer/plugins/plugin-hotkeys.test.ts" name="pluginHotkeyRegistry &gt; register &gt; fires onChange listeners" time="0.001155229">
        </testcase>
        <testcase classname="src/renderer/plugins/plugin-hotkeys.test.ts" name="pluginHotkeyRegistry &gt; findByBinding &gt; finds shortcut by binding" time="0.000757379">
        </testcase>
        <testcase classname="src/renderer/plugins/plugin-hotkeys.test.ts" name="pluginHotkeyRegistry &gt; findByBinding &gt; returns undefined for unmatched binding" time="0.000520859">
        </testcase>
        <testcase classname="src/renderer/plugins/plugin-hotkeys.test.ts" name="pluginHotkeyRegistry &gt; getBinding / clearBinding &gt; returns current binding" time="0.000539433">
        </testcase>
        <testcase classname="src/renderer/plugins/plugin-hotkeys.test.ts" name="pluginHotkeyRegistry &gt; getBinding / clearBinding &gt; returns null for unknown command" time="0.000673864">
        </testcase>
        <testcase classname="src/renderer/plugins/plugin-hotkeys.test.ts" name="pluginHotkeyRegistry &gt; getBinding / clearBinding &gt; clearBinding removes the binding" time="0.000644369">
        </testcase>
        <testcase classname="src/renderer/plugins/plugin-hotkeys.test.ts" name="pluginHotkeyRegistry &gt; setBinding / resetBinding &gt; setBinding updates the binding" time="0.000403992">
        </testcase>
        <testcase classname="src/renderer/plugins/plugin-hotkeys.test.ts" name="pluginHotkeyRegistry &gt; setBinding / resetBinding &gt; resetBinding returns to default" time="0.000555213">
        </testcase>
        <testcase classname="src/renderer/plugins/plugin-hotkeys.test.ts" name="pluginHotkeyRegistry &gt; getByPlugin / clearPlugin &gt; getByPlugin returns shortcuts for specific plugin" time="0.000831497">
        </testcase>
        <testcase classname="src/renderer/plugins/plugin-hotkeys.test.ts" name="pluginHotkeyRegistry &gt; getByPlugin / clearPlugin &gt; clearPlugin removes all shortcuts for a plugin" time="0.001056636">
        </testcase>
        <testcase classname="src/renderer/plugins/plugin-hotkeys.test.ts" name="pluginHotkeyRegistry &gt; snapshot stability (useSyncExternalStore) &gt; returns the same reference from getAll() when no changes occur" time="0.000461328">
        </testcase>
        <testcase classname="src/renderer/plugins/plugin-hotkeys.test.ts" name="pluginHotkeyRegistry &gt; snapshot stability (useSyncExternalStore) &gt; returns a new reference from getAll() after a mutation" time="0.001454025">
        </testcase>
        <testcase classname="src/renderer/plugins/plugin-hotkeys.test.ts" name="pluginHotkeyRegistry &gt; snapshot stability (useSyncExternalStore) &gt; returns a new reference after register()" time="0.000517543">
        </testcase>
        <testcase classname="src/renderer/plugins/plugin-hotkeys.test.ts" name="pluginHotkeyRegistry &gt; snapshot stability (useSyncExternalStore) &gt; returns a new reference after dispose()" time="0.000493668">
        </testcase>
        <testcase classname="src/renderer/plugins/plugin-hotkeys.test.ts" name="pluginHotkeyRegistry &gt; persistence &gt; saves overrides to localStorage" time="0.000742261">
        </testcase>
    </testsuite>
    <testsuite name="src/renderer/plugins/plugin-loader.test.ts" timestamp="2026-03-25T04:47:30.030Z" hostname="runnervm46oaq" tests="119" failures="0" errors="0" skipped="0" time="1.175951624">
        <testcase classname="src/renderer/plugins/plugin-loader.test.ts" name="plugin-loader &gt; initializePluginSystem() &gt; discovers community plugins and registers them" time="0.006927014">
        </testcase>
        <testcase classname="src/renderer/plugins/plugin-loader.test.ts" name="plugin-loader &gt; initializePluginSystem() &gt; registers marketplace-installed plugins with marketplace source" time="0.000950518">
        </testcase>
        <testcase classname="src/renderer/plugins/plugin-loader.test.ts" name="plugin-loader &gt; initializePluginSystem() &gt; registers invalid community plugins as incompatible" time="0.000797584">
        </testcase>
        <testcase classname="src/renderer/plugins/plugin-loader.test.ts" name="plugin-loader &gt; initializePluginSystem() &gt; activates safe mode when startup marker attempt &gt;= 2" time="0.001017713">
        </testcase>
        <testcase classname="src/renderer/plugins/plugin-loader.test.ts" name="plugin-loader &gt; initializePluginSystem() &gt; does not activate safe mode when attempt &lt; 2" time="0.002564539">
        </testcase>
        <testcase classname="src/renderer/plugins/plugin-loader.test.ts" name="plugin-loader &gt; initializePluginSystem() &gt; loads app-enabled config from storage" time="0.002431818">
        </testcase>
        <testcase classname="src/renderer/plugins/plugin-loader.test.ts" name="plugin-loader &gt; initializePluginSystem() &gt; handles missing app-enabled config gracefully" time="0.00070949">
        </testcase>
        <testcase classname="src/renderer/plugins/plugin-loader.test.ts" name="plugin-loader &gt; initializePluginSystem() &gt; clears startup marker after successful init" time="0.000463722">
        </testcase>
        <testcase classname="src/renderer/plugins/plugin-loader.test.ts" name="plugin-loader &gt; initializePluginSystem() &gt; does not clear startup marker in safe mode" time="0.000965737">
        </testcase>
        <testcase classname="src/renderer/plugins/plugin-loader.test.ts" name="plugin-loader &gt; initializePluginSystem() &gt; writes startup marker before plugin activation" time="0.003685004">
        </testcase>
        <testcase classname="src/renderer/plugins/plugin-loader.test.ts" name="plugin-loader &gt; initializePluginSystem() &gt; writes startup marker before activation, clears after" time="0.000619052">
        </testcase>
        <testcase classname="src/renderer/plugins/plugin-loader.test.ts" name="plugin-loader &gt; initializePluginSystem() &gt; does not write startup marker in safe mode" time="0.000500731">
        </testcase>
        <testcase classname="src/renderer/plugins/plugin-loader.test.ts" name="plugin-loader &gt; initializePluginSystem() &gt; registers built-in plugins" time="0.000598293">
        </testcase>
        <testcase classname="src/renderer/plugins/plugin-loader.test.ts" name="plugin-loader &gt; initializePluginSystem() &gt; sets module directly for built-in plugins" time="0.000540806">
        </testcase>
        <testcase classname="src/renderer/plugins/plugin-loader.test.ts" name="plugin-loader &gt; initializePluginSystem() &gt; auto-enables default built-in plugins at app level" time="0.001793776">
        </testcase>
        <testcase classname="src/renderer/plugins/plugin-loader.test.ts" name="plugin-loader &gt; initializePluginSystem() &gt; does not auto-enable non-default built-in plugins" time="0.000973602">
        </testcase>
        <testcase classname="src/renderer/plugins/plugin-loader.test.ts" name="plugin-loader &gt; initializePluginSystem() &gt; registers multiple built-in plugins" time="0.000947582">
        </testcase>
        <testcase classname="src/renderer/plugins/plugin-loader.test.ts" name="plugin-loader &gt; initializePluginSystem() &gt; skips community discovery when external plugins disabled" time="0.000541478">
        </testcase>
        <testcase classname="src/renderer/plugins/plugin-loader.test.ts" name="plugin-loader &gt; initializePluginSystem() &gt; sets externalPluginsEnabled from persisted value" time="0.000478059">
        </testcase>
        <testcase classname="src/renderer/plugins/plugin-loader.test.ts" name="plugin-loader &gt; initializePluginSystem() &gt; realistic built-in plugin discovery &gt; registers all three built-in plugins (hub, terminal, files)" time="0.002592913">
        </testcase>
        <testcase classname="src/renderer/plugins/plugin-loader.test.ts" name="plugin-loader &gt; initializePluginSystem() &gt; realistic built-in plugin discovery &gt; preserves correct scope for each built-in plugin" time="0.001234816">
        </testcase>
        <testcase classname="src/renderer/plugins/plugin-loader.test.ts" name="plugin-loader &gt; initializePluginSystem() &gt; realistic built-in plugin discovery &gt; auto-enables all three built-in plugins at app level" time="0.001402849">
        </testcase>
        <testcase classname="src/renderer/plugins/plugin-loader.test.ts" name="plugin-loader &gt; initializePluginSystem() &gt; realistic built-in plugin discovery &gt; sets modules for all built-in plugins" time="0.001119351">
        </testcase>
        <testcase classname="src/renderer/plugins/plugin-loader.test.ts" name="plugin-loader &gt; initializePluginSystem() &gt; realistic built-in plugin discovery &gt; does not call registerManifest for built-in plugins (loaded at startup)" time="0.001734617">
        </testcase>
        <testcase classname="src/renderer/plugins/plugin-loader.test.ts" name="plugin-loader &gt; initializePluginSystem() &gt; realistic built-in plugin discovery &gt; does not activate project-scoped builtins during init (terminal, files)" time="0.001605606">
        </testcase>
        <testcase classname="src/renderer/plugins/plugin-loader.test.ts" name="plugin-loader &gt; initializePluginSystem() &gt; realistic built-in plugin discovery &gt; activates realistic builtins correctly via activatePlugin" time="0.003491604">
        </testcase>
        <testcase classname="src/renderer/plugins/plugin-loader.test.ts" name="plugin-loader &gt; initializePluginSystem() &gt; realistic built-in plugin discovery &gt; merges persisted app-enabled config with auto-enabled builtins" time="0.001545264">
        </testcase>
        <testcase classname="src/renderer/plugins/plugin-loader.test.ts" name="plugin-loader &gt; initializePluginSystem() &gt; realistic built-in plugin discovery &gt; activates project-scoped builtins on project switch" time="0.002421855">
        </testcase>
        <testcase classname="src/renderer/plugins/plugin-loader.test.ts" name="plugin-loader &gt; initializePluginSystem() &gt; realistic built-in plugin discovery &gt; writes startup marker with all enabled builtins" time="0.001324423">
        </testcase>
        <testcase classname="src/renderer/plugins/plugin-loader.test.ts" name="plugin-loader &gt; canvas experimental flag migration &gt; migrates only canvas to appEnabled when experimentalFlags.canvas is true" time="0.001852225">
        </testcase>
        <testcase classname="src/renderer/plugins/plugin-loader.test.ts" name="plugin-loader &gt; canvas experimental flag migration &gt; persists migrated appEnabled list to storage" time="0.00390311">
        </testcase>
        <testcase classname="src/renderer/plugins/plugin-loader.test.ts" name="plugin-loader &gt; canvas experimental flag migration &gt; clears the stale canvas experimental flag" time="0.001909482">
        </testcase>
        <testcase classname="src/renderer/plugins/plugin-loader.test.ts" name="plugin-loader &gt; canvas experimental flag migration &gt; does not migrate when experimentalFlags.canvas is falsy" time="0.001191947">
        </testcase>
        <testcase classname="src/renderer/plugins/plugin-loader.test.ts" name="plugin-loader &gt; canvas experimental flag migration &gt; does not double-add canvas if already in appEnabled" time="0.001633699">
        </testcase>
        <testcase classname="src/renderer/plugins/plugin-loader.test.ts" name="plugin-loader &gt; canvas experimental flag migration &gt; activates migrated canvas at app level" time="0.001748132">
        </testcase>
        <testcase classname="src/renderer/plugins/plugin-loader.test.ts" name="plugin-loader &gt; activatePlugin() &gt; does not activate unknown plugin" time="0.000763731">
        </testcase>
        <testcase classname="src/renderer/plugins/plugin-loader.test.ts" name="plugin-loader &gt; activatePlugin() &gt; skips activation of incompatible plugin" time="0.000695524">
        </testcase>
        <testcase classname="src/renderer/plugins/plugin-loader.test.ts" name="plugin-loader &gt; activatePlugin() &gt; skips activation of errored plugin" time="0.000712676">
        </testcase>
        <testcase classname="src/renderer/plugins/plugin-loader.test.ts" name="plugin-loader &gt; activatePlugin() &gt; skips activation of disabled plugin" time="0.000671458">
        </testcase>
        <testcase classname="src/renderer/plugins/plugin-loader.test.ts" name="plugin-loader &gt; activatePlugin() &gt; does not activate same plugin twice (idempotent)" time="0.000781413">
        </testcase>
        <testcase classname="src/renderer/plugins/plugin-loader.test.ts" name="plugin-loader &gt; activatePlugin() &gt; activates builtin plugin without dynamic import" time="0.000836325">
        </testcase>
        <testcase classname="src/renderer/plugins/plugin-loader.test.ts" name="plugin-loader &gt; activatePlugin() &gt; passes context and api to activate()" time="0.003628839">
        </testcase>
        <testcase classname="src/renderer/plugins/plugin-loader.test.ts" name="plugin-loader &gt; activatePlugin() &gt; sets status to activated on success" time="0.000798746">
        </testcase>
        <testcase classname="src/renderer/plugins/plugin-loader.test.ts" name="plugin-loader &gt; activatePlugin() &gt; sets status to errored when activate() throws" time="0.020062186">
        </testcase>
        <testcase classname="src/renderer/plugins/plugin-loader.test.ts" name="plugin-loader &gt; activatePlugin() &gt; loads saved settings into context" time="0.000961388">
        </testcase>
        <testcase classname="src/renderer/plugins/plugin-loader.test.ts" name="plugin-loader &gt; activatePlugin() &gt; loads settings from storage when not in memory store" time="0.006081441">
        </testcase>
        <testcase classname="src/renderer/plugins/plugin-loader.test.ts" name="plugin-loader &gt; activatePlugin() &gt; falls back gracefully when storage read fails" time="0.001384184">
        </testcase>
        <testcase classname="src/renderer/plugins/plugin-loader.test.ts" name="plugin-loader &gt; activatePlugin() &gt; creates unique context per project for project-scoped plugins" time="0.001246328">
        </testcase>
        <testcase classname="src/renderer/plugins/plugin-loader.test.ts" name="plugin-loader &gt; activatePlugin() &gt; activates dual-scoped plugin with project context" time="0.000767848">
        </testcase>
        <testcase classname="src/renderer/plugins/plugin-loader.test.ts" name="plugin-loader &gt; deactivatePlugin() &gt; does nothing for non-active plugin" time="0.000913388">
        </testcase>
        <testcase classname="src/renderer/plugins/plugin-loader.test.ts" name="plugin-loader &gt; deactivatePlugin() &gt; calls deactivate() on module" time="0.000807081">
        </testcase>
        <testcase classname="src/renderer/plugins/plugin-loader.test.ts" name="plugin-loader &gt; deactivatePlugin() &gt; disposes subscriptions in reverse order" time="0.002378115">
        </testcase>
        <testcase classname="src/renderer/plugins/plugin-loader.test.ts" name="plugin-loader &gt; deactivatePlugin() &gt; removes context after deactivation" time="0.000915312">
        </testcase>
        <testcase classname="src/renderer/plugins/plugin-loader.test.ts" name="plugin-loader &gt; deactivatePlugin() &gt; handles deactivate() throwing without crashing" time="0.001095698">
        </testcase>
        <testcase classname="src/renderer/plugins/plugin-loader.test.ts" name="plugin-loader &gt; handleProjectSwitch() &gt; activates project-scoped plugins for new project" time="0.00122049">
        </testcase>
        <testcase classname="src/renderer/plugins/plugin-loader.test.ts" name="plugin-loader &gt; handleProjectSwitch() &gt; activates dual-scoped plugins for new project" time="0.001070691">
        </testcase>
        <testcase classname="src/renderer/plugins/plugin-loader.test.ts" name="plugin-loader &gt; handleProjectSwitch() &gt; deactivates project-scoped plugins on old project" time="0.00130618">
        </testcase>
        <testcase classname="src/renderer/plugins/plugin-loader.test.ts" name="plugin-loader &gt; handleProjectSwitch() &gt; deactivates dual-scoped plugins on old project" time="0.001156401">
        </testcase>
        <testcase classname="src/renderer/plugins/plugin-loader.test.ts" name="plugin-loader &gt; handleProjectSwitch() &gt; does NOT deactivate app-scoped plugins on project switch" time="0.001132797">
        </testcase>
        <testcase classname="src/renderer/plugins/plugin-loader.test.ts" name="plugin-loader &gt; handleProjectSwitch() &gt; handles null oldProjectId (first load)" time="0.001237302">
        </testcase>
        <testcase classname="src/renderer/plugins/plugin-loader.test.ts" name="plugin-loader &gt; handleProjectSwitch() &gt; handles empty enabled list for new project" time="0.000558469">
        </testcase>
        <testcase classname="src/renderer/plugins/plugin-loader.test.ts" name="plugin-loader &gt; handleProjectSwitch() &gt; handles project switch with no enabled plugins at all" time="0.000718797">
        </testcase>
        <testcase classname="src/renderer/plugins/plugin-loader.test.ts" name="plugin-loader &gt; community plugin loading &gt; converts unix path to file:// URL for dynamic import" time="0.00068807">
        </testcase>
        <testcase classname="src/renderer/plugins/plugin-loader.test.ts" name="plugin-loader &gt; community plugin loading &gt; uses custom main path from manifest" time="0.000584667">
        </testcase>
        <testcase classname="src/renderer/plugins/plugin-loader.test.ts" name="plugin-loader &gt; community plugin loading &gt; sets errored status when dynamic import fails" time="0.000727884">
        </testcase>
        <testcase classname="src/renderer/plugins/plugin-loader.test.ts" name="plugin-loader &gt; community plugin loading &gt; sets errored status when module exports are invalid" time="0.000294488">
        </testcase>
        <testcase classname="src/renderer/plugins/plugin-loader.test.ts" name="plugin-loader &gt; community plugin loading &gt; stores module on successful load" time="0.00054842">
        </testcase>
        <testcase classname="src/renderer/plugins/plugin-loader.test.ts" name="plugin-loader &gt; community plugin loading &gt; includes stack trace in activation error" time="0.000570381">
        </testcase>
        <testcase classname="src/renderer/plugins/plugin-loader.test.ts" name="plugin-loader &gt; community plugin loading &gt; appends cache-busting query param to import URL" time="0.000716713">
        </testcase>
        <testcase classname="src/renderer/plugins/plugin-loader.test.ts" name="plugin-loader &gt; getActiveContext() &gt; returns undefined for non-active plugin" time="0.000175315">
        </testcase>
        <testcase classname="src/renderer/plugins/plugin-loader.test.ts" name="plugin-loader &gt; getActiveContext() &gt; returns context for active app-scoped plugin" time="0.000527721">
        </testcase>
        <testcase classname="src/renderer/plugins/plugin-loader.test.ts" name="plugin-loader &gt; getActiveContext() &gt; returns context keyed by projectId for project-scoped plugin" time="0.000493948">
        </testcase>
        <testcase classname="src/renderer/plugins/plugin-loader.test.ts" name="plugin-loader &gt; discoverNewPlugins() &gt; registers newly discovered plugins" time="0.000476476">
        </testcase>
        <testcase classname="src/renderer/plugins/plugin-loader.test.ts" name="plugin-loader &gt; discoverNewPlugins() &gt; skips already registered plugins" time="0.00025266">
        </testcase>
        <testcase classname="src/renderer/plugins/plugin-loader.test.ts" name="plugin-loader &gt; discoverNewPlugins() &gt; registers marketplace source for plugins with fromMarketplace flag" time="0.000362615">
        </testcase>
        <testcase classname="src/renderer/plugins/plugin-loader.test.ts" name="plugin-loader &gt; discoverNewPlugins() &gt; registers incompatible new plugins" time="0.000572093">
        </testcase>
        <testcase classname="src/renderer/plugins/plugin-loader.test.ts" name="plugin-loader &gt; discoverNewPlugins() &gt; returns empty array when no new plugins found" time="0.000247661">
        </testcase>
        <testcase classname="src/renderer/plugins/plugin-loader.test.ts" name="plugin-loader &gt; pack plugin activation &gt; activates pack plugin without dynamic import" time="0.00057553">
        </testcase>
        <testcase classname="src/renderer/plugins/plugin-loader.test.ts" name="plugin-loader &gt; pack plugin activation &gt; registers contributed themes on activation" time="0.00082251">
        </testcase>
        <testcase classname="src/renderer/plugins/plugin-loader.test.ts" name="plugin-loader &gt; pack plugin activation &gt; unregisters themes on deactivation" time="0.000712095">
        </testcase>
        <testcase classname="src/renderer/plugins/plugin-loader.test.ts" name="plugin-loader &gt; pack plugin activation &gt; stores a synthetic empty module for pack plugins" time="0.000324152">
        </testcase>
        <testcase classname="src/renderer/plugins/plugin-loader.test.ts" name="plugin-loader &gt; pack plugin activation &gt; does not call createPluginAPI for pack plugins" time="0.000339181">
        </testcase>
        <testcase classname="src/renderer/plugins/plugin-loader.test.ts" name="plugin-loader &gt; pack plugin activation &gt; activates pack plugin with no themes gracefully" time="0.00350095">
        </testcase>
        <testcase classname="src/renderer/plugins/plugin-loader.test.ts" name="plugin-loader &gt; hotReloadPlugin() &gt; does nothing for unknown plugin" time="0.000619953">
        </testcase>
        <testcase classname="src/renderer/plugins/plugin-loader.test.ts" name="plugin-loader &gt; hotReloadPlugin() &gt; refuses to hot-reload builtin plugin" time="0.00034952">
        </testcase>
        <testcase classname="src/renderer/plugins/plugin-loader.test.ts" name="plugin-loader &gt; hotReloadPlugin() &gt; deactivates and re-activates a community plugin" time="0.001211033">
        </testcase>
        <testcase classname="src/renderer/plugins/plugin-loader.test.ts" name="plugin-loader &gt; hotReloadPlugin() &gt; continues activating remaining contexts when one fails" time="0.004595968">
        </testcase>
        <testcase classname="src/renderer/plugins/plugin-loader.test.ts" name="plugin-loader &gt; hotReloadPlugin() &gt; throws when re-activation fails" time="0.001468742">
        </testcase>
        <testcase classname="src/renderer/plugins/plugin-loader.test.ts" name="plugin-loader &gt; hotReloadPlugin() &gt; sets errored status when plugin not found on disk after update" time="0.50142263">
        </testcase>
        <testcase classname="src/renderer/plugins/plugin-loader.test.ts" name="plugin-loader &gt; hotReloadPlugin() &gt; re-activates app-level plugin when no contexts were active" time="0.00137623">
        </testcase>
        <testcase classname="src/renderer/plugins/plugin-loader.test.ts" name="plugin-loader &gt; hotReloadPlugin() &gt; restores project-enabled contexts from store state, not just active contexts" time="0.00290326">
        </testcase>
        <testcase classname="src/renderer/plugins/plugin-loader.test.ts" name="plugin-loader &gt; hotReloadPlugin() &gt; preserves plugin settings across hot-reload" time="0.001701786">
        </testcase>
        <testcase classname="src/renderer/plugins/plugin-loader.test.ts" name="plugin-loader &gt; hotReloadPlugin() &gt; retries discovery when plugin not found on first attempt" time="0.503048386">
        </testcase>
        <testcase classname="src/renderer/plugins/plugin-loader.test.ts" name="plugin-loader &gt; hotReloadPlugin() &gt; preserves app-enabled and project-enabled lists across hot-reload" time="0.002983479">
        </testcase>
        <testcase classname="src/renderer/plugins/plugin-loader.test.ts" name="plugin-loader &gt; hotReloadPlugin() &gt; blocks activation when update adds elevated permissions" time="0.001608411">
        </testcase>
        <testcase classname="src/renderer/plugins/plugin-loader.test.ts" name="plugin-loader &gt; hotReloadPlugin() &gt; allows activation when update only adds safe permissions" time="0.002207692">
        </testcase>
        <testcase classname="src/renderer/plugins/plugin-loader.test.ts" name="plugin-loader &gt; hotReloadPlugin() &gt; blocks on dangerous permissions" time="0.001253501">
        </testcase>
        <testcase classname="src/renderer/plugins/plugin-loader.test.ts" name="plugin-loader &gt; approvePluginPermissions() &gt; activates plugin after approval" time="0.003144148">
        </testcase>
        <testcase classname="src/renderer/plugins/plugin-loader.test.ts" name="plugin-loader &gt; approvePluginPermissions() &gt; does nothing for non-pending plugin" time="0.000439177">
        </testcase>
        <testcase classname="src/renderer/plugins/plugin-loader.test.ts" name="plugin-loader &gt; getBuiltinProjectPluginIds() &gt; returns all project-scoped and dual-scoped built-in plugin IDs" time="0.001050044">
        </testcase>
        <testcase classname="src/renderer/plugins/plugin-loader.test.ts" name="plugin-loader &gt; getBuiltinProjectPluginIds() &gt; excludes app-scoped built-in plugins" time="0.000602711">
        </testcase>
        <testcase classname="src/renderer/plugins/plugin-loader.test.ts" name="plugin-loader &gt; getBuiltinProjectPluginIds() &gt; includes non-default dual-scoped builtins (app-first gate controls activation)" time="0.000648286">
        </testcase>
        <testcase classname="src/renderer/plugins/plugin-loader.test.ts" name="plugin-loader &gt; getBuiltinProjectPluginIds() &gt; returns empty array when only app-scoped builtins exist" time="0.000354068">
        </testcase>
        <testcase classname="src/renderer/plugins/plugin-loader.test.ts" name="plugin-loader &gt; rejectPluginPermissions() &gt; disables plugin on rejection" time="0.000675316">
        </testcase>
        <testcase classname="src/renderer/plugins/plugin-loader.test.ts" name="plugin-loader &gt; pluginSystemReady &gt; resolves after initializePluginSystem completes" time="0.000521199">
        </testcase>
        <testcase classname="src/renderer/plugins/plugin-loader.test.ts" name="plugin-loader &gt; pluginSystemReady &gt; resolves in safe mode" time="0.000382041">
        </testcase>
        <testcase classname="src/renderer/plugins/plugin-loader.test.ts" name="plugin-loader &gt; pluginSystemReady &gt; resolves even when community plugin discovery throws" time="0.000479242">
        </testcase>
        <testcase classname="src/renderer/plugins/plugin-loader.test.ts" name="plugin-loader &gt; initializePluginSystem() app-scoped activation &gt; activates app-scoped community pack plugins during init" time="0.000944527">
        </testcase>
        <testcase classname="src/renderer/plugins/plugin-loader.test.ts" name="plugin-loader &gt; initializePluginSystem() app-scoped activation &gt; activates app-scoped built-in plugins during init" time="0.0009353">
        </testcase>
        <testcase classname="src/renderer/plugins/plugin-loader.test.ts" name="plugin-loader &gt; initializePluginSystem() app-scoped activation &gt; activates dual-scoped built-in plugins at app level during init" time="0.000937133">
        </testcase>
        <testcase classname="src/renderer/plugins/plugin-loader.test.ts" name="plugin-loader &gt; initializePluginSystem() app-scoped activation &gt; does not activate project-scoped plugins during init" time="0.000576022">
        </testcase>
        <testcase classname="src/renderer/plugins/plugin-loader.test.ts" name="plugin-loader &gt; refreshCommunityPlugins() &gt; returns empty result when external plugins are disabled" time="0.000665568">
        </testcase>
        <testcase classname="src/renderer/plugins/plugin-loader.test.ts" name="plugin-loader &gt; refreshCommunityPlugins() &gt; discovers new plugins" time="0.000571694">
        </testcase>
        <testcase classname="src/renderer/plugins/plugin-loader.test.ts" name="plugin-loader &gt; refreshCommunityPlugins() &gt; refreshes existing plugins without re-activating them unnecessarily" time="0.000644389">
        </testcase>
        <testcase classname="src/renderer/plugins/plugin-loader.test.ts" name="plugin-loader &gt; refreshCommunityPlugins() &gt; activates enabled-but-not-active plugins" time="0.001029946">
        </testcase>
        <testcase classname="src/renderer/plugins/plugin-loader.test.ts" name="plugin-loader &gt; refreshCommunityPlugins() &gt; reports incompatible plugins" time="0.000580449">
        </testcase>
        <testcase classname="src/renderer/plugins/plugin-loader.test.ts" name="plugin-loader &gt; refreshCommunityPlugins() &gt; does not activate project-scoped plugins at app level" time="0.000728976">
        </testcase>
        <testcase classname="src/renderer/plugins/plugin-loader.test.ts" name="plugin-loader &gt; refreshCommunityPlugins() &gt; re-registers pack themes when refreshing already-active pack plugins" time="0.000802904">
        </testcase>
        <testcase classname="src/renderer/plugins/plugin-loader.test.ts" name="plugin-loader &gt; refreshCommunityPlugins() &gt; handles mix of new, existing, and incompatible plugins" time="0.001741509">
        </testcase>
    </testsuite>
    <testsuite name="src/renderer/plugins/plugin-settings-renderer.test.tsx" timestamp="2026-03-25T04:47:30.048Z" hostname="runnervm46oaq" tests="13" failures="0" errors="0" skipped="0" time="0.756247303">
        <testcase classname="src/renderer/plugins/plugin-settings-renderer.test.tsx" name="PluginSettingsRenderer &gt; boolean setting renders a toggle, click persists" time="0.300997794">
        </testcase>
        <testcase classname="src/renderer/plugins/plugin-settings-renderer.test.tsx" name="PluginSettingsRenderer &gt; select setting renders dropdown with options, change persists" time="0.070646996">
        </testcase>
        <testcase classname="src/renderer/plugins/plugin-settings-renderer.test.tsx" name="PluginSettingsRenderer &gt; number setting renders input with value" time="0.051893133">
        </testcase>
        <testcase classname="src/renderer/plugins/plugin-settings-renderer.test.tsx" name="PluginSettingsRenderer &gt; string setting renders text input (default fallback)" time="0.040341356">
        </testcase>
        <testcase classname="src/renderer/plugins/plugin-settings-renderer.test.tsx" name="PluginSettingsRenderer &gt; description shown when present" time="0.004750146">
        </testcase>
        <testcase classname="src/renderer/plugins/plugin-settings-renderer.test.tsx" name="PluginSettingsRenderer &gt; description omitted when absent" time="0.005942574">
        </testcase>
        <testcase classname="src/renderer/plugins/plugin-settings-renderer.test.tsx" name="PluginSettingsRenderer &gt; calls window.clubhouse.plugin.storageWrite() on change" time="0.044491784">
        </testcase>
        <testcase classname="src/renderer/plugins/plugin-settings-renderer.test.tsx" name="PluginSettingsRenderer &gt; directory setting renders text input and Browse button" time="0.049088043">
        </testcase>
        <testcase classname="src/renderer/plugins/plugin-settings-renderer.test.tsx" name="PluginSettingsRenderer &gt; directory setting shows stored value in input" time="0.040652347">
        </testcase>
        <testcase classname="src/renderer/plugins/plugin-settings-renderer.test.tsx" name="PluginSettingsRenderer &gt; directory setting manual text input persists" time="0.037763307">
        </testcase>
        <testcase classname="src/renderer/plugins/plugin-settings-renderer.test.tsx" name="PluginSettingsRenderer &gt; directory setting Browse button sets value from picker" time="0.043180645">
        </testcase>
        <testcase classname="src/renderer/plugins/plugin-settings-renderer.test.tsx" name="PluginSettingsRenderer &gt; directory setting cancelled Browse preserves current value" time="0.027868781">
        </testcase>
        <testcase classname="src/renderer/plugins/plugin-settings-renderer.test.tsx" name="PluginSettingsRenderer &gt; reads initial value from store" time="0.034532543">
        </testcase>
    </testsuite>
    <testsuite name="src/renderer/plugins/plugin-store.test.ts" timestamp="2026-03-25T04:47:30.050Z" hostname="runnervm46oaq" tests="47" failures="0" errors="0" skipped="0" time="0.031516906">
        <testcase classname="src/renderer/plugins/plugin-store.test.ts" name="pluginStore &gt; registerPlugin &gt; adds a plugin to the registry" time="0.003382072">
        </testcase>
        <testcase classname="src/renderer/plugins/plugin-store.test.ts" name="pluginStore &gt; registerPlugin &gt; registers with a custom status" time="0.000477398">
        </testcase>
        <testcase classname="src/renderer/plugins/plugin-store.test.ts" name="pluginStore &gt; registerPlugin &gt; overwrites existing entry with same id" time="0.000455277">
        </testcase>
        <testcase classname="src/renderer/plugins/plugin-store.test.ts" name="pluginStore &gt; setPluginStatus &gt; updates status of an existing plugin" time="0.000508786">
        </testcase>
        <testcase classname="src/renderer/plugins/plugin-store.test.ts" name="pluginStore &gt; setPluginStatus &gt; does nothing for unknown plugin" time="0.001151542">
        </testcase>
        <testcase classname="src/renderer/plugins/plugin-store.test.ts" name="pluginStore &gt; setPluginStatus &gt; can set error message" time="0.000347075">
        </testcase>
        <testcase classname="src/renderer/plugins/plugin-store.test.ts" name="pluginStore &gt; setPluginStatus &gt; clears stale error when transitioning to activated without explicit error" time="0.000546887">
        </testcase>
        <testcase classname="src/renderer/plugins/plugin-store.test.ts" name="pluginStore &gt; setPluginStatus &gt; preserves error when explicitly passed during status change" time="0.000320206">
        </testcase>
        <testcase classname="src/renderer/plugins/plugin-store.test.ts" name="pluginStore &gt; setPluginModule / removePluginModule &gt; stores and retrieves a module" time="0.000817001">
        </testcase>
        <testcase classname="src/renderer/plugins/plugin-store.test.ts" name="pluginStore &gt; setPluginModule / removePluginModule &gt; removes a module" time="0.000441642">
        </testcase>
        <testcase classname="src/renderer/plugins/plugin-store.test.ts" name="pluginStore &gt; project plugin enable/disable &gt; enables a plugin for a project" time="0.001270924">
        </testcase>
        <testcase classname="src/renderer/plugins/plugin-store.test.ts" name="pluginStore &gt; project plugin enable/disable &gt; does not duplicate when enabling twice" time="0.001195704">
        </testcase>
        <testcase classname="src/renderer/plugins/plugin-store.test.ts" name="pluginStore &gt; project plugin enable/disable &gt; disables a plugin for a project" time="0.000656481">
        </testcase>
        <testcase classname="src/renderer/plugins/plugin-store.test.ts" name="pluginStore &gt; project plugin enable/disable &gt; loadProjectPluginConfig replaces entire list" time="0.00041923">
        </testcase>
        <testcase classname="src/renderer/plugins/plugin-store.test.ts" name="pluginStore &gt; project plugin enable/disable &gt; projects are isolated" time="0.000517513">
        </testcase>
        <testcase classname="src/renderer/plugins/plugin-store.test.ts" name="pluginStore &gt; app plugin enable/disable &gt; enables an app plugin" time="0.000475495">
        </testcase>
        <testcase classname="src/renderer/plugins/plugin-store.test.ts" name="pluginStore &gt; app plugin enable/disable &gt; does not duplicate when enabling twice" time="0.000398822">
        </testcase>
        <testcase classname="src/renderer/plugins/plugin-store.test.ts" name="pluginStore &gt; app plugin enable/disable &gt; disables an app plugin" time="0.000406286">
        </testcase>
        <testcase classname="src/renderer/plugins/plugin-store.test.ts" name="pluginStore &gt; app plugin enable/disable &gt; loadAppPluginConfig replaces entire list" time="0.000345894">
        </testcase>
        <testcase classname="src/renderer/plugins/plugin-store.test.ts" name="pluginStore &gt; plugin settings &gt; sets a single setting" time="0.000452001">
        </testcase>
        <testcase classname="src/renderer/plugins/plugin-store.test.ts" name="pluginStore &gt; plugin settings &gt; preserves other settings when updating one" time="0.00035455">
        </testcase>
        <testcase classname="src/renderer/plugins/plugin-store.test.ts" name="pluginStore &gt; plugin settings &gt; loadPluginSettings replaces settings for a key" time="0.000386359">
        </testcase>
        <testcase classname="src/renderer/plugins/plugin-store.test.ts" name="pluginStore &gt; permission violations &gt; permissionViolations starts empty" time="0.000238343">
        </testcase>
        <testcase classname="src/renderer/plugins/plugin-store.test.ts" name="pluginStore &gt; permission violations &gt; recordPermissionViolation adds entries" time="0.000645711">
        </testcase>
        <testcase classname="src/renderer/plugins/plugin-store.test.ts" name="pluginStore &gt; permission violations &gt; multiple violations accumulate" time="0.000382332">
        </testcase>
        <testcase classname="src/renderer/plugins/plugin-store.test.ts" name="pluginStore &gt; permission violations &gt; clearPermissionViolation removes by pluginId" time="0.000522963">
        </testcase>
        <testcase classname="src/renderer/plugins/plugin-store.test.ts" name="pluginStore &gt; permission violations &gt; clearPermissionViolation is a no-op for unknown pluginId" time="0.000353758">
        </testcase>
        <testcase classname="src/renderer/plugins/plugin-store.test.ts" name="pluginStore &gt; permission violations &gt; caps violations at MAX_PERMISSION_VIOLATIONS, dropping oldest" time="0.002732213">
        </testcase>
        <testcase classname="src/renderer/plugins/plugin-store.test.ts" name="pluginStore &gt; permission violations &gt; does not trim when at exactly the limit" time="0.002195946">
        </testcase>
        <testcase classname="src/renderer/plugins/plugin-store.test.ts" name="pluginStore &gt; removePlugin &gt; removes plugin from registry" time="0.000412157">
        </testcase>
        <testcase classname="src/renderer/plugins/plugin-store.test.ts" name="pluginStore &gt; removePlugin &gt; removes plugin module" time="0.000329413">
        </testcase>
        <testcase classname="src/renderer/plugins/plugin-store.test.ts" name="pluginStore &gt; removePlugin &gt; removes plugin from appEnabled" time="0.000385898">
        </testcase>
        <testcase classname="src/renderer/plugins/plugin-store.test.ts" name="pluginStore &gt; removePlugin &gt; removes plugin from all projectEnabled lists" time="0.000573117">
        </testcase>
        <testcase classname="src/renderer/plugins/plugin-store.test.ts" name="pluginStore &gt; removePlugin &gt; does not affect other plugins" time="0.000386729">
        </testcase>
        <testcase classname="src/renderer/plugins/plugin-store.test.ts" name="pluginStore &gt; removePlugin &gt; is a no-op for unknown plugin id" time="0.000259112">
        </testcase>
        <testcase classname="src/renderer/plugins/plugin-store.test.ts" name="pluginStore &gt; externalPluginsEnabled &gt; defaults to false" time="0.000218837">
        </testcase>
        <testcase classname="src/renderer/plugins/plugin-store.test.ts" name="pluginStore &gt; externalPluginsEnabled &gt; can be set to true" time="0.000256588">
        </testcase>
        <testcase classname="src/renderer/plugins/plugin-store.test.ts" name="pluginStore &gt; externalPluginsEnabled &gt; can be toggled back to false" time="0.000248953">
        </testcase>
        <testcase classname="src/renderer/plugins/plugin-store.test.ts" name="pluginStore &gt; safe mode &gt; defaults to false" time="0.000211624">
        </testcase>
        <testcase classname="src/renderer/plugins/plugin-store.test.ts" name="pluginStore &gt; safe mode &gt; can be set to true" time="0.000250707">
        </testcase>
        <testcase classname="src/renderer/plugins/plugin-store.test.ts" name="pluginStore &gt; safe mode &gt; can be toggled back to false" time="0.000237513">
        </testcase>
        <testcase classname="src/renderer/plugins/plugin-store.test.ts" name="pluginStore &gt; pluginTitles &gt; defaults to empty object" time="0.00024211">
        </testcase>
        <testcase classname="src/renderer/plugins/plugin-store.test.ts" name="pluginStore &gt; pluginTitles &gt; setPluginTitle sets a dynamic title" time="0.000264362">
        </testcase>
        <testcase classname="src/renderer/plugins/plugin-store.test.ts" name="pluginStore &gt; pluginTitles &gt; setPluginTitle overwrites previous title" time="0.00023669">
        </testcase>
        <testcase classname="src/renderer/plugins/plugin-store.test.ts" name="pluginStore &gt; pluginTitles &gt; clearPluginTitle removes the title" time="0.000275443">
        </testcase>
        <testcase classname="src/renderer/plugins/plugin-store.test.ts" name="pluginStore &gt; pluginTitles &gt; clearPluginTitle is safe for non-existent plugin" time="0.000246939">
        </testcase>
        <testcase classname="src/renderer/plugins/plugin-store.test.ts" name="pluginStore &gt; pluginTitles &gt; different plugins have independent titles" time="0.000274912">
        </testcase>
    </testsuite>
    <testsuite name="src/renderer/plugins/plugin-styles.test.ts" timestamp="2026-03-25T04:47:30.057Z" hostname="runnervm46oaq" tests="6" failures="0" errors="0" skipped="0" time="0.063115227">
        <testcase classname="src/renderer/plugins/plugin-styles.test.ts" name="plugin-styles &gt; injectStyles &gt; creates a style element" time="0.043502497">
        </testcase>
        <testcase classname="src/renderer/plugins/plugin-styles.test.ts" name="plugin-styles &gt; injectStyles &gt; replaces existing styles for the same plugin" time="0.010178202">
        </testcase>
        <testcase classname="src/renderer/plugins/plugin-styles.test.ts" name="plugin-styles &gt; injectStyles &gt; does not affect other plugins styles" time="0.002141413">
        </testcase>
        <testcase classname="src/renderer/plugins/plugin-styles.test.ts" name="plugin-styles &gt; removeStyles &gt; removes the style element for a plugin" time="0.00166111">
        </testcase>
        <testcase classname="src/renderer/plugins/plugin-styles.test.ts" name="plugin-styles &gt; removeStyles &gt; does nothing if no styles exist for the plugin" time="0.001678752">
        </testcase>
        <testcase classname="src/renderer/plugins/plugin-styles.test.ts" name="plugin-styles &gt; removeStyles &gt; does not affect other plugins" time="0.001519146">
        </testcase>
    </testsuite>
    <testsuite name="src/renderer/plugins/renderer-logger.test.ts" timestamp="2026-03-25T04:47:30.058Z" hostname="runnervm46oaq" tests="5" failures="0" errors="0" skipped="0" time="0.007549953">
        <testcase classname="src/renderer/plugins/renderer-logger.test.ts" name="renderer-logger &gt; sends a log entry over IPC with correct fields" time="0.003012574">
        </testcase>
        <testcase classname="src/renderer/plugins/renderer-logger.test.ts" name="renderer-logger &gt; includes projectId and meta when provided" time="0.001124572">
        </testcase>
        <testcase classname="src/renderer/plugins/renderer-logger.test.ts" name="renderer-logger &gt; generates an ISO timestamp" time="0.000350542">
        </testcase>
        <testcase classname="src/renderer/plugins/renderer-logger.test.ts" name="renderer-logger &gt; supports all log levels" time="0.000823642">
        </testcase>
        <testcase classname="src/renderer/plugins/renderer-logger.test.ts" name="renderer-logger &gt; is fire-and-forget (uses send, not invoke)" time="0.000539754">
        </testcase>
    </testsuite>
    <testsuite name="src/renderer/plugins/testing.test.ts" timestamp="2026-03-25T04:47:30.059Z" hostname="runnervm46oaq" tests="24" failures="0" errors="0" skipped="0" time="0.025338915">
        <testcase classname="src/renderer/plugins/testing.test.ts" name="testing utilities &gt; createMockContext &gt; returns a valid PluginContext with defaults" time="0.004245548">
        </testcase>
        <testcase classname="src/renderer/plugins/testing.test.ts" name="testing utilities &gt; createMockContext &gt; allows overriding individual fields" time="0.000660078">
        </testcase>
        <testcase classname="src/renderer/plugins/testing.test.ts" name="testing utilities &gt; createMockContext &gt; subscriptions array is a fresh instance per call" time="0.000659536">
        </testcase>
        <testcase classname="src/renderer/plugins/testing.test.ts" name="testing utilities &gt; createMockContext &gt; settings object is a fresh instance per call" time="0.000389876">
        </testcase>
        <testcase classname="src/renderer/plugins/testing.test.ts" name="testing utilities &gt; createMockAPI &gt; returns an object with all PluginAPI namespaces" time="0.001800559">
        </testcase>
        <testcase classname="src/renderer/plugins/testing.test.ts" name="testing utilities &gt; createMockAPI &gt; project API methods return safe defaults" time="0.001702357">
        </testcase>
        <testcase classname="src/renderer/plugins/testing.test.ts" name="testing utilities &gt; createMockAPI &gt; projects API methods return safe defaults" time="0.000772668">
        </testcase>
        <testcase classname="src/renderer/plugins/testing.test.ts" name="testing utilities &gt; createMockAPI &gt; git API methods return safe defaults" time="0.000974723">
        </testcase>
        <testcase classname="src/renderer/plugins/testing.test.ts" name="testing utilities &gt; createMockAPI &gt; storage API methods return safe defaults" time="0.001464615">
        </testcase>
        <testcase classname="src/renderer/plugins/testing.test.ts" name="testing utilities &gt; createMockAPI &gt; ui methods are callable without error" time="0.001833821">
        </testcase>
        <testcase classname="src/renderer/plugins/testing.test.ts" name="testing utilities &gt; createMockAPI &gt; commands register returns a disposable" time="0.000692809">
        </testcase>
        <testcase classname="src/renderer/plugins/testing.test.ts" name="testing utilities &gt; createMockAPI &gt; events on returns a disposable" time="0.000658415">
        </testcase>
        <testcase classname="src/renderer/plugins/testing.test.ts" name="testing utilities &gt; createMockAPI &gt; settings methods return safe defaults" time="0.000671128">
        </testcase>
        <testcase classname="src/renderer/plugins/testing.test.ts" name="testing utilities &gt; createMockAPI &gt; agents API returns safe defaults" time="0.000534765">
        </testcase>
        <testcase classname="src/renderer/plugins/testing.test.ts" name="testing utilities &gt; createMockAPI &gt; allows overriding specific namespaces" time="0.000430752">
        </testcase>
        <testcase classname="src/renderer/plugins/testing.test.ts" name="testing utilities &gt; createMockAPI &gt; hub namespace exists" time="0.000291443">
        </testcase>
        <testcase classname="src/renderer/plugins/testing.test.ts" name="testing utilities &gt; createMockAPI &gt; navigation API methods are callable" time="0.000598614">
        </testcase>
        <testcase classname="src/renderer/plugins/testing.test.ts" name="testing utilities &gt; createMockAPI &gt; widgets API provides component types" time="0.00039227">
        </testcase>
        <testcase classname="src/renderer/plugins/testing.test.ts" name="testing utilities &gt; createMockAPI &gt; context has expected defaults" time="0.000352115">
        </testcase>
        <testcase classname="src/renderer/plugins/testing.test.ts" name="testing utilities &gt; createMockAPI &gt; enriched agents API methods return safe defaults" time="0.000897609">
        </testcase>
        <testcase classname="src/renderer/plugins/testing.test.ts" name="testing utilities &gt; createMockAPI &gt; storage.projectLocal methods return safe defaults" time="0.000649368">
        </testcase>
        <testcase classname="src/renderer/plugins/testing.test.ts" name="testing utilities &gt; createMockAPI &gt; agents.getModelOptions returns default ModelOption" time="0.00056976">
        </testcase>
        <testcase classname="src/renderer/plugins/testing.test.ts" name="testing utilities &gt; createMockAPI &gt; agents.onAnyChange returns disposable" time="0.000513366">
        </testcase>
        <testcase classname="src/renderer/plugins/testing.test.ts" name="testing utilities &gt; createMockAPI &gt; agents.runQuick accepts projectId option" time="0.000315617">
        </testcase>
    </testsuite>
    <testsuite name="src/renderer/themes/apply-theme.test.ts" timestamp="2026-03-25T04:47:30.063Z" hostname="runnervm46oaq" tests="20" failures="0" errors="0" skipped="0" time="0.019976289">
        <testcase classname="src/renderer/themes/apply-theme.test.ts" name="applyTheme &gt; color CSS variables &gt; sets all 15 color CSS variables as space-separated RGB channels" time="0.006042289">
        </testcase>
        <testcase classname="src/renderer/themes/apply-theme.test.ts" name="applyTheme &gt; color CSS variables &gt; converts pure white (#ffffff) correctly" time="0.000885357">
        </testcase>
        <testcase classname="src/renderer/themes/apply-theme.test.ts" name="applyTheme &gt; color CSS variables &gt; converts pure black (#000000) correctly" time="0.000588876">
        </testcase>
        <testcase classname="src/renderer/themes/apply-theme.test.ts" name="applyTheme &gt; hljs CSS variables &gt; sets all 16 hljs CSS variables as raw hex values" time="0.001152153">
        </testcase>
        <testcase classname="src/renderer/themes/apply-theme.test.ts" name="applyTheme &gt; font override &gt; adds theme-mono class and stores font when fontOverride is set" time="0.000866021">
        </testcase>
        <testcase classname="src/renderer/themes/apply-theme.test.ts" name="applyTheme &gt; font override &gt; removes theme-mono class and clears font when no fontOverride" time="0.00061296">
        </testcase>
        <testcase classname="src/renderer/themes/apply-theme.test.ts" name="applyTheme &gt; localStorage cache &gt; caches all CSS variables to localStorage for flash prevention" time="0.000320857">
        </testcase>
        <testcase classname="src/renderer/themes/apply-theme.test.ts" name="applyTheme &gt; localStorage cache &gt; overwrites previous cache on theme change" time="0.000600587">
        </testcase>
        <testcase classname="src/renderer/themes/apply-theme.test.ts" name="applyTheme &gt; total variable count &gt; sets exactly 31 CSS variables for a plain theme (15 colors + 16 hljs)" time="0.000882802">
        </testcase>
        <testcase classname="src/renderer/themes/apply-theme.test.ts" name="applyTheme &gt; experimental gradients (disabled by default) &gt; does not set any font/gradient CSS variables when flag is off" time="0.001445119">
        </testcase>
        <testcase classname="src/renderer/themes/apply-theme.test.ts" name="applyTheme &gt; experimental gradients (disabled by default) &gt; cleans up experimental variables when flag is off" time="0.000454025">
        </testcase>
        <testcase classname="src/renderer/themes/apply-theme.test.ts" name="applyTheme &gt; experimental gradients (disabled by default) &gt; removes experimental classes when flag is off" time="0.000284128">
        </testcase>
        <testcase classname="src/renderer/themes/apply-theme.test.ts" name="applyTheme &gt; experimental gradients (enabled) &gt; sets font CSS variables and classes when theme has fonts" time="0.000384025">
        </testcase>
        <testcase classname="src/renderer/themes/apply-theme.test.ts" name="applyTheme &gt; experimental gradients (enabled) &gt; sets gradient CSS variables when theme has gradients" time="0.000472159">
        </testcase>
        <testcase classname="src/renderer/themes/apply-theme.test.ts" name="applyTheme &gt; experimental gradients (enabled) &gt; removes font classes when theme has no fonts but flag is on" time="0.000305699">
        </testcase>
        <testcase classname="src/renderer/themes/apply-theme.test.ts" name="applyTheme &gt; experimental gradients (enabled) &gt; removes gradient body class when theme has no background gradient" time="0.000247551">
        </testcase>
        <testcase classname="src/renderer/themes/apply-theme.test.ts" name="applyTheme &gt; experimental gradients (enabled) &gt; caches font/gradient values to localStorage when enabled" time="0.000315056">
        </testcase>
        <testcase classname="src/renderer/themes/apply-theme.test.ts" name="applyTheme &gt; experimental gradients (enabled) &gt; does not cache font/gradient values when flag is off" time="0.000270894">
        </testcase>
        <testcase classname="src/renderer/themes/apply-theme.test.ts" name="applyTheme &gt; experimental gradients (enabled) &gt; handles partial fonts (only ui, no mono)" time="0.00047335">
        </testcase>
        <testcase classname="src/renderer/themes/apply-theme.test.ts" name="applyTheme &gt; experimental gradients (enabled) &gt; handles partial gradients (only background)" time="0.000475515">
        </testcase>
    </testsuite>
    <testsuite name="src/renderer/themes/themes.test.ts" timestamp="2026-03-25T04:47:30.066Z" hostname="runnervm46oaq" tests="78" failures="0" errors="0" skipped="0" time="0.03555014">
        <testcase classname="src/renderer/themes/themes.test.ts" name="theme registry &gt; exports all 8 themes" time="0.003773209">
        </testcase>
        <testcase classname="src/renderer/themes/themes.test.ts" name="theme registry &gt; contains all expected theme IDs" time="0.000925542">
        </testcase>
        <testcase classname="src/renderer/themes/themes.test.ts" name="theme registry &gt; each theme has required properties" time="0.001345112">
        </testcase>
        <testcase classname="src/renderer/themes/themes.test.ts" name="theme registry &gt; catppuccin-latte is the only light theme" time="0.001030717">
        </testcase>
        <testcase classname="src/renderer/themes/themes.test.ts" name="theme registry &gt; terminal theme has a fontOverride" time="0.000261426">
        </testcase>
        <testcase classname="src/renderer/themes/themes.test.ts" name="theme registry &gt; non-terminal themes do not have fontOverride" time="0.00053258">
        </testcase>
        <testcase classname="src/renderer/themes/themes.test.ts" name="theme registry &gt; theme colors &gt; catppuccin-mocha has all required color keys" time="0.001874968">
        </testcase>
        <testcase classname="src/renderer/themes/themes.test.ts" name="theme registry &gt; theme colors &gt; catppuccin-latte has all required color keys" time="0.00117218">
        </testcase>
        <testcase classname="src/renderer/themes/themes.test.ts" name="theme registry &gt; theme colors &gt; solarized-dark has all required color keys" time="0.003720471">
        </testcase>
        <testcase classname="src/renderer/themes/themes.test.ts" name="theme registry &gt; theme colors &gt; terminal has all required color keys" time="0.000589948">
        </testcase>
        <testcase classname="src/renderer/themes/themes.test.ts" name="theme registry &gt; theme colors &gt; nord has all required color keys" time="0.000542499">
        </testcase>
        <testcase classname="src/renderer/themes/themes.test.ts" name="theme registry &gt; theme colors &gt; dracula has all required color keys" time="0.000406266">
        </testcase>
        <testcase classname="src/renderer/themes/themes.test.ts" name="theme registry &gt; theme colors &gt; tokyo-night has all required color keys" time="0.00040862">
        </testcase>
        <testcase classname="src/renderer/themes/themes.test.ts" name="theme registry &gt; theme colors &gt; gruvbox-dark has all required color keys" time="0.000386168">
        </testcase>
        <testcase classname="src/renderer/themes/themes.test.ts" name="theme registry &gt; theme hljs &gt; catppuccin-mocha has all required hljs keys" time="0.000560723">
        </testcase>
        <testcase classname="src/renderer/themes/themes.test.ts" name="theme registry &gt; theme hljs &gt; catppuccin-latte has all required hljs keys" time="0.000438255">
        </testcase>
        <testcase classname="src/renderer/themes/themes.test.ts" name="theme registry &gt; theme hljs &gt; solarized-dark has all required hljs keys" time="0.000429809">
        </testcase>
        <testcase classname="src/renderer/themes/themes.test.ts" name="theme registry &gt; theme hljs &gt; terminal has all required hljs keys" time="0.000407467">
        </testcase>
        <testcase classname="src/renderer/themes/themes.test.ts" name="theme registry &gt; theme hljs &gt; nord has all required hljs keys" time="0.000400876">
        </testcase>
        <testcase classname="src/renderer/themes/themes.test.ts" name="theme registry &gt; theme hljs &gt; dracula has all required hljs keys" time="0.000554732">
        </testcase>
        <testcase classname="src/renderer/themes/themes.test.ts" name="theme registry &gt; theme hljs &gt; tokyo-night has all required hljs keys" time="0.000756347">
        </testcase>
        <testcase classname="src/renderer/themes/themes.test.ts" name="theme registry &gt; theme hljs &gt; gruvbox-dark has all required hljs keys" time="0.000415894">
        </testcase>
        <testcase classname="src/renderer/themes/themes.test.ts" name="theme registry &gt; theme terminal &gt; catppuccin-mocha has all required terminal keys" time="0.000801462">
        </testcase>
        <testcase classname="src/renderer/themes/themes.test.ts" name="theme registry &gt; theme terminal &gt; catppuccin-latte has all required terminal keys" time="0.000566774">
        </testcase>
        <testcase classname="src/renderer/themes/themes.test.ts" name="theme registry &gt; theme terminal &gt; solarized-dark has all required terminal keys" time="0.000536679">
        </testcase>
        <testcase classname="src/renderer/themes/themes.test.ts" name="theme registry &gt; theme terminal &gt; terminal has all required terminal keys" time="0.000576994">
        </testcase>
        <testcase classname="src/renderer/themes/themes.test.ts" name="theme registry &gt; theme terminal &gt; nord has all required terminal keys" time="0.00082251">
        </testcase>
        <testcase classname="src/renderer/themes/themes.test.ts" name="theme registry &gt; theme terminal &gt; dracula has all required terminal keys" time="0.001063158">
        </testcase>
        <testcase classname="src/renderer/themes/themes.test.ts" name="theme registry &gt; theme terminal &gt; tokyo-night has all required terminal keys" time="0.00095648">
        </testcase>
        <testcase classname="src/renderer/themes/themes.test.ts" name="theme registry &gt; theme terminal &gt; gruvbox-dark has all required terminal keys" time="0.00053769">
        </testcase>
        <testcase classname="src/renderer/themes/themes.test.ts" name="theme registry &gt; WCAG AA contrast compliance &gt; catppuccin-mocha &gt; warning text meets WCAG AA contrast (&gt;= 4.5:1) against base" time="0.000228474">
        </testcase>
        <testcase classname="src/renderer/themes/themes.test.ts" name="theme registry &gt; WCAG AA contrast compliance &gt; catppuccin-mocha &gt; error text meets WCAG AA contrast (&gt;= 4.5:1) against base" time="0.000126826">
        </testcase>
        <testcase classname="src/renderer/themes/themes.test.ts" name="theme registry &gt; WCAG AA contrast compliance &gt; catppuccin-mocha &gt; info text meets WCAG AA contrast (&gt;= 4.5:1) against base" time="0.000088285">
        </testcase>
        <testcase classname="src/renderer/themes/themes.test.ts" name="theme registry &gt; WCAG AA contrast compliance &gt; catppuccin-mocha &gt; success text meets WCAG AA contrast (&gt;= 4.5:1) against base" time="0.000081712">
        </testcase>
        <testcase classname="src/renderer/themes/themes.test.ts" name="theme registry &gt; WCAG AA contrast compliance &gt; catppuccin-mocha &gt; primary text meets WCAG AA contrast against base" time="0.000119362">
        </testcase>
        <testcase classname="src/renderer/themes/themes.test.ts" name="theme registry &gt; WCAG AA contrast compliance &gt; catppuccin-latte &gt; warning text meets WCAG AA contrast (&gt;= 4.5:1) against base" time="0.000103402">
        </testcase>
        <testcase classname="src/renderer/themes/themes.test.ts" name="theme registry &gt; WCAG AA contrast compliance &gt; catppuccin-latte &gt; error text meets WCAG AA contrast (&gt;= 4.5:1) against base" time="0.00008042">
        </testcase>
        <testcase classname="src/renderer/themes/themes.test.ts" name="theme registry &gt; WCAG AA contrast compliance &gt; catppuccin-latte &gt; info text meets WCAG AA contrast (&gt;= 4.5:1) against base" time="0.000076131">
        </testcase>
        <testcase classname="src/renderer/themes/themes.test.ts" name="theme registry &gt; WCAG AA contrast compliance &gt; catppuccin-latte &gt; success text meets WCAG AA contrast (&gt;= 4.5:1) against base" time="0.000073477">
        </testcase>
        <testcase classname="src/renderer/themes/themes.test.ts" name="theme registry &gt; WCAG AA contrast compliance &gt; catppuccin-latte &gt; primary text meets WCAG AA contrast against base" time="0.000076091">
        </testcase>
        <testcase classname="src/renderer/themes/themes.test.ts" name="theme registry &gt; WCAG AA contrast compliance &gt; solarized-dark &gt; warning text meets WCAG AA contrast (&gt;= 4.5:1) against base" time="0.000151081">
        </testcase>
        <testcase classname="src/renderer/themes/themes.test.ts" name="theme registry &gt; WCAG AA contrast compliance &gt; solarized-dark &gt; error text meets WCAG AA contrast (&gt;= 4.5:1) against base" time="0.000088885">
        </testcase>
        <testcase classname="src/renderer/themes/themes.test.ts" name="theme registry &gt; WCAG AA contrast compliance &gt; solarized-dark &gt; info text meets WCAG AA contrast (&gt;= 4.5:1) against base" time="0.000071984">
        </testcase>
        <testcase classname="src/renderer/themes/themes.test.ts" name="theme registry &gt; WCAG AA contrast compliance &gt; solarized-dark &gt; success text meets WCAG AA contrast (&gt;= 4.5:1) against base" time="0.000065132">
        </testcase>
        <testcase classname="src/renderer/themes/themes.test.ts" name="theme registry &gt; WCAG AA contrast compliance &gt; solarized-dark &gt; primary text meets WCAG AA contrast against base" time="0.000066694">
        </testcase>
        <testcase classname="src/renderer/themes/themes.test.ts" name="theme registry &gt; WCAG AA contrast compliance &gt; terminal &gt; warning text meets WCAG AA contrast (&gt;= 4.5:1) against base" time="0.000076182">
        </testcase>
        <testcase classname="src/renderer/themes/themes.test.ts" name="theme registry &gt; WCAG AA contrast compliance &gt; terminal &gt; error text meets WCAG AA contrast (&gt;= 4.5:1) against base" time="0.000145711">
        </testcase>
        <testcase classname="src/renderer/themes/themes.test.ts" name="theme registry &gt; WCAG AA contrast compliance &gt; terminal &gt; info text meets WCAG AA contrast (&gt;= 4.5:1) against base" time="0.000088334">
        </testcase>
        <testcase classname="src/renderer/themes/themes.test.ts" name="theme registry &gt; WCAG AA contrast compliance &gt; terminal &gt; success text meets WCAG AA contrast (&gt;= 4.5:1) against base" time="0.000071773">
        </testcase>
        <testcase classname="src/renderer/themes/themes.test.ts" name="theme registry &gt; WCAG AA contrast compliance &gt; terminal &gt; primary text meets WCAG AA contrast against base" time="0.000068187">
        </testcase>
        <testcase classname="src/renderer/themes/themes.test.ts" name="theme registry &gt; WCAG AA contrast compliance &gt; nord &gt; warning text meets WCAG AA contrast (&gt;= 4.5:1) against base" time="0.000094446">
        </testcase>
        <testcase classname="src/renderer/themes/themes.test.ts" name="theme registry &gt; WCAG AA contrast compliance &gt; nord &gt; error text meets WCAG AA contrast (&gt;= 4.5:1) against base" time="0.000068126">
        </testcase>
        <testcase classname="src/renderer/themes/themes.test.ts" name="theme registry &gt; WCAG AA contrast compliance &gt; nord &gt; info text meets WCAG AA contrast (&gt;= 4.5:1) against base" time="0.000065121">
        </testcase>
        <testcase classname="src/renderer/themes/themes.test.ts" name="theme registry &gt; WCAG AA contrast compliance &gt; nord &gt; success text meets WCAG AA contrast (&gt;= 4.5:1) against base" time="0.000061955">
        </testcase>
        <testcase classname="src/renderer/themes/themes.test.ts" name="theme registry &gt; WCAG AA contrast compliance &gt; nord &gt; primary text meets WCAG AA contrast against base" time="0.000079558">
        </testcase>
        <testcase classname="src/renderer/themes/themes.test.ts" name="theme registry &gt; WCAG AA contrast compliance &gt; dracula &gt; warning text meets WCAG AA contrast (&gt;= 4.5:1) against base" time="0.000069319">
        </testcase>
        <testcase classname="src/renderer/themes/themes.test.ts" name="theme registry &gt; WCAG AA contrast compliance &gt; dracula &gt; error text meets WCAG AA contrast (&gt;= 4.5:1) against base" time="0.00006436">
        </testcase>
        <testcase classname="src/renderer/themes/themes.test.ts" name="theme registry &gt; WCAG AA contrast compliance &gt; dracula &gt; info text meets WCAG AA contrast (&gt;= 4.5:1) against base" time="0.000061725">
        </testcase>
        <testcase classname="src/renderer/themes/themes.test.ts" name="theme registry &gt; WCAG AA contrast compliance &gt; dracula &gt; success text meets WCAG AA contrast (&gt;= 4.5:1) against base" time="0.000067185">
        </testcase>
        <testcase classname="src/renderer/themes/themes.test.ts" name="theme registry &gt; WCAG AA contrast compliance &gt; dracula &gt; primary text meets WCAG AA contrast against base" time="0.000062436">
        </testcase>
        <testcase classname="src/renderer/themes/themes.test.ts" name="theme registry &gt; WCAG AA contrast compliance &gt; tokyo-night &gt; warning text meets WCAG AA contrast (&gt;= 4.5:1) against base" time="0.000085669">
        </testcase>
        <testcase classname="src/renderer/themes/themes.test.ts" name="theme registry &gt; WCAG AA contrast compliance &gt; tokyo-night &gt; error text meets WCAG AA contrast (&gt;= 4.5:1) against base" time="0.00007503">
        </testcase>
        <testcase classname="src/renderer/themes/themes.test.ts" name="theme registry &gt; WCAG AA contrast compliance &gt; tokyo-night &gt; info text meets WCAG AA contrast (&gt;= 4.5:1) against base" time="0.000074358">
        </testcase>
        <testcase classname="src/renderer/themes/themes.test.ts" name="theme registry &gt; WCAG AA contrast compliance &gt; tokyo-night &gt; success text meets WCAG AA contrast (&gt;= 4.5:1) against base" time="0.000065723">
        </testcase>
        <testcase classname="src/renderer/themes/themes.test.ts" name="theme registry &gt; WCAG AA contrast compliance &gt; tokyo-night &gt; primary text meets WCAG AA contrast against base" time="0.000069149">
        </testcase>
        <testcase classname="src/renderer/themes/themes.test.ts" name="theme registry &gt; WCAG AA contrast compliance &gt; gruvbox-dark &gt; warning text meets WCAG AA contrast (&gt;= 4.5:1) against base" time="0.000075731">
        </testcase>
        <testcase classname="src/renderer/themes/themes.test.ts" name="theme registry &gt; WCAG AA contrast compliance &gt; gruvbox-dark &gt; error text meets WCAG AA contrast (&gt;= 4.5:1) against base" time="0.000065682">
        </testcase>
        <testcase classname="src/renderer/themes/themes.test.ts" name="theme registry &gt; WCAG AA contrast compliance &gt; gruvbox-dark &gt; info text meets WCAG AA contrast (&gt;= 4.5:1) against base" time="0.000063257">
        </testcase>
        <testcase classname="src/renderer/themes/themes.test.ts" name="theme registry &gt; WCAG AA contrast compliance &gt; gruvbox-dark &gt; success text meets WCAG AA contrast (&gt;= 4.5:1) against base" time="0.000062997">
        </testcase>
        <testcase classname="src/renderer/themes/themes.test.ts" name="theme registry &gt; WCAG AA contrast compliance &gt; gruvbox-dark &gt; primary text meets WCAG AA contrast against base" time="0.000066463">
        </testcase>
        <testcase classname="src/renderer/themes/themes.test.ts" name="theme registry &gt; dynamic theme registry &gt; registerTheme adds a plugin theme to the registry" time="0.000478841">
        </testcase>
        <testcase classname="src/renderer/themes/themes.test.ts" name="theme registry &gt; dynamic theme registry &gt; unregisterTheme removes a plugin theme" time="0.000146122">
        </testcase>
        <testcase classname="src/renderer/themes/themes.test.ts" name="theme registry &gt; dynamic theme registry &gt; unregisterTheme does not remove builtin themes" time="0.000121907">
        </testcase>
        <testcase classname="src/renderer/themes/themes.test.ts" name="theme registry &gt; dynamic theme registry &gt; getAllThemeIds includes plugin themes" time="0.000479392">
        </testcase>
        <testcase classname="src/renderer/themes/themes.test.ts" name="theme registry &gt; dynamic theme registry &gt; onRegistryChange fires when a theme is registered" time="0.000288456">
        </testcase>
        <testcase classname="src/renderer/themes/themes.test.ts" name="theme registry &gt; dynamic theme registry &gt; onRegistryChange fires when a theme is unregistered" time="0.000162352">
        </testcase>
        <testcase classname="src/renderer/themes/themes.test.ts" name="theme registry &gt; catppuccin-mocha default values match original hardcoded values &gt; base colors match original CSS values" time="0.000210612">
        </testcase>
        <testcase classname="src/renderer/themes/themes.test.ts" name="theme registry &gt; catppuccin-mocha default values match original hardcoded values &gt; terminal colors match original CATPPUCCIN_THEME constant" time="0.000158706">
        </testcase>
    </testsuite>
    <testsuite name="src/renderer/stores/agentStore.test.ts" timestamp="2026-03-25T04:47:30.080Z" hostname="runnervm46oaq" tests="91" failures="0" errors="0" skipped="0" time="0.070779388">
        <testcase classname="src/renderer/stores/agentStore.test.ts" name="agentStore &gt; updateAgentStatus &gt; sets status on existing agent" time="0.004106127">
        </testcase>
        <testcase classname="src/renderer/stores/agentStore.test.ts" name="agentStore &gt; updateAgentStatus &gt; no-op for unknown agent" time="0.001253491">
        </testcase>
        <testcase classname="src/renderer/stores/agentStore.test.ts" name="agentStore &gt; updateAgentStatus &gt; durable sleeping &lt;3s after spawn becomes error with message" time="0.003037941">
        </testcase>
        <testcase classname="src/renderer/stores/agentStore.test.ts" name="agentStore &gt; updateAgentStatus &gt; durable sleeping &lt;3s with non-zero exit includes exit code in message" time="0.001206274">
        </testcase>
        <testcase classname="src/renderer/stores/agentStore.test.ts" name="agentStore &gt; updateAgentStatus &gt; durable sleeping &lt;3s with explicit errorMessage preserves it" time="0.000934759">
        </testcase>
        <testcase classname="src/renderer/stores/agentStore.test.ts" name="agentStore &gt; updateAgentStatus &gt; durable sleeping &lt;3s uses PTY output as error message" time="0.00112394">
        </testcase>
        <testcase classname="src/renderer/stores/agentStore.test.ts" name="agentStore &gt; updateAgentStatus &gt; durable sleeping &lt;3s strips ANSI from PTY output" time="0.001119412">
        </testcase>
        <testcase classname="src/renderer/stores/agentStore.test.ts" name="agentStore &gt; updateAgentStatus &gt; durable sleeping &lt;3s falls back to generic message when no PTY output" time="0.00095737">
        </testcase>
        <testcase classname="src/renderer/stores/agentStore.test.ts" name="agentStore &gt; updateAgentStatus &gt; durable sleeping &gt;3s stays sleeping" time="0.00359581">
        </testcase>
        <testcase classname="src/renderer/stores/agentStore.test.ts" name="agentStore &gt; updateAgentStatus &gt; quick agent sleeping &lt;3s stays sleeping (not error)" time="0.00082778">
        </testcase>
        <testcase classname="src/renderer/stores/agentStore.test.ts" name="agentStore &gt; updateAgentStatus &gt; records terminal time for quick agents when they stop" time="0.000901045">
        </testcase>
        <testcase classname="src/renderer/stores/agentStore.test.ts" name="agentStore &gt; updateAgentStatus &gt; clears detailedStatus when agent stops" time="0.000458693">
        </testcase>
        <testcase classname="src/renderer/stores/agentStore.test.ts" name="agentStore &gt; handleHookEvent &gt; ignores stop events for non-running agents" time="0.000502705">
        </testcase>
        <testcase classname="src/renderer/stores/agentStore.test.ts" name="agentStore &gt; handleHookEvent &gt; transitions sleeping agent to running on non-stop hook event (annex wake)" time="0.000592932">
        </testcase>
        <testcase classname="src/renderer/stores/agentStore.test.ts" name="agentStore &gt; handleHookEvent &gt; clears quick-agent terminal time when a sleeping agent wakes" time="0.000530206">
        </testcase>
        <testcase classname="src/renderer/stores/agentStore.test.ts" name="agentStore &gt; handleHookEvent &gt; transitions error agent to running on hook event" time="0.000492396">
        </testcase>
        <testcase classname="src/renderer/stores/agentStore.test.ts" name="agentStore &gt; handleHookEvent &gt; pre_tool sets state:working with tool verb" time="0.000359899">
        </testcase>
        <testcase classname="src/renderer/stores/agentStore.test.ts" name="agentStore &gt; handleHookEvent &gt; post_tool sets state:idle, &quot;Thinking&quot;" time="0.00030674">
        </testcase>
        <testcase classname="src/renderer/stores/agentStore.test.ts" name="agentStore &gt; handleHookEvent &gt; tool_error sets state:tool_error" time="0.000323482">
        </testcase>
        <testcase classname="src/renderer/stores/agentStore.test.ts" name="agentStore &gt; handleHookEvent &gt; stop sets state:idle, &quot;Idle&quot;" time="0.000350762">
        </testcase>
        <testcase classname="src/renderer/stores/agentStore.test.ts" name="agentStore &gt; handleHookEvent &gt; notification sets state:idle with event message" time="0.0003442">
        </testcase>
        <testcase classname="src/renderer/stores/agentStore.test.ts" name="agentStore &gt; handleHookEvent &gt; permission_request sets state:needs_permission with toolName" time="0.000367614">
        </testcase>
        <testcase classname="src/renderer/stores/agentStore.test.ts" name="agentStore &gt; handleHookEvent &gt; unknown event kind causes no state change" time="0.000289559">
        </testcase>
        <testcase classname="src/renderer/stores/agentStore.test.ts" name="agentStore &gt; handleHookEvent &gt; needs_permission is not overwritten by notification events" time="0.00032782">
        </testcase>
        <testcase classname="src/renderer/stores/agentStore.test.ts" name="agentStore &gt; handleHookEvent &gt; needs_permission is not overwritten by stop events" time="0.000304226">
        </testcase>
        <testcase classname="src/renderer/stores/agentStore.test.ts" name="agentStore &gt; handleHookEvent &gt; needs_permission is not overwritten by post_tool events" time="0.00031703">
        </testcase>
        <testcase classname="src/renderer/stores/agentStore.test.ts" name="agentStore &gt; handleHookEvent &gt; needs_permission IS cleared by pre_tool (permission granted)" time="0.000358687">
        </testcase>
        <testcase classname="src/renderer/stores/agentStore.test.ts" name="agentStore &gt; handleHookEvent &gt; needs_permission IS updated by a new permission_request" time="0.000343418">
        </testcase>
        <testcase classname="src/renderer/stores/agentStore.test.ts" name="agentStore &gt; clearStaleStatuses &gt; clears statuses older than 30s for running agents" time="0.001163494">
        </testcase>
        <testcase classname="src/renderer/stores/agentStore.test.ts" name="agentStore &gt; clearStaleStatuses &gt; preserves recent statuses" time="0.000554141">
        </testcase>
        <testcase classname="src/renderer/stores/agentStore.test.ts" name="agentStore &gt; clearStaleStatuses &gt; does not notify subscribers when nothing is cleared" time="0.00082784">
        </testcase>
        <testcase classname="src/renderer/stores/agentStore.test.ts" name="agentStore &gt; clearStaleStatuses &gt; does not clear needs_permission even if stale" time="0.000571293">
        </testcase>
        <testcase classname="src/renderer/stores/agentStore.test.ts" name="agentStore &gt; clearStaleStatuses &gt; prunes completed quick agents older than the retention window" time="0.001087924">
        </testcase>
        <testcase classname="src/renderer/stores/agentStore.test.ts" name="agentStore &gt; clearStaleStatuses &gt; retains only the newest completed quick agents when the cap is exceeded" time="0.002243423">
        </testcase>
        <testcase classname="src/renderer/stores/agentStore.test.ts" name="agentStore &gt; clearStaleStatuses &gt; does not prune a protected completed quick agent" time="0.000674244">
        </testcase>
        <testcase classname="src/renderer/stores/agentStore.test.ts" name="agentStore &gt; recordActivity &gt; coalesces rapid activity updates for the same agent" time="0.001708257">
        </testcase>
        <testcase classname="src/renderer/stores/agentStore.test.ts" name="agentStore &gt; recordActivity &gt; tracks activity independently per agent while throttling bursts" time="0.000882211">
        </testcase>
        <testcase classname="src/renderer/stores/agentStore.test.ts" name="agentStore &gt; recordActivity &gt; cancels pending trailing updates when an agent is removed" time="0.000966769">
        </testcase>
        <testcase classname="src/renderer/stores/agentStore.test.ts" name="agentStore &gt; toolVerb (tested via handleHookEvent) &gt; tool verb from event is used as message" time="0.000759873">
        </testcase>
        <testcase classname="src/renderer/stores/agentStore.test.ts" name="agentStore &gt; toolVerb (tested via handleHookEvent) &gt; undefined toolVerb shows &quot;Working&quot;" time="0.000259633">
        </testcase>
        <testcase classname="src/renderer/stores/agentStore.test.ts" name="agentStore &gt; renameAgent &gt; updates the agent name in local state" time="0.000552678">
        </testcase>
        <testcase classname="src/renderer/stores/agentStore.test.ts" name="agentStore &gt; renameAgent &gt; calls renameDurable IPC" time="0.00092496">
        </testcase>
        <testcase classname="src/renderer/stores/agentStore.test.ts" name="agentStore &gt; renameAgent &gt; skips update when agent is missing" time="0.000331827">
        </testcase>
        <testcase classname="src/renderer/stores/agentStore.test.ts" name="agentStore &gt; updateAgent &gt; patches name in local state" time="0.000479051">
        </testcase>
        <testcase classname="src/renderer/stores/agentStore.test.ts" name="agentStore &gt; updateAgent &gt; patches color in local state" time="0.000275131">
        </testcase>
        <testcase classname="src/renderer/stores/agentStore.test.ts" name="agentStore &gt; updateAgent &gt; sets icon in local state" time="0.000297052">
        </testcase>
        <testcase classname="src/renderer/stores/agentStore.test.ts" name="agentStore &gt; updateAgent &gt; clears icon (null → undefined) in local state" time="0.000271666">
        </testcase>
        <testcase classname="src/renderer/stores/agentStore.test.ts" name="agentStore &gt; updateAgent &gt; calls updateDurable IPC" time="0.000966177">
        </testcase>
        <testcase classname="src/renderer/stores/agentStore.test.ts" name="agentStore &gt; removeAgent &gt; removes from agents map" time="0.000295629">
        </testcase>
        <testcase classname="src/renderer/stores/agentStore.test.ts" name="agentStore &gt; removeAgent &gt; clears activeAgentId if it was removed agent" time="0.000359929">
        </testcase>
        <testcase classname="src/renderer/stores/agentStore.test.ts" name="agentStore &gt; removeAgent &gt; preserves activeAgentId if different agent" time="0.000305458">
        </testcase>
        <testcase classname="src/renderer/stores/agentStore.test.ts" name="agentStore &gt; removeAgent &gt; clears per-agent metadata when an agent is removed" time="0.000904211">
        </testcase>
        <testcase classname="src/renderer/stores/agentStore.test.ts" name="agentStore &gt; per-project active agent persistence &gt; setActiveAgent does not trigger sound playback directly" time="0.001958724">
        </testcase>
        <testcase classname="src/renderer/stores/agentStore.test.ts" name="agentStore &gt; per-project active agent persistence &gt; setActiveAgent with projectId saves to projectActiveAgent" time="0.000252169">
        </testcase>
        <testcase classname="src/renderer/stores/agentStore.test.ts" name="agentStore &gt; per-project active agent persistence &gt; setActiveAgent without projectId does not save" time="0.000280893">
        </testcase>
        <testcase classname="src/renderer/stores/agentStore.test.ts" name="agentStore &gt; per-project active agent persistence &gt; setActiveAgent(null) clears active agent for project" time="0.000278428">
        </testcase>
        <testcase classname="src/renderer/stores/agentStore.test.ts" name="agentStore &gt; per-project active agent persistence &gt; restoreProjectAgent restores saved agent for project" time="0.000293286">
        </testcase>
        <testcase classname="src/renderer/stores/agentStore.test.ts" name="agentStore &gt; per-project active agent persistence &gt; restoreProjectAgent sets null if saved agent belongs to different project" time="0.000260965">
        </testcase>
        <testcase classname="src/renderer/stores/agentStore.test.ts" name="agentStore &gt; per-project active agent persistence &gt; restoreProjectAgent sets null if no saved agent" time="0.000251518">
        </testcase>
        <testcase classname="src/renderer/stores/agentStore.test.ts" name="agentStore &gt; per-project active agent persistence &gt; restoreProjectAgent sets null if saved agent no longer exists" time="0.000283107">
        </testcase>
        <testcase classname="src/renderer/stores/agentStore.test.ts" name="agentStore &gt; per-project active agent persistence &gt; removeAgent clears projectActiveAgent for the removed agent" time="0.000257408">
        </testcase>
        <testcase classname="src/renderer/stores/agentStore.test.ts" name="agentStore &gt; per-project active agent persistence &gt; removeAgent preserves projectActiveAgent for other projects" time="0.000359369">
        </testcase>
        <testcase classname="src/renderer/stores/agentStore.test.ts" name="agentStore &gt; per-project active agent persistence &gt; openAgentSettings saves to projectActiveAgent" time="0.000333481">
        </testcase>
        <testcase classname="src/renderer/stores/agentStore.test.ts" name="agentStore &gt; per-project active agent persistence &gt; different projects maintain independent active agents" time="0.000289868">
        </testcase>
        <testcase classname="src/renderer/stores/agentStore.test.ts" name="agentStore &gt; spawnQuickAgent with quick agent defaults &gt; parent with systemPrompt — included in spawnAgent systemPrompt" time="0.003116897">
        </testcase>
        <testcase classname="src/renderer/stores/agentStore.test.ts" name="agentStore &gt; spawnQuickAgent with quick agent defaults &gt; parent with allowedTools — passes to spawnAgent" time="0.000476236">
        </testcase>
        <testcase classname="src/renderer/stores/agentStore.test.ts" name="agentStore &gt; spawnQuickAgent with quick agent defaults &gt; parent with defaultModel, no explicit model — uses parent model" time="0.000358938">
        </testcase>
        <testcase classname="src/renderer/stores/agentStore.test.ts" name="agentStore &gt; spawnQuickAgent with quick agent defaults &gt; explicit model overrides parent defaultModel" time="0.000410493">
        </testcase>
        <testcase classname="src/renderer/stores/agentStore.test.ts" name="agentStore &gt; spawnQuickAgent with quick agent defaults &gt; orphan quick agent — no getDurableConfig call" time="0.000356693">
        </testcase>
        <testcase classname="src/renderer/stores/agentStore.test.ts" name="agentStore &gt; spawnQuickAgent with quick agent defaults &gt; calls spawnAgent with correct params" time="0.000414662">
        </testcase>
        <testcase classname="src/renderer/stores/agentStore.test.ts" name="agentStore &gt; spawnQuickAgent with quick agent defaults &gt; does not create malformed agent entry if agent was removed before catch" time="0.003205911">
        </testcase>
        <testcase classname="src/renderer/stores/agentStore.test.ts" name="agentStore &gt; reorderAgents &gt; calls reorderDurable IPC with correct args" time="0.000362864">
        </testcase>
        <testcase classname="src/renderer/stores/agentStore.test.ts" name="agentStore &gt; spawnDurableAgent &gt; preserves icon from config so avatar does not reset to initials" time="0.000402228">
        </testcase>
        <testcase classname="src/renderer/stores/agentStore.test.ts" name="agentStore &gt; spawnDurableAgent &gt; works without icon in config" time="0.000252309">
        </testcase>
        <testcase classname="src/renderer/stores/agentStore.test.ts" name="agentStore &gt; spawnDurableAgent &gt; passes resume=true to spawnAgent when waking agent" time="0.000202136">
        </testcase>
        <testcase classname="src/renderer/stores/agentStore.test.ts" name="agentStore &gt; spawnDurableAgent &gt; passes resume=false to spawnAgent when cold starting" time="0.000193881">
        </testcase>
        <testcase classname="src/renderer/stores/agentStore.test.ts" name="agentStore &gt; spawnDurableAgent &gt; passes lastSessionId when resume=true and config has lastSessionId" time="0.000216172">
        </testcase>
        <testcase classname="src/renderer/stores/agentStore.test.ts" name="agentStore &gt; spawnDurableAgent &gt; does not pass sessionId when resume=false even if config has lastSessionId" time="0.000229708">
        </testcase>
        <testcase classname="src/renderer/stores/agentStore.test.ts" name="agentStore &gt; spawnDurableAgent &gt; passes undefined sessionId when resume=true but config has no lastSessionId" time="0.000212625">
        </testcase>
        <testcase classname="src/renderer/stores/agentStore.test.ts" name="agentStore &gt; spawnDurableAgent &gt; sets resuming=true on agent when resume=true" time="0.00019369">
        </testcase>
        <testcase classname="src/renderer/stores/agentStore.test.ts" name="agentStore &gt; spawnDurableAgent &gt; does not set resuming when resume=false" time="0.000258942">
        </testcase>
        <testcase classname="src/renderer/stores/agentStore.test.ts" name="agentStore &gt; spawnDurableAgent &gt; does not create malformed agent entry if agent was removed before catch" time="0.000484841">
        </testcase>
        <testcase classname="src/renderer/stores/agentStore.test.ts" name="agentStore &gt; clearResuming &gt; clears the resuming flag on an agent" time="0.001175789">
        </testcase>
        <testcase classname="src/renderer/stores/agentStore.test.ts" name="agentStore &gt; clearResuming &gt; no-op if agent is not resuming" time="0.00024159">
        </testcase>
        <testcase classname="src/renderer/stores/agentStore.test.ts" name="agentStore &gt; clearResuming &gt; no-op for unknown agent" time="0.000196105">
        </testcase>
        <testcase classname="src/renderer/stores/agentStore.test.ts" name="agentStore &gt; loadDurableAgents &gt; loads model from durable config" time="0.000630433">
        </testcase>
        <testcase classname="src/renderer/stores/agentStore.test.ts" name="agentStore &gt; loadDurableAgents &gt; loads agent without model (undefined)" time="0.000368335">
        </testcase>
        <testcase classname="src/renderer/stores/agentStore.test.ts" name="agentStore &gt; loadDurableAgents &gt; loads icons in parallel via Promise.all" time="0.000711613">
        </testcase>
        <testcase classname="src/renderer/stores/agentStore.test.ts" name="agentStore &gt; loadDurableAgents &gt; updates projectId when same agent is loaded under a different project" time="0.00041351">
        </testcase>
        <testcase classname="src/renderer/stores/agentStore.test.ts" name="agentStore &gt; openAgentSettings &gt; sets agentSettingsOpenFor and activeAgentId" time="0.000198078">
        </testcase>
        <testcase classname="src/renderer/stores/agentStore.test.ts" name="agentStore &gt; openAgentSettings &gt; works for agents without worktreePath" time="0.000180716">
        </testcase>
    </testsuite>
    <testsuite name="src/renderer/stores/annex-canvas-state.test.ts" timestamp="2026-03-25T04:47:30.094Z" hostname="runnervm46oaq" tests="5" failures="0" errors="0" skipped="0" time="0.009814555">
        <testcase classname="src/renderer/stores/annex-canvas-state.test.ts" name="canvas:state multi-canvas merging &gt; creates initial state from first canvas event" time="0.004231921">
        </testcase>
        <testcase classname="src/renderer/stores/annex-canvas-state.test.ts" name="canvas:state multi-canvas merging &gt; merges single canvas update into existing state" time="0.001054151">
        </testcase>
        <testcase classname="src/renderer/stores/annex-canvas-state.test.ts" name="canvas:state multi-canvas merging &gt; adds new canvas to existing state" time="0.000480965">
        </testcase>
        <testcase classname="src/renderer/stores/annex-canvas-state.test.ts" name="canvas:state multi-canvas merging &gt; uses allCanvasTabs to build complete tab list" time="0.001285231">
        </testcase>
        <testcase classname="src/renderer/stores/annex-canvas-state.test.ts" name="canvas:state multi-canvas merging &gt; removes tabs not in allCanvasTabs" time="0.00042524">
        </testcase>
    </testsuite>
    <testsuite name="src/renderer/stores/annexClientStore.test.ts" timestamp="2026-03-25T04:47:30.095Z" hostname="runnervm46oaq" tests="29" failures="0" errors="0" skipped="0" time="0.03187856">
        <testcase classname="src/renderer/stores/annexClientStore.test.ts" name="annexClientStore &gt; initialization &gt; has empty satellites and discoveredServices by default" time="0.00327888">
        </testcase>
        <testcase classname="src/renderer/stores/annexClientStore.test.ts" name="annexClientStore &gt; loadSatellites &gt; loads satellites from IPC" time="0.000661601">
        </testcase>
        <testcase classname="src/renderer/stores/annexClientStore.test.ts" name="annexClientStore &gt; loadSatellites &gt; keeps empty on error" time="0.000516791">
        </testcase>
        <testcase classname="src/renderer/stores/annexClientStore.test.ts" name="annexClientStore &gt; loadDiscovered &gt; loads discovered services from IPC" time="0.000591841">
        </testcase>
        <testcase classname="src/renderer/stores/annexClientStore.test.ts" name="annexClientStore &gt; loadDiscovered &gt; keeps empty on error" time="0.000473902">
        </testcase>
        <testcase classname="src/renderer/stores/annexClientStore.test.ts" name="annexClientStore &gt; pairWith &gt; delegates to IPC and returns result" time="0.001406096">
        </testcase>
        <testcase classname="src/renderer/stores/annexClientStore.test.ts" name="annexClientStore &gt; pairWith &gt; returns error on IPC failure" time="0.000496033">
        </testcase>
        <testcase classname="src/renderer/stores/annexClientStore.test.ts" name="annexClientStore &gt; scan &gt; delegates to IPC" time="0.000444978">
        </testcase>
        <testcase classname="src/renderer/stores/annexClientStore.test.ts" name="annexClientStore &gt; initAnnexClientListener &gt; registers satellite, discovered, and event listeners" time="0.001271125">
        </testcase>
        <testcase classname="src/renderer/stores/annexClientStore.test.ts" name="annexClientStore &gt; initAnnexClientListener &gt; updates satellites state when satellites change" time="0.000612709">
        </testcase>
        <testcase classname="src/renderer/stores/annexClientStore.test.ts" name="annexClientStore &gt; initAnnexClientListener &gt; updates discoveredServices state when discovered changes" time="0.000454336">
        </testcase>
        <testcase classname="src/renderer/stores/annexClientStore.test.ts" name="annexClientStore &gt; initAnnexClientListener &gt; returns a cleanup function that unsubscribes all listeners" time="0.00047863">
        </testcase>
        <testcase classname="src/renderer/stores/annexClientStore.test.ts" name="annexClientStore &gt; initAnnexClientListener &gt; forwards pty:data events to satellitePtyDataBus" time="0.001405976">
        </testcase>
        <testcase classname="src/renderer/stores/annexClientStore.test.ts" name="annexClientStore &gt; initAnnexClientListener &gt; forwards agent:woken events to updateRemoteAgentRunState" time="0.000978841">
        </testcase>
        <testcase classname="src/renderer/stores/annexClientStore.test.ts" name="annexClientStore &gt; initAnnexClientListener &gt; forwards pty:exit events to updateRemoteAgentRunState as sleeping" time="0.000633489">
        </testcase>
        <testcase classname="src/renderer/stores/annexClientStore.test.ts" name="annexClientStore &gt; initAnnexClientListener &gt; forwards hook:event detailedStatus to updateRemoteAgentStatus" time="0.000869778">
        </testcase>
        <testcase classname="src/renderer/stores/annexClientStore.test.ts" name="annexClientStore &gt; initAnnexClientListener &gt; ignores hook:event without detailedStatus" time="0.000452021">
        </testcase>
        <testcase classname="src/renderer/stores/annexClientStore.test.ts" name="annexClientStore &gt; initAnnexClientListener &gt; forwards structured:event detailedStatus to updateRemoteAgentStatus" time="0.000670178">
        </testcase>
        <testcase classname="src/renderer/stores/annexClientStore.test.ts" name="annexClientStore &gt; session pause/resume events &gt; sets satellitePaused to true on session:paused" time="0.000555063">
        </testcase>
        <testcase classname="src/renderer/stores/annexClientStore.test.ts" name="annexClientStore &gt; session pause/resume events &gt; sets satellitePaused to false on session:resumed" time="0.000443385">
        </testcase>
        <testcase classname="src/renderer/stores/annexClientStore.test.ts" name="annexClientStore &gt; session pause/resume events &gt; clears stale paused state when snapshot arrives with sessionPaused=false" time="0.001126616">
        </testcase>
        <testcase classname="src/renderer/stores/annexClientStore.test.ts" name="annexClientStore &gt; session pause/resume events &gt; preserves paused state when snapshot arrives with sessionPaused=true" time="0.000463874">
        </testcase>
        <testcase classname="src/renderer/stores/annexClientStore.test.ts" name="annexClientStore &gt; session pause/resume events &gt; defaults to unpaused when snapshot has no sessionPaused field" time="0.00039797">
        </testcase>
        <testcase classname="src/renderer/stores/annexClientStore.test.ts" name="annexClientStore &gt; sendAgentWake &gt; delegates to IPC agentWake with no options" time="0.000555363">
        </testcase>
        <testcase classname="src/renderer/stores/annexClientStore.test.ts" name="annexClientStore &gt; sendAgentWake &gt; delegates to IPC agentWake with resume option" time="0.000362144">
        </testcase>
        <testcase classname="src/renderer/stores/annexClientStore.test.ts" name="annexClientStore &gt; sendAgentWake &gt; delegates to IPC agentWake with mission option" time="0.000358487">
        </testcase>
        <testcase classname="src/renderer/stores/annexClientStore.test.ts" name="annexClientStore &gt; sendAgentWake &gt; swallows IPC errors" time="0.007994023">
            <system-err>
[annex-client] sendAgentWake failed: sat-1 agent-1 Error: IPC failed
    at [90m/home/runner/work/Clubhouse/Clubhouse/[39msrc/renderer/stores/annexClientStore.test.ts:439:55
    at [90mfile:///home/runner/work/Clubhouse/Clubhouse/[39mnode_modules/[4m@vitest/runner[24m/dist/index.js:296:11
    at [90mfile:///home/runner/work/Clubhouse/Clubhouse/[39mnode_modules/[4m@vitest/runner[24m/dist/index.js:1258:26
    at [90mfile:///home/runner/work/Clubhouse/Clubhouse/[39mnode_modules/[4m@vitest/runner[24m/dist/index.js:1681:20
    at new Promise (&lt;anonymous&gt;)
    at runWithCancel [90m(file:///home/runner/work/Clubhouse/Clubhouse/[39mnode_modules/[4m@vitest/runner[24m/dist/index.js:1678:10[90m)[39m
    at [90mfile:///home/runner/work/Clubhouse/Clubhouse/[39mnode_modules/[4m@vitest/runner[24m/dist/index.js:1660:20
    at new Promise (&lt;anonymous&gt;)
    at runWithTimeout [90m(file:///home/runner/work/Clubhouse/Clubhouse/[39mnode_modules/[4m@vitest/runner[24m/dist/index.js:1627:10[90m)[39m
    at [90mfile:///home/runner/work/Clubhouse/Clubhouse/[39mnode_modules/[4m@vitest/runner[24m/dist/index.js:2309:64

            </system-err>
        </testcase>
        <testcase classname="src/renderer/stores/annexClientStore.test.ts" name="annexClientStore &gt; satellitePtyDataBus &gt; emits to all registered listeners" time="0.00059682">
        </testcase>
        <testcase classname="src/renderer/stores/annexClientStore.test.ts" name="annexClientStore &gt; satellitePtyDataBus &gt; unsubscribe stops listener from receiving" time="0.000321378">
        </testcase>
    </testsuite>
    <testsuite name="src/renderer/stores/annexStore.test.ts" timestamp="2026-03-25T04:47:30.099Z" hostname="runnervm46oaq" tests="14" failures="0" errors="0" skipped="0" time="0.016006852">
        <testcase classname="src/renderer/stores/annexStore.test.ts" name="annexStore &gt; initialization &gt; has correct default settings" time="0.003889755">
        </testcase>
        <testcase classname="src/renderer/stores/annexStore.test.ts" name="annexStore &gt; initialization &gt; has correct default status" time="0.00058079">
        </testcase>
        <testcase classname="src/renderer/stores/annexStore.test.ts" name="annexStore &gt; loadSettings &gt; loads both settings and status from IPC" time="0.0008658">
        </testcase>
        <testcase classname="src/renderer/stores/annexStore.test.ts" name="annexStore &gt; loadSettings &gt; uses defaults when IPC returns null" time="0.000748462">
        </testcase>
        <testcase classname="src/renderer/stores/annexStore.test.ts" name="annexStore &gt; loadSettings &gt; keeps defaults on error" time="0.000676098">
        </testcase>
        <testcase classname="src/renderer/stores/annexStore.test.ts" name="annexStore &gt; saveSettings &gt; optimistically updates settings in state" time="0.001600147">
        </testcase>
        <testcase classname="src/renderer/stores/annexStore.test.ts" name="annexStore &gt; loadStatus &gt; loads status from IPC" time="0.000334582">
        </testcase>
        <testcase classname="src/renderer/stores/annexStore.test.ts" name="annexStore &gt; loadStatus &gt; uses defaults when IPC returns null" time="0.000465125">
        </testcase>
        <testcase classname="src/renderer/stores/annexStore.test.ts" name="annexStore &gt; loadStatus &gt; keeps defaults on error" time="0.000751978">
        </testcase>
        <testcase classname="src/renderer/stores/annexStore.test.ts" name="annexStore &gt; regeneratePin &gt; updates status from IPC response" time="0.000411285">
        </testcase>
        <testcase classname="src/renderer/stores/annexStore.test.ts" name="annexStore &gt; regeneratePin &gt; uses defaults when IPC returns null" time="0.000414591">
        </testcase>
        <testcase classname="src/renderer/stores/annexStore.test.ts" name="annexStore &gt; regeneratePin &gt; keeps current state on error" time="0.000292575">
        </testcase>
        <testcase classname="src/renderer/stores/annexStore.test.ts" name="annexStore &gt; initAnnexListener &gt; registers a status change callback" time="0.000571934">
        </testcase>
        <testcase classname="src/renderer/stores/annexStore.test.ts" name="annexStore &gt; initAnnexListener &gt; updates store state when status changes arrive" time="0.00028467">
        </testcase>
    </testsuite>
    <testsuite name="src/renderer/stores/badgeSettingsStore.test.ts" timestamp="2026-03-25T04:47:30.102Z" hostname="runnervm46oaq" tests="15" failures="0" errors="0" skipped="0" time="0.016238134">
        <testcase classname="src/renderer/stores/badgeSettingsStore.test.ts" name="badgeSettingsStore &gt; loadSettings &gt; loads settings from IPC" time="0.004155019">
        </testcase>
        <testcase classname="src/renderer/stores/badgeSettingsStore.test.ts" name="badgeSettingsStore &gt; loadSettings &gt; uses defaults when IPC returns null" time="0.000501112">
        </testcase>
        <testcase classname="src/renderer/stores/badgeSettingsStore.test.ts" name="badgeSettingsStore &gt; loadSettings &gt; keeps defaults on error" time="0.000522702">
        </testcase>
        <testcase classname="src/renderer/stores/badgeSettingsStore.test.ts" name="badgeSettingsStore &gt; saveAppSettings &gt; updates app-level settings and persists" time="0.001866221">
        </testcase>
        <testcase classname="src/renderer/stores/badgeSettingsStore.test.ts" name="badgeSettingsStore &gt; saveAppSettings &gt; reverts on save failure" time="0.000534675">
        </testcase>
        <testcase classname="src/renderer/stores/badgeSettingsStore.test.ts" name="badgeSettingsStore &gt; getProjectSettings &gt; returns app defaults when no project override exists" time="0.000379225">
        </testcase>
        <testcase classname="src/renderer/stores/badgeSettingsStore.test.ts" name="badgeSettingsStore &gt; getProjectSettings &gt; merges project overrides with app defaults" time="0.000393262">
        </testcase>
        <testcase classname="src/renderer/stores/badgeSettingsStore.test.ts" name="badgeSettingsStore &gt; getProjectSettings &gt; fully overrides all settings when all specified" time="0.000306039">
        </testcase>
        <testcase classname="src/renderer/stores/badgeSettingsStore.test.ts" name="badgeSettingsStore &gt; getProjectSettings &gt; returns app defaults for a different project" time="0.000635933">
        </testcase>
        <testcase classname="src/renderer/stores/badgeSettingsStore.test.ts" name="badgeSettingsStore &gt; setProjectOverride &gt; sets a project-level override and persists" time="0.000570181">
        </testcase>
        <testcase classname="src/renderer/stores/badgeSettingsStore.test.ts" name="badgeSettingsStore &gt; setProjectOverride &gt; merges with existing overrides for the same project" time="0.00040873">
        </testcase>
        <testcase classname="src/renderer/stores/badgeSettingsStore.test.ts" name="badgeSettingsStore &gt; setProjectOverride &gt; reverts on save failure" time="0.001748613">
        </testcase>
        <testcase classname="src/renderer/stores/badgeSettingsStore.test.ts" name="badgeSettingsStore &gt; clearProjectOverride &gt; removes project override and persists" time="0.000441371">
        </testcase>
        <testcase classname="src/renderer/stores/badgeSettingsStore.test.ts" name="badgeSettingsStore &gt; clearProjectOverride &gt; does nothing for non-existent project" time="0.000354219">
        </testcase>
        <testcase classname="src/renderer/stores/badgeSettingsStore.test.ts" name="badgeSettingsStore &gt; clearProjectOverride &gt; reverts on save failure" time="0.000364047">
        </testcase>
    </testsuite>
    <testsuite name="src/renderer/stores/badgeStore.test.ts" timestamp="2026-03-25T04:47:30.104Z" hostname="runnervm46oaq" tests="48" failures="0" errors="0" skipped="0" time="0.030618324">
        <testcase classname="src/renderer/stores/badgeStore.test.ts" name="badgeStore &gt; setBadge &gt; adds a count badge for an explorer tab" time="0.005936503">
        </testcase>
        <testcase classname="src/renderer/stores/badgeStore.test.ts" name="badgeStore &gt; setBadge &gt; adds a dot badge for an explorer tab" time="0.000458292">
        </testcase>
        <testcase classname="src/renderer/stores/badgeStore.test.ts" name="badgeStore &gt; setBadge &gt; adds a badge for an app-plugin" time="0.000584046">
        </testcase>
        <testcase classname="src/renderer/stores/badgeStore.test.ts" name="badgeStore &gt; setBadge &gt; overwrites an existing badge from the same source to the same target" time="0.000635513">
        </testcase>
        <testcase classname="src/renderer/stores/badgeStore.test.ts" name="badgeStore &gt; setBadge &gt; allows multiple sources to badge the same target" time="0.000571433">
        </testcase>
        <testcase classname="src/renderer/stores/badgeStore.test.ts" name="badgeStore &gt; setBadge &gt; generates deterministic IDs" time="0.000324183">
        </testcase>
        <testcase classname="src/renderer/stores/badgeStore.test.ts" name="badgeStore &gt; setBadge &gt; generates deterministic IDs for app-plugin targets" time="0.0003766">
        </testcase>
        <testcase classname="src/renderer/stores/badgeStore.test.ts" name="badgeStore &gt; clearBadge &gt; removes a specific badge by ID" time="0.000495071">
        </testcase>
        <testcase classname="src/renderer/stores/badgeStore.test.ts" name="badgeStore &gt; clearBadge &gt; does nothing for non-existent IDs" time="0.000932645">
        </testcase>
        <testcase classname="src/renderer/stores/badgeStore.test.ts" name="badgeStore &gt; clearBySource &gt; removes all badges from a given source" time="0.000766686">
        </testcase>
        <testcase classname="src/renderer/stores/badgeStore.test.ts" name="badgeStore &gt; clearByTarget &gt; removes all badges for a specific explorer-tab target" time="0.000651321">
        </testcase>
        <testcase classname="src/renderer/stores/badgeStore.test.ts" name="badgeStore &gt; clearByTarget &gt; removes all badges for a specific app-plugin target" time="0.000341105">
        </testcase>
        <testcase classname="src/renderer/stores/badgeStore.test.ts" name="badgeStore &gt; clearProjectBadges &gt; removes all explorer-tab badges for a specific project" time="0.000884014">
        </testcase>
        <testcase classname="src/renderer/stores/badgeStore.test.ts" name="badgeStore &gt; clearAll &gt; removes all badges" time="0.000396217">
        </testcase>
        <testcase classname="src/renderer/stores/badgeStore.test.ts" name="badgeStore &gt; getTabBadge &gt; returns null when no badges exist for that tab" time="0.000467469">
        </testcase>
        <testcase classname="src/renderer/stores/badgeStore.test.ts" name="badgeStore &gt; getTabBadge &gt; returns count badge for a single count badge" time="0.001101268">
        </testcase>
        <testcase classname="src/renderer/stores/badgeStore.test.ts" name="badgeStore &gt; getTabBadge &gt; sums multiple count badges from different sources" time="0.000325756">
        </testcase>
        <testcase classname="src/renderer/stores/badgeStore.test.ts" name="badgeStore &gt; getTabBadge &gt; returns dot when only dot badges exist" time="0.000253481">
        </testcase>
        <testcase classname="src/renderer/stores/badgeStore.test.ts" name="badgeStore &gt; getTabBadge &gt; returns count (ignoring dots) when both count and dot badges exist" time="0.000390857">
        </testcase>
        <testcase classname="src/renderer/stores/badgeStore.test.ts" name="badgeStore &gt; getProjectBadge &gt; returns null when no explorer-tab badges exist for the project" time="0.000311699">
        </testcase>
        <testcase classname="src/renderer/stores/badgeStore.test.ts" name="badgeStore &gt; getProjectBadge &gt; sums count badges across all tabs for a project" time="0.000314645">
        </testcase>
        <testcase classname="src/renderer/stores/badgeStore.test.ts" name="badgeStore &gt; getProjectBadge &gt; returns dot when only dot badges exist" time="0.000249184">
        </testcase>
        <testcase classname="src/renderer/stores/badgeStore.test.ts" name="badgeStore &gt; getProjectBadge &gt; does not include badges from other projects" time="0.000289779">
        </testcase>
        <testcase classname="src/renderer/stores/badgeStore.test.ts" name="badgeStore &gt; getAppPluginBadge &gt; returns null when no badge exists for the plugin" time="0.000435671">
        </testcase>
        <testcase classname="src/renderer/stores/badgeStore.test.ts" name="badgeStore &gt; getAppPluginBadge &gt; returns the badge for a specific app-plugin" time="0.000289528">
        </testcase>
        <testcase classname="src/renderer/stores/badgeStore.test.ts" name="badgeStore &gt; getAppPluginBadge &gt; sums multiple sources for the same app-plugin" time="0.000292845">
        </testcase>
        <testcase classname="src/renderer/stores/badgeStore.test.ts" name="badgeStore &gt; getDockCount &gt; returns 0 when no badges exist" time="0.000257188">
        </testcase>
        <testcase classname="src/renderer/stores/badgeStore.test.ts" name="badgeStore &gt; getDockCount &gt; sums count badges across projects and app-plugins" time="0.000230138">
        </testcase>
        <testcase classname="src/renderer/stores/badgeStore.test.ts" name="badgeStore &gt; getDockCount &gt; dots contribute 0 to the dock count" time="0.000248192">
        </testcase>
        <testcase classname="src/renderer/stores/badgeStore.test.ts" name="badgeStore &gt; settings filtering &gt; enabled = false (master kill switch) &gt; getTabBadge returns null" time="0.000276113">
        </testcase>
        <testcase classname="src/renderer/stores/badgeStore.test.ts" name="badgeStore &gt; settings filtering &gt; enabled = false (master kill switch) &gt; getProjectBadge returns null" time="0.00021541">
        </testcase>
        <testcase classname="src/renderer/stores/badgeStore.test.ts" name="badgeStore &gt; settings filtering &gt; enabled = false (master kill switch) &gt; getAppPluginBadge returns null" time="0.000210812">
        </testcase>
        <testcase classname="src/renderer/stores/badgeStore.test.ts" name="badgeStore &gt; settings filtering &gt; enabled = false (master kill switch) &gt; getDockCount returns 0" time="0.000238473">
        </testcase>
        <testcase classname="src/renderer/stores/badgeStore.test.ts" name="badgeStore &gt; settings filtering &gt; enabled = false (master kill switch) &gt; badges are still stored (toggle back on shows them)" time="0.000404722">
        </testcase>
        <testcase classname="src/renderer/stores/badgeStore.test.ts" name="badgeStore &gt; settings filtering &gt; pluginBadges = false &gt; getTabBadge filters out plugin badges, keeps core" time="0.000384706">
        </testcase>
        <testcase classname="src/renderer/stores/badgeStore.test.ts" name="badgeStore &gt; settings filtering &gt; pluginBadges = false &gt; getProjectBadge filters out plugin badges" time="0.00027446">
        </testcase>
        <testcase classname="src/renderer/stores/badgeStore.test.ts" name="badgeStore &gt; settings filtering &gt; pluginBadges = false &gt; getAppPluginBadge returns null for plugin badges" time="0.00030647">
        </testcase>
        <testcase classname="src/renderer/stores/badgeStore.test.ts" name="badgeStore &gt; settings filtering &gt; pluginBadges = false &gt; getDockCount excludes plugin badge counts" time="0.000230419">
        </testcase>
        <testcase classname="src/renderer/stores/badgeStore.test.ts" name="badgeStore &gt; settings filtering &gt; projectRailBadges = false &gt; getProjectBadge returns null" time="0.000298816">
        </testcase>
        <testcase classname="src/renderer/stores/badgeStore.test.ts" name="badgeStore &gt; settings filtering &gt; projectRailBadges = false &gt; getTabBadge still works" time="0.000254994">
        </testcase>
        <testcase classname="src/renderer/stores/badgeStore.test.ts" name="badgeStore &gt; settings filtering &gt; projectRailBadges = false &gt; getDockCount still counts (dock counts regardless of rail visibility)" time="0.000215941">
        </testcase>
        <testcase classname="src/renderer/stores/badgeStore.test.ts" name="badgeStore &gt; settings filtering &gt; project-level overrides &gt; uses project override when set" time="0.000884285">
        </testcase>
        <testcase classname="src/renderer/stores/badgeStore.test.ts" name="badgeStore &gt; settings filtering &gt; project-level overrides &gt; project override can enable when app-level disables" time="0.000266395">
        </testcase>
        <testcase classname="src/renderer/stores/badgeStore.test.ts" name="badgeStore &gt; settings filtering &gt; project-level overrides &gt; project override for projectRailBadges = false hides project badge" time="0.000270984">
        </testcase>
        <testcase classname="src/renderer/stores/badgeStore.test.ts" name="badgeStore &gt; dock badge sync reacts to badge settings changes &gt; recalculates dock count when &quot;enabled&quot; is toggled off" time="0.000870069">
        </testcase>
        <testcase classname="src/renderer/stores/badgeStore.test.ts" name="badgeStore &gt; dock badge sync reacts to badge settings changes &gt; recalculates dock count when &quot;enabled&quot; is toggled back on" time="0.000280462">
        </testcase>
        <testcase classname="src/renderer/stores/badgeStore.test.ts" name="badgeStore &gt; dock badge sync reacts to badge settings changes &gt; recalculates dock count when pluginBadges is toggled off" time="0.000257228">
        </testcase>
        <testcase classname="src/renderer/stores/badgeStore.test.ts" name="badgeStore &gt; dock badge sync reacts to badge settings changes &gt; recalculates dock count when pluginBadges is toggled back on" time="0.000272907">
        </testcase>
    </testsuite>
    <testsuite name="src/renderer/stores/clipboardSettingsStore.test.ts" timestamp="2026-03-25T04:47:30.112Z" hostname="runnervm46oaq" tests="6" failures="0" errors="0" skipped="0" time="0.011775663">
        <testcase classname="src/renderer/stores/clipboardSettingsStore.test.ts" name="clipboardSettingsStore &gt; defaults clipboardCompat to false" time="0.003244635">
        </testcase>
        <testcase classname="src/renderer/stores/clipboardSettingsStore.test.ts" name="clipboardSettingsStore &gt; loads settings from main process via generic bridge" time="0.00253756">
        </testcase>
        <testcase classname="src/renderer/stores/clipboardSettingsStore.test.ts" name="clipboardSettingsStore &gt; defaults to false on mac when load returns null" time="0.000683982">
        </testcase>
        <testcase classname="src/renderer/stores/clipboardSettingsStore.test.ts" name="clipboardSettingsStore &gt; defaults to true on windows when load returns null" time="0.000674093">
        </testcase>
        <testcase classname="src/renderer/stores/clipboardSettingsStore.test.ts" name="clipboardSettingsStore &gt; saves settings via generic bridge" time="0.001440229">
        </testcase>
        <testcase classname="src/renderer/stores/clipboardSettingsStore.test.ts" name="clipboardSettingsStore &gt; reverts on save failure" time="0.000621927">
        </testcase>
    </testsuite>
    <testsuite name="src/renderer/stores/clubhouseModeStore.test.ts" timestamp="2026-03-25T04:47:30.113Z" hostname="runnervm46oaq" tests="11" failures="0" errors="0" skipped="0" time="0.016563942">
        <testcase classname="src/renderer/stores/clubhouseModeStore.test.ts" name="clubhouseModeStore &gt; loadSettings &gt; loads settings from API" time="0.005706255">
        </testcase>
        <testcase classname="src/renderer/stores/clubhouseModeStore.test.ts" name="clubhouseModeStore &gt; loadSettings &gt; keeps defaults on error" time="0.00053254">
        </testcase>
        <testcase classname="src/renderer/stores/clubhouseModeStore.test.ts" name="clubhouseModeStore &gt; isEnabledForProject &gt; returns global when no project override" time="0.00042985">
        </testcase>
        <testcase classname="src/renderer/stores/clubhouseModeStore.test.ts" name="clubhouseModeStore &gt; isEnabledForProject &gt; returns project override when set" time="0.000436952">
        </testcase>
        <testcase classname="src/renderer/stores/clubhouseModeStore.test.ts" name="clubhouseModeStore &gt; isEnabledForProject &gt; returns global when no projectPath given" time="0.000453985">
        </testcase>
        <testcase classname="src/renderer/stores/clubhouseModeStore.test.ts" name="clubhouseModeStore &gt; setEnabled &gt; updates enabled and saves" time="0.002177901">
        </testcase>
        <testcase classname="src/renderer/stores/clubhouseModeStore.test.ts" name="clubhouseModeStore &gt; setEnabled &gt; reverts on save failure" time="0.000472599">
        </testcase>
        <testcase classname="src/renderer/stores/clubhouseModeStore.test.ts" name="clubhouseModeStore &gt; setProjectOverride &gt; sets project override and saves" time="0.000730128">
        </testcase>
        <testcase classname="src/renderer/stores/clubhouseModeStore.test.ts" name="clubhouseModeStore &gt; clearProjectOverride &gt; removes project override and saves" time="0.000926333">
        </testcase>
        <testcase classname="src/renderer/stores/clubhouseModeStore.test.ts" name="clubhouseModeStore &gt; race condition prevention &gt; setEnabled saves with pre-snapshot projectOverrides" time="0.000979992">
        </testcase>
        <testcase classname="src/renderer/stores/clubhouseModeStore.test.ts" name="clubhouseModeStore &gt; race condition prevention &gt; setSourceControlProvider saves with pre-snapshot enabled and projectOverrides" time="0.000726251">
        </testcase>
    </testsuite>
    <testsuite name="src/renderer/stores/commandPaletteStore.test.ts" timestamp="2026-03-25T04:47:30.115Z" hostname="runnervm46oaq" tests="22" failures="0" errors="0" skipped="0" time="0.01868843">
        <testcase classname="src/renderer/stores/commandPaletteStore.test.ts" name="commandPaletteStore &gt; open/close/toggle &gt; opens the palette" time="0.003058037">
        </testcase>
        <testcase classname="src/renderer/stores/commandPaletteStore.test.ts" name="commandPaletteStore &gt; open/close/toggle &gt; closes the palette and resets state" time="0.000601538">
        </testcase>
        <testcase classname="src/renderer/stores/commandPaletteStore.test.ts" name="commandPaletteStore &gt; open/close/toggle &gt; toggles open to close" time="0.000353267">
        </testcase>
        <testcase classname="src/renderer/stores/commandPaletteStore.test.ts" name="commandPaletteStore &gt; open/close/toggle &gt; toggles closed to open" time="0.000450828">
        </testcase>
        <testcase classname="src/renderer/stores/commandPaletteStore.test.ts" name="commandPaletteStore &gt; setQuery &gt; sets query and resets selectedIndex" time="0.000517603">
        </testcase>
        <testcase classname="src/renderer/stores/commandPaletteStore.test.ts" name="commandPaletteStore &gt; setQuery &gt; derives mode &quot;commands&quot; from &gt; prefix" time="0.000419219">
        </testcase>
        <testcase classname="src/renderer/stores/commandPaletteStore.test.ts" name="commandPaletteStore &gt; setQuery &gt; derives mode &quot;agents&quot; from @ prefix" time="0.000368385">
        </testcase>
        <testcase classname="src/renderer/stores/commandPaletteStore.test.ts" name="commandPaletteStore &gt; setQuery &gt; derives mode &quot;spaces&quot; from # prefix" time="0.000258792">
        </testcase>
        <testcase classname="src/renderer/stores/commandPaletteStore.test.ts" name="commandPaletteStore &gt; setQuery &gt; derives mode &quot;projects&quot; from / prefix" time="0.000699511">
        </testcase>
        <testcase classname="src/renderer/stores/commandPaletteStore.test.ts" name="commandPaletteStore &gt; setQuery &gt; derives mode &quot;all&quot; for no prefix" time="0.000354469">
        </testcase>
        <testcase classname="src/renderer/stores/commandPaletteStore.test.ts" name="commandPaletteStore &gt; moveSelection &gt; moves selection down" time="0.000383643">
        </testcase>
        <testcase classname="src/renderer/stores/commandPaletteStore.test.ts" name="commandPaletteStore &gt; moveSelection &gt; wraps to beginning after max" time="0.000234957">
        </testcase>
        <testcase classname="src/renderer/stores/commandPaletteStore.test.ts" name="commandPaletteStore &gt; moveSelection &gt; wraps to end before 0" time="0.000191115">
        </testcase>
        <testcase classname="src/renderer/stores/commandPaletteStore.test.ts" name="commandPaletteStore &gt; moveSelection &gt; sets lastInteraction to keyboard" time="0.000173122">
        </testcase>
        <testcase classname="src/renderer/stores/commandPaletteStore.test.ts" name="commandPaletteStore &gt; setSelectedIndex &gt; sets the selected index directly" time="0.0002262">
        </testcase>
        <testcase classname="src/renderer/stores/commandPaletteStore.test.ts" name="commandPaletteStore &gt; setSelectedIndex &gt; sets lastInteraction to pointer" time="0.000170146">
        </testcase>
        <testcase classname="src/renderer/stores/commandPaletteStore.test.ts" name="commandPaletteStore &gt; recentCommands &gt; records a recent command" time="0.000402669">
        </testcase>
        <testcase classname="src/renderer/stores/commandPaletteStore.test.ts" name="commandPaletteStore &gt; recentCommands &gt; moves duplicate to front" time="0.001250075">
        </testcase>
        <testcase classname="src/renderer/stores/commandPaletteStore.test.ts" name="commandPaletteStore &gt; recentCommands &gt; limits to 20 recents" time="0.0009571">
        </testcase>
        <testcase classname="src/renderer/stores/commandPaletteStore.test.ts" name="commandPaletteStore &gt; recentCommands &gt; persists to localStorage" time="0.000443775">
        </testcase>
        <testcase classname="src/renderer/stores/commandPaletteStore.test.ts" name="commandPaletteStore &gt; recentCommands &gt; checks if command is recent" time="0.00028521">
        </testcase>
        <testcase classname="src/renderer/stores/commandPaletteStore.test.ts" name="commandPaletteStore &gt; corrupt localStorage &gt; logs a warning when recents data is corrupt" time="0.003805839">
        </testcase>
    </testsuite>
    <testsuite name="src/renderer/stores/headlessStore.test.ts" timestamp="2026-03-25T04:47:30.119Z" hostname="runnervm46oaq" tests="39" failures="0" errors="0" skipped="0" time="0.022744407">
        <testcase classname="src/renderer/stores/headlessStore.test.ts" name="headlessStore &gt; loadSettings &gt; loads defaultMode from backend" time="0.00334906">
        </testcase>
        <testcase classname="src/renderer/stores/headlessStore.test.ts" name="headlessStore &gt; loadSettings &gt; loads structured mode from backend" time="0.000413389">
        </testcase>
        <testcase classname="src/renderer/stores/headlessStore.test.ts" name="headlessStore &gt; loadSettings &gt; migrates legacy enabled boolean" time="0.000434658">
        </testcase>
        <testcase classname="src/renderer/stores/headlessStore.test.ts" name="headlessStore &gt; loadSettings &gt; migrates legacy enabled=false to interactive" time="0.000493467">
        </testcase>
        <testcase classname="src/renderer/stores/headlessStore.test.ts" name="headlessStore &gt; loadSettings &gt; loads projectOverrides from backend" time="0.001184354">
        </testcase>
        <testcase classname="src/renderer/stores/headlessStore.test.ts" name="headlessStore &gt; loadSettings &gt; defaults projectOverrides to empty object when not present" time="0.000310207">
        </testcase>
        <testcase classname="src/renderer/stores/headlessStore.test.ts" name="headlessStore &gt; loadSettings &gt; handles null settings gracefully" time="0.000537289">
        </testcase>
        <testcase classname="src/renderer/stores/headlessStore.test.ts" name="headlessStore &gt; loadSettings &gt; handles backend error gracefully" time="0.00055364">
        </testcase>
        <testcase classname="src/renderer/stores/headlessStore.test.ts" name="headlessStore &gt; setDefaultMode &gt; updates defaultMode optimistically" time="0.000930491">
        </testcase>
        <testcase classname="src/renderer/stores/headlessStore.test.ts" name="headlessStore &gt; setDefaultMode &gt; persists defaultMode with current projectOverrides" time="0.001740338">
        </testcase>
        <testcase classname="src/renderer/stores/headlessStore.test.ts" name="headlessStore &gt; setDefaultMode &gt; rolls back on save failure" time="0.000412067">
        </testcase>
        <testcase classname="src/renderer/stores/headlessStore.test.ts" name="headlessStore &gt; getProjectMode &gt; returns interactive when global is interactive and no project override" time="0.000256487">
        </testcase>
        <testcase classname="src/renderer/stores/headlessStore.test.ts" name="headlessStore &gt; getProjectMode &gt; returns headless when global is headless and no project override" time="0.000399493">
        </testcase>
        <testcase classname="src/renderer/stores/headlessStore.test.ts" name="headlessStore &gt; getProjectMode &gt; returns structured when global is structured and no project override" time="0.000243914">
        </testcase>
        <testcase classname="src/renderer/stores/headlessStore.test.ts" name="headlessStore &gt; getProjectMode &gt; project override headless overrides global interactive" time="0.000190694">
        </testcase>
        <testcase classname="src/renderer/stores/headlessStore.test.ts" name="headlessStore &gt; getProjectMode &gt; project override interactive overrides global headless" time="0.000184613">
        </testcase>
        <testcase classname="src/renderer/stores/headlessStore.test.ts" name="headlessStore &gt; getProjectMode &gt; project override structured overrides global headless" time="0.000173403">
        </testcase>
        <testcase classname="src/renderer/stores/headlessStore.test.ts" name="headlessStore &gt; getProjectMode &gt; falls back to global for projects without override" time="0.000205803">
        </testcase>
        <testcase classname="src/renderer/stores/headlessStore.test.ts" name="headlessStore &gt; getProjectMode &gt; returns global default when projectPath is undefined" time="0.00022593">
        </testcase>
        <testcase classname="src/renderer/stores/headlessStore.test.ts" name="headlessStore &gt; getProjectMode &gt; handles empty projectPath string" time="0.00018815">
        </testcase>
        <testcase classname="src/renderer/stores/headlessStore.test.ts" name="headlessStore &gt; setProjectMode &gt; sets project override optimistically" time="0.000453553">
        </testcase>
        <testcase classname="src/renderer/stores/headlessStore.test.ts" name="headlessStore &gt; setProjectMode &gt; supports structured as project override" time="0.000517242">
        </testcase>
        <testcase classname="src/renderer/stores/headlessStore.test.ts" name="headlessStore &gt; setProjectMode &gt; preserves existing overrides when adding new one" time="0.00021501">
        </testcase>
        <testcase classname="src/renderer/stores/headlessStore.test.ts" name="headlessStore &gt; setProjectMode &gt; overwrites existing override for same project" time="0.000344721">
        </testcase>
        <testcase classname="src/renderer/stores/headlessStore.test.ts" name="headlessStore &gt; setProjectMode &gt; persists to backend with current defaultMode" time="0.000483059">
        </testcase>
        <testcase classname="src/renderer/stores/headlessStore.test.ts" name="headlessStore &gt; setProjectMode &gt; rolls back on save failure" time="0.000302293">
        </testcase>
        <testcase classname="src/renderer/stores/headlessStore.test.ts" name="headlessStore &gt; setProjectMode &gt; captures defaultMode before set() to avoid race with concurrent setDefaultMode" time="0.00050001">
        </testcase>
        <testcase classname="src/renderer/stores/headlessStore.test.ts" name="headlessStore &gt; clearProjectMode &gt; removes project override" time="0.000332268">
        </testcase>
        <testcase classname="src/renderer/stores/headlessStore.test.ts" name="headlessStore &gt; clearProjectMode &gt; persists to backend without the cleared project" time="0.000422666">
        </testcase>
        <testcase classname="src/renderer/stores/headlessStore.test.ts" name="headlessStore &gt; clearProjectMode &gt; falls back to global after clearing" time="0.000279089">
        </testcase>
        <testcase classname="src/renderer/stores/headlessStore.test.ts" name="headlessStore &gt; clearProjectMode &gt; no-op when project has no override" time="0.000263059">
        </testcase>
        <testcase classname="src/renderer/stores/headlessStore.test.ts" name="headlessStore &gt; clearProjectMode &gt; rolls back on save failure" time="0.000310618">
        </testcase>
        <testcase classname="src/renderer/stores/headlessStore.test.ts" name="headlessStore &gt; clearProjectMode &gt; captures defaultMode before set() to avoid race with concurrent setDefaultMode" time="0.000383604">
        </testcase>
        <testcase classname="src/renderer/stores/headlessStore.test.ts" name="headlessStore &gt; integration &gt; getProjectMode reflects setProjectMode changes" time="0.000281945">
        </testcase>
        <testcase classname="src/renderer/stores/headlessStore.test.ts" name="headlessStore &gt; integration &gt; setDefaultMode + getProjectMode: override takes priority over global" time="0.000312491">
        </testcase>
        <testcase classname="src/renderer/stores/headlessStore.test.ts" name="headlessStore &gt; integration &gt; structured override overrides headless global" time="0.000347447">
        </testcase>
        <testcase classname="src/renderer/stores/headlessStore.test.ts" name="headlessStore &gt; race condition prevention &gt; setDefaultMode saves with pre-snapshot projectOverrides" time="0.000433396">
        </testcase>
        <testcase classname="src/renderer/stores/headlessStore.test.ts" name="headlessStore &gt; race condition prevention &gt; setProjectMode saves with pre-snapshot defaultMode" time="0.000373605">
        </testcase>
        <testcase classname="src/renderer/stores/headlessStore.test.ts" name="headlessStore &gt; race condition prevention &gt; clearProjectMode saves with pre-snapshot defaultMode" time="0.000428918">
        </testcase>
    </testsuite>
    <testsuite name="src/renderer/stores/keyboardShortcutsStore.test.ts" timestamp="2026-03-25T04:47:30.125Z" hostname="runnervm46oaq" tests="31" failures="0" errors="0" skipped="0" time="0.017254787">
        <testcase classname="src/renderer/stores/keyboardShortcutsStore.test.ts" name="keyboardShortcutsStore &gt; has default shortcuts loaded" time="0.003196276">
        </testcase>
        <testcase classname="src/renderer/stores/keyboardShortcutsStore.test.ts" name="keyboardShortcutsStore &gt; has toggle-settings with comma binding (not Comma)" time="0.000560332">
        </testcase>
        <testcase classname="src/renderer/stores/keyboardShortcutsStore.test.ts" name="keyboardShortcutsStore &gt; has switch-agent-1..9 defaults" time="0.001475996">
        </testcase>
        <testcase classname="src/renderer/stores/keyboardShortcutsStore.test.ts" name="keyboardShortcutsStore &gt; has switch-project-1..9 with Alt modifier (avoids macOS screenshot collision)" time="0.001532561">
        </testcase>
        <testcase classname="src/renderer/stores/keyboardShortcutsStore.test.ts" name="keyboardShortcutsStore &gt; has all new shortcuts defined" time="0.000798665">
        </testcase>
        <testcase classname="src/renderer/stores/keyboardShortcutsStore.test.ts" name="keyboardShortcutsStore &gt; sets a custom binding" time="0.000403932">
        </testcase>
        <testcase classname="src/renderer/stores/keyboardShortcutsStore.test.ts" name="keyboardShortcutsStore &gt; persists overrides to localStorage" time="0.001120214">
        </testcase>
        <testcase classname="src/renderer/stores/keyboardShortcutsStore.test.ts" name="keyboardShortcutsStore &gt; resets a single binding" time="0.000400896">
        </testcase>
        <testcase classname="src/renderer/stores/keyboardShortcutsStore.test.ts" name="keyboardShortcutsStore &gt; resets all bindings" time="0.000789519">
        </testcase>
        <testcase classname="src/renderer/stores/keyboardShortcutsStore.test.ts" name="keyboardShortcutsStore &gt; manages editing state" time="0.00039762">
        </testcase>
        <testcase classname="src/renderer/stores/keyboardShortcutsStore.test.ts" name="keyboardShortcutsStore &gt; stops editing after setBinding" time="0.000273138">
        </testcase>
        <testcase classname="src/renderer/stores/keyboardShortcutsStore.test.ts" name="keyboardShortcutsStore &gt; returns binding for action" time="0.000172691">
        </testcase>
        <testcase classname="src/renderer/stores/keyboardShortcutsStore.test.ts" name="keyboardShortcutsStore &gt; returns empty string for unknown action" time="0.000221623">
        </testcase>
        <testcase classname="src/renderer/stores/keyboardShortcutsStore.test.ts" name="formatBinding &gt; replaces Meta with command symbol on macOS" time="0.0002204">
        </testcase>
        <testcase classname="src/renderer/stores/keyboardShortcutsStore.test.ts" name="formatBinding &gt; replaces Shift with shift symbol on macOS" time="0.000174014">
        </testcase>
        <testcase classname="src/renderer/stores/keyboardShortcutsStore.test.ts" name="eventToBinding &gt; returns null for modifier-only keys" time="0.000243022">
        </testcase>
        <testcase classname="src/renderer/stores/keyboardShortcutsStore.test.ts" name="eventToBinding &gt; converts Meta+K" time="0.000121196">
        </testcase>
        <testcase classname="src/renderer/stores/keyboardShortcutsStore.test.ts" name="eventToBinding &gt; converts Ctrl+K (as Meta)" time="0.0001129">
        </testcase>
        <testcase classname="src/renderer/stores/keyboardShortcutsStore.test.ts" name="eventToBinding &gt; converts Meta+Shift+P" time="0.000111517">
        </testcase>
        <testcase classname="src/renderer/stores/keyboardShortcutsStore.test.ts" name="eventToBinding &gt; converts space key" time="0.000117258">
        </testcase>
        <testcase classname="src/renderer/stores/keyboardShortcutsStore.test.ts" name="eventToBinding &gt; converts comma key" time="0.000167491">
        </testcase>
        <testcase classname="src/renderer/stores/keyboardShortcutsStore.test.ts" name="eventToBinding &gt; uppercases single letter keys" time="0.000195564">
        </testcase>
        <testcase classname="src/renderer/stores/keyboardShortcutsStore.test.ts" name="eventToBinding &gt; normalizes Cmd+Shift+! to Meta+Shift+1 (macOS shifted digit)" time="0.000144359">
        </testcase>
        <testcase classname="src/renderer/stores/keyboardShortcutsStore.test.ts" name="eventToBinding &gt; normalizes Cmd+Shift+@ to Meta+Shift+2" time="0.000143627">
        </testcase>
        <testcase classname="src/renderer/stores/keyboardShortcutsStore.test.ts" name="eventToBinding &gt; normalizes Cmd+Shift+# to Meta+Shift+3" time="0.000164987">
        </testcase>
        <testcase classname="src/renderer/stores/keyboardShortcutsStore.test.ts" name="eventToBinding &gt; normalizes all shifted digits" time="0.000293225">
        </testcase>
        <testcase classname="src/renderer/stores/keyboardShortcutsStore.test.ts" name="eventToBinding &gt; does not normalize shifted symbols when Shift is not held" time="0.000108362">
        </testcase>
        <testcase classname="src/renderer/stores/keyboardShortcutsStore.test.ts" name="eventToBinding &gt; normalizes Cmd+Alt+¡ to Meta+Alt+1 (macOS Option digit)" time="0.000176339">
        </testcase>
        <testcase classname="src/renderer/stores/keyboardShortcutsStore.test.ts" name="eventToBinding &gt; normalizes Cmd+Alt+™ to Meta+Alt+2" time="0.000154297">
        </testcase>
        <testcase classname="src/renderer/stores/keyboardShortcutsStore.test.ts" name="eventToBinding &gt; normalizes all Option-modified digits" time="0.000342787">
        </testcase>
        <testcase classname="src/renderer/stores/keyboardShortcutsStore.test.ts" name="eventToBinding &gt; does not normalize alt-modified symbols when Alt is not held" time="0.000115324">
        </testcase>
    </testsuite>
    <testsuite name="src/renderer/stores/loggingStore.test.ts" timestamp="2026-03-25T04:47:30.130Z" hostname="runnervm46oaq" tests="8" failures="0" errors="0" skipped="0" time="0.014522">
        <testcase classname="src/renderer/stores/loggingStore.test.ts" name="loggingStore &gt; loadSettings &gt; loads settings, namespaces, and log path from IPC" time="0.004547288">
        </testcase>
        <testcase classname="src/renderer/stores/loggingStore.test.ts" name="loggingStore &gt; loadSettings &gt; calls all three IPC methods in parallel" time="0.000843047">
        </testcase>
        <testcase classname="src/renderer/stores/loggingStore.test.ts" name="loggingStore &gt; saveSettings &gt; merges partial settings and persists" time="0.003164205">
        </testcase>
        <testcase classname="src/renderer/stores/loggingStore.test.ts" name="loggingStore &gt; saveSettings &gt; merges namespace updates" time="0.000750426">
        </testcase>
        <testcase classname="src/renderer/stores/loggingStore.test.ts" name="loggingStore &gt; saveSettings &gt; merges retention updates" time="0.000962951">
        </testcase>
        <testcase classname="src/renderer/stores/loggingStore.test.ts" name="loggingStore &gt; saveSettings &gt; merges minLogLevel updates" time="0.000661661">
        </testcase>
        <testcase classname="src/renderer/stores/loggingStore.test.ts" name="loggingStore &gt; saveSettings &gt; does nothing when settings not loaded" time="0.000613591">
        </testcase>
        <testcase classname="src/renderer/stores/loggingStore.test.ts" name="loggingStore &gt; loadNamespaces &gt; refreshes namespaces from IPC" time="0.000532842">
        </testcase>
    </testsuite>
    <testsuite name="src/renderer/stores/mcpBindingStore.test.ts" timestamp="2026-03-25T04:47:30.132Z" hostname="runnervm46oaq" tests="13" failures="0" errors="0" skipped="0" time="0.015048211">
        <testcase classname="src/renderer/stores/mcpBindingStore.test.ts" name="mcpBindingStore &gt; starts with empty bindings" time="0.00363448">
        </testcase>
        <testcase classname="src/renderer/stores/mcpBindingStore.test.ts" name="mcpBindingStore &gt; loadBindings &gt; loads bindings from IPC" time="0.000743594">
        </testcase>
        <testcase classname="src/renderer/stores/mcpBindingStore.test.ts" name="mcpBindingStore &gt; loadBindings &gt; handles IPC failure gracefully" time="0.00044608">
        </testcase>
        <testcase classname="src/renderer/stores/mcpBindingStore.test.ts" name="mcpBindingStore &gt; loadBindings &gt; handles null response" time="0.000538742">
        </testcase>
        <testcase classname="src/renderer/stores/mcpBindingStore.test.ts" name="mcpBindingStore &gt; bind &gt; optimistically adds binding to store" time="0.001797223">
        </testcase>
        <testcase classname="src/renderer/stores/mcpBindingStore.test.ts" name="mcpBindingStore &gt; bind &gt; calls IPC bind" time="0.001383844">
        </testcase>
        <testcase classname="src/renderer/stores/mcpBindingStore.test.ts" name="mcpBindingStore &gt; unbind &gt; optimistically removes binding from store" time="0.000612469">
        </testcase>
        <testcase classname="src/renderer/stores/mcpBindingStore.test.ts" name="mcpBindingStore &gt; unbind &gt; calls IPC unbind" time="0.000385607">
        </testcase>
        <testcase classname="src/renderer/stores/mcpBindingStore.test.ts" name="mcpBindingStore &gt; initMcpBindingListener &gt; registers and returns unsubscribe function" time="0.000758851">
        </testcase>
        <testcase classname="src/renderer/stores/mcpBindingStore.test.ts" name="mcpBindingStore &gt; initMcpBindingListener &gt; validates incoming bindings and filters invalid entries" time="0.00087623">
        </testcase>
        <testcase classname="src/renderer/stores/mcpBindingStore.test.ts" name="mcpBindingStore &gt; initMcpBindingListener &gt; handles empty bindings array" time="0.00041417">
        </testcase>
        <testcase classname="src/renderer/stores/mcpBindingStore.test.ts" name="mcpBindingStore &gt; initMcpBindingListener &gt; handles null bindings payload" time="0.000266215">
        </testcase>
        <testcase classname="src/renderer/stores/mcpBindingStore.test.ts" name="mcpBindingStore &gt; initMcpBindingListener &gt; accepts all valid targetKind values" time="0.000435851">
        </testcase>
    </testsuite>
    <testsuite name="src/renderer/stores/mcpSettingsStore.test.ts" timestamp="2026-03-25T04:47:30.134Z" hostname="runnervm46oaq" tests="5" failures="0" errors="0" skipped="0" time="0.011391268">
        <testcase classname="src/renderer/stores/mcpSettingsStore.test.ts" name="mcpSettingsStore &gt; loadSettings &gt; loads settings from the main process" time="0.004146343">
        </testcase>
        <testcase classname="src/renderer/stores/mcpSettingsStore.test.ts" name="mcpSettingsStore &gt; loadSettings &gt; handles null response gracefully" time="0.000573838">
        </testcase>
        <testcase classname="src/renderer/stores/mcpSettingsStore.test.ts" name="mcpSettingsStore &gt; loadSettings &gt; handles errors gracefully" time="0.000484421">
        </testcase>
        <testcase classname="src/renderer/stores/mcpSettingsStore.test.ts" name="mcpSettingsStore &gt; saveSettings &gt; optimistically updates and persists" time="0.003137055">
        </testcase>
        <testcase classname="src/renderer/stores/mcpSettingsStore.test.ts" name="mcpSettingsStore &gt; saveSettings &gt; reverts on save error" time="0.000533603">
        </testcase>
    </testsuite>
    <testsuite name="src/renderer/stores/notificationStore.test.ts" timestamp="2026-03-25T04:47:30.135Z" hostname="runnervm46oaq" tests="26" failures="0" errors="0" skipped="0" time="0.021324355">
        <testcase classname="src/renderer/stores/notificationStore.test.ts" name="notificationStore &gt; loadSettings &gt; loads settings from IPC" time="0.003921855">
        </testcase>
        <testcase classname="src/renderer/stores/notificationStore.test.ts" name="notificationStore &gt; saveSettings &gt; merges partial settings and persists" time="0.002934989">
        </testcase>
        <testcase classname="src/renderer/stores/notificationStore.test.ts" name="notificationStore &gt; saveSettings &gt; does nothing when settings not loaded" time="0.000508846">
        </testcase>
        <testcase classname="src/renderer/stores/notificationStore.test.ts" name="notificationStore &gt; checkAndNotify &gt; does nothing when settings not loaded" time="0.000406346">
        </testcase>
        <testcase classname="src/renderer/stores/notificationStore.test.ts" name="notificationStore &gt; checkAndNotify &gt; does nothing when notifications disabled" time="0.000380648">
        </testcase>
        <testcase classname="src/renderer/stores/notificationStore.test.ts" name="notificationStore &gt; checkAndNotify &gt; permission_request events &gt; sends notification when permissionNeeded is on" time="0.000728655">
        </testcase>
        <testcase classname="src/renderer/stores/notificationStore.test.ts" name="notificationStore &gt; checkAndNotify &gt; permission_request events &gt; uses default body when no detail" time="0.000529926">
        </testcase>
        <testcase classname="src/renderer/stores/notificationStore.test.ts" name="notificationStore &gt; checkAndNotify &gt; permission_request events &gt; does not trigger for notification events" time="0.000370269">
        </testcase>
        <testcase classname="src/renderer/stores/notificationStore.test.ts" name="notificationStore &gt; checkAndNotify &gt; permission_request events &gt; skips when permissionNeeded is off" time="0.000827649">
        </testcase>
        <testcase classname="src/renderer/stores/notificationStore.test.ts" name="notificationStore &gt; checkAndNotify &gt; stop events &gt; sends notification when agentStopped is on" time="0.000582884">
        </testcase>
        <testcase classname="src/renderer/stores/notificationStore.test.ts" name="notificationStore &gt; checkAndNotify &gt; stop events &gt; falls through to agentIdle when agentStopped is off" time="0.000497245">
        </testcase>
        <testcase classname="src/renderer/stores/notificationStore.test.ts" name="notificationStore &gt; checkAndNotify &gt; stop events &gt; skips when both agentStopped and agentIdle are off" time="0.000227934">
        </testcase>
        <testcase classname="src/renderer/stores/notificationStore.test.ts" name="notificationStore &gt; checkAndNotify &gt; tool_error events &gt; sends notification when agentError is on" time="0.000248061">
        </testcase>
        <testcase classname="src/renderer/stores/notificationStore.test.ts" name="notificationStore &gt; checkAndNotify &gt; tool_error events &gt; uses default body when no detail" time="0.000305168">
        </testcase>
        <testcase classname="src/renderer/stores/notificationStore.test.ts" name="notificationStore &gt; checkAndNotify &gt; tool_error events &gt; skips when agentError is off" time="0.000296101">
        </testcase>
        <testcase classname="src/renderer/stores/notificationStore.test.ts" name="notificationStore &gt; checkAndNotify &gt; sound behavior &gt; sends silent=true when playSound is off" time="0.001006472">
        </testcase>
        <testcase classname="src/renderer/stores/notificationStore.test.ts" name="notificationStore &gt; checkAndNotify &gt; unmatched events &gt; ignores pre_tool events" time="0.000294879">
        </testcase>
        <testcase classname="src/renderer/stores/notificationStore.test.ts" name="notificationStore &gt; checkAndNotify &gt; unmatched events &gt; ignores post_tool events" time="0.000388111">
        </testcase>
        <testcase classname="src/renderer/stores/notificationStore.test.ts" name="notificationStore &gt; checkAndNotify &gt; suppression when agent is visible &gt; suppresses notification when agent is active in agents panel and window is focused" time="0.000642875">
        </testcase>
        <testcase classname="src/renderer/stores/notificationStore.test.ts" name="notificationStore &gt; checkAndNotify &gt; suppression when agent is visible &gt; does not suppress when window is not focused" time="0.000405013">
        </testcase>
        <testcase classname="src/renderer/stores/notificationStore.test.ts" name="notificationStore &gt; checkAndNotify &gt; suppression when agent is visible &gt; does not suppress when a different agent is active" time="0.000367703">
        </testcase>
        <testcase classname="src/renderer/stores/notificationStore.test.ts" name="notificationStore &gt; checkAndNotify &gt; suppression when agent is visible &gt; does not suppress when on a different tab" time="0.000421905">
        </testcase>
        <testcase classname="src/renderer/stores/notificationStore.test.ts" name="notificationStore &gt; checkAndNotify &gt; suppression when agent is visible &gt; does not suppress when on a different project" time="0.000363145">
        </testcase>
        <testcase classname="src/renderer/stores/notificationStore.test.ts" name="notificationStore &gt; checkAndNotify &gt; suppression when agent is visible &gt; passes agentId and projectId through to sendNotification" time="0.000627477">
        </testcase>
        <testcase classname="src/renderer/stores/notificationStore.test.ts" name="notificationStore &gt; clearNotification &gt; calls closeNotification IPC with agentId and projectId" time="0.000379886">
        </testcase>
        <testcase classname="src/renderer/stores/notificationStore.test.ts" name="notificationStore &gt; clearNotification &gt; can be called multiple times safely" time="0.000354259">
        </testcase>
    </testsuite>
    <testsuite name="src/renderer/stores/onboardingStore.test.ts" timestamp="2026-03-25T04:47:30.139Z" hostname="runnervm46oaq" tests="11" failures="0" errors="0" skipped="0" time="0.013690866">
        <testcase classname="src/renderer/stores/onboardingStore.test.ts" name="onboardingStore &gt; initialises with default values" time="0.003112951">
        </testcase>
        <testcase classname="src/renderer/stores/onboardingStore.test.ts" name="onboardingStore &gt; startOnboarding shows the modal and resets state" time="0.000811269">
        </testcase>
        <testcase classname="src/renderer/stores/onboardingStore.test.ts" name="onboardingStore &gt; selectCohort sets cohort and moves to highlights step" time="0.000407658">
        </testcase>
        <testcase classname="src/renderer/stores/onboardingStore.test.ts" name="onboardingStore &gt; nextHighlight increments index up to 2" time="0.000570642">
        </testcase>
        <testcase classname="src/renderer/stores/onboardingStore.test.ts" name="onboardingStore &gt; nextHighlight at index 2 moves to get-started step" time="0.000383764">
        </testcase>
        <testcase classname="src/renderer/stores/onboardingStore.test.ts" name="onboardingStore &gt; prevHighlight decrements index" time="0.000334091">
        </testcase>
        <testcase classname="src/renderer/stores/onboardingStore.test.ts" name="onboardingStore &gt; prevHighlight at index 0 returns to cohort-select" time="0.000323612">
        </testcase>
        <testcase classname="src/renderer/stores/onboardingStore.test.ts" name="onboardingStore &gt; dismissOnboarding hides modal, marks completed, and persists" time="0.000533743">
        </testcase>
        <testcase classname="src/renderer/stores/onboardingStore.test.ts" name="onboardingStore &gt; goToGetStarted jumps directly to get-started step" time="0.000729226">
        </testcase>
        <testcase classname="src/renderer/stores/onboardingStore.test.ts" name="onboardingStore &gt; resetOnboarding clears completed state and persists" time="0.000581472">
        </testcase>
        <testcase classname="src/renderer/stores/onboardingStore.test.ts" name="onboardingStore &gt; corrupt localStorage &gt; logs a warning when onboarding data is corrupt" time="0.003659897">
        </testcase>
    </testsuite>
    <testsuite name="src/renderer/stores/optimistic-update.test.ts" timestamp="2026-03-25T04:47:30.141Z" hostname="runnervm46oaq" tests="8" failures="0" errors="0" skipped="0" time="0.015015828">
        <testcase classname="src/renderer/stores/optimistic-update.test.ts" name="optimisticUpdate &gt; applies the update optimistically" time="0.007197206">
        </testcase>
        <testcase classname="src/renderer/stores/optimistic-update.test.ts" name="optimisticUpdate &gt; calls the IPC function after applying update" time="0.000665628">
        </testcase>
        <testcase classname="src/renderer/stores/optimistic-update.test.ts" name="optimisticUpdate &gt; reverts on IPC failure" time="0.001895776">
        </testcase>
        <testcase classname="src/renderer/stores/optimistic-update.test.ts" name="optimisticUpdate &gt; does not revert on IPC success" time="0.000571122">
        </testcase>
        <testcase classname="src/renderer/stores/optimistic-update.test.ts" name="optimisticUpdate &gt; only snapshots and reverts the fields being updated" time="0.000782755">
        </testcase>
        <testcase classname="src/renderer/stores/optimistic-update.test.ts" name="optimisticUpdate &gt; handles multi-field updates and rollbacks" time="0.000523634">
        </testcase>
        <testcase classname="src/renderer/stores/optimistic-update.test.ts" name="optimisticUpdate &gt; snapshots state before the optimistic set" time="0.000477719">
        </testcase>
        <testcase classname="src/renderer/stores/optimistic-update.test.ts" name="optimisticUpdate &gt; works with reference-type values (objects/arrays)" time="0.000461989">
        </testcase>
    </testsuite>
    <testsuite name="src/renderer/stores/orchestratorStore.test.ts" timestamp="2026-03-25T04:47:30.142Z" hostname="runnervm46oaq" tests="18" failures="0" errors="0" skipped="0" time="0.01928825">
        <testcase classname="src/renderer/stores/orchestratorStore.test.ts" name="orchestratorStore &gt; initial state &gt; defaults to claude-code enabled" time="0.004208729">
        </testcase>
        <testcase classname="src/renderer/stores/orchestratorStore.test.ts" name="orchestratorStore &gt; initial state &gt; starts with empty orchestrator list" time="0.000525808">
        </testcase>
        <testcase classname="src/renderer/stores/orchestratorStore.test.ts" name="orchestratorStore &gt; loadSettings &gt; loads enabled list and orchestrators" time="0.001793126">
        </testcase>
        <testcase classname="src/renderer/stores/orchestratorStore.test.ts" name="orchestratorStore &gt; loadSettings &gt; falls back to claude-code when settings are null" time="0.000607871">
        </testcase>
        <testcase classname="src/renderer/stores/orchestratorStore.test.ts" name="orchestratorStore &gt; loadSettings &gt; handles API errors gracefully" time="0.000869949">
        </testcase>
        <testcase classname="src/renderer/stores/orchestratorStore.test.ts" name="orchestratorStore &gt; loadSettings &gt; handles non-array orchestrators response" time="0.000452902">
        </testcase>
        <testcase classname="src/renderer/stores/orchestratorStore.test.ts" name="orchestratorStore &gt; setEnabled &gt; enables an orchestrator" time="0.000864418">
        </testcase>
        <testcase classname="src/renderer/stores/orchestratorStore.test.ts" name="orchestratorStore &gt; setEnabled &gt; does not duplicate already enabled orchestrator" time="0.000633448">
        </testcase>
        <testcase classname="src/renderer/stores/orchestratorStore.test.ts" name="orchestratorStore &gt; setEnabled &gt; disables an orchestrator" time="0.000670507">
        </testcase>
        <testcase classname="src/renderer/stores/orchestratorStore.test.ts" name="orchestratorStore &gt; setEnabled &gt; prevents disabling the last orchestrator" time="0.000737031">
        </testcase>
        <testcase classname="src/renderer/stores/orchestratorStore.test.ts" name="orchestratorStore &gt; setEnabled &gt; reverts on save error" time="0.000550484">
        </testcase>
        <testcase classname="src/renderer/stores/orchestratorStore.test.ts" name="orchestratorStore &gt; setEnabled &gt; persists new enabled list" time="0.001238464">
        </testcase>
        <testcase classname="src/renderer/stores/orchestratorStore.test.ts" name="orchestratorStore &gt; getCapabilities &gt; returns capabilities for a known orchestrator" time="0.000344962">
        </testcase>
        <testcase classname="src/renderer/stores/orchestratorStore.test.ts" name="orchestratorStore &gt; getCapabilities &gt; returns undefined for unknown orchestrator" time="0.000252169">
        </testcase>
        <testcase classname="src/renderer/stores/orchestratorStore.test.ts" name="orchestratorStore &gt; checkAllAvailability &gt; checks each orchestrator and stores results" time="0.000393943">
        </testcase>
        <testcase classname="src/renderer/stores/orchestratorStore.test.ts" name="orchestratorStore &gt; checkAllAvailability &gt; handles check failure for individual orchestrator" time="0.000321398">
        </testcase>
        <testcase classname="src/renderer/stores/orchestratorStore.test.ts" name="orchestratorStore &gt; enabled orchestrators (computed inline by consumers) &gt; can be computed by filtering allOrchestrators by enabled list" time="0.000294368">
        </testcase>
        <testcase classname="src/renderer/stores/orchestratorStore.test.ts" name="orchestratorStore &gt; enabled orchestrators (computed inline by consumers) &gt; returns empty when none enabled match" time="0.000234376">
        </testcase>
    </testsuite>
    <testsuite name="src/renderer/stores/panelStore.test.ts" timestamp="2026-03-25T04:47:30.145Z" hostname="runnervm46oaq" tests="23" failures="0" errors="0" skipped="0" time="0.012884967">
        <testcase classname="src/renderer/stores/panelStore.test.ts" name="panelStore &gt; resizes explorer within bounds" time="0.003112799">
        </testcase>
        <testcase classname="src/renderer/stores/panelStore.test.ts" name="panelStore &gt; clamps explorer at max" time="0.000544643">
        </testcase>
        <testcase classname="src/renderer/stores/panelStore.test.ts" name="panelStore &gt; clamps explorer to min when dragged between snap and min" time="0.000552377">
        </testcase>
        <testcase classname="src/renderer/stores/panelStore.test.ts" name="panelStore &gt; auto-collapses explorer only when dragged below snap threshold" time="0.000328391">
        </testcase>
        <testcase classname="src/renderer/stores/panelStore.test.ts" name="panelStore &gt; ignores resize when explorer is collapsed" time="0.000386639">
        </testcase>
        <testcase classname="src/renderer/stores/panelStore.test.ts" name="panelStore &gt; toggles explorer collapse" time="0.000611046">
        </testcase>
        <testcase classname="src/renderer/stores/panelStore.test.ts" name="panelStore &gt; resizes accessory within bounds" time="0.000429268">
        </testcase>
        <testcase classname="src/renderer/stores/panelStore.test.ts" name="panelStore &gt; clamps accessory at max" time="0.000309596">
        </testcase>
        <testcase classname="src/renderer/stores/panelStore.test.ts" name="panelStore &gt; clamps accessory to min when dragged between snap and min" time="0.000714609">
        </testcase>
        <testcase classname="src/renderer/stores/panelStore.test.ts" name="panelStore &gt; auto-collapses accessory only when dragged below snap threshold" time="0.000403881">
        </testcase>
        <testcase classname="src/renderer/stores/panelStore.test.ts" name="panelStore &gt; toggles accessory collapse" time="0.00037596">
        </testcase>
        <testcase classname="src/renderer/stores/panelStore.test.ts" name="panelStore &gt; state reflects resize across actions" time="0.000477708">
        </testcase>
        <testcase classname="src/renderer/stores/panelStore.test.ts" name="panelStore &gt; rail starts unpinned" time="0.000301431">
        </testcase>
        <testcase classname="src/renderer/stores/panelStore.test.ts" name="panelStore &gt; toggleRailPin toggles pinned state" time="0.000232743">
        </testcase>
        <testcase classname="src/renderer/stores/panelStore.test.ts" name="panelStore &gt; rail starts at default width of 200" time="0.000126165">
        </testcase>
        <testcase classname="src/renderer/stores/panelStore.test.ts" name="panelStore &gt; resizeRail adjusts width" time="0.000272186">
        </testcase>
        <testcase classname="src/renderer/stores/panelStore.test.ts" name="panelStore &gt; resizeRail clamps at minimum (140)" time="0.000157674">
        </testcase>
        <testcase classname="src/renderer/stores/panelStore.test.ts" name="panelStore &gt; resizeRail clamps at maximum (400)" time="0.000138628">
        </testcase>
        <testcase classname="src/renderer/stores/panelStore.test.ts" name="panelStore &gt; resizeRail accumulates across multiple calls" time="0.000146472">
        </testcase>
        <testcase classname="src/renderer/stores/panelStore.test.ts" name="panelStore &gt; toggling pin preserves rail width" time="0.000239355">
        </testcase>
        <testcase classname="src/renderer/stores/panelStore.test.ts" name="panelStore &gt; resizeRail with zero delta is a no-op" time="0.000140982">
        </testcase>
        <testcase classname="src/renderer/stores/panelStore.test.ts" name="panelStore &gt; resizeRail with negative delta that would go below min clamps" time="0.000187839">
        </testcase>
        <testcase classname="src/renderer/stores/panelStore.test.ts" name="panelStore &gt; rail pin state is independent of explorer collapse" time="0.000250546">
        </testcase>
    </testsuite>
    <testsuite name="src/renderer/stores/pluginUpdateStore.test.ts" timestamp="2026-03-25T04:47:30.149Z" hostname="runnervm46oaq" tests="20" failures="0" errors="0" skipped="0" time="0.02620674">
        <testcase classname="src/renderer/stores/pluginUpdateStore.test.ts" name="pluginUpdateStore &gt; checkForUpdates &gt; fetches and stores updates" time="0.006806724">
        </testcase>
        <testcase classname="src/renderer/stores/pluginUpdateStore.test.ts" name="pluginUpdateStore &gt; checkForUpdates &gt; sets checking flag during check" time="0.001642045">
        </testcase>
        <testcase classname="src/renderer/stores/pluginUpdateStore.test.ts" name="pluginUpdateStore &gt; checkForUpdates &gt; handles fetch failure gracefully" time="0.000907438">
        </testcase>
        <testcase classname="src/renderer/stores/pluginUpdateStore.test.ts" name="pluginUpdateStore &gt; updatePlugin &gt; calls main process update and hot-reloads on success" time="0.002478191">
        </testcase>
        <testcase classname="src/renderer/stores/pluginUpdateStore.test.ts" name="pluginUpdateStore &gt; updatePlugin &gt; does not hot-reload on failure" time="0.001121767">
        </testcase>
        <testcase classname="src/renderer/stores/pluginUpdateStore.test.ts" name="pluginUpdateStore &gt; updatePlugin &gt; handles exception during update and tracks error" time="0.000916986">
        </testcase>
        <testcase classname="src/renderer/stores/pluginUpdateStore.test.ts" name="pluginUpdateStore &gt; updatePlugin &gt; sets updating phase during update" time="0.00118773">
        </testcase>
        <testcase classname="src/renderer/stores/pluginUpdateStore.test.ts" name="pluginUpdateStore &gt; updateAll &gt; updates all plugins sequentially" time="0.000751919">
        </testcase>
        <testcase classname="src/renderer/stores/pluginUpdateStore.test.ts" name="pluginUpdateStore &gt; dismiss &gt; sets dismissed flag" time="0.000997456">
        </testcase>
        <testcase classname="src/renderer/stores/pluginUpdateStore.test.ts" name="pluginUpdateStore &gt; dismiss &gt; un-dismisses after timeout" time="0.001000832">
        </testcase>
        <testcase classname="src/renderer/stores/pluginUpdateStore.test.ts" name="pluginUpdateStore &gt; dismiss &gt; resets timer on re-dismiss" time="0.000527982">
        </testcase>
        <testcase classname="src/renderer/stores/pluginUpdateStore.test.ts" name="pluginUpdateStore &gt; initPluginUpdateListener &gt; subscribes to status changes" time="0.000357816">
        </testcase>
        <testcase classname="src/renderer/stores/pluginUpdateStore.test.ts" name="pluginUpdateStore &gt; initPluginUpdateListener &gt; updates store when status changes arrive" time="0.000540195">
        </testcase>
        <testcase classname="src/renderer/stores/pluginUpdateStore.test.ts" name="pluginUpdateStore &gt; initPluginUpdateListener &gt; un-dismisses when new updates arrive" time="0.000358658">
        </testcase>
        <testcase classname="src/renderer/stores/pluginUpdateStore.test.ts" name="pluginUpdateStore &gt; initPluginUpdateListener &gt; preserves local updating state when IPC broadcast arrives during active update" time="0.000523004">
        </testcase>
        <testcase classname="src/renderer/stores/pluginUpdateStore.test.ts" name="pluginUpdateStore &gt; initPluginUpdateListener &gt; accepts IPC updating state when no local updates are active" time="0.000363326">
        </testcase>
        <testcase classname="src/renderer/stores/pluginUpdateStore.test.ts" name="pluginUpdateStore &gt; hot-reload error tracking &gt; tracks error when hot-reload fails after successful download" time="0.00096076">
        </testcase>
        <testcase classname="src/renderer/stores/pluginUpdateStore.test.ts" name="pluginUpdateStore &gt; hot-reload error tracking &gt; tracks error when download fails" time="0.000670457">
        </testcase>
        <testcase classname="src/renderer/stores/pluginUpdateStore.test.ts" name="pluginUpdateStore &gt; hot-reload error tracking &gt; clears previous error on retry" time="0.000568297">
        </testcase>
        <testcase classname="src/renderer/stores/pluginUpdateStore.test.ts" name="pluginUpdateStore &gt; hot-reload error tracking &gt; clearUpdateError removes a specific plugin error" time="0.000584798">
        </testcase>
    </testsuite>
    <testsuite name="src/renderer/stores/profileStore.test.ts" timestamp="2026-03-25T04:47:30.152Z" hostname="runnervm46oaq" tests="7" failures="0" errors="0" skipped="0" time="0.013312842">
        <testcase classname="src/renderer/stores/profileStore.test.ts" name="profileStore &gt; initial state &gt; starts with empty profiles" time="0.004396868">
        </testcase>
        <testcase classname="src/renderer/stores/profileStore.test.ts" name="profileStore &gt; loadProfiles &gt; loads profiles from IPC" time="0.000780321">
        </testcase>
        <testcase classname="src/renderer/stores/profileStore.test.ts" name="profileStore &gt; loadProfiles &gt; handles missing profiles field gracefully" time="0.000543551">
        </testcase>
        <testcase classname="src/renderer/stores/profileStore.test.ts" name="profileStore &gt; loadProfiles &gt; handles IPC error gracefully" time="0.000787394">
        </testcase>
        <testcase classname="src/renderer/stores/profileStore.test.ts" name="profileStore &gt; saveProfile &gt; calls IPC and reloads" time="0.002329593">
        </testcase>
        <testcase classname="src/renderer/stores/profileStore.test.ts" name="profileStore &gt; deleteProfile &gt; calls IPC and reloads" time="0.000701514">
        </testcase>
        <testcase classname="src/renderer/stores/profileStore.test.ts" name="profileStore &gt; getProfileEnvKeys &gt; delegates to IPC" time="0.000765925">
        </testcase>
    </testsuite>
    <testsuite name="src/renderer/stores/projectStore.test.ts" timestamp="2026-03-25T04:47:30.154Z" hostname="runnervm46oaq" tests="33" failures="0" errors="0" skipped="0" time="0.025195666">
        <testcase classname="src/renderer/stores/projectStore.test.ts" name="projectStore &gt; initialization &gt; has correct defaults" time="0.004328473">
        </testcase>
        <testcase classname="src/renderer/stores/projectStore.test.ts" name="projectStore &gt; setActiveProject &gt; sets activeProjectId" time="0.000570882">
        </testcase>
        <testcase classname="src/renderer/stores/projectStore.test.ts" name="projectStore &gt; setActiveProject &gt; sets activeProjectId to null" time="0.000304036">
        </testcase>
        <testcase classname="src/renderer/stores/projectStore.test.ts" name="projectStore &gt; setActiveProject &gt; triggers checkGit for unknown project" time="0.002092183">
        </testcase>
        <testcase classname="src/renderer/stores/projectStore.test.ts" name="projectStore &gt; setActiveProject &gt; does not re-check git when status already known" time="0.00064521">
        </testcase>
        <testcase classname="src/renderer/stores/projectStore.test.ts" name="projectStore &gt; setActiveProject &gt; does not check git when setting to null" time="0.000374116">
        </testcase>
        <testcase classname="src/renderer/stores/projectStore.test.ts" name="projectStore &gt; loadProjects &gt; loads projects from IPC and stores them" time="0.000463162">
        </testcase>
        <testcase classname="src/renderer/stores/projectStore.test.ts" name="projectStore &gt; loadProjects &gt; checks git status for every project" time="0.000587143">
        </testcase>
        <testcase classname="src/renderer/stores/projectStore.test.ts" name="projectStore &gt; loadProjects &gt; loads icons for projects that have them" time="0.001188551">
        </testcase>
        <testcase classname="src/renderer/stores/projectStore.test.ts" name="projectStore &gt; addProject &gt; adds a project and sets it active" time="0.001003768">
        </testcase>
        <testcase classname="src/renderer/stores/projectStore.test.ts" name="projectStore &gt; addProject &gt; appends to existing projects" time="0.001036108">
        </testcase>
        <testcase classname="src/renderer/stores/projectStore.test.ts" name="projectStore &gt; removeProject &gt; removes project and cleans up gitStatus and projectIcons" time="0.000861413">
        </testcase>
        <testcase classname="src/renderer/stores/projectStore.test.ts" name="projectStore &gt; removeProject &gt; falls back to first remaining project when active is removed" time="0.000303154">
        </testcase>
        <testcase classname="src/renderer/stores/projectStore.test.ts" name="projectStore &gt; removeProject &gt; sets activeProjectId to null when all projects removed" time="0.000262699">
        </testcase>
        <testcase classname="src/renderer/stores/projectStore.test.ts" name="projectStore &gt; removeProject &gt; keeps activeProjectId when a non-active project is removed" time="0.000302693">
        </testcase>
        <testcase classname="src/renderer/stores/projectStore.test.ts" name="projectStore &gt; pickAndAddProject &gt; returns null when user cancels directory picker" time="0.000388152">
        </testcase>
        <testcase classname="src/renderer/stores/projectStore.test.ts" name="projectStore &gt; pickAndAddProject &gt; adds project when directory is picked" time="0.000372853">
        </testcase>
        <testcase classname="src/renderer/stores/projectStore.test.ts" name="projectStore &gt; checkGit &gt; stores git status for a project" time="0.000359479">
        </testcase>
        <testcase classname="src/renderer/stores/projectStore.test.ts" name="projectStore &gt; checkGit &gt; preserves existing git statuses" time="0.000316729">
        </testcase>
        <testcase classname="src/renderer/stores/projectStore.test.ts" name="projectStore &gt; gitInit &gt; sets git status to true on success" time="0.000391549">
        </testcase>
        <testcase classname="src/renderer/stores/projectStore.test.ts" name="projectStore &gt; gitInit &gt; does not update status on failure" time="0.000311489">
        </testcase>
        <testcase classname="src/renderer/stores/projectStore.test.ts" name="projectStore &gt; updateProject &gt; updates projects from IPC response" time="0.000860601">
        </testcase>
        <testcase classname="src/renderer/stores/projectStore.test.ts" name="projectStore &gt; updateProject &gt; clears icon cache when icon is removed" time="0.000353678">
        </testcase>
        <testcase classname="src/renderer/stores/projectStore.test.ts" name="projectStore &gt; updateProject &gt; keeps icon cache when icon is not removed" time="0.000377402">
        </testcase>
        <testcase classname="src/renderer/stores/projectStore.test.ts" name="projectStore &gt; pickProjectIcon &gt; does nothing when pick is cancelled" time="0.000361934">
        </testcase>
        <testcase classname="src/renderer/stores/projectStore.test.ts" name="projectStore &gt; pickProjectIcon &gt; reloads projects and icon on success" time="0.000417357">
        </testcase>
        <testcase classname="src/renderer/stores/projectStore.test.ts" name="projectStore &gt; pickProjectImage &gt; delegates to IPC" time="0.000265373">
        </testcase>
        <testcase classname="src/renderer/stores/projectStore.test.ts" name="projectStore &gt; saveCroppedProjectIcon &gt; does nothing when save returns no filename" time="0.000335013">
        </testcase>
        <testcase classname="src/renderer/stores/projectStore.test.ts" name="projectStore &gt; saveCroppedProjectIcon &gt; reloads projects and caches data URL directly" time="0.000387882">
        </testcase>
        <testcase classname="src/renderer/stores/projectStore.test.ts" name="projectStore &gt; reorderProjects &gt; updates projects from IPC response" time="0.000592853">
        </testcase>
        <testcase classname="src/renderer/stores/projectStore.test.ts" name="projectStore &gt; loadProjectIcon &gt; loads icon into cache" time="0.000276003">
        </testcase>
        <testcase classname="src/renderer/stores/projectStore.test.ts" name="projectStore &gt; loadProjectIcon &gt; does nothing when project has no icon" time="0.000312932">
        </testcase>
        <testcase classname="src/renderer/stores/projectStore.test.ts" name="projectStore &gt; loadProjectIcon &gt; does nothing when readIcon returns null" time="0.000271354">
        </testcase>
    </testsuite>
    <testsuite name="src/renderer/stores/quickAgentStore.test.ts" timestamp="2026-03-25T04:47:30.159Z" hostname="runnervm46oaq" tests="21" failures="0" errors="0" skipped="0" time="0.020081786">
        <testcase classname="src/renderer/stores/quickAgentStore.test.ts" name="quickAgentStore &gt; initialization &gt; has correct defaults" time="0.003740658">
        </testcase>
        <testcase classname="src/renderer/stores/quickAgentStore.test.ts" name="quickAgentStore &gt; loadCompleted &gt; loads records from localStorage" time="0.000959876">
        </testcase>
        <testcase classname="src/renderer/stores/quickAgentStore.test.ts" name="quickAgentStore &gt; loadCompleted &gt; returns empty array when localStorage is empty" time="0.000416224">
        </testcase>
        <testcase classname="src/renderer/stores/quickAgentStore.test.ts" name="quickAgentStore &gt; loadCompleted &gt; returns empty array on malformed JSON" time="0.000574689">
        </testcase>
        <testcase classname="src/renderer/stores/quickAgentStore.test.ts" name="quickAgentStore &gt; loadCompleted &gt; preserves records for other projects" time="0.000481947">
        </testcase>
        <testcase classname="src/renderer/stores/quickAgentStore.test.ts" name="quickAgentStore &gt; addCompleted &gt; prepends new record" time="0.001745537">
        </testcase>
        <testcase classname="src/renderer/stores/quickAgentStore.test.ts" name="quickAgentStore &gt; addCompleted &gt; persists to localStorage" time="0.002254924">
        </testcase>
        <testcase classname="src/renderer/stores/quickAgentStore.test.ts" name="quickAgentStore &gt; addCompleted &gt; handles || [] fallback when project has no prior records" time="0.000401036">
        </testcase>
        <testcase classname="src/renderer/stores/quickAgentStore.test.ts" name="quickAgentStore &gt; dismissCompleted &gt; removes a record by id" time="0.001114233">
        </testcase>
        <testcase classname="src/renderer/stores/quickAgentStore.test.ts" name="quickAgentStore &gt; dismissCompleted &gt; persists updated list to localStorage" time="0.000637366">
        </testcase>
        <testcase classname="src/renderer/stores/quickAgentStore.test.ts" name="quickAgentStore &gt; dismissCompleted &gt; handles || [] fallback when project key is missing" time="0.000438476">
        </testcase>
        <testcase classname="src/renderer/stores/quickAgentStore.test.ts" name="quickAgentStore &gt; clearCompleted &gt; clears all records for a project" time="0.00032767">
        </testcase>
        <testcase classname="src/renderer/stores/quickAgentStore.test.ts" name="quickAgentStore &gt; clearCompleted &gt; persists empty array to localStorage" time="0.000239616">
        </testcase>
        <testcase classname="src/renderer/stores/quickAgentStore.test.ts" name="quickAgentStore &gt; clearCompleted &gt; does not affect other projects" time="0.0003602">
        </testcase>
        <testcase classname="src/renderer/stores/quickAgentStore.test.ts" name="quickAgentStore &gt; selectCompleted &gt; sets selectedCompletedId" time="0.000223435">
        </testcase>
        <testcase classname="src/renderer/stores/quickAgentStore.test.ts" name="quickAgentStore &gt; selectCompleted &gt; clears selectedCompletedId" time="0.000200162">
        </testcase>
        <testcase classname="src/renderer/stores/quickAgentStore.test.ts" name="quickAgentStore &gt; selector stability &gt; returns the same array reference for unchanged project records" time="0.00021498">
        </testcase>
        <testcase classname="src/renderer/stores/quickAgentStore.test.ts" name="quickAgentStore &gt; selector stability &gt; returns a new array reference after mutation" time="0.000466648">
        </testcase>
        <testcase classname="src/renderer/stores/quickAgentStore.test.ts" name="quickAgentStore &gt; || [] fallback edge cases &gt; addCompleted with completely empty state does not throw" time="0.001036138">
        </testcase>
        <testcase classname="src/renderer/stores/quickAgentStore.test.ts" name="quickAgentStore &gt; || [] fallback edge cases &gt; dismissCompleted with completely empty state does not throw" time="0.000411926">
        </testcase>
        <testcase classname="src/renderer/stores/quickAgentStore.test.ts" name="quickAgentStore &gt; || [] fallback edge cases &gt; fallback produces a fresh array that does not alias state" time="0.000570391">
        </testcase>
    </testsuite>
    <testsuite name="src/renderer/stores/remoteProjectStore.test.ts" timestamp="2026-03-25T04:47:30.162Z" hostname="runnervm46oaq" tests="35" failures="0" errors="0" skipped="0" time="0.021653318">
        <testcase classname="src/renderer/stores/remoteProjectStore.test.ts" name="remoteProjectStore &gt; namespacedAgentId &gt; produces remote||satelliteId||agentId format" time="0.002638599">
        </testcase>
        <testcase classname="src/renderer/stores/remoteProjectStore.test.ts" name="remoteProjectStore &gt; parseNamespacedId &gt; parses valid namespaced ID" time="0.0012581">
        </testcase>
        <testcase classname="src/renderer/stores/remoteProjectStore.test.ts" name="remoteProjectStore &gt; parseNamespacedId &gt; correctly parses fingerprints with colons as satelliteId" time="0.00084427">
        </testcase>
        <testcase classname="src/renderer/stores/remoteProjectStore.test.ts" name="remoteProjectStore &gt; parseNamespacedId &gt; returns null for non-namespaced ID" time="0.000536488">
        </testcase>
        <testcase classname="src/renderer/stores/remoteProjectStore.test.ts" name="remoteProjectStore &gt; parseNamespacedId &gt; returns null for old colon-separated format" time="0.000377021">
        </testcase>
        <testcase classname="src/renderer/stores/remoteProjectStore.test.ts" name="remoteProjectStore &gt; isRemoteAgentId &gt; returns true for remote IDs" time="0.000212165">
        </testcase>
        <testcase classname="src/renderer/stores/remoteProjectStore.test.ts" name="remoteProjectStore &gt; isRemoteAgentId &gt; returns false for local IDs" time="0.000159907">
        </testcase>
        <testcase classname="src/renderer/stores/remoteProjectStore.test.ts" name="remoteProjectStore &gt; isRemoteProjectId &gt; returns true for remote project IDs" time="0.000194943">
        </testcase>
        <testcase classname="src/renderer/stores/remoteProjectStore.test.ts" name="remoteProjectStore &gt; isRemoteProjectId &gt; returns false for local project IDs" time="0.000537019">
        </testcase>
        <testcase classname="src/renderer/stores/remoteProjectStore.test.ts" name="remoteProjectStore &gt; applySatelliteSnapshot &gt; namespaces project IDs" time="0.002125925">
        </testcase>
        <testcase classname="src/renderer/stores/remoteProjectStore.test.ts" name="remoteProjectStore &gt; applySatelliteSnapshot &gt; namespaces agent IDs and includes projectId" time="0.00053765">
        </testcase>
        <testcase classname="src/renderer/stores/remoteProjectStore.test.ts" name="remoteProjectStore &gt; applySatelliteSnapshot &gt; computes plugin match state from snapshot plugins" time="0.000684424">
        </testcase>
        <testcase classname="src/renderer/stores/remoteProjectStore.test.ts" name="remoteProjectStore &gt; applySatelliteSnapshot &gt; stores project icon data URLs with namespaced keys" time="0.000276925">
        </testcase>
        <testcase classname="src/renderer/stores/remoteProjectStore.test.ts" name="remoteProjectStore &gt; applySatelliteSnapshot &gt; stores agent icon data URLs with namespaced keys" time="0.000228555">
        </testcase>
        <testcase classname="src/renderer/stores/remoteProjectStore.test.ts" name="remoteProjectStore &gt; applySatelliteSnapshot &gt; replaces previous satellite data on re-snapshot" time="0.000866501">
        </testcase>
        <testcase classname="src/renderer/stores/remoteProjectStore.test.ts" name="remoteProjectStore &gt; applySatelliteSnapshot &gt; applies agentsMeta detailed statuses from snapshot" time="0.00047842">
        </testcase>
        <testcase classname="src/renderer/stores/remoteProjectStore.test.ts" name="remoteProjectStore &gt; applySatelliteSnapshot &gt; clears old detailed statuses on re-snapshot" time="0.000438977">
        </testcase>
        <testcase classname="src/renderer/stores/remoteProjectStore.test.ts" name="remoteProjectStore &gt; applySatelliteSnapshot &gt; propagates annexEnabled from snapshot plugins" time="0.000337107">
        </testcase>
        <testcase classname="src/renderer/stores/remoteProjectStore.test.ts" name="remoteProjectStore &gt; applySatelliteSnapshot &gt; defaults annexEnabled to false for old satellites without the field" time="0.000215201">
        </testcase>
        <testcase classname="src/renderer/stores/remoteProjectStore.test.ts" name="remoteProjectStore &gt; applySatelliteSnapshot &gt; tracks source field as builtin for built-in plugins" time="0.000202777">
        </testcase>
        <testcase classname="src/renderer/stores/remoteProjectStore.test.ts" name="remoteProjectStore &gt; applySatelliteSnapshot &gt; tracks source field as community for 3P plugins" time="0.000244566">
        </testcase>
        <testcase classname="src/renderer/stores/remoteProjectStore.test.ts" name="remoteProjectStore &gt; applySatelliteSnapshot &gt; does not set source for missing plugins" time="0.000222714">
        </testcase>
        <testcase classname="src/renderer/stores/remoteProjectStore.test.ts" name="remoteProjectStore &gt; applySatelliteSnapshot &gt; keeps other satellites data when updating one" time="0.000471186">
        </testcase>
        <testcase classname="src/renderer/stores/remoteProjectStore.test.ts" name="remoteProjectStore &gt; removeSatellite &gt; removes all data for a satellite" time="0.001022992">
        </testcase>
        <testcase classname="src/renderer/stores/remoteProjectStore.test.ts" name="remoteProjectStore &gt; appCanvasState &gt; stores app-level canvas state from snapshot" time="0.000384816">
        </testcase>
        <testcase classname="src/renderer/stores/remoteProjectStore.test.ts" name="remoteProjectStore &gt; appCanvasState &gt; does not overwrite app canvas state when snapshot has no appCanvasState" time="0.000308554">
        </testcase>
        <testcase classname="src/renderer/stores/remoteProjectStore.test.ts" name="remoteProjectStore &gt; appCanvasState &gt; cleans up app canvas state on removeSatellite" time="0.000261076">
        </testcase>
        <testcase classname="src/renderer/stores/remoteProjectStore.test.ts" name="remoteProjectStore &gt; getAllRemoteProjects &gt; returns flattened projects from all satellites" time="0.000407628">
        </testcase>
        <testcase classname="src/renderer/stores/remoteProjectStore.test.ts" name="remoteProjectStore &gt; updateRemoteAgentStatus &gt; stores detailed status keyed by namespaced ID" time="0.000331546">
        </testcase>
        <testcase classname="src/renderer/stores/remoteProjectStore.test.ts" name="remoteProjectStore &gt; updateRemoteAgentStatus &gt; overwrites previous status for the same agent" time="0.000195985">
        </testcase>
        <testcase classname="src/renderer/stores/remoteProjectStore.test.ts" name="remoteProjectStore &gt; updateRemoteAgentRunState &gt; updates agent status from sleeping to running" time="0.000322009">
        </testcase>
        <testcase classname="src/renderer/stores/remoteProjectStore.test.ts" name="remoteProjectStore &gt; updateRemoteAgentRunState &gt; updates agent status from running to sleeping" time="0.000248472">
        </testcase>
        <testcase classname="src/renderer/stores/remoteProjectStore.test.ts" name="remoteProjectStore &gt; updateRemoteAgentRunState &gt; is a no-op for unknown agent IDs" time="0.000204681">
        </testcase>
        <testcase classname="src/renderer/stores/remoteProjectStore.test.ts" name="remoteProjectStore &gt; updateRemoteAgentRunState &gt; preserves other agent fields when updating status" time="0.000281254">
        </testcase>
        <testcase classname="src/renderer/stores/remoteProjectStore.test.ts" name="remoteProjectStore &gt; upsertRemoteAgent &gt; uses canonical || namespace format for projectId" time="0.000346305">
        </testcase>
    </testsuite>
    <testsuite name="src/renderer/stores/sessionSettingsStore.test.ts" timestamp="2026-03-25T04:47:30.168Z" hostname="runnervm46oaq" tests="14" failures="0" errors="0" skipped="0" time="0.028922537">
        <testcase classname="src/renderer/stores/sessionSettingsStore.test.ts" name="sessionSettingsStore &gt; loadSettings &gt; loads settings from IPC" time="0.010124963">
        </testcase>
        <testcase classname="src/renderer/stores/sessionSettingsStore.test.ts" name="sessionSettingsStore &gt; loadSettings &gt; uses defaults when IPC fails" time="0.00081726">
        </testcase>
        <testcase classname="src/renderer/stores/sessionSettingsStore.test.ts" name="sessionSettingsStore &gt; setPromptForName &gt; updates app-level default" time="0.004802854">
        </testcase>
        <testcase classname="src/renderer/stores/sessionSettingsStore.test.ts" name="sessionSettingsStore &gt; setPromptForName &gt; reverts on save failure" time="0.000539463">
        </testcase>
        <testcase classname="src/renderer/stores/sessionSettingsStore.test.ts" name="sessionSettingsStore &gt; shouldPrompt &gt; returns app default when no project override" time="0.000480364">
        </testcase>
        <testcase classname="src/renderer/stores/sessionSettingsStore.test.ts" name="sessionSettingsStore &gt; shouldPrompt &gt; returns project override when set" time="0.000449346">
        </testcase>
        <testcase classname="src/renderer/stores/sessionSettingsStore.test.ts" name="sessionSettingsStore &gt; shouldPrompt &gt; returns app default when no project path" time="0.000309155">
        </testcase>
        <testcase classname="src/renderer/stores/sessionSettingsStore.test.ts" name="sessionSettingsStore &gt; setProjectOverride &gt; sets a project override" time="0.003284158">
        </testcase>
        <testcase classname="src/renderer/stores/sessionSettingsStore.test.ts" name="sessionSettingsStore &gt; setProjectOverride &gt; reverts on save failure" time="0.001553049">
        </testcase>
        <testcase classname="src/renderer/stores/sessionSettingsStore.test.ts" name="sessionSettingsStore &gt; clearProjectOverride &gt; removes a project override" time="0.000681588">
        </testcase>
        <testcase classname="src/renderer/stores/sessionSettingsStore.test.ts" name="sessionSettingsStore &gt; clearProjectOverride &gt; reverts on save failure" time="0.000541077">
        </testcase>
        <testcase classname="src/renderer/stores/sessionSettingsStore.test.ts" name="sessionSettingsStore &gt; race condition prevention &gt; setPromptForName saves with pre-snapshot projectOverrides" time="0.00109143">
        </testcase>
        <testcase classname="src/renderer/stores/sessionSettingsStore.test.ts" name="sessionSettingsStore &gt; race condition prevention &gt; setProjectOverride saves with pre-snapshot promptForName" time="0.000553379">
        </testcase>
        <testcase classname="src/renderer/stores/sessionSettingsStore.test.ts" name="sessionSettingsStore &gt; race condition prevention &gt; clearProjectOverride saves with pre-snapshot promptForName" time="0.000556966">
        </testcase>
    </testsuite>
    <testsuite name="src/renderer/stores/settings-store-factory.test.ts" timestamp="2026-03-25T04:47:30.170Z" hostname="runnervm46oaq" tests="13" failures="0" errors="0" skipped="0" time="0.015668634">
        <testcase classname="src/renderer/stores/settings-store-factory.test.ts" name="settings-store-factory &gt; initial state &gt; starts with definition defaults" time="0.003786253">
        </testcase>
        <testcase classname="src/renderer/stores/settings-store-factory.test.ts" name="settings-store-factory &gt; initial state &gt; starts with loaded = false" time="0.000426193">
        </testcase>
        <testcase classname="src/renderer/stores/settings-store-factory.test.ts" name="settings-store-factory &gt; initial state &gt; provides loadSettings and saveSettings methods" time="0.000456519">
        </testcase>
        <testcase classname="src/renderer/stores/settings-store-factory.test.ts" name="settings-store-factory &gt; loadSettings &gt; fetches settings via the generic bridge" time="0.002318853">
        </testcase>
        <testcase classname="src/renderer/stores/settings-store-factory.test.ts" name="settings-store-factory &gt; loadSettings &gt; sets loaded = true after successful load" time="0.000476817">
        </testcase>
        <testcase classname="src/renderer/stores/settings-store-factory.test.ts" name="settings-store-factory &gt; loadSettings &gt; keeps defaults when bridge returns null" time="0.000484511">
        </testcase>
        <testcase classname="src/renderer/stores/settings-store-factory.test.ts" name="settings-store-factory &gt; loadSettings &gt; keeps defaults on error and sets loaded" time="0.000592122">
        </testcase>
        <testcase classname="src/renderer/stores/settings-store-factory.test.ts" name="settings-store-factory &gt; loadSettings &gt; merges partial settings with defaults" time="0.00033887">
        </testcase>
        <testcase classname="src/renderer/stores/settings-store-factory.test.ts" name="settings-store-factory &gt; saveSettings &gt; optimistically updates store state" time="0.000959344">
        </testcase>
        <testcase classname="src/renderer/stores/settings-store-factory.test.ts" name="settings-store-factory &gt; saveSettings &gt; persists full settings via the generic bridge" time="0.001213628">
        </testcase>
        <testcase classname="src/renderer/stores/settings-store-factory.test.ts" name="settings-store-factory &gt; saveSettings &gt; reverts on save error" time="0.000696726">
        </testcase>
        <testcase classname="src/renderer/stores/settings-store-factory.test.ts" name="settings-store-factory &gt; saveSettings &gt; preserves unchanged fields during partial update" time="0.000638979">
        </testcase>
        <testcase classname="src/renderer/stores/settings-store-factory.test.ts" name="settings-store-factory &gt; multiple stores &gt; different definitions produce independent stores" time="0.000316669">
        </testcase>
    </testsuite>
    <testsuite name="src/renderer/stores/soundStore.test.ts" timestamp="2026-03-25T04:47:30.172Z" hostname="runnervm46oaq" tests="28" failures="0" errors="0" skipped="0" time="0.022969154">
        <testcase classname="src/renderer/stores/soundStore.test.ts" name="soundStore &gt; loadSettings &gt; loads settings from IPC" time="0.004083676">
        </testcase>
        <testcase classname="src/renderer/stores/soundStore.test.ts" name="soundStore &gt; saveSettings &gt; merges partial settings and persists" time="0.003443204">
        </testcase>
        <testcase classname="src/renderer/stores/soundStore.test.ts" name="soundStore &gt; saveSettings &gt; does nothing when settings not loaded" time="0.000558909">
        </testcase>
        <testcase classname="src/renderer/stores/soundStore.test.ts" name="soundStore &gt; loadPacks &gt; loads packs from IPC" time="0.000540435">
        </testcase>
        <testcase classname="src/renderer/stores/soundStore.test.ts" name="soundStore &gt; importPack &gt; refreshes pack list after import" time="0.000594526">
        </testcase>
        <testcase classname="src/renderer/stores/soundStore.test.ts" name="soundStore &gt; importPack &gt; returns null when import is cancelled" time="0.000379727">
        </testcase>
        <testcase classname="src/renderer/stores/soundStore.test.ts" name="soundStore &gt; deletePack &gt; clears cache and refreshes after delete" time="0.000842297">
        </testcase>
        <testcase classname="src/renderer/stores/soundStore.test.ts" name="soundStore &gt; playSound &gt; does nothing when settings not loaded" time="0.00037627">
        </testcase>
        <testcase classname="src/renderer/stores/soundStore.test.ts" name="soundStore &gt; playSound &gt; does nothing when event is disabled" time="0.000907498">
        </testcase>
        <testcase classname="src/renderer/stores/soundStore.test.ts" name="soundStore &gt; playSound &gt; does nothing when no slot assignment exists (OS default)" time="0.000449056">
        </testcase>
        <testcase classname="src/renderer/stores/soundStore.test.ts" name="soundStore &gt; playSound &gt; plays sound from assigned slot pack" time="0.00081176">
        </testcase>
        <testcase classname="src/renderer/stores/soundStore.test.ts" name="soundStore &gt; playSound &gt; uses per-slot assignment (mix-and-match)" time="0.000682139">
        </testcase>
        <testcase classname="src/renderer/stores/soundStore.test.ts" name="soundStore &gt; playSound &gt; uses project override slot assignment when available" time="0.000382962">
        </testcase>
        <testcase classname="src/renderer/stores/soundStore.test.ts" name="soundStore &gt; playSound &gt; falls back to global slot when project has no override for that slot" time="0.000428036">
        </testcase>
        <testcase classname="src/renderer/stores/soundStore.test.ts" name="soundStore &gt; playSound &gt; caches sound data after first load" time="0.000351123">
        </testcase>
        <testcase classname="src/renderer/stores/soundStore.test.ts" name="soundStore &gt; playSound &gt; updates soundCache via set() without directly mutating state" time="0.000544212">
        </testcase>
        <testcase classname="src/renderer/stores/soundStore.test.ts" name="soundStore &gt; playSound &gt; plays new event types" time="0.000412096">
        </testcase>
        <testcase classname="src/renderer/stores/soundStore.test.ts" name="soundStore &gt; previewSound &gt; plays preview from specified pack" time="0.000466778">
        </testcase>
        <testcase classname="src/renderer/stores/soundStore.test.ts" name="soundStore &gt; applyAllFromPack &gt; sets all slots to the same pack" time="0.00072545">
        </testcase>
        <testcase classname="src/renderer/stores/soundStore.test.ts" name="soundStore &gt; applyAllFromPack &gt; does nothing when settings not loaded" time="0.000249193">
        </testcase>
        <testcase classname="src/renderer/stores/soundStore.test.ts" name="mapNotificationToSoundEvent &gt; maps stop to agent-done" time="0.000256497">
        </testcase>
        <testcase classname="src/renderer/stores/soundStore.test.ts" name="mapNotificationToSoundEvent &gt; maps tool_error to error" time="0.000159196">
        </testcase>
        <testcase classname="src/renderer/stores/soundStore.test.ts" name="mapNotificationToSoundEvent &gt; maps permission_request to permission" time="0.000170197">
        </testcase>
        <testcase classname="src/renderer/stores/soundStore.test.ts" name="mapNotificationToSoundEvent &gt; maps notification to notification" time="0.00016623">
        </testcase>
        <testcase classname="src/renderer/stores/soundStore.test.ts" name="mapNotificationToSoundEvent &gt; returns null for unknown events" time="0.000202246">
        </testcase>
        <testcase classname="src/renderer/stores/soundStore.test.ts" name="hasAnyCustomPack &gt; returns false when no slots assigned" time="0.000263991">
        </testcase>
        <testcase classname="src/renderer/stores/soundStore.test.ts" name="hasAnyCustomPack &gt; returns true when at least one slot is assigned" time="0.000300569">
        </testcase>
        <testcase classname="src/renderer/stores/soundStore.test.ts" name="hasAnyCustomPack &gt; checks project overrides when projectId provided" time="0.000249705">
        </testcase>
    </testsuite>
    <testsuite name="src/renderer/stores/themeStore.test.ts" timestamp="2026-03-25T04:47:30.177Z" hostname="runnervm46oaq" tests="11" failures="0" errors="0" skipped="0" time="0.015375609">
        <testcase classname="src/renderer/stores/themeStore.test.ts" name="themeStore &gt; initialization &gt; defaults to catppuccin-mocha" time="0.003250577">
        </testcase>
        <testcase classname="src/renderer/stores/themeStore.test.ts" name="themeStore &gt; loadTheme &gt; loads theme from IPC settings" time="0.003277957">
        </testcase>
        <testcase classname="src/renderer/stores/themeStore.test.ts" name="themeStore &gt; loadTheme &gt; falls back to catppuccin-mocha when themeId is missing" time="0.000463181">
        </testcase>
        <testcase classname="src/renderer/stores/themeStore.test.ts" name="themeStore &gt; loadTheme &gt; falls back to catppuccin-mocha for unknown theme ID" time="0.000809366">
        </testcase>
        <testcase classname="src/renderer/stores/themeStore.test.ts" name="themeStore &gt; loadTheme &gt; falls back to catppuccin-mocha when getTheme returns null" time="0.000585169">
        </testcase>
        <testcase classname="src/renderer/stores/themeStore.test.ts" name="themeStore &gt; loadTheme &gt; applies default theme on error" time="0.000575991">
        </testcase>
        <testcase classname="src/renderer/stores/themeStore.test.ts" name="themeStore &gt; setTheme &gt; applies and persists a valid theme" time="0.001029636">
        </testcase>
        <testcase classname="src/renderer/stores/themeStore.test.ts" name="themeStore &gt; setTheme &gt; does nothing for an unknown theme ID" time="0.000507905">
        </testcase>
        <testcase classname="src/renderer/stores/themeStore.test.ts" name="themeStore &gt; setTheme &gt; can switch through all available themes" time="0.001304296">
        </testcase>
        <testcase classname="src/renderer/stores/themeStore.test.ts" name="themeStore &gt; selector stability &gt; theme reference is stable when themeId is unchanged" time="0.000346965">
        </testcase>
        <testcase classname="src/renderer/stores/themeStore.test.ts" name="themeStore &gt; selector stability &gt; theme reference from THEMES map is used directly (no copies)" time="0.000399372">
        </testcase>
    </testsuite>
    <testsuite name="src/renderer/stores/toastStore.test.ts" timestamp="2026-03-25T04:47:30.179Z" hostname="runnervm46oaq" tests="8" failures="0" errors="0" skipped="0" time="0.012272067">
        <testcase classname="src/renderer/stores/toastStore.test.ts" name="toastStore &gt; starts with an empty toast list" time="0.003668503">
        </testcase>
        <testcase classname="src/renderer/stores/toastStore.test.ts" name="toastStore &gt; addToast appends a toast with a unique id" time="0.002348138">
        </testcase>
        <testcase classname="src/renderer/stores/toastStore.test.ts" name="toastStore &gt; addToast supports info type" time="0.000564671">
        </testcase>
        <testcase classname="src/renderer/stores/toastStore.test.ts" name="toastStore &gt; addToast assigns unique ids to multiple toasts" time="0.000954184">
        </testcase>
        <testcase classname="src/renderer/stores/toastStore.test.ts" name="toastStore &gt; removeToast removes only the specified toast" time="0.000733444">
        </testcase>
        <testcase classname="src/renderer/stores/toastStore.test.ts" name="toastStore &gt; removeToast is a no-op for unknown id" time="0.000525067">
        </testcase>
        <testcase classname="src/renderer/stores/toastStore.test.ts" name="toastStore &gt; addToast deduplicates by message and type" time="0.000485654">
        </testcase>
        <testcase classname="src/renderer/stores/toastStore.test.ts" name="toastStore &gt; addToast allows same message with different type" time="0.000382952">
        </testcase>
    </testsuite>
    <testsuite name="src/renderer/stores/uiStore.test.ts" timestamp="2026-03-25T04:47:30.180Z" hostname="runnervm46oaq" tests="27" failures="0" errors="0" skipped="0" time="0.021948709">
        <testcase classname="src/renderer/stores/uiStore.test.ts" name="uiStore &gt; settingsSubPage default &gt; defaults to display" time="0.002944457">
        </testcase>
        <testcase classname="src/renderer/stores/uiStore.test.ts" name="uiStore &gt; toggleSettings &gt; enters settings mode and saves previous tab" time="0.000738283">
        </testcase>
        <testcase classname="src/renderer/stores/uiStore.test.ts" name="uiStore &gt; toggleSettings &gt; exits settings mode and restores previous tab" time="0.000412267">
        </testcase>
        <testcase classname="src/renderer/stores/uiStore.test.ts" name="uiStore &gt; toggleSettings &gt; falls back to agents when no previous tab saved" time="0.00070391">
        </testcase>
        <testcase classname="src/renderer/stores/uiStore.test.ts" name="uiStore &gt; toggleSettings &gt; round-trips correctly" time="0.000583806">
        </testcase>
        <testcase classname="src/renderer/stores/uiStore.test.ts" name="uiStore &gt; toggleHelp &gt; enters help mode and saves previous tab" time="0.000495031">
        </testcase>
        <testcase classname="src/renderer/stores/uiStore.test.ts" name="uiStore &gt; toggleHelp &gt; exits help mode and restores previous tab" time="0.002754343">
        </testcase>
        <testcase classname="src/renderer/stores/uiStore.test.ts" name="uiStore &gt; toggleHelp &gt; setHelpSection resets topic" time="0.000393331">
        </testcase>
        <testcase classname="src/renderer/stores/uiStore.test.ts" name="uiStore &gt; toggleHelp &gt; setHelpTopic updates topic" time="0.000719178">
        </testcase>
        <testcase classname="src/renderer/stores/uiStore.test.ts" name="uiStore &gt; per-project tab persistence &gt; setExplorerTab with projectId saves to projectExplorerTab" time="0.000474844">
        </testcase>
        <testcase classname="src/renderer/stores/uiStore.test.ts" name="uiStore &gt; per-project tab persistence &gt; setExplorerTab without projectId does not save to projectExplorerTab" time="0.001028363">
        </testcase>
        <testcase classname="src/renderer/stores/uiStore.test.ts" name="uiStore &gt; per-project tab persistence &gt; setExplorerTab with settings tab does not save to projectExplorerTab" time="0.000286664">
        </testcase>
        <testcase classname="src/renderer/stores/uiStore.test.ts" name="uiStore &gt; per-project tab persistence &gt; setExplorerTab with help tab does not save to projectExplorerTab" time="0.000230088">
        </testcase>
        <testcase classname="src/renderer/stores/uiStore.test.ts" name="uiStore &gt; per-project tab persistence &gt; setExplorerTab saves plugin tabs to projectExplorerTab" time="0.00023634">
        </testcase>
        <testcase classname="src/renderer/stores/uiStore.test.ts" name="uiStore &gt; per-project tab persistence &gt; restoreProjectView restores saved tab" time="0.000245998">
        </testcase>
        <testcase classname="src/renderer/stores/uiStore.test.ts" name="uiStore &gt; per-project tab persistence &gt; restoreProjectView defaults to agents when no saved tab" time="0.00024179">
        </testcase>
        <testcase classname="src/renderer/stores/uiStore.test.ts" name="uiStore &gt; per-project tab persistence &gt; different projects maintain independent tabs" time="0.000313504">
        </testcase>
        <testcase classname="src/renderer/stores/uiStore.test.ts" name="uiStore &gt; openAbout &gt; opens settings to about page and saves previous tab" time="0.000346184">
        </testcase>
        <testcase classname="src/renderer/stores/uiStore.test.ts" name="uiStore &gt; openAbout &gt; preserves previous tab when coming from a plugin tab" time="0.000251397">
        </testcase>
        <testcase classname="src/renderer/stores/uiStore.test.ts" name="uiStore &gt; quickAgentDialog &gt; starts closed" time="0.000231882">
        </testcase>
        <testcase classname="src/renderer/stores/uiStore.test.ts" name="uiStore &gt; quickAgentDialog &gt; openQuickAgentDialog sets dialog open" time="0.000231991">
        </testcase>
        <testcase classname="src/renderer/stores/uiStore.test.ts" name="uiStore &gt; quickAgentDialog &gt; closeQuickAgentDialog sets dialog closed" time="0.000252279">
        </testcase>
        <testcase classname="src/renderer/stores/uiStore.test.ts" name="uiStore &gt; settingsContext &gt; defaults to app" time="0.000197898">
        </testcase>
        <testcase classname="src/renderer/stores/uiStore.test.ts" name="uiStore &gt; settingsContext &gt; switching to app context sets subPage to orchestrators" time="0.000808273">
        </testcase>
        <testcase classname="src/renderer/stores/uiStore.test.ts" name="uiStore &gt; settingsContext &gt; switching to project context sets subPage to project" time="0.000202176">
        </testcase>
        <testcase classname="src/renderer/stores/uiStore.test.ts" name="uiStore &gt; settingsContext &gt; toggleSettings resets context to app" time="0.000235437">
        </testcase>
        <testcase classname="src/renderer/stores/uiStore.test.ts" name="uiStore &gt; corrupt localStorage &gt; logs a warning when view prefs data is corrupt" time="0.00318763">
        </testcase>
    </testsuite>
    <testsuite name="src/renderer/stores/updateStore.test.ts" timestamp="2026-03-25T04:47:30.185Z" hostname="runnervm46oaq" tests="25" failures="0" errors="0" skipped="0" time="0.027244808">
        <testcase classname="src/renderer/stores/updateStore.test.ts" name="updateStore &gt; initial state &gt; defaults to idle state" time="0.003301732">
        </testcase>
        <testcase classname="src/renderer/stores/updateStore.test.ts" name="updateStore &gt; initial state &gt; defaults to auto-update enabled" time="0.000401837">
        </testcase>
        <testcase classname="src/renderer/stores/updateStore.test.ts" name="updateStore &gt; initial state &gt; defaults to not dismissed" time="0.000411235">
        </testcase>
        <testcase classname="src/renderer/stores/updateStore.test.ts" name="updateStore &gt; initial state &gt; defaults whatsNew to null" time="0.000598794">
        </testcase>
        <testcase classname="src/renderer/stores/updateStore.test.ts" name="updateStore &gt; initial state &gt; defaults artifactUrl to null" time="0.000432995">
        </testcase>
        <testcase classname="src/renderer/stores/updateStore.test.ts" name="updateStore &gt; loadSettings &gt; loads settings and status from IPC" time="0.001142927">
        </testcase>
        <testcase classname="src/renderer/stores/updateStore.test.ts" name="updateStore &gt; loadSettings &gt; keeps defaults on API error" time="0.000601409">
        </testcase>
        <testcase classname="src/renderer/stores/updateStore.test.ts" name="updateStore &gt; loadSettings &gt; handles null settings response" time="0.000425311">
        </testcase>
        <testcase classname="src/renderer/stores/updateStore.test.ts" name="updateStore &gt; saveSettings &gt; updates local state and calls IPC" time="0.002894765">
        </testcase>
        <testcase classname="src/renderer/stores/updateStore.test.ts" name="updateStore &gt; checkForUpdates &gt; calls IPC and updates status" time="0.000582203">
        </testcase>
        <testcase classname="src/renderer/stores/updateStore.test.ts" name="updateStore &gt; checkForUpdates &gt; resets dismissed flag on check" time="0.000584358">
        </testcase>
        <testcase classname="src/renderer/stores/updateStore.test.ts" name="updateStore &gt; dismiss &gt; sets dismissed to true" time="0.002938577">
        </testcase>
        <testcase classname="src/renderer/stores/updateStore.test.ts" name="updateStore &gt; dismiss &gt; re-shows banner after 4 hours" time="0.001695705">
        </testcase>
        <testcase classname="src/renderer/stores/updateStore.test.ts" name="updateStore &gt; dismiss &gt; resets timer on re-dismiss" time="0.000799137">
        </testcase>
        <testcase classname="src/renderer/stores/updateStore.test.ts" name="updateStore &gt; applyUpdate &gt; calls IPC applyUpdate" time="0.000374967">
        </testcase>
        <testcase classname="src/renderer/stores/updateStore.test.ts" name="updateStore &gt; openUpdateDownload &gt; calls openExternalUrl with artifact URL" time="0.000428086">
        </testcase>
        <testcase classname="src/renderer/stores/updateStore.test.ts" name="updateStore &gt; openUpdateDownload &gt; does nothing when artifactUrl is null" time="0.000341004">
        </testcase>
        <testcase classname="src/renderer/stores/updateStore.test.ts" name="updateStore &gt; checkWhatsNew &gt; shows dialog when pending release notes exist for an upgrade" time="0.000742992">
        </testcase>
        <testcase classname="src/renderer/stores/updateStore.test.ts" name="updateStore &gt; checkWhatsNew &gt; does not show dialog when no pending notes" time="0.000372272">
        </testcase>
        <testcase classname="src/renderer/stores/updateStore.test.ts" name="updateStore &gt; checkWhatsNew &gt; cleans up stale file when lastSeenVersion matches current (not an upgrade)" time="0.000308324">
        </testcase>
        <testcase classname="src/renderer/stores/updateStore.test.ts" name="updateStore &gt; dismissWhatsNew &gt; clears dialog state and saves lastSeenVersion" time="0.002422768">
        </testcase>
        <testcase classname="src/renderer/stores/updateStore.test.ts" name="updateStore &gt; initUpdateListener &gt; subscribes to status change events" time="0.000827119">
        </testcase>
        <testcase classname="src/renderer/stores/updateStore.test.ts" name="updateStore &gt; initUpdateListener &gt; updates store when status event fires" time="0.000413409">
        </testcase>
        <testcase classname="src/renderer/stores/updateStore.test.ts" name="updateStore &gt; initUpdateListener &gt; un-dismisses when status becomes ready" time="0.000314445">
        </testcase>
        <testcase classname="src/renderer/stores/updateStore.test.ts" name="updateStore &gt; initUpdateListener &gt; returns cleanup function that is the IPC unsubscribe" time="0.000316479">
        </testcase>
    </testsuite>
    <testsuite name="src/renderer/utils/format.test.ts" timestamp="2026-03-25T04:47:30.189Z" hostname="runnervm46oaq" tests="4" failures="0" errors="0" skipped="0" time="0.005911304">
        <testcase classname="src/renderer/utils/format.test.ts" name="formatDuration &gt; formats sub-minute durations as seconds" time="0.002551125">
        </testcase>
        <testcase classname="src/renderer/utils/format.test.ts" name="formatDuration &gt; formats durations under an hour as minutes and seconds" time="0.000554081">
        </testcase>
        <testcase classname="src/renderer/utils/format.test.ts" name="formatDuration &gt; formats durations over an hour as hours and minutes" time="0.000444056">
        </testcase>
        <testcase classname="src/renderer/utils/format.test.ts" name="formatDuration &gt; rounds seconds correctly" time="0.000249063">
        </testcase>
    </testsuite>
    <testsuite name="src/renderer/utils/safe-markdown-links.test.ts" timestamp="2026-03-25T04:47:30.190Z" hostname="runnervm46oaq" tests="9" failures="0" errors="0" skipped="0" time="0.070339736">
        <testcase classname="src/renderer/utils/safe-markdown-links.test.ts" name="useSafeMarkdownLinks &gt; returns a stable callback" time="0.020954196">
        </testcase>
        <testcase classname="src/renderer/utils/safe-markdown-links.test.ts" name="useSafeMarkdownLinks &gt; does nothing when clicking a non-anchor element" time="0.010136634">
        </testcase>
        <testcase classname="src/renderer/utils/safe-markdown-links.test.ts" name="useSafeMarkdownLinks &gt; prevents default and opens external URL for https links" time="0.01526805">
        </testcase>
        <testcase classname="src/renderer/utils/safe-markdown-links.test.ts" name="useSafeMarkdownLinks &gt; prevents default and opens external URL for http links" time="0.004477087">
        </testcase>
        <testcase classname="src/renderer/utils/safe-markdown-links.test.ts" name="useSafeMarkdownLinks &gt; prevents default and opens external URL for mailto links" time="0.003107681">
        </testcase>
        <testcase classname="src/renderer/utils/safe-markdown-links.test.ts" name="useSafeMarkdownLinks &gt; prevents default but does NOT open external URL for relative links" time="0.002461589">
        </testcase>
        <testcase classname="src/renderer/utils/safe-markdown-links.test.ts" name="useSafeMarkdownLinks &gt; prevents default but does NOT open external URL for anchor links" time="0.002641914">
        </testcase>
        <testcase classname="src/renderer/utils/safe-markdown-links.test.ts" name="useSafeMarkdownLinks &gt; prevents default but does nothing when anchor has no href" time="0.002878915">
        </testcase>
        <testcase classname="src/renderer/utils/safe-markdown-links.test.ts" name="useSafeMarkdownLinks &gt; finds anchor via closest() when clicking child of anchor" time="0.004316329">
        </testcase>
    </testsuite>
    <testsuite name="src/renderer/utils/safe-markdown.test.ts" timestamp="2026-03-25T04:47:30.191Z" hostname="runnervm46oaq" tests="12" failures="0" errors="0" skipped="0" time="0.079044759">
        <testcase classname="src/renderer/utils/safe-markdown.test.ts" name="renderMarkdownSafe &gt; strips script tags" time="0.017227205">
        </testcase>
        <testcase classname="src/renderer/utils/safe-markdown.test.ts" name="renderMarkdownSafe &gt; strips event handlers from img tags" time="0.010952662">
        </testcase>
        <testcase classname="src/renderer/utils/safe-markdown.test.ts" name="renderMarkdownSafe &gt; strips SVG onload handlers" time="0.003499158">
        </testcase>
        <testcase classname="src/renderer/utils/safe-markdown.test.ts" name="renderMarkdownSafe &gt; strips nested injection payloads" time="0.004533162">
        </testcase>
        <testcase classname="src/renderer/utils/safe-markdown.test.ts" name="renderMarkdownSafe &gt; preserves valid markdown rendering" time="0.015354621">
        </testcase>
        <testcase classname="src/renderer/utils/safe-markdown.test.ts" name="renderMarkdownSafe &gt; preserves code blocks with HTML-like content" time="0.0032311">
        </testcase>
        <testcase classname="src/renderer/utils/safe-markdown.test.ts" name="renderMarkdownSafe &gt; strips script content from data URIs" time="0.002122969">
        </testcase>
        <testcase classname="src/renderer/utils/safe-markdown.test.ts" name="renderMarkdownSafe &gt; strips iframe tags" time="0.002441281">
        </testcase>
        <testcase classname="src/renderer/utils/safe-markdown.test.ts" name="renderMarkdownSafe &gt; strips javascript: protocol in links" time="0.003797744">
        </testcase>
        <testcase classname="src/renderer/utils/safe-markdown.test.ts" name="renderMarkdownSafe &gt; preserves tables" time="0.005106518">
        </testcase>
        <testcase classname="src/renderer/utils/safe-markdown.test.ts" name="renderMarkdownSafe &gt; strips style attributes" time="0.006394965">
        </testcase>
        <testcase classname="src/renderer/utils/safe-markdown.test.ts" name="renderMarkdownSafe &gt; handles the PoC from the security report" time="0.001669555">
        </testcase>
    </testsuite>
    <testsuite name="src/renderer/utils/sanitize-svg.test.ts" timestamp="2026-03-25T04:47:30.193Z" hostname="runnervm46oaq" tests="8" failures="0" errors="0" skipped="0" time="0.039655723">
        <testcase classname="src/renderer/utils/sanitize-svg.test.ts" name="sanitizeSvg &gt; passes through safe SVG markup" time="0.017079408">
        </testcase>
        <testcase classname="src/renderer/utils/sanitize-svg.test.ts" name="sanitizeSvg &gt; strips script tags from SVG" time="0.004834595">
        </testcase>
        <testcase classname="src/renderer/utils/sanitize-svg.test.ts" name="sanitizeSvg &gt; strips onload event handler attributes" time="0.002781413">
        </testcase>
        <testcase classname="src/renderer/utils/sanitize-svg.test.ts" name="sanitizeSvg &gt; strips onerror event handler attributes" time="0.002939638">
        </testcase>
        <testcase classname="src/renderer/utils/sanitize-svg.test.ts" name="sanitizeSvg &gt; strips onclick event handler attributes" time="0.002030958">
        </testcase>
        <testcase classname="src/renderer/utils/sanitize-svg.test.ts" name="sanitizeSvg &gt; strips style tags" time="0.00218252">
        </testcase>
        <testcase classname="src/renderer/utils/sanitize-svg.test.ts" name="sanitizeSvg &gt; preserves SVG attributes like fill, stroke, viewBox" time="0.002620324">
        </testcase>
        <testcase classname="src/renderer/utils/sanitize-svg.test.ts" name="sanitizeSvg &gt; strips javascript: URLs in href" time="0.003127537">
        </testcase>
    </testsuite>
    <testsuite name="src/renderer/features/annex/AnnexUnsupportedPlaceholder.test.tsx" timestamp="2026-03-25T04:47:30.195Z" hostname="runnervm46oaq" tests="3" failures="0" errors="0" skipped="0" time="0.065132528">
        <testcase classname="src/renderer/features/annex/AnnexUnsupportedPlaceholder.test.tsx" name="AnnexUnsupportedPlaceholder &gt; renders widget type in the heading" time="0.045673393">
        </testcase>
        <testcase classname="src/renderer/features/annex/AnnexUnsupportedPlaceholder.test.tsx" name="AnnexUnsupportedPlaceholder &gt; shows default reason when none provided" time="0.006750836">
        </testcase>
        <testcase classname="src/renderer/features/annex/AnnexUnsupportedPlaceholder.test.tsx" name="AnnexUnsupportedPlaceholder &gt; shows custom reason when provided" time="0.005433466">
        </testcase>
    </testsuite>
    <testsuite name="src/renderer/features/annex/SatelliteLockOverlay.test.tsx" timestamp="2026-03-25T04:47:30.195Z" hostname="runnervm46oaq" tests="6" failures="0" errors="0" skipped="0" time="0.072275486">
        <testcase classname="src/renderer/features/annex/SatelliteLockOverlay.test.tsx" name="SatelliteLockOverlay – pause floatie positioning &gt; renders at default top (48px) when no bannerOffset is provided" time="0.052245499">
        </testcase>
        <testcase classname="src/renderer/features/annex/SatelliteLockOverlay.test.tsx" name="SatelliteLockOverlay – pause floatie positioning &gt; renders at default top (48px) when bannerOffset is 0" time="0.00479002">
        </testcase>
        <testcase classname="src/renderer/features/annex/SatelliteLockOverlay.test.tsx" name="SatelliteLockOverlay – pause floatie positioning &gt; shifts down by bannerOffset when banners are visible" time="0.00370946">
        </testcase>
        <testcase classname="src/renderer/features/annex/SatelliteLockOverlay.test.tsx" name="SatelliteLockOverlay – pause floatie positioning &gt; has a CSS transition on top for smooth animation" time="0.002723516">
        </testcase>
        <testcase classname="src/renderer/features/annex/SatelliteLockOverlay.test.tsx" name="SatelliteLockOverlay – pause floatie positioning &gt; does not render the floatie when not paused" time="0.004561134">
        </testcase>
        <testcase classname="src/renderer/features/annex/SatelliteLockOverlay.test.tsx" name="SatelliteLockOverlay – pause floatie positioning &gt; does not render anything when not locked" time="0.001461037">
        </testcase>
    </testsuite>
    <testsuite name="src/renderer/features/agents/AddAgentDialog.test.tsx" timestamp="2026-03-25T04:47:30.196Z" hostname="runnervm46oaq" tests="13" failures="0" errors="0" skipped="0" time="0.497557655">
        <testcase classname="src/renderer/features/agents/AddAgentDialog.test.tsx" name="AddAgentDialog &gt; renders without crash" time="0.102673749">
            <system-err>
An update to AddAgentDialog inside a test was not wrapped in act(...).

When testing, code that causes React state updates should be wrapped into act(...):

act(() =&gt; {
  /* fire events that update state */
});
/* assert on the output */

This ensures that you&apos;re testing the behavior the user would see in the browser. Learn more at https://react.dev/link/wrap-tests-with-act
An update to AddAgentDialog inside a test was not wrapped in act(...).

When testing, code that causes React state updates should be wrapped into act(...):

act(() =&gt; {
  /* fire events that update state */
});
/* assert on the output */

This ensures that you&apos;re testing the behavior the user would see in the browser. Learn more at https://react.dev/link/wrap-tests-with-act

            </system-err>
        </testcase>
        <testcase classname="src/renderer/features/agents/AddAgentDialog.test.tsx" name="AddAgentDialog &gt; pre-fills with generated name" time="0.015039782">
            <system-err>
An update to AddAgentDialog inside a test was not wrapped in act(...).

When testing, code that causes React state updates should be wrapped into act(...):

act(() =&gt; {
  /* fire events that update state */
});
/* assert on the output */

This ensures that you&apos;re testing the behavior the user would see in the browser. Learn more at https://react.dev/link/wrap-tests-with-act
An update to AddAgentDialog inside a test was not wrapped in act(...).

When testing, code that causes React state updates should be wrapped into act(...):

act(() =&gt; {
  /* fire events that update state */
});
/* assert on the output */

This ensures that you&apos;re testing the behavior the user would see in the browser. Learn more at https://react.dev/link/wrap-tests-with-act

            </system-err>
        </testcase>
        <testcase classname="src/renderer/features/agents/AddAgentDialog.test.tsx" name="AddAgentDialog &gt; renders color picker" time="0.014601127">
            <system-err>
An update to AddAgentDialog inside a test was not wrapped in act(...).

When testing, code that causes React state updates should be wrapped into act(...):

act(() =&gt; {
  /* fire events that update state */
});
/* assert on the output */

This ensures that you&apos;re testing the behavior the user would see in the browser. Learn more at https://react.dev/link/wrap-tests-with-act
An update to AddAgentDialog inside a test was not wrapped in act(...).

When testing, code that causes React state updates should be wrapped into act(...):

act(() =&gt; {
  /* fire events that update state */
});
/* assert on the output */

This ensures that you&apos;re testing the behavior the user would see in the browser. Learn more at https://react.dev/link/wrap-tests-with-act

            </system-err>
        </testcase>
        <testcase classname="src/renderer/features/agents/AddAgentDialog.test.tsx" name="AddAgentDialog &gt; renders model selector" time="0.008900904">
            <system-err>
An update to AddAgentDialog inside a test was not wrapped in act(...).

When testing, code that causes React state updates should be wrapped into act(...):

act(() =&gt; {
  /* fire events that update state */
});
/* assert on the output */

This ensures that you&apos;re testing the behavior the user would see in the browser. Learn more at https://react.dev/link/wrap-tests-with-act
An update to AddAgentDialog inside a test was not wrapped in act(...).

When testing, code that causes React state updates should be wrapped into act(...):

act(() =&gt; {
  /* fire events that update state */
});
/* assert on the output */

This ensures that you&apos;re testing the behavior the user would see in the browser. Learn more at https://react.dev/link/wrap-tests-with-act

            </system-err>
        </testcase>
        <testcase classname="src/renderer/features/agents/AddAgentDialog.test.tsx" name="AddAgentDialog &gt; renders orchestrator selector" time="0.009788095">
            <system-err>
An update to AddAgentDialog inside a test was not wrapped in act(...).

When testing, code that causes React state updates should be wrapped into act(...):

act(() =&gt; {
  /* fire events that update state */
});
/* assert on the output */

This ensures that you&apos;re testing the behavior the user would see in the browser. Learn more at https://react.dev/link/wrap-tests-with-act
An update to AddAgentDialog inside a test was not wrapped in act(...).

When testing, code that causes React state updates should be wrapped into act(...):

act(() =&gt; {
  /* fire events that update state */
});
/* assert on the output */

This ensures that you&apos;re testing the behavior the user would see in the browser. Learn more at https://react.dev/link/wrap-tests-with-act

            </system-err>
        </testcase>
        <testcase classname="src/renderer/features/agents/AddAgentDialog.test.tsx" name="AddAgentDialog &gt; renders worktree checkbox" time="0.012854947">
            <system-err>
An update to AddAgentDialog inside a test was not wrapped in act(...).

When testing, code that causes React state updates should be wrapped into act(...):

act(() =&gt; {
  /* fire events that update state */
});
/* assert on the output */

This ensures that you&apos;re testing the behavior the user would see in the browser. Learn more at https://react.dev/link/wrap-tests-with-act
An update to AddAgentDialog inside a test was not wrapped in act(...).

When testing, code that causes React state updates should be wrapped into act(...):

act(() =&gt; {
  /* fire events that update state */
});
/* assert on the output */

This ensures that you&apos;re testing the behavior the user would see in the browser. Learn more at https://react.dev/link/wrap-tests-with-act

            </system-err>
        </testcase>
        <testcase classname="src/renderer/features/agents/AddAgentDialog.test.tsx" name="AddAgentDialog &gt; renders free agent mode checkbox" time="0.008298285">
            <system-err>
An update to AddAgentDialog inside a test was not wrapped in act(...).

When testing, code that causes React state updates should be wrapped into act(...):

act(() =&gt; {
  /* fire events that update state */
});
/* assert on the output */

This ensures that you&apos;re testing the behavior the user would see in the browser. Learn more at https://react.dev/link/wrap-tests-with-act
An update to AddAgentDialog inside a test was not wrapped in act(...).

When testing, code that causes React state updates should be wrapped into act(...):

act(() =&gt; {
  /* fire events that update state */
});
/* assert on the output */

This ensures that you&apos;re testing the behavior the user would see in the browser. Learn more at https://react.dev/link/wrap-tests-with-act

            </system-err>
        </testcase>
        <testcase classname="src/renderer/features/agents/AddAgentDialog.test.tsx" name="AddAgentDialog &gt; calls onCreate on form submit" time="0.011169845">
            <system-err>
An update to AddAgentDialog inside a test was not wrapped in act(...).

When testing, code that causes React state updates should be wrapped into act(...):

act(() =&gt; {
  /* fire events that update state */
});
/* assert on the output */

This ensures that you&apos;re testing the behavior the user would see in the browser. Learn more at https://react.dev/link/wrap-tests-with-act
An update to AddAgentDialog inside a test was not wrapped in act(...).

When testing, code that causes React state updates should be wrapped into act(...):

act(() =&gt; {
  /* fire events that update state */
});
/* assert on the output */

This ensures that you&apos;re testing the behavior the user would see in the browser. Learn more at https://react.dev/link/wrap-tests-with-act

            </system-err>
        </testcase>
        <testcase classname="src/renderer/features/agents/AddAgentDialog.test.tsx" name="AddAgentDialog &gt; calls onClose when Cancel clicked" time="0.008310146">
            <system-err>
An update to AddAgentDialog inside a test was not wrapped in act(...).

When testing, code that causes React state updates should be wrapped into act(...):

act(() =&gt; {
  /* fire events that update state */
});
/* assert on the output */

This ensures that you&apos;re testing the behavior the user would see in the browser. Learn more at https://react.dev/link/wrap-tests-with-act
An update to AddAgentDialog inside a test was not wrapped in act(...).

When testing, code that causes React state updates should be wrapped into act(...):

act(() =&gt; {
  /* fire events that update state */
});
/* assert on the output */

This ensures that you&apos;re testing the behavior the user would see in the browser. Learn more at https://react.dev/link/wrap-tests-with-act

            </system-err>
        </testcase>
        <testcase classname="src/renderer/features/agents/AddAgentDialog.test.tsx" name="AddAgentDialog &gt; calls onClose when backdrop clicked" time="0.010064489">
            <system-err>
An update to AddAgentDialog inside a test was not wrapped in act(...).

When testing, code that causes React state updates should be wrapped into act(...):

act(() =&gt; {
  /* fire events that update state */
});
/* assert on the output */

This ensures that you&apos;re testing the behavior the user would see in the browser. Learn more at https://react.dev/link/wrap-tests-with-act
An update to AddAgentDialog inside a test was not wrapped in act(...).

When testing, code that causes React state updates should be wrapped into act(...):

act(() =&gt; {
  /* fire events that update state */
});
/* assert on the output */

This ensures that you&apos;re testing the behavior the user would see in the browser. Learn more at https://react.dev/link/wrap-tests-with-act

            </system-err>
        </testcase>
        <testcase classname="src/renderer/features/agents/AddAgentDialog.test.tsx" name="AddAgentDialog &gt; does not submit with empty name" time="0.012682889">
            <system-err>
An update to AddAgentDialog inside a test was not wrapped in act(...).

When testing, code that causes React state updates should be wrapped into act(...):

act(() =&gt; {
  /* fire events that update state */
});
/* assert on the output */

This ensures that you&apos;re testing the behavior the user would see in the browser. Learn more at https://react.dev/link/wrap-tests-with-act
An update to AddAgentDialog inside a test was not wrapped in act(...).

When testing, code that causes React state updates should be wrapped into act(...):

act(() =&gt; {
  /* fire events that update state */
});
/* assert on the output */

This ensures that you&apos;re testing the behavior the user would see in the browser. Learn more at https://react.dev/link/wrap-tests-with-act

            </system-err>
        </testcase>
        <testcase classname="src/renderer/features/agents/AddAgentDialog.test.tsx" name="AddAgentDialog &gt; allows changing agent name" time="0.010889935">
            <system-err>
An update to AddAgentDialog inside a test was not wrapped in act(...).

When testing, code that causes React state updates should be wrapped into act(...):

act(() =&gt; {
  /* fire events that update state */
});
/* assert on the output */

This ensures that you&apos;re testing the behavior the user would see in the browser. Learn more at https://react.dev/link/wrap-tests-with-act
An update to AddAgentDialog inside a test was not wrapped in act(...).

When testing, code that causes React state updates should be wrapped into act(...):

act(() =&gt; {
  /* fire events that update state */
});
/* assert on the output */

This ensures that you&apos;re testing the behavior the user would see in the browser. Learn more at https://react.dev/link/wrap-tests-with-act

            </system-err>
        </testcase>
        <testcase classname="src/renderer/features/agents/AddAgentDialog.test.tsx" name="AddAgentDialog &gt; enables worktree option" time="0.268171213">
            <system-err>
An update to AddAgentDialog inside a test was not wrapped in act(...).

When testing, code that causes React state updates should be wrapped into act(...):

act(() =&gt; {
  /* fire events that update state */
});
/* assert on the output */

This ensures that you&apos;re testing the behavior the user would see in the browser. Learn more at https://react.dev/link/wrap-tests-with-act
An update to AddAgentDialog inside a test was not wrapped in act(...).

When testing, code that causes React state updates should be wrapped into act(...):

act(() =&gt; {
  /* fire events that update state */
});
/* assert on the output */

This ensures that you&apos;re testing the behavior the user would see in the browser. Learn more at https://react.dev/link/wrap-tests-with-act

            </system-err>
        </testcase>
    </testsuite>
    <testsuite name="src/renderer/features/agents/AgentAvatar.test.tsx" timestamp="2026-03-25T04:47:30.200Z" hostname="runnervm46oaq" tests="14" failures="0" errors="0" skipped="0" time="0.119261882">
        <testcase classname="src/renderer/features/agents/AgentAvatar.test.tsx" name="AgentAvatar &gt; renders without crash" time="0.052395045">
        </testcase>
        <testcase classname="src/renderer/features/agents/AgentAvatar.test.tsx" name="AgentAvatar &gt; renders initials from agent name" time="0.004248532">
        </testcase>
        <testcase classname="src/renderer/features/agents/AgentAvatar.test.tsx" name="AgentAvatar &gt; renders lightning bolt for quick agents" time="0.010152302">
        </testcase>
        <testcase classname="src/renderer/features/agents/AgentAvatar.test.tsx" name="AgentAvatar &gt; renders icon image when available" time="0.004993919">
        </testcase>
        <testcase classname="src/renderer/features/agents/AgentAvatar.test.tsx" name="AgentAvatar &gt; falls back to initials when icon name set but data missing" time="0.002938125">
        </testcase>
        <testcase classname="src/renderer/features/agents/AgentAvatar.test.tsx" name="AgentAvatar &gt; renders with ring when showRing and ringColor are set" time="0.015626334">
        </testcase>
        <testcase classname="src/renderer/features/agents/AgentAvatar.test.tsx" name="AgentAvatar &gt; renders without ring by default" time="0.003225168">
        </testcase>
        <testcase classname="src/renderer/features/agents/AgentAvatar.test.tsx" name="AgentAvatar &gt; supports sm size" time="0.002557687">
        </testcase>
        <testcase classname="src/renderer/features/agents/AgentAvatar.test.tsx" name="AgentAvatar &gt; supports md size" time="0.003202145">
        </testcase>
        <testcase classname="src/renderer/features/agents/AgentAvatar.test.tsx" name="AgentAvatarWithRing &gt; renders without crash" time="0.003764572">
        </testcase>
        <testcase classname="src/renderer/features/agents/AgentAvatar.test.tsx" name="AgentAvatarWithRing &gt; renders with ring for running agent" time="0.003944918">
        </testcase>
        <testcase classname="src/renderer/features/agents/AgentAvatar.test.tsx" name="AgentAvatarWithRing &gt; renders with ring for sleeping agent" time="0.00304865">
        </testcase>
        <testcase classname="src/renderer/features/agents/AgentAvatar.test.tsx" name="AgentAvatarWithRing &gt; renders with ring for error agent" time="0.002802372">
        </testcase>
        <testcase classname="src/renderer/features/agents/AgentAvatar.test.tsx" name="AgentAvatarWithRing &gt; renders amber ring for waking agent" time="0.002659647">
        </testcase>
    </testsuite>
    <testsuite name="src/renderer/features/agents/AgentList.test.tsx" timestamp="2026-03-25T04:47:30.203Z" hostname="runnervm46oaq" tests="22" failures="0" errors="0" skipped="0" time="0.740024643">
        <testcase classname="src/renderer/features/agents/AgentList.test.tsx" name="AgentList dropdown &gt; shows both Durable and Quick Agent options in dropdown" time="0.36272219">
            <system-err>
An update to AgentList inside a test was not wrapped in act(...).

When testing, code that causes React state updates should be wrapped into act(...):

act(() =&gt; {
  /* fire events that update state */
});
/* assert on the output */

This ensures that you&apos;re testing the behavior the user would see in the browser. Learn more at https://react.dev/link/wrap-tests-with-act
An update to AgentList inside a test was not wrapped in act(...).

When testing, code that causes React state updates should be wrapped into act(...):

act(() =&gt; {
  /* fire events that update state */
});
/* assert on the output */

This ensures that you&apos;re testing the behavior the user would see in the browser. Learn more at https://react.dev/link/wrap-tests-with-act

            </system-err>
        </testcase>
        <testcase classname="src/renderer/features/agents/AgentList.test.tsx" name="AgentList dropdown &gt; opens AddAgentDialog when Durable is clicked in dropdown" time="0.114065721">
            <system-err>
An update to AgentList inside a test was not wrapped in act(...).

When testing, code that causes React state updates should be wrapped into act(...):

act(() =&gt; {
  /* fire events that update state */
});
/* assert on the output */

This ensures that you&apos;re testing the behavior the user would see in the browser. Learn more at https://react.dev/link/wrap-tests-with-act
An update to AgentList inside a test was not wrapped in act(...).

When testing, code that causes React state updates should be wrapped into act(...):

act(() =&gt; {
  /* fire events that update state */
});
/* assert on the output */

This ensures that you&apos;re testing the behavior the user would see in the browser. Learn more at https://react.dev/link/wrap-tests-with-act

            </system-err>
        </testcase>
        <testcase classname="src/renderer/features/agents/AgentList.test.tsx" name="AgentList dropdown &gt; opens AddAgentDialog when top-level + Agent button is clicked" time="0.007663515">
            <system-err>
An update to AgentList inside a test was not wrapped in act(...).

When testing, code that causes React state updates should be wrapped into act(...):

act(() =&gt; {
  /* fire events that update state */
});
/* assert on the output */

This ensures that you&apos;re testing the behavior the user would see in the browser. Learn more at https://react.dev/link/wrap-tests-with-act
An update to AgentList inside a test was not wrapped in act(...).

When testing, code that causes React state updates should be wrapped into act(...):

act(() =&gt; {
  /* fire events that update state */
});
/* assert on the output */

This ensures that you&apos;re testing the behavior the user would see in the browser. Learn more at https://react.dev/link/wrap-tests-with-act

            </system-err>
        </testcase>
        <testcase classname="src/renderer/features/agents/AgentList.test.tsx" name="AgentList dropdown &gt; opens global quick agent dialog when Quick Agent is selected from dropdown" time="0.100700568">
            <system-err>
An update to AgentList inside a test was not wrapped in act(...).

When testing, code that causes React state updates should be wrapped into act(...):

act(() =&gt; {
  /* fire events that update state */
});
/* assert on the output */

This ensures that you&apos;re testing the behavior the user would see in the browser. Learn more at https://react.dev/link/wrap-tests-with-act
An update to AgentList inside a test was not wrapped in act(...).

When testing, code that causes React state updates should be wrapped into act(...):

act(() =&gt; {
  /* fire events that update state */
});
/* assert on the output */

This ensures that you&apos;re testing the behavior the user would see in the browser. Learn more at https://react.dev/link/wrap-tests-with-act

            </system-err>
        </testcase>
        <testcase classname="src/renderer/features/agents/AgentList.test.tsx" name="AgentList completed selector stability &gt; renders completed agents from raw completedAgents state" time="0.006228155">
            <system-err>
An update to AgentList inside a test was not wrapped in act(...).

When testing, code that causes React state updates should be wrapped into act(...):

act(() =&gt; {
  /* fire events that update state */
});
/* assert on the output */

This ensures that you&apos;re testing the behavior the user would see in the browser. Learn more at https://react.dev/link/wrap-tests-with-act
An update to AgentList inside a test was not wrapped in act(...).

When testing, code that causes React state updates should be wrapped into act(...):

act(() =&gt; {
  /* fire events that update state */
});
/* assert on the output */

This ensures that you&apos;re testing the behavior the user would see in the browser. Learn more at https://react.dev/link/wrap-tests-with-act

            </system-err>
        </testcase>
        <testcase classname="src/renderer/features/agents/AgentList.test.tsx" name="AgentList completed selector stability &gt; does not re-render when unrelated store state changes" time="0.012246263">
            <system-err>
An update to AgentList inside a test was not wrapped in act(...).

When testing, code that causes React state updates should be wrapped into act(...):

act(() =&gt; {
  /* fire events that update state */
});
/* assert on the output */

This ensures that you&apos;re testing the behavior the user would see in the browser. Learn more at https://react.dev/link/wrap-tests-with-act
An update to AgentList inside a test was not wrapped in act(...).

When testing, code that causes React state updates should be wrapped into act(...):

act(() =&gt; {
  /* fire events that update state */
});
/* assert on the output */

This ensures that you&apos;re testing the behavior the user would see in the browser. Learn more at https://react.dev/link/wrap-tests-with-act

            </system-err>
        </testcase>
        <testcase classname="src/renderer/features/agents/AgentList.test.tsx" name="AgentList completed selector stability &gt; uses stable empty array when project has no completed agents" time="0.008032652">
            <system-err>
An update to AgentList inside a test was not wrapped in act(...).

When testing, code that causes React state updates should be wrapped into act(...):

act(() =&gt; {
  /* fire events that update state */
});
/* assert on the output */

This ensures that you&apos;re testing the behavior the user would see in the browser. Learn more at https://react.dev/link/wrap-tests-with-act
An update to AgentList inside a test was not wrapped in act(...).

When testing, code that causes React state updates should be wrapped into act(...):

act(() =&gt; {
  /* fire events that update state */
});
/* assert on the output */

This ensures that you&apos;re testing the behavior the user would see in the browser. Learn more at https://react.dev/link/wrap-tests-with-act

            </system-err>
        </testcase>
        <testcase classname="src/renderer/features/agents/AgentList.test.tsx" name="useProjectAgentBuckets &gt; returns stable filtered arrays across unrelated rerenders" time="0.002609394">
        </testcase>
        <testcase classname="src/renderer/features/agents/AgentList.test.tsx" name="useProjectAgentBuckets &gt; recomputes filtered arrays when the active project changes" time="0.003824654">
        </testcase>
        <testcase classname="src/renderer/features/agents/AgentList.test.tsx" name="AgentList child agent grouping &gt; renders child quick agents nested under their parent durable" time="0.009685372">
            <system-err>
An update to AgentList inside a test was not wrapped in act(...).

When testing, code that causes React state updates should be wrapped into act(...):

act(() =&gt; {
  /* fire events that update state */
});
/* assert on the output */

This ensures that you&apos;re testing the behavior the user would see in the browser. Learn more at https://react.dev/link/wrap-tests-with-act
An update to AgentList inside a test was not wrapped in act(...).

When testing, code that causes React state updates should be wrapped into act(...):

act(() =&gt; {
  /* fire events that update state */
});
/* assert on the output */

This ensures that you&apos;re testing the behavior the user would see in the browser. Learn more at https://react.dev/link/wrap-tests-with-act

            </system-err>
        </testcase>
        <testcase classname="src/renderer/features/agents/AgentList.test.tsx" name="AgentList child agent grouping &gt; renders child completed ghosts under their parent durable" time="0.00770406">
            <system-err>
An update to AgentList inside a test was not wrapped in act(...).

When testing, code that causes React state updates should be wrapped into act(...):

act(() =&gt; {
  /* fire events that update state */
});
/* assert on the output */

This ensures that you&apos;re testing the behavior the user would see in the browser. Learn more at https://react.dev/link/wrap-tests-with-act
An update to AgentList inside a test was not wrapped in act(...).

When testing, code that causes React state updates should be wrapped into act(...):

act(() =&gt; {
  /* fire events that update state */
});
/* assert on the output */

This ensures that you&apos;re testing the behavior the user would see in the browser. Learn more at https://react.dev/link/wrap-tests-with-act

            </system-err>
        </testcase>
        <testcase classname="src/renderer/features/agents/AgentList.test.tsx" name="AgentList onData throttle &gt; records activity immediately on first onData call" time="0.012293746">
            <system-err>
An update to AgentList inside a test was not wrapped in act(...).

When testing, code that causes React state updates should be wrapped into act(...):

act(() =&gt; {
  /* fire events that update state */
});
/* assert on the output */

This ensures that you&apos;re testing the behavior the user would see in the browser. Learn more at https://react.dev/link/wrap-tests-with-act
An update to AgentList inside a test was not wrapped in act(...).

When testing, code that causes React state updates should be wrapped into act(...):

act(() =&gt; {
  /* fire events that update state */
});
/* assert on the output */

This ensures that you&apos;re testing the behavior the user would see in the browser. Learn more at https://react.dev/link/wrap-tests-with-act

            </system-err>
        </testcase>
        <testcase classname="src/renderer/features/agents/AgentList.test.tsx" name="AgentList onData throttle &gt; does not trigger store recordActivity from PTY data" time="0.009575111">
            <system-err>
An update to AgentList inside a test was not wrapped in act(...).

When testing, code that causes React state updates should be wrapped into act(...):

act(() =&gt; {
  /* fire events that update state */
});
/* assert on the output */

This ensures that you&apos;re testing the behavior the user would see in the browser. Learn more at https://react.dev/link/wrap-tests-with-act
An update to AgentList inside a test was not wrapped in act(...).

When testing, code that causes React state updates should be wrapped into act(...):

act(() =&gt; {
  /* fire events that update state */
});
/* assert on the output */

This ensures that you&apos;re testing the behavior the user would see in the browser. Learn more at https://react.dev/link/wrap-tests-with-act

            </system-err>
        </testcase>
        <testcase classname="src/renderer/features/agents/AgentList.test.tsx" name="AgentList onData throttle &gt; throttles rapid onData calls to at most one per 150ms" time="0.009479533">
            <system-err>
An update to AgentList inside a test was not wrapped in act(...).

When testing, code that causes React state updates should be wrapped into act(...):

act(() =&gt; {
  /* fire events that update state */
});
/* assert on the output */

This ensures that you&apos;re testing the behavior the user would see in the browser. Learn more at https://react.dev/link/wrap-tests-with-act
An update to AgentList inside a test was not wrapped in act(...).

When testing, code that causes React state updates should be wrapped into act(...):

act(() =&gt; {
  /* fire events that update state */
});
/* assert on the output */

This ensures that you&apos;re testing the behavior the user would see in the browser. Learn more at https://react.dev/link/wrap-tests-with-act

            </system-err>
        </testcase>
        <testcase classname="src/renderer/features/agents/AgentList.test.tsx" name="AgentList onData throttle &gt; throttles independently per agent" time="0.010481277">
            <system-err>
An update to AgentList inside a test was not wrapped in act(...).

When testing, code that causes React state updates should be wrapped into act(...):

act(() =&gt; {
  /* fire events that update state */
});
/* assert on the output */

This ensures that you&apos;re testing the behavior the user would see in the browser. Learn more at https://react.dev/link/wrap-tests-with-act
An update to AgentList inside a test was not wrapped in act(...).

When testing, code that causes React state updates should be wrapped into act(...):

act(() =&gt; {
  /* fire events that update state */
});
/* assert on the output */

This ensures that you&apos;re testing the behavior the user would see in the browser. Learn more at https://react.dev/link/wrap-tests-with-act

            </system-err>
        </testcase>
        <testcase classname="src/renderer/features/agents/AgentList.test.tsx" name="AgentList onData throttle &gt; cleans up pending timers on unmount" time="0.004957822">
        </testcase>
        <testcase classname="src/renderer/features/agents/AgentList.test.tsx" name="AgentList activity tick optimization &gt; does not set up a tick interval when no PTY data has arrived" time="0.006928371">
            <system-err>
An update to AgentList inside a test was not wrapped in act(...).

When testing, code that causes React state updates should be wrapped into act(...):

act(() =&gt; {
  /* fire events that update state */
});
/* assert on the output */

This ensures that you&apos;re testing the behavior the user would see in the browser. Learn more at https://react.dev/link/wrap-tests-with-act
An update to AgentList inside a test was not wrapped in act(...).

When testing, code that causes React state updates should be wrapped into act(...):

act(() =&gt; {
  /* fire events that update state */
});
/* assert on the output */

This ensures that you&apos;re testing the behavior the user would see in the browser. Learn more at https://react.dev/link/wrap-tests-with-act

            </system-err>
        </testcase>
        <testcase classname="src/renderer/features/agents/AgentList.test.tsx" name="AgentList activity tick optimization &gt; sets up a tick interval when PTY data arrives" time="0.007402349">
            <system-err>
An update to AgentList inside a test was not wrapped in act(...).

When testing, code that causes React state updates should be wrapped into act(...):

act(() =&gt; {
  /* fire events that update state */
});
/* assert on the output */

This ensures that you&apos;re testing the behavior the user would see in the browser. Learn more at https://react.dev/link/wrap-tests-with-act
An update to AgentList inside a test was not wrapped in act(...).

When testing, code that causes React state updates should be wrapped into act(...):

act(() =&gt; {
  /* fire events that update state */
});
/* assert on the output */

This ensures that you&apos;re testing the behavior the user would see in the browser. Learn more at https://react.dev/link/wrap-tests-with-act

            </system-err>
        </testcase>
        <testcase classname="src/renderer/features/agents/AgentList.test.tsx" name="AgentList activity tick optimization &gt; stops the tick interval after all activity goes stale" time="0.013780155">
            <system-err>
An update to AgentList inside a test was not wrapped in act(...).

When testing, code that causes React state updates should be wrapped into act(...):

act(() =&gt; {
  /* fire events that update state */
});
/* assert on the output */

This ensures that you&apos;re testing the behavior the user would see in the browser. Learn more at https://react.dev/link/wrap-tests-with-act
An update to AgentList inside a test was not wrapped in act(...).

When testing, code that causes React state updates should be wrapped into act(...):

act(() =&gt; {
  /* fire events that update state */
});
/* assert on the output */

This ensures that you&apos;re testing the behavior the user would see in the browser. Learn more at https://react.dev/link/wrap-tests-with-act

            </system-err>
        </testcase>
        <testcase classname="src/renderer/features/agents/AgentList.test.tsx" name="AgentList isThinking callback stability &gt; reflects thinking state when activity timestamp is recent" time="0.006680717">
            <system-err>
An update to AgentList inside a test was not wrapped in act(...).

When testing, code that causes React state updates should be wrapped into act(...):

act(() =&gt; {
  /* fire events that update state */
});
/* assert on the output */

This ensures that you&apos;re testing the behavior the user would see in the browser. Learn more at https://react.dev/link/wrap-tests-with-act
An update to AgentList inside a test was not wrapped in act(...).

When testing, code that causes React state updates should be wrapped into act(...):

act(() =&gt; {
  /* fire events that update state */
});
/* assert on the output */

This ensures that you&apos;re testing the behavior the user would see in the browser. Learn more at https://react.dev/link/wrap-tests-with-act

            </system-err>
        </testcase>
        <testcase classname="src/renderer/features/agents/AgentList.test.tsx" name="AgentList isThinking callback stability &gt; updates thinking state when PTY data arrives" time="0.010613761">
            <system-err>
An update to AgentList inside a test was not wrapped in act(...).

When testing, code that causes React state updates should be wrapped into act(...):

act(() =&gt; {
  /* fire events that update state */
});
/* assert on the output */

This ensures that you&apos;re testing the behavior the user would see in the browser. Learn more at https://react.dev/link/wrap-tests-with-act
An update to AgentList inside a test was not wrapped in act(...).

When testing, code that causes React state updates should be wrapped into act(...):

act(() =&gt; {
  /* fire events that update state */
});
/* assert on the output */

This ensures that you&apos;re testing the behavior the user would see in the browser. Learn more at https://react.dev/link/wrap-tests-with-act

            </system-err>
        </testcase>
        <testcase classname="src/renderer/features/agents/AgentList.test.tsx" name="AgentList isThinking callback stability &gt; shows not-thinking when activity timestamp is stale" time="0.007383178">
            <system-err>
An update to AgentList inside a test was not wrapped in act(...).

When testing, code that causes React state updates should be wrapped into act(...):

act(() =&gt; {
  /* fire events that update state */
});
/* assert on the output */

This ensures that you&apos;re testing the behavior the user would see in the browser. Learn more at https://react.dev/link/wrap-tests-with-act
An update to AgentList inside a test was not wrapped in act(...).

When testing, code that causes React state updates should be wrapped into act(...):

act(() =&gt; {
  /* fire events that update state */
});
/* assert on the output */

This ensures that you&apos;re testing the behavior the user would see in the browser. Learn more at https://react.dev/link/wrap-tests-with-act

            </system-err>
        </testcase>
    </testsuite>
    <testsuite name="src/renderer/features/agents/AgentListItem.test.tsx" timestamp="2026-03-25T04:47:30.209Z" hostname="runnervm46oaq" tests="24" failures="0" errors="0" skipped="0" time="0.341943118">
        <testcase classname="src/renderer/features/agents/AgentListItem.test.tsx" name="AgentListItem activity animation &gt; does not apply animation classes when agent is sleeping" time="0.095911282">
        </testcase>
        <testcase classname="src/renderer/features/agents/AgentListItem.test.tsx" name="AgentListItem activity animation &gt; applies animate-pulse-ring when agent is working" time="0.011768791">
        </testcase>
        <testcase classname="src/renderer/features/agents/AgentListItem.test.tsx" name="AgentListItem activity animation &gt; does not use headless-orbit for headless running agents" time="0.009665659">
        </testcase>
        <testcase classname="src/renderer/features/agents/AgentListItem.test.tsx" name="AgentListItem activity animation &gt; applies pulse-ring consistently for both durable and quick working agents" time="0.007900084">
        </testcase>
        <testcase classname="src/renderer/features/agents/AgentListItem.test.tsx" name="AgentListItem actions &gt; renders pop-out action button for sleeping durable agent" time="0.026244745">
        </testcase>
        <testcase classname="src/renderer/features/agents/AgentListItem.test.tsx" name="AgentListItem actions &gt; renders pop-out action button for running agent" time="0.011727474">
        </testcase>
        <testcase classname="src/renderer/features/agents/AgentListItem.test.tsx" name="AgentListItem actions &gt; renders pop-out action button for quick agent" time="0.006442704">
        </testcase>
        <testcase classname="src/renderer/features/agents/AgentListItem.test.tsx" name="AgentListItem actions &gt; calls createPopout when pop-out button is clicked" time="0.015255015">
        </testcase>
        <testcase classname="src/renderer/features/agents/AgentListItem.test.tsx" name="AgentListItem actions &gt; renders wake button for sleeping durable agent" time="0.008396999">
        </testcase>
        <testcase classname="src/renderer/features/agents/AgentListItem.test.tsx" name="AgentListItem actions &gt; renders wake-resume button for sleeping durable agent" time="0.007949797">
        </testcase>
        <testcase classname="src/renderer/features/agents/AgentListItem.test.tsx" name="AgentListItem actions &gt; renders stop button for running agent" time="0.006074178">
        </testcase>
        <testcase classname="src/renderer/features/agents/AgentListItem.test.tsx" name="AgentListItem actions &gt; renders delete button for sleeping durable agent" time="0.004503456">
        </testcase>
        <testcase classname="src/renderer/features/agents/AgentListItem.test.tsx" name="AgentListItem actions &gt; renders settings button for durable agent" time="0.004507314">
        </testcase>
        <testcase classname="src/renderer/features/agents/AgentListItem.test.tsx" name="AgentListItem actions &gt; renders spawn button when onSpawnQuickChild is provided" time="0.005203108">
        </testcase>
        <testcase classname="src/renderer/features/agents/AgentListItem.test.tsx" name="AgentListItem actions &gt; does not render spawn button when onSpawnQuickChild is not provided" time="0.013425306">
        </testcase>
        <testcase classname="src/renderer/features/agents/AgentListItem.test.tsx" name="AgentListItem context menu &gt; opens context menu on right-click" time="0.017417037">
        </testcase>
        <testcase classname="src/renderer/features/agents/AgentListItem.test.tsx" name="AgentListItem context menu &gt; context menu shows all available actions including Wake &amp; Resume" time="0.014365789">
        </testcase>
        <testcase classname="src/renderer/features/agents/AgentListItem.test.tsx" name="AgentListItem context menu &gt; context menu calls createPopout when Pop Out is clicked" time="0.012446531">
        </testcase>
        <testcase classname="src/renderer/features/agents/AgentListItem.test.tsx" name="AgentListItem context menu &gt; context menu closes after clicking an action" time="0.008400846">
        </testcase>
        <testcase classname="src/renderer/features/agents/AgentListItem.test.tsx" name="AgentListItem context menu &gt; context menu closes on escape" time="0.011296713">
        </testcase>
        <testcase classname="src/renderer/features/agents/AgentListItem.test.tsx" name="AgentListItem context menu &gt; does not show wake-resume in context menu for running agents" time="0.008690866">
        </testcase>
        <testcase classname="src/renderer/features/agents/AgentListItem.test.tsx" name="AgentListItem fine-grained selectors &gt; does not re-render when unrelated agent store state changes" time="0.007750176">
        </testcase>
        <testcase classname="src/renderer/features/agents/AgentListItem.test.tsx" name="AgentListItem fine-grained selectors &gt; re-renders when its own agent icon changes" time="0.015630233">
        </testcase>
        <testcase classname="src/renderer/features/agents/AgentListItem.test.tsx" name="AgentListItem fine-grained selectors &gt; does not re-render when unrelated project store state changes" time="0.006399494">
        </testcase>
    </testsuite>
    <testsuite name="src/renderer/features/agents/AgentSettingsView.test.tsx" timestamp="2026-03-25T04:47:30.213Z" hostname="runnervm46oaq" tests="37" failures="0" errors="0" skipped="0" time="1.428772929">
        <testcase classname="src/renderer/features/agents/AgentSettingsView.test.tsx" name="AgentSettingsView &gt; header &gt; renders agent name" time="0.111105384">
            <system-err>
An update to AgentSettingsView inside a test was not wrapped in act(...).

When testing, code that causes React state updates should be wrapped into act(...):

act(() =&gt; {
  /* fire events that update state */
});
/* assert on the output */

This ensures that you&apos;re testing the behavior the user would see in the browser. Learn more at https://react.dev/link/wrap-tests-with-act
An update to AgentSettingsView inside a test was not wrapped in act(...).

When testing, code that causes React state updates should be wrapped into act(...):

act(() =&gt; {
  /* fire events that update state */
});
/* assert on the output */

This ensures that you&apos;re testing the behavior the user would see in the browser. Learn more at https://react.dev/link/wrap-tests-with-act
An update to AgentSettingsView inside a test was not wrapped in act(...).

When testing, code that causes React state updates should be wrapped into act(...):

act(() =&gt; {
  /* fire events that update state */
});
/* assert on the output */

This ensures that you&apos;re testing the behavior the user would see in the browser. Learn more at https://react.dev/link/wrap-tests-with-act
An update to AgentSettingsView inside a test was not wrapped in act(...).

When testing, code that causes React state updates should be wrapped into act(...):

act(() =&gt; {
  /* fire events that update state */
});
/* assert on the output */

This ensures that you&apos;re testing the behavior the user would see in the browser. Learn more at https://react.dev/link/wrap-tests-with-act
An update to AgentSettingsView inside a test was not wrapped in act(...).

When testing, code that causes React state updates should be wrapped into act(...):

act(() =&gt; {
  /* fire events that update state */
});
/* assert on the output */

This ensures that you&apos;re testing the behavior the user would see in the browser. Learn more at https://react.dev/link/wrap-tests-with-act
An update to AgentSettingsView inside a test was not wrapped in act(...).

When testing, code that causes React state updates should be wrapped into act(...):

act(() =&gt; {
  /* fire events that update state */
});
/* assert on the output */

This ensures that you&apos;re testing the behavior the user would see in the browser. Learn more at https://react.dev/link/wrap-tests-with-act
An update to AgentSettingsView inside a test was not wrapped in act(...).

When testing, code that causes React state updates should be wrapped into act(...):

act(() =&gt; {
  /* fire events that update state */
});
/* assert on the output */

This ensures that you&apos;re testing the behavior the user would see in the browser. Learn more at https://react.dev/link/wrap-tests-with-act
An update to AgentSettingsView inside a test was not wrapped in act(...).

When testing, code that causes React state updates should be wrapped into act(...):

act(() =&gt; {
  /* fire events that update state */
});
/* assert on the output */

This ensures that you&apos;re testing the behavior the user would see in the browser. Learn more at https://react.dev/link/wrap-tests-with-act

            </system-err>
        </testcase>
        <testcase classname="src/renderer/features/agents/AgentSettingsView.test.tsx" name="AgentSettingsView &gt; header &gt; renders back button" time="0.013183423">
            <system-err>
An update to AgentSettingsView inside a test was not wrapped in act(...).

When testing, code that causes React state updates should be wrapped into act(...):

act(() =&gt; {
  /* fire events that update state */
});
/* assert on the output */

This ensures that you&apos;re testing the behavior the user would see in the browser. Learn more at https://react.dev/link/wrap-tests-with-act
An update to AgentSettingsView inside a test was not wrapped in act(...).

When testing, code that causes React state updates should be wrapped into act(...):

act(() =&gt; {
  /* fire events that update state */
});
/* assert on the output */

This ensures that you&apos;re testing the behavior the user would see in the browser. Learn more at https://react.dev/link/wrap-tests-with-act
An update to AgentSettingsView inside a test was not wrapped in act(...).

When testing, code that causes React state updates should be wrapped into act(...):

act(() =&gt; {
  /* fire events that update state */
});
/* assert on the output */

This ensures that you&apos;re testing the behavior the user would see in the browser. Learn more at https://react.dev/link/wrap-tests-with-act
An update to AgentSettingsView inside a test was not wrapped in act(...).

When testing, code that causes React state updates should be wrapped into act(...):

act(() =&gt; {
  /* fire events that update state */
});
/* assert on the output */

This ensures that you&apos;re testing the behavior the user would see in the browser. Learn more at https://react.dev/link/wrap-tests-with-act
An update to AgentSettingsView inside a test was not wrapped in act(...).

When testing, code that causes React state updates should be wrapped into act(...):

act(() =&gt; {
  /* fire events that update state */
});
/* assert on the output */

This ensures that you&apos;re testing the behavior the user would see in the browser. Learn more at https://react.dev/link/wrap-tests-with-act
An update to AgentSettingsView inside a test was not wrapped in act(...).

When testing, code that causes React state updates should be wrapped into act(...):

act(() =&gt; {
  /* fire events that update state */
});
/* assert on the output */

This ensures that you&apos;re testing the behavior the user would see in the browser. Learn more at https://react.dev/link/wrap-tests-with-act
An update to AgentSettingsView inside a test was not wrapped in act(...).

When testing, code that causes React state updates should be wrapped into act(...):

act(() =&gt; {
  /* fire events that update state */
});
/* assert on the output */

This ensures that you&apos;re testing the behavior the user would see in the browser. Learn more at https://react.dev/link/wrap-tests-with-act
An update to AgentSettingsView inside a test was not wrapped in act(...).

When testing, code that causes React state updates should be wrapped into act(...):

act(() =&gt; {
  /* fire events that update state */
});
/* assert on the output */

This ensures that you&apos;re testing the behavior the user would see in the browser. Learn more at https://react.dev/link/wrap-tests-with-act

            </system-err>
        </testcase>
        <testcase classname="src/renderer/features/agents/AgentSettingsView.test.tsx" name="AgentSettingsView &gt; header &gt; calls closeAgentSettings on back click" time="0.021444388">
            <system-err>
An update to AgentSettingsView inside a test was not wrapped in act(...).

When testing, code that causes React state updates should be wrapped into act(...):

act(() =&gt; {
  /* fire events that update state */
});
/* assert on the output */

This ensures that you&apos;re testing the behavior the user would see in the browser. Learn more at https://react.dev/link/wrap-tests-with-act
An update to AgentSettingsView inside a test was not wrapped in act(...).

When testing, code that causes React state updates should be wrapped into act(...):

act(() =&gt; {
  /* fire events that update state */
});
/* assert on the output */

This ensures that you&apos;re testing the behavior the user would see in the browser. Learn more at https://react.dev/link/wrap-tests-with-act
An update to AgentSettingsView inside a test was not wrapped in act(...).

When testing, code that causes React state updates should be wrapped into act(...):

act(() =&gt; {
  /* fire events that update state */
});
/* assert on the output */

This ensures that you&apos;re testing the behavior the user would see in the browser. Learn more at https://react.dev/link/wrap-tests-with-act
An update to AgentSettingsView inside a test was not wrapped in act(...).

When testing, code that causes React state updates should be wrapped into act(...):

act(() =&gt; {
  /* fire events that update state */
});
/* assert on the output */

This ensures that you&apos;re testing the behavior the user would see in the browser. Learn more at https://react.dev/link/wrap-tests-with-act
An update to AgentSettingsView inside a test was not wrapped in act(...).

When testing, code that causes React state updates should be wrapped into act(...):

act(() =&gt; {
  /* fire events that update state */
});
/* assert on the output */

This ensures that you&apos;re testing the behavior the user would see in the browser. Learn more at https://react.dev/link/wrap-tests-with-act
An update to AgentSettingsView inside a test was not wrapped in act(...).

When testing, code that causes React state updates should be wrapped into act(...):

act(() =&gt; {
  /* fire events that update state */
});
/* assert on the output */

This ensures that you&apos;re testing the behavior the user would see in the browser. Learn more at https://react.dev/link/wrap-tests-with-act
An update to AgentSettingsView inside a test was not wrapped in act(...).

When testing, code that causes React state updates should be wrapped into act(...):

act(() =&gt; {
  /* fire events that update state */
});
/* assert on the output */

This ensures that you&apos;re testing the behavior the user would see in the browser. Learn more at https://react.dev/link/wrap-tests-with-act
An update to AgentSettingsView inside a test was not wrapped in act(...).

When testing, code that causes React state updates should be wrapped into act(...):

act(() =&gt; {
  /* fire events that update state */
});
/* assert on the output */

This ensures that you&apos;re testing the behavior the user would see in the browser. Learn more at https://react.dev/link/wrap-tests-with-act

            </system-err>
        </testcase>
        <testcase classname="src/renderer/features/agents/AgentSettingsView.test.tsx" name="AgentSettingsView &gt; header &gt; renders refresh button" time="0.010018333">
            <system-err>
An update to AgentSettingsView inside a test was not wrapped in act(...).

When testing, code that causes React state updates should be wrapped into act(...):

act(() =&gt; {
  /* fire events that update state */
});
/* assert on the output */

This ensures that you&apos;re testing the behavior the user would see in the browser. Learn more at https://react.dev/link/wrap-tests-with-act
An update to AgentSettingsView inside a test was not wrapped in act(...).

When testing, code that causes React state updates should be wrapped into act(...):

act(() =&gt; {
  /* fire events that update state */
});
/* assert on the output */

This ensures that you&apos;re testing the behavior the user would see in the browser. Learn more at https://react.dev/link/wrap-tests-with-act
An update to AgentSettingsView inside a test was not wrapped in act(...).

When testing, code that causes React state updates should be wrapped into act(...):

act(() =&gt; {
  /* fire events that update state */
});
/* assert on the output */

This ensures that you&apos;re testing the behavior the user would see in the browser. Learn more at https://react.dev/link/wrap-tests-with-act
An update to AgentSettingsView inside a test was not wrapped in act(...).

When testing, code that causes React state updates should be wrapped into act(...):

act(() =&gt; {
  /* fire events that update state */
});
/* assert on the output */

This ensures that you&apos;re testing the behavior the user would see in the browser. Learn more at https://react.dev/link/wrap-tests-with-act
An update to AgentSettingsView inside a test was not wrapped in act(...).

When testing, code that causes React state updates should be wrapped into act(...):

act(() =&gt; {
  /* fire events that update state */
});
/* assert on the output */

This ensures that you&apos;re testing the behavior the user would see in the browser. Learn more at https://react.dev/link/wrap-tests-with-act
An update to AgentSettingsView inside a test was not wrapped in act(...).

When testing, code that causes React state updates should be wrapped into act(...):

act(() =&gt; {
  /* fire events that update state */
});
/* assert on the output */

This ensures that you&apos;re testing the behavior the user would see in the browser. Learn more at https://react.dev/link/wrap-tests-with-act
An update to AgentSettingsView inside a test was not wrapped in act(...).

When testing, code that causes React state updates should be wrapped into act(...):

act(() =&gt; {
  /* fire events that update state */
});
/* assert on the output */

This ensures that you&apos;re testing the behavior the user would see in the browser. Learn more at https://react.dev/link/wrap-tests-with-act
An update to AgentSettingsView inside a test was not wrapped in act(...).

When testing, code that causes React state updates should be wrapped into act(...):

act(() =&gt; {
  /* fire events that update state */
});
/* assert on the output */

This ensures that you&apos;re testing the behavior the user would see in the browser. Learn more at https://react.dev/link/wrap-tests-with-act

            </system-err>
        </testcase>
        <testcase classname="src/renderer/features/agents/AgentSettingsView.test.tsx" name="AgentSettingsView &gt; running state &gt; shows read-only banner when running" time="0.019003478">
            <system-err>
An update to AgentSettingsView inside a test was not wrapped in act(...).

When testing, code that causes React state updates should be wrapped into act(...):

act(() =&gt; {
  /* fire events that update state */
});
/* assert on the output */

This ensures that you&apos;re testing the behavior the user would see in the browser. Learn more at https://react.dev/link/wrap-tests-with-act
An update to AgentSettingsView inside a test was not wrapped in act(...).

When testing, code that causes React state updates should be wrapped into act(...):

act(() =&gt; {
  /* fire events that update state */
});
/* assert on the output */

This ensures that you&apos;re testing the behavior the user would see in the browser. Learn more at https://react.dev/link/wrap-tests-with-act
An update to AgentSettingsView inside a test was not wrapped in act(...).

When testing, code that causes React state updates should be wrapped into act(...):

act(() =&gt; {
  /* fire events that update state */
});
/* assert on the output */

This ensures that you&apos;re testing the behavior the user would see in the browser. Learn more at https://react.dev/link/wrap-tests-with-act
An update to AgentSettingsView inside a test was not wrapped in act(...).

When testing, code that causes React state updates should be wrapped into act(...):

act(() =&gt; {
  /* fire events that update state */
});
/* assert on the output */

This ensures that you&apos;re testing the behavior the user would see in the browser. Learn more at https://react.dev/link/wrap-tests-with-act
An update to AgentSettingsView inside a test was not wrapped in act(...).

When testing, code that causes React state updates should be wrapped into act(...):

act(() =&gt; {
  /* fire events that update state */
});
/* assert on the output */

This ensures that you&apos;re testing the behavior the user would see in the browser. Learn more at https://react.dev/link/wrap-tests-with-act
An update to AgentSettingsView inside a test was not wrapped in act(...).

When testing, code that causes React state updates should be wrapped into act(...):

act(() =&gt; {
  /* fire events that update state */
});
/* assert on the output */

This ensures that you&apos;re testing the behavior the user would see in the browser. Learn more at https://react.dev/link/wrap-tests-with-act
An update to AgentSettingsView inside a test was not wrapped in act(...).

When testing, code that causes React state updates should be wrapped into act(...):

act(() =&gt; {
  /* fire events that update state */
});
/* assert on the output */

This ensures that you&apos;re testing the behavior the user would see in the browser. Learn more at https://react.dev/link/wrap-tests-with-act
An update to AgentSettingsView inside a test was not wrapped in act(...).

When testing, code that causes React state updates should be wrapped into act(...):

act(() =&gt; {
  /* fire events that update state */
});
/* assert on the output */

This ensures that you&apos;re testing the behavior the user would see in the browser. Learn more at https://react.dev/link/wrap-tests-with-act

            </system-err>
        </testcase>
        <testcase classname="src/renderer/features/agents/AgentSettingsView.test.tsx" name="AgentSettingsView &gt; running state &gt; does not show read-only banner when sleeping" time="0.021557538">
            <system-err>
An update to AgentSettingsView inside a test was not wrapped in act(...).

When testing, code that causes React state updates should be wrapped into act(...):

act(() =&gt; {
  /* fire events that update state */
});
/* assert on the output */

This ensures that you&apos;re testing the behavior the user would see in the browser. Learn more at https://react.dev/link/wrap-tests-with-act
An update to AgentSettingsView inside a test was not wrapped in act(...).

When testing, code that causes React state updates should be wrapped into act(...):

act(() =&gt; {
  /* fire events that update state */
});
/* assert on the output */

This ensures that you&apos;re testing the behavior the user would see in the browser. Learn more at https://react.dev/link/wrap-tests-with-act
An update to AgentSettingsView inside a test was not wrapped in act(...).

When testing, code that causes React state updates should be wrapped into act(...):

act(() =&gt; {
  /* fire events that update state */
});
/* assert on the output */

This ensures that you&apos;re testing the behavior the user would see in the browser. Learn more at https://react.dev/link/wrap-tests-with-act
An update to AgentSettingsView inside a test was not wrapped in act(...).

When testing, code that causes React state updates should be wrapped into act(...):

act(() =&gt; {
  /* fire events that update state */
});
/* assert on the output */

This ensures that you&apos;re testing the behavior the user would see in the browser. Learn more at https://react.dev/link/wrap-tests-with-act
An update to AgentSettingsView inside a test was not wrapped in act(...).

When testing, code that causes React state updates should be wrapped into act(...):

act(() =&gt; {
  /* fire events that update state */
});
/* assert on the output */

This ensures that you&apos;re testing the behavior the user would see in the browser. Learn more at https://react.dev/link/wrap-tests-with-act
An update to AgentSettingsView inside a test was not wrapped in act(...).

When testing, code that causes React state updates should be wrapped into act(...):

act(() =&gt; {
  /* fire events that update state */
});
/* assert on the output */

This ensures that you&apos;re testing the behavior the user would see in the browser. Learn more at https://react.dev/link/wrap-tests-with-act
An update to AgentSettingsView inside a test was not wrapped in act(...).

When testing, code that causes React state updates should be wrapped into act(...):

act(() =&gt; {
  /* fire events that update state */
});
/* assert on the output */

This ensures that you&apos;re testing the behavior the user would see in the browser. Learn more at https://react.dev/link/wrap-tests-with-act
An update to AgentSettingsView inside a test was not wrapped in act(...).

When testing, code that causes React state updates should be wrapped into act(...):

act(() =&gt; {
  /* fire events that update state */
});
/* assert on the output */

This ensures that you&apos;re testing the behavior the user would see in the browser. Learn more at https://react.dev/link/wrap-tests-with-act

            </system-err>
        </testcase>
        <testcase classname="src/renderer/features/agents/AgentSettingsView.test.tsx" name="AgentSettingsView &gt; appearance section &gt; renders appearance heading" time="0.017542129">
            <system-err>
An update to AgentSettingsView inside a test was not wrapped in act(...).

When testing, code that causes React state updates should be wrapped into act(...):

act(() =&gt; {
  /* fire events that update state */
});
/* assert on the output */

This ensures that you&apos;re testing the behavior the user would see in the browser. Learn more at https://react.dev/link/wrap-tests-with-act
An update to AgentSettingsView inside a test was not wrapped in act(...).

When testing, code that causes React state updates should be wrapped into act(...):

act(() =&gt; {
  /* fire events that update state */
});
/* assert on the output */

This ensures that you&apos;re testing the behavior the user would see in the browser. Learn more at https://react.dev/link/wrap-tests-with-act
An update to AgentSettingsView inside a test was not wrapped in act(...).

When testing, code that causes React state updates should be wrapped into act(...):

act(() =&gt; {
  /* fire events that update state */
});
/* assert on the output */

This ensures that you&apos;re testing the behavior the user would see in the browser. Learn more at https://react.dev/link/wrap-tests-with-act
An update to AgentSettingsView inside a test was not wrapped in act(...).

When testing, code that causes React state updates should be wrapped into act(...):

act(() =&gt; {
  /* fire events that update state */
});
/* assert on the output */

This ensures that you&apos;re testing the behavior the user would see in the browser. Learn more at https://react.dev/link/wrap-tests-with-act
An update to AgentSettingsView inside a test was not wrapped in act(...).

When testing, code that causes React state updates should be wrapped into act(...):

act(() =&gt; {
  /* fire events that update state */
});
/* assert on the output */

This ensures that you&apos;re testing the behavior the user would see in the browser. Learn more at https://react.dev/link/wrap-tests-with-act
An update to AgentSettingsView inside a test was not wrapped in act(...).

When testing, code that causes React state updates should be wrapped into act(...):

act(() =&gt; {
  /* fire events that update state */
});
/* assert on the output */

This ensures that you&apos;re testing the behavior the user would see in the browser. Learn more at https://react.dev/link/wrap-tests-with-act
An update to AgentSettingsView inside a test was not wrapped in act(...).

When testing, code that causes React state updates should be wrapped into act(...):

act(() =&gt; {
  /* fire events that update state */
});
/* assert on the output */

This ensures that you&apos;re testing the behavior the user would see in the browser. Learn more at https://react.dev/link/wrap-tests-with-act
An update to AgentSettingsView inside a test was not wrapped in act(...).

When testing, code that causes React state updates should be wrapped into act(...):

act(() =&gt; {
  /* fire events that update state */
});
/* assert on the output */

This ensures that you&apos;re testing the behavior the user would see in the browser. Learn more at https://react.dev/link/wrap-tests-with-act

            </system-err>
        </testcase>
        <testcase classname="src/renderer/features/agents/AgentSettingsView.test.tsx" name="AgentSettingsView &gt; appearance section &gt; renders agent name with rename button" time="0.021560423">
            <system-err>
An update to AgentSettingsView inside a test was not wrapped in act(...).

When testing, code that causes React state updates should be wrapped into act(...):

act(() =&gt; {
  /* fire events that update state */
});
/* assert on the output */

This ensures that you&apos;re testing the behavior the user would see in the browser. Learn more at https://react.dev/link/wrap-tests-with-act
An update to AgentSettingsView inside a test was not wrapped in act(...).

When testing, code that causes React state updates should be wrapped into act(...):

act(() =&gt; {
  /* fire events that update state */
});
/* assert on the output */

This ensures that you&apos;re testing the behavior the user would see in the browser. Learn more at https://react.dev/link/wrap-tests-with-act
An update to AgentSettingsView inside a test was not wrapped in act(...).

When testing, code that causes React state updates should be wrapped into act(...):

act(() =&gt; {
  /* fire events that update state */
});
/* assert on the output */

This ensures that you&apos;re testing the behavior the user would see in the browser. Learn more at https://react.dev/link/wrap-tests-with-act
An update to AgentSettingsView inside a test was not wrapped in act(...).

When testing, code that causes React state updates should be wrapped into act(...):

act(() =&gt; {
  /* fire events that update state */
});
/* assert on the output */

This ensures that you&apos;re testing the behavior the user would see in the browser. Learn more at https://react.dev/link/wrap-tests-with-act
An update to AgentSettingsView inside a test was not wrapped in act(...).

When testing, code that causes React state updates should be wrapped into act(...):

act(() =&gt; {
  /* fire events that update state */
});
/* assert on the output */

This ensures that you&apos;re testing the behavior the user would see in the browser. Learn more at https://react.dev/link/wrap-tests-with-act
An update to AgentSettingsView inside a test was not wrapped in act(...).

When testing, code that causes React state updates should be wrapped into act(...):

act(() =&gt; {
  /* fire events that update state */
});
/* assert on the output */

This ensures that you&apos;re testing the behavior the user would see in the browser. Learn more at https://react.dev/link/wrap-tests-with-act
An update to AgentSettingsView inside a test was not wrapped in act(...).

When testing, code that causes React state updates should be wrapped into act(...):

act(() =&gt; {
  /* fire events that update state */
});
/* assert on the output */

This ensures that you&apos;re testing the behavior the user would see in the browser. Learn more at https://react.dev/link/wrap-tests-with-act
An update to AgentSettingsView inside a test was not wrapped in act(...).

When testing, code that causes React state updates should be wrapped into act(...):

act(() =&gt; {
  /* fire events that update state */
});
/* assert on the output */

This ensures that you&apos;re testing the behavior the user would see in the browser. Learn more at https://react.dev/link/wrap-tests-with-act

            </system-err>
        </testcase>
        <testcase classname="src/renderer/features/agents/AgentSettingsView.test.tsx" name="AgentSettingsView &gt; appearance section &gt; shows rename input on Rename click" time="0.046191511">
            <system-err>
An update to AgentSettingsView inside a test was not wrapped in act(...).

When testing, code that causes React state updates should be wrapped into act(...):

act(() =&gt; {
  /* fire events that update state */
});
/* assert on the output */

This ensures that you&apos;re testing the behavior the user would see in the browser. Learn more at https://react.dev/link/wrap-tests-with-act
An update to AgentSettingsView inside a test was not wrapped in act(...).

When testing, code that causes React state updates should be wrapped into act(...):

act(() =&gt; {
  /* fire events that update state */
});
/* assert on the output */

This ensures that you&apos;re testing the behavior the user would see in the browser. Learn more at https://react.dev/link/wrap-tests-with-act
An update to AgentSettingsView inside a test was not wrapped in act(...).

When testing, code that causes React state updates should be wrapped into act(...):

act(() =&gt; {
  /* fire events that update state */
});
/* assert on the output */

This ensures that you&apos;re testing the behavior the user would see in the browser. Learn more at https://react.dev/link/wrap-tests-with-act
An update to AgentSettingsView inside a test was not wrapped in act(...).

When testing, code that causes React state updates should be wrapped into act(...):

act(() =&gt; {
  /* fire events that update state */
});
/* assert on the output */

This ensures that you&apos;re testing the behavior the user would see in the browser. Learn more at https://react.dev/link/wrap-tests-with-act
An update to AgentSettingsView inside a test was not wrapped in act(...).

When testing, code that causes React state updates should be wrapped into act(...):

act(() =&gt; {
  /* fire events that update state */
});
/* assert on the output */

This ensures that you&apos;re testing the behavior the user would see in the browser. Learn more at https://react.dev/link/wrap-tests-with-act
An update to AgentSettingsView inside a test was not wrapped in act(...).

When testing, code that causes React state updates should be wrapped into act(...):

act(() =&gt; {
  /* fire events that update state */
});
/* assert on the output */

This ensures that you&apos;re testing the behavior the user would see in the browser. Learn more at https://react.dev/link/wrap-tests-with-act
An update to AgentSettingsView inside a test was not wrapped in act(...).

When testing, code that causes React state updates should be wrapped into act(...):

act(() =&gt; {
  /* fire events that update state */
});
/* assert on the output */

This ensures that you&apos;re testing the behavior the user would see in the browser. Learn more at https://react.dev/link/wrap-tests-with-act
An update to AgentSettingsView inside a test was not wrapped in act(...).

When testing, code that causes React state updates should be wrapped into act(...):

act(() =&gt; {
  /* fire events that update state */
});
/* assert on the output */

This ensures that you&apos;re testing the behavior the user would see in the browser. Learn more at https://react.dev/link/wrap-tests-with-act

            </system-err>
        </testcase>
        <testcase classname="src/renderer/features/agents/AgentSettingsView.test.tsx" name="AgentSettingsView &gt; appearance section &gt; renders color picker" time="0.023711495">
            <system-err>
An update to AgentSettingsView inside a test was not wrapped in act(...).

When testing, code that causes React state updates should be wrapped into act(...):

act(() =&gt; {
  /* fire events that update state */
});
/* assert on the output */

This ensures that you&apos;re testing the behavior the user would see in the browser. Learn more at https://react.dev/link/wrap-tests-with-act
An update to AgentSettingsView inside a test was not wrapped in act(...).

When testing, code that causes React state updates should be wrapped into act(...):

act(() =&gt; {
  /* fire events that update state */
});
/* assert on the output */

This ensures that you&apos;re testing the behavior the user would see in the browser. Learn more at https://react.dev/link/wrap-tests-with-act
An update to AgentSettingsView inside a test was not wrapped in act(...).

When testing, code that causes React state updates should be wrapped into act(...):

act(() =&gt; {
  /* fire events that update state */
});
/* assert on the output */

This ensures that you&apos;re testing the behavior the user would see in the browser. Learn more at https://react.dev/link/wrap-tests-with-act
An update to AgentSettingsView inside a test was not wrapped in act(...).

When testing, code that causes React state updates should be wrapped into act(...):

act(() =&gt; {
  /* fire events that update state */
});
/* assert on the output */

This ensures that you&apos;re testing the behavior the user would see in the browser. Learn more at https://react.dev/link/wrap-tests-with-act
An update to AgentSettingsView inside a test was not wrapped in act(...).

When testing, code that causes React state updates should be wrapped into act(...):

act(() =&gt; {
  /* fire events that update state */
});
/* assert on the output */

This ensures that you&apos;re testing the behavior the user would see in the browser. Learn more at https://react.dev/link/wrap-tests-with-act
An update to AgentSettingsView inside a test was not wrapped in act(...).

When testing, code that causes React state updates should be wrapped into act(...):

act(() =&gt; {
  /* fire events that update state */
});
/* assert on the output */

This ensures that you&apos;re testing the behavior the user would see in the browser. Learn more at https://react.dev/link/wrap-tests-with-act
An update to AgentSettingsView inside a test was not wrapped in act(...).

When testing, code that causes React state updates should be wrapped into act(...):

act(() =&gt; {
  /* fire events that update state */
});
/* assert on the output */

This ensures that you&apos;re testing the behavior the user would see in the browser. Learn more at https://react.dev/link/wrap-tests-with-act
An update to AgentSettingsView inside a test was not wrapped in act(...).

When testing, code that causes React state updates should be wrapped into act(...):

act(() =&gt; {
  /* fire events that update state */
});
/* assert on the output */

This ensures that you&apos;re testing the behavior the user would see in the browser. Learn more at https://react.dev/link/wrap-tests-with-act

            </system-err>
        </testcase>
        <testcase classname="src/renderer/features/agents/AgentSettingsView.test.tsx" name="AgentSettingsView &gt; appearance section &gt; renders model selector" time="0.018144811">
            <system-err>
An update to AgentSettingsView inside a test was not wrapped in act(...).

When testing, code that causes React state updates should be wrapped into act(...):

act(() =&gt; {
  /* fire events that update state */
});
/* assert on the output */

This ensures that you&apos;re testing the behavior the user would see in the browser. Learn more at https://react.dev/link/wrap-tests-with-act
An update to AgentSettingsView inside a test was not wrapped in act(...).

When testing, code that causes React state updates should be wrapped into act(...):

act(() =&gt; {
  /* fire events that update state */
});
/* assert on the output */

This ensures that you&apos;re testing the behavior the user would see in the browser. Learn more at https://react.dev/link/wrap-tests-with-act
An update to AgentSettingsView inside a test was not wrapped in act(...).

When testing, code that causes React state updates should be wrapped into act(...):

act(() =&gt; {
  /* fire events that update state */
});
/* assert on the output */

This ensures that you&apos;re testing the behavior the user would see in the browser. Learn more at https://react.dev/link/wrap-tests-with-act
An update to AgentSettingsView inside a test was not wrapped in act(...).

When testing, code that causes React state updates should be wrapped into act(...):

act(() =&gt; {
  /* fire events that update state */
});
/* assert on the output */

This ensures that you&apos;re testing the behavior the user would see in the browser. Learn more at https://react.dev/link/wrap-tests-with-act
An update to AgentSettingsView inside a test was not wrapped in act(...).

When testing, code that causes React state updates should be wrapped into act(...):

act(() =&gt; {
  /* fire events that update state */
});
/* assert on the output */

This ensures that you&apos;re testing the behavior the user would see in the browser. Learn more at https://react.dev/link/wrap-tests-with-act
An update to AgentSettingsView inside a test was not wrapped in act(...).

When testing, code that causes React state updates should be wrapped into act(...):

act(() =&gt; {
  /* fire events that update state */
});
/* assert on the output */

This ensures that you&apos;re testing the behavior the user would see in the browser. Learn more at https://react.dev/link/wrap-tests-with-act
An update to AgentSettingsView inside a test was not wrapped in act(...).

When testing, code that causes React state updates should be wrapped into act(...):

act(() =&gt; {
  /* fire events that update state */
});
/* assert on the output */

This ensures that you&apos;re testing the behavior the user would see in the browser. Learn more at https://react.dev/link/wrap-tests-with-act
An update to AgentSettingsView inside a test was not wrapped in act(...).

When testing, code that causes React state updates should be wrapped into act(...):

act(() =&gt; {
  /* fire events that update state */
});
/* assert on the output */

This ensures that you&apos;re testing the behavior the user would see in the browser. Learn more at https://react.dev/link/wrap-tests-with-act

            </system-err>
        </testcase>
        <testcase classname="src/renderer/features/agents/AgentSettingsView.test.tsx" name="AgentSettingsView &gt; appearance section &gt; disables rename when running" time="0.017822689">
            <system-err>
An update to AgentSettingsView inside a test was not wrapped in act(...).

When testing, code that causes React state updates should be wrapped into act(...):

act(() =&gt; {
  /* fire events that update state */
});
/* assert on the output */

This ensures that you&apos;re testing the behavior the user would see in the browser. Learn more at https://react.dev/link/wrap-tests-with-act
An update to AgentSettingsView inside a test was not wrapped in act(...).

When testing, code that causes React state updates should be wrapped into act(...):

act(() =&gt; {
  /* fire events that update state */
});
/* assert on the output */

This ensures that you&apos;re testing the behavior the user would see in the browser. Learn more at https://react.dev/link/wrap-tests-with-act
An update to AgentSettingsView inside a test was not wrapped in act(...).

When testing, code that causes React state updates should be wrapped into act(...):

act(() =&gt; {
  /* fire events that update state */
});
/* assert on the output */

This ensures that you&apos;re testing the behavior the user would see in the browser. Learn more at https://react.dev/link/wrap-tests-with-act
An update to AgentSettingsView inside a test was not wrapped in act(...).

When testing, code that causes React state updates should be wrapped into act(...):

act(() =&gt; {
  /* fire events that update state */
});
/* assert on the output */

This ensures that you&apos;re testing the behavior the user would see in the browser. Learn more at https://react.dev/link/wrap-tests-with-act
An update to AgentSettingsView inside a test was not wrapped in act(...).

When testing, code that causes React state updates should be wrapped into act(...):

act(() =&gt; {
  /* fire events that update state */
});
/* assert on the output */

This ensures that you&apos;re testing the behavior the user would see in the browser. Learn more at https://react.dev/link/wrap-tests-with-act
An update to AgentSettingsView inside a test was not wrapped in act(...).

When testing, code that causes React state updates should be wrapped into act(...):

act(() =&gt; {
  /* fire events that update state */
});
/* assert on the output */

This ensures that you&apos;re testing the behavior the user would see in the browser. Learn more at https://react.dev/link/wrap-tests-with-act
An update to AgentSettingsView inside a test was not wrapped in act(...).

When testing, code that causes React state updates should be wrapped into act(...):

act(() =&gt; {
  /* fire events that update state */
});
/* assert on the output */

This ensures that you&apos;re testing the behavior the user would see in the browser. Learn more at https://react.dev/link/wrap-tests-with-act
An update to AgentSettingsView inside a test was not wrapped in act(...).

When testing, code that causes React state updates should be wrapped into act(...):

act(() =&gt; {
  /* fire events that update state */
});
/* assert on the output */

This ensures that you&apos;re testing the behavior the user would see in the browser. Learn more at https://react.dev/link/wrap-tests-with-act

            </system-err>
        </testcase>
        <testcase classname="src/renderer/features/agents/AgentSettingsView.test.tsx" name="AgentSettingsView &gt; tab switching &gt; renders Main Agent and Quick Agent tabs" time="0.035047168">
            <system-err>
An update to AgentSettingsView inside a test was not wrapped in act(...).

When testing, code that causes React state updates should be wrapped into act(...):

act(() =&gt; {
  /* fire events that update state */
});
/* assert on the output */

This ensures that you&apos;re testing the behavior the user would see in the browser. Learn more at https://react.dev/link/wrap-tests-with-act
An update to AgentSettingsView inside a test was not wrapped in act(...).

When testing, code that causes React state updates should be wrapped into act(...):

act(() =&gt; {
  /* fire events that update state */
});
/* assert on the output */

This ensures that you&apos;re testing the behavior the user would see in the browser. Learn more at https://react.dev/link/wrap-tests-with-act
An update to AgentSettingsView inside a test was not wrapped in act(...).

When testing, code that causes React state updates should be wrapped into act(...):

act(() =&gt; {
  /* fire events that update state */
});
/* assert on the output */

This ensures that you&apos;re testing the behavior the user would see in the browser. Learn more at https://react.dev/link/wrap-tests-with-act
An update to AgentSettingsView inside a test was not wrapped in act(...).

When testing, code that causes React state updates should be wrapped into act(...):

act(() =&gt; {
  /* fire events that update state */
});
/* assert on the output */

This ensures that you&apos;re testing the behavior the user would see in the browser. Learn more at https://react.dev/link/wrap-tests-with-act
An update to AgentSettingsView inside a test was not wrapped in act(...).

When testing, code that causes React state updates should be wrapped into act(...):

act(() =&gt; {
  /* fire events that update state */
});
/* assert on the output */

This ensures that you&apos;re testing the behavior the user would see in the browser. Learn more at https://react.dev/link/wrap-tests-with-act
An update to AgentSettingsView inside a test was not wrapped in act(...).

When testing, code that causes React state updates should be wrapped into act(...):

act(() =&gt; {
  /* fire events that update state */
});
/* assert on the output */

This ensures that you&apos;re testing the behavior the user would see in the browser. Learn more at https://react.dev/link/wrap-tests-with-act
An update to AgentSettingsView inside a test was not wrapped in act(...).

When testing, code that causes React state updates should be wrapped into act(...):

act(() =&gt; {
  /* fire events that update state */
});
/* assert on the output */

This ensures that you&apos;re testing the behavior the user would see in the browser. Learn more at https://react.dev/link/wrap-tests-with-act
An update to AgentSettingsView inside a test was not wrapped in act(...).

When testing, code that causes React state updates should be wrapped into act(...):

act(() =&gt; {
  /* fire events that update state */
});
/* assert on the output */

This ensures that you&apos;re testing the behavior the user would see in the browser. Learn more at https://react.dev/link/wrap-tests-with-act

            </system-err>
        </testcase>
        <testcase classname="src/renderer/features/agents/AgentSettingsView.test.tsx" name="AgentSettingsView &gt; tab switching &gt; shows main tab content by default" time="0.030293108">
        </testcase>
        <testcase classname="src/renderer/features/agents/AgentSettingsView.test.tsx" name="AgentSettingsView &gt; tab switching &gt; switches to quick agent tab" time="0.091546195">
        </testcase>
        <testcase classname="src/renderer/features/agents/AgentSettingsView.test.tsx" name="AgentSettingsView &gt; main agent tab - editable mode &gt; renders instructions section" time="0.042482994">
        </testcase>
        <testcase classname="src/renderer/features/agents/AgentSettingsView.test.tsx" name="AgentSettingsView &gt; main agent tab - editable mode &gt; renders skills section" time="0.024832948">
        </testcase>
        <testcase classname="src/renderer/features/agents/AgentSettingsView.test.tsx" name="AgentSettingsView &gt; main agent tab - editable mode &gt; renders agent templates section" time="0.02126816">
        </testcase>
        <testcase classname="src/renderer/features/agents/AgentSettingsView.test.tsx" name="AgentSettingsView &gt; main agent tab - editable mode &gt; renders MCP JSON section" time="0.022571705">
        </testcase>
        <testcase classname="src/renderer/features/agents/AgentSettingsView.test.tsx" name="AgentSettingsView &gt; main agent tab - editable mode &gt; renders permissions section" time="0.065717183">
        </testcase>
        <testcase classname="src/renderer/features/agents/AgentSettingsView.test.tsx" name="AgentSettingsView &gt; main agent tab - editable mode &gt; renders free agent mode" time="0.016615296">
            <system-err>
An update to AgentSettingsView inside a test was not wrapped in act(...).

When testing, code that causes React state updates should be wrapped into act(...):

act(() =&gt; {
  /* fire events that update state */
});
/* assert on the output */

This ensures that you&apos;re testing the behavior the user would see in the browser. Learn more at https://react.dev/link/wrap-tests-with-act
An update to AgentSettingsView inside a test was not wrapped in act(...).

When testing, code that causes React state updates should be wrapped into act(...):

act(() =&gt; {
  /* fire events that update state */
});
/* assert on the output */

This ensures that you&apos;re testing the behavior the user would see in the browser. Learn more at https://react.dev/link/wrap-tests-with-act
An update to AgentSettingsView inside a test was not wrapped in act(...).

When testing, code that causes React state updates should be wrapped into act(...):

act(() =&gt; {
  /* fire events that update state */
});
/* assert on the output */

This ensures that you&apos;re testing the behavior the user would see in the browser. Learn more at https://react.dev/link/wrap-tests-with-act
An update to AgentSettingsView inside a test was not wrapped in act(...).

When testing, code that causes React state updates should be wrapped into act(...):

act(() =&gt; {
  /* fire events that update state */
});
/* assert on the output */

This ensures that you&apos;re testing the behavior the user would see in the browser. Learn more at https://react.dev/link/wrap-tests-with-act
An update to AgentSettingsView inside a test was not wrapped in act(...).

When testing, code that causes React state updates should be wrapped into act(...):

act(() =&gt; {
  /* fire events that update state */
});
/* assert on the output */

This ensures that you&apos;re testing the behavior the user would see in the browser. Learn more at https://react.dev/link/wrap-tests-with-act
An update to AgentSettingsView inside a test was not wrapped in act(...).

When testing, code that causes React state updates should be wrapped into act(...):

act(() =&gt; {
  /* fire events that update state */
});
/* assert on the output */

This ensures that you&apos;re testing the behavior the user would see in the browser. Learn more at https://react.dev/link/wrap-tests-with-act
An update to AgentSettingsView inside a test was not wrapped in act(...).

When testing, code that causes React state updates should be wrapped into act(...):

act(() =&gt; {
  /* fire events that update state */
});
/* assert on the output */

This ensures that you&apos;re testing the behavior the user would see in the browser. Learn more at https://react.dev/link/wrap-tests-with-act
An update to AgentSettingsView inside a test was not wrapped in act(...).

When testing, code that causes React state updates should be wrapped into act(...):

act(() =&gt; {
  /* fire events that update state */
});
/* assert on the output */

This ensures that you&apos;re testing the behavior the user would see in the browser. Learn more at https://react.dev/link/wrap-tests-with-act

            </system-err>
        </testcase>
        <testcase classname="src/renderer/features/agents/AgentSettingsView.test.tsx" name="AgentSettingsView &gt; main agent tab - editable mode &gt; shows shared settings info note" time="0.017120415">
            <system-err>
An update to AgentSettingsView inside a test was not wrapped in act(...).

When testing, code that causes React state updates should be wrapped into act(...):

act(() =&gt; {
  /* fire events that update state */
});
/* assert on the output */

This ensures that you&apos;re testing the behavior the user would see in the browser. Learn more at https://react.dev/link/wrap-tests-with-act
An update to AgentSettingsView inside a test was not wrapped in act(...).

When testing, code that causes React state updates should be wrapped into act(...):

act(() =&gt; {
  /* fire events that update state */
});
/* assert on the output */

This ensures that you&apos;re testing the behavior the user would see in the browser. Learn more at https://react.dev/link/wrap-tests-with-act
An update to AgentSettingsView inside a test was not wrapped in act(...).

When testing, code that causes React state updates should be wrapped into act(...):

act(() =&gt; {
  /* fire events that update state */
});
/* assert on the output */

This ensures that you&apos;re testing the behavior the user would see in the browser. Learn more at https://react.dev/link/wrap-tests-with-act
An update to AgentSettingsView inside a test was not wrapped in act(...).

When testing, code that causes React state updates should be wrapped into act(...):

act(() =&gt; {
  /* fire events that update state */
});
/* assert on the output */

This ensures that you&apos;re testing the behavior the user would see in the browser. Learn more at https://react.dev/link/wrap-tests-with-act
An update to AgentSettingsView inside a test was not wrapped in act(...).

When testing, code that causes React state updates should be wrapped into act(...):

act(() =&gt; {
  /* fire events that update state */
});
/* assert on the output */

This ensures that you&apos;re testing the behavior the user would see in the browser. Learn more at https://react.dev/link/wrap-tests-with-act
An update to AgentSettingsView inside a test was not wrapped in act(...).

When testing, code that causes React state updates should be wrapped into act(...):

act(() =&gt; {
  /* fire events that update state */
});
/* assert on the output */

This ensures that you&apos;re testing the behavior the user would see in the browser. Learn more at https://react.dev/link/wrap-tests-with-act
An update to AgentSettingsView inside a test was not wrapped in act(...).

When testing, code that causes React state updates should be wrapped into act(...):

act(() =&gt; {
  /* fire events that update state */
});
/* assert on the output */

This ensures that you&apos;re testing the behavior the user would see in the browser. Learn more at https://react.dev/link/wrap-tests-with-act
An update to AgentSettingsView inside a test was not wrapped in act(...).

When testing, code that causes React state updates should be wrapped into act(...):

act(() =&gt; {
  /* fire events that update state */
});
/* assert on the output */

This ensures that you&apos;re testing the behavior the user would see in the browser. Learn more at https://react.dev/link/wrap-tests-with-act

            </system-err>
        </testcase>
        <testcase classname="src/renderer/features/agents/AgentSettingsView.test.tsx" name="AgentSettingsView &gt; clubhouse mode &gt; shows clubhouse mode banner when active" time="0.014904577">
            <system-err>
An update to AgentSettingsView inside a test was not wrapped in act(...).

When testing, code that causes React state updates should be wrapped into act(...):

act(() =&gt; {
  /* fire events that update state */
});
/* assert on the output */

This ensures that you&apos;re testing the behavior the user would see in the browser. Learn more at https://react.dev/link/wrap-tests-with-act
An update to AgentSettingsView inside a test was not wrapped in act(...).

When testing, code that causes React state updates should be wrapped into act(...):

act(() =&gt; {
  /* fire events that update state */
});
/* assert on the output */

This ensures that you&apos;re testing the behavior the user would see in the browser. Learn more at https://react.dev/link/wrap-tests-with-act
An update to AgentSettingsView inside a test was not wrapped in act(...).

When testing, code that causes React state updates should be wrapped into act(...):

act(() =&gt; {
  /* fire events that update state */
});
/* assert on the output */

This ensures that you&apos;re testing the behavior the user would see in the browser. Learn more at https://react.dev/link/wrap-tests-with-act
An update to AgentSettingsView inside a test was not wrapped in act(...).

When testing, code that causes React state updates should be wrapped into act(...):

act(() =&gt; {
  /* fire events that update state */
});
/* assert on the output */

This ensures that you&apos;re testing the behavior the user would see in the browser. Learn more at https://react.dev/link/wrap-tests-with-act
An update to AgentSettingsView inside a test was not wrapped in act(...).

When testing, code that causes React state updates should be wrapped into act(...):

act(() =&gt; {
  /* fire events that update state */
});
/* assert on the output */

This ensures that you&apos;re testing the behavior the user would see in the browser. Learn more at https://react.dev/link/wrap-tests-with-act
An update to AgentSettingsView inside a test was not wrapped in act(...).

When testing, code that causes React state updates should be wrapped into act(...):

act(() =&gt; {
  /* fire events that update state */
});
/* assert on the output */

This ensures that you&apos;re testing the behavior the user would see in the browser. Learn more at https://react.dev/link/wrap-tests-with-act
An update to AgentSettingsView inside a test was not wrapped in act(...).

When testing, code that causes React state updates should be wrapped into act(...):

act(() =&gt; {
  /* fire events that update state */
});
/* assert on the output */

This ensures that you&apos;re testing the behavior the user would see in the browser. Learn more at https://react.dev/link/wrap-tests-with-act
An update to AgentSettingsView inside a test was not wrapped in act(...).

When testing, code that causes React state updates should be wrapped into act(...):

act(() =&gt; {
  /* fire events that update state */
});
/* assert on the output */

This ensures that you&apos;re testing the behavior the user would see in the browser. Learn more at https://react.dev/link/wrap-tests-with-act
An update to AgentSettingsView inside a test was not wrapped in act(...).

When testing, code that causes React state updates should be wrapped into act(...):

act(() =&gt; {
  /* fire events that update state */
});
/* assert on the output */

This ensures that you&apos;re testing the behavior the user would see in the browser. Learn more at https://react.dev/link/wrap-tests-with-act
An update to AgentSettingsView inside a test was not wrapped in act(...).

When testing, code that causes React state updates should be wrapped into act(...):

act(() =&gt; {
  /* fire events that update state */
});
/* assert on the output */

This ensures that you&apos;re testing the behavior the user would see in the browser. Learn more at https://react.dev/link/wrap-tests-with-act
An update to AgentSettingsView inside a test was not wrapped in act(...).

When testing, code that causes React state updates should be wrapped into act(...):

act(() =&gt; {
  /* fire events that update state */
});
/* assert on the output */

This ensures that you&apos;re testing the behavior the user would see in the browser. Learn more at https://react.dev/link/wrap-tests-with-act

            </system-err>
        </testcase>
        <testcase classname="src/renderer/features/agents/AgentSettingsView.test.tsx" name="AgentSettingsView &gt; clubhouse mode &gt; shows managed mode message when no override" time="0.012713759">
            <system-err>
An update to AgentSettingsView inside a test was not wrapped in act(...).

When testing, code that causes React state updates should be wrapped into act(...):

act(() =&gt; {
  /* fire events that update state */
});
/* assert on the output */

This ensures that you&apos;re testing the behavior the user would see in the browser. Learn more at https://react.dev/link/wrap-tests-with-act
An update to AgentSettingsView inside a test was not wrapped in act(...).

When testing, code that causes React state updates should be wrapped into act(...):

act(() =&gt; {
  /* fire events that update state */
});
/* assert on the output */

This ensures that you&apos;re testing the behavior the user would see in the browser. Learn more at https://react.dev/link/wrap-tests-with-act
An update to AgentSettingsView inside a test was not wrapped in act(...).

When testing, code that causes React state updates should be wrapped into act(...):

act(() =&gt; {
  /* fire events that update state */
});
/* assert on the output */

This ensures that you&apos;re testing the behavior the user would see in the browser. Learn more at https://react.dev/link/wrap-tests-with-act
An update to AgentSettingsView inside a test was not wrapped in act(...).

When testing, code that causes React state updates should be wrapped into act(...):

act(() =&gt; {
  /* fire events that update state */
});
/* assert on the output */

This ensures that you&apos;re testing the behavior the user would see in the browser. Learn more at https://react.dev/link/wrap-tests-with-act
An update to AgentSettingsView inside a test was not wrapped in act(...).

When testing, code that causes React state updates should be wrapped into act(...):

act(() =&gt; {
  /* fire events that update state */
});
/* assert on the output */

This ensures that you&apos;re testing the behavior the user would see in the browser. Learn more at https://react.dev/link/wrap-tests-with-act
An update to AgentSettingsView inside a test was not wrapped in act(...).

When testing, code that causes React state updates should be wrapped into act(...):

act(() =&gt; {
  /* fire events that update state */
});
/* assert on the output */

This ensures that you&apos;re testing the behavior the user would see in the browser. Learn more at https://react.dev/link/wrap-tests-with-act
An update to AgentSettingsView inside a test was not wrapped in act(...).

When testing, code that causes React state updates should be wrapped into act(...):

act(() =&gt; {
  /* fire events that update state */
});
/* assert on the output */

This ensures that you&apos;re testing the behavior the user would see in the browser. Learn more at https://react.dev/link/wrap-tests-with-act
An update to AgentSettingsView inside a test was not wrapped in act(...).

When testing, code that causes React state updates should be wrapped into act(...):

act(() =&gt; {
  /* fire events that update state */
});
/* assert on the output */

This ensures that you&apos;re testing the behavior the user would see in the browser. Learn more at https://react.dev/link/wrap-tests-with-act
An update to AgentSettingsView inside a test was not wrapped in act(...).

When testing, code that causes React state updates should be wrapped into act(...):

act(() =&gt; {
  /* fire events that update state */
});
/* assert on the output */

This ensures that you&apos;re testing the behavior the user would see in the browser. Learn more at https://react.dev/link/wrap-tests-with-act
An update to AgentSettingsView inside a test was not wrapped in act(...).

When testing, code that causes React state updates should be wrapped into act(...):

act(() =&gt; {
  /* fire events that update state */
});
/* assert on the output */

This ensures that you&apos;re testing the behavior the user would see in the browser. Learn more at https://react.dev/link/wrap-tests-with-act
An update to AgentSettingsView inside a test was not wrapped in act(...).

When testing, code that causes React state updates should be wrapped into act(...):

act(() =&gt; {
  /* fire events that update state */
});
/* assert on the output */

This ensures that you&apos;re testing the behavior the user would see in the browser. Learn more at https://react.dev/link/wrap-tests-with-act

            </system-err>
        </testcase>
        <testcase classname="src/renderer/features/agents/AgentSettingsView.test.tsx" name="AgentSettingsView &gt; clubhouse mode &gt; shows local override checkbox" time="0.017818394">
            <system-err>
An update to AgentSettingsView inside a test was not wrapped in act(...).

When testing, code that causes React state updates should be wrapped into act(...):

act(() =&gt; {
  /* fire events that update state */
});
/* assert on the output */

This ensures that you&apos;re testing the behavior the user would see in the browser. Learn more at https://react.dev/link/wrap-tests-with-act
An update to AgentSettingsView inside a test was not wrapped in act(...).

When testing, code that causes React state updates should be wrapped into act(...):

act(() =&gt; {
  /* fire events that update state */
});
/* assert on the output */

This ensures that you&apos;re testing the behavior the user would see in the browser. Learn more at https://react.dev/link/wrap-tests-with-act
An update to AgentSettingsView inside a test was not wrapped in act(...).

When testing, code that causes React state updates should be wrapped into act(...):

act(() =&gt; {
  /* fire events that update state */
});
/* assert on the output */

This ensures that you&apos;re testing the behavior the user would see in the browser. Learn more at https://react.dev/link/wrap-tests-with-act
An update to AgentSettingsView inside a test was not wrapped in act(...).

When testing, code that causes React state updates should be wrapped into act(...):

act(() =&gt; {
  /* fire events that update state */
});
/* assert on the output */

This ensures that you&apos;re testing the behavior the user would see in the browser. Learn more at https://react.dev/link/wrap-tests-with-act
An update to AgentSettingsView inside a test was not wrapped in act(...).

When testing, code that causes React state updates should be wrapped into act(...):

act(() =&gt; {
  /* fire events that update state */
});
/* assert on the output */

This ensures that you&apos;re testing the behavior the user would see in the browser. Learn more at https://react.dev/link/wrap-tests-with-act
An update to AgentSettingsView inside a test was not wrapped in act(...).

When testing, code that causes React state updates should be wrapped into act(...):

act(() =&gt; {
  /* fire events that update state */
});
/* assert on the output */

This ensures that you&apos;re testing the behavior the user would see in the browser. Learn more at https://react.dev/link/wrap-tests-with-act
An update to AgentSettingsView inside a test was not wrapped in act(...).

When testing, code that causes React state updates should be wrapped into act(...):

act(() =&gt; {
  /* fire events that update state */
});
/* assert on the output */

This ensures that you&apos;re testing the behavior the user would see in the browser. Learn more at https://react.dev/link/wrap-tests-with-act
An update to AgentSettingsView inside a test was not wrapped in act(...).

When testing, code that causes React state updates should be wrapped into act(...):

act(() =&gt; {
  /* fire events that update state */
});
/* assert on the output */

This ensures that you&apos;re testing the behavior the user would see in the browser. Learn more at https://react.dev/link/wrap-tests-with-act
An update to AgentSettingsView inside a test was not wrapped in act(...).

When testing, code that causes React state updates should be wrapped into act(...):

act(() =&gt; {
  /* fire events that update state */
});
/* assert on the output */

This ensures that you&apos;re testing the behavior the user would see in the browser. Learn more at https://react.dev/link/wrap-tests-with-act
An update to AgentSettingsView inside a test was not wrapped in act(...).

When testing, code that causes React state updates should be wrapped into act(...):

act(() =&gt; {
  /* fire events that update state */
});
/* assert on the output */

This ensures that you&apos;re testing the behavior the user would see in the browser. Learn more at https://react.dev/link/wrap-tests-with-act
An update to AgentSettingsView inside a test was not wrapped in act(...).

When testing, code that causes React state updates should be wrapped into act(...):

act(() =&gt; {
  /* fire events that update state */
});
/* assert on the output */

This ensures that you&apos;re testing the behavior the user would see in the browser. Learn more at https://react.dev/link/wrap-tests-with-act

            </system-err>
        </testcase>
        <testcase classname="src/renderer/features/agents/AgentSettingsView.test.tsx" name="AgentSettingsView &gt; clubhouse mode &gt; hides editable sections when managed by clubhouse" time="0.036671137">
        </testcase>
        <testcase classname="src/renderer/features/agents/AgentSettingsView.test.tsx" name="AgentSettingsView &gt; clubhouse mode &gt; shows materialization preview when managed" time="0.044838867">
        </testcase>
        <testcase classname="src/renderer/features/agents/AgentSettingsView.test.tsx" name="AgentSettingsView &gt; clubhouse mode &gt; shows resolved permissions in preview" time="0.0332788">
        </testcase>
        <testcase classname="src/renderer/features/agents/AgentSettingsView.test.tsx" name="AgentSettingsView &gt; clubhouse mode &gt; shows managed skills in preview" time="0.039308402">
        </testcase>
        <testcase classname="src/renderer/features/agents/AgentSettingsView.test.tsx" name="AgentSettingsView &gt; clubhouse mode &gt; shows managed agent templates in preview" time="0.041809489">
        </testcase>
        <testcase classname="src/renderer/features/agents/AgentSettingsView.test.tsx" name="AgentSettingsView &gt; clubhouse mode &gt; shows override message when override is enabled" time="0.045177942">
        </testcase>
        <testcase classname="src/renderer/features/agents/AgentSettingsView.test.tsx" name="AgentSettingsView &gt; clubhouse mode &gt; shows editable sections when override is enabled" time="0.036912264">
        </testcase>
        <testcase classname="src/renderer/features/agents/AgentSettingsView.test.tsx" name="AgentSettingsView &gt; clubhouse mode &gt; toggles override on checkbox click" time="0.328897235">
        </testcase>
        <testcase classname="src/renderer/features/agents/AgentSettingsView.test.tsx" name="AgentSettingsView &gt; clubhouse mode &gt; shows resolved info note when managed" time="0.019133627">
            <system-err>
An update to AgentSettingsView inside a test was not wrapped in act(...).

When testing, code that causes React state updates should be wrapped into act(...):

act(() =&gt; {
  /* fire events that update state */
});
/* assert on the output */

This ensures that you&apos;re testing the behavior the user would see in the browser. Learn more at https://react.dev/link/wrap-tests-with-act
An update to AgentSettingsView inside a test was not wrapped in act(...).

When testing, code that causes React state updates should be wrapped into act(...):

act(() =&gt; {
  /* fire events that update state */
});
/* assert on the output */

This ensures that you&apos;re testing the behavior the user would see in the browser. Learn more at https://react.dev/link/wrap-tests-with-act
An update to AgentSettingsView inside a test was not wrapped in act(...).

When testing, code that causes React state updates should be wrapped into act(...):

act(() =&gt; {
  /* fire events that update state */
});
/* assert on the output */

This ensures that you&apos;re testing the behavior the user would see in the browser. Learn more at https://react.dev/link/wrap-tests-with-act
An update to AgentSettingsView inside a test was not wrapped in act(...).

When testing, code that causes React state updates should be wrapped into act(...):

act(() =&gt; {
  /* fire events that update state */
});
/* assert on the output */

This ensures that you&apos;re testing the behavior the user would see in the browser. Learn more at https://react.dev/link/wrap-tests-with-act
An update to AgentSettingsView inside a test was not wrapped in act(...).

When testing, code that causes React state updates should be wrapped into act(...):

act(() =&gt; {
  /* fire events that update state */
});
/* assert on the output */

This ensures that you&apos;re testing the behavior the user would see in the browser. Learn more at https://react.dev/link/wrap-tests-with-act
An update to AgentSettingsView inside a test was not wrapped in act(...).

When testing, code that causes React state updates should be wrapped into act(...):

act(() =&gt; {
  /* fire events that update state */
});
/* assert on the output */

This ensures that you&apos;re testing the behavior the user would see in the browser. Learn more at https://react.dev/link/wrap-tests-with-act
An update to AgentSettingsView inside a test was not wrapped in act(...).

When testing, code that causes React state updates should be wrapped into act(...):

act(() =&gt; {
  /* fire events that update state */
});
/* assert on the output */

This ensures that you&apos;re testing the behavior the user would see in the browser. Learn more at https://react.dev/link/wrap-tests-with-act
An update to AgentSettingsView inside a test was not wrapped in act(...).

When testing, code that causes React state updates should be wrapped into act(...):

act(() =&gt; {
  /* fire events that update state */
});
/* assert on the output */

This ensures that you&apos;re testing the behavior the user would see in the browser. Learn more at https://react.dev/link/wrap-tests-with-act
An update to AgentSettingsView inside a test was not wrapped in act(...).

When testing, code that causes React state updates should be wrapped into act(...):

act(() =&gt; {
  /* fire events that update state */
});
/* assert on the output */

This ensures that you&apos;re testing the behavior the user would see in the browser. Learn more at https://react.dev/link/wrap-tests-with-act
An update to AgentSettingsView inside a test was not wrapped in act(...).

When testing, code that causes React state updates should be wrapped into act(...):

act(() =&gt; {
  /* fire events that update state */
});
/* assert on the output */

This ensures that you&apos;re testing the behavior the user would see in the browser. Learn more at https://react.dev/link/wrap-tests-with-act
An update to AgentSettingsView inside a test was not wrapped in act(...).

When testing, code that causes React state updates should be wrapped into act(...):

act(() =&gt; {
  /* fire events that update state */
});
/* assert on the output */

This ensures that you&apos;re testing the behavior the user would see in the browser. Learn more at https://react.dev/link/wrap-tests-with-act

            </system-err>
        </testcase>
        <testcase classname="src/renderer/features/agents/AgentSettingsView.test.tsx" name="AgentSettingsView &gt; clubhouse mode banner not shown when off &gt; does not show clubhouse banner when mode is off" time="0.013851605">
            <system-err>
An update to AgentSettingsView inside a test was not wrapped in act(...).

When testing, code that causes React state updates should be wrapped into act(...):

act(() =&gt; {
  /* fire events that update state */
});
/* assert on the output */

This ensures that you&apos;re testing the behavior the user would see in the browser. Learn more at https://react.dev/link/wrap-tests-with-act
An update to AgentSettingsView inside a test was not wrapped in act(...).

When testing, code that causes React state updates should be wrapped into act(...):

act(() =&gt; {
  /* fire events that update state */
});
/* assert on the output */

This ensures that you&apos;re testing the behavior the user would see in the browser. Learn more at https://react.dev/link/wrap-tests-with-act
An update to AgentSettingsView inside a test was not wrapped in act(...).

When testing, code that causes React state updates should be wrapped into act(...):

act(() =&gt; {
  /* fire events that update state */
});
/* assert on the output */

This ensures that you&apos;re testing the behavior the user would see in the browser. Learn more at https://react.dev/link/wrap-tests-with-act
An update to AgentSettingsView inside a test was not wrapped in act(...).

When testing, code that causes React state updates should be wrapped into act(...):

act(() =&gt; {
  /* fire events that update state */
});
/* assert on the output */

This ensures that you&apos;re testing the behavior the user would see in the browser. Learn more at https://react.dev/link/wrap-tests-with-act
An update to AgentSettingsView inside a test was not wrapped in act(...).

When testing, code that causes React state updates should be wrapped into act(...):

act(() =&gt; {
  /* fire events that update state */
});
/* assert on the output */

This ensures that you&apos;re testing the behavior the user would see in the browser. Learn more at https://react.dev/link/wrap-tests-with-act
An update to AgentSettingsView inside a test was not wrapped in act(...).

When testing, code that causes React state updates should be wrapped into act(...):

act(() =&gt; {
  /* fire events that update state */
});
/* assert on the output */

This ensures that you&apos;re testing the behavior the user would see in the browser. Learn more at https://react.dev/link/wrap-tests-with-act
An update to AgentSettingsView inside a test was not wrapped in act(...).

When testing, code that causes React state updates should be wrapped into act(...):

act(() =&gt; {
  /* fire events that update state */
});
/* assert on the output */

This ensures that you&apos;re testing the behavior the user would see in the browser. Learn more at https://react.dev/link/wrap-tests-with-act
An update to AgentSettingsView inside a test was not wrapped in act(...).

When testing, code that causes React state updates should be wrapped into act(...):

act(() =&gt; {
  /* fire events that update state */
});
/* assert on the output */

This ensures that you&apos;re testing the behavior the user would see in the browser. Learn more at https://react.dev/link/wrap-tests-with-act

            </system-err>
        </testcase>
        <testcase classname="src/renderer/features/agents/AgentSettingsView.test.tsx" name="AgentSettingsView &gt; utility terminal &gt; renders utility shell toggle" time="0.013106078">
            <system-err>
An update to AgentSettingsView inside a test was not wrapped in act(...).

When testing, code that causes React state updates should be wrapped into act(...):

act(() =&gt; {
  /* fire events that update state */
});
/* assert on the output */

This ensures that you&apos;re testing the behavior the user would see in the browser. Learn more at https://react.dev/link/wrap-tests-with-act
An update to AgentSettingsView inside a test was not wrapped in act(...).

When testing, code that causes React state updates should be wrapped into act(...):

act(() =&gt; {
  /* fire events that update state */
});
/* assert on the output */

This ensures that you&apos;re testing the behavior the user would see in the browser. Learn more at https://react.dev/link/wrap-tests-with-act
An update to AgentSettingsView inside a test was not wrapped in act(...).

When testing, code that causes React state updates should be wrapped into act(...):

act(() =&gt; {
  /* fire events that update state */
});
/* assert on the output */

This ensures that you&apos;re testing the behavior the user would see in the browser. Learn more at https://react.dev/link/wrap-tests-with-act
An update to AgentSettingsView inside a test was not wrapped in act(...).

When testing, code that causes React state updates should be wrapped into act(...):

act(() =&gt; {
  /* fire events that update state */
});
/* assert on the output */

This ensures that you&apos;re testing the behavior the user would see in the browser. Learn more at https://react.dev/link/wrap-tests-with-act
An update to AgentSettingsView inside a test was not wrapped in act(...).

When testing, code that causes React state updates should be wrapped into act(...):

act(() =&gt; {
  /* fire events that update state */
});
/* assert on the output */

This ensures that you&apos;re testing the behavior the user would see in the browser. Learn more at https://react.dev/link/wrap-tests-with-act
An update to AgentSettingsView inside a test was not wrapped in act(...).

When testing, code that causes React state updates should be wrapped into act(...):

act(() =&gt; {
  /* fire events that update state */
});
/* assert on the output */

This ensures that you&apos;re testing the behavior the user would see in the browser. Learn more at https://react.dev/link/wrap-tests-with-act
An update to AgentSettingsView inside a test was not wrapped in act(...).

When testing, code that causes React state updates should be wrapped into act(...):

act(() =&gt; {
  /* fire events that update state */
});
/* assert on the output */

This ensures that you&apos;re testing the behavior the user would see in the browser. Learn more at https://react.dev/link/wrap-tests-with-act
An update to AgentSettingsView inside a test was not wrapped in act(...).

When testing, code that causes React state updates should be wrapped into act(...):

act(() =&gt; {
  /* fire events that update state */
});
/* assert on the output */

This ensures that you&apos;re testing the behavior the user would see in the browser. Learn more at https://react.dev/link/wrap-tests-with-act

            </system-err>
        </testcase>
        <testcase classname="src/renderer/features/agents/AgentSettingsView.test.tsx" name="AgentSettingsView &gt; utility terminal &gt; expands terminal on click" time="0.016357005">
            <system-err>
An update to AgentSettingsView inside a test was not wrapped in act(...).

When testing, code that causes React state updates should be wrapped into act(...):

act(() =&gt; {
  /* fire events that update state */
});
/* assert on the output */

This ensures that you&apos;re testing the behavior the user would see in the browser. Learn more at https://react.dev/link/wrap-tests-with-act
An update to AgentSettingsView inside a test was not wrapped in act(...).

When testing, code that causes React state updates should be wrapped into act(...):

act(() =&gt; {
  /* fire events that update state */
});
/* assert on the output */

This ensures that you&apos;re testing the behavior the user would see in the browser. Learn more at https://react.dev/link/wrap-tests-with-act
An update to AgentSettingsView inside a test was not wrapped in act(...).

When testing, code that causes React state updates should be wrapped into act(...):

act(() =&gt; {
  /* fire events that update state */
});
/* assert on the output */

This ensures that you&apos;re testing the behavior the user would see in the browser. Learn more at https://react.dev/link/wrap-tests-with-act
An update to AgentSettingsView inside a test was not wrapped in act(...).

When testing, code that causes React state updates should be wrapped into act(...):

act(() =&gt; {
  /* fire events that update state */
});
/* assert on the output */

This ensures that you&apos;re testing the behavior the user would see in the browser. Learn more at https://react.dev/link/wrap-tests-with-act
An update to AgentSettingsView inside a test was not wrapped in act(...).

When testing, code that causes React state updates should be wrapped into act(...):

act(() =&gt; {
  /* fire events that update state */
});
/* assert on the output */

This ensures that you&apos;re testing the behavior the user would see in the browser. Learn more at https://react.dev/link/wrap-tests-with-act
An update to AgentSettingsView inside a test was not wrapped in act(...).

When testing, code that causes React state updates should be wrapped into act(...):

act(() =&gt; {
  /* fire events that update state */
});
/* assert on the output */

This ensures that you&apos;re testing the behavior the user would see in the browser. Learn more at https://react.dev/link/wrap-tests-with-act
An update to AgentSettingsView inside a test was not wrapped in act(...).

When testing, code that causes React state updates should be wrapped into act(...):

act(() =&gt; {
  /* fire events that update state */
});
/* assert on the output */

This ensures that you&apos;re testing the behavior the user would see in the browser. Learn more at https://react.dev/link/wrap-tests-with-act
An update to AgentSettingsView inside a test was not wrapped in act(...).

When testing, code that causes React state updates should be wrapped into act(...):

act(() =&gt; {
  /* fire events that update state */
});
/* assert on the output */

This ensures that you&apos;re testing the behavior the user would see in the browser. Learn more at https://react.dev/link/wrap-tests-with-act

            </system-err>
        </testcase>
    </testsuite>
    <testsuite name="src/renderer/features/agents/AgentTemplatesSection.test.tsx" timestamp="2026-03-25T04:47:30.223Z" hostname="runnervm46oaq" tests="18" failures="0" errors="0" skipped="0" time="0.786883407">
        <testcase classname="src/renderer/features/agents/AgentTemplatesSection.test.tsx" name="AgentTemplatesSection &gt; list view &gt; renders the Agent Definitions heading" time="0.04525357">
            <system-err>
An update to AgentTemplatesSection inside a test was not wrapped in act(...).

When testing, code that causes React state updates should be wrapped into act(...):

act(() =&gt; {
  /* fire events that update state */
});
/* assert on the output */

This ensures that you&apos;re testing the behavior the user would see in the browser. Learn more at https://react.dev/link/wrap-tests-with-act

            </system-err>
        </testcase>
        <testcase classname="src/renderer/features/agents/AgentTemplatesSection.test.tsx" name="AgentTemplatesSection &gt; list view &gt; renders template entries after loading" time="0.035314964">
        </testcase>
        <testcase classname="src/renderer/features/agents/AgentTemplatesSection.test.tsx" name="AgentTemplatesSection &gt; list view &gt; renders empty state when no templates exist" time="0.013026789">
        </testcase>
        <testcase classname="src/renderer/features/agents/AgentTemplatesSection.test.tsx" name="AgentTemplatesSection &gt; list view &gt; renders the + Agent button" time="0.020428156">
        </testcase>
        <testcase classname="src/renderer/features/agents/AgentTemplatesSection.test.tsx" name="AgentTemplatesSection &gt; list view &gt; shows custom path label" time="0.00471502">
            <system-err>
An update to AgentTemplatesSection inside a test was not wrapped in act(...).

When testing, code that causes React state updates should be wrapped into act(...):

act(() =&gt; {
  /* fire events that update state */
});
/* assert on the output */

This ensures that you&apos;re testing the behavior the user would see in the browser. Learn more at https://react.dev/link/wrap-tests-with-act

            </system-err>
        </testcase>
        <testcase classname="src/renderer/features/agents/AgentTemplatesSection.test.tsx" name="AgentTemplatesSection &gt; list view &gt; shows default path label" time="0.004238353">
            <system-err>
An update to AgentTemplatesSection inside a test was not wrapped in act(...).

When testing, code that causes React state updates should be wrapped into act(...):

act(() =&gt; {
  /* fire events that update state */
});
/* assert on the output */

This ensures that you&apos;re testing the behavior the user would see in the browser. Learn more at https://react.dev/link/wrap-tests-with-act

            </system-err>
        </testcase>
        <testcase classname="src/renderer/features/agents/AgentTemplatesSection.test.tsx" name="AgentTemplatesSection &gt; list view &gt; disables + Agent button when disabled" time="0.008529304">
        </testcase>
        <testcase classname="src/renderer/features/agents/AgentTemplatesSection.test.tsx" name="AgentTemplatesSection &gt; create flow &gt; switches to create view on + Agent click" time="0.024201704">
        </testcase>
        <testcase classname="src/renderer/features/agents/AgentTemplatesSection.test.tsx" name="AgentTemplatesSection &gt; create flow &gt; Save button is disabled when name is empty" time="0.015923216">
        </testcase>
        <testcase classname="src/renderer/features/agents/AgentTemplatesSection.test.tsx" name="AgentTemplatesSection &gt; create flow &gt; saves new template and returns to list" time="0.027621285">
        </testcase>
        <testcase classname="src/renderer/features/agents/AgentTemplatesSection.test.tsx" name="AgentTemplatesSection &gt; create flow &gt; Cancel returns to list view" time="0.020548469">
        </testcase>
        <testcase classname="src/renderer/features/agents/AgentTemplatesSection.test.tsx" name="AgentTemplatesSection &gt; edit flow &gt; switches to edit view when template name is clicked" time="0.018668693">
        </testcase>
        <testcase classname="src/renderer/features/agents/AgentTemplatesSection.test.tsx" name="AgentTemplatesSection &gt; edit flow &gt; saves edited template" time="0.031257087">
        </testcase>
        <testcase classname="src/renderer/features/agents/AgentTemplatesSection.test.tsx" name="AgentTemplatesSection &gt; delete flow &gt; shows delete confirmation dialog" time="0.01886054">
        </testcase>
        <testcase classname="src/renderer/features/agents/AgentTemplatesSection.test.tsx" name="AgentTemplatesSection &gt; delete flow &gt; deletes template when confirmed" time="0.446778608">
        </testcase>
        <testcase classname="src/renderer/features/agents/AgentTemplatesSection.test.tsx" name="AgentTemplatesSection &gt; delete flow &gt; cancels delete on Cancel click" time="0.024761012">
        </testcase>
        <testcase classname="src/renderer/features/agents/AgentTemplatesSection.test.tsx" name="AgentTemplatesSection &gt; delete flow &gt; disables delete when disabled" time="0.011010759">
        </testcase>
        <testcase classname="src/renderer/features/agents/AgentTemplatesSection.test.tsx" name="AgentTemplatesSection &gt; open folder &gt; calls showInFolder with template path" time="0.010433826">
        </testcase>
    </testsuite>
    <testsuite name="src/renderer/features/agents/AgentTerminal.test.tsx" timestamp="2026-03-25T04:47:30.227Z" hostname="runnervm46oaq" tests="48" failures="0" errors="0" skipped="0" time="0.292958237">
        <testcase classname="src/renderer/features/agents/AgentTerminal.test.tsx" name="AgentTerminal &gt; initialization &gt; creates a Terminal instance with theme colors" time="0.046263715">
        </testcase>
        <testcase classname="src/renderer/features/agents/AgentTerminal.test.tsx" name="AgentTerminal &gt; initialization &gt; creates and loads FitAddon" time="0.007321499">
        </testcase>
        <testcase classname="src/renderer/features/agents/AgentTerminal.test.tsx" name="AgentTerminal &gt; initialization &gt; opens terminal on the container element" time="0.005628519">
        </testcase>
        <testcase classname="src/renderer/features/agents/AgentTerminal.test.tsx" name="AgentTerminal &gt; initialization &gt; calls fit and resize on mount" time="0.005297584">
        </testcase>
        <testcase classname="src/renderer/features/agents/AgentTerminal.test.tsx" name="AgentTerminal &gt; initialization &gt; requests buffer content on mount" time="0.005151332">
        </testcase>
        <testcase classname="src/renderer/features/agents/AgentTerminal.test.tsx" name="AgentTerminal &gt; initialization &gt; loads clipboard settings on mount" time="0.003446321">
        </testcase>
        <testcase classname="src/renderer/features/agents/AgentTerminal.test.tsx" name="AgentTerminal &gt; PTY communication &gt; subscribes to PTY onData events" time="0.00287068">
        </testcase>
        <testcase classname="src/renderer/features/agents/AgentTerminal.test.tsx" name="AgentTerminal &gt; PTY communication &gt; subscribes to PTY onExit events" time="0.003001473">
        </testcase>
        <testcase classname="src/renderer/features/agents/AgentTerminal.test.tsx" name="AgentTerminal &gt; PTY communication &gt; forwards terminal input to PTY write" time="0.005529976">
        </testcase>
        <testcase classname="src/renderer/features/agents/AgentTerminal.test.tsx" name="AgentTerminal &gt; PTY communication &gt; writes PTY data to terminal for matching agentId after buffer replay" time="0.004071914">
        </testcase>
        <testcase classname="src/renderer/features/agents/AgentTerminal.test.tsx" name="AgentTerminal &gt; PTY communication &gt; gates onData until buffer replay completes to prevent double-display" time="0.005932796">
        </testcase>
        <testcase classname="src/renderer/features/agents/AgentTerminal.test.tsx" name="AgentTerminal &gt; PTY communication &gt; queues multiple live data chunks during buffer fetch and replays in order" time="0.003200113">
        </testcase>
        <testcase classname="src/renderer/features/agents/AgentTerminal.test.tsx" name="AgentTerminal &gt; PTY communication &gt; ignores PTY data for other agentIds" time="0.002670678">
        </testcase>
        <testcase classname="src/renderer/features/agents/AgentTerminal.test.tsx" name="AgentTerminal &gt; PTY communication &gt; writes reset sequences on exit for matching agent" time="0.004212466">
        </testcase>
        <testcase classname="src/renderer/features/agents/AgentTerminal.test.tsx" name="AgentTerminal &gt; cleanup on unmount &gt; removes PTY listeners on unmount" time="0.001871952">
        </testcase>
        <testcase classname="src/renderer/features/agents/AgentTerminal.test.tsx" name="AgentTerminal &gt; cleanup on unmount &gt; disconnects ResizeObserver on unmount" time="0.004399223">
        </testcase>
        <testcase classname="src/renderer/features/agents/AgentTerminal.test.tsx" name="AgentTerminal &gt; cleanup on unmount &gt; disposes terminal on unmount" time="0.001638338">
        </testcase>
        <testcase classname="src/renderer/features/agents/AgentTerminal.test.tsx" name="AgentTerminal &gt; theme updates &gt; updates terminal theme when theme store changes" time="0.003402118">
        </testcase>
        <testcase classname="src/renderer/features/agents/AgentTerminal.test.tsx" name="AgentTerminal &gt; gradient transparency &gt; uses transparent background when gradient is active" time="0.002579147">
        </testcase>
        <testcase classname="src/renderer/features/agents/AgentTerminal.test.tsx" name="AgentTerminal &gt; gradient transparency &gt; uses normal background when gradient is not active" time="0.001917967">
        </testcase>
        <testcase classname="src/renderer/features/agents/AgentTerminal.test.tsx" name="AgentTerminal &gt; gradient transparency &gt; uses normal background when no gradient background is defined" time="0.004111878">
        </testcase>
        <testcase classname="src/renderer/features/agents/AgentTerminal.test.tsx" name="AgentTerminal &gt; gradient transparency &gt; live-updates to transparent when gradient is toggled on" time="0.014539675">
        </testcase>
        <testcase classname="src/renderer/features/agents/AgentTerminal.test.tsx" name="AgentTerminal &gt; experimental mono font &gt; updates terminal fontFamily when experimental mono font is set" time="0.003192869">
        </testcase>
        <testcase classname="src/renderer/features/agents/AgentTerminal.test.tsx" name="AgentTerminal &gt; experimental mono font &gt; does not update fontFamily when experimentalGradients is off" time="0.002738574">
        </testcase>
        <testcase classname="src/renderer/features/agents/AgentTerminal.test.tsx" name="AgentTerminal &gt; focus behavior &gt; focuses terminal when focused prop is true" time="0.006138338">
        </testcase>
        <testcase classname="src/renderer/features/agents/AgentTerminal.test.tsx" name="AgentTerminal &gt; focus behavior &gt; re-focuses terminal on mousedown for focus recovery" time="0.016642326">
        </testcase>
        <testcase classname="src/renderer/features/agents/AgentTerminal.test.tsx" name="AgentTerminal &gt; clipboard &gt; attaches clipboard handlers when clipboardCompat is true" time="0.002548189">
        </testcase>
        <testcase classname="src/renderer/features/agents/AgentTerminal.test.tsx" name="AgentTerminal &gt; clipboard &gt; does not attach clipboard handlers when clipboardCompat is false" time="0.002909762">
        </testcase>
        <testcase classname="src/renderer/features/agents/AgentTerminal.test.tsx" name="AgentTerminal &gt; container rendering &gt; renders a container div with padding" time="0.006243644">
        </testcase>
        <testcase classname="src/renderer/features/agents/AgentTerminal.test.tsx" name="AgentTerminal &gt; remote file drop banner &gt; shows banner when files are dropped on a remote agent terminal" time="0.028710875">
        </testcase>
        <testcase classname="src/renderer/features/agents/AgentTerminal.test.tsx" name="AgentTerminal &gt; remote file drop banner &gt; does not show banner for local agent file drop" time="0.006975858">
        </testcase>
        <testcase classname="src/renderer/features/agents/AgentTerminal.test.tsx" name="AgentTerminal &gt; scroll guardian and scroll-to-bottom button &gt; does not show scroll-to-bottom button when at bottom" time="0.002535627">
        </testcase>
        <testcase classname="src/renderer/features/agents/AgentTerminal.test.tsx" name="AgentTerminal &gt; scroll guardian and scroll-to-bottom button &gt; shows scroll-to-bottom button when scrolled up" time="0.006507855">
        </testcase>
        <testcase classname="src/renderer/features/agents/AgentTerminal.test.tsx" name="AgentTerminal &gt; scroll guardian and scroll-to-bottom button &gt; hides scroll-to-bottom button when user scrolls to bottom" time="0.00402145">
        </testcase>
        <testcase classname="src/renderer/features/agents/AgentTerminal.test.tsx" name="AgentTerminal &gt; scroll guardian and scroll-to-bottom button &gt; clicking scroll-to-bottom scrolls viewport to bottom" time="0.005920172">
        </testcase>
        <testcase classname="src/renderer/features/agents/AgentTerminal.test.tsx" name="AgentTerminal &gt; scroll guardian and scroll-to-bottom button &gt; scroll guardian detects unexpected reset to 0 and restores position" time="0.005362435">
        </testcase>
        <testcase classname="src/renderer/features/agents/AgentTerminal.test.tsx" name="AgentTerminal &gt; scroll guardian and scroll-to-bottom button &gt; scroll guardian detects near-zero reset (not just exact 0)" time="0.004502315">
        </testcase>
        <testcase classname="src/renderer/features/agents/AgentTerminal.test.tsx" name="AgentTerminal &gt; scroll guardian and scroll-to-bottom button &gt; scroll guardian does not fire when lastKnown is below jump threshold" time="0.004557557">
        </testcase>
        <testcase classname="src/renderer/features/agents/AgentTerminal.test.tsx" name="AgentTerminal &gt; scroll guardian and scroll-to-bottom button &gt; does not show scroll-to-bottom button during resume" time="0.005355912">
        </testcase>
        <testcase classname="src/renderer/features/agents/AgentTerminal.test.tsx" name="AgentTerminal &gt; resume overlay &gt; shows resume overlay when agent.resuming is true" time="0.004242622">
        </testcase>
        <testcase classname="src/renderer/features/agents/AgentTerminal.test.tsx" name="AgentTerminal &gt; resume overlay &gt; does not show resume overlay when agent.resuming is falsy" time="0.002490152">
        </testcase>
        <testcase classname="src/renderer/features/agents/AgentTerminal.test.tsx" name="AgentTerminal &gt; resume overlay &gt; clears resuming after PTY data settles" time="0.004466568">
        </testcase>
        <testcase classname="src/renderer/features/agents/AgentTerminal.test.tsx" name="AgentTerminal &gt; resume overlay &gt; clears resuming via fallback timer if no data arrives" time="0.004682811">
        </testcase>
        <testcase classname="src/renderer/features/agents/AgentTerminal.test.tsx" name="AgentTerminal &gt; resume overlay &gt; triggers a re-fit after resume finishes" time="0.003696887">
        </testcase>
        <testcase classname="src/renderer/features/agents/AgentTerminal.test.tsx" name="AgentTerminal &gt; zone theme override &gt; uses zone theme terminal colors when zoneThemeId is provided" time="0.004107531">
        </testcase>
        <testcase classname="src/renderer/features/agents/AgentTerminal.test.tsx" name="AgentTerminal &gt; zone theme override &gt; falls back to global theme when zoneThemeId is unknown" time="0.002869888">
        </testcase>
        <testcase classname="src/renderer/features/agents/AgentTerminal.test.tsx" name="AgentTerminal &gt; zone theme override &gt; live-updates terminal colors when zoneThemeId changes" time="0.003692449">
        </testcase>
        <testcase classname="src/renderer/features/agents/AgentTerminal.test.tsx" name="AgentTerminal &gt; zone theme override &gt; does not use transparent background for zone-themed terminal even with gradient" time="0.002828782">
        </testcase>
    </testsuite>
    <testsuite name="src/renderer/features/agents/ConfigChangesDialog.test.tsx" timestamp="2026-03-25T04:47:30.238Z" hostname="runnervm46oaq" tests="25" failures="0" errors="0" skipped="0" time="0.832678463">
        <testcase classname="src/renderer/features/agents/ConfigChangesDialog.test.tsx" name="ConfigChangesDialog &gt; null guard &gt; renders nothing when no agentId" time="0.02160004">
        </testcase>
        <testcase classname="src/renderer/features/agents/ConfigChangesDialog.test.tsx" name="ConfigChangesDialog &gt; null guard &gt; renders nothing when no projectPath" time="0.00206429">
        </testcase>
        <testcase classname="src/renderer/features/agents/ConfigChangesDialog.test.tsx" name="ConfigChangesDialog &gt; loading state &gt; shows spinner while loading" time="0.018243032">
        </testcase>
        <testcase classname="src/renderer/features/agents/ConfigChangesDialog.test.tsx" name="ConfigChangesDialog &gt; empty state &gt; shows &quot;No config changes detected&quot; when no items" time="0.028493292">
        </testcase>
        <testcase classname="src/renderer/features/agents/ConfigChangesDialog.test.tsx" name="ConfigChangesDialog &gt; empty state &gt; shows agent name in empty message" time="0.006952022">
        </testcase>
        <testcase classname="src/renderer/features/agents/ConfigChangesDialog.test.tsx" name="ConfigChangesDialog &gt; empty state &gt; close button calls closeDialog" time="0.008726272">
        </testcase>
        <testcase classname="src/renderer/features/agents/ConfigChangesDialog.test.tsx" name="ConfigChangesDialog &gt; items rendering &gt; renders diff items grouped by category" time="0.016168566">
        </testcase>
        <testcase classname="src/renderer/features/agents/ConfigChangesDialog.test.tsx" name="ConfigChangesDialog &gt; items rendering &gt; renders item labels" time="0.014786285">
        </testcase>
        <testcase classname="src/renderer/features/agents/ConfigChangesDialog.test.tsx" name="ConfigChangesDialog &gt; items rendering &gt; renders action badges with correct symbols" time="0.013898616">
        </testcase>
        <testcase classname="src/renderer/features/agents/ConfigChangesDialog.test.tsx" name="ConfigChangesDialog &gt; items rendering &gt; shows selection count" time="0.012206596">
        </testcase>
        <testcase classname="src/renderer/features/agents/ConfigChangesDialog.test.tsx" name="ConfigChangesDialog &gt; checkbox interactions &gt; all items are checked by default" time="0.352232938">
        </testcase>
        <testcase classname="src/renderer/features/agents/ConfigChangesDialog.test.tsx" name="ConfigChangesDialog &gt; checkbox interactions &gt; unchecking an item updates selection count" time="0.147646643">
        </testcase>
        <testcase classname="src/renderer/features/agents/ConfigChangesDialog.test.tsx" name="ConfigChangesDialog &gt; checkbox interactions &gt; deselect all removes all selections" time="0.018306602">
        </testcase>
        <testcase classname="src/renderer/features/agents/ConfigChangesDialog.test.tsx" name="ConfigChangesDialog &gt; checkbox interactions &gt; select all after deselect restores all" time="0.024661364">
        </testcase>
        <testcase classname="src/renderer/features/agents/ConfigChangesDialog.test.tsx" name="ConfigChangesDialog &gt; expand/collapse diff view &gt; shows View diff button for instructions items" time="0.009702558">
        </testcase>
        <testcase classname="src/renderer/features/agents/ConfigChangesDialog.test.tsx" name="ConfigChangesDialog &gt; expand/collapse diff view &gt; clicking View diff shows diff content" time="0.010635564">
        </testcase>
        <testcase classname="src/renderer/features/agents/ConfigChangesDialog.test.tsx" name="ConfigChangesDialog &gt; expand/collapse diff view &gt; does not show View diff for permissions items" time="0.006324487">
        </testcase>
        <testcase classname="src/renderer/features/agents/ConfigChangesDialog.test.tsx" name="ConfigChangesDialog &gt; actions &gt; save button calls propagateConfigChanges with selected IDs" time="0.020149088">
        </testcase>
        <testcase classname="src/renderer/features/agents/ConfigChangesDialog.test.tsx" name="ConfigChangesDialog &gt; actions &gt; save button is disabled when nothing is selected" time="0.015078469">
        </testcase>
        <testcase classname="src/renderer/features/agents/ConfigChangesDialog.test.tsx" name="ConfigChangesDialog &gt; actions &gt; keep for agent calls updateDurableConfig" time="0.021429795">
        </testcase>
        <testcase classname="src/renderer/features/agents/ConfigChangesDialog.test.tsx" name="ConfigChangesDialog &gt; actions &gt; discard closes dialog without saving" time="0.009835095">
        </testcase>
        <testcase classname="src/renderer/features/agents/ConfigChangesDialog.test.tsx" name="ConfigChangesDialog &gt; keyboard and overlay &gt; pressing Escape closes the dialog" time="0.016362277">
        </testcase>
        <testcase classname="src/renderer/features/agents/ConfigChangesDialog.test.tsx" name="ConfigChangesDialog &gt; keyboard and overlay &gt; clicking the backdrop overlay closes the dialog" time="0.016039852">
        </testcase>
        <testcase classname="src/renderer/features/agents/ConfigChangesDialog.test.tsx" name="ConfigChangesDialog &gt; keyboard and overlay &gt; clicking inside the dialog does not close it" time="0.011142116">
        </testcase>
        <testcase classname="src/renderer/features/agents/ConfigChangesDialog.test.tsx" name="ConfigChangesDialog &gt; error handling &gt; shows empty state when computeConfigDiff throws" time="0.004802791">
        </testcase>
    </testsuite>
    <testsuite name="src/renderer/features/agents/DeleteAgentDialog.test.tsx" timestamp="2026-03-25T04:47:30.242Z" hostname="runnervm46oaq" tests="10" failures="0" errors="0" skipped="0" time="0.163131621">
        <testcase classname="src/renderer/features/agents/DeleteAgentDialog.test.tsx" name="DeleteAgentDialog &gt; renders nothing when no agent selected" time="0.022396907">
        </testcase>
        <testcase classname="src/renderer/features/agents/DeleteAgentDialog.test.tsx" name="DeleteAgentDialog &gt; renders loading spinner initially" time="0.016472618">
            <system-err>
An update to DeleteAgentDialog inside a test was not wrapped in act(...).

When testing, code that causes React state updates should be wrapped into act(...):

act(() =&gt; {
  /* fire events that update state */
});
/* assert on the output */

This ensures that you&apos;re testing the behavior the user would see in the browser. Learn more at https://react.dev/link/wrap-tests-with-act
An update to DeleteAgentDialog inside a test was not wrapped in act(...).

When testing, code that causes React state updates should be wrapped into act(...):

act(() =&gt; {
  /* fire events that update state */
});
/* assert on the output */

This ensures that you&apos;re testing the behavior the user would see in the browser. Learn more at https://react.dev/link/wrap-tests-with-act

            </system-err>
        </testcase>
        <testcase classname="src/renderer/features/agents/DeleteAgentDialog.test.tsx" name="DeleteAgentDialog &gt; shows clean state confirmation for clean worktree" time="0.029336904">
        </testcase>
        <testcase classname="src/renderer/features/agents/DeleteAgentDialog.test.tsx" name="DeleteAgentDialog &gt; shows simple dialog for non-worktree agent" time="0.006766495">
            <system-err>
An update to DeleteAgentDialog inside a test was not wrapped in act(...).

When testing, code that causes React state updates should be wrapped into act(...):

act(() =&gt; {
  /* fire events that update state */
});
/* assert on the output */

This ensures that you&apos;re testing the behavior the user would see in the browser. Learn more at https://react.dev/link/wrap-tests-with-act
An update to DeleteAgentDialog inside a test was not wrapped in act(...).

When testing, code that causes React state updates should be wrapped into act(...):

act(() =&gt; {
  /* fire events that update state */
});
/* assert on the output */

This ensures that you&apos;re testing the behavior the user would see in the browser. Learn more at https://react.dev/link/wrap-tests-with-act

            </system-err>
        </testcase>
        <testcase classname="src/renderer/features/agents/DeleteAgentDialog.test.tsx" name="DeleteAgentDialog &gt; shows dirty state with options when there are uncommitted changes" time="0.0262592">
        </testcase>
        <testcase classname="src/renderer/features/agents/DeleteAgentDialog.test.tsx" name="DeleteAgentDialog &gt; shows uncommitted files list" time="0.015067344">
        </testcase>
        <testcase classname="src/renderer/features/agents/DeleteAgentDialog.test.tsx" name="DeleteAgentDialog &gt; shows unpushed commits list" time="0.017741387">
        </testcase>
        <testcase classname="src/renderer/features/agents/DeleteAgentDialog.test.tsx" name="DeleteAgentDialog &gt; closes dialog when Cancel clicked" time="0.016058347">
        </testcase>
        <testcase classname="src/renderer/features/agents/DeleteAgentDialog.test.tsx" name="DeleteAgentDialog &gt; closes dialog on Escape key" time="0.004692327">
            <system-err>
An update to DeleteAgentDialog inside a test was not wrapped in act(...).

When testing, code that causes React state updates should be wrapped into act(...):

act(() =&gt; {
  /* fire events that update state */
});
/* assert on the output */

This ensures that you&apos;re testing the behavior the user would see in the browser. Learn more at https://react.dev/link/wrap-tests-with-act
An update to DeleteAgentDialog inside a test was not wrapped in act(...).

When testing, code that causes React state updates should be wrapped into act(...):

act(() =&gt; {
  /* fire events that update state */
});
/* assert on the output */

This ensures that you&apos;re testing the behavior the user would see in the browser. Learn more at https://react.dev/link/wrap-tests-with-act

            </system-err>
        </testcase>
        <testcase classname="src/renderer/features/agents/DeleteAgentDialog.test.tsx" name="DeleteAgentDialog &gt; closes dialog when backdrop clicked" time="0.004330464">
            <system-err>
An update to DeleteAgentDialog inside a test was not wrapped in act(...).

When testing, code that causes React state updates should be wrapped into act(...):

act(() =&gt; {
  /* fire events that update state */
});
/* assert on the output */

This ensures that you&apos;re testing the behavior the user would see in the browser. Learn more at https://react.dev/link/wrap-tests-with-act
An update to DeleteAgentDialog inside a test was not wrapped in act(...).

When testing, code that causes React state updates should be wrapped into act(...):

act(() =&gt; {
  /* fire events that update state */
});
/* assert on the output */

This ensures that you&apos;re testing the behavior the user would see in the browser. Learn more at https://react.dev/link/wrap-tests-with-act

            </system-err>
        </testcase>
    </testsuite>
    <testsuite name="src/renderer/features/agents/HeadlessAgentView.test.tsx" timestamp="2026-03-25T04:47:30.245Z" hostname="runnervm46oaq" tests="15" failures="0" errors="0" skipped="0" time="0.661318531">
        <testcase classname="src/renderer/features/agents/HeadlessAgentView.test.tsx" name="HeadlessAgentView &gt; renders the live activity header without event count" time="0.085736099">
        </testcase>
        <testcase classname="src/renderer/features/agents/HeadlessAgentView.test.tsx" name="HeadlessAgentView &gt; still shows the green pulse indicator dot" time="0.023613252">
        </testcase>
        <testcase classname="src/renderer/features/agents/HeadlessAgentView.test.tsx" name="HeadlessAgentView &gt; renders the animated treehouse" time="0.021621989">
        </testcase>
        <testcase classname="src/renderer/features/agents/HeadlessAgentView.test.tsx" name="HeadlessAgentView &gt; shows agent mission text" time="0.02566003">
        </testcase>
        <testcase classname="src/renderer/features/agents/HeadlessAgentView.test.tsx" name="HeadlessAgentView &gt; shows stop button" time="0.033963159">
        </testcase>
        <testcase classname="src/renderer/features/agents/HeadlessAgentView.test.tsx" name="HeadlessAgentView &gt; uses agentSpawnedAt as the timer baseline so remounts preserve elapsed time" time="0.043467866">
        </testcase>
        <testcase classname="src/renderer/features/agents/HeadlessAgentView.test.tsx" name="HeadlessAgentView &gt; continues ticking while agent is running" time="0.029223996">
        </testcase>
        <testcase classname="src/renderer/features/agents/HeadlessAgentView.test.tsx" name="HeadlessAgentView &gt; caps transcript feed items at MAX_FEED_ITEMS" time="0.187933121">
        </testcase>
        <testcase classname="src/renderer/features/agents/HeadlessAgentView.test.tsx" name="HeadlessAgentView &gt; uses transcript pages as the canonical source for tool and result items" time="0.025608904">
        </testcase>
        <testcase classname="src/renderer/features/agents/HeadlessAgentView.test.tsx" name="HeadlessAgentView &gt; polls transcript pages incrementally instead of rereading from the beginning" time="0.037814979">
        </testcase>
        <testcase classname="src/renderer/features/agents/HeadlessAgentView.test.tsx" name="HeadlessAgentView &gt; suppresses fallback polling when hooks are actively firing" time="0.034821131">
        </testcase>
        <testcase classname="src/renderer/features/agents/HeadlessAgentView.test.tsx" name="HeadlessAgentView &gt; resumes fallback polling when hooks stop firing" time="0.018756007">
        </testcase>
        <testcase classname="src/renderer/features/agents/HeadlessAgentView.test.tsx" name="HeadlessAgentView &gt; does not aggressively poll during startup — only initial sync and fallback" time="0.024807484">
        </testcase>
        <testcase classname="src/renderer/features/agents/HeadlessAgentView.test.tsx" name="HeadlessAgentView &gt; batches rapid notification events into a single state flush" time="0.036195494">
        </testcase>
        <testcase classname="src/renderer/features/agents/HeadlessAgentView.test.tsx" name="HeadlessAgentView &gt; freezes the timer when the agent is no longer running" time="0.027411898">
        </testcase>
    </testsuite>
    <testsuite name="src/renderer/features/agents/McpJsonSection.test.tsx" timestamp="2026-03-25T04:47:30.248Z" hostname="runnervm46oaq" tests="13" failures="0" errors="0" skipped="0" time="0.211619968">
        <testcase classname="src/renderer/features/agents/McpJsonSection.test.tsx" name="McpJsonSection &gt; renders the MCP Servers heading" time="0.067037063">
        </testcase>
        <testcase classname="src/renderer/features/agents/McpJsonSection.test.tsx" name="McpJsonSection &gt; loads content from API" time="0.008606617">
        </testcase>
        <testcase classname="src/renderer/features/agents/McpJsonSection.test.tsx" name="McpJsonSection &gt; shows default path label" time="0.005032119">
        </testcase>
        <testcase classname="src/renderer/features/agents/McpJsonSection.test.tsx" name="McpJsonSection &gt; shows custom path label" time="0.005601314">
        </testcase>
        <testcase classname="src/renderer/features/agents/McpJsonSection.test.tsx" name="McpJsonSection &gt; Save button is disabled when content is not dirty" time="0.014107148">
        </testcase>
        <testcase classname="src/renderer/features/agents/McpJsonSection.test.tsx" name="McpJsonSection &gt; Save button enables after content change with valid JSON" time="0.022396982">
        </testcase>
        <testcase classname="src/renderer/features/agents/McpJsonSection.test.tsx" name="McpJsonSection &gt; shows JSON validation error for invalid JSON" time="0.022882018">
        </testcase>
        <testcase classname="src/renderer/features/agents/McpJsonSection.test.tsx" name="McpJsonSection &gt; disables Save when JSON is invalid even if dirty" time="0.008777338">
        </testcase>
        <testcase classname="src/renderer/features/agents/McpJsonSection.test.tsx" name="McpJsonSection &gt; saves content and clears dirty state" time="0.013521589">
        </testcase>
        <testcase classname="src/renderer/features/agents/McpJsonSection.test.tsx" name="McpJsonSection &gt; shows error from failed save" time="0.022994094">
        </testcase>
        <testcase classname="src/renderer/features/agents/McpJsonSection.test.tsx" name="McpJsonSection &gt; disables Save button when disabled prop is true" time="0.006523022">
        </testcase>
        <testcase classname="src/renderer/features/agents/McpJsonSection.test.tsx" name="McpJsonSection &gt; returns null before loading completes" time="0.001801471">
        </testcase>
        <testcase classname="src/renderer/features/agents/McpJsonSection.test.tsx" name="McpJsonSection &gt; falls back to default JSON on load error" time="0.005217314">
        </testcase>
    </testsuite>
    <testsuite name="src/renderer/features/agents/QuickAgentDialog.test.tsx" timestamp="2026-03-25T04:47:30.250Z" hostname="runnervm46oaq" tests="17" failures="0" errors="0" skipped="0" time="0.87665357">
        <testcase classname="src/renderer/features/agents/QuickAgentDialog.test.tsx" name="QuickAgentDialog &gt; renders nothing when dialog is closed" time="0.022574412">
        </testcase>
        <testcase classname="src/renderer/features/agents/QuickAgentDialog.test.tsx" name="QuickAgentDialog &gt; renders dialog when open" time="0.048450774">
        </testcase>
        <testcase classname="src/renderer/features/agents/QuickAgentDialog.test.tsx" name="QuickAgentDialog &gt; shows project selector with all projects" time="0.289375509">
        </testcase>
        <testcase classname="src/renderer/features/agents/QuickAgentDialog.test.tsx" name="QuickAgentDialog &gt; defaults project to active project" time="0.094692486">
        </testcase>
        <testcase classname="src/renderer/features/agents/QuickAgentDialog.test.tsx" name="QuickAgentDialog &gt; defaults to first project when no active project" time="0.091229963">
        </testcase>
        <testcase classname="src/renderer/features/agents/QuickAgentDialog.test.tsx" name="QuickAgentDialog &gt; shows parent agent selector with durables for selected project" time="0.057565283">
        </testcase>
        <testcase classname="src/renderer/features/agents/QuickAgentDialog.test.tsx" name="QuickAgentDialog &gt; updates parent agent list when project changes" time="0.144088067">
        </testcase>
        <testcase classname="src/renderer/features/agents/QuickAgentDialog.test.tsx" name="QuickAgentDialog &gt; shows orchestrator selector" time="0.011679716">
        </testcase>
        <testcase classname="src/renderer/features/agents/QuickAgentDialog.test.tsx" name="QuickAgentDialog &gt; shows model selector" time="0.010792186">
        </testcase>
        <testcase classname="src/renderer/features/agents/QuickAgentDialog.test.tsx" name="QuickAgentDialog &gt; shows Free Agent Mode checkbox" time="0.011556829">
        </testcase>
        <testcase classname="src/renderer/features/agents/QuickAgentDialog.test.tsx" name="QuickAgentDialog &gt; shows prompt textarea" time="0.010110057">
        </testcase>
        <testcase classname="src/renderer/features/agents/QuickAgentDialog.test.tsx" name="QuickAgentDialog &gt; Start Agent button is disabled when prompt is empty" time="0.011410055">
        </testcase>
        <testcase classname="src/renderer/features/agents/QuickAgentDialog.test.tsx" name="QuickAgentDialog &gt; Start Agent button is enabled when prompt has text" time="0.014718059">
        </testcase>
        <testcase classname="src/renderer/features/agents/QuickAgentDialog.test.tsx" name="QuickAgentDialog &gt; calls spawnQuickAgent and closes dialog on submit" time="0.0215519">
        </testcase>
        <testcase classname="src/renderer/features/agents/QuickAgentDialog.test.tsx" name="QuickAgentDialog &gt; closes dialog on Cancel click" time="0.012723528">
        </testcase>
        <testcase classname="src/renderer/features/agents/QuickAgentDialog.test.tsx" name="QuickAgentDialog &gt; closes dialog on Escape key" time="0.011891981">
        </testcase>
        <testcase classname="src/renderer/features/agents/QuickAgentDialog.test.tsx" name="QuickAgentDialog &gt; closes dialog on backdrop click" time="0.008028334">
        </testcase>
    </testsuite>
    <testsuite name="src/renderer/features/agents/QuickAgentGhost.test.tsx" timestamp="2026-03-25T04:47:30.253Z" hostname="runnervm46oaq" tests="20" failures="0" errors="0" skipped="0" time="0.222641638">
        <testcase classname="src/renderer/features/agents/QuickAgentGhost.test.tsx" name="QuickAgentGhost &gt; renders without crash" time="0.078052507">
        </testcase>
        <testcase classname="src/renderer/features/agents/QuickAgentGhost.test.tsx" name="QuickAgentGhost &gt; shows exit badge for successful exit" time="0.005578586">
        </testcase>
        <testcase classname="src/renderer/features/agents/QuickAgentGhost.test.tsx" name="QuickAgentGhost &gt; shows cancelled badge" time="0.005173051">
        </testcase>
        <testcase classname="src/renderer/features/agents/QuickAgentGhost.test.tsx" name="QuickAgentGhost &gt; shows killed badge for signal exit" time="0.004778978">
        </testcase>
        <testcase classname="src/renderer/features/agents/QuickAgentGhost.test.tsx" name="QuickAgentGhost &gt; shows error exit badge" time="0.00555926">
        </testcase>
        <testcase classname="src/renderer/features/agents/QuickAgentGhost.test.tsx" name="QuickAgentGhost &gt; shows mission and summary" time="0.007370719">
        </testcase>
        <testcase classname="src/renderer/features/agents/QuickAgentGhost.test.tsx" name="QuickAgentGhost &gt; shows &quot;Interrupted&quot; when no summary" time="0.005530236">
        </testcase>
        <testcase classname="src/renderer/features/agents/QuickAgentGhost.test.tsx" name="QuickAgentGhost &gt; shows files modified count" time="0.006499809">
        </testcase>
        <testcase classname="src/renderer/features/agents/QuickAgentGhost.test.tsx" name="QuickAgentGhost &gt; expands file list when more than 3 files" time="0.026734565">
        </testcase>
        <testcase classname="src/renderer/features/agents/QuickAgentGhost.test.tsx" name="QuickAgentGhost &gt; calls onDismiss when Dismiss clicked" time="0.010432877">
        </testcase>
        <testcase classname="src/renderer/features/agents/QuickAgentGhost.test.tsx" name="QuickAgentGhost &gt; calls onDelete when Delete clicked" time="0.007652048">
        </testcase>
        <testcase classname="src/renderer/features/agents/QuickAgentGhost.test.tsx" name="QuickAgentGhost &gt; hides Delete button when onDelete not provided" time="0.005495324">
        </testcase>
        <testcase classname="src/renderer/features/agents/QuickAgentGhost.test.tsx" name="QuickAgentGhost &gt; shows transcript viewer toggle for headless agents" time="0.005641513">
        </testcase>
        <testcase classname="src/renderer/features/agents/QuickAgentGhost.test.tsx" name="QuickAgentGhost &gt; toggles transcript viewer on click" time="0.011646712">
        </testcase>
        <testcase classname="src/renderer/features/agents/QuickAgentGhost.test.tsx" name="QuickAgentGhost &gt; hides transcript toggle for non-headless agents" time="0.005823862">
        </testcase>
        <testcase classname="src/renderer/features/agents/QuickAgentGhost.test.tsx" name="QuickAgentGhost &gt; shows duration and tools when available" time="0.010617909">
        </testcase>
        <testcase classname="src/renderer/features/agents/QuickAgentGhost.test.tsx" name="QuickAgentGhostCompact &gt; renders without crash" time="0.005361724">
        </testcase>
        <testcase classname="src/renderer/features/agents/QuickAgentGhost.test.tsx" name="QuickAgentGhostCompact &gt; shows orchestrator badge" time="0.003988358">
        </testcase>
        <testcase classname="src/renderer/features/agents/QuickAgentGhost.test.tsx" name="QuickAgentGhostCompact &gt; calls onDismiss on trash button click" time="0.003498106">
        </testcase>
        <testcase classname="src/renderer/features/agents/QuickAgentGhost.test.tsx" name="QuickAgentGhostCompact &gt; calls onSelect when row clicked" time="0.002872683">
        </testcase>
    </testsuite>
    <testsuite name="src/renderer/features/agents/SessionNamePromptDialog.test.tsx" timestamp="2026-03-25T04:47:30.257Z" hostname="runnervm46oaq" tests="8" failures="0" errors="0" skipped="0" time="0.145331476">
        <testcase classname="src/renderer/features/agents/SessionNamePromptDialog.test.tsx" name="SessionNamePromptDialog &gt; renders the dialog" time="0.067135919">
            <system-err>
An update to SessionNamePromptDialog inside a test was not wrapped in act(...).

When testing, code that causes React state updates should be wrapped into act(...):

act(() =&gt; {
  /* fire events that update state */
});
/* assert on the output */

This ensures that you&apos;re testing the behavior the user would see in the browser. Learn more at https://react.dev/link/wrap-tests-with-act

            </system-err>
        </testcase>
        <testcase classname="src/renderer/features/agents/SessionNamePromptDialog.test.tsx" name="SessionNamePromptDialog &gt; has a text input for the name" time="0.008164827">
            <system-err>
An update to SessionNamePromptDialog inside a test was not wrapped in act(...).

When testing, code that causes React state updates should be wrapped into act(...):

act(() =&gt; {
  /* fire events that update state */
});
/* assert on the output */

This ensures that you&apos;re testing the behavior the user would see in the browser. Learn more at https://react.dev/link/wrap-tests-with-act

            </system-err>
        </testcase>
        <testcase classname="src/renderer/features/agents/SessionNamePromptDialog.test.tsx" name="SessionNamePromptDialog &gt; calls onDone when skip is clicked" time="0.009886599">
            <system-err>
An update to SessionNamePromptDialog inside a test was not wrapped in act(...).

When testing, code that causes React state updates should be wrapped into act(...):

act(() =&gt; {
  /* fire events that update state */
});
/* assert on the output */

This ensures that you&apos;re testing the behavior the user would see in the browser. Learn more at https://react.dev/link/wrap-tests-with-act

            </system-err>
        </testcase>
        <testcase classname="src/renderer/features/agents/SessionNamePromptDialog.test.tsx" name="SessionNamePromptDialog &gt; saves the session name and calls onDone when save is clicked" time="0.017496805">
        </testcase>
        <testcase classname="src/renderer/features/agents/SessionNamePromptDialog.test.tsx" name="SessionNamePromptDialog &gt; calls onDone without saving when name is empty and save is clicked" time="0.006282345">
        </testcase>
        <testcase classname="src/renderer/features/agents/SessionNamePromptDialog.test.tsx" name="SessionNamePromptDialog &gt; saves on Enter key press" time="0.009899143">
        </testcase>
        <testcase classname="src/renderer/features/agents/SessionNamePromptDialog.test.tsx" name="SessionNamePromptDialog &gt; skips on Escape key press" time="0.005799317">
            <system-err>
An update to SessionNamePromptDialog inside a test was not wrapped in act(...).

When testing, code that causes React state updates should be wrapped into act(...):

act(() =&gt; {
  /* fire events that update state */
});
/* assert on the output */

This ensures that you&apos;re testing the behavior the user would see in the browser. Learn more at https://react.dev/link/wrap-tests-with-act

            </system-err>
        </testcase>
        <testcase classname="src/renderer/features/agents/SessionNamePromptDialog.test.tsx" name="SessionNamePromptDialog &gt; handles missing lastSessionId gracefully" time="0.011648797">
        </testcase>
    </testsuite>
    <testsuite name="src/renderer/features/agents/SessionPickerDialog.test.tsx" timestamp="2026-03-25T04:47:30.259Z" hostname="runnervm46oaq" tests="14" failures="0" errors="0" skipped="0" time="0.325801152">
        <testcase classname="src/renderer/features/agents/SessionPickerDialog.test.tsx" name="SessionPickerDialog &gt; renders dialog" time="0.075650043">
        </testcase>
        <testcase classname="src/renderer/features/agents/SessionPickerDialog.test.tsx" name="SessionPickerDialog &gt; shows loading state initially" time="0.013379817">
            <system-err>
An update to SessionPickerDialog inside a test was not wrapped in act(...).

When testing, code that causes React state updates should be wrapped into act(...):

act(() =&gt; {
  /* fire events that update state */
});
/* assert on the output */

This ensures that you&apos;re testing the behavior the user would see in the browser. Learn more at https://react.dev/link/wrap-tests-with-act
An update to SessionPickerDialog inside a test was not wrapped in act(...).

When testing, code that causes React state updates should be wrapped into act(...):

act(() =&gt; {
  /* fire events that update state */
});
/* assert on the output */

This ensures that you&apos;re testing the behavior the user would see in the browser. Learn more at https://react.dev/link/wrap-tests-with-act

            </system-err>
        </testcase>
        <testcase classname="src/renderer/features/agents/SessionPickerDialog.test.tsx" name="SessionPickerDialog &gt; loads and displays sessions" time="0.029091252">
        </testcase>
        <testcase classname="src/renderer/features/agents/SessionPickerDialog.test.tsx" name="SessionPickerDialog &gt; shows latest badge on first session" time="0.017577815">
        </testcase>
        <testcase classname="src/renderer/features/agents/SessionPickerDialog.test.tsx" name="SessionPickerDialog &gt; calls listSessions with correct params" time="0.012383534">
        </testcase>
        <testcase classname="src/renderer/features/agents/SessionPickerDialog.test.tsx" name="SessionPickerDialog &gt; calls onResume when resume button is clicked" time="0.019247198">
        </testcase>
        <testcase classname="src/renderer/features/agents/SessionPickerDialog.test.tsx" name="SessionPickerDialog &gt; calls onClose when close button is clicked" time="0.015097001">
        </testcase>
        <testcase classname="src/renderer/features/agents/SessionPickerDialog.test.tsx" name="SessionPickerDialog &gt; closes on Escape key" time="0.01088128">
        </testcase>
        <testcase classname="src/renderer/features/agents/SessionPickerDialog.test.tsx" name="SessionPickerDialog &gt; shows empty state when no sessions found" time="0.010287834">
        </testcase>
        <testcase classname="src/renderer/features/agents/SessionPickerDialog.test.tsx" name="SessionPickerDialog &gt; allows manual session ID entry" time="0.022758843">
        </testcase>
        <testcase classname="src/renderer/features/agents/SessionPickerDialog.test.tsx" name="SessionPickerDialog &gt; Recent / Older sections &gt; shows &quot;Recent&quot; label when sessions exist" time="0.016388804">
        </testcase>
        <testcase classname="src/renderer/features/agents/SessionPickerDialog.test.tsx" name="SessionPickerDialog &gt; Recent / Older sections &gt; does not show &quot;Older&quot; label when sessions &lt;= 5" time="0.019321569">
        </testcase>
        <testcase classname="src/renderer/features/agents/SessionPickerDialog.test.tsx" name="SessionPickerDialog &gt; Recent / Older sections &gt; shows &quot;Older&quot; label when sessions &gt; 5" time="0.049871374">
        </testcase>
        <testcase classname="src/renderer/features/agents/SessionPickerDialog.test.tsx" name="SessionPickerDialog &gt; Recent / Older sections &gt; does not show section labels when no sessions" time="0.009468">
        </testcase>
    </testsuite>
    <testsuite name="src/renderer/features/agents/SkillsSection.test.tsx" timestamp="2026-03-25T04:47:30.262Z" hostname="runnervm46oaq" tests="19" failures="0" errors="0" skipped="0" time="0.822698077">
        <testcase classname="src/renderer/features/agents/SkillsSection.test.tsx" name="SkillsSection &gt; list view &gt; renders the Skills heading" time="0.048387991">
            <system-err>
An update to SkillsSection inside a test was not wrapped in act(...).

When testing, code that causes React state updates should be wrapped into act(...):

act(() =&gt; {
  /* fire events that update state */
});
/* assert on the output */

This ensures that you&apos;re testing the behavior the user would see in the browser. Learn more at https://react.dev/link/wrap-tests-with-act

            </system-err>
        </testcase>
        <testcase classname="src/renderer/features/agents/SkillsSection.test.tsx" name="SkillsSection &gt; list view &gt; renders skill entries after loading" time="0.029739341">
        </testcase>
        <testcase classname="src/renderer/features/agents/SkillsSection.test.tsx" name="SkillsSection &gt; list view &gt; renders empty state when no skills exist" time="0.006292836">
        </testcase>
        <testcase classname="src/renderer/features/agents/SkillsSection.test.tsx" name="SkillsSection &gt; list view &gt; renders the + Skill button" time="0.011521993">
        </testcase>
        <testcase classname="src/renderer/features/agents/SkillsSection.test.tsx" name="SkillsSection &gt; list view &gt; shows custom path label when provided" time="0.004289208">
            <system-err>
An update to SkillsSection inside a test was not wrapped in act(...).

When testing, code that causes React state updates should be wrapped into act(...):

act(() =&gt; {
  /* fire events that update state */
});
/* assert on the output */

This ensures that you&apos;re testing the behavior the user would see in the browser. Learn more at https://react.dev/link/wrap-tests-with-act

            </system-err>
        </testcase>
        <testcase classname="src/renderer/features/agents/SkillsSection.test.tsx" name="SkillsSection &gt; list view &gt; shows default path label when not provided" time="0.004118632">
            <system-err>
An update to SkillsSection inside a test was not wrapped in act(...).

When testing, code that causes React state updates should be wrapped into act(...):

act(() =&gt; {
  /* fire events that update state */
});
/* assert on the output */

This ensures that you&apos;re testing the behavior the user would see in the browser. Learn more at https://react.dev/link/wrap-tests-with-act

            </system-err>
        </testcase>
        <testcase classname="src/renderer/features/agents/SkillsSection.test.tsx" name="SkillsSection &gt; list view &gt; disables + Skill button when disabled" time="0.00835902">
        </testcase>
        <testcase classname="src/renderer/features/agents/SkillsSection.test.tsx" name="SkillsSection &gt; create flow &gt; switches to create view on + Skill click" time="0.02040008">
        </testcase>
        <testcase classname="src/renderer/features/agents/SkillsSection.test.tsx" name="SkillsSection &gt; create flow &gt; Save button is disabled when skill name is empty" time="0.019569338">
        </testcase>
        <testcase classname="src/renderer/features/agents/SkillsSection.test.tsx" name="SkillsSection &gt; create flow &gt; Save button enables when skill name is provided" time="0.019376203">
        </testcase>
        <testcase classname="src/renderer/features/agents/SkillsSection.test.tsx" name="SkillsSection &gt; create flow &gt; saves new skill and returns to list" time="0.027747688">
        </testcase>
        <testcase classname="src/renderer/features/agents/SkillsSection.test.tsx" name="SkillsSection &gt; create flow &gt; Cancel returns to list view" time="0.021719049">
        </testcase>
        <testcase classname="src/renderer/features/agents/SkillsSection.test.tsx" name="SkillsSection &gt; edit flow &gt; switches to edit view when skill name is clicked" time="0.019873661">
        </testcase>
        <testcase classname="src/renderer/features/agents/SkillsSection.test.tsx" name="SkillsSection &gt; edit flow &gt; saves edited skill and returns to list" time="0.030894146">
        </testcase>
        <testcase classname="src/renderer/features/agents/SkillsSection.test.tsx" name="SkillsSection &gt; delete flow &gt; shows delete confirmation dialog" time="0.016704383">
        </testcase>
        <testcase classname="src/renderer/features/agents/SkillsSection.test.tsx" name="SkillsSection &gt; delete flow &gt; deletes skill when confirmed" time="0.488034549">
        </testcase>
        <testcase classname="src/renderer/features/agents/SkillsSection.test.tsx" name="SkillsSection &gt; delete flow &gt; cancels delete when Cancel is clicked" time="0.02158942">
        </testcase>
        <testcase classname="src/renderer/features/agents/SkillsSection.test.tsx" name="SkillsSection &gt; delete flow &gt; disables delete button when disabled prop is true" time="0.007424581">
        </testcase>
        <testcase classname="src/renderer/features/agents/SkillsSection.test.tsx" name="SkillsSection &gt; open folder &gt; calls showInFolder with skill path" time="0.008753453">
        </testcase>
    </testsuite>
    <testsuite name="src/renderer/features/agents/SleepingAgent.test.tsx" timestamp="2026-03-25T04:47:30.266Z" hostname="runnervm46oaq" tests="30" failures="0" errors="0" skipped="0" time="0.43065595">
        <testcase classname="src/renderer/features/agents/SleepingAgent.test.tsx" name="SleepingAgent &gt; rendering &gt; renders agent name" time="0.077767117">
        </testcase>
        <testcase classname="src/renderer/features/agents/SleepingAgent.test.tsx" name="SleepingAgent &gt; rendering &gt; renders sleeping mascot" time="0.00869295">
        </testcase>
        <testcase classname="src/renderer/features/agents/SleepingAgent.test.tsx" name="SleepingAgent &gt; rendering &gt; passes orchestrator to SleepingMascot" time="0.006442884">
        </testcase>
        <testcase classname="src/renderer/features/agents/SleepingAgent.test.tsx" name="SleepingAgent &gt; rendering &gt; shows &quot;This agent is sleeping&quot; for sleeping durable agent" time="0.007238985">
        </testcase>
        <testcase classname="src/renderer/features/agents/SleepingAgent.test.tsx" name="SleepingAgent &gt; rendering &gt; shows &quot;Session ended&quot; for non-durable agent" time="0.005481777">
        </testcase>
        <testcase classname="src/renderer/features/agents/SleepingAgent.test.tsx" name="SleepingAgent &gt; rendering &gt; shows &quot;Failed to launch&quot; for error status" time="0.005330575">
        </testcase>
        <testcase classname="src/renderer/features/agents/SleepingAgent.test.tsx" name="SleepingAgent &gt; rendering &gt; shows custom error message when available" time="0.005931994">
        </testcase>
        <testcase classname="src/renderer/features/agents/SleepingAgent.test.tsx" name="SleepingAgent &gt; rendering &gt; shows default error hint when no errorMessage" time="0.004752861">
        </testcase>
        <testcase classname="src/renderer/features/agents/SleepingAgent.test.tsx" name="SleepingAgent &gt; color indicator &gt; renders color dot for durable agents" time="0.012367986">
        </testcase>
        <testcase classname="src/renderer/features/agents/SleepingAgent.test.tsx" name="SleepingAgent &gt; color indicator &gt; does not render color dot for quick agents" time="0.005104194">
        </testcase>
        <testcase classname="src/renderer/features/agents/SleepingAgent.test.tsx" name="SleepingAgent &gt; branch display &gt; shows branch name when branch is set" time="0.007555373">
        </testcase>
        <testcase classname="src/renderer/features/agents/SleepingAgent.test.tsx" name="SleepingAgent &gt; branch display &gt; does not show branch when not set" time="0.004753983">
        </testcase>
        <testcase classname="src/renderer/features/agents/SleepingAgent.test.tsx" name="SleepingAgent &gt; wake button &gt; renders Wake Up button for sleeping durable agent" time="0.00668371">
        </testcase>
        <testcase classname="src/renderer/features/agents/SleepingAgent.test.tsx" name="SleepingAgent &gt; wake button &gt; renders Retry button for error durable agent" time="0.002834562">
        </testcase>
        <testcase classname="src/renderer/features/agents/SleepingAgent.test.tsx" name="SleepingAgent &gt; wake button &gt; does not render wake button for quick agents" time="0.002223115">
        </testcase>
        <testcase classname="src/renderer/features/agents/SleepingAgent.test.tsx" name="SleepingAgent &gt; wake button &gt; calls spawnDurableAgent with resume=false when Wake Up is clicked" time="0.012517005">
        </testcase>
        <testcase classname="src/renderer/features/agents/SleepingAgent.test.tsx" name="SleepingAgent &gt; wake button &gt; does not spawn if config not found" time="0.004479603">
        </testcase>
        <testcase classname="src/renderer/features/agents/SleepingAgent.test.tsx" name="SleepingAgent &gt; wake button &gt; does not spawn if project not found" time="0.053282501">
        </testcase>
        <testcase classname="src/renderer/features/agents/SleepingAgent.test.tsx" name="SleepingAgent &gt; split button dropdown &gt; renders dropdown toggle for durable agents" time="0.005213908">
        </testcase>
        <testcase classname="src/renderer/features/agents/SleepingAgent.test.tsx" name="SleepingAgent &gt; split button dropdown &gt; shows dropdown menu when toggle is clicked" time="0.007882442">
        </testcase>
        <testcase classname="src/renderer/features/agents/SleepingAgent.test.tsx" name="SleepingAgent &gt; split button dropdown &gt; dropdown contains Wake &amp; Resume option" time="0.004222694">
        </testcase>
        <testcase classname="src/renderer/features/agents/SleepingAgent.test.tsx" name="SleepingAgent &gt; split button dropdown &gt; calls spawnDurableAgent with resume=true when Wake &amp; Resume is clicked" time="0.066919245">
        </testcase>
        <testcase classname="src/renderer/features/agents/SleepingAgent.test.tsx" name="SleepingAgent &gt; split button dropdown &gt; closes dropdown on Escape" time="0.009092643">
        </testcase>
        <testcase classname="src/renderer/features/agents/SleepingAgent.test.tsx" name="SleepingAgent &gt; split button dropdown &gt; dropdown contains Browse Sessions option" time="0.006371541">
        </testcase>
        <testcase classname="src/renderer/features/agents/SleepingAgent.test.tsx" name="SleepingAgent &gt; split button dropdown &gt; opens session picker when Browse Sessions is clicked" time="0.008436633">
        </testcase>
        <testcase classname="src/renderer/features/agents/SleepingAgent.test.tsx" name="SleepingAgent &gt; split button dropdown &gt; resumes specific session from session picker" time="0.060813801">
        </testcase>
        <testcase classname="src/renderer/features/agents/SleepingAgent.test.tsx" name="SleepingAgent &gt; split button dropdown &gt; closes session picker when close is clicked" time="0.008963482">
        </testcase>
        <testcase classname="src/renderer/features/agents/SleepingAgent.test.tsx" name="SleepingAgent &gt; session name prompt &gt; shows session name prompt when sessionNamePromptFor matches agent" time="0.003753782">
        </testcase>
        <testcase classname="src/renderer/features/agents/SleepingAgent.test.tsx" name="SleepingAgent &gt; session name prompt &gt; does not show session name prompt when sessionNamePromptFor does not match" time="0.003374897">
        </testcase>
        <testcase classname="src/renderer/features/agents/SleepingAgent.test.tsx" name="SleepingAgent &gt; session name prompt &gt; clears prompt when done" time="0.004217886">
        </testcase>
    </testsuite>
    <testsuite name="src/renderer/features/agents/SleepingMascots.test.tsx" timestamp="2026-03-25T04:47:30.271Z" hostname="runnervm46oaq" tests="24" failures="0" errors="0" skipped="0" time="0.263119785">
        <testcase classname="src/renderer/features/agents/SleepingMascots.test.tsx" name="SleepingMascots &gt; SleepingMascot selector &gt; renders ClaudeCodeSleeping for claude-code orchestrator" time="0.051064142">
        </testcase>
        <testcase classname="src/renderer/features/agents/SleepingMascots.test.tsx" name="SleepingMascots &gt; SleepingMascot selector &gt; renders CopilotSleeping for copilot-cli orchestrator" time="0.013364117">
        </testcase>
        <testcase classname="src/renderer/features/agents/SleepingMascots.test.tsx" name="SleepingMascots &gt; SleepingMascot selector &gt; renders CodexCliSleeping for codex-cli orchestrator" time="0.00752744">
        </testcase>
        <testcase classname="src/renderer/features/agents/SleepingMascots.test.tsx" name="SleepingMascots &gt; SleepingMascot selector &gt; renders GenericRobotSleeping for unknown orchestrator" time="0.008936361">
        </testcase>
        <testcase classname="src/renderer/features/agents/SleepingMascots.test.tsx" name="SleepingMascots &gt; SleepingMascot selector &gt; renders GenericRobotSleeping when orchestrator is undefined" time="0.010392179">
        </testcase>
        <testcase classname="src/renderer/features/agents/SleepingMascots.test.tsx" name="SleepingMascots &gt; ClaudeCodeSleeping &gt; renders an SVG with 200x200 dimensions" time="0.006972158">
        </testcase>
        <testcase classname="src/renderer/features/agents/SleepingMascots.test.tsx" name="SleepingMascots &gt; ClaudeCodeSleeping &gt; contains animated Zzz text elements" time="0.015230158">
        </testcase>
        <testcase classname="src/renderer/features/agents/SleepingMascots.test.tsx" name="SleepingMascots &gt; ClaudeCodeSleeping &gt; has 4 legs" time="0.007006702">
        </testcase>
        <testcase classname="src/renderer/features/agents/SleepingMascots.test.tsx" name="SleepingMascots &gt; ClaudeCodeSleeping &gt; has 2 arms" time="0.007923417">
        </testcase>
        <testcase classname="src/renderer/features/agents/SleepingMascots.test.tsx" name="SleepingMascots &gt; ClaudeCodeSleeping &gt; does not contain nightcap elements" time="0.009637016">
        </testcase>
        <testcase classname="src/renderer/features/agents/SleepingMascots.test.tsx" name="SleepingMascots &gt; CopilotSleeping &gt; renders an SVG with 200x200 dimensions" time="0.008446229">
        </testcase>
        <testcase classname="src/renderer/features/agents/SleepingMascots.test.tsx" name="SleepingMascots &gt; CopilotSleeping &gt; contains goggle frames on forehead" time="0.008958412">
        </testcase>
        <testcase classname="src/renderer/features/agents/SleepingMascots.test.tsx" name="SleepingMascots &gt; CopilotSleeping &gt; contains ear covers" time="0.011609318">
        </testcase>
        <testcase classname="src/renderer/features/agents/SleepingMascots.test.tsx" name="SleepingMascots &gt; CopilotSleeping &gt; contains open face visor with eyes" time="0.009858787">
        </testcase>
        <testcase classname="src/renderer/features/agents/SleepingMascots.test.tsx" name="SleepingMascots &gt; CopilotSleeping &gt; contains animated Zzz text elements" time="0.006244304">
        </testcase>
        <testcase classname="src/renderer/features/agents/SleepingMascots.test.tsx" name="SleepingMascots &gt; CodexCliSleeping &gt; renders an SVG with 200x200 dimensions" time="0.008534266">
        </testcase>
        <testcase classname="src/renderer/features/agents/SleepingMascots.test.tsx" name="SleepingMascots &gt; CodexCliSleeping &gt; has a smooth oval head and dark visor" time="0.010436209">
        </testcase>
        <testcase classname="src/renderer/features/agents/SleepingMascots.test.tsx" name="SleepingMascots &gt; CodexCliSleeping &gt; has leaf-shaped arms" time="0.003307482">
        </testcase>
        <testcase classname="src/renderer/features/agents/SleepingMascots.test.tsx" name="SleepingMascots &gt; CodexCliSleeping &gt; has a tapered body" time="0.004290591">
        </testcase>
        <testcase classname="src/renderer/features/agents/SleepingMascots.test.tsx" name="SleepingMascots &gt; CodexCliSleeping &gt; has a Codex indigo accent" time="0.004369417">
        </testcase>
        <testcase classname="src/renderer/features/agents/SleepingMascots.test.tsx" name="SleepingMascots &gt; CodexCliSleeping &gt; contains animated Zzz text elements" time="0.004260675">
        </testcase>
        <testcase classname="src/renderer/features/agents/SleepingMascots.test.tsx" name="SleepingMascots &gt; GenericRobotSleeping &gt; renders an SVG with 200x200 dimensions" time="0.006267026">
        </testcase>
        <testcase classname="src/renderer/features/agents/SleepingMascots.test.tsx" name="SleepingMascots &gt; GenericRobotSleeping &gt; contains the antenna" time="0.017750679">
        </testcase>
        <testcase classname="src/renderer/features/agents/SleepingMascots.test.tsx" name="SleepingMascots &gt; GenericRobotSleeping &gt; contains animated Zzz text elements" time="0.01537285">
        </testcase>
    </testsuite>
    <testsuite name="src/renderer/features/agents/TranscriptViewer.test.tsx" timestamp="2026-03-25T04:47:30.276Z" hostname="runnervm46oaq" tests="10" failures="0" errors="0" skipped="0" time="0.170335139">
        <testcase classname="src/renderer/features/agents/TranscriptViewer.test.tsx" name="TranscriptViewer &gt; renders loading state initially" time="0.046093292">
            <system-err>
An update to TranscriptViewer inside a test was not wrapped in act(...).

When testing, code that causes React state updates should be wrapped into act(...):

act(() =&gt; {
  /* fire events that update state */
});
/* assert on the output */

This ensures that you&apos;re testing the behavior the user would see in the browser. Learn more at https://react.dev/link/wrap-tests-with-act

An update to TranscriptViewer inside a test was not wrapped in act(...).

When testing, code that causes React state updates should be wrapped into act(...):

act(() =&gt; {
  /* fire events that update state */
});
/* assert on the output */

This ensures that you&apos;re testing the behavior the user would see in the browser. Learn more at https://react.dev/link/wrap-tests-with-act
An update to TranscriptViewer inside a test was not wrapped in act(...).

When testing, code that causes React state updates should be wrapped into act(...):

act(() =&gt; {
  /* fire events that update state */
});
/* assert on the output */

This ensures that you&apos;re testing the behavior the user would see in the browser. Learn more at https://react.dev/link/wrap-tests-with-act

An update to TranscriptViewer inside a test was not wrapped in act(...).

When testing, code that causes React state updates should be wrapped into act(...):

act(() =&gt; {
  /* fire events that update state */
});
/* assert on the output */

This ensures that you&apos;re testing the behavior the user would see in the browser. Learn more at https://react.dev/link/wrap-tests-with-act

            </system-err>
        </testcase>
        <testcase classname="src/renderer/features/agents/TranscriptViewer.test.tsx" name="TranscriptViewer &gt; loads and displays transcript events" time="0.029222211">
        </testcase>
        <testcase classname="src/renderer/features/agents/TranscriptViewer.test.tsx" name="TranscriptViewer &gt; shows cost and duration for result events" time="0.01172638">
        </testcase>
        <testcase classname="src/renderer/features/agents/TranscriptViewer.test.tsx" name="TranscriptViewer &gt; shows event count footer" time="0.008440015">
        </testcase>
        <testcase classname="src/renderer/features/agents/TranscriptViewer.test.tsx" name="TranscriptViewer &gt; shows error message on failure" time="0.006243212">
        </testcase>
        <testcase classname="src/renderer/features/agents/TranscriptViewer.test.tsx" name="TranscriptViewer &gt; shows empty state when no events" time="0.004967198">
        </testcase>
        <testcase classname="src/renderer/features/agents/TranscriptViewer.test.tsx" name="TranscriptViewer &gt; shows large transcript warning for files &gt; 50MB" time="0.029349187">
        </testcase>
        <testcase classname="src/renderer/features/agents/TranscriptViewer.test.tsx" name="TranscriptViewer &gt; loads large transcript when warning dismissed" time="0.014343899">
        </testcase>
        <testcase classname="src/renderer/features/agents/TranscriptViewer.test.tsx" name="TranscriptViewer &gt; truncates long text and shows expand button" time="0.010939316">
        </testcase>
        <testcase classname="src/renderer/features/agents/TranscriptViewer.test.tsx" name="TranscriptViewer &gt; handles null transcript info" time="0.004939507">
        </testcase>
    </testsuite>
    <testsuite name="src/renderer/features/agents/UtilityTerminal.test.tsx" timestamp="2026-03-25T04:47:30.278Z" hostname="runnervm46oaq" tests="9" failures="0" errors="0" skipped="0" time="0.081281928">
        <testcase classname="src/renderer/features/agents/UtilityTerminal.test.tsx" name="UtilityTerminal &gt; renders without crash" time="0.040687425">
        </testcase>
        <testcase classname="src/renderer/features/agents/UtilityTerminal.test.tsx" name="UtilityTerminal &gt; kills previous PTY before spawning new shell" time="0.006037078">
        </testcase>
        <testcase classname="src/renderer/features/agents/UtilityTerminal.test.tsx" name="UtilityTerminal &gt; sets up data listener" time="0.004911625">
        </testcase>
        <testcase classname="src/renderer/features/agents/UtilityTerminal.test.tsx" name="UtilityTerminal &gt; renders container with padding" time="0.005829953">
        </testcase>
        <testcase classname="src/renderer/features/agents/UtilityTerminal.test.tsx" name="UtilityTerminal &gt; uses transparent background when gradient is active" time="0.004590468">
        </testcase>
        <testcase classname="src/renderer/features/agents/UtilityTerminal.test.tsx" name="UtilityTerminal &gt; uses normal background when gradient is not active" time="0.002716092">
        </testcase>
        <testcase classname="src/renderer/features/agents/UtilityTerminal.test.tsx" name="UtilityTerminal &gt; live-updates to transparent when gradient is toggled on" time="0.004931542">
        </testcase>
        <testcase classname="src/renderer/features/agents/UtilityTerminal.test.tsx" name="UtilityTerminal &gt; updates terminal fontFamily when experimental mono font is set" time="0.003322249">
        </testcase>
        <testcase classname="src/renderer/features/agents/UtilityTerminal.test.tsx" name="UtilityTerminal &gt; does not update fontFamily when experimentalGradients is off" time="0.004221431">
        </testcase>
    </testsuite>
    <testsuite name="src/renderer/features/agents/orchestrator-colors.test.ts" timestamp="2026-03-25T04:47:30.280Z" hostname="runnervm46oaq" tests="18" failures="0" errors="0" skipped="0" time="0.0123603">
        <testcase classname="src/renderer/features/agents/orchestrator-colors.test.ts" name="orchestrator-colors &gt; getOrchestratorColor &gt; returns orange for claude-code" time="0.003180055">
        </testcase>
        <testcase classname="src/renderer/features/agents/orchestrator-colors.test.ts" name="orchestrator-colors &gt; getOrchestratorColor &gt; returns blue for copilot-cli" time="0.000296281">
        </testcase>
        <testcase classname="src/renderer/features/agents/orchestrator-colors.test.ts" name="orchestrator-colors &gt; getOrchestratorColor &gt; returns default grey for unknown orchestrator" time="0.000276844">
        </testcase>
        <testcase classname="src/renderer/features/agents/orchestrator-colors.test.ts" name="orchestrator-colors &gt; getModelColor &gt; returns a color object with bg and text" time="0.000690645">
        </testcase>
        <testcase classname="src/renderer/features/agents/orchestrator-colors.test.ts" name="orchestrator-colors &gt; getModelColor &gt; returns consistent colors for the same model" time="0.000363947">
        </testcase>
        <testcase classname="src/renderer/features/agents/orchestrator-colors.test.ts" name="orchestrator-colors &gt; getModelColor &gt; returns different colors for different models" time="0.000736009">
        </testcase>
        <testcase classname="src/renderer/features/agents/orchestrator-colors.test.ts" name="orchestrator-colors &gt; getOrchestratorLabel &gt; returns shortName from orchestrator info when available" time="0.00055855">
        </testcase>
        <testcase classname="src/renderer/features/agents/orchestrator-colors.test.ts" name="orchestrator-colors &gt; getOrchestratorLabel &gt; falls back to displayName when shortName is missing" time="0.000281614">
        </testcase>
        <testcase classname="src/renderer/features/agents/orchestrator-colors.test.ts" name="orchestrator-colors &gt; getOrchestratorLabel &gt; uses static short names when orchestrator list is not provided" time="0.000823221">
        </testcase>
        <testcase classname="src/renderer/features/agents/orchestrator-colors.test.ts" name="orchestrator-colors &gt; getOrchestratorLabel &gt; uses static short names when orchestrator list is empty" time="0.000315567">
        </testcase>
        <testcase classname="src/renderer/features/agents/orchestrator-colors.test.ts" name="orchestrator-colors &gt; getOrchestratorLabel &gt; falls back to raw ID for unknown orchestrators with no list" time="0.000304967">
        </testcase>
        <testcase classname="src/renderer/features/agents/orchestrator-colors.test.ts" name="orchestrator-colors &gt; getOrchestratorLabel &gt; falls back to raw ID for unknown orchestrators not in list" time="0.000243332">
        </testcase>
        <testcase classname="src/renderer/features/agents/orchestrator-colors.test.ts" name="orchestrator-colors &gt; formatModelLabel &gt; capitalizes first letter of model name" time="0.000375729">
        </testcase>
        <testcase classname="src/renderer/features/agents/orchestrator-colors.test.ts" name="orchestrator-colors &gt; formatModelLabel &gt; preserves already-capitalized names" time="0.00018278">
        </testcase>
        <testcase classname="src/renderer/features/agents/orchestrator-colors.test.ts" name="orchestrator-colors &gt; formatModelLabel &gt; returns &quot;Default&quot; for undefined model" time="0.000195744">
        </testcase>
        <testcase classname="src/renderer/features/agents/orchestrator-colors.test.ts" name="orchestrator-colors &gt; formatModelLabel &gt; returns &quot;Default&quot; for &quot;default&quot; model" time="0.000160709">
        </testcase>
        <testcase classname="src/renderer/features/agents/orchestrator-colors.test.ts" name="orchestrator-colors &gt; formatModelLabel &gt; handles multi-word model names" time="0.000153946">
        </testcase>
        <testcase classname="src/renderer/features/agents/orchestrator-colors.test.ts" name="orchestrator-colors &gt; formatModelLabel &gt; handles single character model names" time="0.000144629">
        </testcase>
    </testsuite>
    <testsuite name="src/renderer/features/app/ResumeBanner.test.tsx" timestamp="2026-03-25T04:47:30.283Z" hostname="runnervm46oaq" tests="4" failures="0" errors="0" skipped="0" time="0.105055936">
        <testcase classname="src/renderer/features/app/ResumeBanner.test.tsx" name="ResumeBanner &gt; renders nothing when no sessions" time="0.022823432">
        </testcase>
        <testcase classname="src/renderer/features/app/ResumeBanner.test.tsx" name="ResumeBanner &gt; renders session count and statuses" time="0.058490854">
        </testcase>
        <testcase classname="src/renderer/features/app/ResumeBanner.test.tsx" name="ResumeBanner &gt; calls onManualResume when tap to resume clicked" time="0.013043782">
        </testcase>
        <testcase classname="src/renderer/features/app/ResumeBanner.test.tsx" name="ResumeBanner &gt; calls onDismiss when dismiss clicked" time="0.006613">
        </testcase>
    </testsuite>
    <testsuite name="src/renderer/features/app/UpdateBanner.test.tsx" timestamp="2026-03-25T04:47:30.284Z" hostname="runnervm46oaq" tests="17" failures="0" errors="0" skipped="0" time="0.121164963">
        <testcase classname="src/renderer/features/app/UpdateBanner.test.tsx" name="UpdateBanner &gt; renders nothing when state is idle" time="0.023802024">
        </testcase>
        <testcase classname="src/renderer/features/app/UpdateBanner.test.tsx" name="UpdateBanner &gt; renders nothing when state is checking" time="0.003144068">
        </testcase>
        <testcase classname="src/renderer/features/app/UpdateBanner.test.tsx" name="UpdateBanner &gt; renders nothing when state is downloading" time="0.00325275">
        </testcase>
        <testcase classname="src/renderer/features/app/UpdateBanner.test.tsx" name="UpdateBanner &gt; renders blue banner when update is ready" time="0.029116178">
        </testcase>
        <testcase classname="src/renderer/features/app/UpdateBanner.test.tsx" name="UpdateBanner &gt; shows release message tagline when available" time="0.007807886">
        </testcase>
        <testcase classname="src/renderer/features/app/UpdateBanner.test.tsx" name="UpdateBanner &gt; does not show tagline when releaseMessage is null" time="0.002893161">
        </testcase>
        <testcase classname="src/renderer/features/app/UpdateBanner.test.tsx" name="UpdateBanner &gt; renders nothing when dismissed" time="0.001612479">
        </testcase>
        <testcase classname="src/renderer/features/app/UpdateBanner.test.tsx" name="UpdateBanner &gt; dismiss button hides the banner" time="0.011517585">
        </testcase>
        <testcase classname="src/renderer/features/app/UpdateBanner.test.tsx" name="UpdateBanner &gt; restart button calls confirmUpdateRestart when no agents running" time="0.00672563">
        </testcase>
        <testcase classname="src/renderer/features/app/UpdateBanner.test.tsx" name="UpdateBanner &gt; shows &quot;Download manually&quot; button when update is ready and artifactUrl is available" time="0.003594927">
        </testcase>
        <testcase classname="src/renderer/features/app/UpdateBanner.test.tsx" name="UpdateBanner &gt; does not show &quot;Download manually&quot; when artifactUrl is null" time="0.003682103">
        </testcase>
        <testcase classname="src/renderer/features/app/UpdateBanner.test.tsx" name="UpdateBanner &gt; shows error banner with manual download when apply fails" time="0.004341011">
        </testcase>
        <testcase classname="src/renderer/features/app/UpdateBanner.test.tsx" name="UpdateBanner &gt; does not show banner for error state without artifactUrl" time="0.001326557">
        </testcase>
        <testcase classname="src/renderer/features/app/UpdateBanner.test.tsx" name="UpdateBanner &gt; manual download button calls openExternalUrl with artifact URL" time="0.00368632">
        </testcase>
        <testcase classname="src/renderer/features/app/UpdateBanner.test.tsx" name="UpdateBanner &gt; error banner can be dismissed" time="0.002922105">
        </testcase>
        <testcase classname="src/renderer/features/app/UpdateBanner.test.tsx" name="UpdateBanner &gt; shows warning banner with &quot;Download manually&quot; primary when applyAttempted is true" time="0.004965456">
        </testcase>
        <testcase classname="src/renderer/features/app/UpdateBanner.test.tsx" name="UpdateBanner &gt; does not show retry message when applyAttempted is false" time="0.002890787">
        </testcase>
    </testsuite>
    <testsuite name="src/renderer/features/app/UpdateGateModal.test.tsx" timestamp="2026-03-25T04:47:30.287Z" hostname="runnervm46oaq" tests="5" failures="0" errors="0" skipped="0" time="0.093015653">
        <testcase classname="src/renderer/features/app/UpdateGateModal.test.tsx" name="UpdateGateModal &gt; renders working agents with action buttons" time="0.053524558">
        </testcase>
        <testcase classname="src/renderer/features/app/UpdateGateModal.test.tsx" name="UpdateGateModal &gt; renders idle agents in will-resume section" time="0.01011267">
        </testcase>
        <testcase classname="src/renderer/features/app/UpdateGateModal.test.tsx" name="UpdateGateModal &gt; disables Restart Now when working agents exist" time="0.007495232">
        </testcase>
        <testcase classname="src/renderer/features/app/UpdateGateModal.test.tsx" name="UpdateGateModal &gt; enables Restart Now when no working agents" time="0.005388593">
        </testcase>
        <testcase classname="src/renderer/features/app/UpdateGateModal.test.tsx" name="UpdateGateModal &gt; calls onResolveAgent with correct action" time="0.012419421">
        </testcase>
    </testsuite>
    <testsuite name="src/renderer/features/app/WhatsNewDialog.test.tsx" timestamp="2026-03-25T04:47:30.288Z" hostname="runnervm46oaq" tests="8" failures="0" errors="0" skipped="0" time="0.151471201">
        <testcase classname="src/renderer/features/app/WhatsNewDialog.test.tsx" name="WhatsNewDialog &gt; renders nothing when showWhatsNew is false" time="0.021453675">
        </testcase>
        <testcase classname="src/renderer/features/app/WhatsNewDialog.test.tsx" name="WhatsNewDialog &gt; renders nothing when whatsNew is null" time="0.003346926">
        </testcase>
        <testcase classname="src/renderer/features/app/WhatsNewDialog.test.tsx" name="WhatsNewDialog &gt; renders the dialog with version and release notes" time="0.070499511">
        </testcase>
        <testcase classname="src/renderer/features/app/WhatsNewDialog.test.tsx" name="WhatsNewDialog &gt; Got it button dismisses the dialog" time="0.016546868">
        </testcase>
        <testcase classname="src/renderer/features/app/WhatsNewDialog.test.tsx" name="WhatsNewDialog &gt; Escape key dismisses the dialog" time="0.010086361">
            <system-err>
An update to WhatsNewDialog inside a test was not wrapped in act(...).

When testing, code that causes React state updates should be wrapped into act(...):

act(() =&gt; {
  /* fire events that update state */
});
/* assert on the output */

This ensures that you&apos;re testing the behavior the user would see in the browser. Learn more at https://react.dev/link/wrap-tests-with-act
An update to WhatsNewDialog inside a test was not wrapped in act(...).

When testing, code that causes React state updates should be wrapped into act(...):

act(() =&gt; {
  /* fire events that update state */
});
/* assert on the output */

This ensures that you&apos;re testing the behavior the user would see in the browser. Learn more at https://react.dev/link/wrap-tests-with-act

            </system-err>
        </testcase>
        <testcase classname="src/renderer/features/app/WhatsNewDialog.test.tsx" name="WhatsNewDialog &gt; clicking backdrop dismisses the dialog" time="0.007571343">
        </testcase>
        <testcase classname="src/renderer/features/app/WhatsNewDialog.test.tsx" name="WhatsNewDialog &gt; sanitizes XSS payloads in release notes" time="0.011514558">
        </testcase>
        <testcase classname="src/renderer/features/app/WhatsNewDialog.test.tsx" name="WhatsNewDialog &gt; clicking inside the dialog does not dismiss" time="0.006181237">
        </testcase>
    </testsuite>
    <testsuite name="src/renderer/features/command-palette/CommandPalette.test.tsx" timestamp="2026-03-25T04:47:30.290Z" hostname="runnervm46oaq" tests="13" failures="0" errors="0" skipped="0" time="0.504514294">
        <testcase classname="src/renderer/features/command-palette/CommandPalette.test.tsx" name="CommandPalette &gt; renders nothing when closed" time="0.026993896">
            <system-err>
An update to CommandPalette inside a test was not wrapped in act(...).

When testing, code that causes React state updates should be wrapped into act(...):

act(() =&gt; {
  /* fire events that update state */
});
/* assert on the output */

This ensures that you&apos;re testing the behavior the user would see in the browser. Learn more at https://react.dev/link/wrap-tests-with-act
An update to CommandPalette inside a test was not wrapped in act(...).

When testing, code that causes React state updates should be wrapped into act(...):

act(() =&gt; {
  /* fire events that update state */
});
/* assert on the output */

This ensures that you&apos;re testing the behavior the user would see in the browser. Learn more at https://react.dev/link/wrap-tests-with-act

            </system-err>
        </testcase>
        <testcase classname="src/renderer/features/command-palette/CommandPalette.test.tsx" name="CommandPalette &gt; renders overlay when open" time="0.035007755">
            <system-err>
An update to CommandPalette inside a test was not wrapped in act(...).

When testing, code that causes React state updates should be wrapped into act(...):

act(() =&gt; {
  /* fire events that update state */
});
/* assert on the output */

This ensures that you&apos;re testing the behavior the user would see in the browser. Learn more at https://react.dev/link/wrap-tests-with-act
An update to CommandPalette inside a test was not wrapped in act(...).

When testing, code that causes React state updates should be wrapped into act(...):

act(() =&gt; {
  /* fire events that update state */
});
/* assert on the output */

This ensures that you&apos;re testing the behavior the user would see in the browser. Learn more at https://react.dev/link/wrap-tests-with-act

            </system-err>
        </testcase>
        <testcase classname="src/renderer/features/command-palette/CommandPalette.test.tsx" name="CommandPalette &gt; shows projects and agents in results when open" time="0.057274132">
            <system-err>
An update to CommandPalette inside a test was not wrapped in act(...).

When testing, code that causes React state updates should be wrapped into act(...):

act(() =&gt; {
  /* fire events that update state */
});
/* assert on the output */

This ensures that you&apos;re testing the behavior the user would see in the browser. Learn more at https://react.dev/link/wrap-tests-with-act
An update to CommandPalette inside a test was not wrapped in act(...).

When testing, code that causes React state updates should be wrapped into act(...):

act(() =&gt; {
  /* fire events that update state */
});
/* assert on the output */

This ensures that you&apos;re testing the behavior the user would see in the browser. Learn more at https://react.dev/link/wrap-tests-with-act

            </system-err>
        </testcase>
        <testcase classname="src/renderer/features/command-palette/CommandPalette.test.tsx" name="CommandPalette &gt; filters results based on query" time="0.235803572">
            <system-err>
An update to CommandPalette inside a test was not wrapped in act(...).

When testing, code that causes React state updates should be wrapped into act(...):

act(() =&gt; {
  /* fire events that update state */
});
/* assert on the output */

This ensures that you&apos;re testing the behavior the user would see in the browser. Learn more at https://react.dev/link/wrap-tests-with-act
An update to CommandPalette inside a test was not wrapped in act(...).

When testing, code that causes React state updates should be wrapped into act(...):

act(() =&gt; {
  /* fire events that update state */
});
/* assert on the output */

This ensures that you&apos;re testing the behavior the user would see in the browser. Learn more at https://react.dev/link/wrap-tests-with-act

            </system-err>
        </testcase>
        <testcase classname="src/renderer/features/command-palette/CommandPalette.test.tsx" name="CommandPalette &gt; shows no results message for unmatched query" time="0.008209299">
            <system-err>
An update to CommandPalette inside a test was not wrapped in act(...).

When testing, code that causes React state updates should be wrapped into act(...):

act(() =&gt; {
  /* fire events that update state */
});
/* assert on the output */

This ensures that you&apos;re testing the behavior the user would see in the browser. Learn more at https://react.dev/link/wrap-tests-with-act
An update to CommandPalette inside a test was not wrapped in act(...).

When testing, code that causes React state updates should be wrapped into act(...):

act(() =&gt; {
  /* fire events that update state */
});
/* assert on the output */

This ensures that you&apos;re testing the behavior the user would see in the browser. Learn more at https://react.dev/link/wrap-tests-with-act

            </system-err>
        </testcase>
        <testcase classname="src/renderer/features/command-palette/CommandPalette.test.tsx" name="CommandPalette &gt; closes on backdrop click" time="0.031957152">
            <system-err>
An update to CommandPalette inside a test was not wrapped in act(...).

When testing, code that causes React state updates should be wrapped into act(...):

act(() =&gt; {
  /* fire events that update state */
});
/* assert on the output */

This ensures that you&apos;re testing the behavior the user would see in the browser. Learn more at https://react.dev/link/wrap-tests-with-act

An update to CommandPalette inside a test was not wrapped in act(...).

When testing, code that causes React state updates should be wrapped into act(...):

act(() =&gt; {
  /* fire events that update state */
});
/* assert on the output */

This ensures that you&apos;re testing the behavior the user would see in the browser. Learn more at https://react.dev/link/wrap-tests-with-act
An update to CommandPalette inside a test was not wrapped in act(...).

When testing, code that causes React state updates should be wrapped into act(...):

act(() =&gt; {
  /* fire events that update state */
});
/* assert on the output */

This ensures that you&apos;re testing the behavior the user would see in the browser. Learn more at https://react.dev/link/wrap-tests-with-act

            </system-err>
        </testcase>
        <testcase classname="src/renderer/features/command-palette/CommandPalette.test.tsx" name="CommandPalette &gt; closes on Escape key via overlay onKeyDown" time="0.023517153">
            <system-err>
An update to CommandPalette inside a test was not wrapped in act(...).

When testing, code that causes React state updates should be wrapped into act(...):

act(() =&gt; {
  /* fire events that update state */
});
/* assert on the output */

This ensures that you&apos;re testing the behavior the user would see in the browser. Learn more at https://react.dev/link/wrap-tests-with-act

An update to CommandPalette inside a test was not wrapped in act(...).

When testing, code that causes React state updates should be wrapped into act(...):

act(() =&gt; {
  /* fire events that update state */
});
/* assert on the output */

This ensures that you&apos;re testing the behavior the user would see in the browser. Learn more at https://react.dev/link/wrap-tests-with-act
An update to CommandPalette inside a test was not wrapped in act(...).

When testing, code that causes React state updates should be wrapped into act(...):

act(() =&gt; {
  /* fire events that update state */
});
/* assert on the output */

This ensures that you&apos;re testing the behavior the user would see in the browser. Learn more at https://react.dev/link/wrap-tests-with-act

            </system-err>
        </testcase>
        <testcase classname="src/renderer/features/command-palette/CommandPalette.test.tsx" name="CommandPalette &gt; closes on Escape when fired from input (bubbles to overlay)" time="0.028653462">
            <system-err>
An update to CommandPalette inside a test was not wrapped in act(...).

When testing, code that causes React state updates should be wrapped into act(...):

act(() =&gt; {
  /* fire events that update state */
});
/* assert on the output */

This ensures that you&apos;re testing the behavior the user would see in the browser. Learn more at https://react.dev/link/wrap-tests-with-act

An update to CommandPalette inside a test was not wrapped in act(...).

When testing, code that causes React state updates should be wrapped into act(...):

act(() =&gt; {
  /* fire events that update state */
});
/* assert on the output */

This ensures that you&apos;re testing the behavior the user would see in the browser. Learn more at https://react.dev/link/wrap-tests-with-act
An update to CommandPalette inside a test was not wrapped in act(...).

When testing, code that causes React state updates should be wrapped into act(...):

act(() =&gt; {
  /* fire events that update state */
});
/* assert on the output */

This ensures that you&apos;re testing the behavior the user would see in the browser. Learn more at https://react.dev/link/wrap-tests-with-act

            </system-err>
        </testcase>
        <testcase classname="src/renderer/features/command-palette/CommandPalette.test.tsx" name="CommandPalette &gt; navigates selection with arrow keys" time="0.051839172">
            <system-err>
An update to CommandPalette inside a test was not wrapped in act(...).

When testing, code that causes React state updates should be wrapped into act(...):

act(() =&gt; {
  /* fire events that update state */
});
/* assert on the output */

This ensures that you&apos;re testing the behavior the user would see in the browser. Learn more at https://react.dev/link/wrap-tests-with-act

An update to CommandPalette inside a test was not wrapped in act(...).

When testing, code that causes React state updates should be wrapped into act(...):

act(() =&gt; {
  /* fire events that update state */
});
/* assert on the output */

This ensures that you&apos;re testing the behavior the user would see in the browser. Learn more at https://react.dev/link/wrap-tests-with-act
An update to CommandPalette inside a test was not wrapped in act(...).

When testing, code that causes React state updates should be wrapped into act(...):

act(() =&gt; {
  /* fire events that update state */
});
/* assert on the output */

This ensures that you&apos;re testing the behavior the user would see in the browser. Learn more at https://react.dev/link/wrap-tests-with-act

            </system-err>
        </testcase>
        <testcase classname="src/renderer/features/command-palette/CommandPalette.test.tsx" name="CommandPalette &gt; sets mode to agents with @ prefix" time="0.000580279">
        </testcase>
        <testcase classname="src/renderer/features/command-palette/CommandPalette.test.tsx" name="CommandPalette &gt; sets mode to spaces with # prefix" time="0.000378774">
        </testcase>
        <testcase classname="src/renderer/features/command-palette/CommandPalette.test.tsx" name="CommandPalette &gt; sets mode to projects with / prefix" time="0.000311539">
        </testcase>
        <testcase classname="src/renderer/features/command-palette/CommandPalette.test.tsx" name="CommandPalette &gt; sets mode to commands with &gt; prefix" time="0.000274631">
        </testcase>
    </testsuite>
    <testsuite name="src/renderer/features/command-palette/command-actions.test.ts" timestamp="2026-03-25T04:47:30.294Z" hostname="runnervm46oaq" tests="17" failures="0" errors="0" skipped="0" time="0.011880278">
        <testcase classname="src/renderer/features/command-palette/command-actions.test.ts" name="command-actions &gt; returns all expected actions" time="0.003733885">
        </testcase>
        <testcase classname="src/renderer/features/command-palette/command-actions.test.ts" name="command-actions &gt; command-palette is marked global" time="0.000435019">
        </testcase>
        <testcase classname="src/renderer/features/command-palette/command-actions.test.ts" name="command-actions &gt; other actions are not global" time="0.000284268">
        </testcase>
        <testcase classname="src/renderer/features/command-palette/command-actions.test.ts" name="command-actions &gt; command-palette action calls toggle" time="0.000571183">
        </testcase>
        <testcase classname="src/renderer/features/command-palette/command-actions.test.ts" name="command-actions &gt; toggle-settings calls toggleSettings" time="0.000351794">
        </testcase>
        <testcase classname="src/renderer/features/command-palette/command-actions.test.ts" name="command-actions &gt; toggle-help calls toggleHelp" time="0.000221452">
        </testcase>
        <testcase classname="src/renderer/features/command-palette/command-actions.test.ts" name="command-actions &gt; go-home calls setActiveProject(null)" time="0.000947162">
        </testcase>
        <testcase classname="src/renderer/features/command-palette/command-actions.test.ts" name="command-actions &gt; toggle-sidebar calls toggleExplorerCollapse" time="0.000225399">
        </testcase>
        <testcase classname="src/renderer/features/command-palette/command-actions.test.ts" name="command-actions &gt; toggle-accessory calls toggleAccessoryCollapse" time="0.000521299">
        </testcase>
        <testcase classname="src/renderer/features/command-palette/command-actions.test.ts" name="command-actions &gt; add-project calls pickAndAddProject" time="0.000267287">
        </testcase>
        <testcase classname="src/renderer/features/command-palette/command-actions.test.ts" name="command-actions &gt; switch-project-1 switches to first project" time="0.000332138">
        </testcase>
        <testcase classname="src/renderer/features/command-palette/command-actions.test.ts" name="command-actions &gt; switch-project-2 switches to second project" time="0.000468231">
        </testcase>
        <testcase classname="src/renderer/features/command-palette/command-actions.test.ts" name="command-actions &gt; switch-agent-1 sets active agent to first durable agent" time="0.000527712">
        </testcase>
        <testcase classname="src/renderer/features/command-palette/command-actions.test.ts" name="command-actions &gt; switch-agent-2 sets active agent to second durable agent" time="0.000321489">
        </testcase>
        <testcase classname="src/renderer/features/command-palette/command-actions.test.ts" name="command-actions &gt; close-project calls removeProject with activeProjectId" time="0.000278528">
        </testcase>
        <testcase classname="src/renderer/features/command-palette/command-actions.test.ts" name="command-actions &gt; new-quick-agent is marked global so it fires from text inputs" time="0.000271595">
        </testcase>
        <testcase classname="src/renderer/features/command-palette/command-actions.test.ts" name="command-actions &gt; new-quick-agent opens the global quick agent dialog" time="0.000248242">
        </testcase>
    </testsuite>
    <testsuite name="src/renderer/features/command-palette/fuzzy-match.test.ts" timestamp="2026-03-25T04:47:30.297Z" hostname="runnervm46oaq" tests="25" failures="0" errors="0" skipped="0" time="0.016233595">
        <testcase classname="src/renderer/features/command-palette/fuzzy-match.test.ts" name="fuzzyMatch &gt; returns score 0 and empty matches for empty query" time="0.003506713">
        </testcase>
        <testcase classname="src/renderer/features/command-palette/fuzzy-match.test.ts" name="fuzzyMatch &gt; matches all characters in order" time="0.000710132">
        </testcase>
        <testcase classname="src/renderer/features/command-palette/fuzzy-match.test.ts" name="fuzzyMatch &gt; returns null when query characters not all found" time="0.000254924">
        </testcase>
        <testcase classname="src/renderer/features/command-palette/fuzzy-match.test.ts" name="fuzzyMatch &gt; returns null for partial match" time="0.000237121">
        </testcase>
        <testcase classname="src/renderer/features/command-palette/fuzzy-match.test.ts" name="fuzzyMatch &gt; is case insensitive" time="0.000471357">
        </testcase>
        <testcase classname="src/renderer/features/command-palette/fuzzy-match.test.ts" name="fuzzyMatch &gt; gives higher score for consecutive matches" time="0.000369397">
        </testcase>
        <testcase classname="src/renderer/features/command-palette/fuzzy-match.test.ts" name="fuzzyMatch &gt; gives higher score for word-boundary matches" time="0.000460176">
        </testcase>
        <testcase classname="src/renderer/features/command-palette/fuzzy-match.test.ts" name="fuzzyMatch &gt; gives bonus for exact case match" time="0.000283537">
        </testcase>
        <testcase classname="src/renderer/features/command-palette/fuzzy-match.test.ts" name="fuzzyMatch &gt; handles single character query" time="0.00091391">
        </testcase>
        <testcase classname="src/renderer/features/command-palette/fuzzy-match.test.ts" name="fuzzyMatch &gt; matches at the end of string" time="0.000518284">
        </testcase>
        <testcase classname="src/renderer/features/command-palette/fuzzy-match.test.ts" name="fuzzyMatch &gt; handles query same length as target" time="0.000404493">
        </testcase>
        <testcase classname="src/renderer/features/command-palette/fuzzy-match.test.ts" name="fuzzyMatch &gt; handles hyphenated word boundaries" time="0.000273047">
        </testcase>
        <testcase classname="src/renderer/features/command-palette/fuzzy-match.test.ts" name="fuzzyMatch &gt; handles underscore word boundaries" time="0.000279069">
        </testcase>
        <testcase classname="src/renderer/features/command-palette/fuzzy-match.test.ts" name="fuzzyMatch &gt; detects exact substring matches with contiguous indices" time="0.000339591">
        </testcase>
        <testcase classname="src/renderer/features/command-palette/fuzzy-match.test.ts" name="fuzzyMatch &gt; gives higher score for prefix substring than mid-word substring" time="0.000191637">
        </testcase>
        <testcase classname="src/renderer/features/command-palette/fuzzy-match.test.ts" name="fuzzyMatch &gt; gives higher score for exact substring than scattered fuzzy match" time="0.000194722">
        </testcase>
        <testcase classname="src/renderer/features/command-palette/fuzzy-match.test.ts" name="fuzzyMatch &gt; gives coverage bonus for query matching larger fraction of target" time="0.000213888">
        </testcase>
        <testcase classname="src/renderer/features/command-palette/fuzzy-match.test.ts" name="fuzzyFilter &gt; returns all items with score 0 for empty query" time="0.001513124">
        </testcase>
        <testcase classname="src/renderer/features/command-palette/fuzzy-match.test.ts" name="fuzzyFilter &gt; filters to matching items" time="0.000409642">
        </testcase>
        <testcase classname="src/renderer/features/command-palette/fuzzy-match.test.ts" name="fuzzyFilter &gt; returns empty array when nothing matches" time="0.000312431">
        </testcase>
        <testcase classname="src/renderer/features/command-palette/fuzzy-match.test.ts" name="fuzzyFilter &gt; sorts by score descending" time="0.000266947">
        </testcase>
        <testcase classname="src/renderer/features/command-palette/fuzzy-match.test.ts" name="fuzzyFilter &gt; falls back to keywords when label does not match" time="0.000407839">
        </testcase>
        <testcase classname="src/renderer/features/command-palette/fuzzy-match.test.ts" name="fuzzyFilter &gt; prioritizes label matches over keyword matches" time="0.0004246">
        </testcase>
        <testcase classname="src/renderer/features/command-palette/fuzzy-match.test.ts" name="fuzzyFilter &gt; filters out weak single-character matches (not prefix or boundary)" time="0.000306359">
        </testcase>
        <testcase classname="src/renderer/features/command-palette/fuzzy-match.test.ts" name="fuzzyFilter &gt; includes strong matches and excludes weak ones with short query" time="0.00025762">
        </testcase>
    </testsuite>
    <testsuite name="src/renderer/features/command-palette/use-command-source.test.ts" timestamp="2026-03-25T04:47:30.301Z" hostname="runnervm46oaq" tests="32" failures="0" errors="0" skipped="0" time="0.454687032">
        <testcase classname="src/renderer/features/command-palette/use-command-source.test.ts" name="useCommandSource &gt; annex commands hidden when experimental flag is off" time="0.029393198">
        </testcase>
        <testcase classname="src/renderer/features/command-palette/use-command-source.test.ts" name="useCommandSource &gt; includes toggle annex server action when experimental flag is on" time="0.013706395">
        </testcase>
        <testcase classname="src/renderer/features/command-palette/use-command-source.test.ts" name="useCommandSource &gt; includes toggle annex server action with Disable label when enableServer is true" time="0.012806923">
        </testcase>
        <testcase classname="src/renderer/features/command-palette/use-command-source.test.ts" name="useCommandSource &gt; toggle annex server calls saveSettings with toggled enableServer" time="0.013580541">
        </testcase>
        <testcase classname="src/renderer/features/command-palette/use-command-source.test.ts" name="useCommandSource &gt; includes show annex PIN action when experimental flag is on" time="0.012766346">
        </testcase>
        <testcase classname="src/renderer/features/command-palette/use-command-source.test.ts" name="useCommandSource &gt; show annex PIN includes PIN in detail when enabled" time="0.011878145">
        </testcase>
        <testcase classname="src/renderer/features/command-palette/use-command-source.test.ts" name="useCommandSource &gt; show annex PIN has no detail when annex is disabled" time="0.012470222">
        </testcase>
        <testcase classname="src/renderer/features/command-palette/use-command-source.test.ts" name="useCommandSource &gt; show annex PIN navigates to annex settings" time="0.013440741">
        </testcase>
        <testcase classname="src/renderer/features/command-palette/use-command-source.test.ts" name="useCommandSource &gt; includes agent config action" time="0.005661822">
            <system-err>
An update to TestComponent inside a test was not wrapped in act(...).

When testing, code that causes React state updates should be wrapped into act(...):

act(() =&gt; {
  /* fire events that update state */
});
/* assert on the output */

This ensures that you&apos;re testing the behavior the user would see in the browser. Learn more at https://react.dev/link/wrap-tests-with-act

An update to TestComponent inside a test was not wrapped in act(...).

When testing, code that causes React state updates should be wrapped into act(...):

act(() =&gt; {
  /* fire events that update state */
});
/* assert on the output */

This ensures that you&apos;re testing the behavior the user would see in the browser. Learn more at https://react.dev/link/wrap-tests-with-act
An update to TestComponent inside a test was not wrapped in act(...).

When testing, code that causes React state updates should be wrapped into act(...):

act(() =&gt; {
  /* fire events that update state */
});
/* assert on the output */

This ensures that you&apos;re testing the behavior the user would see in the browser. Learn more at https://react.dev/link/wrap-tests-with-act

            </system-err>
        </testcase>
        <testcase classname="src/renderer/features/command-palette/use-command-source.test.ts" name="useCommandSource &gt; agent config navigates to orchestrators settings" time="0.002828451">
            <system-err>
An update to TestComponent inside a test was not wrapped in act(...).

When testing, code that causes React state updates should be wrapped into act(...):

act(() =&gt; {
  /* fire events that update state */
});
/* assert on the output */

This ensures that you&apos;re testing the behavior the user would see in the browser. Learn more at https://react.dev/link/wrap-tests-with-act

An update to TestComponent inside a test was not wrapped in act(...).

When testing, code that causes React state updates should be wrapped into act(...):

act(() =&gt; {
  /* fire events that update state */
});
/* assert on the output */

This ensures that you&apos;re testing the behavior the user would see in the browser. Learn more at https://react.dev/link/wrap-tests-with-act
An update to TestComponent inside a test was not wrapped in act(...).

When testing, code that causes React state updates should be wrapped into act(...):

act(() =&gt; {
  /* fire events that update state */
});
/* assert on the output */

This ensures that you&apos;re testing the behavior the user would see in the browser. Learn more at https://react.dev/link/wrap-tests-with-act

            </system-err>
        </testcase>
        <testcase classname="src/renderer/features/command-palette/use-command-source.test.ts" name="useCommandSource &gt; agent config does not toggle settings when already in settings view" time="0.002764221">
            <system-err>
An update to TestComponent inside a test was not wrapped in act(...).

When testing, code that causes React state updates should be wrapped into act(...):

act(() =&gt; {
  /* fire events that update state */
});
/* assert on the output */

This ensures that you&apos;re testing the behavior the user would see in the browser. Learn more at https://react.dev/link/wrap-tests-with-act

An update to TestComponent inside a test was not wrapped in act(...).

When testing, code that causes React state updates should be wrapped into act(...):

act(() =&gt; {
  /* fire events that update state */
});
/* assert on the output */

This ensures that you&apos;re testing the behavior the user would see in the browser. Learn more at https://react.dev/link/wrap-tests-with-act
An update to TestComponent inside a test was not wrapped in act(...).

When testing, code that causes React state updates should be wrapped into act(...):

act(() =&gt; {
  /* fire events that update state */
});
/* assert on the output */

This ensures that you&apos;re testing the behavior the user would see in the browser. Learn more at https://react.dev/link/wrap-tests-with-act

            </system-err>
        </testcase>
        <testcase classname="src/renderer/features/command-palette/use-command-source.test.ts" name="useCommandSource &gt; includes both project hubs and app hubs when a project is active" time="0.002440219">
            <system-err>
An update to TestComponent inside a test was not wrapped in act(...).

When testing, code that causes React state updates should be wrapped into act(...):

act(() =&gt; {
  /* fire events that update state */
});
/* assert on the output */

This ensures that you&apos;re testing the behavior the user would see in the browser. Learn more at https://react.dev/link/wrap-tests-with-act

An update to TestComponent inside a test was not wrapped in act(...).

When testing, code that causes React state updates should be wrapped into act(...):

act(() =&gt; {
  /* fire events that update state */
});
/* assert on the output */

This ensures that you&apos;re testing the behavior the user would see in the browser. Learn more at https://react.dev/link/wrap-tests-with-act
An update to TestComponent inside a test was not wrapped in act(...).

When testing, code that causes React state updates should be wrapped into act(...):

act(() =&gt; {
  /* fire events that update state */
});
/* assert on the output */

This ensures that you&apos;re testing the behavior the user would see in the browser. Learn more at https://react.dev/link/wrap-tests-with-act

            </system-err>
        </testcase>
        <testcase classname="src/renderer/features/command-palette/use-command-source.test.ts" name="useCommandSource &gt; marks the active project hub as Active with Hub prefix" time="0.001997456">
            <system-err>
An update to TestComponent inside a test was not wrapped in act(...).

When testing, code that causes React state updates should be wrapped into act(...):

act(() =&gt; {
  /* fire events that update state */
});
/* assert on the output */

This ensures that you&apos;re testing the behavior the user would see in the browser. Learn more at https://react.dev/link/wrap-tests-with-act

An update to TestComponent inside a test was not wrapped in act(...).

When testing, code that causes React state updates should be wrapped into act(...):

act(() =&gt; {
  /* fire events that update state */
});
/* assert on the output */

This ensures that you&apos;re testing the behavior the user would see in the browser. Learn more at https://react.dev/link/wrap-tests-with-act
An update to TestComponent inside a test was not wrapped in act(...).

When testing, code that causes React state updates should be wrapped into act(...):

act(() =&gt; {
  /* fire events that update state */
});
/* assert on the output */

This ensures that you&apos;re testing the behavior the user would see in the browser. Learn more at https://react.dev/link/wrap-tests-with-act

            </system-err>
        </testcase>
        <testcase classname="src/renderer/features/command-palette/use-command-source.test.ts" name="useCommandSource &gt; shows project name with Hub prefix in detail for non-active project hubs" time="0.001931543">
            <system-err>
An update to TestComponent inside a test was not wrapped in act(...).

When testing, code that causes React state updates should be wrapped into act(...):

act(() =&gt; {
  /* fire events that update state */
});
/* assert on the output */

This ensures that you&apos;re testing the behavior the user would see in the browser. Learn more at https://react.dev/link/wrap-tests-with-act

An update to TestComponent inside a test was not wrapped in act(...).

When testing, code that causes React state updates should be wrapped into act(...):

act(() =&gt; {
  /* fire events that update state */
});
/* assert on the output */

This ensures that you&apos;re testing the behavior the user would see in the browser. Learn more at https://react.dev/link/wrap-tests-with-act
An update to TestComponent inside a test was not wrapped in act(...).

When testing, code that causes React state updates should be wrapped into act(...):

act(() =&gt; {
  /* fire events that update state */
});
/* assert on the output */

This ensures that you&apos;re testing the behavior the user would see in the browser. Learn more at https://react.dev/link/wrap-tests-with-act

            </system-err>
        </testcase>
        <testcase classname="src/renderer/features/command-palette/use-command-source.test.ts" name="useCommandSource &gt; labels app hubs with Hub · Home detail" time="0.001897349">
            <system-err>
An update to TestComponent inside a test was not wrapped in act(...).

When testing, code that causes React state updates should be wrapped into act(...):

act(() =&gt; {
  /* fire events that update state */
});
/* assert on the output */

This ensures that you&apos;re testing the behavior the user would see in the browser. Learn more at https://react.dev/link/wrap-tests-with-act

An update to TestComponent inside a test was not wrapped in act(...).

When testing, code that causes React state updates should be wrapped into act(...):

act(() =&gt; {
  /* fire events that update state */
});
/* assert on the output */

This ensures that you&apos;re testing the behavior the user would see in the browser. Learn more at https://react.dev/link/wrap-tests-with-act
An update to TestComponent inside a test was not wrapped in act(...).

When testing, code that causes React state updates should be wrapped into act(...):

act(() =&gt; {
  /* fire events that update state */
});
/* assert on the output */

This ensures that you&apos;re testing the behavior the user would see in the browser. Learn more at https://react.dev/link/wrap-tests-with-act

            </system-err>
        </testcase>
        <testcase classname="src/renderer/features/command-palette/use-command-source.test.ts" name="useCommandSource &gt; project hub execution switches to project, navigates to hub tab, and activates hub" time="0.002459214">
            <system-err>
An update to TestComponent inside a test was not wrapped in act(...).

When testing, code that causes React state updates should be wrapped into act(...):

act(() =&gt; {
  /* fire events that update state */
});
/* assert on the output */

This ensures that you&apos;re testing the behavior the user would see in the browser. Learn more at https://react.dev/link/wrap-tests-with-act

An update to TestComponent inside a test was not wrapped in act(...).

When testing, code that causes React state updates should be wrapped into act(...):

act(() =&gt; {
  /* fire events that update state */
});
/* assert on the output */

This ensures that you&apos;re testing the behavior the user would see in the browser. Learn more at https://react.dev/link/wrap-tests-with-act
An update to TestComponent inside a test was not wrapped in act(...).

When testing, code that causes React state updates should be wrapped into act(...):

act(() =&gt; {
  /* fire events that update state */
});
/* assert on the output */

This ensures that you&apos;re testing the behavior the user would see in the browser. Learn more at https://react.dev/link/wrap-tests-with-act

            </system-err>
        </testcase>
        <testcase classname="src/renderer/features/command-palette/use-command-source.test.ts" name="useCommandSource &gt; app hub execution switches to home, navigates to hub tab, and activates hub" time="0.00253198">
            <system-err>
An update to TestComponent inside a test was not wrapped in act(...).

When testing, code that causes React state updates should be wrapped into act(...):

act(() =&gt; {
  /* fire events that update state */
});
/* assert on the output */

This ensures that you&apos;re testing the behavior the user would see in the browser. Learn more at https://react.dev/link/wrap-tests-with-act

An update to TestComponent inside a test was not wrapped in act(...).

When testing, code that causes React state updates should be wrapped into act(...):

act(() =&gt; {
  /* fire events that update state */
});
/* assert on the output */

This ensures that you&apos;re testing the behavior the user would see in the browser. Learn more at https://react.dev/link/wrap-tests-with-act
An update to TestComponent inside a test was not wrapped in act(...).

When testing, code that causes React state updates should be wrapped into act(...):

act(() =&gt; {
  /* fire events that update state */
});
/* assert on the output */

This ensures that you&apos;re testing the behavior the user would see in the browser. Learn more at https://react.dev/link/wrap-tests-with-act

            </system-err>
        </testcase>
        <testcase classname="src/renderer/features/command-palette/use-command-source.test.ts" name="useCommandSource &gt; all space items have # type indicator and Spaces category" time="0.003660275">
            <system-err>
An update to TestComponent inside a test was not wrapped in act(...).

When testing, code that causes React state updates should be wrapped into act(...):

act(() =&gt; {
  /* fire events that update state */
});
/* assert on the output */

This ensures that you&apos;re testing the behavior the user would see in the browser. Learn more at https://react.dev/link/wrap-tests-with-act

An update to TestComponent inside a test was not wrapped in act(...).

When testing, code that causes React state updates should be wrapped into act(...):

act(() =&gt; {
  /* fire events that update state */
});
/* assert on the output */

This ensures that you&apos;re testing the behavior the user would see in the browser. Learn more at https://react.dev/link/wrap-tests-with-act
An update to TestComponent inside a test was not wrapped in act(...).

When testing, code that causes React state updates should be wrapped into act(...):

act(() =&gt; {
  /* fire events that update state */
});
/* assert on the output */

This ensures that you&apos;re testing the behavior the user would see in the browser. Learn more at https://react.dev/link/wrap-tests-with-act

            </system-err>
        </testcase>
        <testcase classname="src/renderer/features/command-palette/use-command-source.test.ts" name="useCommandSource &gt; loads hubs from non-active projects via storage" time="0.054784796">
        </testcase>
        <testcase classname="src/renderer/features/command-palette/use-command-source.test.ts" name="useCommandSource &gt; cross-project hub execution pre-writes active hub to storage then switches" time="0.053488523">
        </testcase>
        <testcase classname="src/renderer/features/command-palette/use-command-source.test.ts" name="useCommandSource &gt; skips active project when loading cross-project hubs" time="0.053528118">
        </testcase>
        <testcase classname="src/renderer/features/command-palette/use-command-source.test.ts" name="useCommandSource &gt; handles storage read errors gracefully for individual projects" time="0.016347368">
        </testcase>
        <testcase classname="src/renderer/features/command-palette/use-command-source.test.ts" name="useCommandSource &gt; includes project canvases and app canvases as Spaces items" time="0.002155038">
            <system-err>
An update to TestComponent inside a test was not wrapped in act(...).

When testing, code that causes React state updates should be wrapped into act(...):

act(() =&gt; {
  /* fire events that update state */
});
/* assert on the output */

This ensures that you&apos;re testing the behavior the user would see in the browser. Learn more at https://react.dev/link/wrap-tests-with-act

An update to TestComponent inside a test was not wrapped in act(...).

When testing, code that causes React state updates should be wrapped into act(...):

act(() =&gt; {
  /* fire events that update state */
});
/* assert on the output */

This ensures that you&apos;re testing the behavior the user would see in the browser. Learn more at https://react.dev/link/wrap-tests-with-act
An update to TestComponent inside a test was not wrapped in act(...).

When testing, code that causes React state updates should be wrapped into act(...):

act(() =&gt; {
  /* fire events that update state */
});
/* assert on the output */

This ensures that you&apos;re testing the behavior the user would see in the browser. Learn more at https://react.dev/link/wrap-tests-with-act

            </system-err>
        </testcase>
        <testcase classname="src/renderer/features/command-palette/use-command-source.test.ts" name="useCommandSource &gt; marks the active project canvas with Canvas · Active detail" time="0.001644018">
            <system-err>
An update to TestComponent inside a test was not wrapped in act(...).

When testing, code that causes React state updates should be wrapped into act(...):

act(() =&gt; {
  /* fire events that update state */
});
/* assert on the output */

This ensures that you&apos;re testing the behavior the user would see in the browser. Learn more at https://react.dev/link/wrap-tests-with-act

An update to TestComponent inside a test was not wrapped in act(...).

When testing, code that causes React state updates should be wrapped into act(...):

act(() =&gt; {
  /* fire events that update state */
});
/* assert on the output */

This ensures that you&apos;re testing the behavior the user would see in the browser. Learn more at https://react.dev/link/wrap-tests-with-act
An update to TestComponent inside a test was not wrapped in act(...).

When testing, code that causes React state updates should be wrapped into act(...):

act(() =&gt; {
  /* fire events that update state */
});
/* assert on the output */

This ensures that you&apos;re testing the behavior the user would see in the browser. Learn more at https://react.dev/link/wrap-tests-with-act

            </system-err>
        </testcase>
        <testcase classname="src/renderer/features/command-palette/use-command-source.test.ts" name="useCommandSource &gt; labels app canvases with Canvas · Home detail" time="0.00376882">
            <system-err>
An update to TestComponent inside a test was not wrapped in act(...).

When testing, code that causes React state updates should be wrapped into act(...):

act(() =&gt; {
  /* fire events that update state */
});
/* assert on the output */

This ensures that you&apos;re testing the behavior the user would see in the browser. Learn more at https://react.dev/link/wrap-tests-with-act

An update to TestComponent inside a test was not wrapped in act(...).

When testing, code that causes React state updates should be wrapped into act(...):

act(() =&gt; {
  /* fire events that update state */
});
/* assert on the output */

This ensures that you&apos;re testing the behavior the user would see in the browser. Learn more at https://react.dev/link/wrap-tests-with-act
An update to TestComponent inside a test was not wrapped in act(...).

When testing, code that causes React state updates should be wrapped into act(...):

act(() =&gt; {
  /* fire events that update state */
});
/* assert on the output */

This ensures that you&apos;re testing the behavior the user would see in the browser. Learn more at https://react.dev/link/wrap-tests-with-act

            </system-err>
        </testcase>
        <testcase classname="src/renderer/features/command-palette/use-command-source.test.ts" name="useCommandSource &gt; project canvas execution switches to project, navigates to canvas tab, and activates canvas" time="0.002021019">
            <system-err>
An update to TestComponent inside a test was not wrapped in act(...).

When testing, code that causes React state updates should be wrapped into act(...):

act(() =&gt; {
  /* fire events that update state */
});
/* assert on the output */

This ensures that you&apos;re testing the behavior the user would see in the browser. Learn more at https://react.dev/link/wrap-tests-with-act

An update to TestComponent inside a test was not wrapped in act(...).

When testing, code that causes React state updates should be wrapped into act(...):

act(() =&gt; {
  /* fire events that update state */
});
/* assert on the output */

This ensures that you&apos;re testing the behavior the user would see in the browser. Learn more at https://react.dev/link/wrap-tests-with-act
An update to TestComponent inside a test was not wrapped in act(...).

When testing, code that causes React state updates should be wrapped into act(...):

act(() =&gt; {
  /* fire events that update state */
});
/* assert on the output */

This ensures that you&apos;re testing the behavior the user would see in the browser. Learn more at https://react.dev/link/wrap-tests-with-act

            </system-err>
        </testcase>
        <testcase classname="src/renderer/features/command-palette/use-command-source.test.ts" name="useCommandSource &gt; app canvas execution switches to home, navigates to canvas tab, and activates canvas" time="0.001826067">
            <system-err>
An update to TestComponent inside a test was not wrapped in act(...).

When testing, code that causes React state updates should be wrapped into act(...):

act(() =&gt; {
  /* fire events that update state */
});
/* assert on the output */

This ensures that you&apos;re testing the behavior the user would see in the browser. Learn more at https://react.dev/link/wrap-tests-with-act

An update to TestComponent inside a test was not wrapped in act(...).

When testing, code that causes React state updates should be wrapped into act(...):

act(() =&gt; {
  /* fire events that update state */
});
/* assert on the output */

This ensures that you&apos;re testing the behavior the user would see in the browser. Learn more at https://react.dev/link/wrap-tests-with-act
An update to TestComponent inside a test was not wrapped in act(...).

When testing, code that causes React state updates should be wrapped into act(...):

act(() =&gt; {
  /* fire events that update state */
});
/* assert on the output */

This ensures that you&apos;re testing the behavior the user would see in the browser. Learn more at https://react.dev/link/wrap-tests-with-act

            </system-err>
        </testcase>
        <testcase classname="src/renderer/features/command-palette/use-command-source.test.ts" name="useCommandSource &gt; loads canvases from non-active projects via storage" time="0.052769017">
        </testcase>
        <testcase classname="src/renderer/features/command-palette/use-command-source.test.ts" name="useCommandSource &gt; cross-project canvas execution pre-writes active canvas to storage then switches" time="0.054132753">
        </testcase>
        <testcase classname="src/renderer/features/command-palette/use-command-source.test.ts" name="useCommandSource &gt; hub items show Hub prefix and canvas items show Canvas prefix in detail" time="0.002481356">
            <system-err>
An update to TestComponent inside a test was not wrapped in act(...).

When testing, code that causes React state updates should be wrapped into act(...):

act(() =&gt; {
  /* fire events that update state */
});
/* assert on the output */

This ensures that you&apos;re testing the behavior the user would see in the browser. Learn more at https://react.dev/link/wrap-tests-with-act

An update to TestComponent inside a test was not wrapped in act(...).

When testing, code that causes React state updates should be wrapped into act(...):

act(() =&gt; {
  /* fire events that update state */
});
/* assert on the output */

This ensures that you&apos;re testing the behavior the user would see in the browser. Learn more at https://react.dev/link/wrap-tests-with-act
An update to TestComponent inside a test was not wrapped in act(...).

When testing, code that causes React state updates should be wrapped into act(...):

act(() =&gt; {
  /* fire events that update state */
});
/* assert on the output */

This ensures that you&apos;re testing the behavior the user would see in the browser. Learn more at https://react.dev/link/wrap-tests-with-act

            </system-err>
        </testcase>
        <testcase classname="src/renderer/features/command-palette/use-command-source.test.ts" name="useCommandSource &gt; hides all canvas items when canvas plugin is not in appEnabled" time="0.001839803">
            <system-err>
An update to TestComponent inside a test was not wrapped in act(...).

When testing, code that causes React state updates should be wrapped into act(...):

act(() =&gt; {
  /* fire events that update state */
});
/* assert on the output */

This ensures that you&apos;re testing the behavior the user would see in the browser. Learn more at https://react.dev/link/wrap-tests-with-act

An update to TestComponent inside a test was not wrapped in act(...).

When testing, code that causes React state updates should be wrapped into act(...):

act(() =&gt; {
  /* fire events that update state */
});
/* assert on the output */

This ensures that you&apos;re testing the behavior the user would see in the browser. Learn more at https://react.dev/link/wrap-tests-with-act
An update to TestComponent inside a test was not wrapped in act(...).

When testing, code that causes React state updates should be wrapped into act(...):

act(() =&gt; {
  /* fire events that update state */
});
/* assert on the output */

This ensures that you&apos;re testing the behavior the user would see in the browser. Learn more at https://react.dev/link/wrap-tests-with-act

            </system-err>
        </testcase>
        <testcase classname="src/renderer/features/command-palette/use-command-source.test.ts" name="useCommandSource &gt; still shows hub items when canvas plugin is disabled" time="0.001325786">
            <system-err>
An update to TestComponent inside a test was not wrapped in act(...).

When testing, code that causes React state updates should be wrapped into act(...):

act(() =&gt; {
  /* fire events that update state */
});
/* assert on the output */

This ensures that you&apos;re testing the behavior the user would see in the browser. Learn more at https://react.dev/link/wrap-tests-with-act

An update to TestComponent inside a test was not wrapped in act(...).

When testing, code that causes React state updates should be wrapped into act(...):

act(() =&gt; {
  /* fire events that update state */
});
/* assert on the output */

This ensures that you&apos;re testing the behavior the user would see in the browser. Learn more at https://react.dev/link/wrap-tests-with-act
An update to TestComponent inside a test was not wrapped in act(...).

When testing, code that causes React state updates should be wrapped into act(...):

act(() =&gt; {
  /* fire events that update state */
});
/* assert on the output */

This ensures that you&apos;re testing the behavior the user would see in the browser. Learn more at https://react.dev/link/wrap-tests-with-act

            </system-err>
        </testcase>
    </testsuite>
    <testsuite name="src/renderer/features/onboarding/OnboardingModal.test.tsx" timestamp="2026-03-25T04:47:30.310Z" hostname="runnervm46oaq" tests="14" failures="0" errors="0" skipped="0" time="0.217620826">
        <testcase classname="src/renderer/features/onboarding/OnboardingModal.test.tsx" name="OnboardingModal &gt; renders nothing when showOnboarding is false" time="0.020078089">
        </testcase>
        <testcase classname="src/renderer/features/onboarding/OnboardingModal.test.tsx" name="OnboardingModal &gt; renders the modal when showOnboarding is true" time="0.039610905">
        </testcase>
        <testcase classname="src/renderer/features/onboarding/OnboardingModal.test.tsx" name="OnboardingModal &gt; shows cohort selection on initial step" time="0.008757799">
        </testcase>
        <testcase classname="src/renderer/features/onboarding/OnboardingModal.test.tsx" name="OnboardingModal &gt; shows highlight carousel when step is highlights" time="0.011205732">
        </testcase>
        <testcase classname="src/renderer/features/onboarding/OnboardingModal.test.tsx" name="OnboardingModal &gt; shows get-started screen on final step" time="0.006514186">
        </testcase>
        <testcase classname="src/renderer/features/onboarding/OnboardingModal.test.tsx" name="OnboardingModal &gt; skip button dismisses the modal" time="0.014655228">
        </testcase>
        <testcase classname="src/renderer/features/onboarding/OnboardingModal.test.tsx" name="OnboardingModal &gt; clicking backdrop dismisses the modal" time="0.005590398">
        </testcase>
        <testcase classname="src/renderer/features/onboarding/OnboardingModal.test.tsx" name="OnboardingModal &gt; clicking inside modal does not dismiss" time="0.005960587">
        </testcase>
        <testcase classname="src/renderer/features/onboarding/OnboardingModal.test.tsx" name="OnboardingModal &gt; Escape key dismisses the modal" time="0.023413018">
            <system-err>
An update to OnboardingModal inside a test was not wrapped in act(...).

When testing, code that causes React state updates should be wrapped into act(...):

act(() =&gt; {
  /* fire events that update state */
});
/* assert on the output */

This ensures that you&apos;re testing the behavior the user would see in the browser. Learn more at https://react.dev/link/wrap-tests-with-act

            </system-err>
        </testcase>
        <testcase classname="src/renderer/features/onboarding/OnboardingModal.test.tsx" name="OnboardingModal &gt; selecting a cohort advances to highlights" time="0.019168503">
        </testcase>
        <testcase classname="src/renderer/features/onboarding/OnboardingModal.test.tsx" name="OnboardingModal &gt; carousel next/prev navigates slides" time="0.030004747">
        </testcase>
        <testcase classname="src/renderer/features/onboarding/OnboardingModal.test.tsx" name="OnboardingModal &gt; carousel dots reflect current index" time="0.014094956">
        </testcase>
        <testcase classname="src/renderer/features/onboarding/OnboardingModal.test.tsx" name="OnboardingModal &gt; help button dismisses modal and opens in-app help view" time="0.009071998">
        </testcase>
        <testcase classname="src/renderer/features/onboarding/OnboardingModal.test.tsx" name="OnboardingModal &gt; extensibility button dismisses modal and opens plugins settings" time="0.005151151">
        </testcase>
    </testsuite>
    <testsuite name="src/renderer/features/help/help-content.test.ts" timestamp="2026-03-25T04:47:30.313Z" hostname="runnervm46oaq" tests="11" failures="0" errors="0" skipped="0" time="0.013258291">
        <testcase classname="src/renderer/features/help/help-content.test.ts" name="help-content &gt; has 6 sections" time="0.003411666">
        </testcase>
        <testcase classname="src/renderer/features/help/help-content.test.ts" name="help-content &gt; has the expected section IDs in order" time="0.001205162">
        </testcase>
        <testcase classname="src/renderer/features/help/help-content.test.ts" name="help-content &gt; has 25 total topics" time="0.000476717">
        </testcase>
        <testcase classname="src/renderer/features/help/help-content.test.ts" name="help-content &gt; each section has at least 1 topic" time="0.000659657">
        </testcase>
        <testcase classname="src/renderer/features/help/help-content.test.ts" name="help-content &gt; all topic IDs are unique" time="0.000309426">
        </testcase>
        <testcase classname="src/renderer/features/help/help-content.test.ts" name="help-content &gt; all section IDs are unique" time="0.000298275">
        </testcase>
        <testcase classname="src/renderer/features/help/help-content.test.ts" name="help-content &gt; all topics have non-empty content" time="0.001305418">
        </testcase>
        <testcase classname="src/renderer/features/help/help-content.test.ts" name="help-content &gt; General section has 7 topics" time="0.000388844">
        </testcase>
        <testcase classname="src/renderer/features/help/help-content.test.ts" name="help-content &gt; Agents &amp; Orchestrators section has 6 topics" time="0.000866151">
        </testcase>
        <testcase classname="src/renderer/features/help/help-content.test.ts" name="help-content &gt; Settings section has 4 topics" time="0.000476546">
        </testcase>
        <testcase classname="src/renderer/features/help/help-content.test.ts" name="help-content &gt; includes key new topics" time="0.001365339">
        </testcase>
    </testsuite>
    <testsuite name="src/renderer/features/help/help-search.test.ts" timestamp="2026-03-25T04:47:30.315Z" hostname="runnervm46oaq" tests="12" failures="0" errors="0" skipped="0" time="0.011991394">
        <testcase classname="src/renderer/features/help/help-search.test.ts" name="searchHelpTopics &gt; returns empty array for empty query" time="0.003192718">
        </testcase>
        <testcase classname="src/renderer/features/help/help-search.test.ts" name="searchHelpTopics &gt; matches topic titles" time="0.0013601">
        </testcase>
        <testcase classname="src/renderer/features/help/help-search.test.ts" name="searchHelpTopics &gt; matches content when title does not match" time="0.000452702">
        </testcase>
        <testcase classname="src/renderer/features/help/help-search.test.ts" name="searchHelpTopics &gt; title matches score higher than content-only matches" time="0.000475504">
        </testcase>
        <testcase classname="src/renderer/features/help/help-search.test.ts" name="searchHelpTopics &gt; returns section info with each result" time="0.000663745">
        </testcase>
        <testcase classname="src/renderer/features/help/help-search.test.ts" name="searchHelpTopics &gt; provides a snippet for content matches" time="0.000738765">
        </testcase>
        <testcase classname="src/renderer/features/help/help-search.test.ts" name="searchHelpTopics &gt; returns results sorted by score descending" time="0.000429479">
        </testcase>
        <testcase classname="src/renderer/features/help/help-search.test.ts" name="searchHelpTopics &gt; matches across multiple sections" time="0.000340153">
        </testcase>
        <testcase classname="src/renderer/features/help/help-search.test.ts" name="searchHelpTopics &gt; prefix match in title scores higher" time="0.000804196">
        </testcase>
        <testcase classname="src/renderer/features/help/help-search.test.ts" name="searchHelpTopics &gt; is case insensitive" time="0.000444587">
        </testcase>
        <testcase classname="src/renderer/features/help/help-search.test.ts" name="searchHelpTopics &gt; returns no results for non-matching query" time="0.000343559">
        </testcase>
        <testcase classname="src/renderer/features/help/help-search.test.ts" name="searchHelpTopics &gt; strips markdown formatting when searching content" time="0.000204049">
        </testcase>
    </testsuite>
    <testsuite name="src/renderer/features/help/plugin-help.test.ts" timestamp="2026-03-25T04:47:30.317Z" hostname="runnervm46oaq" tests="8" failures="0" errors="0" skipped="0" time="0.009040336">
        <testcase classname="src/renderer/features/help/plugin-help.test.ts" name="plugin-help &gt; always returns About as the first topic" time="0.003028423">
        </testcase>
        <testcase classname="src/renderer/features/help/plugin-help.test.ts" name="plugin-help &gt; About contains version" time="0.000544613">
        </testcase>
        <testcase classname="src/renderer/features/help/plugin-help.test.ts" name="plugin-help &gt; About contains author" time="0.000302272">
        </testcase>
        <testcase classname="src/renderer/features/help/plugin-help.test.ts" name="plugin-help &gt; About contains API version" time="0.000246599">
        </testcase>
        <testcase classname="src/renderer/features/help/plugin-help.test.ts" name="plugin-help &gt; About contains scope" time="0.000210813">
        </testcase>
        <testcase classname="src/renderer/features/help/plugin-help.test.ts" name="plugin-help &gt; custom topics from contributes.help.topics are appended" time="0.001574038">
        </testcase>
        <testcase classname="src/renderer/features/help/plugin-help.test.ts" name="plugin-help &gt; returns only About when no custom topics" time="0.000427546">
        </testcase>
        <testcase classname="src/renderer/features/help/plugin-help.test.ts" name="plugin-help &gt; handles manifest without author" time="0.000356784">
        </testcase>
    </testsuite>
    <testsuite name="src/renderer/features/plugins/PermissionViolationBanner.test.tsx" timestamp="2026-03-25T04:47:30.319Z" hostname="runnervm46oaq" tests="4" failures="0" errors="0" skipped="0" time="0.08307211">
        <testcase classname="src/renderer/features/plugins/PermissionViolationBanner.test.tsx" name="PermissionViolationBanner &gt; renders nothing when no violations" time="0.022904654">
        </testcase>
        <testcase classname="src/renderer/features/plugins/PermissionViolationBanner.test.tsx" name="PermissionViolationBanner &gt; renders a red banner when there is a violation" time="0.033631546">
        </testcase>
        <testcase classname="src/renderer/features/plugins/PermissionViolationBanner.test.tsx" name="PermissionViolationBanner &gt; renders multiple banners for multiple violations" time="0.00660247">
        </testcase>
        <testcase classname="src/renderer/features/plugins/PermissionViolationBanner.test.tsx" name="PermissionViolationBanner &gt; dismiss hides banner and clears store" time="0.013177341">
        </testcase>
    </testsuite>
    <testsuite name="src/renderer/features/popout/PopoutAgentView.test.tsx" timestamp="2026-03-25T04:47:30.320Z" hostname="runnervm46oaq" tests="14" failures="0" errors="0" skipped="0" time="0.12523654">
        <testcase classname="src/renderer/features/popout/PopoutAgentView.test.tsx" name="PopoutAgentView &gt; renders &quot;No agent specified&quot; when no agentId" time="0.05389093">
        </testcase>
        <testcase classname="src/renderer/features/popout/PopoutAgentView.test.tsx" name="PopoutAgentView &gt; renders AgentTerminal when agent is running" time="0.013008114">
        </testcase>
        <testcase classname="src/renderer/features/popout/PopoutAgentView.test.tsx" name="PopoutAgentView &gt; renders SleepingAgent when agent is sleeping" time="0.006527">
        </testcase>
        <testcase classname="src/renderer/features/popout/PopoutAgentView.test.tsx" name="PopoutAgentView &gt; renders SleepingAgent when agent has error status" time="0.005207676">
        </testcase>
        <testcase classname="src/renderer/features/popout/PopoutAgentView.test.tsx" name="PopoutAgentView &gt; renders AgentTerminal when agent is creating" time="0.008051936">
        </testcase>
        <testcase classname="src/renderer/features/popout/PopoutAgentView.test.tsx" name="PopoutAgentView &gt; renders avatar and name in floating bar" time="0.005933896">
        </testcase>
        <testcase classname="src/renderer/features/popout/PopoutAgentView.test.tsx" name="PopoutAgentView &gt; renders stop button when running" time="0.004299568">
        </testcase>
        <testcase classname="src/renderer/features/popout/PopoutAgentView.test.tsx" name="PopoutAgentView &gt; renders wake button when sleeping durable agent" time="0.003442001">
        </testcase>
        <testcase classname="src/renderer/features/popout/PopoutAgentView.test.tsx" name="PopoutAgentView &gt; does not render wake button for sleeping quick agent" time="0.003934037">
        </testcase>
        <testcase classname="src/renderer/features/popout/PopoutAgentView.test.tsx" name="PopoutAgentView &gt; renders View button that calls focusMain" time="0.00710227">
        </testcase>
        <testcase classname="src/renderer/features/popout/PopoutAgentView.test.tsx" name="PopoutAgentView &gt; calls killAgent when stop is clicked" time="0.002475164">
        </testcase>
        <testcase classname="src/renderer/features/popout/PopoutAgentView.test.tsx" name="PopoutAgentView &gt; does not render AgentTerminal when no agentId" time="0.00120969">
        </testcase>
        <testcase classname="src/renderer/features/popout/PopoutAgentView.test.tsx" name="PopoutAgentView &gt; renders &quot;Agent not found&quot; when agentId given but agent not in store" time="0.001371972">
        </testcase>
        <testcase classname="src/renderer/features/popout/PopoutAgentView.test.tsx" name="PopoutAgentView &gt; derives status from store, not local state — no hook/exit listeners needed" time="0.001910934">
        </testcase>
    </testsuite>
    <testsuite name="src/renderer/features/popout/PopoutHubPane.test.tsx" timestamp="2026-03-25T04:47:30.323Z" hostname="runnervm46oaq" tests="40" failures="0" errors="0" skipped="0" time="0.311583217">
        <testcase classname="src/renderer/features/popout/PopoutHubPane.test.tsx" name="PopoutHubPane &gt; content rendering &gt; renders AgentTerminal for running agent" time="0.056535022">
        </testcase>
        <testcase classname="src/renderer/features/popout/PopoutHubPane.test.tsx" name="PopoutHubPane &gt; content rendering &gt; renders SleepingAgent for sleeping agent" time="0.007301284">
        </testcase>
        <testcase classname="src/renderer/features/popout/PopoutHubPane.test.tsx" name="PopoutHubPane &gt; content rendering &gt; renders SleepingAgent for error agent" time="0.005383456">
        </testcase>
        <testcase classname="src/renderer/features/popout/PopoutHubPane.test.tsx" name="PopoutHubPane &gt; content rendering &gt; renders QuickAgentGhost for completed quick agent" time="0.004590531">
        </testcase>
        <testcase classname="src/renderer/features/popout/PopoutHubPane.test.tsx" name="PopoutHubPane &gt; content rendering &gt; renders agent picker for unassigned pane" time="0.012396454">
        </testcase>
        <testcase classname="src/renderer/features/popout/PopoutHubPane.test.tsx" name="PopoutHubPane &gt; content rendering &gt; shows &quot;No agents available&quot; when no agents exist" time="0.004597333">
        </testcase>
        <testcase classname="src/renderer/features/popout/PopoutHubPane.test.tsx" name="PopoutHubPane &gt; agent picker &gt; shows durable agents under Durable heading" time="0.005824156">
        </testcase>
        <testcase classname="src/renderer/features/popout/PopoutHubPane.test.tsx" name="PopoutHubPane &gt; agent picker &gt; shows quick running agents under Quick heading" time="0.005511284">
        </testcase>
        <testcase classname="src/renderer/features/popout/PopoutHubPane.test.tsx" name="PopoutHubPane &gt; agent picker &gt; does not show quick sleeping agents" time="0.005566606">
        </testcase>
        <testcase classname="src/renderer/features/popout/PopoutHubPane.test.tsx" name="PopoutHubPane &gt; agent picker &gt; calls onAssign when agent is picked" time="0.011288492">
        </testcase>
        <testcase classname="src/renderer/features/popout/PopoutHubPane.test.tsx" name="PopoutHubPane &gt; floating name chip &gt; renders agent name in chip" time="0.00344523">
        </testcase>
        <testcase classname="src/renderer/features/popout/PopoutHubPane.test.tsx" name="PopoutHubPane &gt; floating name chip &gt; renders agent avatar" time="0.002548772">
        </testcase>
        <testcase classname="src/renderer/features/popout/PopoutHubPane.test.tsx" name="PopoutHubPane &gt; floating name chip &gt; does not render chip for empty pane" time="0.005038133">
        </testcase>
        <testcase classname="src/renderer/features/popout/PopoutHubPane.test.tsx" name="PopoutHubPane &gt; expanded actions on hover &gt; shows action buttons on hover" time="0.012761252">
        </testcase>
        <testcase classname="src/renderer/features/popout/PopoutHubPane.test.tsx" name="PopoutHubPane &gt; expanded actions on hover &gt; shows Stop button for running agents" time="0.012510305">
        </testcase>
        <testcase classname="src/renderer/features/popout/PopoutHubPane.test.tsx" name="PopoutHubPane &gt; expanded actions on hover &gt; does not show Stop button for sleeping agents" time="0.007982601">
        </testcase>
        <testcase classname="src/renderer/features/popout/PopoutHubPane.test.tsx" name="PopoutHubPane &gt; expanded actions on hover &gt; View button calls focusMain" time="0.008056549">
        </testcase>
        <testcase classname="src/renderer/features/popout/PopoutHubPane.test.tsx" name="PopoutHubPane &gt; expanded actions on hover &gt; Zoom button calls onZoom" time="0.007261931">
        </testcase>
        <testcase classname="src/renderer/features/popout/PopoutHubPane.test.tsx" name="PopoutHubPane &gt; expanded actions on hover &gt; shows Restore text when isZoomed is true" time="0.008224576">
        </testcase>
        <testcase classname="src/renderer/features/popout/PopoutHubPane.test.tsx" name="PopoutHubPane &gt; expanded actions on hover &gt; shows Zoom text when isZoomed is false" time="0.006946794">
        </testcase>
        <testcase classname="src/renderer/features/popout/PopoutHubPane.test.tsx" name="PopoutHubPane &gt; expanded actions on hover &gt; Stop button calls killAgent" time="0.007470699">
        </testcase>
        <testcase classname="src/renderer/features/popout/PopoutHubPane.test.tsx" name="PopoutHubPane &gt; expanded actions on hover &gt; Remove button calls onAssign with null" time="0.012262704">
        </testcase>
        <testcase classname="src/renderer/features/popout/PopoutHubPane.test.tsx" name="PopoutHubPane &gt; edge split indicators &gt; shows split indicators on hover" time="0.012051141">
        </testcase>
        <testcase classname="src/renderer/features/popout/PopoutHubPane.test.tsx" name="PopoutHubPane &gt; edge split indicators &gt; split Up calls onSplit with vertical/before" time="0.007540128">
        </testcase>
        <testcase classname="src/renderer/features/popout/PopoutHubPane.test.tsx" name="PopoutHubPane &gt; edge split indicators &gt; split Down calls onSplit with vertical/after" time="0.00615396">
        </testcase>
        <testcase classname="src/renderer/features/popout/PopoutHubPane.test.tsx" name="PopoutHubPane &gt; edge split indicators &gt; split Left calls onSplit with horizontal/before" time="0.005419383">
        </testcase>
        <testcase classname="src/renderer/features/popout/PopoutHubPane.test.tsx" name="PopoutHubPane &gt; edge split indicators &gt; split Right calls onSplit with horizontal/after" time="0.006118213">
        </testcase>
        <testcase classname="src/renderer/features/popout/PopoutHubPane.test.tsx" name="PopoutHubPane &gt; click and focus &gt; clicking pane calls onFocus" time="0.002658566">
        </testcase>
        <testcase classname="src/renderer/features/popout/PopoutHubPane.test.tsx" name="PopoutHubPane &gt; drag and drop &gt; sets pane id on drag start" time="0.007085964">
        </testcase>
        <testcase classname="src/renderer/features/popout/PopoutHubPane.test.tsx" name="PopoutHubPane &gt; drag and drop &gt; shows drag-over overlay during drag" time="0.011524246">
        </testcase>
        <testcase classname="src/renderer/features/popout/PopoutHubPane.test.tsx" name="PopoutHubPane &gt; drag and drop &gt; calls onSwap when drop occurs from a different pane" time="0.002636445">
        </testcase>
        <testcase classname="src/renderer/features/popout/PopoutHubPane.test.tsx" name="PopoutHubPane &gt; drag and drop &gt; does not call onSwap when dropping on same pane" time="0.002908782">
        </testcase>
        <testcase classname="src/renderer/features/popout/PopoutHubPane.test.tsx" name="PopoutHubPane &gt; close pane &gt; shows close button on unassigned pane when canClose is true" time="0.002749736">
        </testcase>
        <testcase classname="src/renderer/features/popout/PopoutHubPane.test.tsx" name="PopoutHubPane &gt; close pane &gt; does not show close button when canClose is false" time="0.005667545">
        </testcase>
        <testcase classname="src/renderer/features/popout/PopoutHubPane.test.tsx" name="PopoutHubPane &gt; close pane &gt; clicking close calls onClose" time="0.001824064">
        </testcase>
        <testcase classname="src/renderer/features/popout/PopoutHubPane.test.tsx" name="PopoutHubPane &gt; border styles &gt; applies orange border for needs_permission status" time="0.006784786">
        </testcase>
        <testcase classname="src/renderer/features/popout/PopoutHubPane.test.tsx" name="PopoutHubPane &gt; border styles &gt; applies yellow border for tool_error status" time="0.002017644">
        </testcase>
        <testcase classname="src/renderer/features/popout/PopoutHubPane.test.tsx" name="PopoutHubPane &gt; border styles &gt; applies indigo border for focused pane" time="0.002289878">
        </testcase>
        <testcase classname="src/renderer/features/popout/PopoutHubPane.test.tsx" name="PopoutHubPane &gt; border styles &gt; adds animate-pulse class for needs_permission" time="0.002785104">
        </testcase>
        <testcase classname="src/renderer/features/popout/PopoutHubPane.test.tsx" name="PopoutHubPane &gt; completed agent ghost dismissal &gt; dismisses completed agent and unassigns pane" time="0.002306682">
        </testcase>
    </testsuite>
    <testsuite name="src/renderer/features/popout/PopoutHubView.test.tsx" timestamp="2026-03-25T04:47:30.330Z" hostname="runnervm46oaq" tests="20" failures="0" errors="0" skipped="0" time="0.216495549">
        <testcase classname="src/renderer/features/popout/PopoutHubView.test.tsx" name="PopoutHubView &gt; shows error when no hubId" time="0.04949372">
        </testcase>
        <testcase classname="src/renderer/features/popout/PopoutHubView.test.tsx" name="PopoutHubView &gt; shows error when hub not found" time="0.015222613">
        </testcase>
        <testcase classname="src/renderer/features/popout/PopoutHubView.test.tsx" name="PopoutHubView &gt; renders pane tree with running agent terminal" time="0.021219018">
        </testcase>
        <testcase classname="src/renderer/features/popout/PopoutHubView.test.tsx" name="PopoutHubView &gt; renders SleepingAgent for sleeping agent in pane" time="0.006313916">
        </testcase>
        <testcase classname="src/renderer/features/popout/PopoutHubView.test.tsx" name="PopoutHubView &gt; renders agent name in floating chip" time="0.006392042">
        </testcase>
        <testcase classname="src/renderer/features/popout/PopoutHubView.test.tsx" name="PopoutHubView &gt; renders agent avatar in floating chip" time="0.005334836">
        </testcase>
        <testcase classname="src/renderer/features/popout/PopoutHubView.test.tsx" name="PopoutHubView &gt; renders edge split indicators on hover" time="0.014188717">
        </testcase>
        <testcase classname="src/renderer/features/popout/PopoutHubView.test.tsx" name="PopoutHubView &gt; shows agent picker for unassigned panes" time="0.00532625">
        </testcase>
        <testcase classname="src/renderer/features/popout/PopoutHubView.test.tsx" name="PopoutHubView &gt; shows zoom button on hover" time="0.011742406">
        </testcase>
        <testcase classname="src/renderer/features/popout/PopoutHubView.test.tsx" name="PopoutHubView &gt; shows agent picker with available agents in empty pane" time="0.014344421">
        </testcase>
        <testcase classname="src/renderer/features/popout/PopoutHubView.test.tsx" name="PopoutHubView &gt; shows &quot;No agents available&quot; when no agents exist" time="0.004929391">
        </testcase>
        <testcase classname="src/renderer/features/popout/PopoutHubView.test.tsx" name="PopoutHubView &gt; initializes all required stores on mount" time="0.005877415">
        </testcase>
        <testcase classname="src/renderer/features/popout/PopoutHubView.test.tsx" name="PopoutHubView &gt; skips project-scoped init calls when no projectId" time="0.004312673">
        </testcase>
        <testcase classname="src/renderer/features/popout/PopoutHubView.test.tsx" name="PopoutHubView &gt; loads the project store during initialization" time="0.004968344">
        </testcase>
        <testcase classname="src/renderer/features/popout/PopoutHubView.test.tsx" name="PopoutHubView &gt; requests hub state via IPC instead of plugin storage" time="0.004319286">
        </testcase>
        <testcase classname="src/renderer/features/popout/PopoutHubView.test.tsx" name="PopoutHubView &gt; subscribes to hub state changes from main window" time="0.006972472">
        </testcase>
        <testcase classname="src/renderer/features/popout/PopoutHubView.test.tsx" name="PopoutHubView &gt; updates pane tree when hub state changes arrive via IPC" time="0.008767151">
        </testcase>
        <testcase classname="src/renderer/features/popout/PopoutHubView.test.tsx" name="PopoutHubView &gt; ignores hub state changes for different hub IDs" time="0.005468844">
        </testcase>
        <testcase classname="src/renderer/features/popout/PopoutHubView.test.tsx" name="PopoutHubView &gt; forwards mutations to main window via IPC" time="0.011877889">
        </testcase>
        <testcase classname="src/renderer/features/popout/PopoutHubView.test.tsx" name="PopoutHubView &gt; uses global scope when no projectId is provided" time="0.005118954">
        </testcase>
    </testsuite>
    <testsuite name="src/renderer/features/popout/PopoutWindow.test.tsx" timestamp="2026-03-25T04:47:30.333Z" hostname="runnervm46oaq" tests="16" failures="0" errors="0" skipped="0" time="0.161215294">
        <testcase classname="src/renderer/features/popout/PopoutWindow.test.tsx" name="PopoutWindow &gt; shows syncing message while loading state" time="0.047893878">
        </testcase>
        <testcase classname="src/renderer/features/popout/PopoutWindow.test.tsx" name="PopoutWindow &gt; requests agent state from main window on mount" time="0.007914802">
            <system-err>
An update to PopoutWindow inside a test was not wrapped in act(...).

When testing, code that causes React state updates should be wrapped into act(...):

act(() =&gt; {
  /* fire events that update state */
});
/* assert on the output */

This ensures that you&apos;re testing the behavior the user would see in the browser. Learn more at https://react.dev/link/wrap-tests-with-act

            </system-err>
        </testcase>
        <testcase classname="src/renderer/features/popout/PopoutWindow.test.tsx" name="PopoutWindow &gt; hydrates agent store with snapshot from main window" time="0.017639592">
        </testcase>
        <testcase classname="src/renderer/features/popout/PopoutWindow.test.tsx" name="PopoutWindow &gt; subscribes to hook events on mount" time="0.009899064">
            <system-err>
An update to PopoutWindow inside a test was not wrapped in act(...).

When testing, code that causes React state updates should be wrapped into act(...):

act(() =&gt; {
  /* fire events that update state */
});
/* assert on the output */

This ensures that you&apos;re testing the behavior the user would see in the browser. Learn more at https://react.dev/link/wrap-tests-with-act

            </system-err>
        </testcase>
        <testcase classname="src/renderer/features/popout/PopoutWindow.test.tsx" name="PopoutWindow &gt; subscribes to pty exit events on mount" time="0.003399895">
            <system-err>
An update to PopoutWindow inside a test was not wrapped in act(...).

When testing, code that causes React state updates should be wrapped into act(...):

act(() =&gt; {
  /* fire events that update state */
});
/* assert on the output */

This ensures that you&apos;re testing the behavior the user would see in the browser. Learn more at https://react.dev/link/wrap-tests-with-act

            </system-err>
        </testcase>
        <testcase classname="src/renderer/features/popout/PopoutWindow.test.tsx" name="PopoutWindow &gt; renders hub view after state sync completes" time="0.012416045">
        </testcase>
        <testcase classname="src/renderer/features/popout/PopoutWindow.test.tsx" name="PopoutWindow &gt; renders agent view when type is agent" time="0.007154318">
        </testcase>
        <testcase classname="src/renderer/features/popout/PopoutWindow.test.tsx" name="PopoutWindow &gt; shows invalid config message when params are null" time="0.002943415">
            <system-err>
An update to PopoutWindow inside a test was not wrapped in act(...).

When testing, code that causes React state updates should be wrapped into act(...):

act(() =&gt; {
  /* fire events that update state */
});
/* assert on the output */

This ensures that you&apos;re testing the behavior the user would see in the browser. Learn more at https://react.dev/link/wrap-tests-with-act

            </system-err>
        </testcase>
        <testcase classname="src/renderer/features/popout/PopoutWindow.test.tsx" name="PopoutWindow &gt; still renders on snapshot failure" time="0.007542578">
        </testcase>
        <testcase classname="src/renderer/features/popout/PopoutWindow.test.tsx" name="PopoutWindow &gt; subscribes to agent state broadcasts on mount" time="0.002986746">
            <system-err>
An update to PopoutWindow inside a test was not wrapped in act(...).

When testing, code that causes React state updates should be wrapped into act(...):

act(() =&gt; {
  /* fire events that update state */
});
/* assert on the output */

This ensures that you&apos;re testing the behavior the user would see in the browser. Learn more at https://react.dev/link/wrap-tests-with-act

            </system-err>
        </testcase>
        <testcase classname="src/renderer/features/popout/PopoutWindow.test.tsx" name="PopoutWindow &gt; updates agent store when broadcast arrives" time="0.009249966">
        </testcase>
        <testcase classname="src/renderer/features/popout/PopoutWindow.test.tsx" name="PopoutWindow &gt; does not regress running agent to sleeping via broadcast" time="0.005823582">
        </testcase>
        <testcase classname="src/renderer/features/popout/PopoutWindow.test.tsx" name="PopoutWindow &gt; subscribes to pty data events on mount" time="0.002756668">
            <system-err>
An update to PopoutWindow inside a test was not wrapped in act(...).

When testing, code that causes React state updates should be wrapped into act(...):

act(() =&gt; {
  /* fire events that update state */
});
/* assert on the output */

This ensures that you&apos;re testing the behavior the user would see in the browser. Learn more at https://react.dev/link/wrap-tests-with-act

            </system-err>
        </testcase>
        <testcase classname="src/renderer/features/popout/PopoutWindow.test.tsx" name="PopoutWindow &gt; transitions sleeping agent to running on pty data" time="0.006592403">
        </testcase>
        <testcase classname="src/renderer/features/popout/PopoutWindow.test.tsx" name="PopoutWindow &gt; does not re-transition agent after first pty data event" time="0.005983823">
        </testcase>
        <testcase classname="src/renderer/features/popout/PopoutWindow.test.tsx" name="PopoutWindow &gt; resets pty data tracking on agent exit" time="0.006685907">
        </testcase>
    </testsuite>
    <testsuite name="src/renderer/features/popout/PoppedOutPlaceholder.test.tsx" timestamp="2026-03-25T04:47:30.337Z" hostname="runnervm46oaq" tests="7" failures="0" errors="0" skipped="0" time="0.095073541">
        <testcase classname="src/renderer/features/popout/PoppedOutPlaceholder.test.tsx" name="PoppedOutPlaceholder &gt; renders with agent type and name" time="0.04879473">
        </testcase>
        <testcase classname="src/renderer/features/popout/PoppedOutPlaceholder.test.tsx" name="PoppedOutPlaceholder &gt; renders with hub type and no name (fallback)" time="0.007432806">
        </testcase>
        <testcase classname="src/renderer/features/popout/PoppedOutPlaceholder.test.tsx" name="PoppedOutPlaceholder &gt; renders with canvas type and name" time="0.006407989">
        </testcase>
        <testcase classname="src/renderer/features/popout/PoppedOutPlaceholder.test.tsx" name="PoppedOutPlaceholder &gt; shows the duplicate rendering explanation" time="0.005173463">
        </testcase>
        <testcase classname="src/renderer/features/popout/PoppedOutPlaceholder.test.tsx" name="PoppedOutPlaceholder &gt; &quot;Go to Window&quot; button calls focusPopout with correct windowId" time="0.011667793">
        </testcase>
        <testcase classname="src/renderer/features/popout/PoppedOutPlaceholder.test.tsx" name="PoppedOutPlaceholder &gt; &quot;Close Window&quot; button calls closePopout with correct windowId" time="0.004406647">
        </testcase>
        <testcase classname="src/renderer/features/popout/PoppedOutPlaceholder.test.tsx" name="PoppedOutPlaceholder &gt; renders Go to Window and Close Window buttons" time="0.00742439">
        </testcase>
    </testsuite>
    <testsuite name="src/renderer/features/projects/Dashboard.test.tsx" timestamp="2026-03-25T04:47:30.338Z" hostname="runnervm46oaq" tests="55" failures="0" errors="0" skipped="0" time="1.488447656">
        <testcase classname="src/renderer/features/projects/Dashboard.test.tsx" name="Dashboard &gt; empty state &gt; renders empty state when no projects exist" time="0.050964712">
        </testcase>
        <testcase classname="src/renderer/features/projects/Dashboard.test.tsx" name="Dashboard &gt; empty state &gt; calls pickAndAddProject when Add Project button is clicked" time="0.012230728">
        </testcase>
        <testcase classname="src/renderer/features/projects/Dashboard.test.tsx" name="Dashboard &gt; with projects &gt; renders the Projects section header" time="0.050060049">
        </testcase>
        <testcase classname="src/renderer/features/projects/Dashboard.test.tsx" name="Dashboard &gt; with projects &gt; renders project cards for each project" time="0.016795716">
        </testcase>
        <testcase classname="src/renderer/features/projects/Dashboard.test.tsx" name="Dashboard &gt; with projects &gt; renders project paths" time="0.019248091">
        </testcase>
        <testcase classname="src/renderer/features/projects/Dashboard.test.tsx" name="Dashboard &gt; with projects &gt; renders Add button in projects header" time="0.01938761">
        </testcase>
        <testcase classname="src/renderer/features/projects/Dashboard.test.tsx" name="Dashboard &gt; with projects &gt; renders &quot;No agents yet&quot; for projects without agents" time="0.010880337">
        </testcase>
        <testcase classname="src/renderer/features/projects/Dashboard.test.tsx" name="Dashboard &gt; stats overview &gt; renders stat cards" time="0.0160864">
        </testcase>
        <testcase classname="src/renderer/features/projects/Dashboard.test.tsx" name="Dashboard &gt; stats overview &gt; shows correct project count" time="0.045646516">
        </testcase>
        <testcase classname="src/renderer/features/projects/Dashboard.test.tsx" name="Dashboard &gt; stats overview &gt; counts working agents" time="0.047236525">
        </testcase>
        <testcase classname="src/renderer/features/projects/Dashboard.test.tsx" name="Dashboard &gt; stats overview &gt; counts agents needing attention" time="0.041871809">
        </testcase>
        <testcase classname="src/renderer/features/projects/Dashboard.test.tsx" name="Dashboard &gt; stats overview &gt; counts completed agents from today" time="0.021485603">
        </testcase>
        <testcase classname="src/renderer/features/projects/Dashboard.test.tsx" name="Dashboard &gt; needs attention section &gt; does not render when no agents need attention" time="0.020162346">
        </testcase>
        <testcase classname="src/renderer/features/projects/Dashboard.test.tsx" name="Dashboard &gt; needs attention section &gt; renders needs attention for agents with permission requests" time="0.043450501">
        </testcase>
        <testcase classname="src/renderer/features/projects/Dashboard.test.tsx" name="Dashboard &gt; needs attention section &gt; renders needs attention for error agents" time="0.020746117">
        </testcase>
        <testcase classname="src/renderer/features/projects/Dashboard.test.tsx" name="Dashboard &gt; needs attention section &gt; renders needs attention for tool error agents" time="0.020690243">
        </testcase>
        <testcase classname="src/renderer/features/projects/Dashboard.test.tsx" name="Dashboard &gt; needs attention section &gt; pluralizes correctly for multiple agents" time="0.020031036">
        </testcase>
        <testcase classname="src/renderer/features/projects/Dashboard.test.tsx" name="Dashboard &gt; needs attention section &gt; navigates to agent on click" time="0.02730894">
        </testcase>
        <testcase classname="src/renderer/features/projects/Dashboard.test.tsx" name="Dashboard &gt; project card navigation &gt; navigates to project on project name click" time="0.011060973">
        </testcase>
        <testcase classname="src/renderer/features/projects/Dashboard.test.tsx" name="Dashboard &gt; project card navigation &gt; settings button opens project settings (not app settings)" time="0.016084336">
        </testcase>
        <testcase classname="src/renderer/features/projects/Dashboard.test.tsx" name="Dashboard &gt; project card navigation &gt; hub button opens hub plugin tab (not invalid &quot;hub&quot; tab)" time="0.012897919">
        </testcase>
        <testcase classname="src/renderer/features/projects/Dashboard.test.tsx" name="Dashboard &gt; agent avatar profile pics &gt; renders profile image when agent has icon and iconDataUrl" time="0.028190783">
        </testcase>
        <testcase classname="src/renderer/features/projects/Dashboard.test.tsx" name="Dashboard &gt; agent avatar profile pics &gt; renders initials when agent has no icon set" time="0.019641255">
        </testcase>
        <testcase classname="src/renderer/features/projects/Dashboard.test.tsx" name="Dashboard &gt; agent avatar profile pics &gt; renders initials when agent has icon flag but no loaded data URL" time="0.014369552">
        </testcase>
        <testcase classname="src/renderer/features/projects/Dashboard.test.tsx" name="Dashboard &gt; agent avatar profile pics &gt; renders profile image in needs-attention section" time="0.013996769">
        </testcase>
        <testcase classname="src/renderer/features/projects/Dashboard.test.tsx" name="Dashboard &gt; agent display &gt; shows durable agents in project card" time="0.01692804">
        </testcase>
        <testcase classname="src/renderer/features/projects/Dashboard.test.tsx" name="Dashboard &gt; agent display &gt; shows agent branch when available" time="0.013950347">
        </testcase>
        <testcase classname="src/renderer/features/projects/Dashboard.test.tsx" name="Dashboard &gt; agent display &gt; shows detailed status for running agents" time="0.014426242">
        </testcase>
        <testcase classname="src/renderer/features/projects/Dashboard.test.tsx" name="Dashboard &gt; agent display &gt; shows quick sessions count when more than 3" time="0.014125934">
        </testcase>
        <testcase classname="src/renderer/features/projects/Dashboard.test.tsx" name="Dashboard &gt; agent display &gt; shows status pills on project card" time="0.022832954">
        </testcase>
        <testcase classname="src/renderer/features/projects/Dashboard.test.tsx" name="Dashboard &gt; recent activity &gt; does not render when no completed agents exist" time="0.009658334">
        </testcase>
        <testcase classname="src/renderer/features/projects/Dashboard.test.tsx" name="Dashboard &gt; recent activity &gt; renders recent activity section with completed agents" time="0.035014803">
        </testcase>
        <testcase classname="src/renderer/features/projects/Dashboard.test.tsx" name="Dashboard &gt; recent activity &gt; shows project name in activity items" time="0.0210255">
        </testcase>
        <testcase classname="src/renderer/features/projects/Dashboard.test.tsx" name="Dashboard &gt; recent activity &gt; shows cost when available" time="0.009732572">
        </testcase>
        <testcase classname="src/renderer/features/projects/Dashboard.test.tsx" name="Dashboard &gt; recent activity &gt; limits to 8 recent items" time="0.030495747">
        </testcase>
        <testcase classname="src/renderer/features/projects/Dashboard.test.tsx" name="Dashboard &gt; recent activity &gt; sorts activity by most recent first across projects" time="0.315961203">
        </testcase>
        <testcase classname="src/renderer/features/projects/Dashboard.test.tsx" name="Dashboard &gt; recent activity &gt; navigates to project on activity item click" time="0.01656395">
        </testcase>
        <testcase classname="src/renderer/features/projects/Dashboard.test.tsx" name="Dashboard &gt; project displayName &gt; renders displayName when provided" time="0.016080652">
        </testcase>
        <testcase classname="src/renderer/features/projects/Dashboard.test.tsx" name="Dashboard &gt; project displayName &gt; falls back to name when displayName is not set" time="0.018285172">
        </testcase>
        <testcase classname="src/renderer/features/projects/Dashboard.test.tsx" name="Dashboard &gt; agent row inline actions &gt; shows Wake button for sleeping durable agents" time="0.012549898">
        </testcase>
        <testcase classname="src/renderer/features/projects/Dashboard.test.tsx" name="Dashboard &gt; agent row inline actions &gt; shows Stop button for running agents" time="0.009790892">
        </testcase>
        <testcase classname="src/renderer/features/projects/Dashboard.test.tsx" name="Dashboard &gt; agent row inline actions &gt; shows Settings button for durable agents" time="0.013246246">
        </testcase>
        <testcase classname="src/renderer/features/projects/Dashboard.test.tsx" name="Dashboard &gt; agent row inline actions &gt; does not show Settings button for quick agents" time="0.007821509">
        </testcase>
        <testcase classname="src/renderer/features/projects/Dashboard.test.tsx" name="Dashboard &gt; agent row inline actions &gt; shows Wake button for error durable agents" time="0.010059394">
        </testcase>
        <testcase classname="src/renderer/features/projects/Dashboard.test.tsx" name="Dashboard &gt; agent row inline actions &gt; Stop button calls killAgent" time="0.013083837">
        </testcase>
        <testcase classname="src/renderer/features/projects/Dashboard.test.tsx" name="Dashboard &gt; agent row inline actions &gt; Wake button calls spawnDurableAgent with resume=false" time="0.062074788">
        </testcase>
        <testcase classname="src/renderer/features/projects/Dashboard.test.tsx" name="Dashboard &gt; agent row inline actions &gt; Settings button navigates to agent and opens settings" time="0.009836628">
        </testcase>
        <testcase classname="src/renderer/features/projects/Dashboard.test.tsx" name="Dashboard &gt; agent row inline actions &gt; action buttons do not trigger row navigation" time="0.008643197">
        </testcase>
        <testcase classname="src/renderer/features/projects/Dashboard.test.tsx" name="Dashboard &gt; agent row context menu &gt; right-click opens context menu" time="0.015150362">
        </testcase>
        <testcase classname="src/renderer/features/projects/Dashboard.test.tsx" name="Dashboard &gt; agent row context menu &gt; sleeping durable shows Wake, Wake &amp; Resume, Settings in context menu" time="0.014118261">
        </testcase>
        <testcase classname="src/renderer/features/projects/Dashboard.test.tsx" name="Dashboard &gt; agent row context menu &gt; running durable shows Stop and Settings in context menu" time="0.01656986">
        </testcase>
        <testcase classname="src/renderer/features/projects/Dashboard.test.tsx" name="Dashboard &gt; agent row context menu &gt; running quick agent shows only Stop in context menu" time="0.015093776">
        </testcase>
        <testcase classname="src/renderer/features/projects/Dashboard.test.tsx" name="Dashboard &gt; agent row context menu &gt; Wake &amp; Resume in context menu calls spawnDurableAgent with resume=true" time="0.070507273">
        </testcase>
        <testcase classname="src/renderer/features/projects/Dashboard.test.tsx" name="Dashboard &gt; agent row context menu &gt; context menu closes on Escape" time="0.014135718">
        </testcase>
        <testcase classname="src/renderer/features/projects/Dashboard.test.tsx" name="Dashboard &gt; agent row context menu &gt; context menu closes after clicking an action" time="0.013863844">
        </testcase>
    </testsuite>
    <testsuite name="src/renderer/features/terminal/ShellTerminal.test.tsx" timestamp="2026-03-25T04:47:30.348Z" hostname="runnervm46oaq" tests="40" failures="0" errors="0" skipped="0" time="0.239381418">
        <testcase classname="src/renderer/features/terminal/ShellTerminal.test.tsx" name="ShellTerminal &gt; initialization &gt; creates a Terminal instance with theme colors" time="0.027951212">
        </testcase>
        <testcase classname="src/renderer/features/terminal/ShellTerminal.test.tsx" name="ShellTerminal &gt; initialization &gt; creates and loads FitAddon" time="0.004413981">
        </testcase>
        <testcase classname="src/renderer/features/terminal/ShellTerminal.test.tsx" name="ShellTerminal &gt; initialization &gt; opens terminal on the container element" time="0.005016942">
        </testcase>
        <testcase classname="src/renderer/features/terminal/ShellTerminal.test.tsx" name="ShellTerminal &gt; initialization &gt; calls fit and resize on mount" time="0.005014318">
        </testcase>
        <testcase classname="src/renderer/features/terminal/ShellTerminal.test.tsx" name="ShellTerminal &gt; initialization &gt; requests buffer content on mount" time="0.004877162">
        </testcase>
        <testcase classname="src/renderer/features/terminal/ShellTerminal.test.tsx" name="ShellTerminal &gt; initialization &gt; loads clipboard settings on mount" time="0.002221562">
        </testcase>
        <testcase classname="src/renderer/features/terminal/ShellTerminal.test.tsx" name="ShellTerminal &gt; PTY communication &gt; subscribes to PTY onData events" time="0.001674935">
        </testcase>
        <testcase classname="src/renderer/features/terminal/ShellTerminal.test.tsx" name="ShellTerminal &gt; PTY communication &gt; subscribes to PTY onExit events" time="0.001816359">
        </testcase>
        <testcase classname="src/renderer/features/terminal/ShellTerminal.test.tsx" name="ShellTerminal &gt; PTY communication &gt; forwards terminal input to PTY write" time="0.0041283">
        </testcase>
        <testcase classname="src/renderer/features/terminal/ShellTerminal.test.tsx" name="ShellTerminal &gt; PTY communication &gt; writes PTY data to terminal for matching sessionId" time="0.002948485">
        </testcase>
        <testcase classname="src/renderer/features/terminal/ShellTerminal.test.tsx" name="ShellTerminal &gt; PTY communication &gt; ignores PTY data for other sessionIds" time="0.002787144">
        </testcase>
        <testcase classname="src/renderer/features/terminal/ShellTerminal.test.tsx" name="ShellTerminal &gt; PTY communication &gt; writes reset sequences on exit for matching session" time="0.003559842">
        </testcase>
        <testcase classname="src/renderer/features/terminal/ShellTerminal.test.tsx" name="ShellTerminal &gt; PTY communication &gt; does not write reset sequences for other sessions" time="0.002199832">
        </testcase>
        <testcase classname="src/renderer/features/terminal/ShellTerminal.test.tsx" name="ShellTerminal &gt; PTY communication &gt; reset sequences include cursor show and attribute reset" time="0.002466879">
        </testcase>
        <testcase classname="src/renderer/features/terminal/ShellTerminal.test.tsx" name="ShellTerminal &gt; cleanup on unmount &gt; removes PTY listeners on unmount" time="0.002382983">
        </testcase>
        <testcase classname="src/renderer/features/terminal/ShellTerminal.test.tsx" name="ShellTerminal &gt; cleanup on unmount &gt; disconnects ResizeObserver on unmount" time="0.002365279">
        </testcase>
        <testcase classname="src/renderer/features/terminal/ShellTerminal.test.tsx" name="ShellTerminal &gt; cleanup on unmount &gt; disposes terminal on unmount" time="0.00732745">
        </testcase>
        <testcase classname="src/renderer/features/terminal/ShellTerminal.test.tsx" name="ShellTerminal &gt; cleanup on unmount &gt; nulls out refs on unmount" time="0.002331958">
        </testcase>
        <testcase classname="src/renderer/features/terminal/ShellTerminal.test.tsx" name="ShellTerminal &gt; theme updates &gt; updates terminal theme when theme store changes" time="0.004607">
        </testcase>
        <testcase classname="src/renderer/features/terminal/ShellTerminal.test.tsx" name="ShellTerminal &gt; focus behavior &gt; focuses terminal when focused prop is true" time="0.012804899">
        </testcase>
        <testcase classname="src/renderer/features/terminal/ShellTerminal.test.tsx" name="ShellTerminal &gt; focus behavior &gt; does not call extra focus when focused prop is false" time="0.00323064">
        </testcase>
        <testcase classname="src/renderer/features/terminal/ShellTerminal.test.tsx" name="ShellTerminal &gt; focus behavior &gt; re-focuses terminal on mousedown for focus recovery" time="0.024917865">
        </testcase>
        <testcase classname="src/renderer/features/terminal/ShellTerminal.test.tsx" name="ShellTerminal &gt; clipboard &gt; attaches clipboard handlers when clipboardCompat is true" time="0.002386089">
        </testcase>
        <testcase classname="src/renderer/features/terminal/ShellTerminal.test.tsx" name="ShellTerminal &gt; clipboard &gt; does not attach clipboard handlers when clipboardCompat is false" time="0.002127327">
        </testcase>
        <testcase classname="src/renderer/features/terminal/ShellTerminal.test.tsx" name="ShellTerminal &gt; Shift+Enter / Ctrl+Enter newline insertion &gt; registers a custom key event handler on mount" time="0.005302253">
        </testcase>
        <testcase classname="src/renderer/features/terminal/ShellTerminal.test.tsx" name="ShellTerminal &gt; Shift+Enter / Ctrl+Enter newline insertion &gt; writes newline to PTY on Shift+Enter and returns false" time="0.002206064">
        </testcase>
        <testcase classname="src/renderer/features/terminal/ShellTerminal.test.tsx" name="ShellTerminal &gt; Shift+Enter / Ctrl+Enter newline insertion &gt; writes newline to PTY on Ctrl+Enter and returns false" time="0.002778398">
        </testcase>
        <testcase classname="src/renderer/features/terminal/ShellTerminal.test.tsx" name="ShellTerminal &gt; Shift+Enter / Ctrl+Enter newline insertion &gt; returns true for plain Enter (no modifier)" time="0.001916204">
        </testcase>
        <testcase classname="src/renderer/features/terminal/ShellTerminal.test.tsx" name="ShellTerminal &gt; Shift+Enter / Ctrl+Enter newline insertion &gt; returns true for non-Enter keys with Shift" time="0.00201598">
        </testcase>
        <testcase classname="src/renderer/features/terminal/ShellTerminal.test.tsx" name="ShellTerminal &gt; Shift+Enter / Ctrl+Enter newline insertion &gt; ignores keyup events for Shift+Enter" time="0.004532961">
        </testcase>
        <testcase classname="src/renderer/features/terminal/ShellTerminal.test.tsx" name="ShellTerminal &gt; IO stability &gt; does not recreate terminal when io prop changes" time="0.002972409">
        </testcase>
        <testcase classname="src/renderer/features/terminal/ShellTerminal.test.tsx" name="ShellTerminal &gt; IO stability &gt; re-subscribes IO listeners when io prop changes" time="0.002982017">
        </testcase>
        <testcase classname="src/renderer/features/terminal/ShellTerminal.test.tsx" name="ShellTerminal &gt; IO stability &gt; uses the latest io ref for write operations after io change" time="0.002890647">
        </testcase>
        <testcase classname="src/renderer/features/terminal/ShellTerminal.test.tsx" name="ShellTerminal &gt; container rendering &gt; renders a container div with padding" time="0.002404412">
        </testcase>
        <testcase classname="src/renderer/features/terminal/ShellTerminal.test.tsx" name="ShellTerminal &gt; buffer replay &gt; writes buffered output on mount when buffer is non-empty" time="0.054006675">
        </testcase>
        <testcase classname="src/renderer/features/terminal/ShellTerminal.test.tsx" name="ShellTerminal &gt; buffer replay &gt; does not write when buffer is empty" time="0.004426614">
        </testcase>
        <testcase classname="src/renderer/features/terminal/ShellTerminal.test.tsx" name="ShellTerminal &gt; write batching &gt; batches multiple data chunks into a single term.write call" time="0.003007104">
        </testcase>
        <testcase classname="src/renderer/features/terminal/ShellTerminal.test.tsx" name="ShellTerminal &gt; write batching &gt; allows subsequent batches after a flush" time="0.002492776">
        </testcase>
        <testcase classname="src/renderer/features/terminal/ShellTerminal.test.tsx" name="ShellTerminal &gt; write batching &gt; cancels pending flush on unmount" time="0.00231705">
        </testcase>
        <testcase classname="src/renderer/features/terminal/ShellTerminal.test.tsx" name="ShellTerminal &gt; write batching &gt; does not schedule rAF for non-matching session IDs" time="0.003066715">
        </testcase>
    </testsuite>
    <testsuite name="src/renderer/features/terminal/clipboard.test.ts" timestamp="2026-03-25T04:47:30.355Z" hostname="runnervm46oaq" tests="43" failures="0" errors="0" skipped="0" time="0.072449811">
        <testcase classname="src/renderer/features/terminal/clipboard.test.ts" name="clipboard — keyboard shortcuts &gt; paste (Ctrl+V on Windows/Linux) &gt; intercepts Ctrl+V and writes clipboard text to PTY" time="0.007881891">
        </testcase>
        <testcase classname="src/renderer/features/terminal/clipboard.test.ts" name="clipboard — keyboard shortcuts &gt; paste (Ctrl+V on Windows/Linux) &gt; intercepts Ctrl+Shift+V (Linux alternate)" time="0.002229427">
        </testcase>
        <testcase classname="src/renderer/features/terminal/clipboard.test.ts" name="clipboard — keyboard shortcuts &gt; paste (Ctrl+V on Windows/Linux) &gt; wraps pasted text in bracketed paste sequences when mode is active" time="0.00231685">
        </testcase>
        <testcase classname="src/renderer/features/terminal/clipboard.test.ts" name="clipboard — keyboard shortcuts &gt; paste (Ctrl+V on Windows/Linux) &gt; does not write to PTY when clipboard is empty" time="0.002022011">
        </testcase>
        <testcase classname="src/renderer/features/terminal/clipboard.test.ts" name="clipboard — keyboard shortcuts &gt; paste (Ctrl+V on Windows/Linux) &gt; does not write to PTY when clipboard read fails" time="0.002279791">
        </testcase>
        <testcase classname="src/renderer/features/terminal/clipboard.test.ts" name="clipboard — keyboard shortcuts &gt; paste (Cmd+V on macOS) &gt; intercepts Cmd+V on macOS" time="0.002292664">
        </testcase>
        <testcase classname="src/renderer/features/terminal/clipboard.test.ts" name="clipboard — keyboard shortcuts &gt; paste (Cmd+V on macOS) &gt; does NOT intercept Ctrl+V on macOS (Ctrl+V is ^V in terminal)" time="0.000864518">
        </testcase>
        <testcase classname="src/renderer/features/terminal/clipboard.test.ts" name="clipboard — keyboard shortcuts &gt; copy (Ctrl+Shift+C on Windows/Linux) &gt; copies selection to clipboard when text is selected" time="0.002208127">
        </testcase>
        <testcase classname="src/renderer/features/terminal/clipboard.test.ts" name="clipboard — keyboard shortcuts &gt; copy (Ctrl+Shift+C on Windows/Linux) &gt; does nothing when there is no selection" time="0.002554262">
        </testcase>
        <testcase classname="src/renderer/features/terminal/clipboard.test.ts" name="clipboard — keyboard shortcuts &gt; Ctrl+C (no shift) on Windows/Linux &gt; copies selection when text is selected" time="0.002129731">
        </testcase>
        <testcase classname="src/renderer/features/terminal/clipboard.test.ts" name="clipboard — keyboard shortcuts &gt; Ctrl+C (no shift) on Windows/Linux &gt; passes through as SIGINT when no selection" time="0.000678352">
        </testcase>
        <testcase classname="src/renderer/features/terminal/clipboard.test.ts" name="clipboard — keyboard shortcuts &gt; copy (Cmd+C on macOS) &gt; copies selection to clipboard" time="0.001887552">
        </testcase>
        <testcase classname="src/renderer/features/terminal/clipboard.test.ts" name="clipboard — keyboard shortcuts &gt; copy (Cmd+C on macOS) &gt; does NOT intercept Ctrl+C on macOS (SIGINT)" time="0.000564741">
        </testcase>
        <testcase classname="src/renderer/features/terminal/clipboard.test.ts" name="clipboard — keyboard shortcuts &gt; key repeat suppression &gt; does not paste on repeated Ctrl+V keydown (Windows key-hold)" time="0.004924482">
        </testcase>
        <testcase classname="src/renderer/features/terminal/clipboard.test.ts" name="clipboard — keyboard shortcuts &gt; key repeat suppression &gt; still consumes repeated Ctrl+V events (returns false)" time="0.000475355">
        </testcase>
        <testcase classname="src/renderer/features/terminal/clipboard.test.ts" name="clipboard — keyboard shortcuts &gt; key repeat suppression &gt; suppresses repeat for Ctrl+Shift+V as well" time="0.001667772">
        </testcase>
        <testcase classname="src/renderer/features/terminal/clipboard.test.ts" name="clipboard — keyboard shortcuts &gt; key repeat suppression &gt; suppresses repeat for Cmd+V on macOS" time="0.001679995">
        </testcase>
        <testcase classname="src/renderer/features/terminal/clipboard.test.ts" name="clipboard — keyboard shortcuts &gt; unrelated keys pass through &gt; lets regular keys pass through" time="0.000796883">
        </testcase>
        <testcase classname="src/renderer/features/terminal/clipboard.test.ts" name="clipboard — keyboard shortcuts &gt; unrelated keys pass through &gt; ignores keyup events" time="0.000444367">
        </testcase>
        <testcase classname="src/renderer/features/terminal/clipboard.test.ts" name="clipboard — right-click context menu &gt; pastes from clipboard on right-click when no selection" time="0.001767127">
        </testcase>
        <testcase classname="src/renderer/features/terminal/clipboard.test.ts" name="clipboard — right-click context menu &gt; stops propagation to prevent xterm double-paste (issue #760)" time="0.002173331">
        </testcase>
        <testcase classname="src/renderer/features/terminal/clipboard.test.ts" name="clipboard — right-click context menu &gt; copies selection on right-click when text is selected" time="0.002976809">
        </testcase>
        <testcase classname="src/renderer/features/terminal/clipboard.test.ts" name="clipboard — right-click context menu &gt; cleanup function removes the context-menu listener" time="0.002004759">
        </testcase>
        <testcase classname="src/renderer/features/terminal/clipboard.test.ts" name="clipboard — native paste event suppression &gt; suppresses native paste events on the container to prevent double-paste" time="0.000789108">
        </testcase>
        <testcase classname="src/renderer/features/terminal/clipboard.test.ts" name="clipboard — native paste event suppression &gt; prevents native paste from reaching child elements (xterm textarea)" time="0.001276845">
        </testcase>
        <testcase classname="src/renderer/features/terminal/clipboard.test.ts" name="clipboard — native paste event suppression &gt; ensures only one PTY write occurs for a Ctrl+V that fires both keydown and paste" time="0.002341999">
        </testcase>
        <testcase classname="src/renderer/features/terminal/clipboard.test.ts" name="clipboard — native paste event suppression &gt; cleanup function removes the paste listener" time="0.000512674">
        </testcase>
        <testcase classname="src/renderer/features/terminal/clipboard.test.ts" name="clipboard — native paste event suppression &gt; suppresses paste events on macOS as well when compat is active" time="0.000514958">
        </testcase>
        <testcase classname="src/renderer/features/terminal/clipboard.test.ts" name="readClipboardImage &gt; uses Electron native API as primary path" time="0.000963132">
        </testcase>
        <testcase classname="src/renderer/features/terminal/clipboard.test.ts" name="readClipboardImage &gt; falls back to web Clipboard API when native returns null" time="0.001158294">
        </testcase>
        <testcase classname="src/renderer/features/terminal/clipboard.test.ts" name="readClipboardImage &gt; falls back to web Clipboard API when native throws" time="0.000766005">
        </testcase>
        <testcase classname="src/renderer/features/terminal/clipboard.test.ts" name="readClipboardImage &gt; returns null when no image types found in web API fallback" time="0.000382882">
        </testcase>
        <testcase classname="src/renderer/features/terminal/clipboard.test.ts" name="readClipboardImage &gt; returns null when both native and web API fail" time="0.000402379">
        </testcase>
        <testcase classname="src/renderer/features/terminal/clipboard.test.ts" name="readClipboardImage &gt; returns null when clipboard is empty" time="0.000458543">
        </testcase>
        <testcase classname="src/renderer/features/terminal/clipboard.test.ts" name="readClipboard &gt; returns clipboard text on success" time="0.000313092">
        </testcase>
        <testcase classname="src/renderer/features/terminal/clipboard.test.ts" name="readClipboard &gt; returns empty string on failure" time="0.000341535">
        </testcase>
        <testcase classname="src/renderer/features/terminal/clipboard.test.ts" name="writeClipboard &gt; writes text to clipboard" time="0.000394564">
        </testcase>
        <testcase classname="src/renderer/features/terminal/clipboard.test.ts" name="writeClipboard &gt; silently ignores write failures" time="0.00117205">
        </testcase>
        <testcase classname="src/renderer/features/terminal/clipboard.test.ts" name="pasteIntoTerminal &gt; reads clipboard and calls writeToPty" time="0.001636884">
        </testcase>
        <testcase classname="src/renderer/features/terminal/clipboard.test.ts" name="pasteIntoTerminal &gt; wraps in bracketed paste when mode is active" time="0.00168823">
        </testcase>
        <testcase classname="src/renderer/features/terminal/clipboard.test.ts" name="pasteIntoTerminal &gt; does not call writeToPty when clipboard is empty" time="0.00153183">
        </testcase>
        <testcase classname="src/renderer/features/terminal/clipboard.test.ts" name="pasteIntoTerminal &gt; calls onImagePaste when clipboard has image but no text" time="0.001684004">
        </testcase>
        <testcase classname="src/renderer/features/terminal/clipboard.test.ts" name="pasteIntoTerminal &gt; does not call onImagePaste when text is available" time="0.001448846">
        </testcase>
    </testsuite>
    <testsuite name="src/renderer/features/terminal/useFileDrop.test.ts" timestamp="2026-03-25T04:47:30.362Z" hostname="runnervm46oaq" tests="11" failures="0" errors="0" skipped="0" time="0.051037212">
        <testcase classname="src/renderer/features/terminal/useFileDrop.test.ts" name="useFileDrop &gt; handleDragOver &gt; prevents default and sets dropEffect to copy for file drags" time="0.022808405">
        </testcase>
        <testcase classname="src/renderer/features/terminal/useFileDrop.test.ts" name="useFileDrop &gt; handleDragOver &gt; sets isDragOver to true for file drags" time="0.003066263">
        </testcase>
        <testcase classname="src/renderer/features/terminal/useFileDrop.test.ts" name="useFileDrop &gt; handleDragOver &gt; ignores non-file drags" time="0.002979271">
        </testcase>
        <testcase classname="src/renderer/features/terminal/useFileDrop.test.ts" name="useFileDrop &gt; handleDragLeave &gt; clears isDragOver when leaving the outermost element" time="0.003031148">
        </testcase>
        <testcase classname="src/renderer/features/terminal/useFileDrop.test.ts" name="useFileDrop &gt; handleDragLeave &gt; does not clear isDragOver when moving to a child element" time="0.002970395">
        </testcase>
        <testcase classname="src/renderer/features/terminal/useFileDrop.test.ts" name="useFileDrop &gt; handleDrop &gt; prevents default and clears isDragOver" time="0.002476135">
        </testcase>
        <testcase classname="src/renderer/features/terminal/useFileDrop.test.ts" name="useFileDrop &gt; handleDrop &gt; does nothing when no files are dropped" time="0.002078967">
        </testcase>
        <testcase classname="src/renderer/features/terminal/useFileDrop.test.ts" name="useFileDrop &gt; handleDrop &gt; passes a simple path as-is" time="0.002339401">
        </testcase>
        <testcase classname="src/renderer/features/terminal/useFileDrop.test.ts" name="useFileDrop &gt; handleDrop &gt; wraps paths with spaces in single quotes" time="0.002654918">
        </testcase>
        <testcase classname="src/renderer/features/terminal/useFileDrop.test.ts" name="useFileDrop &gt; handleDrop &gt; space-separates multiple paths" time="0.001339742">
        </testcase>
        <testcase classname="src/renderer/features/terminal/useFileDrop.test.ts" name="useFileDrop &gt; handleDrop &gt; quotes only the paths that contain spaces in a multi-drop" time="0.001239766">
        </testcase>
    </testsuite>
    <testsuite name="src/renderer/features/terminal/useTerminalFit.test.ts" timestamp="2026-03-25T04:47:30.364Z" hostname="runnervm46oaq" tests="30" failures="0" errors="0" skipped="0" time="0.132566529">
        <testcase classname="src/renderer/features/terminal/useTerminalFit.test.ts" name="useTerminalFit &gt; ResizeObserver &gt; creates a ResizeObserver on mount" time="0.020593917">
        </testcase>
        <testcase classname="src/renderer/features/terminal/useTerminalFit.test.ts" name="useTerminalFit &gt; ResizeObserver &gt; calls fit and resize on ResizeObserver trigger when window has focus" time="0.009191277">
        </testcase>
        <testcase classname="src/renderer/features/terminal/useTerminalFit.test.ts" name="useTerminalFit &gt; ResizeObserver &gt; calls fit but skips resize when window does not have focus" time="0.003778659">
        </testcase>
        <testcase classname="src/renderer/features/terminal/useTerminalFit.test.ts" name="useTerminalFit &gt; ResizeObserver &gt; disconnects ResizeObserver on unmount" time="0.00262892">
        </testcase>
        <testcase classname="src/renderer/features/terminal/useTerminalFit.test.ts" name="useTerminalFit &gt; visibilitychange &gt; registers a visibilitychange listener" time="0.003189583">
        </testcase>
        <testcase classname="src/renderer/features/terminal/useTerminalFit.test.ts" name="useTerminalFit &gt; visibilitychange &gt; calls fit and resize after settle delay when page becomes visible" time="0.00437094">
        </testcase>
        <testcase classname="src/renderer/features/terminal/useTerminalFit.test.ts" name="useTerminalFit &gt; visibilitychange &gt; does not re-fit when page becomes hidden" time="0.002844441">
        </testcase>
        <testcase classname="src/renderer/features/terminal/useTerminalFit.test.ts" name="useTerminalFit &gt; visibilitychange &gt; cancels pending wake timer on unmount" time="0.002383284">
        </testcase>
        <testcase classname="src/renderer/features/terminal/useTerminalFit.test.ts" name="useTerminalFit &gt; visibilitychange &gt; removes visibilitychange listener on unmount" time="0.004057437">
        </testcase>
        <testcase classname="src/renderer/features/terminal/useTerminalFit.test.ts" name="useTerminalFit &gt; window focus &gt; registers a window focus listener" time="0.002214119">
        </testcase>
        <testcase classname="src/renderer/features/terminal/useTerminalFit.test.ts" name="useTerminalFit &gt; window focus &gt; calls fit and resize when window gains focus" time="0.002269071">
        </testcase>
        <testcase classname="src/renderer/features/terminal/useTerminalFit.test.ts" name="useTerminalFit &gt; window focus &gt; removes window focus listener on unmount" time="0.002051506">
        </testcase>
        <testcase classname="src/renderer/features/terminal/useTerminalFit.test.ts" name="useTerminalFit &gt; focused prop &gt; calls fit, resize, and focus when focused becomes true" time="0.00264474">
        </testcase>
        <testcase classname="src/renderer/features/terminal/useTerminalFit.test.ts" name="useTerminalFit &gt; focused prop &gt; does not call fit or resize when focused is false" time="0.002503687">
        </testcase>
        <testcase classname="src/renderer/features/terminal/useTerminalFit.test.ts" name="useTerminalFit &gt; focused prop &gt; does not fire when focused stays true across rerenders" time="0.002416595">
        </testcase>
        <testcase classname="src/renderer/features/terminal/useTerminalFit.test.ts" name="useTerminalFit &gt; onResize callback &gt; uses custom onResize callback instead of window.clubhouse.pty.resize" time="0.002154508">
        </testcase>
        <testcase classname="src/renderer/features/terminal/useTerminalFit.test.ts" name="useTerminalFit &gt; onResize callback &gt; uses custom onResize on visibility change" time="0.002910824">
        </testcase>
        <testcase classname="src/renderer/features/terminal/useTerminalFit.test.ts" name="useTerminalFit &gt; onResize callback &gt; uses custom onResize on pane focus" time="0.002382923">
        </testcase>
        <testcase classname="src/renderer/features/terminal/useTerminalFit.test.ts" name="useTerminalFit &gt; onResize callback &gt; falls back to window.clubhouse.pty.resize when onResize is undefined" time="0.001982377">
        </testcase>
        <testcase classname="src/renderer/features/terminal/useTerminalFit.test.ts" name="useTerminalFit &gt; zero-dimension guard &gt; skips fit and resize when container has zero width" time="0.001901337">
        </testcase>
        <testcase classname="src/renderer/features/terminal/useTerminalFit.test.ts" name="useTerminalFit &gt; zero-dimension guard &gt; skips fit and resize when container has zero height" time="0.001935912">
        </testcase>
        <testcase classname="src/renderer/features/terminal/useTerminalFit.test.ts" name="useTerminalFit &gt; zero-dimension guard &gt; skips fit and resize when container ref becomes null" time="0.008291503">
        </testcase>
        <testcase classname="src/renderer/features/terminal/useTerminalFit.test.ts" name="useTerminalFit &gt; viewport scroll preservation &gt; restores scrollTop when user is scrolled up from bottom" time="0.016972932">
        </testcase>
        <testcase classname="src/renderer/features/terminal/useTerminalFit.test.ts" name="useTerminalFit &gt; viewport scroll preservation &gt; keeps viewport at bottom when user was already at bottom" time="0.005820272">
        </testcase>
        <testcase classname="src/renderer/features/terminal/useTerminalFit.test.ts" name="useTerminalFit &gt; viewport scroll preservation &gt; preserves scroll position during pane focus fit" time="0.002107089">
        </testcase>
        <testcase classname="src/renderer/features/terminal/useTerminalFit.test.ts" name="useTerminalFit &gt; viewport scroll preservation &gt; applies deferred scroll restoration to catch async xterm clobber" time="0.001865379">
        </testcase>
        <testcase classname="src/renderer/features/terminal/useTerminalFit.test.ts" name="useTerminalFit &gt; viewport scroll preservation &gt; works gracefully when no .xterm-viewport element exists" time="0.007301807">
        </testcase>
        <testcase classname="src/renderer/features/terminal/useTerminalFit.test.ts" name="useTerminalFit &gt; null-safety &gt; does nothing when container ref is null" time="0.001785121">
        </testcase>
        <testcase classname="src/renderer/features/terminal/useTerminalFit.test.ts" name="useTerminalFit &gt; null-safety &gt; does nothing in rAF when terminal ref is null" time="0.001486305">
        </testcase>
        <testcase classname="src/renderer/features/terminal/useTerminalFit.test.ts" name="useTerminalFit &gt; null-safety &gt; does nothing in rAF when fitAddon ref is null" time="0.001447973">
        </testcase>
    </testsuite>
    <testsuite name="src/renderer/features/settings/AboutSettingsView.test.tsx" timestamp="2026-03-25T04:47:30.369Z" hostname="runnervm46oaq" tests="5" failures="0" errors="0" skipped="0" time="0.126167604">
        <testcase classname="src/renderer/features/settings/AboutSettingsView.test.tsx" name="AboutSettingsView &gt; renders version" time="0.065976012">
        </testcase>
        <testcase classname="src/renderer/features/settings/AboutSettingsView.test.tsx" name="AboutSettingsView &gt; renders architecture for arm64" time="0.009703739">
        </testcase>
        <testcase classname="src/renderer/features/settings/AboutSettingsView.test.tsx" name="AboutSettingsView &gt; renders Rosetta warning when running under translation" time="0.020336351">
        </testcase>
        <testcase classname="src/renderer/features/settings/AboutSettingsView.test.tsx" name="AboutSettingsView &gt; does not show Rosetta warning for native x64" time="0.018036135">
        </testcase>
        <testcase classname="src/renderer/features/settings/AboutSettingsView.test.tsx" name="AboutSettingsView &gt; renders plugin API versions" time="0.008150422">
        </testcase>
    </testsuite>
    <testsuite name="src/renderer/features/settings/AnnexSettingsView.test.tsx" timestamp="2026-03-25T04:47:30.370Z" hostname="runnervm46oaq" tests="10" failures="0" errors="0" skipped="0" time="0.20379991">
        <testcase classname="src/renderer/features/settings/AnnexSettingsView.test.tsx" name="AnnexSettingsView &gt; renders without crash" time="0.053301493">
        </testcase>
        <testcase classname="src/renderer/features/settings/AnnexSettingsView.test.tsx" name="AnnexSettingsView &gt; calls loadSettings on mount" time="0.006507725">
        </testcase>
        <testcase classname="src/renderer/features/settings/AnnexSettingsView.test.tsx" name="AnnexSettingsView &gt; shows server toggle" time="0.012700594">
        </testcase>
        <testcase classname="src/renderer/features/settings/AnnexSettingsView.test.tsx" name="AnnexSettingsView &gt; hides server details when enableServer is false" time="0.007793376">
        </testcase>
        <testcase classname="src/renderer/features/settings/AnnexSettingsView.test.tsx" name="AnnexSettingsView &gt; shows server details when enabled" time="0.046211405">
        </testcase>
        <testcase classname="src/renderer/features/settings/AnnexSettingsView.test.tsx" name="AnnexSettingsView &gt; shows singular device text for 1 connection" time="0.013482168">
        </testcase>
        <testcase classname="src/renderer/features/settings/AnnexSettingsView.test.tsx" name="AnnexSettingsView &gt; shows &quot;No devices connected&quot; for 0 connections" time="0.011217365">
        </testcase>
        <testcase classname="src/renderer/features/settings/AnnexSettingsView.test.tsx" name="AnnexSettingsView &gt; shows placeholder PIN when none set" time="0.013361986">
        </testcase>
        <testcase classname="src/renderer/features/settings/AnnexSettingsView.test.tsx" name="AnnexSettingsView &gt; calls regeneratePin when button clicked" time="0.017439469">
        </testcase>
        <testcase classname="src/renderer/features/settings/AnnexSettingsView.test.tsx" name="AnnexSettingsView &gt; updates device name on input change" time="0.017441011">
        </testcase>
    </testsuite>
    <testsuite name="src/renderer/features/settings/DisplaySettingsView.test.tsx" timestamp="2026-03-25T04:47:30.371Z" hostname="runnervm46oaq" tests="4" failures="0" errors="0" skipped="0" time="0.101625239">
        <testcase classname="src/renderer/features/settings/DisplaySettingsView.test.tsx" name="DisplaySettingsView &gt; renders without crash" time="0.071077045">
        </testcase>
        <testcase classname="src/renderer/features/settings/DisplaySettingsView.test.tsx" name="DisplaySettingsView &gt; renders theme options" time="0.009689864">
        </testcase>
        <testcase classname="src/renderer/features/settings/DisplaySettingsView.test.tsx" name="DisplaySettingsView &gt; selects a theme when clicked" time="0.011788951">
        </testcase>
        <testcase classname="src/renderer/features/settings/DisplaySettingsView.test.tsx" name="DisplaySettingsView &gt; renders Home view toggle" time="0.005545565">
        </testcase>
    </testsuite>
    <testsuite name="src/renderer/features/settings/EditorSettingsView.test.tsx" timestamp="2026-03-25T04:47:30.372Z" hostname="runnervm46oaq" tests="9" failures="0" errors="0" skipped="0" time="0.167214595">
        <testcase classname="src/renderer/features/settings/EditorSettingsView.test.tsx" name="EditorSettingsView &gt; renders heading and description" time="0.068326934">
        </testcase>
        <testcase classname="src/renderer/features/settings/EditorSettingsView.test.tsx" name="EditorSettingsView &gt; loads settings on mount" time="0.010202307">
        </testcase>
        <testcase classname="src/renderer/features/settings/EditorSettingsView.test.tsx" name="EditorSettingsView &gt; renders editor presets" time="0.026466349">
        </testcase>
        <testcase classname="src/renderer/features/settings/EditorSettingsView.test.tsx" name="EditorSettingsView &gt; highlights the currently selected preset" time="0.010238133">
        </testcase>
        <testcase classname="src/renderer/features/settings/EditorSettingsView.test.tsx" name="EditorSettingsView &gt; saves settings when a preset is clicked" time="0.018948647">
        </testcase>
        <testcase classname="src/renderer/features/settings/EditorSettingsView.test.tsx" name="EditorSettingsView &gt; shows current editor command and name" time="0.006172762">
        </testcase>
        <testcase classname="src/renderer/features/settings/EditorSettingsView.test.tsx" name="EditorSettingsView &gt; renders custom command input" time="0.004540716">
        </testcase>
        <testcase classname="src/renderer/features/settings/EditorSettingsView.test.tsx" name="EditorSettingsView &gt; saves custom command on input change" time="0.008212787">
        </testcase>
        <testcase classname="src/renderer/features/settings/EditorSettingsView.test.tsx" name="EditorSettingsView &gt; does not save when custom command is empty" time="0.007292258">
        </testcase>
    </testsuite>
    <testsuite name="src/renderer/features/settings/ExperimentalSettingsView.test.tsx" timestamp="2026-03-25T04:47:30.374Z" hostname="runnervm46oaq" tests="7" failures="0" errors="0" skipped="0" time="0.210629068">
        <testcase classname="src/renderer/features/settings/ExperimentalSettingsView.test.tsx" name="ExperimentalSettingsView &gt; renders the heading and disclaimer" time="0.090171994">
        </testcase>
        <testcase classname="src/renderer/features/settings/ExperimentalSettingsView.test.tsx" name="ExperimentalSettingsView &gt; loads settings on mount" time="0.024095905">
        </testcase>
        <testcase classname="src/renderer/features/settings/ExperimentalSettingsView.test.tsx" name="ExperimentalSettingsView &gt; renders feature toggles" time="0.017739556">
        </testcase>
        <testcase classname="src/renderer/features/settings/ExperimentalSettingsView.test.tsx" name="ExperimentalSettingsView &gt; toggles a feature and saves" time="0.038859884">
        </testcase>
        <testcase classname="src/renderer/features/settings/ExperimentalSettingsView.test.tsx" name="ExperimentalSettingsView &gt; renders the restart button" time="0.010939706">
        </testcase>
        <testcase classname="src/renderer/features/settings/ExperimentalSettingsView.test.tsx" name="ExperimentalSettingsView &gt; calls restart when button is clicked" time="0.011153448">
        </testcase>
        <testcase classname="src/renderer/features/settings/ExperimentalSettingsView.test.tsx" name="ExperimentalSettingsView &gt; shows restart description text" time="0.013522843">
        </testcase>
    </testsuite>
    <testsuite name="src/renderer/features/settings/KeyboardShortcutsSettingsView.test.tsx" timestamp="2026-03-25T04:47:30.375Z" hostname="runnervm46oaq" tests="8" failures="0" errors="0" skipped="0" time="0.120464654">
        <testcase classname="src/renderer/features/settings/KeyboardShortcutsSettingsView.test.tsx" name="KeyboardShortcutsSettingsView &gt; renders without crash" time="0.058443049">
        </testcase>
        <testcase classname="src/renderer/features/settings/KeyboardShortcutsSettingsView.test.tsx" name="KeyboardShortcutsSettingsView &gt; groups shortcuts by category" time="0.011208256">
        </testcase>
        <testcase classname="src/renderer/features/settings/KeyboardShortcutsSettingsView.test.tsx" name="KeyboardShortcutsSettingsView &gt; shows shortcut labels" time="0.008750346">
        </testcase>
        <testcase classname="src/renderer/features/settings/KeyboardShortcutsSettingsView.test.tsx" name="KeyboardShortcutsSettingsView &gt; shows clipboard compatibility toggle" time="0.004468091">
        </testcase>
        <testcase classname="src/renderer/features/settings/KeyboardShortcutsSettingsView.test.tsx" name="KeyboardShortcutsSettingsView &gt; hides Reset All button when no overrides exist" time="0.007357204">
        </testcase>
        <testcase classname="src/renderer/features/settings/KeyboardShortcutsSettingsView.test.tsx" name="KeyboardShortcutsSettingsView &gt; shows Reset All button when an override exists" time="0.008334031">
        </testcase>
        <testcase classname="src/renderer/features/settings/KeyboardShortcutsSettingsView.test.tsx" name="KeyboardShortcutsSettingsView &gt; calls resetAll when Reset All button clicked" time="0.011888762">
        </testcase>
        <testcase classname="src/renderer/features/settings/KeyboardShortcutsSettingsView.test.tsx" name="KeyboardShortcutsSettingsView &gt; loads clipboard settings on mount" time="0.005797091">
        </testcase>
    </testsuite>
    <testsuite name="src/renderer/features/settings/LoggingSettingsView.test.tsx" timestamp="2026-03-25T04:47:30.377Z" hostname="runnervm46oaq" tests="10" failures="0" errors="0" skipped="0" time="0.179952193">
        <testcase classname="src/renderer/features/settings/LoggingSettingsView.test.tsx" name="LoggingSettingsView &gt; renders without crash" time="0.060682162">
        </testcase>
        <testcase classname="src/renderer/features/settings/LoggingSettingsView.test.tsx" name="LoggingSettingsView &gt; shows loading state when settings are null" time="0.003844451">
        </testcase>
        <testcase classname="src/renderer/features/settings/LoggingSettingsView.test.tsx" name="LoggingSettingsView &gt; calls loadSettings on mount" time="0.013535336">
        </testcase>
        <testcase classname="src/renderer/features/settings/LoggingSettingsView.test.tsx" name="LoggingSettingsView &gt; shows log path and privacy banner" time="0.011950328">
        </testcase>
        <testcase classname="src/renderer/features/settings/LoggingSettingsView.test.tsx" name="LoggingSettingsView &gt; shows retention tier options" time="0.017219539">
        </testcase>
        <testcase classname="src/renderer/features/settings/LoggingSettingsView.test.tsx" name="LoggingSettingsView &gt; selects a retention tier on click" time="0.013126766">
        </testcase>
        <testcase classname="src/renderer/features/settings/LoggingSettingsView.test.tsx" name="LoggingSettingsView &gt; shows minimum log level buttons" time="0.017572642">
        </testcase>
        <testcase classname="src/renderer/features/settings/LoggingSettingsView.test.tsx" name="LoggingSettingsView &gt; shows namespace toggles" time="0.013682099">
        </testcase>
        <testcase classname="src/renderer/features/settings/LoggingSettingsView.test.tsx" name="LoggingSettingsView &gt; hides namespace section when no namespaces" time="0.012095637">
        </testcase>
        <testcase classname="src/renderer/features/settings/LoggingSettingsView.test.tsx" name="LoggingSettingsView &gt; toggles logging on/off via saveSettings" time="0.011896578">
        </testcase>
    </testsuite>
    <testsuite name="src/renderer/features/settings/NotificationSettingsView.test.tsx" timestamp="2026-03-25T04:47:30.378Z" hostname="runnervm46oaq" tests="6" failures="0" errors="0" skipped="0" time="0.141616384">
        <testcase classname="src/renderer/features/settings/NotificationSettingsView.test.tsx" name="NotificationSettingsView &gt; renders loading state when settings are null" time="0.038968363">
        </testcase>
        <testcase classname="src/renderer/features/settings/NotificationSettingsView.test.tsx" name="NotificationSettingsView &gt; renders notification toggles in app context" time="0.038830028">
        </testcase>
        <testcase classname="src/renderer/features/settings/NotificationSettingsView.test.tsx" name="NotificationSettingsView &gt; renders badge settings in project context" time="0.013349811">
        </testcase>
        <testcase classname="src/renderer/features/settings/NotificationSettingsView.test.tsx" name="NotificationSettingsView &gt; handleProjectToggle (badge override removal) &gt; clears all overrides when removing the last key" time="0.022223023">
        </testcase>
        <testcase classname="src/renderer/features/settings/NotificationSettingsView.test.tsx" name="NotificationSettingsView &gt; handleProjectToggle (badge override removal) &gt; clears then re-sets remaining overrides when removing one key" time="0.01454305">
        </testcase>
        <testcase classname="src/renderer/features/settings/NotificationSettingsView.test.tsx" name="NotificationSettingsView &gt; handleProjectToggle (badge override removal) &gt; sets override directly when value is not undefined" time="0.008889555">
        </testcase>
    </testsuite>
    <testsuite name="src/renderer/features/settings/OrchestratorSettingsView.test.tsx" timestamp="2026-03-25T04:47:30.380Z" hostname="runnervm46oaq" tests="25" failures="0" errors="0" skipped="0" time="1.100420445">
        <testcase classname="src/renderer/features/settings/OrchestratorSettingsView.test.tsx" name="OrchestratorSettingsView &gt; app-level settings (no projectId) &gt; renders the Orchestrators &amp; Agents heading" time="0.068101664">
        </testcase>
        <testcase classname="src/renderer/features/settings/OrchestratorSettingsView.test.tsx" name="OrchestratorSettingsView &gt; app-level settings (no projectId) &gt; renders Clubhouse Mode toggle" time="0.013192499">
        </testcase>
        <testcase classname="src/renderer/features/settings/OrchestratorSettingsView.test.tsx" name="OrchestratorSettingsView &gt; app-level settings (no projectId) &gt; renders Default Quick Agent Mode dropdown" time="0.018588086">
        </testcase>
        <testcase classname="src/renderer/features/settings/OrchestratorSettingsView.test.tsx" name="OrchestratorSettingsView &gt; app-level settings (no projectId) &gt; renders Quick Agent Mode dropdown with interactive and headless options" time="0.015709649">
        </testcase>
        <testcase classname="src/renderer/features/settings/OrchestratorSettingsView.test.tsx" name="OrchestratorSettingsView &gt; app-level settings (no projectId) &gt; does not offer structured mode as a Quick Agent Mode option" time="0.009819165">
        </testcase>
        <testcase classname="src/renderer/features/settings/OrchestratorSettingsView.test.tsx" name="OrchestratorSettingsView &gt; app-level settings (no projectId) &gt; renders Quick Agents section before Clubhouse Mode" time="0.012447832">
        </testcase>
        <testcase classname="src/renderer/features/settings/OrchestratorSettingsView.test.tsx" name="OrchestratorSettingsView &gt; app-level settings (no projectId) &gt; renders Orchestrators section" time="0.012973873">
        </testcase>
        <testcase classname="src/renderer/features/settings/OrchestratorSettingsView.test.tsx" name="OrchestratorSettingsView &gt; app-level settings (no projectId) &gt; clubhouse mode toggle &gt; shows confirmation dialog when enabling" time="0.334321071">
        </testcase>
        <testcase classname="src/renderer/features/settings/OrchestratorSettingsView.test.tsx" name="OrchestratorSettingsView &gt; app-level settings (no projectId) &gt; clubhouse mode toggle &gt; enables on confirmation" time="0.258188653">
        </testcase>
        <testcase classname="src/renderer/features/settings/OrchestratorSettingsView.test.tsx" name="OrchestratorSettingsView &gt; app-level settings (no projectId) &gt; clubhouse mode toggle &gt; cancels confirmation dialog" time="0.197185922">
        </testcase>
        <testcase classname="src/renderer/features/settings/OrchestratorSettingsView.test.tsx" name="OrchestratorSettingsView &gt; app-level settings (no projectId) &gt; clubhouse mode toggle &gt; disables without confirmation when already enabled" time="0.020243691">
        </testcase>
        <testcase classname="src/renderer/features/settings/OrchestratorSettingsView.test.tsx" name="OrchestratorSettingsView &gt; app-level settings (no projectId) &gt; clubhouse mode toggle &gt; shows wildcard info banner when enabled" time="0.014055745">
        </testcase>
        <testcase classname="src/renderer/features/settings/OrchestratorSettingsView.test.tsx" name="OrchestratorSettingsView &gt; app-level settings (no projectId) &gt; clubhouse mode toggle &gt; hides wildcard banner when disabled" time="0.010049934">
        </testcase>
        <testcase classname="src/renderer/features/settings/OrchestratorSettingsView.test.tsx" name="OrchestratorSettingsView &gt; app-level settings (no projectId) &gt; orchestrator list &gt; shows availability indicator" time="0.008339962">
        </testcase>
        <testcase classname="src/renderer/features/settings/OrchestratorSettingsView.test.tsx" name="OrchestratorSettingsView &gt; app-level settings (no projectId) &gt; orchestrator list &gt; shows error for unavailable orchestrator" time="0.009552087">
        </testcase>
        <testcase classname="src/renderer/features/settings/OrchestratorSettingsView.test.tsx" name="OrchestratorSettingsView &gt; app-level settings (no projectId) &gt; orchestrator list &gt; shows badge when present" time="0.010100077">
        </testcase>
        <testcase classname="src/renderer/features/settings/OrchestratorSettingsView.test.tsx" name="OrchestratorSettingsView &gt; app-level settings (no projectId) &gt; orchestrator list &gt; shows empty state when no orchestrators" time="0.009115746">
        </testcase>
        <testcase classname="src/renderer/features/settings/OrchestratorSettingsView.test.tsx" name="OrchestratorSettingsView &gt; project-level settings (with projectId) &gt; renders project-level description" time="0.011280353">
        </testcase>
        <testcase classname="src/renderer/features/settings/OrchestratorSettingsView.test.tsx" name="OrchestratorSettingsView &gt; project-level settings (with projectId) &gt; renders Clubhouse Mode dropdown" time="0.009114237">
        </testcase>
        <testcase classname="src/renderer/features/settings/OrchestratorSettingsView.test.tsx" name="OrchestratorSettingsView &gt; project-level settings (with projectId) &gt; renders Quick Agent Mode dropdown" time="0.004835634">
        </testcase>
        <testcase classname="src/renderer/features/settings/OrchestratorSettingsView.test.tsx" name="OrchestratorSettingsView &gt; project-level settings (with projectId) &gt; renders ProjectAgentDefaultsSection" time="0.005131736">
        </testcase>
        <testcase classname="src/renderer/features/settings/OrchestratorSettingsView.test.tsx" name="OrchestratorSettingsView &gt; project-level settings (with projectId) &gt; passes clubhouseMode to ProjectAgentDefaultsSection" time="0.012193861">
        </testcase>
        <testcase classname="src/renderer/features/settings/OrchestratorSettingsView.test.tsx" name="OrchestratorSettingsView &gt; project-level settings (with projectId) &gt; does not show orchestrator picker with single orchestrator" time="0.017099239">
        </testcase>
        <testcase classname="src/renderer/features/settings/OrchestratorSettingsView.test.tsx" name="OrchestratorSettingsView &gt; project-level settings (with projectId) &gt; shows orchestrator picker with multiple orchestrators" time="0.00790274">
        </testcase>
        <testcase classname="src/renderer/features/settings/OrchestratorSettingsView.test.tsx" name="OrchestratorSettingsView &gt; project-level settings (with projectId) &gt; returns null for invalid project" time="0.002883935">
        </testcase>
    </testsuite>
    <testsuite name="src/renderer/features/settings/PairingWizard.test.tsx" timestamp="2026-03-25T04:47:30.384Z" hostname="runnervm46oaq" tests="3" failures="0" errors="0" skipped="0" time="0.494700594">
        <testcase classname="src/renderer/features/settings/PairingWizard.test.tsx" name="PairingWizard &gt; renders discovered services" time="0.05591309">
        </testcase>
        <testcase classname="src/renderer/features/settings/PairingWizard.test.tsx" name="PairingWizard &gt; shows pin entry step when a service is selected" time="0.327834034">
        </testcase>
        <testcase classname="src/renderer/features/settings/PairingWizard.test.tsx" name="PairingWizard &gt; Pair button uses white text for visibility on blue background" time="0.104138566">
        </testcase>
    </testsuite>
    <testsuite name="src/renderer/features/settings/PluginDetailSettings.test.tsx" timestamp="2026-03-25T04:47:30.384Z" hostname="runnervm46oaq" tests="8" failures="0" errors="0" skipped="0" time="0.091560545">
        <testcase classname="src/renderer/features/settings/PluginDetailSettings.test.tsx" name="PluginDetailSettings &gt; renders &quot;No plugin selected&quot; when no plugin set" time="0.035389695">
        </testcase>
        <testcase classname="src/renderer/features/settings/PluginDetailSettings.test.tsx" name="PluginDetailSettings &gt; renders &quot;Plugin not found&quot; for unknown plugin" time="0.005638227">
        </testcase>
        <testcase classname="src/renderer/features/settings/PluginDetailSettings.test.tsx" name="PluginDetailSettings &gt; renders plugin name and version" time="0.013132557">
        </testcase>
        <testcase classname="src/renderer/features/settings/PluginDetailSettings.test.tsx" name="PluginDetailSettings &gt; shows permissions section when plugin has permissions" time="0.008109774">
        </testcase>
        <testcase classname="src/renderer/features/settings/PluginDetailSettings.test.tsx" name="PluginDetailSettings &gt; shows &quot;no configurable settings&quot; message when no settings panel" time="0.005200534">
        </testcase>
        <testcase classname="src/renderer/features/settings/PluginDetailSettings.test.tsx" name="PluginDetailSettings &gt; shows back button and calls closePluginSettings when clicked" time="0.00610759">
        </testcase>
        <testcase classname="src/renderer/features/settings/PluginDetailSettings.test.tsx" name="PluginDetailSettings &gt; shows allowed commands when present" time="0.006150901">
        </testcase>
        <testcase classname="src/renderer/features/settings/PluginDetailSettings.test.tsx" name="PluginDetailSettings &gt; renders declarative settings renderer" time="0.005050804">
        </testcase>
    </testsuite>
    <testsuite name="src/renderer/features/settings/PluginListSettings.test.tsx" timestamp="2026-03-25T04:47:30.386Z" hostname="runnervm46oaq" tests="21" failures="0" errors="0" skipped="0" time="0.376843728">
        <testcase classname="src/renderer/features/settings/PluginListSettings.test.tsx" name="PluginListSettings &gt; renders the marketplace button in app context" time="0.064600692">
            <system-err>
An update to CustomMarketplaceManager inside a test was not wrapped in act(...).

When testing, code that causes React state updates should be wrapped into act(...):

act(() =&gt; {
  /* fire events that update state */
});
/* assert on the output */

This ensures that you&apos;re testing the behavior the user would see in the browser. Learn more at https://react.dev/link/wrap-tests-with-act
An update to CustomMarketplaceManager inside a test was not wrapped in act(...).

When testing, code that causes React state updates should be wrapped into act(...):

act(() =&gt; {
  /* fire events that update state */
});
/* assert on the output */

This ensures that you&apos;re testing the behavior the user would see in the browser. Learn more at https://react.dev/link/wrap-tests-with-act

            </system-err>
        </testcase>
        <testcase classname="src/renderer/features/settings/PluginListSettings.test.tsx" name="PluginListSettings &gt; does not render marketplace button in project context" time="0.007082864">
        </testcase>
        <testcase classname="src/renderer/features/settings/PluginListSettings.test.tsx" name="PluginListSettings &gt; opens marketplace dialog when button is clicked" time="0.020459937">
            <system-err>
An update to CustomMarketplaceManager inside a test was not wrapped in act(...).

When testing, code that causes React state updates should be wrapped into act(...):

act(() =&gt; {
  /* fire events that update state */
});
/* assert on the output */

This ensures that you&apos;re testing the behavior the user would see in the browser. Learn more at https://react.dev/link/wrap-tests-with-act
An update to CustomMarketplaceManager inside a test was not wrapped in act(...).

When testing, code that causes React state updates should be wrapped into act(...):

act(() =&gt; {
  /* fire events that update state */
});
/* assert on the output */

This ensures that you&apos;re testing the behavior the user would see in the browser. Learn more at https://react.dev/link/wrap-tests-with-act

            </system-err>
        </testcase>
        <testcase classname="src/renderer/features/settings/PluginListSettings.test.tsx" name="PluginListSettings &gt; closes marketplace dialog when close callback fires" time="0.01780574">
            <system-err>
An update to CustomMarketplaceManager inside a test was not wrapped in act(...).

When testing, code that causes React state updates should be wrapped into act(...):

act(() =&gt; {
  /* fire events that update state */
});
/* assert on the output */

This ensures that you&apos;re testing the behavior the user would see in the browser. Learn more at https://react.dev/link/wrap-tests-with-act
An update to CustomMarketplaceManager inside a test was not wrapped in act(...).

When testing, code that causes React state updates should be wrapped into act(...):

act(() =&gt; {
  /* fire events that update state */
});
/* assert on the output */

This ensures that you&apos;re testing the behavior the user would see in the browser. Learn more at https://react.dev/link/wrap-tests-with-act

            </system-err>
        </testcase>
        <testcase classname="src/renderer/features/settings/PluginListSettings.test.tsx" name="PluginListSettings &gt; renders the Workshop link" time="0.009872353">
            <system-err>
An update to CustomMarketplaceManager inside a test was not wrapped in act(...).

When testing, code that causes React state updates should be wrapped into act(...):

act(() =&gt; {
  /* fire events that update state */
});
/* assert on the output */

This ensures that you&apos;re testing the behavior the user would see in the browser. Learn more at https://react.dev/link/wrap-tests-with-act
An update to CustomMarketplaceManager inside a test was not wrapped in act(...).

When testing, code that causes React state updates should be wrapped into act(...):

act(() =&gt; {
  /* fire events that update state */
});
/* assert on the output */

This ensures that you&apos;re testing the behavior the user would see in the browser. Learn more at https://react.dev/link/wrap-tests-with-act

            </system-err>
        </testcase>
        <testcase classname="src/renderer/features/settings/PluginListSettings.test.tsx" name="PluginListSettings &gt; renders &quot;Official&quot; badge for marketplace source plugins" time="0.013453295">
            <system-err>
An update to CustomMarketplaceManager inside a test was not wrapped in act(...).

When testing, code that causes React state updates should be wrapped into act(...):

act(() =&gt; {
  /* fire events that update state */
});
/* assert on the output */

This ensures that you&apos;re testing the behavior the user would see in the browser. Learn more at https://react.dev/link/wrap-tests-with-act
An update to CustomMarketplaceManager inside a test was not wrapped in act(...).

When testing, code that causes React state updates should be wrapped into act(...):

act(() =&gt; {
  /* fire events that update state */
});
/* assert on the output */

This ensures that you&apos;re testing the behavior the user would see in the browser. Learn more at https://react.dev/link/wrap-tests-with-act

            </system-err>
        </testcase>
        <testcase classname="src/renderer/features/settings/PluginListSettings.test.tsx" name="PluginListSettings &gt; renders &quot;Community&quot; badge for community source plugins" time="0.011831457">
            <system-err>
An update to CustomMarketplaceManager inside a test was not wrapped in act(...).

When testing, code that causes React state updates should be wrapped into act(...):

act(() =&gt; {
  /* fire events that update state */
});
/* assert on the output */

This ensures that you&apos;re testing the behavior the user would see in the browser. Learn more at https://react.dev/link/wrap-tests-with-act
An update to CustomMarketplaceManager inside a test was not wrapped in act(...).

When testing, code that causes React state updates should be wrapped into act(...):

act(() =&gt; {
  /* fire events that update state */
});
/* assert on the output */

This ensures that you&apos;re testing the behavior the user would see in the browser. Learn more at https://react.dev/link/wrap-tests-with-act

            </system-err>
        </testcase>
        <testcase classname="src/renderer/features/settings/PluginListSettings.test.tsx" name="PluginListSettings &gt; renders &quot;Reload Local Plugins&quot; button in app context" time="0.010423906">
            <system-err>
An update to CustomMarketplaceManager inside a test was not wrapped in act(...).

When testing, code that causes React state updates should be wrapped into act(...):

act(() =&gt; {
  /* fire events that update state */
});
/* assert on the output */

This ensures that you&apos;re testing the behavior the user would see in the browser. Learn more at https://react.dev/link/wrap-tests-with-act
An update to CustomMarketplaceManager inside a test was not wrapped in act(...).

When testing, code that causes React state updates should be wrapped into act(...):

act(() =&gt; {
  /* fire events that update state */
});
/* assert on the output */

This ensures that you&apos;re testing the behavior the user would see in the browser. Learn more at https://react.dev/link/wrap-tests-with-act

            </system-err>
        </testcase>
        <testcase classname="src/renderer/features/settings/PluginListSettings.test.tsx" name="PluginListSettings &gt; calls refreshCommunityPlugins when scan button is clicked" time="0.036846183">
        </testcase>
        <testcase classname="src/renderer/features/settings/PluginListSettings.test.tsx" name="PluginListSettings &gt; shows up-to-date message when refresh finds only existing plugins" time="0.019076263">
        </testcase>
        <testcase classname="src/renderer/features/settings/PluginListSettings.test.tsx" name="PluginListSettings &gt; shows no plugins message when nothing found" time="0.02850457">
        </testcase>
        <testcase classname="src/renderer/features/settings/PluginListSettings.test.tsx" name="PluginListSettings &gt; shows activated count when plugins are reactivated" time="0.018010591">
        </testcase>
        <testcase classname="src/renderer/features/settings/PluginListSettings.test.tsx" name="PluginListSettings &gt; shows incompatible count when plugins fail validation" time="0.023257464">
        </testcase>
        <testcase classname="src/renderer/features/settings/PluginListSettings.test.tsx" name="PluginListSettings &gt; check for updates UI &gt; renders &quot;Check for Updates&quot; button in app context with external plugins enabled" time="0.011264128">
            <system-err>
An update to CustomMarketplaceManager inside a test was not wrapped in act(...).

When testing, code that causes React state updates should be wrapped into act(...):

act(() =&gt; {
  /* fire events that update state */
});
/* assert on the output */

This ensures that you&apos;re testing the behavior the user would see in the browser. Learn more at https://react.dev/link/wrap-tests-with-act
An update to CustomMarketplaceManager inside a test was not wrapped in act(...).

When testing, code that causes React state updates should be wrapped into act(...):

act(() =&gt; {
  /* fire events that update state */
});
/* assert on the output */

This ensures that you&apos;re testing the behavior the user would see in the browser. Learn more at https://react.dev/link/wrap-tests-with-act

            </system-err>
        </testcase>
        <testcase classname="src/renderer/features/settings/PluginListSettings.test.tsx" name="PluginListSettings &gt; check for updates UI &gt; shows &quot;Checking...&quot; when check is in progress" time="0.004912026">
            <system-err>
An update to CustomMarketplaceManager inside a test was not wrapped in act(...).

When testing, code that causes React state updates should be wrapped into act(...):

act(() =&gt; {
  /* fire events that update state */
});
/* assert on the output */

This ensures that you&apos;re testing the behavior the user would see in the browser. Learn more at https://react.dev/link/wrap-tests-with-act
An update to CustomMarketplaceManager inside a test was not wrapped in act(...).

When testing, code that causes React state updates should be wrapped into act(...):

act(() =&gt; {
  /* fire events that update state */
});
/* assert on the output */

This ensures that you&apos;re testing the behavior the user would see in the browser. Learn more at https://react.dev/link/wrap-tests-with-act

            </system-err>
        </testcase>
        <testcase classname="src/renderer/features/settings/PluginListSettings.test.tsx" name="PluginListSettings &gt; check for updates UI &gt; shows last check time when available" time="0.020903532">
            <system-err>
An update to CustomMarketplaceManager inside a test was not wrapped in act(...).

When testing, code that causes React state updates should be wrapped into act(...):

act(() =&gt; {
  /* fire events that update state */
});
/* assert on the output */

This ensures that you&apos;re testing the behavior the user would see in the browser. Learn more at https://react.dev/link/wrap-tests-with-act
An update to CustomMarketplaceManager inside a test was not wrapped in act(...).

When testing, code that causes React state updates should be wrapped into act(...):

act(() =&gt; {
  /* fire events that update state */
});
/* assert on the output */

This ensures that you&apos;re testing the behavior the user would see in the browser. Learn more at https://react.dev/link/wrap-tests-with-act

            </system-err>
        </testcase>
        <testcase classname="src/renderer/features/settings/PluginListSettings.test.tsx" name="PluginListSettings &gt; check for updates UI &gt; shows &quot;Update All&quot; button when multiple updates available" time="0.007280312">
            <system-err>
An update to CustomMarketplaceManager inside a test was not wrapped in act(...).

When testing, code that causes React state updates should be wrapped into act(...):

act(() =&gt; {
  /* fire events that update state */
});
/* assert on the output */

This ensures that you&apos;re testing the behavior the user would see in the browser. Learn more at https://react.dev/link/wrap-tests-with-act
An update to CustomMarketplaceManager inside a test was not wrapped in act(...).

When testing, code that causes React state updates should be wrapped into act(...):

act(() =&gt; {
  /* fire events that update state */
});
/* assert on the output */

This ensures that you&apos;re testing the behavior the user would see in the browser. Learn more at https://react.dev/link/wrap-tests-with-act

            </system-err>
        </testcase>
        <testcase classname="src/renderer/features/settings/PluginListSettings.test.tsx" name="PluginListSettings &gt; check for updates UI &gt; shows per-plugin update badge and button when update available" time="0.011787756">
            <system-err>
An update to CustomMarketplaceManager inside a test was not wrapped in act(...).

When testing, code that causes React state updates should be wrapped into act(...):

act(() =&gt; {
  /* fire events that update state */
});
/* assert on the output */

This ensures that you&apos;re testing the behavior the user would see in the browser. Learn more at https://react.dev/link/wrap-tests-with-act
An update to CustomMarketplaceManager inside a test was not wrapped in act(...).

When testing, code that causes React state updates should be wrapped into act(...):

act(() =&gt; {
  /* fire events that update state */
});
/* assert on the output */

This ensures that you&apos;re testing the behavior the user would see in the browser. Learn more at https://react.dev/link/wrap-tests-with-act

            </system-err>
        </testcase>
        <testcase classname="src/renderer/features/settings/PluginListSettings.test.tsx" name="PluginListSettings &gt; check for updates UI &gt; shows update phase badge when plugin is being updated" time="0.009663204">
            <system-err>
An update to CustomMarketplaceManager inside a test was not wrapped in act(...).

When testing, code that causes React state updates should be wrapped into act(...):

act(() =&gt; {
  /* fire events that update state */
});
/* assert on the output */

This ensures that you&apos;re testing the behavior the user would see in the browser. Learn more at https://react.dev/link/wrap-tests-with-act
An update to CustomMarketplaceManager inside a test was not wrapped in act(...).

When testing, code that causes React state updates should be wrapped into act(...):

act(() =&gt; {
  /* fire events that update state */
});
/* assert on the output */

This ensures that you&apos;re testing the behavior the user would see in the browser. Learn more at https://react.dev/link/wrap-tests-with-act

            </system-err>
        </testcase>
        <testcase classname="src/renderer/features/settings/PluginListSettings.test.tsx" name="PluginListSettings &gt; check for updates UI &gt; shows update error inline on the plugin row" time="0.008767358">
            <system-err>
An update to CustomMarketplaceManager inside a test was not wrapped in act(...).

When testing, code that causes React state updates should be wrapped into act(...):

act(() =&gt; {
  /* fire events that update state */
});
/* assert on the output */

This ensures that you&apos;re testing the behavior the user would see in the browser. Learn more at https://react.dev/link/wrap-tests-with-act
An update to CustomMarketplaceManager inside a test was not wrapped in act(...).

When testing, code that causes React state updates should be wrapped into act(...):

act(() =&gt; {
  /* fire events that update state */
});
/* assert on the output */

This ensures that you&apos;re testing the behavior the user would see in the browser. Learn more at https://react.dev/link/wrap-tests-with-act

            </system-err>
        </testcase>
        <testcase classname="src/renderer/features/settings/PluginListSettings.test.tsx" name="PluginListSettings &gt; permission approval UI &gt; shows pending-approval badge and approve/reject buttons" time="0.016030267">
            <system-err>
An update to CustomMarketplaceManager inside a test was not wrapped in act(...).

When testing, code that causes React state updates should be wrapped into act(...):

act(() =&gt; {
  /* fire events that update state */
});
/* assert on the output */

This ensures that you&apos;re testing the behavior the user would see in the browser. Learn more at https://react.dev/link/wrap-tests-with-act
An update to CustomMarketplaceManager inside a test was not wrapped in act(...).

When testing, code that causes React state updates should be wrapped into act(...):

act(() =&gt; {
  /* fire events that update state */
});
/* assert on the output */

This ensures that you&apos;re testing the behavior the user would see in the browser. Learn more at https://react.dev/link/wrap-tests-with-act

            </system-err>
        </testcase>
    </testsuite>
    <testsuite name="src/renderer/features/settings/PluginMarketplaceDialog.test.tsx" timestamp="2026-03-25T04:47:30.391Z" hostname="runnervm46oaq" tests="15" failures="0" errors="0" skipped="0" time="1.263959741">
        <testcase classname="src/renderer/features/settings/PluginMarketplaceDialog.test.tsx" name="PluginMarketplaceDialog &gt; renders loading state initially" time="0.069978591">
        </testcase>
        <testcase classname="src/renderer/features/settings/PluginMarketplaceDialog.test.tsx" name="PluginMarketplaceDialog &gt; renders plugin list after loading" time="0.057345378">
        </testcase>
        <testcase classname="src/renderer/features/settings/PluginMarketplaceDialog.test.tsx" name="PluginMarketplaceDialog &gt; renders error state on fetch failure" time="0.023209693">
        </testcase>
        <testcase classname="src/renderer/features/settings/PluginMarketplaceDialog.test.tsx" name="PluginMarketplaceDialog &gt; calls onClose when overlay is clicked" time="0.033433636">
        </testcase>
        <testcase classname="src/renderer/features/settings/PluginMarketplaceDialog.test.tsx" name="PluginMarketplaceDialog &gt; calls onClose when close button is clicked" time="0.024794261">
        </testcase>
        <testcase classname="src/renderer/features/settings/PluginMarketplaceDialog.test.tsx" name="PluginMarketplaceDialog &gt; does not close when dialog body is clicked" time="0.023576426">
        </testcase>
        <testcase classname="src/renderer/features/settings/PluginMarketplaceDialog.test.tsx" name="PluginMarketplaceDialog &gt; filters plugins by search term" time="0.041137713">
        </testcase>
        <testcase classname="src/renderer/features/settings/PluginMarketplaceDialog.test.tsx" name="PluginMarketplaceDialog &gt; filters by tag in search" time="0.03098025">
        </testcase>
        <testcase classname="src/renderer/features/settings/PluginMarketplaceDialog.test.tsx" name="PluginMarketplaceDialog &gt; filters by featured tab" time="0.033577277">
        </testcase>
        <testcase classname="src/renderer/features/settings/PluginMarketplaceDialog.test.tsx" name="PluginMarketplaceDialog &gt; filters by official tab" time="0.04095917">
        </testcase>
        <testcase classname="src/renderer/features/settings/PluginMarketplaceDialog.test.tsx" name="PluginMarketplaceDialog &gt; shows &quot;Installed&quot; badge for already installed plugins" time="0.459714526">
        </testcase>
        <testcase classname="src/renderer/features/settings/PluginMarketplaceDialog.test.tsx" name="PluginMarketplaceDialog &gt; shows registry version warning when version is higher than supported" time="0.015728658">
        </testcase>
        <testcase classname="src/renderer/features/settings/PluginMarketplaceDialog.test.tsx" name="PluginMarketplaceDialog &gt; shows empty state when search matches nothing" time="0.023961693">
        </testcase>
        <testcase classname="src/renderer/features/settings/PluginMarketplaceDialog.test.tsx" name="PluginMarketplaceDialog &gt; installs a plugin and registers it in the store" time="0.152187791">
        </testcase>
        <testcase classname="src/renderer/features/settings/PluginMarketplaceDialog.test.tsx" name="PluginMarketplaceDialog &gt; shows error when install fails" time="0.229136564">
        </testcase>
    </testsuite>
    <testsuite name="src/renderer/features/settings/PluginPermissions.test.tsx" timestamp="2026-03-25T04:47:30.394Z" hostname="runnervm46oaq" tests="20" failures="0" errors="0" skipped="0" time="0.398350716">
        <testcase classname="src/renderer/features/settings/PluginPermissions.test.tsx" name="PluginListSettings — PermissionInfoPopup &gt; renders (i) info icon for v0.5 plugin with permissions" time="0.06199983">
            <system-err>
An update to CustomMarketplaceManager inside a test was not wrapped in act(...).

When testing, code that causes React state updates should be wrapped into act(...):

act(() =&gt; {
  /* fire events that update state */
});
/* assert on the output */

This ensures that you&apos;re testing the behavior the user would see in the browser. Learn more at https://react.dev/link/wrap-tests-with-act
An update to CustomMarketplaceManager inside a test was not wrapped in act(...).

When testing, code that causes React state updates should be wrapped into act(...):

act(() =&gt; {
  /* fire events that update state */
});
/* assert on the output */

This ensures that you&apos;re testing the behavior the user would see in the browser. Learn more at https://react.dev/link/wrap-tests-with-act

            </system-err>
        </testcase>
        <testcase classname="src/renderer/features/settings/PluginPermissions.test.tsx" name="PluginListSettings — PermissionInfoPopup &gt; clicking (i) icon opens popup with permission list" time="0.059311502">
            <system-err>
An update to CustomMarketplaceManager inside a test was not wrapped in act(...).

When testing, code that causes React state updates should be wrapped into act(...):

act(() =&gt; {
  /* fire events that update state */
});
/* assert on the output */

This ensures that you&apos;re testing the behavior the user would see in the browser. Learn more at https://react.dev/link/wrap-tests-with-act
An update to CustomMarketplaceManager inside a test was not wrapped in act(...).

When testing, code that causes React state updates should be wrapped into act(...):

act(() =&gt; {
  /* fire events that update state */
});
/* assert on the output */

This ensures that you&apos;re testing the behavior the user would see in the browser. Learn more at https://react.dev/link/wrap-tests-with-act

            </system-err>
        </testcase>
        <testcase classname="src/renderer/features/settings/PluginPermissions.test.tsx" name="PluginListSettings — PermissionInfoPopup &gt; popup shows human-readable descriptions for each permission" time="0.032071718">
            <system-err>
An update to CustomMarketplaceManager inside a test was not wrapped in act(...).

When testing, code that causes React state updates should be wrapped into act(...):

act(() =&gt; {
  /* fire events that update state */
});
/* assert on the output */

This ensures that you&apos;re testing the behavior the user would see in the browser. Learn more at https://react.dev/link/wrap-tests-with-act
An update to CustomMarketplaceManager inside a test was not wrapped in act(...).

When testing, code that causes React state updates should be wrapped into act(...):

act(() =&gt; {
  /* fire events that update state */
});
/* assert on the output */

This ensures that you&apos;re testing the behavior the user would see in the browser. Learn more at https://react.dev/link/wrap-tests-with-act

            </system-err>
        </testcase>
        <testcase classname="src/renderer/features/settings/PluginPermissions.test.tsx" name="PluginListSettings — PermissionInfoPopup &gt; popup closes on outside click" time="0.022063071">
            <system-err>
An update to CustomMarketplaceManager inside a test was not wrapped in act(...).

When testing, code that causes React state updates should be wrapped into act(...):

act(() =&gt; {
  /* fire events that update state */
});
/* assert on the output */

This ensures that you&apos;re testing the behavior the user would see in the browser. Learn more at https://react.dev/link/wrap-tests-with-act
An update to CustomMarketplaceManager inside a test was not wrapped in act(...).

When testing, code that causes React state updates should be wrapped into act(...):

act(() =&gt; {
  /* fire events that update state */
});
/* assert on the output */

This ensures that you&apos;re testing the behavior the user would see in the browser. Learn more at https://react.dev/link/wrap-tests-with-act

            </system-err>
        </testcase>
        <testcase classname="src/renderer/features/settings/PluginPermissions.test.tsx" name="PluginListSettings — PermissionInfoPopup &gt; clicking (i) icon twice toggles popup" time="0.018827743">
            <system-err>
An update to CustomMarketplaceManager inside a test was not wrapped in act(...).

When testing, code that causes React state updates should be wrapped into act(...):

act(() =&gt; {
  /* fire events that update state */
});
/* assert on the output */

This ensures that you&apos;re testing the behavior the user would see in the browser. Learn more at https://react.dev/link/wrap-tests-with-act
An update to CustomMarketplaceManager inside a test was not wrapped in act(...).

When testing, code that causes React state updates should be wrapped into act(...):

act(() =&gt; {
  /* fire events that update state */
});
/* assert on the output */

This ensures that you&apos;re testing the behavior the user would see in the browser. Learn more at https://react.dev/link/wrap-tests-with-act

            </system-err>
        </testcase>
        <testcase classname="src/renderer/features/settings/PluginPermissions.test.tsx" name="PluginListSettings — PermissionInfoPopup &gt; shows API version badge for v0.5 plugin" time="0.014142407">
            <system-err>
An update to CustomMarketplaceManager inside a test was not wrapped in act(...).

When testing, code that causes React state updates should be wrapped into act(...):

act(() =&gt; {
  /* fire events that update state */
});
/* assert on the output */

This ensures that you&apos;re testing the behavior the user would see in the browser. Learn more at https://react.dev/link/wrap-tests-with-act
An update to CustomMarketplaceManager inside a test was not wrapped in act(...).

When testing, code that causes React state updates should be wrapped into act(...):

act(() =&gt; {
  /* fire events that update state */
});
/* assert on the output */

This ensures that you&apos;re testing the behavior the user would see in the browser. Learn more at https://react.dev/link/wrap-tests-with-act

            </system-err>
        </testcase>
        <testcase classname="src/renderer/features/settings/PluginPermissions.test.tsx" name="PluginListSettings — PermissionInfoPopup &gt; popup uses fixed positioning to escape overflow clipping" time="0.024917178">
            <system-err>
An update to CustomMarketplaceManager inside a test was not wrapped in act(...).

When testing, code that causes React state updates should be wrapped into act(...):

act(() =&gt; {
  /* fire events that update state */
});
/* assert on the output */

This ensures that you&apos;re testing the behavior the user would see in the browser. Learn more at https://react.dev/link/wrap-tests-with-act
An update to CustomMarketplaceManager inside a test was not wrapped in act(...).

When testing, code that causes React state updates should be wrapped into act(...):

act(() =&gt; {
  /* fire events that update state */
});
/* assert on the output */

This ensures that you&apos;re testing the behavior the user would see in the browser. Learn more at https://react.dev/link/wrap-tests-with-act

            </system-err>
        </testcase>
        <testcase classname="src/renderer/features/settings/PluginPermissions.test.tsx" name="PluginListSettings — PermissionInfoPopup &gt; shows app-scope cross-project note for app-scoped plugins with cross-project permissions" time="0.015269899">
            <system-err>
An update to CustomMarketplaceManager inside a test was not wrapped in act(...).

When testing, code that causes React state updates should be wrapped into act(...):

act(() =&gt; {
  /* fire events that update state */
});
/* assert on the output */

This ensures that you&apos;re testing the behavior the user would see in the browser. Learn more at https://react.dev/link/wrap-tests-with-act
An update to CustomMarketplaceManager inside a test was not wrapped in act(...).

When testing, code that causes React state updates should be wrapped into act(...):

act(() =&gt; {
  /* fire events that update state */
});
/* assert on the output */

This ensures that you&apos;re testing the behavior the user would see in the browser. Learn more at https://react.dev/link/wrap-tests-with-act

            </system-err>
        </testcase>
        <testcase classname="src/renderer/features/settings/PluginPermissions.test.tsx" name="PluginListSettings — PermissionInfoPopup &gt; does not show app-scope note for project-scoped plugins with cross-project permissions" time="0.016858614">
            <system-err>
An update to CustomMarketplaceManager inside a test was not wrapped in act(...).

When testing, code that causes React state updates should be wrapped into act(...):

act(() =&gt; {
  /* fire events that update state */
});
/* assert on the output */

This ensures that you&apos;re testing the behavior the user would see in the browser. Learn more at https://react.dev/link/wrap-tests-with-act
An update to CustomMarketplaceManager inside a test was not wrapped in act(...).

When testing, code that causes React state updates should be wrapped into act(...):

act(() =&gt; {
  /* fire events that update state */
});
/* assert on the output */

This ensures that you&apos;re testing the behavior the user would see in the browser. Learn more at https://react.dev/link/wrap-tests-with-act

            </system-err>
        </testcase>
        <testcase classname="src/renderer/features/settings/PluginPermissions.test.tsx" name="PluginListSettings — PermissionInfoPopup &gt; rewrites cross-project permission descriptions for app-scoped plugins" time="0.02347657">
            <system-err>
An update to CustomMarketplaceManager inside a test was not wrapped in act(...).

When testing, code that causes React state updates should be wrapped into act(...):

act(() =&gt; {
  /* fire events that update state */
});
/* assert on the output */

This ensures that you&apos;re testing the behavior the user would see in the browser. Learn more at https://react.dev/link/wrap-tests-with-act
An update to CustomMarketplaceManager inside a test was not wrapped in act(...).

When testing, code that causes React state updates should be wrapped into act(...):

act(() =&gt; {
  /* fire events that update state */
});
/* assert on the output */

This ensures that you&apos;re testing the behavior the user would see in the browser. Learn more at https://react.dev/link/wrap-tests-with-act

            </system-err>
        </testcase>
        <testcase classname="src/renderer/features/settings/PluginPermissions.test.tsx" name="PluginListSettings — PermissionInfoPopup &gt; flips popup above button when near viewport bottom" time="0.016750188">
            <system-err>
An update to CustomMarketplaceManager inside a test was not wrapped in act(...).

When testing, code that causes React state updates should be wrapped into act(...):

act(() =&gt; {
  /* fire events that update state */
});
/* assert on the output */

This ensures that you&apos;re testing the behavior the user would see in the browser. Learn more at https://react.dev/link/wrap-tests-with-act
An update to CustomMarketplaceManager inside a test was not wrapped in act(...).

When testing, code that causes React state updates should be wrapped into act(...):

act(() =&gt; {
  /* fire events that update state */
});
/* assert on the output */

This ensures that you&apos;re testing the behavior the user would see in the browser. Learn more at https://react.dev/link/wrap-tests-with-act

            </system-err>
        </testcase>
        <testcase classname="src/renderer/features/settings/PluginPermissions.test.tsx" name="PluginDetailSettings — permissions section &gt; renders permissions section for v0.5 plugin" time="0.011306662">
        </testcase>
        <testcase classname="src/renderer/features/settings/PluginPermissions.test.tsx" name="PluginDetailSettings — permissions section &gt; lists all declared permissions with descriptions" time="0.02194418">
        </testcase>
        <testcase classname="src/renderer/features/settings/PluginPermissions.test.tsx" name="PluginDetailSettings — permissions section &gt; renders external roots section when externalRoots declared" time="0.012437586">
        </testcase>
        <testcase classname="src/renderer/features/settings/PluginPermissions.test.tsx" name="PluginDetailSettings — permissions section &gt; shows settingKey for each external root" time="0.00932737">
        </testcase>
        <testcase classname="src/renderer/features/settings/PluginPermissions.test.tsx" name="PluginDetailSettings — permissions section &gt; does not show external roots when plugin has permissions but no externalRoots" time="0.005112129">
        </testcase>
        <testcase classname="src/renderer/features/settings/PluginPermissions.test.tsx" name="PluginDetailSettings — permissions section &gt; shows plugin name and version" time="0.007093976">
        </testcase>
        <testcase classname="src/renderer/features/settings/PluginPermissions.test.tsx" name="PluginDetailSettings — permissions section &gt; empty permissions array does not show permissions section" time="0.006250787">
        </testcase>
        <testcase classname="src/renderer/features/settings/PluginPermissions.test.tsx" name="PluginDetailSettings — permissions section &gt; renders allowedCommands section when declared" time="0.008247532">
        </testcase>
        <testcase classname="src/renderer/features/settings/PluginPermissions.test.tsx" name="PluginDetailSettings — permissions section &gt; does not render allowedCommands section when not declared" time="0.006151402">
        </testcase>
    </testsuite>
    <testsuite name="src/renderer/features/settings/ProfilesSettingsView.test.tsx" timestamp="2026-03-25T04:47:30.399Z" hostname="runnervm46oaq" tests="11" failures="0" errors="0" skipped="0" time="0.161093644">
        <testcase classname="src/renderer/features/settings/ProfilesSettingsView.test.tsx" name="ProfilesSettingsView &gt; renders without crash" time="0.056575099">
        </testcase>
        <testcase classname="src/renderer/features/settings/ProfilesSettingsView.test.tsx" name="ProfilesSettingsView &gt; calls loadProfiles and loadSettings on mount" time="0.00430106">
        </testcase>
        <testcase classname="src/renderer/features/settings/ProfilesSettingsView.test.tsx" name="ProfilesSettingsView &gt; shows empty state when no profiles" time="0.004134991">
        </testcase>
        <testcase classname="src/renderer/features/settings/ProfilesSettingsView.test.tsx" name="ProfilesSettingsView &gt; shows New Profile button" time="0.003555152">
        </testcase>
        <testcase classname="src/renderer/features/settings/ProfilesSettingsView.test.tsx" name="ProfilesSettingsView &gt; renders existing profiles" time="0.011313933">
        </testcase>
        <testcase classname="src/renderer/features/settings/ProfilesSettingsView.test.tsx" name="ProfilesSettingsView &gt; shows profile orchestrator names" time="0.004278207">
        </testcase>
        <testcase classname="src/renderer/features/settings/ProfilesSettingsView.test.tsx" name="ProfilesSettingsView &gt; shows &quot;No orchestrators&quot; for empty profile" time="0.004639068">
        </testcase>
        <testcase classname="src/renderer/features/settings/ProfilesSettingsView.test.tsx" name="ProfilesSettingsView &gt; opens delete confirmation dialog" time="0.019958982">
        </testcase>
        <testcase classname="src/renderer/features/settings/ProfilesSettingsView.test.tsx" name="ProfilesSettingsView &gt; cancels delete dialog" time="0.018918957">
        </testcase>
        <testcase classname="src/renderer/features/settings/ProfilesSettingsView.test.tsx" name="ProfilesSettingsView &gt; creates a new profile on button click" time="0.019180625">
        </testcase>
        <testcase classname="src/renderer/features/settings/ProfilesSettingsView.test.tsx" name="ProfilesSettingsView &gt; shows usage instructions" time="0.007237221">
        </testcase>
    </testsuite>
    <testsuite name="src/renderer/features/settings/ProjectAgentDefaultsSection.test.tsx" timestamp="2026-03-25T04:47:30.401Z" hostname="runnervm46oaq" tests="29" failures="0" errors="0" skipped="0" time="1.487881942">
        <testcase classname="src/renderer/features/settings/ProjectAgentDefaultsSection.test.tsx" name="ProjectAgentDefaultsSection &gt; always-visible state &gt; renders the Default Agent Settings header" time="0.097041915">
        </testcase>
        <testcase classname="src/renderer/features/settings/ProjectAgentDefaultsSection.test.tsx" name="ProjectAgentDefaultsSection &gt; always-visible state &gt; shows form fields without needing to expand" time="0.037848346">
        </testcase>
        <testcase classname="src/renderer/features/settings/ProjectAgentDefaultsSection.test.tsx" name="ProjectAgentDefaultsSection &gt; always-visible state &gt; shows Save button always" time="0.032193898">
        </testcase>
        <testcase classname="src/renderer/features/settings/ProjectAgentDefaultsSection.test.tsx" name="ProjectAgentDefaultsSection &gt; always-visible state &gt; shows Skills section" time="0.037543549">
        </testcase>
        <testcase classname="src/renderer/features/settings/ProjectAgentDefaultsSection.test.tsx" name="ProjectAgentDefaultsSection &gt; always-visible state &gt; shows Agent Definitions section" time="0.024256679">
        </testcase>
        <testcase classname="src/renderer/features/settings/ProjectAgentDefaultsSection.test.tsx" name="ProjectAgentDefaultsSection &gt; form fields &gt; loads and displays existing defaults" time="0.02305314">
        </testcase>
        <testcase classname="src/renderer/features/settings/ProjectAgentDefaultsSection.test.tsx" name="ProjectAgentDefaultsSection &gt; form fields &gt; Save Defaults is disabled when not dirty" time="0.024143733">
        </testcase>
        <testcase classname="src/renderer/features/settings/ProjectAgentDefaultsSection.test.tsx" name="ProjectAgentDefaultsSection &gt; editing and saving &gt; enables Save when instructions change" time="0.034087495">
        </testcase>
        <testcase classname="src/renderer/features/settings/ProjectAgentDefaultsSection.test.tsx" name="ProjectAgentDefaultsSection &gt; editing and saving &gt; saves all fields on Save click" time="0.041738674">
        </testcase>
        <testcase classname="src/renderer/features/settings/ProjectAgentDefaultsSection.test.tsx" name="ProjectAgentDefaultsSection &gt; free agent mode &gt; shows warning when free agent mode is enabled" time="0.286049684">
        </testcase>
        <testcase classname="src/renderer/features/settings/ProjectAgentDefaultsSection.test.tsx" name="ProjectAgentDefaultsSection &gt; clubhouse mode banner &gt; shows snapshot note when clubhouse mode is off" time="0.024115559">
        </testcase>
        <testcase classname="src/renderer/features/settings/ProjectAgentDefaultsSection.test.tsx" name="ProjectAgentDefaultsSection &gt; clubhouse mode banner &gt; shows clubhouse mode active banner when on" time="0.032130688">
        </testcase>
        <testcase classname="src/renderer/features/settings/ProjectAgentDefaultsSection.test.tsx" name="ProjectAgentDefaultsSection &gt; source control provider &gt; renders the source control provider dropdown" time="0.03494133">
        </testcase>
        <testcase classname="src/renderer/features/settings/ProjectAgentDefaultsSection.test.tsx" name="ProjectAgentDefaultsSection &gt; source control provider &gt; defaults to GitHub" time="0.032182532">
        </testcase>
        <testcase classname="src/renderer/features/settings/ProjectAgentDefaultsSection.test.tsx" name="ProjectAgentDefaultsSection &gt; source control provider &gt; loads azure-devops from saved defaults" time="0.020340705">
        </testcase>
        <testcase classname="src/renderer/features/settings/ProjectAgentDefaultsSection.test.tsx" name="ProjectAgentDefaultsSection &gt; source control provider &gt; marks dirty when provider changes" time="0.034195715">
        </testcase>
        <testcase classname="src/renderer/features/settings/ProjectAgentDefaultsSection.test.tsx" name="ProjectAgentDefaultsSection &gt; source control provider &gt; saves sourceControlProvider when non-default" time="0.068091449">
        </testcase>
        <testcase classname="src/renderer/features/settings/ProjectAgentDefaultsSection.test.tsx" name="ProjectAgentDefaultsSection &gt; source control provider &gt; omits sourceControlProvider when set to github (default)" time="0.045607105">
        </testcase>
        <testcase classname="src/renderer/features/settings/ProjectAgentDefaultsSection.test.tsx" name="ProjectAgentDefaultsSection &gt; command prefix &gt; renders the Command Prefix input" time="0.013843045">
        </testcase>
        <testcase classname="src/renderer/features/settings/ProjectAgentDefaultsSection.test.tsx" name="ProjectAgentDefaultsSection &gt; command prefix &gt; loads and displays existing command prefix" time="0.011649865">
        </testcase>
        <testcase classname="src/renderer/features/settings/ProjectAgentDefaultsSection.test.tsx" name="ProjectAgentDefaultsSection &gt; command prefix &gt; marks dirty when command prefix changes" time="0.022134971">
        </testcase>
        <testcase classname="src/renderer/features/settings/ProjectAgentDefaultsSection.test.tsx" name="ProjectAgentDefaultsSection &gt; command prefix &gt; saves commandPrefix when set" time="0.032435071">
        </testcase>
        <testcase classname="src/renderer/features/settings/ProjectAgentDefaultsSection.test.tsx" name="ProjectAgentDefaultsSection &gt; command prefix &gt; omits commandPrefix when empty" time="0.036840751">
        </testcase>
        <testcase classname="src/renderer/features/settings/ProjectAgentDefaultsSection.test.tsx" name="ProjectAgentDefaultsSection &gt; reset to defaults &gt; renders the Reset to Defaults button" time="0.010204095">
        </testcase>
        <testcase classname="src/renderer/features/settings/ProjectAgentDefaultsSection.test.tsx" name="ProjectAgentDefaultsSection &gt; reset to defaults &gt; shows confirmation dialog on click" time="0.025189855">
        </testcase>
        <testcase classname="src/renderer/features/settings/ProjectAgentDefaultsSection.test.tsx" name="ProjectAgentDefaultsSection &gt; reset to defaults &gt; cancels confirmation dialog" time="0.205261299">
        </testcase>
        <testcase classname="src/renderer/features/settings/ProjectAgentDefaultsSection.test.tsx" name="ProjectAgentDefaultsSection &gt; reset to defaults &gt; calls resetProjectAgentDefaults and reloads on confirm" time="0.167975846">
        </testcase>
        <testcase classname="src/renderer/features/settings/ProjectAgentDefaultsSection.test.tsx" name="ProjectAgentDefaultsSection &gt; loading states &gt; returns null before loading completes" time="0.006778842">
            <system-err>
An update to ProjectAgentDefaultsSection inside a test was not wrapped in act(...).

When testing, code that causes React state updates should be wrapped into act(...):

act(() =&gt; {
  /* fire events that update state */
});
/* assert on the output */

This ensures that you&apos;re testing the behavior the user would see in the browser. Learn more at https://react.dev/link/wrap-tests-with-act

            </system-err>
        </testcase>
        <testcase classname="src/renderer/features/settings/ProjectAgentDefaultsSection.test.tsx" name="ProjectAgentDefaultsSection &gt; loading states &gt; renders after load error" time="0.020564621">
        </testcase>
    </testsuite>
    <testsuite name="src/renderer/features/settings/ProjectSettings.test.tsx" timestamp="2026-03-25T04:47:30.406Z" hostname="runnervm46oaq" tests="31" failures="0" errors="0" skipped="0" time="0.498843942">
        <testcase classname="src/renderer/features/settings/ProjectSettings.test.tsx" name="ProjectSettings &gt; no project selected &gt; shows fallback message when no project found" time="0.054524701">
        </testcase>
        <testcase classname="src/renderer/features/settings/ProjectSettings.test.tsx" name="ProjectSettings &gt; no project selected &gt; shows fallback when projectId does not match" time="0.00438683">
        </testcase>
        <testcase classname="src/renderer/features/settings/ProjectSettings.test.tsx" name="ProjectSettings &gt; no project selected &gt; does not crash when project is removed mid-lifecycle (hooks ordering)" time="0.05839016">
            <system-err>
An update to NameAndPathSection inside a test was not wrapped in act(...).

When testing, code that causes React state updates should be wrapped into act(...):

act(() =&gt; {
  /* fire events that update state */
});
/* assert on the output */

This ensures that you&apos;re testing the behavior the user would see in the browser. Learn more at https://react.dev/link/wrap-tests-with-act
An update to AppearanceSection inside a test was not wrapped in act(...).

When testing, code that causes React state updates should be wrapped into act(...):

act(() =&gt; {
  /* fire events that update state */
});
/* assert on the output */

This ensures that you&apos;re testing the behavior the user would see in the browser. Learn more at https://react.dev/link/wrap-tests-with-act
An update to ProjectSettings inside a test was not wrapped in act(...).

When testing, code that causes React state updates should be wrapped into act(...):

act(() =&gt; {
  /* fire events that update state */
});
/* assert on the output */

This ensures that you&apos;re testing the behavior the user would see in the browser. Learn more at https://react.dev/link/wrap-tests-with-act

            </system-err>
        </testcase>
        <testcase classname="src/renderer/features/settings/ProjectSettings.test.tsx" name="ProjectSettings &gt; rendering &gt; renders Project Settings heading" time="0.009219088">
            <system-err>
An update to LaunchWrapperSection inside a test was not wrapped in act(...).

When testing, code that causes React state updates should be wrapped into act(...):

act(() =&gt; {
  /* fire events that update state */
});
/* assert on the output */

This ensures that you&apos;re testing the behavior the user would see in the browser. Learn more at https://react.dev/link/wrap-tests-with-act
An update to LaunchWrapperSection inside a test was not wrapped in act(...).

When testing, code that causes React state updates should be wrapped into act(...):

act(() =&gt; {
  /* fire events that update state */
});
/* assert on the output */

This ensures that you&apos;re testing the behavior the user would see in the browser. Learn more at https://react.dev/link/wrap-tests-with-act
An update to LaunchWrapperSection inside a test was not wrapped in act(...).

When testing, code that causes React state updates should be wrapped into act(...):

act(() =&gt; {
  /* fire events that update state */
});
/* assert on the output */

This ensures that you&apos;re testing the behavior the user would see in the browser. Learn more at https://react.dev/link/wrap-tests-with-act

            </system-err>
        </testcase>
        <testcase classname="src/renderer/features/settings/ProjectSettings.test.tsx" name="ProjectSettings &gt; rendering &gt; renders the project path" time="0.009792097">
            <system-err>
An update to LaunchWrapperSection inside a test was not wrapped in act(...).

When testing, code that causes React state updates should be wrapped into act(...):

act(() =&gt; {
  /* fire events that update state */
});
/* assert on the output */

This ensures that you&apos;re testing the behavior the user would see in the browser. Learn more at https://react.dev/link/wrap-tests-with-act
An update to LaunchWrapperSection inside a test was not wrapped in act(...).

When testing, code that causes React state updates should be wrapped into act(...):

act(() =&gt; {
  /* fire events that update state */
});
/* assert on the output */

This ensures that you&apos;re testing the behavior the user would see in the browser. Learn more at https://react.dev/link/wrap-tests-with-act
An update to LaunchWrapperSection inside a test was not wrapped in act(...).

When testing, code that causes React state updates should be wrapped into act(...):

act(() =&gt; {
  /* fire events that update state */
});
/* assert on the output */

This ensures that you&apos;re testing the behavior the user would see in the browser. Learn more at https://react.dev/link/wrap-tests-with-act

            </system-err>
        </testcase>
        <testcase classname="src/renderer/features/settings/ProjectSettings.test.tsx" name="ProjectSettings &gt; rendering &gt; renders color picker with all colors" time="0.013745798">
            <system-err>
An update to LaunchWrapperSection inside a test was not wrapped in act(...).

When testing, code that causes React state updates should be wrapped into act(...):

act(() =&gt; {
  /* fire events that update state */
});
/* assert on the output */

This ensures that you&apos;re testing the behavior the user would see in the browser. Learn more at https://react.dev/link/wrap-tests-with-act
An update to LaunchWrapperSection inside a test was not wrapped in act(...).

When testing, code that causes React state updates should be wrapped into act(...):

act(() =&gt; {
  /* fire events that update state */
});
/* assert on the output */

This ensures that you&apos;re testing the behavior the user would see in the browser. Learn more at https://react.dev/link/wrap-tests-with-act
An update to LaunchWrapperSection inside a test was not wrapped in act(...).

When testing, code that causes React state updates should be wrapped into act(...):

act(() =&gt; {
  /* fire events that update state */
});
/* assert on the output */

This ensures that you&apos;re testing the behavior the user would see in the browser. Learn more at https://react.dev/link/wrap-tests-with-act

            </system-err>
        </testcase>
        <testcase classname="src/renderer/features/settings/ProjectSettings.test.tsx" name="ProjectSettings &gt; rendering &gt; uses activeProjectId when projectId prop is not provided" time="0.012835424">
            <system-err>
An update to LaunchWrapperSection inside a test was not wrapped in act(...).

When testing, code that causes React state updates should be wrapped into act(...):

act(() =&gt; {
  /* fire events that update state */
});
/* assert on the output */

This ensures that you&apos;re testing the behavior the user would see in the browser. Learn more at https://react.dev/link/wrap-tests-with-act
An update to LaunchWrapperSection inside a test was not wrapped in act(...).

When testing, code that causes React state updates should be wrapped into act(...):

act(() =&gt; {
  /* fire events that update state */
});
/* assert on the output */

This ensures that you&apos;re testing the behavior the user would see in the browser. Learn more at https://react.dev/link/wrap-tests-with-act
An update to LaunchWrapperSection inside a test was not wrapped in act(...).

When testing, code that causes React state updates should be wrapped into act(...):

act(() =&gt; {
  /* fire events that update state */
});
/* assert on the output */

This ensures that you&apos;re testing the behavior the user would see in the browser. Learn more at https://react.dev/link/wrap-tests-with-act

            </system-err>
        </testcase>
        <testcase classname="src/renderer/features/settings/ProjectSettings.test.tsx" name="ProjectSettings &gt; rendering &gt; uses provided projectId over activeProjectId" time="0.009985765">
            <system-err>
An update to LaunchWrapperSection inside a test was not wrapped in act(...).

When testing, code that causes React state updates should be wrapped into act(...):

act(() =&gt; {
  /* fire events that update state */
});
/* assert on the output */

This ensures that you&apos;re testing the behavior the user would see in the browser. Learn more at https://react.dev/link/wrap-tests-with-act
An update to LaunchWrapperSection inside a test was not wrapped in act(...).

When testing, code that causes React state updates should be wrapped into act(...):

act(() =&gt; {
  /* fire events that update state */
});
/* assert on the output */

This ensures that you&apos;re testing the behavior the user would see in the browser. Learn more at https://react.dev/link/wrap-tests-with-act
An update to LaunchWrapperSection inside a test was not wrapped in act(...).

When testing, code that causes React state updates should be wrapped into act(...):

act(() =&gt; {
  /* fire events that update state */
});
/* assert on the output */

This ensures that you&apos;re testing the behavior the user would see in the browser. Learn more at https://react.dev/link/wrap-tests-with-act

            </system-err>
        </testcase>
        <testcase classname="src/renderer/features/settings/ProjectSettings.test.tsx" name="ProjectSettings &gt; name editing &gt; renders name input with current name" time="0.016426701">
            <system-err>
An update to LaunchWrapperSection inside a test was not wrapped in act(...).

When testing, code that causes React state updates should be wrapped into act(...):

act(() =&gt; {
  /* fire events that update state */
});
/* assert on the output */

This ensures that you&apos;re testing the behavior the user would see in the browser. Learn more at https://react.dev/link/wrap-tests-with-act
An update to LaunchWrapperSection inside a test was not wrapped in act(...).

When testing, code that causes React state updates should be wrapped into act(...):

act(() =&gt; {
  /* fire events that update state */
});
/* assert on the output */

This ensures that you&apos;re testing the behavior the user would see in the browser. Learn more at https://react.dev/link/wrap-tests-with-act
An update to LaunchWrapperSection inside a test was not wrapped in act(...).

When testing, code that causes React state updates should be wrapped into act(...):

act(() =&gt; {
  /* fire events that update state */
});
/* assert on the output */

This ensures that you&apos;re testing the behavior the user would see in the browser. Learn more at https://react.dev/link/wrap-tests-with-act

            </system-err>
        </testcase>
        <testcase classname="src/renderer/features/settings/ProjectSettings.test.tsx" name="ProjectSettings &gt; name editing &gt; shows Save button when name is changed" time="0.011464445">
            <system-err>
An update to LaunchWrapperSection inside a test was not wrapped in act(...).

When testing, code that causes React state updates should be wrapped into act(...):

act(() =&gt; {
  /* fire events that update state */
});
/* assert on the output */

This ensures that you&apos;re testing the behavior the user would see in the browser. Learn more at https://react.dev/link/wrap-tests-with-act
An update to LaunchWrapperSection inside a test was not wrapped in act(...).

When testing, code that causes React state updates should be wrapped into act(...):

act(() =&gt; {
  /* fire events that update state */
});
/* assert on the output */

This ensures that you&apos;re testing the behavior the user would see in the browser. Learn more at https://react.dev/link/wrap-tests-with-act
An update to LaunchWrapperSection inside a test was not wrapped in act(...).

When testing, code that causes React state updates should be wrapped into act(...):

act(() =&gt; {
  /* fire events that update state */
});
/* assert on the output */

This ensures that you&apos;re testing the behavior the user would see in the browser. Learn more at https://react.dev/link/wrap-tests-with-act

            </system-err>
        </testcase>
        <testcase classname="src/renderer/features/settings/ProjectSettings.test.tsx" name="ProjectSettings &gt; name editing &gt; does not show Save button when name matches" time="0.006959786">
            <system-err>
An update to LaunchWrapperSection inside a test was not wrapped in act(...).

When testing, code that causes React state updates should be wrapped into act(...):

act(() =&gt; {
  /* fire events that update state */
});
/* assert on the output */

This ensures that you&apos;re testing the behavior the user would see in the browser. Learn more at https://react.dev/link/wrap-tests-with-act
An update to LaunchWrapperSection inside a test was not wrapped in act(...).

When testing, code that causes React state updates should be wrapped into act(...):

act(() =&gt; {
  /* fire events that update state */
});
/* assert on the output */

This ensures that you&apos;re testing the behavior the user would see in the browser. Learn more at https://react.dev/link/wrap-tests-with-act
An update to LaunchWrapperSection inside a test was not wrapped in act(...).

When testing, code that causes React state updates should be wrapped into act(...):

act(() =&gt; {
  /* fire events that update state */
});
/* assert on the output */

This ensures that you&apos;re testing the behavior the user would see in the browser. Learn more at https://react.dev/link/wrap-tests-with-act

            </system-err>
        </testcase>
        <testcase classname="src/renderer/features/settings/ProjectSettings.test.tsx" name="ProjectSettings &gt; name editing &gt; calls updateProject when Save is clicked" time="0.011787325">
            <system-err>
An update to LaunchWrapperSection inside a test was not wrapped in act(...).

When testing, code that causes React state updates should be wrapped into act(...):

act(() =&gt; {
  /* fire events that update state */
});
/* assert on the output */

This ensures that you&apos;re testing the behavior the user would see in the browser. Learn more at https://react.dev/link/wrap-tests-with-act
An update to LaunchWrapperSection inside a test was not wrapped in act(...).

When testing, code that causes React state updates should be wrapped into act(...):

act(() =&gt; {
  /* fire events that update state */
});
/* assert on the output */

This ensures that you&apos;re testing the behavior the user would see in the browser. Learn more at https://react.dev/link/wrap-tests-with-act
An update to LaunchWrapperSection inside a test was not wrapped in act(...).

When testing, code that causes React state updates should be wrapped into act(...):

act(() =&gt; {
  /* fire events that update state */
});
/* assert on the output */

This ensures that you&apos;re testing the behavior the user would see in the browser. Learn more at https://react.dev/link/wrap-tests-with-act

            </system-err>
        </testcase>
        <testcase classname="src/renderer/features/settings/ProjectSettings.test.tsx" name="ProjectSettings &gt; name editing &gt; clears displayName when name matches original" time="0.011329364">
            <system-err>
An update to LaunchWrapperSection inside a test was not wrapped in act(...).

When testing, code that causes React state updates should be wrapped into act(...):

act(() =&gt; {
  /* fire events that update state */
});
/* assert on the output */

This ensures that you&apos;re testing the behavior the user would see in the browser. Learn more at https://react.dev/link/wrap-tests-with-act
An update to LaunchWrapperSection inside a test was not wrapped in act(...).

When testing, code that causes React state updates should be wrapped into act(...):

act(() =&gt; {
  /* fire events that update state */
});
/* assert on the output */

This ensures that you&apos;re testing the behavior the user would see in the browser. Learn more at https://react.dev/link/wrap-tests-with-act
An update to LaunchWrapperSection inside a test was not wrapped in act(...).

When testing, code that causes React state updates should be wrapped into act(...):

act(() =&gt; {
  /* fire events that update state */
});
/* assert on the output */

This ensures that you&apos;re testing the behavior the user would see in the browser. Learn more at https://react.dev/link/wrap-tests-with-act

            </system-err>
        </testcase>
        <testcase classname="src/renderer/features/settings/ProjectSettings.test.tsx" name="ProjectSettings &gt; name editing &gt; saves on Enter key" time="0.013882973">
            <system-err>
An update to LaunchWrapperSection inside a test was not wrapped in act(...).

When testing, code that causes React state updates should be wrapped into act(...):

act(() =&gt; {
  /* fire events that update state */
});
/* assert on the output */

This ensures that you&apos;re testing the behavior the user would see in the browser. Learn more at https://react.dev/link/wrap-tests-with-act
An update to LaunchWrapperSection inside a test was not wrapped in act(...).

When testing, code that causes React state updates should be wrapped into act(...):

act(() =&gt; {
  /* fire events that update state */
});
/* assert on the output */

This ensures that you&apos;re testing the behavior the user would see in the browser. Learn more at https://react.dev/link/wrap-tests-with-act
An update to LaunchWrapperSection inside a test was not wrapped in act(...).

When testing, code that causes React state updates should be wrapped into act(...):

act(() =&gt; {
  /* fire events that update state */
});
/* assert on the output */

This ensures that you&apos;re testing the behavior the user would see in the browser. Learn more at https://react.dev/link/wrap-tests-with-act

            </system-err>
        </testcase>
        <testcase classname="src/renderer/features/settings/ProjectSettings.test.tsx" name="ProjectSettings &gt; name editing &gt; clears displayName for blank input" time="0.009102475">
            <system-err>
An update to LaunchWrapperSection inside a test was not wrapped in act(...).

When testing, code that causes React state updates should be wrapped into act(...):

act(() =&gt; {
  /* fire events that update state */
});
/* assert on the output */

This ensures that you&apos;re testing the behavior the user would see in the browser. Learn more at https://react.dev/link/wrap-tests-with-act
An update to LaunchWrapperSection inside a test was not wrapped in act(...).

When testing, code that causes React state updates should be wrapped into act(...):

act(() =&gt; {
  /* fire events that update state */
});
/* assert on the output */

This ensures that you&apos;re testing the behavior the user would see in the browser. Learn more at https://react.dev/link/wrap-tests-with-act
An update to LaunchWrapperSection inside a test was not wrapped in act(...).

When testing, code that causes React state updates should be wrapped into act(...):

act(() =&gt; {
  /* fire events that update state */
});
/* assert on the output */

This ensures that you&apos;re testing the behavior the user would see in the browser. Learn more at https://react.dev/link/wrap-tests-with-act

            </system-err>
        </testcase>
        <testcase classname="src/renderer/features/settings/ProjectSettings.test.tsx" name="ProjectSettings &gt; color picker &gt; clicking a color calls updateProject" time="0.008099655">
            <system-err>
An update to LaunchWrapperSection inside a test was not wrapped in act(...).

When testing, code that causes React state updates should be wrapped into act(...):

act(() =&gt; {
  /* fire events that update state */
});
/* assert on the output */

This ensures that you&apos;re testing the behavior the user would see in the browser. Learn more at https://react.dev/link/wrap-tests-with-act
An update to LaunchWrapperSection inside a test was not wrapped in act(...).

When testing, code that causes React state updates should be wrapped into act(...):

act(() =&gt; {
  /* fire events that update state */
});
/* assert on the output */

This ensures that you&apos;re testing the behavior the user would see in the browser. Learn more at https://react.dev/link/wrap-tests-with-act
An update to LaunchWrapperSection inside a test was not wrapped in act(...).

When testing, code that causes React state updates should be wrapped into act(...):

act(() =&gt; {
  /* fire events that update state */
});
/* assert on the output */

This ensures that you&apos;re testing the behavior the user would see in the browser. Learn more at https://react.dev/link/wrap-tests-with-act

            </system-err>
        </testcase>
        <testcase classname="src/renderer/features/settings/ProjectSettings.test.tsx" name="ProjectSettings &gt; color picker &gt; shows check mark on selected color" time="0.015111914">
            <system-err>
An update to LaunchWrapperSection inside a test was not wrapped in act(...).

When testing, code that causes React state updates should be wrapped into act(...):

act(() =&gt; {
  /* fire events that update state */
});
/* assert on the output */

This ensures that you&apos;re testing the behavior the user would see in the browser. Learn more at https://react.dev/link/wrap-tests-with-act
An update to LaunchWrapperSection inside a test was not wrapped in act(...).

When testing, code that causes React state updates should be wrapped into act(...):

act(() =&gt; {
  /* fire events that update state */
});
/* assert on the output */

This ensures that you&apos;re testing the behavior the user would see in the browser. Learn more at https://react.dev/link/wrap-tests-with-act
An update to LaunchWrapperSection inside a test was not wrapped in act(...).

When testing, code that causes React state updates should be wrapped into act(...):

act(() =&gt; {
  /* fire events that update state */
});
/* assert on the output */

This ensures that you&apos;re testing the behavior the user would see in the browser. Learn more at https://react.dev/link/wrap-tests-with-act

            </system-err>
        </testcase>
        <testcase classname="src/renderer/features/settings/ProjectSettings.test.tsx" name="ProjectSettings &gt; color picker &gt; defaults to indigo when no color is set" time="0.008443175">
            <system-err>
An update to LaunchWrapperSection inside a test was not wrapped in act(...).

When testing, code that causes React state updates should be wrapped into act(...):

act(() =&gt; {
  /* fire events that update state */
});
/* assert on the output */

This ensures that you&apos;re testing the behavior the user would see in the browser. Learn more at https://react.dev/link/wrap-tests-with-act
An update to LaunchWrapperSection inside a test was not wrapped in act(...).

When testing, code that causes React state updates should be wrapped into act(...):

act(() =&gt; {
  /* fire events that update state */
});
/* assert on the output */

This ensures that you&apos;re testing the behavior the user would see in the browser. Learn more at https://react.dev/link/wrap-tests-with-act
An update to LaunchWrapperSection inside a test was not wrapped in act(...).

When testing, code that causes React state updates should be wrapped into act(...):

act(() =&gt; {
  /* fire events that update state */
});
/* assert on the output */

This ensures that you&apos;re testing the behavior the user would see in the browser. Learn more at https://react.dev/link/wrap-tests-with-act

            </system-err>
        </testcase>
        <testcase classname="src/renderer/features/settings/ProjectSettings.test.tsx" name="ProjectSettings &gt; icon management &gt; renders Choose Image button" time="0.016185877">
            <system-err>
An update to LaunchWrapperSection inside a test was not wrapped in act(...).

When testing, code that causes React state updates should be wrapped into act(...):

act(() =&gt; {
  /* fire events that update state */
});
/* assert on the output */

This ensures that you&apos;re testing the behavior the user would see in the browser. Learn more at https://react.dev/link/wrap-tests-with-act
An update to LaunchWrapperSection inside a test was not wrapped in act(...).

When testing, code that causes React state updates should be wrapped into act(...):

act(() =&gt; {
  /* fire events that update state */
});
/* assert on the output */

This ensures that you&apos;re testing the behavior the user would see in the browser. Learn more at https://react.dev/link/wrap-tests-with-act
An update to LaunchWrapperSection inside a test was not wrapped in act(...).

When testing, code that causes React state updates should be wrapped into act(...):

act(() =&gt; {
  /* fire events that update state */
});
/* assert on the output */

This ensures that you&apos;re testing the behavior the user would see in the browser. Learn more at https://react.dev/link/wrap-tests-with-act

            </system-err>
        </testcase>
        <testcase classname="src/renderer/features/settings/ProjectSettings.test.tsx" name="ProjectSettings &gt; icon management &gt; opens image crop dialog when image is picked" time="0.03541713">
        </testcase>
        <testcase classname="src/renderer/features/settings/ProjectSettings.test.tsx" name="ProjectSettings &gt; icon management &gt; does not open crop dialog when no image selected" time="0.032314226">
        </testcase>
        <testcase classname="src/renderer/features/settings/ProjectSettings.test.tsx" name="ProjectSettings &gt; icon management &gt; saves cropped icon on confirm" time="0.028568389">
        </testcase>
        <testcase classname="src/renderer/features/settings/ProjectSettings.test.tsx" name="ProjectSettings &gt; icon management &gt; shows Remove button when icon exists" time="0.009754424">
            <system-err>
An update to LaunchWrapperSection inside a test was not wrapped in act(...).

When testing, code that causes React state updates should be wrapped into act(...):

act(() =&gt; {
  /* fire events that update state */
});
/* assert on the output */

This ensures that you&apos;re testing the behavior the user would see in the browser. Learn more at https://react.dev/link/wrap-tests-with-act
An update to LaunchWrapperSection inside a test was not wrapped in act(...).

When testing, code that causes React state updates should be wrapped into act(...):

act(() =&gt; {
  /* fire events that update state */
});
/* assert on the output */

This ensures that you&apos;re testing the behavior the user would see in the browser. Learn more at https://react.dev/link/wrap-tests-with-act
An update to LaunchWrapperSection inside a test was not wrapped in act(...).

When testing, code that causes React state updates should be wrapped into act(...):

act(() =&gt; {
  /* fire events that update state */
});
/* assert on the output */

This ensures that you&apos;re testing the behavior the user would see in the browser. Learn more at https://react.dev/link/wrap-tests-with-act

            </system-err>
        </testcase>
        <testcase classname="src/renderer/features/settings/ProjectSettings.test.tsx" name="ProjectSettings &gt; icon management &gt; clicking Remove clears the icon" time="0.005974681">
            <system-err>
An update to LaunchWrapperSection inside a test was not wrapped in act(...).

When testing, code that causes React state updates should be wrapped into act(...):

act(() =&gt; {
  /* fire events that update state */
});
/* assert on the output */

This ensures that you&apos;re testing the behavior the user would see in the browser. Learn more at https://react.dev/link/wrap-tests-with-act
An update to LaunchWrapperSection inside a test was not wrapped in act(...).

When testing, code that causes React state updates should be wrapped into act(...):

act(() =&gt; {
  /* fire events that update state */
});
/* assert on the output */

This ensures that you&apos;re testing the behavior the user would see in the browser. Learn more at https://react.dev/link/wrap-tests-with-act
An update to LaunchWrapperSection inside a test was not wrapped in act(...).

When testing, code that causes React state updates should be wrapped into act(...):

act(() =&gt; {
  /* fire events that update state */
});
/* assert on the output */

This ensures that you&apos;re testing the behavior the user would see in the browser. Learn more at https://react.dev/link/wrap-tests-with-act

            </system-err>
        </testcase>
        <testcase classname="src/renderer/features/settings/ProjectSettings.test.tsx" name="ProjectSettings &gt; icon management &gt; shows initial letter when no icon exists" time="0.006244365">
            <system-err>
An update to LaunchWrapperSection inside a test was not wrapped in act(...).

When testing, code that causes React state updates should be wrapped into act(...):

act(() =&gt; {
  /* fire events that update state */
});
/* assert on the output */

This ensures that you&apos;re testing the behavior the user would see in the browser. Learn more at https://react.dev/link/wrap-tests-with-act
An update to LaunchWrapperSection inside a test was not wrapped in act(...).

When testing, code that causes React state updates should be wrapped into act(...):

act(() =&gt; {
  /* fire events that update state */
});
/* assert on the output */

This ensures that you&apos;re testing the behavior the user would see in the browser. Learn more at https://react.dev/link/wrap-tests-with-act
An update to LaunchWrapperSection inside a test was not wrapped in act(...).

When testing, code that causes React state updates should be wrapped into act(...):

act(() =&gt; {
  /* fire events that update state */
});
/* assert on the output */

This ensures that you&apos;re testing the behavior the user would see in the browser. Learn more at https://react.dev/link/wrap-tests-with-act

            </system-err>
        </testcase>
        <testcase classname="src/renderer/features/settings/ProjectSettings.test.tsx" name="ProjectSettings &gt; danger zone &gt; renders Close Project and Reset Project buttons" time="0.005539895">
            <system-err>
An update to LaunchWrapperSection inside a test was not wrapped in act(...).

When testing, code that causes React state updates should be wrapped into act(...):

act(() =&gt; {
  /* fire events that update state */
});
/* assert on the output */

This ensures that you&apos;re testing the behavior the user would see in the browser. Learn more at https://react.dev/link/wrap-tests-with-act
An update to LaunchWrapperSection inside a test was not wrapped in act(...).

When testing, code that causes React state updates should be wrapped into act(...):

act(() =&gt; {
  /* fire events that update state */
});
/* assert on the output */

This ensures that you&apos;re testing the behavior the user would see in the browser. Learn more at https://react.dev/link/wrap-tests-with-act
An update to LaunchWrapperSection inside a test was not wrapped in act(...).

When testing, code that causes React state updates should be wrapped into act(...):

act(() =&gt; {
  /* fire events that update state */
});
/* assert on the output */

This ensures that you&apos;re testing the behavior the user would see in the browser. Learn more at https://react.dev/link/wrap-tests-with-act

            </system-err>
        </testcase>
        <testcase classname="src/renderer/features/settings/ProjectSettings.test.tsx" name="ProjectSettings &gt; danger zone &gt; clicking Close Project removes project and closes settings" time="0.008319763">
            <system-err>
An update to LaunchWrapperSection inside a test was not wrapped in act(...).

When testing, code that causes React state updates should be wrapped into act(...):

act(() =&gt; {
  /* fire events that update state */
});
/* assert on the output */

This ensures that you&apos;re testing the behavior the user would see in the browser. Learn more at https://react.dev/link/wrap-tests-with-act
An update to LaunchWrapperSection inside a test was not wrapped in act(...).

When testing, code that causes React state updates should be wrapped into act(...):

act(() =&gt; {
  /* fire events that update state */
});
/* assert on the output */

This ensures that you&apos;re testing the behavior the user would see in the browser. Learn more at https://react.dev/link/wrap-tests-with-act
An update to LaunchWrapperSection inside a test was not wrapped in act(...).

When testing, code that causes React state updates should be wrapped into act(...):

act(() =&gt; {
  /* fire events that update state */
});
/* assert on the output */

This ensures that you&apos;re testing the behavior the user would see in the browser. Learn more at https://react.dev/link/wrap-tests-with-act

            </system-err>
        </testcase>
        <testcase classname="src/renderer/features/settings/ProjectSettings.test.tsx" name="ProjectSettings &gt; danger zone &gt; clicking Reset Project shows confirmation dialog" time="0.020250048">
            <system-err>
An update to LaunchWrapperSection inside a test was not wrapped in act(...).

When testing, code that causes React state updates should be wrapped into act(...):

act(() =&gt; {
  /* fire events that update state */
});
/* assert on the output */

This ensures that you&apos;re testing the behavior the user would see in the browser. Learn more at https://react.dev/link/wrap-tests-with-act
An update to LaunchWrapperSection inside a test was not wrapped in act(...).

When testing, code that causes React state updates should be wrapped into act(...):

act(() =&gt; {
  /* fire events that update state */
});
/* assert on the output */

This ensures that you&apos;re testing the behavior the user would see in the browser. Learn more at https://react.dev/link/wrap-tests-with-act
An update to LaunchWrapperSection inside a test was not wrapped in act(...).

When testing, code that causes React state updates should be wrapped into act(...):

act(() =&gt; {
  /* fire events that update state */
});
/* assert on the output */

This ensures that you&apos;re testing the behavior the user would see in the browser. Learn more at https://react.dev/link/wrap-tests-with-act

            </system-err>
        </testcase>
        <testcase classname="src/renderer/features/settings/ProjectSettings.test.tsx" name="ProjectSettings &gt; danger zone &gt; confirming reset calls resetProject API" time="0.014439829">
        </testcase>
        <testcase classname="src/renderer/features/settings/ProjectSettings.test.tsx" name="ProjectSettings &gt; danger zone &gt; canceling reset closes dialog" time="0.015865752">
            <system-err>
An update to LaunchWrapperSection inside a test was not wrapped in act(...).

When testing, code that causes React state updates should be wrapped into act(...):

act(() =&gt; {
  /* fire events that update state */
});
/* assert on the output */

This ensures that you&apos;re testing the behavior the user would see in the browser. Learn more at https://react.dev/link/wrap-tests-with-act
An update to LaunchWrapperSection inside a test was not wrapped in act(...).

When testing, code that causes React state updates should be wrapped into act(...):

act(() =&gt; {
  /* fire events that update state */
});
/* assert on the output */

This ensures that you&apos;re testing the behavior the user would see in the browser. Learn more at https://react.dev/link/wrap-tests-with-act
An update to LaunchWrapperSection inside a test was not wrapped in act(...).

When testing, code that causes React state updates should be wrapped into act(...):

act(() =&gt; {
  /* fire events that update state */
});
/* assert on the output */

This ensures that you&apos;re testing the behavior the user would see in the browser. Learn more at https://react.dev/link/wrap-tests-with-act

            </system-err>
        </testcase>
        <testcase classname="src/renderer/features/settings/ProjectSettings.test.tsx" name="ProjectSettings &gt; danger zone &gt; shows danger zone description" time="0.008366823">
            <system-err>
An update to LaunchWrapperSection inside a test was not wrapped in act(...).

When testing, code that causes React state updates should be wrapped into act(...):

act(() =&gt; {
  /* fire events that update state */
});
/* assert on the output */

This ensures that you&apos;re testing the behavior the user would see in the browser. Learn more at https://react.dev/link/wrap-tests-with-act
An update to LaunchWrapperSection inside a test was not wrapped in act(...).

When testing, code that causes React state updates should be wrapped into act(...):

act(() =&gt; {
  /* fire events that update state */
});
/* assert on the output */

This ensures that you&apos;re testing the behavior the user would see in the browser. Learn more at https://react.dev/link/wrap-tests-with-act
An update to LaunchWrapperSection inside a test was not wrapped in act(...).

When testing, code that causes React state updates should be wrapped into act(...):

act(() =&gt; {
  /* fire events that update state */
});
/* assert on the output */

This ensures that you&apos;re testing the behavior the user would see in the browser. Learn more at https://react.dev/link/wrap-tests-with-act

            </system-err>
        </testcase>
    </testsuite>
    <testsuite name="src/renderer/features/settings/ResetProjectDialog.test.tsx" timestamp="2026-03-25T04:47:30.416Z" hostname="runnervm46oaq" tests="10" failures="0" errors="0" skipped="0" time="0.197994286">
        <testcase classname="src/renderer/features/settings/ResetProjectDialog.test.tsx" name="ResetProjectDialog &gt; renders without crash" time="0.05682128">
            <system-err>
An update to ResetProjectDialog inside a test was not wrapped in act(...).

When testing, code that causes React state updates should be wrapped into act(...):

act(() =&gt; {
  /* fire events that update state */
});
/* assert on the output */

This ensures that you&apos;re testing the behavior the user would see in the browser. Learn more at https://react.dev/link/wrap-tests-with-act
An update to ResetProjectDialog inside a test was not wrapped in act(...).

When testing, code that causes React state updates should be wrapped into act(...):

act(() =&gt; {
  /* fire events that update state */
});
/* assert on the output */

This ensures that you&apos;re testing the behavior the user would see in the browser. Learn more at https://react.dev/link/wrap-tests-with-act

            </system-err>
        </testcase>
        <testcase classname="src/renderer/features/settings/ResetProjectDialog.test.tsx" name="ResetProjectDialog &gt; shows project name in warning text" time="0.006594836">
            <system-err>
An update to ResetProjectDialog inside a test was not wrapped in act(...).

When testing, code that causes React state updates should be wrapped into act(...):

act(() =&gt; {
  /* fire events that update state */
});
/* assert on the output */

This ensures that you&apos;re testing the behavior the user would see in the browser. Learn more at https://react.dev/link/wrap-tests-with-act
An update to ResetProjectDialog inside a test was not wrapped in act(...).

When testing, code that causes React state updates should be wrapped into act(...):

act(() =&gt; {
  /* fire events that update state */
});
/* assert on the output */

This ensures that you&apos;re testing the behavior the user would see in the browser. Learn more at https://react.dev/link/wrap-tests-with-act

            </system-err>
        </testcase>
        <testcase classname="src/renderer/features/settings/ResetProjectDialog.test.tsx" name="ResetProjectDialog &gt; shows loading state initially then file list" time="0.031493879">
        </testcase>
        <testcase classname="src/renderer/features/settings/ResetProjectDialog.test.tsx" name="ResetProjectDialog &gt; shows &quot;No .clubhouse/ directory found&quot; when no files" time="0.037207577">
        </testcase>
        <testcase classname="src/renderer/features/settings/ResetProjectDialog.test.tsx" name="ResetProjectDialog &gt; disables confirm button until project name is typed" time="0.008838561">
            <system-err>
An update to ResetProjectDialog inside a test was not wrapped in act(...).

When testing, code that causes React state updates should be wrapped into act(...):

act(() =&gt; {
  /* fire events that update state */
});
/* assert on the output */

This ensures that you&apos;re testing the behavior the user would see in the browser. Learn more at https://react.dev/link/wrap-tests-with-act
An update to ResetProjectDialog inside a test was not wrapped in act(...).

When testing, code that causes React state updates should be wrapped into act(...):

act(() =&gt; {
  /* fire events that update state */
});
/* assert on the output */

This ensures that you&apos;re testing the behavior the user would see in the browser. Learn more at https://react.dev/link/wrap-tests-with-act

            </system-err>
        </testcase>
        <testcase classname="src/renderer/features/settings/ResetProjectDialog.test.tsx" name="ResetProjectDialog &gt; enables confirm button when correct name is typed" time="0.014552749">
            <system-err>
An update to ResetProjectDialog inside a test was not wrapped in act(...).

When testing, code that causes React state updates should be wrapped into act(...):

act(() =&gt; {
  /* fire events that update state */
});
/* assert on the output */

This ensures that you&apos;re testing the behavior the user would see in the browser. Learn more at https://react.dev/link/wrap-tests-with-act
An update to ResetProjectDialog inside a test was not wrapped in act(...).

When testing, code that causes React state updates should be wrapped into act(...):

act(() =&gt; {
  /* fire events that update state */
});
/* assert on the output */

This ensures that you&apos;re testing the behavior the user would see in the browser. Learn more at https://react.dev/link/wrap-tests-with-act

            </system-err>
        </testcase>
        <testcase classname="src/renderer/features/settings/ResetProjectDialog.test.tsx" name="ResetProjectDialog &gt; calls onConfirm when confirmed with correct name" time="0.010146113">
            <system-err>
An update to ResetProjectDialog inside a test was not wrapped in act(...).

When testing, code that causes React state updates should be wrapped into act(...):

act(() =&gt; {
  /* fire events that update state */
});
/* assert on the output */

This ensures that you&apos;re testing the behavior the user would see in the browser. Learn more at https://react.dev/link/wrap-tests-with-act
An update to ResetProjectDialog inside a test was not wrapped in act(...).

When testing, code that causes React state updates should be wrapped into act(...):

act(() =&gt; {
  /* fire events that update state */
});
/* assert on the output */

This ensures that you&apos;re testing the behavior the user would see in the browser. Learn more at https://react.dev/link/wrap-tests-with-act

            </system-err>
        </testcase>
        <testcase classname="src/renderer/features/settings/ResetProjectDialog.test.tsx" name="ResetProjectDialog &gt; calls onCancel when cancel is clicked" time="0.006748793">
            <system-err>
An update to ResetProjectDialog inside a test was not wrapped in act(...).

When testing, code that causes React state updates should be wrapped into act(...):

act(() =&gt; {
  /* fire events that update state */
});
/* assert on the output */

This ensures that you&apos;re testing the behavior the user would see in the browser. Learn more at https://react.dev/link/wrap-tests-with-act
An update to ResetProjectDialog inside a test was not wrapped in act(...).

When testing, code that causes React state updates should be wrapped into act(...):

act(() =&gt; {
  /* fire events that update state */
});
/* assert on the output */

This ensures that you&apos;re testing the behavior the user would see in the browser. Learn more at https://react.dev/link/wrap-tests-with-act

            </system-err>
        </testcase>
        <testcase classname="src/renderer/features/settings/ResetProjectDialog.test.tsx" name="ResetProjectDialog &gt; calls onCancel when backdrop is clicked" time="0.01476295">
            <system-err>
An update to ResetProjectDialog inside a test was not wrapped in act(...).

When testing, code that causes React state updates should be wrapped into act(...):

act(() =&gt; {
  /* fire events that update state */
});
/* assert on the output */

This ensures that you&apos;re testing the behavior the user would see in the browser. Learn more at https://react.dev/link/wrap-tests-with-act
An update to ResetProjectDialog inside a test was not wrapped in act(...).

When testing, code that causes React state updates should be wrapped into act(...):

act(() =&gt; {
  /* fire events that update state */
});
/* assert on the output */

This ensures that you&apos;re testing the behavior the user would see in the browser. Learn more at https://react.dev/link/wrap-tests-with-act

            </system-err>
        </testcase>
        <testcase classname="src/renderer/features/settings/ResetProjectDialog.test.tsx" name="ResetProjectDialog &gt; does not call onCancel when dialog content is clicked" time="0.006420091">
            <system-err>
An update to ResetProjectDialog inside a test was not wrapped in act(...).

When testing, code that causes React state updates should be wrapped into act(...):

act(() =&gt; {
  /* fire events that update state */
});
/* assert on the output */

This ensures that you&apos;re testing the behavior the user would see in the browser. Learn more at https://react.dev/link/wrap-tests-with-act
An update to ResetProjectDialog inside a test was not wrapped in act(...).

When testing, code that causes React state updates should be wrapped into act(...):

act(() =&gt; {
  /* fire events that update state */
});
/* assert on the output */

This ensures that you&apos;re testing the behavior the user would see in the browser. Learn more at https://react.dev/link/wrap-tests-with-act

            </system-err>
        </testcase>
    </testsuite>
    <testsuite name="src/renderer/features/settings/SourceAgentTemplatesSection.test.tsx" timestamp="2026-03-25T04:47:30.419Z" hostname="runnervm46oaq" tests="9" failures="0" errors="0" skipped="0" time="0.21587321">
        <testcase classname="src/renderer/features/settings/SourceAgentTemplatesSection.test.tsx" name="SourceAgentTemplatesSection &gt; renders without crash" time="0.049678709">
            <system-err>
An update to SourceAgentTemplatesSection inside a test was not wrapped in act(...).

When testing, code that causes React state updates should be wrapped into act(...):

act(() =&gt; {
  /* fire events that update state */
});
/* assert on the output */

This ensures that you&apos;re testing the behavior the user would see in the browser. Learn more at https://react.dev/link/wrap-tests-with-act

            </system-err>
        </testcase>
        <testcase classname="src/renderer/features/settings/SourceAgentTemplatesSection.test.tsx" name="SourceAgentTemplatesSection &gt; loads and displays templates" time="0.028991031">
        </testcase>
        <testcase classname="src/renderer/features/settings/SourceAgentTemplatesSection.test.tsx" name="SourceAgentTemplatesSection &gt; shows empty state when no templates" time="0.00639808">
        </testcase>
        <testcase classname="src/renderer/features/settings/SourceAgentTemplatesSection.test.tsx" name="SourceAgentTemplatesSection &gt; shows create view when + Agent clicked" time="0.02578499">
        </testcase>
        <testcase classname="src/renderer/features/settings/SourceAgentTemplatesSection.test.tsx" name="SourceAgentTemplatesSection &gt; shows edit view when template name clicked" time="0.025359647">
        </testcase>
        <testcase classname="src/renderer/features/settings/SourceAgentTemplatesSection.test.tsx" name="SourceAgentTemplatesSection &gt; shows delete confirmation dialog" time="0.020461236">
        </testcase>
        <testcase classname="src/renderer/features/settings/SourceAgentTemplatesSection.test.tsx" name="SourceAgentTemplatesSection &gt; cancels delete dialog" time="0.023385573">
        </testcase>
        <testcase classname="src/renderer/features/settings/SourceAgentTemplatesSection.test.tsx" name="SourceAgentTemplatesSection &gt; cancels create view" time="0.024940571">
        </testcase>
        <testcase classname="src/renderer/features/settings/SourceAgentTemplatesSection.test.tsx" name="SourceAgentTemplatesSection &gt; shows folder path hint" time="0.00647836">
            <system-err>
An update to SourceAgentTemplatesSection inside a test was not wrapped in act(...).

When testing, code that causes React state updates should be wrapped into act(...):

act(() =&gt; {
  /* fire events that update state */
});
/* assert on the output */

This ensures that you&apos;re testing the behavior the user would see in the browser. Learn more at https://react.dev/link/wrap-tests-with-act

            </system-err>
        </testcase>
    </testsuite>
    <testsuite name="src/renderer/features/settings/SourceSkillsSection.test.tsx" timestamp="2026-03-25T04:47:30.421Z" hostname="runnervm46oaq" tests="8" failures="0" errors="0" skipped="0" time="0.141117105">
        <testcase classname="src/renderer/features/settings/SourceSkillsSection.test.tsx" name="SourceSkillsSection &gt; renders without crash" time="0.039545865">
            <system-err>
An update to SourceSkillsSection inside a test was not wrapped in act(...).

When testing, code that causes React state updates should be wrapped into act(...):

act(() =&gt; {
  /* fire events that update state */
});
/* assert on the output */

This ensures that you&apos;re testing the behavior the user would see in the browser. Learn more at https://react.dev/link/wrap-tests-with-act

            </system-err>
        </testcase>
        <testcase classname="src/renderer/features/settings/SourceSkillsSection.test.tsx" name="SourceSkillsSection &gt; loads and displays skills" time="0.021894785">
        </testcase>
        <testcase classname="src/renderer/features/settings/SourceSkillsSection.test.tsx" name="SourceSkillsSection &gt; shows empty state when no skills" time="0.004911867">
        </testcase>
        <testcase classname="src/renderer/features/settings/SourceSkillsSection.test.tsx" name="SourceSkillsSection &gt; shows create view when + Skill clicked" time="0.018306643">
        </testcase>
        <testcase classname="src/renderer/features/settings/SourceSkillsSection.test.tsx" name="SourceSkillsSection &gt; shows delete confirmation dialog" time="0.014948194">
        </testcase>
        <testcase classname="src/renderer/features/settings/SourceSkillsSection.test.tsx" name="SourceSkillsSection &gt; cancels delete dialog" time="0.016010199">
        </testcase>
        <testcase classname="src/renderer/features/settings/SourceSkillsSection.test.tsx" name="SourceSkillsSection &gt; cancels create view" time="0.018909723">
        </testcase>
        <testcase classname="src/renderer/features/settings/SourceSkillsSection.test.tsx" name="SourceSkillsSection &gt; shows folder path hint" time="0.002796622">
            <system-err>
An update to SourceSkillsSection inside a test was not wrapped in act(...).

When testing, code that causes React state updates should be wrapped into act(...):

act(() =&gt; {
  /* fire events that update state */
});
/* assert on the output */

This ensures that you&apos;re testing the behavior the user would see in the browser. Learn more at https://react.dev/link/wrap-tests-with-act

            </system-err>
        </testcase>
    </testsuite>
    <testsuite name="src/renderer/features/settings/UpdateSettingsView.test.tsx" timestamp="2026-03-25T04:47:30.423Z" hostname="runnervm46oaq" tests="12" failures="0" errors="0" skipped="0" time="0.178791517">
        <testcase classname="src/renderer/features/settings/UpdateSettingsView.test.tsx" name="UpdateSettingsView &gt; renders without crash" time="0.056544734">
        </testcase>
        <testcase classname="src/renderer/features/settings/UpdateSettingsView.test.tsx" name="UpdateSettingsView &gt; shows auto-update and preview toggles" time="0.010170266">
        </testcase>
        <testcase classname="src/renderer/features/settings/UpdateSettingsView.test.tsx" name="UpdateSettingsView &gt; shows idle status" time="0.007995752">
        </testcase>
        <testcase classname="src/renderer/features/settings/UpdateSettingsView.test.tsx" name="UpdateSettingsView &gt; shows checking status" time="0.007621896">
        </testcase>
        <testcase classname="src/renderer/features/settings/UpdateSettingsView.test.tsx" name="UpdateSettingsView &gt; shows downloading status with progress" time="0.007372883">
        </testcase>
        <testcase classname="src/renderer/features/settings/UpdateSettingsView.test.tsx" name="UpdateSettingsView &gt; shows ready status with version" time="0.009585626">
        </testcase>
        <testcase classname="src/renderer/features/settings/UpdateSettingsView.test.tsx" name="UpdateSettingsView &gt; shows error status with message" time="0.006517852">
        </testcase>
        <testcase classname="src/renderer/features/settings/UpdateSettingsView.test.tsx" name="UpdateSettingsView &gt; calls checkForUpdates on button click" time="0.01472299">
        </testcase>
        <testcase classname="src/renderer/features/settings/UpdateSettingsView.test.tsx" name="UpdateSettingsView &gt; disables check button while checking" time="0.00760792">
        </testcase>
        <testcase classname="src/renderer/features/settings/UpdateSettingsView.test.tsx" name="UpdateSettingsView &gt; shows manual download button when artifact URL available and ready" time="0.006952552">
        </testcase>
        <testcase classname="src/renderer/features/settings/UpdateSettingsView.test.tsx" name="UpdateSettingsView &gt; shows last checked timestamp" time="0.030432272">
        </testcase>
        <testcase classname="src/renderer/features/settings/UpdateSettingsView.test.tsx" name="UpdateSettingsView &gt; hides last checked when null" time="0.005778978">
        </testcase>
    </testsuite>
    <testsuite name="src/renderer/features/settings/WhatsNewSettingsView.test.tsx" timestamp="2026-03-25T04:47:30.425Z" hostname="runnervm46oaq" tests="8" failures="0" errors="0" skipped="0" time="0.103371525">
        <testcase classname="src/renderer/features/settings/WhatsNewSettingsView.test.tsx" name="WhatsNewSettingsView &gt; renders the page header" time="0.041935372">
        </testcase>
        <testcase classname="src/renderer/features/settings/WhatsNewSettingsView.test.tsx" name="WhatsNewSettingsView &gt; shows loading state" time="0.005458153">
        </testcase>
        <testcase classname="src/renderer/features/settings/WhatsNewSettingsView.test.tsx" name="WhatsNewSettingsView &gt; shows error state" time="0.003777857">
        </testcase>
        <testcase classname="src/renderer/features/settings/WhatsNewSettingsView.test.tsx" name="WhatsNewSettingsView &gt; shows empty state when no history available" time="0.002485032">
        </testcase>
        <testcase classname="src/renderer/features/settings/WhatsNewSettingsView.test.tsx" name="WhatsNewSettingsView &gt; renders markdown content when history is loaded" time="0.024615616">
        </testcase>
        <testcase classname="src/renderer/features/settings/WhatsNewSettingsView.test.tsx" name="WhatsNewSettingsView &gt; does not show loading or error when content is present" time="0.008921835">
        </testcase>
        <testcase classname="src/renderer/features/settings/WhatsNewSettingsView.test.tsx" name="WhatsNewSettingsView &gt; sanitizes XSS payloads in version history markdown" time="0.010292926">
        </testcase>
        <testcase classname="src/renderer/features/settings/WhatsNewSettingsView.test.tsx" name="WhatsNewSettingsView &gt; calls loadVersionHistory on mount" time="0.0024141">
        </testcase>
    </testsuite>
    <testsuite name="src/renderer/plugins/builtin/builtin-plugin-testing.test.ts" timestamp="2026-03-25T04:47:30.426Z" hostname="runnervm46oaq" tests="18" failures="0" errors="0" skipped="0" time="0.011144458">
        <testcase classname="src/renderer/plugins/builtin/builtin-plugin-testing.test.ts" name="validateBuiltinPlugin &gt; valid plugin with activate passes" time="0.00318803">
        </testcase>
        <testcase classname="src/renderer/plugins/builtin/builtin-plugin-testing.test.ts" name="validateBuiltinPlugin &gt; valid plugin with panel-only (no activate) passes" time="0.000350883">
        </testcase>
        <testcase classname="src/renderer/plugins/builtin/builtin-plugin-testing.test.ts" name="validateBuiltinPlugin &gt; plugin with no activate and no panels fails" time="0.000335544">
        </testcase>
        <testcase classname="src/renderer/plugins/builtin/builtin-plugin-testing.test.ts" name="validateBuiltinPlugin &gt; invalid manifest (unsupported API version) fails" time="0.000260725">
        </testcase>
        <testcase classname="src/renderer/plugins/builtin/builtin-plugin-testing.test.ts" name="validateBuiltinPlugin &gt; non-function deactivate fails" time="0.000361181">
        </testcase>
        <testcase classname="src/renderer/plugins/builtin/builtin-plugin-testing.test.ts" name="validateAllBuiltinPlugins &gt; detects duplicate IDs" time="0.000653636">
        </testcase>
        <testcase classname="src/renderer/plugins/builtin/builtin-plugin-testing.test.ts" name="validateAllBuiltinPlugins &gt; passes with unique valid plugins" time="0.000257799">
        </testcase>
        <testcase classname="src/renderer/plugins/builtin/builtin-plugin-testing.test.ts" name="validateAllBuiltinPlugins &gt; prefixes errors with plugin ID" time="0.000328821">
        </testcase>
        <testcase classname="src/renderer/plugins/builtin/builtin-plugin-testing.test.ts" name="getBuiltinPlugins catch-all &gt; all registered built-in plugins pass validation" time="0.001462209">
        </testcase>
        <testcase classname="src/renderer/plugins/builtin/builtin-plugin-testing.test.ts" name="getBuiltinPlugins catch-all &gt; only terminal, files, and canvas declare the annex permission" time="0.000335504">
        </testcase>
        <testcase classname="src/renderer/plugins/builtin/builtin-plugin-testing.test.ts" name="getBuiltinPlugins catch-all &gt; does not include the sessions plugin without experimental flag" time="0.00049452">
        </testcase>
        <testcase classname="src/renderer/plugins/builtin/builtin-plugin-testing.test.ts" name="getBuiltinPlugins catch-all &gt; does not auto-enable the sessions plugin without experimental flag" time="0.000168564">
        </testcase>
        <testcase classname="src/renderer/plugins/builtin/builtin-plugin-testing.test.ts" name="getBuiltinPlugins catch-all &gt; includes sessions plugin when experimental flag is set" time="0.000210672">
        </testcase>
        <testcase classname="src/renderer/plugins/builtin/builtin-plugin-testing.test.ts" name="getBuiltinPlugins catch-all &gt; auto-enables sessions plugin when experimental flag is set" time="0.000124913">
        </testcase>
        <testcase classname="src/renderer/plugins/builtin/builtin-plugin-testing.test.ts" name="getBuiltinPlugins catch-all &gt; does not include the review plugin without experimental flag" time="0.000188911">
        </testcase>
        <testcase classname="src/renderer/plugins/builtin/builtin-plugin-testing.test.ts" name="getBuiltinPlugins catch-all &gt; does not auto-enable the review plugin without experimental flag" time="0.000160418">
        </testcase>
        <testcase classname="src/renderer/plugins/builtin/builtin-plugin-testing.test.ts" name="getBuiltinPlugins catch-all &gt; includes review plugin when experimental flag is set" time="0.000261185">
        </testcase>
        <testcase classname="src/renderer/plugins/builtin/builtin-plugin-testing.test.ts" name="getBuiltinPlugins catch-all &gt; auto-enables review plugin when experimental flag is set" time="0.000121726">
        </testcase>
    </testsuite>
    <testsuite name="src/renderer/stores/__tests__/selector-safety.test.ts" timestamp="2026-03-25T04:47:30.429Z" hostname="runnervm46oaq" tests="21" failures="0" errors="0" skipped="0" time="0.097472063">
        <testcase classname="src/renderer/stores/__tests__/selector-safety.test.ts" name="Zustand selector safety — state property stability &gt; orchestratorStore.enabled returns same ref on repeated access" time="0.00339233">
        </testcase>
        <testcase classname="src/renderer/stores/__tests__/selector-safety.test.ts" name="Zustand selector safety — state property stability &gt; orchestratorStore.allOrchestrators returns same ref on repeated access" time="0.000488739">
        </testcase>
        <testcase classname="src/renderer/stores/__tests__/selector-safety.test.ts" name="Zustand selector safety — state property stability &gt; orchestratorStore.availability returns same ref on repeated access" time="0.000388112">
        </testcase>
        <testcase classname="src/renderer/stores/__tests__/selector-safety.test.ts" name="Zustand selector safety — state property stability &gt; quickAgentStore.completedAgents returns same ref on repeated access" time="0.000551967">
        </testcase>
        <testcase classname="src/renderer/stores/__tests__/selector-safety.test.ts" name="Zustand selector safety — state property stability &gt; agentStore.agents returns same ref on repeated access" time="0.000476656">
        </testcase>
        <testcase classname="src/renderer/stores/__tests__/selector-safety.test.ts" name="Zustand selector safety — state property stability &gt; agentStore.agentDetailedStatus returns same ref on repeated access" time="0.000292384">
        </testcase>
        <testcase classname="src/renderer/stores/__tests__/selector-safety.test.ts" name="Zustand selector safety — state property stability &gt; badgeStore.badges returns same ref on repeated access" time="0.000387341">
        </testcase>
        <testcase classname="src/renderer/stores/__tests__/selector-safety.test.ts" name="Zustand selector safety — getter method stability &gt; badgeSettingsStore.getProjectSettings &gt; returns same ref on repeated calls without mutations" time="0.000377462">
        </testcase>
        <testcase classname="src/renderer/stores/__tests__/selector-safety.test.ts" name="Zustand selector safety — getter method stability &gt; badgeSettingsStore.getProjectSettings &gt; returns same ref for project without overrides" time="0.000837598">
        </testcase>
        <testcase classname="src/renderer/stores/__tests__/selector-safety.test.ts" name="Zustand selector safety — getter method stability &gt; badgeSettingsStore.getProjectSettings &gt; returns new ref after mutation" time="0.001520368">
        </testcase>
        <testcase classname="src/renderer/stores/__tests__/selector-safety.test.ts" name="Zustand selector safety — getter method stability &gt; orchestratorStore.getCapabilities &gt; returns same ref on repeated calls without mutations" time="0.000534054">
        </testcase>
        <testcase classname="src/renderer/stores/__tests__/selector-safety.test.ts" name="Zustand selector safety — getter method stability &gt; badgeStore.getTabBadge &gt; returns same ref on repeated calls without mutations (with badges)" time="0.000612349">
        </testcase>
        <testcase classname="src/renderer/stores/__tests__/selector-safety.test.ts" name="Zustand selector safety — getter method stability &gt; badgeStore.getTabBadge &gt; returns same ref on repeated calls without mutations (no badges)" time="0.000246529">
        </testcase>
        <testcase classname="src/renderer/stores/__tests__/selector-safety.test.ts" name="Zustand selector safety — getter method stability &gt; badgeStore.getProjectBadge &gt; returns same ref on repeated calls without mutations" time="0.000388162">
        </testcase>
        <testcase classname="src/renderer/stores/__tests__/selector-safety.test.ts" name="Zustand selector safety — getter method stability &gt; badgeStore.getAppPluginBadge &gt; returns same ref on repeated calls without mutations" time="0.000380387">
        </testcase>
        <testcase classname="src/renderer/stores/__tests__/selector-safety.test.ts" name="Zustand selector safety — quickAgentStore fallback patterns &gt; completedAgents[projectId] access returns same ref when project exists" time="0.00024776">
        </testcase>
        <testcase classname="src/renderer/stores/__tests__/selector-safety.test.ts" name="Zustand selector safety — quickAgentStore fallback patterns &gt; completedAgents[projectId] returns undefined (not new []) for missing project" time="0.000238784">
        </testcase>
        <testcase classname="src/renderer/stores/__tests__/selector-safety.test.ts" name="Zustand selector safety — static analysis guard &gt; no component selectors call getter methods that return new objects" time="0.024891261">
        </testcase>
        <testcase classname="src/renderer/stores/__tests__/selector-safety.test.ts" name="Zustand selector safety — static analysis guard &gt; no components assign useXxxStore() to a single variable (non-destructured)" time="0.023858149">
        </testcase>
        <testcase classname="src/renderer/stores/__tests__/selector-safety.test.ts" name="Zustand selector safety — static analysis guard &gt; no components select entire record objects from frequently-mutated stores" time="0.019885312">
        </testcase>
        <testcase classname="src/renderer/stores/__tests__/selector-safety.test.ts" name="Zustand selector safety — static analysis guard &gt; no component selectors use inline || [] or ?? [] fallbacks" time="0.013993119">
        </testcase>
    </testsuite>
    <testsuite name="src/renderer/stores/agent/agentStatusSlice.test.ts" timestamp="2026-03-25T04:47:30.433Z" hostname="runnervm46oaq" tests="8" failures="0" errors="0" skipped="0" time="0.011114354">
        <testcase classname="src/renderer/stores/agent/agentStatusSlice.test.ts" name="agentStatusSlice – handleHookEvent &gt; sets needs_permission on permission_request event" time="0.00440283">
        </testcase>
        <testcase classname="src/renderer/stores/agent/agentStatusSlice.test.ts" name="agentStatusSlice – handleHookEvent &gt; guards needs_permission from being overwritten by notification" time="0.000781464">
        </testcase>
        <testcase classname="src/renderer/stores/agent/agentStatusSlice.test.ts" name="agentStatusSlice – handleHookEvent &gt; guards needs_permission from being overwritten by stop" time="0.000621807">
        </testcase>
        <testcase classname="src/renderer/stores/agent/agentStatusSlice.test.ts" name="agentStatusSlice – handleHookEvent &gt; guards needs_permission from being overwritten by post_tool" time="0.000456409">
        </testcase>
        <testcase classname="src/renderer/stores/agent/agentStatusSlice.test.ts" name="agentStatusSlice – handleHookEvent &gt; allows pre_tool to clear needs_permission (permission approved)" time="0.000504679">
        </testcase>
        <testcase classname="src/renderer/stores/agent/agentStatusSlice.test.ts" name="agentStatusSlice – handleHookEvent &gt; allows permission_resolved to clear needs_permission (permission denied/timed out)" time="0.000444667">
        </testcase>
        <testcase classname="src/renderer/stores/agent/agentStatusSlice.test.ts" name="agentStatusSlice – handleHookEvent &gt; allows a new permission_request to replace existing needs_permission" time="0.000545905">
        </testcase>
        <testcase classname="src/renderer/stores/agent/agentStatusSlice.test.ts" name="agentStatusSlice – handleHookEvent &gt; does not auto-clear needs_permission in clearStaleStatuses" time="0.000816338">
        </testcase>
    </testsuite>
    <testsuite name="src/renderer/features/agents/structured/ActionBar.test.tsx" timestamp="2026-03-25T04:47:30.434Z" hostname="runnervm46oaq" tests="9" failures="0" errors="0" skipped="0" time="0.083824628">
        <testcase classname="src/renderer/features/agents/structured/ActionBar.test.tsx" name="ActionBar &gt; renders elapsed time" time="0.04191814">
        </testcase>
        <testcase classname="src/renderer/features/agents/structured/ActionBar.test.tsx" name="ActionBar &gt; renders stop button when not complete" time="0.004955177">
        </testcase>
        <testcase classname="src/renderer/features/agents/structured/ActionBar.test.tsx" name="ActionBar &gt; hides stop button when complete" time="0.002740267">
        </testcase>
        <testcase classname="src/renderer/features/agents/structured/ActionBar.test.tsx" name="ActionBar &gt; hides message input when complete" time="0.001981626">
        </testcase>
        <testcase classname="src/renderer/features/agents/structured/ActionBar.test.tsx" name="ActionBar &gt; calls onStop when stop is clicked" time="0.006769221">
        </testcase>
        <testcase classname="src/renderer/features/agents/structured/ActionBar.test.tsx" name="ActionBar &gt; calls onSendMessage with text on Enter" time="0.008166129">
        </testcase>
        <testcase classname="src/renderer/features/agents/structured/ActionBar.test.tsx" name="ActionBar &gt; clears input after sending" time="0.004200793">
        </testcase>
        <testcase classname="src/renderer/features/agents/structured/ActionBar.test.tsx" name="ActionBar &gt; renders cost tracker when usage is provided" time="0.003047839">
        </testcase>
        <testcase classname="src/renderer/features/agents/structured/ActionBar.test.tsx" name="ActionBar &gt; formats elapsed time as minutes" time="0.003326076">
        </testcase>
    </testsuite>
    <testsuite name="src/renderer/features/agents/structured/MessageStream.test.tsx" timestamp="2026-03-25T04:47:30.436Z" hostname="runnervm46oaq" tests="7" failures="0" errors="0" skipped="0" time="0.100181756">
        <testcase classname="src/renderer/features/agents/structured/MessageStream.test.tsx" name="MessageStream &gt; renders markdown for non-streaming text immediately" time="0.047900006">
        </testcase>
        <testcase classname="src/renderer/features/agents/structured/MessageStream.test.tsx" name="MessageStream &gt; returns null when text is empty" time="0.003399233">
        </testcase>
        <testcase classname="src/renderer/features/agents/structured/MessageStream.test.tsx" name="MessageStream &gt; shows cursor when streaming" time="0.012825536">
        </testcase>
        <testcase classname="src/renderer/features/agents/structured/MessageStream.test.tsx" name="MessageStream &gt; hides cursor when not streaming" time="0.004956269">
        </testcase>
        <testcase classname="src/renderer/features/agents/structured/MessageStream.test.tsx" name="MessageStream &gt; debounces markdown processing during streaming" time="0.017837943">
        </testcase>
        <testcase classname="src/renderer/features/agents/structured/MessageStream.test.tsx" name="MessageStream &gt; renders immediately when streaming stops" time="0.00648374">
        </testcase>
        <testcase classname="src/renderer/features/agents/structured/MessageStream.test.tsx" name="MessageStream &gt; does not leave stale timers after unmount" time="0.002766876">
        </testcase>
    </testsuite>
    <testsuite name="src/renderer/features/agents/structured/PermissionBanner.test.tsx" timestamp="2026-03-25T04:47:30.437Z" hostname="runnervm46oaq" tests="8" failures="0" errors="0" skipped="0" time="0.138828443">
        <testcase classname="src/renderer/features/agents/structured/PermissionBanner.test.tsx" name="PermissionBanner &gt; renders the tool name and command" time="0.068818983">
        </testcase>
        <testcase classname="src/renderer/features/agents/structured/PermissionBanner.test.tsx" name="PermissionBanner &gt; renders the description" time="0.009496985">
        </testcase>
        <testcase classname="src/renderer/features/agents/structured/PermissionBanner.test.tsx" name="PermissionBanner &gt; shows the countdown timer starting at 120s" time="0.007861793">
        </testcase>
        <testcase classname="src/renderer/features/agents/structured/PermissionBanner.test.tsx" name="PermissionBanner &gt; counts down every second" time="0.013088586">
        </testcase>
        <testcase classname="src/renderer/features/agents/structured/PermissionBanner.test.tsx" name="PermissionBanner &gt; calls onRespond(id, true) when Approve is clicked" time="0.011613161">
        </testcase>
        <testcase classname="src/renderer/features/agents/structured/PermissionBanner.test.tsx" name="PermissionBanner &gt; calls onRespond(id, false) when Deny is clicked" time="0.005123981">
        </testcase>
        <testcase classname="src/renderer/features/agents/structured/PermissionBanner.test.tsx" name="PermissionBanner &gt; auto-denies when countdown reaches 0" time="0.007422867">
        </testcase>
        <testcase classname="src/renderer/features/agents/structured/PermissionBanner.test.tsx" name="PermissionBanner &gt; only responds once even if both clicked" time="0.006252971">
        </testcase>
    </testsuite>
    <testsuite name="src/renderer/features/agents/structured/StructuredAgentView.test.tsx" timestamp="2026-03-25T04:47:30.439Z" hostname="runnervm46oaq" tests="25" failures="0" errors="0" skipped="0" time="1.296129481">
        <testcase classname="src/renderer/features/agents/structured/StructuredAgentView.test.tsx" name="StructuredAgentView &gt; renders the structured agent view container" time="0.044615186">
        </testcase>
        <testcase classname="src/renderer/features/agents/structured/StructuredAgentView.test.tsx" name="StructuredAgentView &gt; subscribes to structured events on mount" time="0.005243386">
        </testcase>
        <testcase classname="src/renderer/features/agents/structured/StructuredAgentView.test.tsx" name="StructuredAgentView &gt; shows starting indicator when no events yet" time="0.007790454">
        </testcase>
        <testcase classname="src/renderer/features/agents/structured/StructuredAgentView.test.tsx" name="StructuredAgentView &gt; shows elapsed timer" time="0.007292478">
        </testcase>
        <testcase classname="src/renderer/features/agents/structured/StructuredAgentView.test.tsx" name="StructuredAgentView &gt; shows action bar with stop button" time="0.004597845">
        </testcase>
        <testcase classname="src/renderer/features/agents/structured/StructuredAgentView.test.tsx" name="StructuredAgentView &gt; shows message input" time="0.003753323">
        </testcase>
        <testcase classname="src/renderer/features/agents/structured/StructuredAgentView.test.tsx" name="StructuredAgentView &gt; renders text_delta events as streaming text" time="0.036623856">
        </testcase>
        <testcase classname="src/renderer/features/agents/structured/StructuredAgentView.test.tsx" name="StructuredAgentView &gt; merges consecutive text_delta events into one MessageStream" time="0.01101313">
        </testcase>
        <testcase classname="src/renderer/features/agents/structured/StructuredAgentView.test.tsx" name="StructuredAgentView &gt; finalizes text on text_done" time="0.008989865">
        </testcase>
        <testcase classname="src/renderer/features/agents/structured/StructuredAgentView.test.tsx" name="StructuredAgentView &gt; renders tool lifecycle: start → output → end" time="0.017811478">
        </testcase>
        <testcase classname="src/renderer/features/agents/structured/StructuredAgentView.test.tsx" name="StructuredAgentView &gt; renders tool error state" time="0.005861656">
        </testcase>
        <testcase classname="src/renderer/features/agents/structured/StructuredAgentView.test.tsx" name="StructuredAgentView &gt; renders permission banners and handles approve" time="0.018819402">
        </testcase>
        <testcase classname="src/renderer/features/agents/structured/StructuredAgentView.test.tsx" name="StructuredAgentView &gt; renders file diffs" time="0.006339825">
        </testcase>
        <testcase classname="src/renderer/features/agents/structured/StructuredAgentView.test.tsx" name="StructuredAgentView &gt; renders command output" time="0.006107976">
        </testcase>
        <testcase classname="src/renderer/features/agents/structured/StructuredAgentView.test.tsx" name="StructuredAgentView &gt; updates command output in-place on subsequent events" time="0.006875309">
        </testcase>
        <testcase classname="src/renderer/features/agents/structured/StructuredAgentView.test.tsx" name="StructuredAgentView &gt; renders thinking panels collapsed by default" time="0.006626348">
        </testcase>
        <testcase classname="src/renderer/features/agents/structured/StructuredAgentView.test.tsx" name="StructuredAgentView &gt; renders plan progress in sticky header" time="0.013146791">
        </testcase>
        <testcase classname="src/renderer/features/agents/structured/StructuredAgentView.test.tsx" name="StructuredAgentView &gt; renders error banners" time="0.007007397">
        </testcase>
        <testcase classname="src/renderer/features/agents/structured/StructuredAgentView.test.tsx" name="StructuredAgentView &gt; accumulates usage across turns" time="0.010909617">
        </testcase>
        <testcase classname="src/renderer/features/agents/structured/StructuredAgentView.test.tsx" name="StructuredAgentView &gt; shows end summary on session complete" time="0.010719503">
        </testcase>
        <testcase classname="src/renderer/features/agents/structured/StructuredAgentView.test.tsx" name="StructuredAgentView &gt; hides stop button and message input when complete" time="0.006775045">
        </testcase>
        <testcase classname="src/renderer/features/agents/structured/StructuredAgentView.test.tsx" name="StructuredAgentView &gt; calls cancelStructured and killAgent when stop is clicked" time="0.007294559">
        </testcase>
        <testcase classname="src/renderer/features/agents/structured/StructuredAgentView.test.tsx" name="StructuredAgentView &gt; sends message via IPC when Enter is pressed" time="0.007531051">
        </testcase>
        <testcase classname="src/renderer/features/agents/structured/StructuredAgentView.test.tsx" name="StructuredAgentView &gt; does not send empty messages" time="0.004732525">
        </testcase>
        <testcase classname="src/renderer/features/agents/structured/StructuredAgentView.test.tsx" name="StructuredAgentView &gt; caps feed items at MAX_EVENTS" time="1.024986106">
        </testcase>
    </testsuite>
    <testsuite name="src/renderer/features/agents/structured/ToolCard.test.tsx" timestamp="2026-03-25T04:47:30.443Z" hostname="runnervm46oaq" tests="7" failures="0" errors="0" skipped="0" time="0.139658507">
        <testcase classname="src/renderer/features/agents/structured/ToolCard.test.tsx" name="ToolCard &gt; renders the display verb and primary input" time="0.07255714">
        </testcase>
        <testcase classname="src/renderer/features/agents/structured/ToolCard.test.tsx" name="ToolCard &gt; shows spinner when running" time="0.014840585">
        </testcase>
        <testcase classname="src/renderer/features/agents/structured/ToolCard.test.tsx" name="ToolCard &gt; shows check icon when completed" time="0.006317121">
        </testcase>
        <testcase classname="src/renderer/features/agents/structured/ToolCard.test.tsx" name="ToolCard &gt; shows output when expanded" time="0.009452037">
        </testcase>
        <testcase classname="src/renderer/features/agents/structured/ToolCard.test.tsx" name="ToolCard &gt; shows error styling when status is error" time="0.008788227">
        </testcase>
        <testcase classname="src/renderer/features/agents/structured/ToolCard.test.tsx" name="ToolCard &gt; shows input details when input section is expanded" time="0.016846165">
        </testcase>
        <testcase classname="src/renderer/features/agents/structured/ToolCard.test.tsx" name="ToolCard &gt; displays format duration for seconds" time="0.003749624">
        </testcase>
    </testsuite>
    <testsuite name="src/renderer/features/agents/structured/processEvent.test.ts" timestamp="2026-03-25T04:47:30.444Z" hostname="runnervm46oaq" tests="17" failures="0" errors="0" skipped="0" time="0.01489208">
        <testcase classname="src/renderer/features/agents/structured/processEvent.test.ts" name="processEvent – lazy copy optimization &gt; plan_update does not copy feedItems or maps &gt; preserves feedItems, toolIndexMap, and commandIndexMap references" time="0.003869928">
        </testcase>
        <testcase classname="src/renderer/features/agents/structured/processEvent.test.ts" name="processEvent – lazy copy optimization &gt; usage does not copy feedItems or maps &gt; preserves feedItems, toolIndexMap, and commandIndexMap references" time="0.000408139">
        </testcase>
        <testcase classname="src/renderer/features/agents/structured/processEvent.test.ts" name="processEvent – lazy copy optimization &gt; text_delta does not copy maps &gt; preserves toolIndexMap and commandIndexMap references" time="0.001727674">
        </testcase>
        <testcase classname="src/renderer/features/agents/structured/processEvent.test.ts" name="processEvent – lazy copy optimization &gt; text_done does not copy maps &gt; preserves map references" time="0.000313383">
        </testcase>
        <testcase classname="src/renderer/features/agents/structured/processEvent.test.ts" name="processEvent – lazy copy optimization &gt; tool_output does not copy maps &gt; preserves toolIndexMap and commandIndexMap when updating existing tool" time="0.000671049">
        </testcase>
        <testcase classname="src/renderer/features/agents/structured/processEvent.test.ts" name="processEvent – lazy copy optimization &gt; tool_end does not copy maps &gt; preserves map references" time="0.000931573">
        </testcase>
        <testcase classname="src/renderer/features/agents/structured/processEvent.test.ts" name="processEvent – lazy copy optimization &gt; error does not copy maps &gt; preserves map references" time="0.000344561">
        </testcase>
        <testcase classname="src/renderer/features/agents/structured/processEvent.test.ts" name="processEvent – lazy copy optimization &gt; thinking does not copy maps &gt; preserves map references" time="0.000336406">
        </testcase>
        <testcase classname="src/renderer/features/agents/structured/processEvent.test.ts" name="processEvent – lazy copy optimization &gt; tool_start copies only toolIndexMap &gt; clones toolIndexMap but preserves commandIndexMap" time="0.000669175">
        </testcase>
        <testcase classname="src/renderer/features/agents/structured/processEvent.test.ts" name="processEvent – lazy copy optimization &gt; command_output (new command) copies only commandIndexMap &gt; clones commandIndexMap but preserves toolIndexMap" time="0.000303124">
        </testcase>
        <testcase classname="src/renderer/features/agents/structured/processEvent.test.ts" name="processEvent – lazy copy optimization &gt; command_output (existing command) preserves both maps &gt; does not clone commandIndexMap for in-place update" time="0.000274821">
        </testcase>
        <testcase classname="src/renderer/features/agents/structured/processEvent.test.ts" name="processEvent – lazy copy optimization &gt; tool_output for unknown tool returns prev &gt; returns same state reference when tool ID is not found" time="0.000188751">
        </testcase>
        <testcase classname="src/renderer/features/agents/structured/processEvent.test.ts" name="processEvent – lazy copy optimization &gt; tool_end for unknown tool returns prev &gt; returns same state reference when tool ID is not found" time="0.000138728">
        </testcase>
        <testcase classname="src/renderer/features/agents/structured/processEvent.test.ts" name="processEvent – lazy copy optimization &gt; end without summary does not copy feedItems &gt; preserves feedItems reference when no summary" time="0.000154136">
        </testcase>
        <testcase classname="src/renderer/features/agents/structured/processEvent.test.ts" name="processEvent – lazy copy optimization &gt; consecutive text_deltas merge into one item &gt; appends text to the last streaming item" time="0.000269602">
        </testcase>
        <testcase classname="src/renderer/features/agents/structured/processEvent.test.ts" name="processEvent – lazy copy optimization &gt; usage accumulates across events &gt; sums inputTokens and outputTokens" time="0.000180025">
        </testcase>
        <testcase classname="src/renderer/features/agents/structured/processEvent.test.ts" name="processEvent – lazy copy optimization &gt; feed cap at MAX_EVENTS &gt; trims older items when feed exceeds MAX_EVENTS" time="0.000975495">
        </testcase>
    </testsuite>
    <testsuite name="src/renderer/plugins/builtin/browser/BrowserCanvasWidget.test.tsx" timestamp="2026-03-25T04:47:30.447Z" hostname="runnervm46oaq" tests="14" failures="0" errors="0" skipped="0" time="0.117902894">
        <testcase classname="src/renderer/plugins/builtin/browser/BrowserCanvasWidget.test.tsx" name="BrowserCanvasWidget &gt; dom-ready registration &gt; does not crash when getWebContentsId throws before dom-ready" time="0.042590847">
            <system-err>
React does not recognize the `contextIsolation` prop on a DOM element. If you intentionally want it to appear in the DOM as a custom attribute, spell it as lowercase `contextisolation` instead. If you accidentally passed it from a parent component, remove it from the DOM element.

            </system-err>
        </testcase>
        <testcase classname="src/renderer/plugins/builtin/browser/BrowserCanvasWidget.test.tsx" name="BrowserCanvasWidget &gt; dom-ready registration &gt; does not register webview before dom-ready fires" time="0.006523544">
        </testcase>
        <testcase classname="src/renderer/plugins/builtin/browser/BrowserCanvasWidget.test.tsx" name="BrowserCanvasWidget &gt; dom-ready registration &gt; registers webview after dom-ready fires" time="0.010227854">
        </testcase>
        <testcase classname="src/renderer/plugins/builtin/browser/BrowserCanvasWidget.test.tsx" name="BrowserCanvasWidget &gt; dom-ready registration &gt; unregisters webview on unmount" time="0.003024896">
        </testcase>
        <testcase classname="src/renderer/plugins/builtin/browser/BrowserCanvasWidget.test.tsx" name="BrowserCanvasWidget &gt; navigation handlers before dom-ready &gt; back button is a no-op before dom-ready" time="0.014421774">
        </testcase>
        <testcase classname="src/renderer/plugins/builtin/browser/BrowserCanvasWidget.test.tsx" name="BrowserCanvasWidget &gt; navigation handlers before dom-ready &gt; forward button is a no-op before dom-ready" time="0.004657903">
        </testcase>
        <testcase classname="src/renderer/plugins/builtin/browser/BrowserCanvasWidget.test.tsx" name="BrowserCanvasWidget &gt; navigation handlers before dom-ready &gt; reload button is a no-op before dom-ready" time="0.003387301">
        </testcase>
        <testcase classname="src/renderer/plugins/builtin/browser/BrowserCanvasWidget.test.tsx" name="BrowserCanvasWidget &gt; navigation handlers before dom-ready &gt; devtools button is a no-op before dom-ready" time="0.003599886">
        </testcase>
        <testcase classname="src/renderer/plugins/builtin/browser/BrowserCanvasWidget.test.tsx" name="BrowserCanvasWidget &gt; navigation handlers after dom-ready &gt; back button calls goBack after dom-ready" time="0.004818653">
        </testcase>
        <testcase classname="src/renderer/plugins/builtin/browser/BrowserCanvasWidget.test.tsx" name="BrowserCanvasWidget &gt; navigation handlers after dom-ready &gt; forward button calls goForward after dom-ready" time="0.003241028">
        </testcase>
        <testcase classname="src/renderer/plugins/builtin/browser/BrowserCanvasWidget.test.tsx" name="BrowserCanvasWidget &gt; navigation handlers after dom-ready &gt; reload button calls reload after dom-ready" time="0.003534585">
        </testcase>
        <testcase classname="src/renderer/plugins/builtin/browser/BrowserCanvasWidget.test.tsx" name="BrowserCanvasWidget &gt; navigation handlers after dom-ready &gt; devtools button calls openDevTools after dom-ready" time="0.003172651">
        </testcase>
        <testcase classname="src/renderer/plugins/builtin/browser/BrowserCanvasWidget.test.tsx" name="BrowserCanvasWidget &gt; address bar &gt; renders with the initial URL" time="0.00445701">
        </testcase>
        <testcase classname="src/renderer/plugins/builtin/browser/BrowserCanvasWidget.test.tsx" name="BrowserCanvasWidget &gt; address bar &gt; shows empty state when no URL provided" time="0.005840202">
        </testcase>
    </testsuite>
    <testsuite name="src/renderer/plugins/builtin/browser/browser-main.test.tsx" timestamp="2026-03-25T04:47:30.450Z" hostname="runnervm46oaq" tests="25" failures="0" errors="0" skipped="0" time="0.20804164">
        <testcase classname="src/renderer/plugins/builtin/browser/browser-main.test.tsx" name="Browser MainPanel &gt; renders address bar" time="0.040149385">
        </testcase>
        <testcase classname="src/renderer/plugins/builtin/browser/browser-main.test.tsx" name="Browser MainPanel &gt; renders navigation buttons" time="0.009504199">
        </testcase>
        <testcase classname="src/renderer/plugins/builtin/browser/browser-main.test.tsx" name="Browser MainPanel &gt; renders devtools button" time="0.006465257">
        </testcase>
        <testcase classname="src/renderer/plugins/builtin/browser/browser-main.test.tsx" name="Browser MainPanel &gt; shows empty state when no URL entered" time="0.01140243">
        </testcase>
        <testcase classname="src/renderer/plugins/builtin/browser/browser-main.test.tsx" name="Browser MainPanel &gt; shows error when navigating to blocked localhost" time="0.021331589">
        </testcase>
        <testcase classname="src/renderer/plugins/builtin/browser/browser-main.test.tsx" name="Browser MainPanel &gt; shows error when navigating to blocked file:// URL" time="0.009833301">
        </testcase>
        <testcase classname="src/renderer/plugins/builtin/browser/browser-main.test.tsx" name="Browser MainPanel &gt; does not show error for valid HTTPS URL" time="0.01349786">
            <system-err>
React does not recognize the `contextIsolation` prop on a DOM element. If you intentionally want it to appear in the DOM as a custom attribute, spell it as lowercase `contextisolation` instead. If you accidentally passed it from a parent component, remove it from the DOM element.

            </system-err>
        </testcase>
        <testcase classname="src/renderer/plugins/builtin/browser/browser-main.test.tsx" name="Browser MainPanel &gt; normalizes bare domain to https://" time="0.008494321">
        </testcase>
        <testcase classname="src/renderer/plugins/builtin/browser/browser-main.test.tsx" name="Browser MainPanel &gt; updates browserState on navigation" time="0.008885062">
        </testcase>
        <testcase classname="src/renderer/plugins/builtin/browser/browser-main.test.tsx" name="Browser MainPanel &gt; sets window title on navigation" time="0.00500156">
        </testcase>
        <testcase classname="src/renderer/plugins/builtin/browser/browser-main.test.tsx" name="Browser MainPanel &gt; shows error for non-localhost HTTP" time="0.004843911">
        </testcase>
        <testcase classname="src/renderer/plugins/builtin/browser/browser-main.test.tsx" name="Browser MainPanel &gt; clears error on successful navigation" time="0.007136535">
        </testcase>
        <testcase classname="src/renderer/plugins/builtin/browser/browser-main.test.tsx" name="Browser MainPanel &gt; does not navigate on non-Enter key" time="0.003485002">
        </testcase>
        <testcase classname="src/renderer/plugins/builtin/browser/browser-main.test.tsx" name="Browser SidebarPanel &gt; renders &quot;Protocols&quot; header" time="0.007384815">
        </testcase>
        <testcase classname="src/renderer/plugins/builtin/browser/browser-main.test.tsx" name="Browser SidebarPanel &gt; renders &quot;History&quot; header" time="0.004802493">
        </testcase>
        <testcase classname="src/renderer/plugins/builtin/browser/browser-main.test.tsx" name="Browser SidebarPanel &gt; shows &quot;No pages visited yet&quot; when history is empty" time="0.004181528">
        </testcase>
        <testcase classname="src/renderer/plugins/builtin/browser/browser-main.test.tsx" name="Browser SidebarPanel &gt; shows HTTPS protocol as always enabled" time="0.004054502">
        </testcase>
        <testcase classname="src/renderer/plugins/builtin/browser/browser-main.test.tsx" name="Browser SidebarPanel &gt; shows Localhost protocol status" time="0.004119393">
        </testcase>
        <testcase classname="src/renderer/plugins/builtin/browser/browser-main.test.tsx" name="Browser SidebarPanel &gt; shows File protocol status" time="0.00533262">
        </testcase>
        <testcase classname="src/renderer/plugins/builtin/browser/browser-main.test.tsx" name="Browser SidebarPanel &gt; shows history entries when pages visited" time="0.006049773">
        </testcase>
        <testcase classname="src/renderer/plugins/builtin/browser/browser-main.test.tsx" name="Browser SidebarPanel &gt; clicking history entry updates browserState" time="0.009721874">
        </testcase>
        <testcase classname="src/renderer/plugins/builtin/browser/browser-main.test.tsx" name="Browser cross-panel integration &gt; deactivate resets browserState used by both panels" time="0.001487167">
        </testcase>
        <testcase classname="src/renderer/plugins/builtin/browser/browser-main.test.tsx" name="Browser activate/deactivate &gt; activate registers commands and canvas widget" time="0.00502611">
        </testcase>
        <testcase classname="src/renderer/plugins/builtin/browser/browser-main.test.tsx" name="Browser activate/deactivate &gt; deactivate does not throw" time="0.00166114">
        </testcase>
        <testcase classname="src/renderer/plugins/builtin/browser/browser-main.test.tsx" name="Browser activate/deactivate &gt; deactivate resets browserState" time="0.000330154">
        </testcase>
    </testsuite>
    <testsuite name="src/renderer/plugins/builtin/browser/main.test.ts" timestamp="2026-03-25T04:47:30.454Z" hostname="runnervm46oaq" tests="40" failures="0" errors="0" skipped="0" time="0.029763763">
        <testcase classname="src/renderer/plugins/builtin/browser/main.test.ts" name="browser plugin (built-in validation) &gt; passes validateBuiltinPlugin" time="0.00465582">
        </testcase>
        <testcase classname="src/renderer/plugins/builtin/browser/main.test.ts" name="browser plugin activate() &gt; registers reload and devtools commands" time="0.004223686">
        </testcase>
        <testcase classname="src/renderer/plugins/builtin/browser/main.test.ts" name="browser plugin activate() &gt; registers exactly two commands" time="0.000665207">
        </testcase>
        <testcase classname="src/renderer/plugins/builtin/browser/main.test.ts" name="browser plugin activate() &gt; pushes three disposables to ctx.subscriptions (2 commands + canvas widget)" time="0.000947222">
        </testcase>
        <testcase classname="src/renderer/plugins/builtin/browser/main.test.ts" name="browser plugin activate() &gt; registers canvas widget type with id &quot;webview&quot;" time="0.001624051">
        </testcase>
        <testcase classname="src/renderer/plugins/builtin/browser/main.test.ts" name="browser plugin activate() &gt; canvas widget generateDisplayName extracts hostname from URL" time="0.000780131">
        </testcase>
        <testcase classname="src/renderer/plugins/builtin/browser/main.test.ts" name="browser plugin activate() &gt; canvas widget generateDisplayName returns &quot;Browser&quot; for missing URL" time="0.000741639">
        </testcase>
        <testcase classname="src/renderer/plugins/builtin/browser/main.test.ts" name="browser plugin activate() &gt; canvas widget generateDisplayName returns &quot;Browser&quot; for invalid URL" time="0.000680265">
        </testcase>
        <testcase classname="src/renderer/plugins/builtin/browser/main.test.ts" name="browser plugin activate() &gt; does not throw when called without project context" time="0.001538131">
        </testcase>
        <testcase classname="src/renderer/plugins/builtin/browser/main.test.ts" name="browser plugin deactivate() &gt; does not throw" time="0.000539874">
        </testcase>
        <testcase classname="src/renderer/plugins/builtin/browser/main.test.ts" name="browser plugin deactivate() &gt; returns void" time="0.0004302">
        </testcase>
        <testcase classname="src/renderer/plugins/builtin/browser/main.test.ts" name="browser plugin deactivate() &gt; can be called multiple times" time="0.000154838">
        </testcase>
        <testcase classname="src/renderer/plugins/builtin/browser/main.test.ts" name="browser plugin deactivate() &gt; resets browserState currentUrl" time="0.000503075">
        </testcase>
        <testcase classname="src/renderer/plugins/builtin/browser/main.test.ts" name="browser plugin deactivate() &gt; resets browserState history" time="0.000579718">
        </testcase>
        <testcase classname="src/renderer/plugins/builtin/browser/main.test.ts" name="browser plugin deactivate() &gt; clears all listeners" time="0.000377392">
        </testcase>
        <testcase classname="src/renderer/plugins/builtin/browser/main.test.ts" name="browser plugin deactivate() &gt; clears all command handlers" time="0.000297172">
        </testcase>
        <testcase classname="src/renderer/plugins/builtin/browser/main.test.ts" name="browserState &gt; currentUrl starts empty" time="0.000235458">
        </testcase>
        <testcase classname="src/renderer/plugins/builtin/browser/main.test.ts" name="browserState &gt; history starts empty" time="0.000202377">
        </testcase>
        <testcase classname="src/renderer/plugins/builtin/browser/main.test.ts" name="browserState &gt; setCurrentPage updates URL and title and notifies" time="0.000358487">
        </testcase>
        <testcase classname="src/renderer/plugins/builtin/browser/main.test.ts" name="browserState &gt; setCurrentPage adds to history" time="0.000357516">
        </testcase>
        <testcase classname="src/renderer/plugins/builtin/browser/main.test.ts" name="browserState &gt; setCurrentPage deduplicates consecutive same-URL entries" time="0.000288477">
        </testcase>
        <testcase classname="src/renderer/plugins/builtin/browser/main.test.ts" name="browserState &gt; setCurrentPage adds different URLs" time="0.000489511">
        </testcase>
        <testcase classname="src/renderer/plugins/builtin/browser/main.test.ts" name="browserState &gt; history capped at 50 entries" time="0.000520649">
        </testcase>
        <testcase classname="src/renderer/plugins/builtin/browser/main.test.ts" name="browserState &gt; subscribe returns unsubscribe function" time="0.000453935">
        </testcase>
        <testcase classname="src/renderer/plugins/builtin/browser/main.test.ts" name="browserState &gt; dispatchCommand calls all registered handlers" time="0.000461789">
        </testcase>
        <testcase classname="src/renderer/plugins/builtin/browser/main.test.ts" name="browserState &gt; onCommand returns unsubscribe function" time="0.000477519">
        </testcase>
        <testcase classname="src/renderer/plugins/builtin/browser/main.test.ts" name="browserState &gt; reset clears everything" time="0.000449797">
        </testcase>
        <testcase classname="src/renderer/plugins/builtin/browser/main.test.ts" name="browserState &gt; double-unsubscribe is safe" time="0.000356794">
        </testcase>
        <testcase classname="src/renderer/plugins/builtin/browser/main.test.ts" name="browser plugin MainPanel &gt; is exported as a function" time="0.0001777">
        </testcase>
        <testcase classname="src/renderer/plugins/builtin/browser/main.test.ts" name="browser plugin MainPanel &gt; conforms to PluginModule.MainPanel shape (accepts { api })" time="0.000555012">
        </testcase>
        <testcase classname="src/renderer/plugins/builtin/browser/main.test.ts" name="browser plugin SidebarPanel &gt; is exported as a function" time="0.000191696">
        </testcase>
        <testcase classname="src/renderer/plugins/builtin/browser/main.test.ts" name="browser plugin SidebarPanel &gt; conforms to PluginModule.SidebarPanel shape (accepts { api })" time="0.000172301">
        </testcase>
        <testcase classname="src/renderer/plugins/builtin/browser/main.test.ts" name="browser plugin module exports &gt; exports activate function" time="0.000160158">
        </testcase>
        <testcase classname="src/renderer/plugins/builtin/browser/main.test.ts" name="browser plugin module exports &gt; exports deactivate function" time="0.000157112">
        </testcase>
        <testcase classname="src/renderer/plugins/builtin/browser/main.test.ts" name="browser plugin module exports &gt; exports MainPanel component" time="0.000190454">
        </testcase>
        <testcase classname="src/renderer/plugins/builtin/browser/main.test.ts" name="browser plugin module exports &gt; exports SidebarPanel component" time="0.000153666">
        </testcase>
        <testcase classname="src/renderer/plugins/builtin/browser/main.test.ts" name="browser plugin module exports &gt; does not export HubPanel" time="0.000152374">
        </testcase>
        <testcase classname="src/renderer/plugins/builtin/browser/main.test.ts" name="browser plugin module exports &gt; does not export SettingsPanel (uses declarative)" time="0.000152224">
        </testcase>
        <testcase classname="src/renderer/plugins/builtin/browser/main.test.ts" name="browser plugin lifecycle &gt; activate then deactivate does not throw" time="0.000284309">
        </testcase>
        <testcase classname="src/renderer/plugins/builtin/browser/main.test.ts" name="browser plugin lifecycle &gt; subscriptions from activate are disposable" time="0.000465275">
        </testcase>
    </testsuite>
    <testsuite name="src/renderer/plugins/builtin/browser/manifest.test.ts" timestamp="2026-03-25T04:47:30.461Z" hostname="runnervm46oaq" tests="16" failures="0" errors="0" skipped="0" time="0.012405425">
        <testcase classname="src/renderer/plugins/builtin/browser/manifest.test.ts" name="browser plugin manifest &gt; passes manifest validation" time="0.003068457">
        </testcase>
        <testcase classname="src/renderer/plugins/builtin/browser/manifest.test.ts" name="browser plugin manifest &gt; has correct id" time="0.000345542">
        </testcase>
        <testcase classname="src/renderer/plugins/builtin/browser/manifest.test.ts" name="browser plugin manifest &gt; is dual-scoped" time="0.000251848">
        </testcase>
        <testcase classname="src/renderer/plugins/builtin/browser/manifest.test.ts" name="browser plugin manifest &gt; targets API v0.8" time="0.000313904">
        </testcase>
        <testcase classname="src/renderer/plugins/builtin/browser/manifest.test.ts" name="browser plugin manifest &gt; declares required permissions including canvas" time="0.001589677">
        </testcase>
        <testcase classname="src/renderer/plugins/builtin/browser/manifest.test.ts" name="browser plugin manifest &gt; does not declare annex permission" time="0.000774951">
        </testcase>
        <testcase classname="src/renderer/plugins/builtin/browser/manifest.test.ts" name="browser plugin manifest &gt; contributes tab.title" time="0.000319624">
        </testcase>
        <testcase classname="src/renderer/plugins/builtin/browser/manifest.test.ts" name="browser plugin manifest &gt; contributes a sidebar-content layout tab" time="0.000477829">
        </testcase>
        <testcase classname="src/renderer/plugins/builtin/browser/manifest.test.ts" name="browser plugin manifest &gt; has a tab icon (SVG string)" time="0.000654768">
        </testcase>
        <testcase classname="src/renderer/plugins/builtin/browser/manifest.test.ts" name="browser plugin manifest &gt; declares a webview canvas widget" time="0.000798165">
        </testcase>
        <testcase classname="src/renderer/plugins/builtin/browser/manifest.test.ts" name="browser plugin manifest &gt; contributes help topics" time="0.000437704">
        </testcase>
        <testcase classname="src/renderer/plugins/builtin/browser/manifest.test.ts" name="browser plugin manifest &gt; contributes reload and devtools commands" time="0.00025251">
        </testcase>
        <testcase classname="src/renderer/plugins/builtin/browser/manifest.test.ts" name="browser plugin manifest &gt; declares allowLocalhost setting" time="0.00028503">
        </testcase>
        <testcase classname="src/renderer/plugins/builtin/browser/manifest.test.ts" name="browser plugin manifest &gt; declares allowFileProtocol setting" time="0.000331987">
        </testcase>
        <testcase classname="src/renderer/plugins/builtin/browser/manifest.test.ts" name="browser plugin manifest &gt; uses declarative settings panel" time="0.000146232">
        </testcase>
        <testcase classname="src/renderer/plugins/builtin/browser/manifest.test.ts" name="browser plugin manifest &gt; does not contribute a rail item (dual but has tab)" time="0.000241088">
        </testcase>
    </testsuite>
    <testsuite name="src/renderer/plugins/builtin/browser/url-validation.test.ts" timestamp="2026-03-25T04:47:30.464Z" hostname="runnervm46oaq" tests="32" failures="0" errors="0" skipped="0" time="0.016059209">
        <testcase classname="src/renderer/plugins/builtin/browser/url-validation.test.ts" name="validateUrl &gt; HTTPS &gt; allows https:// URLs with default settings" time="0.003645791">
        </testcase>
        <testcase classname="src/renderer/plugins/builtin/browser/url-validation.test.ts" name="validateUrl &gt; HTTPS &gt; allows https:// with path" time="0.000332468">
        </testcase>
        <testcase classname="src/renderer/plugins/builtin/browser/url-validation.test.ts" name="validateUrl &gt; HTTPS &gt; allows https:// with port" time="0.000329242">
        </testcase>
        <testcase classname="src/renderer/plugins/builtin/browser/url-validation.test.ts" name="validateUrl &gt; HTTP localhost &gt; blocks http://localhost when allowLocalhost is false" time="0.000640923">
        </testcase>
        <testcase classname="src/renderer/plugins/builtin/browser/url-validation.test.ts" name="validateUrl &gt; HTTP localhost &gt; allows http://localhost when allowLocalhost is true" time="0.000321488">
        </testcase>
        <testcase classname="src/renderer/plugins/builtin/browser/url-validation.test.ts" name="validateUrl &gt; HTTP localhost &gt; blocks http://127.0.0.1 when allowLocalhost is false" time="0.000339992">
        </testcase>
        <testcase classname="src/renderer/plugins/builtin/browser/url-validation.test.ts" name="validateUrl &gt; HTTP localhost &gt; allows http://127.0.0.1 when allowLocalhost is true" time="0.000446912">
        </testcase>
        <testcase classname="src/renderer/plugins/builtin/browser/url-validation.test.ts" name="validateUrl &gt; HTTP localhost &gt; allows http://[::1] when allowLocalhost is true" time="0.000415503">
        </testcase>
        <testcase classname="src/renderer/plugins/builtin/browser/url-validation.test.ts" name="validateUrl &gt; HTTP localhost &gt; blocks http://[::1] when allowLocalhost is false" time="0.000750907">
        </testcase>
        <testcase classname="src/renderer/plugins/builtin/browser/url-validation.test.ts" name="validateUrl &gt; HTTP non-localhost &gt; blocks http:// to remote hosts" time="0.000395455">
        </testcase>
        <testcase classname="src/renderer/plugins/builtin/browser/url-validation.test.ts" name="validateUrl &gt; HTTP non-localhost &gt; blocks http:// to remote hosts even with all settings enabled" time="0.000343569">
        </testcase>
        <testcase classname="src/renderer/plugins/builtin/browser/url-validation.test.ts" name="validateUrl &gt; file:// protocol &gt; blocks file:// when allowFileProtocol is false" time="0.00025813">
        </testcase>
        <testcase classname="src/renderer/plugins/builtin/browser/url-validation.test.ts" name="validateUrl &gt; file:// protocol &gt; allows file:// when allowFileProtocol is true" time="0.000236631">
        </testcase>
        <testcase classname="src/renderer/plugins/builtin/browser/url-validation.test.ts" name="validateUrl &gt; file:// protocol &gt; blocks file:// even if allowLocalhost is true but allowFileProtocol is false" time="0.00020436">
        </testcase>
        <testcase classname="src/renderer/plugins/builtin/browser/url-validation.test.ts" name="validateUrl &gt; unsupported protocols &gt; blocks ftp://" time="0.000261787">
        </testcase>
        <testcase classname="src/renderer/plugins/builtin/browser/url-validation.test.ts" name="validateUrl &gt; unsupported protocols &gt; blocks data: URLs" time="0.000272587">
        </testcase>
        <testcase classname="src/renderer/plugins/builtin/browser/url-validation.test.ts" name="validateUrl &gt; unsupported protocols &gt; blocks javascript: URLs" time="0.000205251">
        </testcase>
        <testcase classname="src/renderer/plugins/builtin/browser/url-validation.test.ts" name="validateUrl &gt; invalid input &gt; rejects empty string" time="0.00027955">
        </testcase>
        <testcase classname="src/renderer/plugins/builtin/browser/url-validation.test.ts" name="validateUrl &gt; invalid input &gt; rejects garbage input" time="0.00019886">
        </testcase>
        <testcase classname="src/renderer/plugins/builtin/browser/url-validation.test.ts" name="normalizeAddress &gt; returns empty string for empty input" time="0.0002316">
        </testcase>
        <testcase classname="src/renderer/plugins/builtin/browser/url-validation.test.ts" name="normalizeAddress &gt; returns empty string for whitespace-only input" time="0.000165537">
        </testcase>
        <testcase classname="src/renderer/plugins/builtin/browser/url-validation.test.ts" name="normalizeAddress &gt; passes through https:// URLs unchanged" time="0.000421564">
        </testcase>
        <testcase classname="src/renderer/plugins/builtin/browser/url-validation.test.ts" name="normalizeAddress &gt; passes through http:// URLs unchanged" time="0.000211693">
        </testcase>
        <testcase classname="src/renderer/plugins/builtin/browser/url-validation.test.ts" name="normalizeAddress &gt; passes through file:// URLs unchanged" time="0.000164686">
        </testcase>
        <testcase classname="src/renderer/plugins/builtin/browser/url-validation.test.ts" name="normalizeAddress &gt; prepends https:// for bare domains" time="0.000233404">
        </testcase>
        <testcase classname="src/renderer/plugins/builtin/browser/url-validation.test.ts" name="normalizeAddress &gt; prepends https:// for domains with paths" time="0.000258481">
        </testcase>
        <testcase classname="src/renderer/plugins/builtin/browser/url-validation.test.ts" name="normalizeAddress &gt; prepends http:// for localhost" time="0.000170948">
        </testcase>
        <testcase classname="src/renderer/plugins/builtin/browser/url-validation.test.ts" name="normalizeAddress &gt; prepends http:// for localhost with path" time="0.000161961">
        </testcase>
        <testcase classname="src/renderer/plugins/builtin/browser/url-validation.test.ts" name="normalizeAddress &gt; prepends http:// for 127.0.0.1" time="0.00016688">
        </testcase>
        <testcase classname="src/renderer/plugins/builtin/browser/url-validation.test.ts" name="normalizeAddress &gt; prepends http:// for 127.0.0.1 without port" time="0.000164236">
        </testcase>
        <testcase classname="src/renderer/plugins/builtin/browser/url-validation.test.ts" name="normalizeAddress &gt; trims whitespace" time="0.000152624">
        </testcase>
        <testcase classname="src/renderer/plugins/builtin/browser/url-validation.test.ts" name="normalizeAddress &gt; handles file: without double slash" time="0.000173212">
        </testcase>
    </testsuite>
    <testsuite name="src/renderer/plugins/builtin/files/FileTree.test.tsx" timestamp="2026-03-25T04:47:30.469Z" hostname="runnervm46oaq" tests="79" failures="0" errors="0" skipped="0" time="2.668946393">
        <testcase classname="src/renderer/plugins/builtin/files/FileTree.test.tsx" name="FileTree &gt; renders tree from api.files.readTree()" time="0.065160245">
        </testcase>
        <testcase classname="src/renderer/plugins/builtin/files/FileTree.test.tsx" name="FileTree &gt; shows directory chevrons, expand on click shows children" time="0.038465494">
        </testcase>
        <testcase classname="src/renderer/plugins/builtin/files/FileTree.test.tsx" name="FileTree &gt; clicking file calls fileState.setSelectedPath()" time="0.022071692">
        </testcase>
        <testcase classname="src/renderer/plugins/builtin/files/FileTree.test.tsx" name="FileTree &gt; refresh button calls api.files.readTree()" time="0.015425782">
        </testcase>
        <testcase classname="src/renderer/plugins/builtin/files/FileTree.test.tsx" name="FileTree &gt; shows git status badges (M for modified, U for untracked)" time="0.036360683">
        </testcase>
        <testcase classname="src/renderer/plugins/builtin/files/FileTree.test.tsx" name="FileTree &gt; context menu: new file calls api.files.writeFile()" time="0.041833695">
        </testcase>
        <testcase classname="src/renderer/plugins/builtin/files/FileTree.test.tsx" name="FileTree &gt; context menu: delete calls api.files.delete()" time="0.02681811">
        </testcase>
        <testcase classname="src/renderer/plugins/builtin/files/FileTree.test.tsx" name="FileTree &gt; keyboard nav: ArrowDown moves focus" time="0.019829131">
        </testcase>
        <testcase classname="src/renderer/plugins/builtin/files/FileTree.test.tsx" name="FileTree &gt; shows branch indicator" time="0.023513434">
        </testcase>
        <testcase classname="src/renderer/plugins/builtin/files/FileTree.test.tsx" name="FileTree &gt; shows worktree branch when an agent worktree is selected" time="0.033100265">
        </testcase>
        <testcase classname="src/renderer/plugins/builtin/files/FileTree.test.tsx" name="FileTree &gt; shows &quot;No Worktree&quot; when agent directory has no git info" time="0.034430707">
        </testcase>
        <testcase classname="src/renderer/plugins/builtin/files/FileTree.test.tsx" name="FileTree &gt; opens preview tab on file select" time="0.026538511">
        </testcase>
        <testcase classname="src/renderer/plugins/builtin/files/FileTree.test.tsx" name="FileTree &gt; shows toolbar buttons (new file, new folder, expand all, collapse all)" time="0.020814123">
        </testcase>
        <testcase classname="src/renderer/plugins/builtin/files/FileTree.test.tsx" name="FileTree &gt; does not show the &quot;changes won&apos;t appear&quot; footer" time="0.030341083">
        </testcase>
        <testcase classname="src/renderer/plugins/builtin/files/FileTree.test.tsx" name="FileTree — folder expansion stability &gt; expanded folder children survive a loadTree refresh" time="0.072563174">
        </testcase>
        <testcase classname="src/renderer/plugins/builtin/files/FileTree.test.tsx" name="FileTree — folder expansion stability &gt; file watcher refresh preserves expanded folder children" time="0.062282689">
            <system-err>
An update to FileTree inside a test was not wrapped in act(...).

When testing, code that causes React state updates should be wrapped into act(...):

act(() =&gt; {
  /* fire events that update state */
});
/* assert on the output */

This ensures that you&apos;re testing the behavior the user would see in the browser. Learn more at https://react.dev/link/wrap-tests-with-act
An update to FileTree inside a test was not wrapped in act(...).

When testing, code that causes React state updates should be wrapped into act(...):

act(() =&gt; {
  /* fire events that update state */
});
/* assert on the output */

This ensures that you&apos;re testing the behavior the user would see in the browser. Learn more at https://react.dev/link/wrap-tests-with-act

An update to FileTree inside a test was not wrapped in act(...).

When testing, code that causes React state updates should be wrapped into act(...):

act(() =&gt; {
  /* fire events that update state */
});
/* assert on the output */

This ensures that you&apos;re testing the behavior the user would see in the browser. Learn more at https://react.dev/link/wrap-tests-with-act

            </system-err>
        </testcase>
        <testcase classname="src/renderer/plugins/builtin/files/FileTree.test.tsx" name="FileTree — folder expansion stability &gt; multiple expanded folders all survive refresh" time="0.089442709">
        </testcase>
        <testcase classname="src/renderer/plugins/builtin/files/FileTree.test.tsx" name="FileTree — folder expansion stability &gt; collapsed folder does not re-expand after refresh" time="0.085080254">
        </testcase>
        <testcase classname="src/renderer/plugins/builtin/files/FileTree.test.tsx" name="FileTree — folder expansion stability &gt; file watcher debounces multiple rapid changes into one refresh" time="0.023050177">
            <system-err>
An update to FileTree inside a test was not wrapped in act(...).

When testing, code that causes React state updates should be wrapped into act(...):

act(() =&gt; {
  /* fire events that update state */
});
/* assert on the output */

This ensures that you&apos;re testing the behavior the user would see in the browser. Learn more at https://react.dev/link/wrap-tests-with-act
An update to FileTree inside a test was not wrapped in act(...).

When testing, code that causes React state updates should be wrapped into act(...):

act(() =&gt; {
  /* fire events that update state */
});
/* assert on the output */

This ensures that you&apos;re testing the behavior the user would see in the browser. Learn more at https://react.dev/link/wrap-tests-with-act
An update to FileTree inside a test was not wrapped in act(...).

When testing, code that causes React state updates should be wrapped into act(...):

act(() =&gt; {
  /* fire events that update state */
});
/* assert on the output */

This ensures that you&apos;re testing the behavior the user would see in the browser. Learn more at https://react.dev/link/wrap-tests-with-act

            </system-err>
        </testcase>
        <testcase classname="src/renderer/plugins/builtin/files/FileTree.test.tsx" name="FileTree — file structure rendering &gt; renders root-level directories and files" time="0.025329612">
        </testcase>
        <testcase classname="src/renderer/plugins/builtin/files/FileTree.test.tsx" name="FileTree — file structure rendering &gt; directories do not show children until expanded" time="0.019262277">
        </testcase>
        <testcase classname="src/renderer/plugins/builtin/files/FileTree.test.tsx" name="FileTree — file structure rendering &gt; expanding a folder lazy-loads and shows its children" time="0.051084979">
        </testcase>
        <testcase classname="src/renderer/plugins/builtin/files/FileTree.test.tsx" name="FileTree — file structure rendering &gt; collapsing a folder hides its children" time="0.051846751">
        </testcase>
        <testcase classname="src/renderer/plugins/builtin/files/FileTree.test.tsx" name="FileTree — file structure rendering &gt; nested folder expansion works (expand parent then child)" time="0.044034111">
        </testcase>
        <testcase classname="src/renderer/plugins/builtin/files/FileTree.test.tsx" name="FileTree — file structure rendering &gt; collapsing parent hides all nested children" time="0.044329348">
        </testcase>
        <testcase classname="src/renderer/plugins/builtin/files/FileTree.test.tsx" name="FileTree — file structure rendering &gt; expand-collapse-expand cycle re-shows children" time="0.038306881">
        </testcase>
        <testcase classname="src/renderer/plugins/builtin/files/FileTree.test.tsx" name="FileTree — file structure rendering &gt; expand all shows all nested directory contents" time="0.03415154">
        </testcase>
        <testcase classname="src/renderer/plugins/builtin/files/FileTree.test.tsx" name="FileTree — file structure rendering &gt; collapse all hides all expanded children" time="0.04867481">
        </testcase>
        <testcase classname="src/renderer/plugins/builtin/files/FileTree.test.tsx" name="FileTree — file structure rendering &gt; empty tree shows &quot;No files found&quot; message" time="0.006773589">
        </testcase>
        <testcase classname="src/renderer/plugins/builtin/files/FileTree.test.tsx" name="FileTree — file structure rendering &gt; keyboard Enter on directory toggles expansion" time="0.042793513">
        </testcase>
        <testcase classname="src/renderer/plugins/builtin/files/FileTree.test.tsx" name="FileTree — file structure rendering &gt; nested expanded folders survive refresh after parent re-expand" time="0.059104906">
        </testcase>
        <testcase classname="src/renderer/plugins/builtin/files/FileTree.test.tsx" name="FileTree — flicker prevention &gt; selection is preserved across file watcher refreshes" time="0.040471879">
            <system-err>
An update to FileTree inside a test was not wrapped in act(...).

When testing, code that causes React state updates should be wrapped into act(...):

act(() =&gt; {
  /* fire events that update state */
});
/* assert on the output */

This ensures that you&apos;re testing the behavior the user would see in the browser. Learn more at https://react.dev/link/wrap-tests-with-act
An update to FileTree inside a test was not wrapped in act(...).

When testing, code that causes React state updates should be wrapped into act(...):

act(() =&gt; {
  /* fire events that update state */
});
/* assert on the output */

This ensures that you&apos;re testing the behavior the user would see in the browser. Learn more at https://react.dev/link/wrap-tests-with-act
An update to FileTree inside a test was not wrapped in act(...).

When testing, code that causes React state updates should be wrapped into act(...):

act(() =&gt; {
  /* fire events that update state */
});
/* assert on the output */

This ensures that you&apos;re testing the behavior the user would see in the browser. Learn more at https://react.dev/link/wrap-tests-with-act

            </system-err>
        </testcase>
        <testcase classname="src/renderer/plugins/builtin/files/FileTree.test.tsx" name="FileTree — flicker prevention &gt; file watcher does not re-register when expanded state changes" time="0.08806584">
        </testcase>
        <testcase classname="src/renderer/plugins/builtin/files/FileTree.test.tsx" name="FileTree — flicker prevention &gt; concurrent loadTree calls discard stale results" time="0.042548047">
            <system-err>
An update to FileTree inside a test was not wrapped in act(...).

When testing, code that causes React state updates should be wrapped into act(...):

act(() =&gt; {
  /* fire events that update state */
});
/* assert on the output */

This ensures that you&apos;re testing the behavior the user would see in the browser. Learn more at https://react.dev/link/wrap-tests-with-act
An update to FileTree inside a test was not wrapped in act(...).

When testing, code that causes React state updates should be wrapped into act(...):

act(() =&gt; {
  /* fire events that update state */
});
/* assert on the output */

This ensures that you&apos;re testing the behavior the user would see in the browser. Learn more at https://react.dev/link/wrap-tests-with-act
An update to FileTree inside a test was not wrapped in act(...).

When testing, code that causes React state updates should be wrapped into act(...):

act(() =&gt; {
  /* fire events that update state */
});
/* assert on the output */

This ensures that you&apos;re testing the behavior the user would see in the browser. Learn more at https://react.dev/link/wrap-tests-with-act

An update to FileTree inside a test was not wrapped in act(...).

When testing, code that causes React state updates should be wrapped into act(...):

act(() =&gt; {
  /* fire events that update state */
});
/* assert on the output */

This ensures that you&apos;re testing the behavior the user would see in the browser. Learn more at https://react.dev/link/wrap-tests-with-act
An update to FileTree inside a test was not wrapped in act(...).

When testing, code that causes React state updates should be wrapped into act(...):

act(() =&gt; {
  /* fire events that update state */
});
/* assert on the output */

This ensures that you&apos;re testing the behavior the user would see in the browser. Learn more at https://react.dev/link/wrap-tests-with-act
An update to FileTree inside a test was not wrapped in act(...).

When testing, code that causes React state updates should be wrapped into act(...):

act(() =&gt; {
  /* fire events that update state */
});
/* assert on the output */

This ensures that you&apos;re testing the behavior the user would see in the browser. Learn more at https://react.dev/link/wrap-tests-with-act

            </system-err>
        </testcase>
        <testcase classname="src/renderer/plugins/builtin/files/FileTree.test.tsx" name="FileTree — keyboard navigation &gt; onFocus initializes focusedPath to first visible node" time="0.020989151">
        </testcase>
        <testcase classname="src/renderer/plugins/builtin/files/FileTree.test.tsx" name="FileTree — keyboard navigation &gt; onFocus initializes focusedPath to selected item when one exists" time="0.017246835">
        </testcase>
        <testcase classname="src/renderer/plugins/builtin/files/FileTree.test.tsx" name="FileTree — keyboard navigation &gt; ArrowDown wraps around to first item at end of list" time="0.028909903">
        </testcase>
        <testcase classname="src/renderer/plugins/builtin/files/FileTree.test.tsx" name="FileTree — keyboard navigation &gt; ArrowUp wraps around to last item at beginning of list" time="0.05644914">
        </testcase>
        <testcase classname="src/renderer/plugins/builtin/files/FileTree.test.tsx" name="FileTree — keyboard navigation &gt; ArrowRight expands a collapsed directory" time="0.035066075">
        </testcase>
        <testcase classname="src/renderer/plugins/builtin/files/FileTree.test.tsx" name="FileTree — keyboard navigation &gt; ArrowLeft collapses an expanded directory" time="0.041799609">
        </testcase>
        <testcase classname="src/renderer/plugins/builtin/files/FileTree.test.tsx" name="FileTree — keyboard navigation &gt; ArrowRight does nothing on an already expanded directory" time="0.025745512">
        </testcase>
        <testcase classname="src/renderer/plugins/builtin/files/FileTree.test.tsx" name="FileTree — keyboard navigation &gt; ArrowLeft does nothing on a collapsed directory" time="0.020970664">
        </testcase>
        <testcase classname="src/renderer/plugins/builtin/files/FileTree.test.tsx" name="FileTree — keyboard navigation &gt; Space key opens preview tab for focused file" time="0.028837314">
        </testcase>
        <testcase classname="src/renderer/plugins/builtin/files/FileTree.test.tsx" name="FileTree — keyboard navigation &gt; focus indicator is visually distinct from hover style" time="0.02431206">
        </testcase>
        <testcase classname="src/renderer/plugins/builtin/files/FileTree.test.tsx" name="FileTree — accessibility &gt; container has role=&quot;tree&quot; and tabIndex" time="0.014273609">
        </testcase>
        <testcase classname="src/renderer/plugins/builtin/files/FileTree.test.tsx" name="FileTree — accessibility &gt; container has focus ring classes" time="0.013915171">
        </testcase>
        <testcase classname="src/renderer/plugins/builtin/files/FileTree.test.tsx" name="FileTree — accessibility &gt; tree items have role=&quot;treeitem&quot; and aria attributes" time="0.016187267">
        </testcase>
        <testcase classname="src/renderer/plugins/builtin/files/FileTree.test.tsx" name="FileTree — accessibility &gt; expanded directory has aria-expanded=&quot;true&quot;" time="0.034176075">
        </testcase>
        <testcase classname="src/renderer/plugins/builtin/files/FileTree.test.tsx" name="FileTree — accessibility &gt; selected file has aria-selected=&quot;true&quot;" time="0.019111497">
        </testcase>
        <testcase classname="src/renderer/plugins/builtin/files/FileTree.test.tsx" name="FileTree — accessibility &gt; nested tree items have correct aria-level" time="0.035046505">
        </testcase>
        <testcase classname="src/renderer/plugins/builtin/files/FileTree.test.tsx" name="FileTree — accessibility &gt; scrollIntoView is called when focused path changes" time="0.029842295">
        </testcase>
        <testcase classname="src/renderer/plugins/builtin/files/FileTree.test.tsx" name="FileTree — accessibility &gt; tree items have hover class when not selected" time="0.014660269">
        </testcase>
        <testcase classname="src/renderer/plugins/builtin/files/FileTree.test.tsx" name="FileTree — accessibility &gt; selected tree items have solid background" time="0.01895265">
        </testcase>
        <testcase classname="src/renderer/plugins/builtin/files/FileTree.test.tsx" name="FileTree — accessibility &gt; context menu items have rounded hover styling" time="0.020976436">
        </testcase>
        <testcase classname="src/renderer/plugins/builtin/files/FileTree.test.tsx" name="FileTree — accessibility &gt; context menu delete item has themed hover" time="0.021458652">
        </testcase>
        <testcase classname="src/renderer/plugins/builtin/files/FileTree.test.tsx" name="FileTree — focus follows click &gt; clicking a file sets focus to that item (no stale focus ring)" time="0.02556748">
        </testcase>
        <testcase classname="src/renderer/plugins/builtin/files/FileTree.test.tsx" name="FileTree — focus follows click &gt; clicking a directory moves focus to that directory" time="0.028601186">
        </testcase>
        <testcase classname="src/renderer/plugins/builtin/files/FileTree.test.tsx" name="FileTree — focus follows click &gt; double-clicking a file moves focus to that item" time="0.024088985">
        </testcase>
        <testcase classname="src/renderer/plugins/builtin/files/FileTree.test.tsx" name="FileTree — focus follows click &gt; unselected items use dimmer text that brightens on hover class" time="0.01412405">
        </testcase>
        <testcase classname="src/renderer/plugins/builtin/files/FileTree.test.tsx" name="FileTree — filter/search &gt; renders a filter input" time="0.020770777">
        </testcase>
        <testcase classname="src/renderer/plugins/builtin/files/FileTree.test.tsx" name="FileTree — filter/search &gt; typing in filter shows only matching files" time="0.019991052">
        </testcase>
        <testcase classname="src/renderer/plugins/builtin/files/FileTree.test.tsx" name="FileTree — filter/search &gt; shows &quot;No matching files&quot; when filter has no results" time="0.017698729">
        </testcase>
        <testcase classname="src/renderer/plugins/builtin/files/FileTree.test.tsx" name="FileTree — filter/search &gt; clear button resets filter and shows all files" time="0.031460759">
        </testcase>
        <testcase classname="src/renderer/plugins/builtin/files/FileTree.test.tsx" name="FileTree — filter/search &gt; Escape key clears the filter" time="0.027219523">
        </testcase>
        <testcase classname="src/renderer/plugins/builtin/files/FileTree.test.tsx" name="FileTree — filter/search &gt; filter auto-expands directories that contain matches" time="0.034144201">
        </testcase>
        <testcase classname="src/renderer/plugins/builtin/files/FileTree.test.tsx" name="FileTree — filter/search &gt; filter input does not propagate keyboard events to tree nav" time="0.016352455">
        </testcase>
        <testcase classname="src/renderer/plugins/builtin/files/FileTree.test.tsx" name="FileTree — multi-select &gt; Cmd+Click selects multiple files" time="0.020227431">
        </testcase>
        <testcase classname="src/renderer/plugins/builtin/files/FileTree.test.tsx" name="FileTree — multi-select &gt; Ctrl+Click also selects multiple files" time="0.020002047">
        </testcase>
        <testcase classname="src/renderer/plugins/builtin/files/FileTree.test.tsx" name="FileTree — multi-select &gt; shows selection count badge when multiple items selected" time="0.014621495">
        </testcase>
        <testcase classname="src/renderer/plugins/builtin/files/FileTree.test.tsx" name="FileTree — multi-select &gt; regular click clears multi-selection" time="0.024987716">
        </testcase>
        <testcase classname="src/renderer/plugins/builtin/files/FileTree.test.tsx" name="FileTree — multi-select &gt; context menu shows &quot;Delete N items&quot; when multiple are selected" time="0.019055249">
        </testcase>
        <testcase classname="src/renderer/plugins/builtin/files/FileTree.test.tsx" name="FileTree — drag-and-drop &gt; tree nodes have draggable=true attribute" time="0.009774152">
        </testcase>
        <testcase classname="src/renderer/plugins/builtin/files/FileTree.test.tsx" name="FileTree — drag-and-drop &gt; dragging a file onto a directory calls api.files.rename after confirm" time="0.030589024">
        </testcase>
        <testcase classname="src/renderer/plugins/builtin/files/FileTree.test.tsx" name="FileTree — drag-and-drop &gt; drop is cancelled when user rejects confirm" time="0.0263989">
        </testcase>
        <testcase classname="src/renderer/plugins/builtin/files/FileTree.test.tsx" name="FileTree — reveal active file &gt; auto-expands parent directory when a tab is opened in fileState" time="0.027752619">
            <system-err>
An update to FileTree inside a test was not wrapped in act(...).

When testing, code that causes React state updates should be wrapped into act(...):

act(() =&gt; {
  /* fire events that update state */
});
/* assert on the output */

This ensures that you&apos;re testing the behavior the user would see in the browser. Learn more at https://react.dev/link/wrap-tests-with-act

            </system-err>
        </testcase>
        <testcase classname="src/renderer/plugins/builtin/files/FileTree.test.tsx" name="FileTree — reveal active file &gt; highlights the revealed file in the tree" time="0.01451126">
            <system-err>
An update to FileTree inside a test was not wrapped in act(...).

When testing, code that causes React state updates should be wrapped into act(...):

act(() =&gt; {
  /* fire events that update state */
});
/* assert on the output */

This ensures that you&apos;re testing the behavior the user would see in the browser. Learn more at https://react.dev/link/wrap-tests-with-act

            </system-err>
        </testcase>
        <testcase classname="src/renderer/plugins/builtin/files/FileTree.test.tsx" name="FileTree — reveal active file &gt; does not re-reveal when same file is already active" time="0.119080173">
            <system-err>
An update to FileTree inside a test was not wrapped in act(...).

When testing, code that causes React state updates should be wrapped into act(...):

act(() =&gt; {
  /* fire events that update state */
});
/* assert on the output */

This ensures that you&apos;re testing the behavior the user would see in the browser. Learn more at https://react.dev/link/wrap-tests-with-act

An update to FileTree inside a test was not wrapped in act(...).

When testing, code that causes React state updates should be wrapped into act(...):

act(() =&gt; {
  /* fire events that update state */
});
/* assert on the output */

This ensures that you&apos;re testing the behavior the user would see in the browser. Learn more at https://react.dev/link/wrap-tests-with-act

            </system-err>
        </testcase>
        <testcase classname="src/renderer/plugins/builtin/files/FileTree.test.tsx" name="FileTree — persistence &gt; saves expanded paths to storage when dirs are expanded" time="0.062008853">
        </testcase>
        <testcase classname="src/renderer/plugins/builtin/files/FileTree.test.tsx" name="FileTree — persistence &gt; restores expanded paths from storage on mount" time="0.071482294">
        </testcase>
    </testsuite>
    <testsuite name="src/renderer/plugins/builtin/files/FileViewer.test.tsx" timestamp="2026-03-25T04:47:30.484Z" hostname="runnervm46oaq" tests="9" failures="0" errors="0" skipped="0" time="0.220109266">
        <testcase classname="src/renderer/plugins/builtin/files/FileViewer.test.tsx" name="FileViewer &gt; shows empty state when no file selected" time="0.05000921">
        </testcase>
        <testcase classname="src/renderer/plugins/builtin/files/FileViewer.test.tsx" name="FileViewer &gt; loads text file content from API" time="0.054954303">
        </testcase>
        <testcase classname="src/renderer/plugins/builtin/files/FileViewer.test.tsx" name="FileViewer &gt; shows markdown preview for .md files" time="0.021175267">
        </testcase>
        <testcase classname="src/renderer/plugins/builtin/files/FileViewer.test.tsx" name="FileViewer &gt; shows image preview for image files" time="0.014721983">
        </testcase>
        <testcase classname="src/renderer/plugins/builtin/files/FileViewer.test.tsx" name="FileViewer &gt; save calls api.files.writeFile()" time="0.0129779">
        </testcase>
        <testcase classname="src/renderer/plugins/builtin/files/FileViewer.test.tsx" name="FileViewer &gt; shows &quot;Open in Finder&quot; button that calls api.files.showInFolder()" time="0.017467276">
        </testcase>
        <testcase classname="src/renderer/plugins/builtin/files/FileViewer.test.tsx" name="FileViewer &gt; shows binary file message for unsupported formats" time="0.009568087">
        </testcase>
        <testcase classname="src/renderer/plugins/builtin/files/FileViewer.test.tsx" name="FileViewer &gt; shows status bar with line/column and language for text files" time="0.015961029">
        </testcase>
        <testcase classname="src/renderer/plugins/builtin/files/FileViewer.test.tsx" name="FileViewer &gt; does not show status bar for binary files" time="0.019254765">
        </testcase>
    </testsuite>
    <testsuite name="src/renderer/plugins/builtin/files/FileViewerCanvasWidget.test.ts" timestamp="2026-03-25T04:47:30.486Z" hostname="runnervm46oaq" tests="15" failures="0" errors="0" skipped="0" time="0.007378664">
        <testcase classname="src/renderer/plugins/builtin/files/FileViewerCanvasWidget.test.ts" name="FileViewerCanvasWidget — worktree option label &gt; shows &quot;/ (main)&quot; with branch for the main worktree" time="0.001673512">
        </testcase>
        <testcase classname="src/renderer/plugins/builtin/files/FileViewerCanvasWidget.test.ts" name="FileViewerCanvasWidget — worktree option label &gt; shows worktree label with branch for linked worktrees" time="0.000251929">
        </testcase>
        <testcase classname="src/renderer/plugins/builtin/files/FileViewerCanvasWidget.test.ts" name="FileViewerCanvasWidget — worktree option label &gt; omits branch suffix when branch is empty" time="0.000170757">
        </testcase>
        <testcase classname="src/renderer/plugins/builtin/files/FileViewerCanvasWidget.test.ts" name="FileViewerCanvasWidget — worktree option label &gt; shows &quot;/ (main)&quot; without suffix when branch is empty" time="0.00021519">
        </testcase>
        <testcase classname="src/renderer/plugins/builtin/files/FileViewerCanvasWidget.test.ts" name="FileViewerCanvasWidget — worktree selector visibility &gt; hidden when no worktrees are returned" time="0.000182118">
        </testcase>
        <testcase classname="src/renderer/plugins/builtin/files/FileViewerCanvasWidget.test.ts" name="FileViewerCanvasWidget — worktree selector visibility &gt; hidden when only one worktree (main)" time="0.000148497">
        </testcase>
        <testcase classname="src/renderer/plugins/builtin/files/FileViewerCanvasWidget.test.ts" name="FileViewerCanvasWidget — worktree selector visibility &gt; shown when multiple worktrees exist" time="0.00023111">
        </testcase>
        <testcase classname="src/renderer/plugins/builtin/files/FileViewerCanvasWidget.test.ts" name="FileViewerCanvasWidget — rootPath resolution &gt; uses metadata rootPath when set" time="0.000294197">
        </testcase>
        <testcase classname="src/renderer/plugins/builtin/files/FileViewerCanvasWidget.test.ts" name="FileViewerCanvasWidget — rootPath resolution &gt; falls back to project path when no metadata rootPath" time="0.000546096">
        </testcase>
        <testcase classname="src/renderer/plugins/builtin/files/FileViewerCanvasWidget.test.ts" name="FileViewerCanvasWidget — rootPath resolution &gt; falls back to project path when metadata rootPath is null" time="0.000198009">
        </testcase>
        <testcase classname="src/renderer/plugins/builtin/files/FileViewerCanvasWidget.test.ts" name="FileViewerCanvasWidget — rootPath resolution &gt; returns empty string when neither is available" time="0.000213778">
        </testcase>
        <testcase classname="src/renderer/plugins/builtin/files/FileViewerCanvasWidget.test.ts" name="FileViewerCanvasWidget — worktree switch metadata &gt; sets the new rootPath" time="0.000149669">
        </testcase>
        <testcase classname="src/renderer/plugins/builtin/files/FileViewerCanvasWidget.test.ts" name="FileViewerCanvasWidget — worktree switch metadata &gt; clears filePath" time="0.000141453">
        </testcase>
        <testcase classname="src/renderer/plugins/builtin/files/FileViewerCanvasWidget.test.ts" name="files manifest — file-viewer metadataKeys &gt; includes rootPath in metadataKeys" time="0.000710682">
        </testcase>
        <testcase classname="src/renderer/plugins/builtin/files/FileViewerCanvasWidget.test.ts" name="files manifest — file-viewer metadataKeys &gt; still includes projectId and filePath" time="0.000240227">
        </testcase>
    </testsuite>
    <testsuite name="src/renderer/plugins/builtin/files/MarkdownPreview.test.tsx" timestamp="2026-03-25T04:47:30.489Z" hostname="runnervm46oaq" tests="3" failures="0" errors="0" skipped="0" time="0.118973834">
        <testcase classname="src/renderer/plugins/builtin/files/MarkdownPreview.test.tsx" name="MarkdownPreview &gt; renders markdown content as HTML" time="0.086824746">
        </testcase>
        <testcase classname="src/renderer/plugins/builtin/files/MarkdownPreview.test.tsx" name="MarkdownPreview &gt; has tabIndex for keyboard focus" time="0.009664286">
        </testcase>
        <testcase classname="src/renderer/plugins/builtin/files/MarkdownPreview.test.tsx" name="MarkdownPreview &gt; is focusable for scoped Cmd+A" time="0.018798755">
        </testcase>
    </testsuite>
    <testsuite name="src/renderer/plugins/builtin/files/MonacoEditor.test.tsx" timestamp="2026-03-25T04:47:30.489Z" hostname="runnervm46oaq" tests="7" failures="0" errors="0" skipped="0" time="0.110639741">
        <testcase classname="src/renderer/plugins/builtin/files/MonacoEditor.test.tsx" name="MonacoEditor lazy loading &gt; shows loading indicator then renders editor" time="0.060925173">
        </testcase>
        <testcase classname="src/renderer/plugins/builtin/files/MonacoEditor.test.tsx" name="MonacoEditor lazy loading &gt; disposes editor on unmount" time="0.010346757">
        </testcase>
        <testcase classname="src/renderer/plugins/builtin/files/MonacoEditor.test.tsx" name="MonacoEditor find/replace keybindings &gt; registers find and replace keybindings on editor" time="0.010036961">
        </testcase>
        <testcase classname="src/renderer/plugins/builtin/files/MonacoEditor.test.tsx" name="MonacoEditor find/replace keybindings &gt; invokes correct editor trigger actions for find keybindings" time="0.007860803">
        </testcase>
        <testcase classname="src/renderer/plugins/builtin/files/MonacoEditor.test.tsx" name="MonacoEditor word wrap toggle &gt; registers Alt+Z keybinding for word wrap toggle" time="0.006974464">
        </testcase>
        <testcase classname="src/renderer/plugins/builtin/files/MonacoEditor.test.tsx" name="MonacoEditor word wrap toggle &gt; toggles word wrap on/off when Alt+Z callback is invoked" time="0.006554833">
        </testcase>
        <testcase classname="src/renderer/plugins/builtin/files/MonacoEditor.test.tsx" name="MonacoEditor enhanced options &gt; creates editor with minimap enabled" time="0.003969264">
        </testcase>
    </testsuite>
    <testsuite name="src/renderer/plugins/builtin/files/main.test.ts" timestamp="2026-03-25T04:47:30.491Z" hostname="runnervm46oaq" tests="14" failures="0" errors="0" skipped="0" time="0.013378285">
        <testcase classname="src/renderer/plugins/builtin/files/main.test.ts" name="files plugin &gt; manifest &gt; passes validation" time="0.004735107">
        </testcase>
        <testcase classname="src/renderer/plugins/builtin/files/main.test.ts" name="files plugin &gt; manifest &gt; has id &quot;files&quot;" time="0.000281594">
        </testcase>
        <testcase classname="src/renderer/plugins/builtin/files/main.test.ts" name="files plugin &gt; manifest &gt; targets API v0.8" time="0.000267408">
        </testcase>
        <testcase classname="src/renderer/plugins/builtin/files/main.test.ts" name="files plugin &gt; manifest &gt; declares required permissions including canvas" time="0.001466337">
        </testcase>
        <testcase classname="src/renderer/plugins/builtin/files/main.test.ts" name="files plugin &gt; manifest &gt; is project-scoped" time="0.000308263">
        </testcase>
        <testcase classname="src/renderer/plugins/builtin/files/main.test.ts" name="files plugin &gt; manifest &gt; contributes a tab with sidebar-content layout" time="0.000404602">
        </testcase>
        <testcase classname="src/renderer/plugins/builtin/files/main.test.ts" name="files plugin &gt; manifest &gt; contributes a refresh command" time="0.00063963">
        </testcase>
        <testcase classname="src/renderer/plugins/builtin/files/main.test.ts" name="files plugin &gt; manifest &gt; contributes showHiddenFiles setting defaulting to true" time="0.000303805">
        </testcase>
        <testcase classname="src/renderer/plugins/builtin/files/main.test.ts" name="files plugin &gt; manifest &gt; contributes help topics" time="0.000930511">
        </testcase>
        <testcase classname="src/renderer/plugins/builtin/files/main.test.ts" name="files plugin &gt; manifest &gt; uses declarative settings panel" time="0.000342017">
        </testcase>
        <testcase classname="src/renderer/plugins/builtin/files/main.test.ts" name="files plugin &gt; module exports &gt; exports activate function" time="0.000308193">
        </testcase>
        <testcase classname="src/renderer/plugins/builtin/files/main.test.ts" name="files plugin &gt; module exports &gt; exports deactivate function" time="0.000233043">
        </testcase>
        <testcase classname="src/renderer/plugins/builtin/files/main.test.ts" name="files plugin &gt; module exports &gt; exports SidebarPanel component" time="0.000245156">
        </testcase>
        <testcase classname="src/renderer/plugins/builtin/files/main.test.ts" name="files plugin &gt; module exports &gt; exports MainPanel component" time="0.000228645">
        </testcase>
    </testsuite>
    <testsuite name="src/renderer/plugins/builtin/files/manifest.test.ts" timestamp="2026-03-25T04:47:30.493Z" hostname="runnervm46oaq" tests="14" failures="0" errors="0" skipped="0" time="0.013744485">
        <testcase classname="src/renderer/plugins/builtin/files/manifest.test.ts" name="files plugin manifest &gt; passes manifest validation" time="0.004330796">
        </testcase>
        <testcase classname="src/renderer/plugins/builtin/files/manifest.test.ts" name="files plugin manifest &gt; has correct id" time="0.000398181">
        </testcase>
        <testcase classname="src/renderer/plugins/builtin/files/manifest.test.ts" name="files plugin manifest &gt; is project-scoped" time="0.000261025">
        </testcase>
        <testcase classname="src/renderer/plugins/builtin/files/manifest.test.ts" name="files plugin manifest &gt; targets API v0.8" time="0.000319614">
        </testcase>
        <testcase classname="src/renderer/plugins/builtin/files/manifest.test.ts" name="files plugin manifest &gt; declares required permissions including canvas" time="0.001679414">
        </testcase>
        <testcase classname="src/renderer/plugins/builtin/files/manifest.test.ts" name="files plugin manifest &gt; contributes tab.title" time="0.000261637">
        </testcase>
        <testcase classname="src/renderer/plugins/builtin/files/manifest.test.ts" name="files plugin manifest &gt; declares a file-viewer canvas widget" time="0.000915213">
        </testcase>
        <testcase classname="src/renderer/plugins/builtin/files/manifest.test.ts" name="files plugin manifest &gt; contributes help topics" time="0.000394463">
        </testcase>
        <testcase classname="src/renderer/plugins/builtin/files/manifest.test.ts" name="files plugin manifest &gt; contributes a sidebar-content layout tab" time="0.000917106">
        </testcase>
        <testcase classname="src/renderer/plugins/builtin/files/manifest.test.ts" name="files plugin manifest &gt; contributes a refresh command with defaultBinding" time="0.000414902">
        </testcase>
        <testcase classname="src/renderer/plugins/builtin/files/manifest.test.ts" name="files plugin manifest &gt; has a tab icon (SVG string)" time="0.000431332">
        </testcase>
        <testcase classname="src/renderer/plugins/builtin/files/manifest.test.ts" name="files plugin manifest &gt; does not contribute a rail item (project-scoped only)" time="0.000206394">
        </testcase>
        <testcase classname="src/renderer/plugins/builtin/files/manifest.test.ts" name="files plugin manifest &gt; uses declarative settings panel" time="0.000154828">
        </testcase>
        <testcase classname="src/renderer/plugins/builtin/files/manifest.test.ts" name="files plugin manifest &gt; defaults showHiddenFiles to true" time="0.000282455">
        </testcase>
    </testsuite>
    <testsuite name="src/renderer/plugins/builtin/files/monaco-theme.test.ts" timestamp="2026-03-25T04:47:30.496Z" hostname="runnervm46oaq" tests="3" failures="0" errors="0" skipped="0" time="0.006913259">
        <testcase classname="src/renderer/plugins/builtin/files/monaco-theme.test.ts" name="generateMonacoTheme &gt; generates find widget colors from theme definition" time="0.003995331">
        </testcase>
        <testcase classname="src/renderer/plugins/builtin/files/monaco-theme.test.ts" name="generateMonacoTheme &gt; uses vs-dark base for dark themes" time="0.000465826">
        </testcase>
        <testcase classname="src/renderer/plugins/builtin/files/monaco-theme.test.ts" name="generateMonacoTheme &gt; uses vs base for light themes" time="0.000399313">
        </testcase>
    </testsuite>
    <testsuite name="src/renderer/plugins/builtin/files/state.test.ts" timestamp="2026-03-25T04:47:30.497Z" hostname="runnervm46oaq" tests="45" failures="0" errors="0" skipped="0" time="0.03006602">
        <testcase classname="src/renderer/plugins/builtin/files/state.test.ts" name="fileState — tab management &gt; openTab &gt; opens a new tab and makes it active" time="0.005449256">
        </testcase>
        <testcase classname="src/renderer/plugins/builtin/files/state.test.ts" name="fileState — tab management &gt; openTab &gt; opens a preview tab" time="0.000382291">
        </testcase>
        <testcase classname="src/renderer/plugins/builtin/files/state.test.ts" name="fileState — tab management &gt; openTab &gt; activates existing tab if same file is opened" time="0.000758301">
        </testcase>
        <testcase classname="src/renderer/plugins/builtin/files/state.test.ts" name="fileState — tab management &gt; openTab &gt; replaces preview tab when opening another file in preview mode" time="0.001747534">
        </testcase>
        <testcase classname="src/renderer/plugins/builtin/files/state.test.ts" name="fileState — tab management &gt; openTab &gt; does not replace preview tab when opening permanently" time="0.000573798">
        </testcase>
        <testcase classname="src/renderer/plugins/builtin/files/state.test.ts" name="fileState — tab management &gt; openTab &gt; promotes preview tab to permanent when opening same file non-preview" time="0.000475204">
        </testcase>
        <testcase classname="src/renderer/plugins/builtin/files/state.test.ts" name="fileState — tab management &gt; closeTab &gt; closes a tab" time="0.000737332">
        </testcase>
        <testcase classname="src/renderer/plugins/builtin/files/state.test.ts" name="fileState — tab management &gt; closeTab &gt; activates adjacent tab when closing active tab" time="0.000461929">
        </testcase>
        <testcase classname="src/renderer/plugins/builtin/files/state.test.ts" name="fileState — tab management &gt; closeTab &gt; adds closed file to recentlyClosed" time="0.001120454">
        </testcase>
        <testcase classname="src/renderer/plugins/builtin/files/state.test.ts" name="fileState — tab management &gt; closeTab &gt; returns true on successful close" time="0.000390937">
        </testcase>
        <testcase classname="src/renderer/plugins/builtin/files/state.test.ts" name="fileState — tab management &gt; closeTab &gt; returns false for unknown tab" time="0.000296912">
        </testcase>
        <testcase classname="src/renderer/plugins/builtin/files/state.test.ts" name="fileState — tab management &gt; closeTab &gt; caps recentlyClosed at 20 entries" time="0.000390546">
        </testcase>
        <testcase classname="src/renderer/plugins/builtin/files/state.test.ts" name="fileState — tab management &gt; closeOtherTabs &gt; closes all tabs except the specified one" time="0.000491174">
        </testcase>
        <testcase classname="src/renderer/plugins/builtin/files/state.test.ts" name="fileState — tab management &gt; closeTabsToRight &gt; closes tabs to the right of the specified tab" time="0.000851053">
        </testcase>
        <testcase classname="src/renderer/plugins/builtin/files/state.test.ts" name="fileState — tab management &gt; closeTabsToRight &gt; switches active to kept tab if active was closed" time="0.000276594">
        </testcase>
        <testcase classname="src/renderer/plugins/builtin/files/state.test.ts" name="fileState — tab management &gt; closeAllTabs &gt; closes all tabs" time="0.000456529">
        </testcase>
        <testcase classname="src/renderer/plugins/builtin/files/state.test.ts" name="fileState — tab management &gt; activateTab &gt; sets the active tab" time="0.000264793">
        </testcase>
        <testcase classname="src/renderer/plugins/builtin/files/state.test.ts" name="fileState — tab management &gt; activateTab &gt; does nothing for unknown tab" time="0.000187909">
        </testcase>
        <testcase classname="src/renderer/plugins/builtin/files/state.test.ts" name="fileState — tab management &gt; reopenLastClosed &gt; reopens the last closed file" time="0.000519476">
        </testcase>
        <testcase classname="src/renderer/plugins/builtin/files/state.test.ts" name="fileState — tab management &gt; reopenLastClosed &gt; returns null when no tabs to reopen" time="0.000189593">
        </testcase>
        <testcase classname="src/renderer/plugins/builtin/files/state.test.ts" name="fileState — tab management &gt; reopenLastClosed &gt; activates existing tab if the file is already open" time="0.000450568">
        </testcase>
        <testcase classname="src/renderer/plugins/builtin/files/state.test.ts" name="fileState — tab management &gt; dirty state &gt; tracks per-tab dirty state" time="0.000334743">
        </testcase>
        <testcase classname="src/renderer/plugins/builtin/files/state.test.ts" name="fileState — tab management &gt; dirty state &gt; promotes preview tab when dirty" time="0.000245166">
        </testcase>
        <testcase classname="src/renderer/plugins/builtin/files/state.test.ts" name="fileState — tab management &gt; dirty state &gt; aggregates dirty state" time="0.000423317">
        </testcase>
        <testcase classname="src/renderer/plugins/builtin/files/state.test.ts" name="fileState — tab management &gt; scroll state &gt; stores scroll state per tab" time="0.000912087">
        </testcase>
        <testcase classname="src/renderer/plugins/builtin/files/state.test.ts" name="fileState — tab management &gt; pin tabs &gt; pins a tab" time="0.000280412">
        </testcase>
        <testcase classname="src/renderer/plugins/builtin/files/state.test.ts" name="fileState — tab management &gt; pin tabs &gt; promotes preview to permanent when pinned" time="0.000248012">
        </testcase>
        <testcase classname="src/renderer/plugins/builtin/files/state.test.ts" name="fileState — tab management &gt; pin tabs &gt; moves pinned tabs to front of tabOrder" time="0.000275983">
        </testcase>
        <testcase classname="src/renderer/plugins/builtin/files/state.test.ts" name="fileState — tab management &gt; pin tabs &gt; unpins a tab" time="0.000233554">
        </testcase>
        <testcase classname="src/renderer/plugins/builtin/files/state.test.ts" name="fileState — tab management &gt; reorderTab &gt; reorders a tab" time="0.000385817">
        </testcase>
        <testcase classname="src/renderer/plugins/builtin/files/state.test.ts" name="fileState — tab management &gt; reorderTab &gt; does not reorder unpinned tab before pinned tabs" time="0.000254233">
        </testcase>
        <testcase classname="src/renderer/plugins/builtin/files/state.test.ts" name="fileState — tab management &gt; getOrderedTabs &gt; returns tabs in display order" time="0.000388703">
        </testcase>
        <testcase classname="src/renderer/plugins/builtin/files/state.test.ts" name="fileState — tab management &gt; preview mode &gt; getPreviewTab returns the preview tab" time="0.000292955">
        </testcase>
        <testcase classname="src/renderer/plugins/builtin/files/state.test.ts" name="fileState — tab management &gt; preview mode &gt; promotePreview makes a preview tab permanent" time="0.000273108">
        </testcase>
        <testcase classname="src/renderer/plugins/builtin/files/state.test.ts" name="fileState — tab management &gt; serialize / restore &gt; serializes tab state" time="0.000600958">
        </testcase>
        <testcase classname="src/renderer/plugins/builtin/files/state.test.ts" name="fileState — tab management &gt; serialize / restore &gt; restores tab state" time="0.000674755">
        </testcase>
        <testcase classname="src/renderer/plugins/builtin/files/state.test.ts" name="fileState — tab management &gt; serialize / restore &gt; round-trips serialize/restore" time="0.000401456">
        </testcase>
        <testcase classname="src/renderer/plugins/builtin/files/state.test.ts" name="fileState — tab management &gt; subscribe &gt; notifies listeners on state changes" time="0.000706134">
        </testcase>
        <testcase classname="src/renderer/plugins/builtin/files/state.test.ts" name="fileState — tab management &gt; subscribe &gt; returns unsubscribe function" time="0.000324865">
        </testcase>
        <testcase classname="src/renderer/plugins/builtin/files/state.test.ts" name="fileState — tab management &gt; legacy setSelectedPath &gt; opens a preview tab when called with a path" time="0.00040858">
        </testcase>
        <testcase classname="src/renderer/plugins/builtin/files/state.test.ts" name="fileState — tab management &gt; legacy setSelectedPath &gt; clears selection when called with null" time="0.000206694">
        </testcase>
        <testcase classname="src/renderer/plugins/builtin/files/state.test.ts" name="fileState — tab management &gt; legacy setDirty &gt; sets dirty on active tab" time="0.000224668">
        </testcase>
        <testcase classname="src/renderer/plugins/builtin/files/state.test.ts" name="fileState — tab management &gt; triggerRefresh &gt; increments refreshCount" time="0.000278327">
        </testcase>
        <testcase classname="src/renderer/plugins/builtin/files/state.test.ts" name="fileState — tab management &gt; triggerRefresh &gt; notifies listeners" time="0.000227874">
        </testcase>
        <testcase classname="src/renderer/plugins/builtin/files/state.test.ts" name="fileState — tab management &gt; reset &gt; clears all state and listeners" time="0.000740177">
        </testcase>
    </testsuite>
    <testsuite name="src/renderer/plugins/builtin/git/main.test.ts" timestamp="2026-03-25T04:47:30.504Z" hostname="runnervm46oaq" tests="5" failures="0" errors="0" skipped="0" time="0.006001773">
        <testcase classname="src/renderer/plugins/builtin/git/main.test.ts" name="git plugin module &gt; exports activate function" time="0.002415523">
        </testcase>
        <testcase classname="src/renderer/plugins/builtin/git/main.test.ts" name="git plugin module &gt; exports deactivate function" time="0.000420953">
        </testcase>
        <testcase classname="src/renderer/plugins/builtin/git/main.test.ts" name="git plugin module &gt; exports SidebarPanel component" time="0.000276203">
        </testcase>
        <testcase classname="src/renderer/plugins/builtin/git/main.test.ts" name="git plugin module &gt; exports MainPanel component" time="0.000321368">
        </testcase>
        <testcase classname="src/renderer/plugins/builtin/git/main.test.ts" name="git plugin module &gt; satisfies PluginModule interface" time="0.000420552">
        </testcase>
    </testsuite>
    <testsuite name="src/renderer/plugins/builtin/git/manifest.test.ts" timestamp="2026-03-25T04:47:30.506Z" hostname="runnervm46oaq" tests="13" failures="0" errors="0" skipped="0" time="0.012759994">
        <testcase classname="src/renderer/plugins/builtin/git/manifest.test.ts" name="git plugin manifest &gt; passes manifest validation" time="0.00417756">
        </testcase>
        <testcase classname="src/renderer/plugins/builtin/git/manifest.test.ts" name="git plugin manifest &gt; has correct id" time="0.000312551">
        </testcase>
        <testcase classname="src/renderer/plugins/builtin/git/manifest.test.ts" name="git plugin manifest &gt; is project-scoped" time="0.000277295">
        </testcase>
        <testcase classname="src/renderer/plugins/builtin/git/manifest.test.ts" name="git plugin manifest &gt; targets API v0.8" time="0.000331176">
        </testcase>
        <testcase classname="src/renderer/plugins/builtin/git/manifest.test.ts" name="git plugin manifest &gt; declares required permissions including canvas" time="0.001663334">
        </testcase>
        <testcase classname="src/renderer/plugins/builtin/git/manifest.test.ts" name="git plugin manifest &gt; does not declare annex permission" time="0.000660248">
        </testcase>
        <testcase classname="src/renderer/plugins/builtin/git/manifest.test.ts" name="git plugin manifest &gt; contributes tab.title" time="0.000356854">
        </testcase>
        <testcase classname="src/renderer/plugins/builtin/git/manifest.test.ts" name="git plugin manifest &gt; declares a git-status canvas widget" time="0.000538051">
        </testcase>
        <testcase classname="src/renderer/plugins/builtin/git/manifest.test.ts" name="git plugin manifest &gt; contributes help topics" time="0.000711263">
        </testcase>
        <testcase classname="src/renderer/plugins/builtin/git/manifest.test.ts" name="git plugin manifest &gt; contributes a sidebar-content layout tab" time="0.000383133">
        </testcase>
        <testcase classname="src/renderer/plugins/builtin/git/manifest.test.ts" name="git plugin manifest &gt; contributes a refresh command with defaultBinding" time="0.000406096">
        </testcase>
        <testcase classname="src/renderer/plugins/builtin/git/manifest.test.ts" name="git plugin manifest &gt; has a tab icon (SVG string)" time="0.000195604">
        </testcase>
        <testcase classname="src/renderer/plugins/builtin/git/manifest.test.ts" name="git plugin manifest &gt; does not contribute a rail item (project-scoped only)" time="0.000225289">
        </testcase>
    </testsuite>
    <testsuite name="src/renderer/plugins/builtin/git/remote-git.test.ts" timestamp="2026-03-25T04:47:30.508Z" hostname="runnervm46oaq" tests="15" failures="0" errors="0" skipped="0" time="0.023830946">
        <testcase classname="src/renderer/plugins/builtin/git/remote-git.test.ts" name="createGitOps &gt; local project &gt; routes info through window.clubhouse.git.info" time="0.004737142">
        </testcase>
        <testcase classname="src/renderer/plugins/builtin/git/remote-git.test.ts" name="createGitOps &gt; local project &gt; routes log through window.clubhouse.git.log" time="0.000976496">
        </testcase>
        <testcase classname="src/renderer/plugins/builtin/git/remote-git.test.ts" name="createGitOps &gt; local project &gt; routes stage through window.clubhouse.git.stage" time="0.001002614">
        </testcase>
        <testcase classname="src/renderer/plugins/builtin/git/remote-git.test.ts" name="createGitOps &gt; local project &gt; routes commit through window.clubhouse.git.commit" time="0.000996483">
        </testcase>
        <testcase classname="src/renderer/plugins/builtin/git/remote-git.test.ts" name="createGitOps &gt; local project &gt; routes diff through window.clubhouse.git.diff" time="0.000906315">
        </testcase>
        <testcase classname="src/renderer/plugins/builtin/git/remote-git.test.ts" name="createGitOps &gt; remote project &gt; routes info through annexClient.gitOperation" time="0.001400956">
        </testcase>
        <testcase classname="src/renderer/plugins/builtin/git/remote-git.test.ts" name="createGitOps &gt; remote project &gt; routes log through annexClient.gitOperation" time="0.001004468">
        </testcase>
        <testcase classname="src/renderer/plugins/builtin/git/remote-git.test.ts" name="createGitOps &gt; remote project &gt; routes stage through annexClient.gitOperation" time="0.001501272">
        </testcase>
        <testcase classname="src/renderer/plugins/builtin/git/remote-git.test.ts" name="createGitOps &gt; remote project &gt; routes commit through annexClient.gitOperation" time="0.001698911">
        </testcase>
        <testcase classname="src/renderer/plugins/builtin/git/remote-git.test.ts" name="createGitOps &gt; remote project &gt; routes diff through annexClient.gitOperation" time="0.00109647">
        </testcase>
        <testcase classname="src/renderer/plugins/builtin/git/remote-git.test.ts" name="createGitOps &gt; remote project &gt; routes push through annexClient.gitOperation" time="0.00081728">
        </testcase>
        <testcase classname="src/renderer/plugins/builtin/git/remote-git.test.ts" name="createGitOps &gt; remote project &gt; routes checkout through annexClient.gitOperation" time="0.000949656">
        </testcase>
        <testcase classname="src/renderer/plugins/builtin/git/remote-git.test.ts" name="createGitOps &gt; remote project &gt; routes showCommit through annexClient.gitOperation" time="0.001616225">
        </testcase>
        <testcase classname="src/renderer/plugins/builtin/git/remote-git.test.ts" name="createGitOps &gt; remote project &gt; routes commitDiff through annexClient.gitOperation" time="0.001229056">
        </testcase>
        <testcase classname="src/renderer/plugins/builtin/git/remote-git.test.ts" name="createGitOps &gt; treats undefined projectId as local" time="0.001030818">
        </testcase>
    </testsuite>
    <testsuite name="src/renderer/plugins/builtin/group-project/GroupProjectCanvasWidget.test.ts" timestamp="2026-03-25T04:47:30.511Z" hostname="runnervm46oaq" tests="46" failures="0" errors="0" skipped="0" time="0.016385669">
        <testcase classname="src/renderer/plugins/builtin/group-project/GroupProjectCanvasWidget.test.ts" name="GroupProjectCanvasWidget — PollingIcon &gt; uses an activity/heartbeat SVG instead of circular sync arrows" time="0.00514491">
        </testcase>
        <testcase classname="src/renderer/plugins/builtin/group-project/GroupProjectCanvasWidget.test.ts" name="GroupProjectCanvasWidget — PollingIcon &gt; renders a heartbeat polyline when active" time="0.000353016">
        </testcase>
        <testcase classname="src/renderer/plugins/builtin/group-project/GroupProjectCanvasWidget.test.ts" name="GroupProjectCanvasWidget — PollingIcon &gt; renders a flat line when inactive" time="0.000269451">
        </testcase>
        <testcase classname="src/renderer/plugins/builtin/group-project/GroupProjectCanvasWidget.test.ts" name="GroupProjectCanvasWidget — polling toggle has label &gt; renders &quot;Poll: On&quot; and &quot;Poll: Off&quot; labels to indicate state" time="0.000294317">
        </testcase>
        <testcase classname="src/renderer/plugins/builtin/group-project/GroupProjectCanvasWidget.test.ts" name="GroupProjectCanvasWidget — polling toggle has label &gt; uses muted styling when polling is off (default)" time="0.000174865">
        </testcase>
        <testcase classname="src/renderer/plugins/builtin/group-project/GroupProjectCanvasWidget.test.ts" name="GroupProjectCanvasWidget — activity dot &gt; does not use animate-pulse which looks like sync" time="0.000281784">
        </testcase>
        <testcase classname="src/renderer/plugins/builtin/group-project/GroupProjectCanvasWidget.test.ts" name="GroupProjectCanvasWidget — activity dot &gt; still uses green color for active status" time="0.000217014">
        </testcase>
        <testcase classname="src/renderer/plugins/builtin/group-project/GroupProjectCanvasWidget.test.ts" name="GroupProjectCanvasWidget — activity summary &gt; shows topic and message counts in compact card" time="0.000304076">
        </testcase>
        <testcase classname="src/renderer/plugins/builtin/group-project/GroupProjectCanvasWidget.test.ts" name="GroupProjectCanvasWidget — activity summary &gt; highlights new messages when present" time="0.000582274">
        </testcase>
        <testcase classname="src/renderer/plugins/builtin/group-project/GroupProjectCanvasWidget.test.ts" name="GroupProjectCanvasWidget — activity summary &gt; polls bulletin digest on the compact card" time="0.000207836">
        </testcase>
        <testcase classname="src/renderer/plugins/builtin/group-project/GroupProjectCanvasWidget.test.ts" name="GroupProjectCanvasWidget — main.ts generateDisplayName &gt; provides a generateDisplayName callback" time="0.000204891">
        </testcase>
        <testcase classname="src/renderer/plugins/builtin/group-project/GroupProjectCanvasWidget.test.ts" name="GroupProjectCanvasWidget — main.ts generateDisplayName &gt; returns the project name from metadata when available" time="0.000146021">
        </testcase>
        <testcase classname="src/renderer/plugins/builtin/group-project/GroupProjectCanvasWidget.test.ts" name="GroupProjectCanvasWidget — PTY injection &gt; imports ptyWrite from project-proxy" time="0.000142164">
        </testcase>
        <testcase classname="src/renderer/plugins/builtin/group-project/GroupProjectCanvasWidget.test.ts" name="GroupProjectCanvasWidget — PTY injection &gt; defines injectPtyMessage helper that uses bracketed paste" time="0.000137837">
        </testcase>
        <testcase classname="src/renderer/plugins/builtin/group-project/GroupProjectCanvasWidget.test.ts" name="GroupProjectCanvasWidget — PTY injection &gt; sends Enter after injection with a delay" time="0.000144679">
        </testcase>
        <testcase classname="src/renderer/plugins/builtin/group-project/GroupProjectCanvasWidget.test.ts" name="GroupProjectCanvasWidget — broadcast modal &gt; does not use sendShoulderTap for broadcast" time="0.000171619">
        </testcase>
        <testcase classname="src/renderer/plugins/builtin/group-project/GroupProjectCanvasWidget.test.ts" name="GroupProjectCanvasWidget — broadcast modal &gt; calls injectPtyMessage for each target agent in broadcast" time="0.000251327">
        </testcase>
        <testcase classname="src/renderer/plugins/builtin/group-project/GroupProjectCanvasWidget.test.ts" name="GroupProjectCanvasWidget — include instructions checkbox &gt; ShoulderTapModal accepts projectInstructions prop" time="0.000115324">
        </testcase>
        <testcase classname="src/renderer/plugins/builtin/group-project/GroupProjectCanvasWidget.test.ts" name="GroupProjectCanvasWidget — include instructions checkbox &gt; has an includeInstructions checkbox state" time="0.000163765">
        </testcase>
        <testcase classname="src/renderer/plugins/builtin/group-project/GroupProjectCanvasWidget.test.ts" name="GroupProjectCanvasWidget — include instructions checkbox &gt; renders &quot;Include project instructions&quot; label" time="0.00010736">
        </testcase>
        <testcase classname="src/renderer/plugins/builtin/group-project/GroupProjectCanvasWidget.test.ts" name="GroupProjectCanvasWidget — include instructions checkbox &gt; disables checkbox when projectInstructions is empty" time="0.000101439">
        </testcase>
        <testcase classname="src/renderer/plugins/builtin/group-project/GroupProjectCanvasWidget.test.ts" name="GroupProjectCanvasWidget — include instructions checkbox &gt; prepends instructions to message when checkbox is checked" time="0.000137386">
        </testcase>
        <testcase classname="src/renderer/plugins/builtin/group-project/GroupProjectCanvasWidget.test.ts" name="GroupProjectCanvasWidget — include instructions checkbox &gt; allows sending with only instructions checked and no message" time="0.000126516">
        </testcase>
        <testcase classname="src/renderer/plugins/builtin/group-project/GroupProjectCanvasWidget.test.ts" name="GroupProjectCanvasWidget — include instructions checkbox &gt; passes projectInstructions from ProjectCard to ShoulderTapModal" time="0.000115405">
        </testcase>
        <testcase classname="src/renderer/plugins/builtin/group-project/GroupProjectCanvasWidget.test.ts" name="GroupProjectCanvasWidget — message ordering &gt; sorts messages newest-first in expanded view using sortedMessages" time="0.000167371">
        </testcase>
        <testcase classname="src/renderer/plugins/builtin/group-project/GroupProjectCanvasWidget.test.ts" name="GroupProjectCanvasWidget — message ordering &gt; renders sortedMessages instead of raw messages in the list" time="0.000132887">
        </testcase>
        <testcase classname="src/renderer/plugins/builtin/group-project/GroupProjectCanvasWidget.test.ts" name="GroupProjectCanvasWidget — polling toggle &gt; injects polling message to connected agents via PTY" time="0.000176549">
        </testcase>
        <testcase classname="src/renderer/plugins/builtin/group-project/GroupProjectCanvasWidget.test.ts" name="GroupProjectCanvasWidget — MCP required gate &gt; imports useMcpSettingsStore for MCP check" time="0.000157433">
        </testcase>
        <testcase classname="src/renderer/plugins/builtin/group-project/GroupProjectCanvasWidget.test.ts" name="GroupProjectCanvasWidget — MCP required gate &gt; reads mcpEnabled from the store" time="0.00010255">
        </testcase>
        <testcase classname="src/renderer/plugins/builtin/group-project/GroupProjectCanvasWidget.test.ts" name="GroupProjectCanvasWidget — MCP required gate &gt; renders an MCP-required placeholder when MCP is disabled" time="0.000130403">
        </testcase>
        <testcase classname="src/renderer/plugins/builtin/group-project/GroupProjectCanvasWidget.test.ts" name="GroupProjectCanvasWidget — MCP required gate &gt; directs user to enable MCP in settings" time="0.000110666">
        </testcase>
        <testcase classname="src/renderer/plugins/builtin/group-project/GroupProjectCanvasWidget.test.ts" name="GroupProjectCanvasWidget — orchestrator-aware polling &gt; imports shared polling message builders" time="0.000132436">
        </testcase>
        <testcase classname="src/renderer/plugins/builtin/group-project/GroupProjectCanvasWidget.test.ts" name="GroupProjectCanvasWidget — orchestrator-aware polling &gt; does not define local pollingStartMsg or pollingStopMsg functions" time="0.00021517">
        </testcase>
        <testcase classname="src/renderer/plugins/builtin/group-project/GroupProjectCanvasWidget.test.ts" name="GroupProjectCanvasWidget — orchestrator-aware polling &gt; imports useAgentStore for orchestrator lookup" time="0.000125654">
        </testcase>
        <testcase classname="src/renderer/plugins/builtin/group-project/GroupProjectCanvasWidget.test.ts" name="GroupProjectCanvasWidget — orchestrator-aware polling &gt; looks up orchestrator per agent in handleTogglePolling" time="0.000138678">
        </testcase>
        <testcase classname="src/renderer/plugins/builtin/group-project/GroupProjectCanvasWidget.test.ts" name="GroupProjectCanvasWidget — orchestrator-aware polling &gt; passes orchestrator to pollingStartMsg and pollingStopMsg" time="0.000186948">
        </testcase>
        <testcase classname="src/renderer/plugins/builtin/group-project/GroupProjectCanvasWidget.test.ts" name="GroupProjectCanvasWidget — inline description/instructions editor &gt; does not have a SettingsModal component" time="0.000201455">
        </testcase>
        <testcase classname="src/renderer/plugins/builtin/group-project/GroupProjectCanvasWidget.test.ts" name="GroupProjectCanvasWidget — inline description/instructions editor &gt; does not have a settings gear button" time="0.000161661">
        </testcase>
        <testcase classname="src/renderer/plugins/builtin/group-project/GroupProjectCanvasWidget.test.ts" name="GroupProjectCanvasWidget — inline description/instructions editor &gt; has inline textarea for description with label" time="0.000152624">
        </testcase>
        <testcase classname="src/renderer/plugins/builtin/group-project/GroupProjectCanvasWidget.test.ts" name="GroupProjectCanvasWidget — inline description/instructions editor &gt; has inline textarea for instructions with label" time="0.00015076">
        </testcase>
        <testcase classname="src/renderer/plugins/builtin/group-project/GroupProjectCanvasWidget.test.ts" name="GroupProjectCanvasWidget — inline description/instructions editor &gt; uses 5-row textareas for both fields" time="0.000172381">
        </testcase>
        <testcase classname="src/renderer/plugins/builtin/group-project/GroupProjectCanvasWidget.test.ts" name="GroupProjectCanvasWidget — inline description/instructions editor &gt; tracks unsaved changes to enable/disable save button" time="0.000142696">
        </testcase>
        <testcase classname="src/renderer/plugins/builtin/group-project/GroupProjectCanvasWidget.test.ts" name="GroupProjectCanvasWidget — inline description/instructions editor &gt; lights up the save button with blue styling when there are unsaved changes" time="0.000119032">
        </testcase>
        <testcase classname="src/renderer/plugins/builtin/group-project/GroupProjectCanvasWidget.test.ts" name="GroupProjectCanvasWidget — inline description/instructions editor &gt; syncs local state when project data changes externally" time="0.000143447">
        </testcase>
        <testcase classname="src/renderer/plugins/builtin/group-project/GroupProjectCanvasWidget.test.ts" name="GroupProjectCanvasWidget — inline description/instructions editor &gt; includes shoulder tap toggle in the inline editor" time="0.00017745">
        </testcase>
        <testcase classname="src/renderer/plugins/builtin/group-project/GroupProjectCanvasWidget.test.ts" name="GroupProjectCanvasWidget — inline description/instructions editor &gt; saves description, instructions, and shoulderTap together" time="0.000159116">
        </testcase>
    </testsuite>
    <testsuite name="src/renderer/plugins/builtin/canvas/CanvasFileTree.test.ts" timestamp="2026-03-25T04:47:30.520Z" hostname="runnervm46oaq" tests="17" failures="0" errors="0" skipped="0" time="0.010044774">
        <testcase classname="src/renderer/plugins/builtin/canvas/CanvasFileTree.test.ts" name="CanvasFileTree — getExtension &gt; extracts extension from filename" time="0.001759252">
        </testcase>
        <testcase classname="src/renderer/plugins/builtin/canvas/CanvasFileTree.test.ts" name="CanvasFileTree — getExtension &gt; returns empty string for extensionless files" time="0.000335605">
        </testcase>
        <testcase classname="src/renderer/plugins/builtin/canvas/CanvasFileTree.test.ts" name="CanvasFileTree — getExtension &gt; handles multiple dots" time="0.000202016">
        </testcase>
        <testcase classname="src/renderer/plugins/builtin/canvas/CanvasFileTree.test.ts" name="CanvasFileTree — getExtension &gt; lowercases extension" time="0.000277356">
        </testcase>
        <testcase classname="src/renderer/plugins/builtin/canvas/CanvasFileTree.test.ts" name="CanvasFileTree — getExtension &gt; returns empty for dot-only names (dot at position 0)" time="0.000196545">
        </testcase>
        <testcase classname="src/renderer/plugins/builtin/canvas/CanvasFileTree.test.ts" name="CanvasFileTree — updateNodeChildren &gt; sets children on a matching directory node" time="0.00091402">
        </testcase>
        <testcase classname="src/renderer/plugins/builtin/canvas/CanvasFileTree.test.ts" name="CanvasFileTree — updateNodeChildren &gt; does not modify non-matching nodes" time="0.000597883">
        </testcase>
        <testcase classname="src/renderer/plugins/builtin/canvas/CanvasFileTree.test.ts" name="CanvasFileTree — updateNodeChildren &gt; updates nested directories" time="0.000380488">
        </testcase>
        <testcase classname="src/renderer/plugins/builtin/canvas/CanvasFileTree.test.ts" name="CanvasFileTree — hidden file filtering &gt; filters dot-prefixed entries at root" time="0.000797584">
        </testcase>
        <testcase classname="src/renderer/plugins/builtin/canvas/CanvasFileTree.test.ts" name="CanvasFileTree — hidden file filtering &gt; filters dot-prefixed entries recursively within directories" time="0.000325315">
        </testcase>
        <testcase classname="src/renderer/plugins/builtin/canvas/CanvasFileTree.test.ts" name="CanvasFileTree — hidden file filtering &gt; preserves full tree when no hidden files" time="0.000235919">
        </testcase>
        <testcase classname="src/renderer/plugins/builtin/canvas/CanvasFileTree.test.ts" name="CanvasFileTree — expand/collapse logic &gt; toggling adds path to expanded set" time="0.000186226">
        </testcase>
        <testcase classname="src/renderer/plugins/builtin/canvas/CanvasFileTree.test.ts" name="CanvasFileTree — expand/collapse logic &gt; toggling removes path from expanded set" time="0.000182269">
        </testcase>
        <testcase classname="src/renderer/plugins/builtin/canvas/CanvasFileTree.test.ts" name="CanvasFileTree — expand/collapse logic &gt; expanded set tracks multiple directories independently" time="0.000296472">
        </testcase>
        <testcase classname="src/renderer/plugins/builtin/canvas/CanvasFileTree.test.ts" name="CanvasFileTree — lazy loading detection &gt; identifies nodes needing lazy load (no children property)" time="0.000229587">
        </testcase>
        <testcase classname="src/renderer/plugins/builtin/canvas/CanvasFileTree.test.ts" name="CanvasFileTree — lazy loading detection &gt; identifies nodes with loaded children" time="0.000471457">
        </testcase>
        <testcase classname="src/renderer/plugins/builtin/canvas/CanvasFileTree.test.ts" name="CanvasFileTree — lazy loading detection &gt; identifies nodes with empty children (loaded but empty dir)" time="0.000312632">
        </testcase>
    </testsuite>
    <testsuite name="src/renderer/plugins/builtin/canvas/LinkDropdown.test.tsx" timestamp="2026-03-25T04:47:30.523Z" hostname="runnervm46oaq" tests="6" failures="0" errors="0" skipped="0" time="0.094275207">
        <testcase classname="src/renderer/plugins/builtin/canvas/LinkDropdown.test.tsx" name="LinkDropdown &gt; lists valid targets (agents and browser widgets)" time="0.055827512">
        </testcase>
        <testcase classname="src/renderer/plugins/builtin/canvas/LinkDropdown.test.tsx" name="LinkDropdown &gt; excludes self from target list" time="0.005346315">
        </testcase>
        <testcase classname="src/renderer/plugins/builtin/canvas/LinkDropdown.test.tsx" name="LinkDropdown &gt; excludes agents without agentId" time="0.004452322">
        </testcase>
        <testcase classname="src/renderer/plugins/builtin/canvas/LinkDropdown.test.tsx" name="LinkDropdown &gt; shows &quot;No connectable widgets&quot; when no targets" time="0.003433687">
        </testcase>
        <testcase classname="src/renderer/plugins/builtin/canvas/LinkDropdown.test.tsx" name="LinkDropdown &gt; shows connected state for bound targets" time="0.005960767">
        </testcase>
        <testcase classname="src/renderer/plugins/builtin/canvas/LinkDropdown.test.tsx" name="LinkDropdown &gt; calls bind when clicking unbound target" time="0.011910543">
        </testcase>
    </testsuite>
    <testsuite name="src/renderer/plugins/builtin/canvas/ReadOnlyMonacoEditor.test.ts" timestamp="2026-03-25T04:47:30.524Z" hostname="runnervm46oaq" tests="22" failures="0" errors="0" skipped="0" time="0.009395866">
        <testcase classname="src/renderer/plugins/builtin/canvas/ReadOnlyMonacoEditor.test.ts" name="ReadOnlyMonacoEditor — languageFromPath &gt; detects TypeScript from .ts extension" time="0.002400144">
        </testcase>
        <testcase classname="src/renderer/plugins/builtin/canvas/ReadOnlyMonacoEditor.test.ts" name="ReadOnlyMonacoEditor — languageFromPath &gt; detects TypeScript from .tsx extension" time="0.000377302">
        </testcase>
        <testcase classname="src/renderer/plugins/builtin/canvas/ReadOnlyMonacoEditor.test.ts" name="ReadOnlyMonacoEditor — languageFromPath &gt; detects JavaScript from .js extension" time="0.000229397">
        </testcase>
        <testcase classname="src/renderer/plugins/builtin/canvas/ReadOnlyMonacoEditor.test.ts" name="ReadOnlyMonacoEditor — languageFromPath &gt; detects Python from .py extension" time="0.00028465">
        </testcase>
        <testcase classname="src/renderer/plugins/builtin/canvas/ReadOnlyMonacoEditor.test.ts" name="ReadOnlyMonacoEditor — languageFromPath &gt; detects Rust from .rs extension" time="0.000250135">
        </testcase>
        <testcase classname="src/renderer/plugins/builtin/canvas/ReadOnlyMonacoEditor.test.ts" name="ReadOnlyMonacoEditor — languageFromPath &gt; detects Go from .go extension" time="0.000205483">
        </testcase>
        <testcase classname="src/renderer/plugins/builtin/canvas/ReadOnlyMonacoEditor.test.ts" name="ReadOnlyMonacoEditor — languageFromPath &gt; detects JSON from .json extension" time="0.000283978">
        </testcase>
        <testcase classname="src/renderer/plugins/builtin/canvas/ReadOnlyMonacoEditor.test.ts" name="ReadOnlyMonacoEditor — languageFromPath &gt; detects YAML from .yml extension" time="0.000259102">
        </testcase>
        <testcase classname="src/renderer/plugins/builtin/canvas/ReadOnlyMonacoEditor.test.ts" name="ReadOnlyMonacoEditor — languageFromPath &gt; detects Markdown from .md extension" time="0.001061154">
        </testcase>
        <testcase classname="src/renderer/plugins/builtin/canvas/ReadOnlyMonacoEditor.test.ts" name="ReadOnlyMonacoEditor — languageFromPath &gt; detects CSS from .css extension" time="0.000244144">
        </testcase>
        <testcase classname="src/renderer/plugins/builtin/canvas/ReadOnlyMonacoEditor.test.ts" name="ReadOnlyMonacoEditor — languageFromPath &gt; detects SCSS from .scss extension" time="0.000211263">
        </testcase>
        <testcase classname="src/renderer/plugins/builtin/canvas/ReadOnlyMonacoEditor.test.ts" name="ReadOnlyMonacoEditor — languageFromPath &gt; detects HTML from .html extension" time="0.00012392">
        </testcase>
        <testcase classname="src/renderer/plugins/builtin/canvas/ReadOnlyMonacoEditor.test.ts" name="ReadOnlyMonacoEditor — languageFromPath &gt; detects shell from .sh extension" time="0.000146413">
        </testcase>
        <testcase classname="src/renderer/plugins/builtin/canvas/ReadOnlyMonacoEditor.test.ts" name="ReadOnlyMonacoEditor — languageFromPath &gt; detects SQL from .sql extension" time="0.000114703">
        </testcase>
        <testcase classname="src/renderer/plugins/builtin/canvas/ReadOnlyMonacoEditor.test.ts" name="ReadOnlyMonacoEditor — languageFromPath &gt; returns plaintext for unknown extension" time="0.000108412">
        </testcase>
        <testcase classname="src/renderer/plugins/builtin/canvas/ReadOnlyMonacoEditor.test.ts" name="ReadOnlyMonacoEditor — languageFromPath &gt; returns plaintext for no extension" time="0.000155038">
        </testcase>
        <testcase classname="src/renderer/plugins/builtin/canvas/ReadOnlyMonacoEditor.test.ts" name="ReadOnlyMonacoEditor — languageFromPath &gt; detects Dockerfile by filename" time="0.000117258">
        </testcase>
        <testcase classname="src/renderer/plugins/builtin/canvas/ReadOnlyMonacoEditor.test.ts" name="ReadOnlyMonacoEditor — languageFromPath &gt; detects Makefile by extension mapping" time="0.000103402">
        </testcase>
        <testcase classname="src/renderer/plugins/builtin/canvas/ReadOnlyMonacoEditor.test.ts" name="ReadOnlyMonacoEditor — languageFromPath &gt; handles deeply nested paths" time="0.000109975">
        </testcase>
        <testcase classname="src/renderer/plugins/builtin/canvas/ReadOnlyMonacoEditor.test.ts" name="ReadOnlyMonacoEditor — languageFromPath &gt; handles dotfiles with extensions" time="0.000105076">
        </testcase>
        <testcase classname="src/renderer/plugins/builtin/canvas/ReadOnlyMonacoEditor.test.ts" name="ReadOnlyMonacoEditor — languageFromPath &gt; handles .gitignore" time="0.000124331">
        </testcase>
        <testcase classname="src/renderer/plugins/builtin/canvas/ReadOnlyMonacoEditor.test.ts" name="ReadOnlyMonacoEditor — languageFromPath &gt; is case-insensitive on extension" time="0.000108562">
        </testcase>
    </testsuite>
    <testsuite name="src/renderer/plugins/builtin/canvas/ResizableSidebar.test.tsx" timestamp="2026-03-25T04:47:30.528Z" hostname="runnervm46oaq" tests="15" failures="0" errors="0" skipped="0" time="0.143936496">
        <testcase classname="src/renderer/plugins/builtin/canvas/ResizableSidebar.test.tsx" name="ResizableSidebar &gt; renders the sidebar at the default width" time="0.042895363">
        </testcase>
        <testcase classname="src/renderer/plugins/builtin/canvas/ResizableSidebar.test.tsx" name="ResizableSidebar &gt; renders children inside the sidebar" time="0.012163363">
        </testcase>
        <testcase classname="src/renderer/plugins/builtin/canvas/ResizableSidebar.test.tsx" name="ResizableSidebar &gt; renders the resize divider" time="0.00587619">
        </testcase>
        <testcase classname="src/renderer/plugins/builtin/canvas/ResizableSidebar.test.tsx" name="ResizableSidebar &gt; resizes the sidebar on drag" time="0.013621535">
        </testcase>
        <testcase classname="src/renderer/plugins/builtin/canvas/ResizableSidebar.test.tsx" name="ResizableSidebar &gt; clamps width to minWidth" time="0.006730169">
        </testcase>
        <testcase classname="src/renderer/plugins/builtin/canvas/ResizableSidebar.test.tsx" name="ResizableSidebar &gt; clamps width to maxWidth" time="0.005582824">
        </testcase>
        <testcase classname="src/renderer/plugins/builtin/canvas/ResizableSidebar.test.tsx" name="ResizableSidebar &gt; collapses to a rail on double-click of divider" time="0.006245196">
        </testcase>
        <testcase classname="src/renderer/plugins/builtin/canvas/ResizableSidebar.test.tsx" name="ResizableSidebar &gt; shows overlay on hover when collapsed" time="0.012659677">
        </testcase>
        <testcase classname="src/renderer/plugins/builtin/canvas/ResizableSidebar.test.tsx" name="ResizableSidebar &gt; hides overlay after mouse leaves with delay" time="0.008741289">
        </testcase>
        <testcase classname="src/renderer/plugins/builtin/canvas/ResizableSidebar.test.tsx" name="ResizableSidebar &gt; keeps overlay visible when moving from rail to overlay" time="0.007130152">
        </testcase>
        <testcase classname="src/renderer/plugins/builtin/canvas/ResizableSidebar.test.tsx" name="ResizableSidebar &gt; expands from collapsed state on rail click" time="0.006212776">
        </testcase>
        <testcase classname="src/renderer/plugins/builtin/canvas/ResizableSidebar.test.tsx" name="ResizableSidebar &gt; renders the expand icon in the rail" time="0.003766365">
        </testcase>
        <testcase classname="src/renderer/plugins/builtin/canvas/ResizableSidebar.test.tsx" name="ResizableSidebar &gt; uses default min/max values from constants" time="0.000604204">
        </testcase>
        <testcase classname="src/renderer/plugins/builtin/canvas/ResizableSidebar.test.tsx" name="ResizableSidebar &gt; applies className to sidebar container" time="0.002676698">
        </testcase>
        <testcase classname="src/renderer/plugins/builtin/canvas/ResizableSidebar.test.tsx" name="ResizableSidebar &gt; applies className to overlay when collapsed and hovered" time="0.004831837">
        </testcase>
    </testsuite>
    <testsuite name="src/renderer/plugins/builtin/canvas/WireConfigPopover.test.tsx" timestamp="2026-03-25T04:47:30.531Z" hostname="runnervm46oaq" tests="12" failures="0" errors="0" skipped="0" time="0.280427633">
        <testcase classname="src/renderer/plugins/builtin/canvas/WireConfigPopover.test.tsx" name="WireConfigPopover &gt; renders binding info" time="0.052325341">
        </testcase>
        <testcase classname="src/renderer/plugins/builtin/canvas/WireConfigPopover.test.tsx" name="WireConfigPopover &gt; calls unbind and onClose when Disconnect is clicked" time="0.024341159">
        </testcase>
        <testcase classname="src/renderer/plugins/builtin/canvas/WireConfigPopover.test.tsx" name="WireConfigPopover &gt; does not show bidirectional toggle for browser bindings" time="0.008396339">
        </testcase>
        <testcase classname="src/renderer/plugins/builtin/canvas/WireConfigPopover.test.tsx" name="WireConfigPopover &gt; shows bidirectional toggle for agent-to-agent bindings" time="0.009096381">
        </testcase>
        <testcase classname="src/renderer/plugins/builtin/canvas/WireConfigPopover.test.tsx" name="WireConfigPopover &gt; shows Set Instructions button" time="0.008883242">
        </testcase>
        <testcase classname="src/renderer/plugins/builtin/canvas/WireConfigPopover.test.tsx" name="WireConfigPopover &gt; shows Edit Instructions when instructions are set" time="0.004875368">
        </testcase>
        <testcase classname="src/renderer/plugins/builtin/canvas/WireConfigPopover.test.tsx" name="WireConfigPopover &gt; opens instructions dialog when Set Instructions is clicked" time="0.025721982">
        </testcase>
        <testcase classname="src/renderer/plugins/builtin/canvas/WireConfigPopover.test.tsx" name="WireConfigPopover &gt; dismisses immediately on outside click after closing the instructions dialog" time="0.013056144">
        </testcase>
        <testcase classname="src/renderer/plugins/builtin/canvas/WireConfigPopover.test.tsx" name="WireConfigPopover &gt; closes the popover on Escape when the instructions dialog is not open" time="0.004575209">
        </testcase>
        <testcase classname="src/renderer/plugins/builtin/canvas/WireConfigPopover.test.tsx" name="WireConfigPopover &gt; closes only the instructions dialog on Escape when editing instructions" time="0.009108211">
        </testcase>
        <testcase classname="src/renderer/plugins/builtin/canvas/WireConfigPopover.test.tsx" name="WireConfigPopover &gt; sets instructions on both bindings for bidirectional agent-to-agent wires" time="0.093631611">
        </testcase>
        <testcase classname="src/renderer/plugins/builtin/canvas/WireConfigPopover.test.tsx" name="WireConfigPopover &gt; does not set instructions on reverse binding for unidirectional wires" time="0.019362884">
        </testcase>
    </testsuite>
    <testsuite name="src/renderer/plugins/builtin/canvas/WireFlowDots.test.tsx" timestamp="2026-03-25T04:47:30.534Z" hostname="runnervm46oaq" tests="13" failures="0" errors="0" skipped="0" time="0.144174932">
        <testcase classname="src/renderer/plugins/builtin/canvas/WireFlowDots.test.tsx" name="WireFlowDots &gt; renders nothing when idle" time="0.041172965">
        </testcase>
        <testcase classname="src/renderer/plugins/builtin/canvas/WireFlowDots.test.tsx" name="WireFlowDots &gt; renders 2 slow forward dots in ambient mode" time="0.019421624">
        </testcase>
        <testcase classname="src/renderer/plugins/builtin/canvas/WireFlowDots.test.tsx" name="WireFlowDots &gt; renders 5 fast forward dots in active-forward mode" time="0.009020819">
        </testcase>
        <testcase classname="src/renderer/plugins/builtin/canvas/WireFlowDots.test.tsx" name="WireFlowDots &gt; renders 5 reverse dots in active-reverse mode" time="0.007858578">
        </testcase>
        <testcase classname="src/renderer/plugins/builtin/canvas/WireFlowDots.test.tsx" name="WireFlowDots &gt; renders both forward and reverse dots in active-both mode" time="0.012394434">
        </testcase>
        <testcase classname="src/renderer/plugins/builtin/canvas/WireFlowDots.test.tsx" name="WireFlowDots &gt; reverse dots use keyPoints=&quot;1;0&quot; for backward motion" time="0.009521901">
        </testcase>
        <testcase classname="src/renderer/plugins/builtin/canvas/WireFlowDots.test.tsx" name="WireFlowDots &gt; ambient dots have dim opacity values" time="0.005743513">
        </testcase>
        <testcase classname="src/renderer/plugins/builtin/canvas/WireFlowDots.test.tsx" name="WireFlowDots &gt; active dots have bright opacity values" time="0.005981516">
        </testcase>
        <testcase classname="src/renderer/plugins/builtin/canvas/WireFlowDots.test.tsx" name="WireFlowDots &gt; renders a glow filter for the wire" time="0.007828331">
        </testcase>
        <testcase classname="src/renderer/plugins/builtin/canvas/WireFlowDots.test.tsx" name="WireFlowDots &gt; uses small radius for ambient dots" time="0.004216312">
        </testcase>
        <testcase classname="src/renderer/plugins/builtin/canvas/WireFlowDots.test.tsx" name="WireFlowDots &gt; uses larger radius for active dots" time="0.005497024">
        </testcase>
        <testcase classname="src/renderer/plugins/builtin/canvas/WireFlowDots.test.tsx" name="WireFlowDots &gt; uses stronger glow filter for active dots" time="0.007057957">
        </testcase>
        <testcase classname="src/renderer/plugins/builtin/canvas/WireFlowDots.test.tsx" name="WireFlowDots &gt; uses subtle glow filter for ambient dots" time="0.004077894">
        </testcase>
    </testsuite>
    <testsuite name="src/renderer/plugins/builtin/canvas/WireInstructionsDialog.test.tsx" timestamp="2026-03-25T04:47:30.536Z" hostname="runnervm46oaq" tests="10" failures="0" errors="0" skipped="0" time="0.153581385">
        <testcase classname="src/renderer/plugins/builtin/canvas/WireInstructionsDialog.test.tsx" name="WireInstructionsDialog &gt; renders with All Tools selected by default" time="0.071528764">
        </testcase>
        <testcase classname="src/renderer/plugins/builtin/canvas/WireInstructionsDialog.test.tsx" name="WireInstructionsDialog &gt; shows tool options for agent target kind" time="0.00756435">
        </testcase>
        <testcase classname="src/renderer/plugins/builtin/canvas/WireInstructionsDialog.test.tsx" name="WireInstructionsDialog &gt; shows browser tool options for browser target kind" time="0.006231771">
        </testcase>
        <testcase classname="src/renderer/plugins/builtin/canvas/WireInstructionsDialog.test.tsx" name="WireInstructionsDialog &gt; initializes textarea from existing instructions" time="0.007304667">
        </testcase>
        <testcase classname="src/renderer/plugins/builtin/canvas/WireInstructionsDialog.test.tsx" name="WireInstructionsDialog &gt; calls onSave with instructions when Save is clicked" time="0.016790841">
        </testcase>
        <testcase classname="src/renderer/plugins/builtin/canvas/WireInstructionsDialog.test.tsx" name="WireInstructionsDialog &gt; cleans empty instructions on save" time="0.009156782">
        </testcase>
        <testcase classname="src/renderer/plugins/builtin/canvas/WireInstructionsDialog.test.tsx" name="WireInstructionsDialog &gt; calls onClose when Cancel is clicked" time="0.007097218">
        </testcase>
        <testcase classname="src/renderer/plugins/builtin/canvas/WireInstructionsDialog.test.tsx" name="WireInstructionsDialog &gt; calls onClose when backdrop is clicked" time="0.004383163">
        </testcase>
        <testcase classname="src/renderer/plugins/builtin/canvas/WireInstructionsDialog.test.tsx" name="WireInstructionsDialog &gt; calls onClose when Escape is pressed" time="0.005288166">
        </testcase>
        <testcase classname="src/renderer/plugins/builtin/canvas/WireInstructionsDialog.test.tsx" name="WireInstructionsDialog &gt; switches between tools and preserves per-tool drafts" time="0.014352919">
        </testcase>
    </testsuite>
    <testsuite name="src/renderer/plugins/builtin/canvas/WireOverlay.test.tsx" timestamp="2026-03-25T04:47:30.538Z" hostname="runnervm46oaq" tests="22" failures="0" errors="0" skipped="0" time="0.233004756">
        <testcase classname="src/renderer/plugins/builtin/canvas/WireOverlay.test.tsx" name="WireOverlay &gt; renders nothing when bindings array is empty" time="0.02445561">
        </testcase>
        <testcase classname="src/renderer/plugins/builtin/canvas/WireOverlay.test.tsx" name="WireOverlay &gt; renders a wire path for a valid binding" time="0.030274705">
        </testcase>
        <testcase classname="src/renderer/plugins/builtin/canvas/WireOverlay.test.tsx" name="WireOverlay &gt; skips bindings with missing source view" time="0.003202989">
        </testcase>
        <testcase classname="src/renderer/plugins/builtin/canvas/WireOverlay.test.tsx" name="WireOverlay &gt; skips bindings with missing target view" time="0.002408832">
        </testcase>
        <testcase classname="src/renderer/plugins/builtin/canvas/WireOverlay.test.tsx" name="WireOverlay &gt; calls onWireClick when hitbox is clicked" time="0.017544351">
        </testcase>
        <testcase classname="src/renderer/plugins/builtin/canvas/WireOverlay.test.tsx" name="WireOverlay &gt; renders arrowhead markers in defs" time="0.007971521">
        </testcase>
        <testcase classname="src/renderer/plugins/builtin/canvas/WireOverlay.test.tsx" name="WireOverlay &gt; applies forward arrowhead to unidirectional wire" time="0.007306323">
        </testcase>
        <testcase classname="src/renderer/plugins/builtin/canvas/WireOverlay.test.tsx" name="WireOverlay &gt; applies both arrowheads for bidirectional agent-to-agent wire" time="0.016874535">
        </testcase>
        <testcase classname="src/renderer/plugins/builtin/canvas/WireOverlay.test.tsx" name="WireOverlay &gt; uses viewPositions overrides for wire path computation" time="0.015181134">
        </testcase>
        <testcase classname="src/renderer/plugins/builtin/canvas/WireOverlay.test.tsx" name="WireOverlay &gt; renders flow dots for each wire" time="0.006264374">
        </testcase>
        <testcase classname="src/renderer/plugins/builtin/canvas/WireOverlay.test.tsx" name="WireOverlay &gt; renders wire path def in SVG defs" time="0.00669738">
        </testcase>
        <testcase classname="src/renderer/plugins/builtin/canvas/WireOverlay.test.tsx" name="WireOverlay &gt; renders a wire to a group-project plugin view" time="0.011768896">
        </testcase>
        <testcase classname="src/renderer/plugins/builtin/canvas/WireOverlay.test.tsx" name="WireOverlay &gt; renders flow dots for group-project wire" time="0.007423801">
        </testcase>
        <testcase classname="src/renderer/plugins/builtin/canvas/WireOverlay.test.tsx" name="WireOverlay &gt; skips group-project binding when no matching view exists" time="0.001395827">
        </testcase>
        <testcase classname="src/renderer/plugins/builtin/canvas/WireOverlay.test.tsx" name="WireOverlay &gt; sets data-bidir attribute on bidirectional wire group" time="0.005977701">
        </testcase>
        <testcase classname="src/renderer/plugins/builtin/canvas/WireOverlay.test.tsx" name="WireOverlay &gt; dims wire when source agent is sleeping" time="0.007443989">
        </testcase>
        <testcase classname="src/renderer/plugins/builtin/canvas/WireOverlay.test.tsx" name="WireOverlay &gt; dims wire when target agent is sleeping" time="0.006104357">
        </testcase>
        <testcase classname="src/renderer/plugins/builtin/canvas/WireOverlay.test.tsx" name="WireOverlay &gt; does not dim wire when neither endpoint is sleeping" time="0.006505463">
        </testcase>
        <testcase classname="src/renderer/plugins/builtin/canvas/WireOverlay.test.tsx" name="WireOverlay &gt; renders wire (dimmed) when source agent is sleeping — wire definitions survive sleep" time="0.012077801">
        </testcase>
        <testcase classname="src/renderer/plugins/builtin/canvas/WireOverlay.test.tsx" name="WireOverlay &gt; renders wire to sleeping target — supports connecting to sleeping agents" time="0.00489125">
        </testcase>
        <testcase classname="src/renderer/plugins/builtin/canvas/WireOverlay.test.tsx" name="WireOverlay &gt; does not set explicit zIndex on SVG container so DOM order determines stacking" time="0.014548337">
        </testcase>
        <testcase classname="src/renderer/plugins/builtin/canvas/WireOverlay.test.tsx" name="WireOverlay &gt; does not dim wire when sleepingAgentIds is not provided" time="0.012237252">
        </testcase>
    </testsuite>
    <testsuite name="src/renderer/plugins/builtin/canvas/ZoneBackground.test.tsx" timestamp="2026-03-25T04:47:30.542Z" hostname="runnervm46oaq" tests="7" failures="0" errors="0" skipped="0" time="0.143618858">
        <testcase classname="src/renderer/plugins/builtin/canvas/ZoneBackground.test.tsx" name="ZoneBackground &gt; renders at zone position and size" time="0.094286798">
        </testcase>
        <testcase classname="src/renderer/plugins/builtin/canvas/ZoneBackground.test.tsx" name="ZoneBackground &gt; applies drag offset as transform" time="0.0059783">
        </testcase>
        <testcase classname="src/renderer/plugins/builtin/canvas/ZoneBackground.test.tsx" name="ZoneBackground &gt; applies resize override for size and position" time="0.005477708">
        </testcase>
        <testcase classname="src/renderer/plugins/builtin/canvas/ZoneBackground.test.tsx" name="ZoneBackground &gt; resize handles &gt; renders resize handles when onResizeStart is provided" time="0.012027662">
        </testcase>
        <testcase classname="src/renderer/plugins/builtin/canvas/ZoneBackground.test.tsx" name="ZoneBackground &gt; resize handles &gt; does not render resize handles when onResizeStart is not provided" time="0.004356674">
        </testcase>
        <testcase classname="src/renderer/plugins/builtin/canvas/ZoneBackground.test.tsx" name="ZoneBackground &gt; resize handles &gt; calls onResizeStart with correct direction on mousedown" time="0.010547369">
        </testcase>
        <testcase classname="src/renderer/plugins/builtin/canvas/ZoneBackground.test.tsx" name="ZoneBackground &gt; resize handles &gt; renders SE corner grip indicator" time="0.007136575">
        </testcase>
    </testsuite>
    <testsuite name="src/renderer/plugins/builtin/canvas/annex-canvas-sync.test.ts" timestamp="2026-03-25T04:47:30.544Z" hostname="runnervm46oaq" tests="37" failures="0" errors="0" skipped="0" time="0.036246346">
        <testcase classname="src/renderer/plugins/builtin/canvas/annex-canvas-sync.test.ts" name="annex canvas sync &gt; tab management mutations &gt; applies addCanvas mutation" time="0.007109964">
        </testcase>
        <testcase classname="src/renderer/plugins/builtin/canvas/annex-canvas-sync.test.ts" name="annex canvas sync &gt; tab management mutations &gt; applies removeCanvas mutation" time="0.001161049">
        </testcase>
        <testcase classname="src/renderer/plugins/builtin/canvas/annex-canvas-sync.test.ts" name="annex canvas sync &gt; tab management mutations &gt; applies renameCanvas mutation" time="0.000718406">
        </testcase>
        <testcase classname="src/renderer/plugins/builtin/canvas/annex-canvas-sync.test.ts" name="annex canvas sync &gt; tab management mutations &gt; applies setActiveCanvas mutation" time="0.0009032">
        </testcase>
        <testcase classname="src/renderer/plugins/builtin/canvas/annex-canvas-sync.test.ts" name="annex canvas sync &gt; moveViews mutation &gt; applies moveViews mutation with multiple views" time="0.002507053">
        </testcase>
        <testcase classname="src/renderer/plugins/builtin/canvas/annex-canvas-sync.test.ts" name="annex canvas sync &gt; broadcastCanvasState with tab metadata &gt; includes allCanvasTabs in snapshot" time="0.00076377">
        </testcase>
        <testcase classname="src/renderer/plugins/builtin/canvas/annex-canvas-sync.test.ts" name="annex canvas sync &gt; broadcastCanvasState with tab metadata &gt; includes all tabs when multiple canvases exist" time="0.001113952">
        </testcase>
        <testcase classname="src/renderer/plugins/builtin/canvas/annex-canvas-sync.test.ts" name="annex canvas sync &gt; broadcastCanvasState with tab metadata &gt; includes activeCanvasId in snapshot" time="0.000377442">
        </testcase>
        <testcase classname="src/renderer/plugins/builtin/canvas/annex-canvas-sync.test.ts" name="annex canvas sync &gt; hydrateFromRemote &gt; preserves local viewport on subsequent hydrations" time="0.001665267">
        </testcase>
        <testcase classname="src/renderer/plugins/builtin/canvas/annex-canvas-sync.test.ts" name="annex canvas sync &gt; hydrateFromRemote &gt; uses remote viewport on first hydration" time="0.000707727">
        </testcase>
        <testcase classname="src/renderer/plugins/builtin/canvas/annex-canvas-sync.test.ts" name="annex canvas sync &gt; hydrateFromRemote &gt; preserves local active canvas on subsequent hydrations" time="0.000617569">
        </testcase>
        <testcase classname="src/renderer/plugins/builtin/canvas/annex-canvas-sync.test.ts" name="annex canvas sync &gt; hydrateFromRemote &gt; follows satellite active tab when local tab is removed" time="0.000467509">
        </testcase>
        <testcase classname="src/renderer/plugins/builtin/canvas/annex-canvas-sync.test.ts" name="annex canvas sync &gt; applyCanvasMutation with projectId &gt; broadcasts projectId and scope for addView mutations" time="0.000724438">
        </testcase>
        <testcase classname="src/renderer/plugins/builtin/canvas/annex-canvas-sync.test.ts" name="annex canvas sync &gt; applyCanvasMutation with projectId &gt; broadcasts projectId and scope for removeView mutations" time="0.000625473">
        </testcase>
        <testcase classname="src/renderer/plugins/builtin/canvas/annex-canvas-sync.test.ts" name="annex canvas sync &gt; applyCanvasMutation with projectId &gt; broadcasts projectId and scope for updateView mutations (agent pick)" time="0.000777777">
        </testcase>
        <testcase classname="src/renderer/plugins/builtin/canvas/annex-canvas-sync.test.ts" name="annex canvas sync &gt; applyCanvasMutation with projectId &gt; broadcasts projectId for addCanvas mutations" time="0.000339792">
        </testcase>
        <testcase classname="src/renderer/plugins/builtin/canvas/annex-canvas-sync.test.ts" name="annex canvas sync &gt; applyCanvasMutation with projectId &gt; broadcasts projectId for removeCanvas mutations" time="0.000391318">
        </testcase>
        <testcase classname="src/renderer/plugins/builtin/canvas/annex-canvas-sync.test.ts" name="annex canvas sync &gt; applyCanvasMutation with projectId &gt; broadcasts projectId for renameCanvas mutations" time="0.000368977">
        </testcase>
        <testcase classname="src/renderer/plugins/builtin/canvas/annex-canvas-sync.test.ts" name="annex canvas sync &gt; applyCanvasMutation with projectId &gt; broadcasts projectId for moveView mutations" time="0.000574488">
        </testcase>
        <testcase classname="src/renderer/plugins/builtin/canvas/annex-canvas-sync.test.ts" name="annex canvas sync &gt; applyCanvasMutation with projectId &gt; broadcasts without projectId when not provided (pop-out windows)" time="0.000479562">
        </testcase>
        <testcase classname="src/renderer/plugins/builtin/canvas/annex-canvas-sync.test.ts" name="annex canvas sync &gt; annex canvas mutation round-trip &gt; updateView (agent pick) round-trips through hydration" time="0.000837889">
        </testcase>
        <testcase classname="src/renderer/plugins/builtin/canvas/annex-canvas-sync.test.ts" name="annex canvas sync &gt; annex canvas mutation round-trip &gt; removeView round-trips — prevents stuck cards" time="0.001228545">
        </testcase>
        <testcase classname="src/renderer/plugins/builtin/canvas/annex-canvas-sync.test.ts" name="annex canvas sync &gt; annex canvas mutation round-trip &gt; addView round-trips — new card appears on controller" time="0.00070452">
        </testcase>
        <testcase classname="src/renderer/plugins/builtin/canvas/annex-canvas-sync.test.ts" name="annex canvas sync &gt; selectView mutation &gt; applies selectView via applyCanvasMutation" time="0.000686867">
        </testcase>
        <testcase classname="src/renderer/plugins/builtin/canvas/annex-canvas-sync.test.ts" name="annex canvas sync &gt; selectView mutation &gt; applies selectView with null to deselect" time="0.00045727">
        </testcase>
        <testcase classname="src/renderer/plugins/builtin/canvas/annex-canvas-sync.test.ts" name="annex canvas sync &gt; selectView mutation &gt; broadcasts selectedViewId in snapshot" time="0.00036559">
        </testcase>
        <testcase classname="src/renderer/plugins/builtin/canvas/annex-canvas-sync.test.ts" name="annex canvas sync &gt; selectView mutation &gt; broadcasts null selectedViewId when nothing is selected" time="0.0002899">
        </testcase>
        <testcase classname="src/renderer/plugins/builtin/canvas/annex-canvas-sync.test.ts" name="annex canvas sync &gt; hydrateFromRemote selectedViewId sync &gt; takes selectedViewId from satellite on hydration" time="0.000304487">
        </testcase>
        <testcase classname="src/renderer/plugins/builtin/canvas/annex-canvas-sync.test.ts" name="annex canvas sync &gt; hydrateFromRemote selectedViewId sync &gt; preserves local selectedViewId when satellite sends null" time="0.00041376">
        </testcase>
        <testcase classname="src/renderer/plugins/builtin/canvas/annex-canvas-sync.test.ts" name="annex canvas sync &gt; hydrateFromRemote selectedViewId sync &gt; selectView round-trips through satellite" time="0.000492085">
        </testcase>
        <testcase classname="src/renderer/plugins/builtin/canvas/annex-canvas-sync.test.ts" name="annex canvas sync &gt; sendRemoteCanvasMutation &gt; parses namespaced project ID and calls annexClient" time="0.000901106">
        </testcase>
        <testcase classname="src/renderer/plugins/builtin/canvas/annex-canvas-sync.test.ts" name="annex canvas sync &gt; sendRemoteCanvasMutation &gt; does nothing for invalid namespaced ID" time="0.00035475">
        </testcase>
        <testcase classname="src/renderer/plugins/builtin/canvas/annex-canvas-sync.test.ts" name="annex canvas sync &gt; controller optimistic apply with satellite hydration &gt; addView appears locally then survives hydration with satellite version" time="0.000867895">
        </testcase>
        <testcase classname="src/renderer/plugins/builtin/canvas/annex-canvas-sync.test.ts" name="annex canvas sync &gt; controller optimistic apply with satellite hydration &gt; moveView applies locally and survives hydration" time="0.000548089">
        </testcase>
        <testcase classname="src/renderer/plugins/builtin/canvas/annex-canvas-sync.test.ts" name="annex canvas sync &gt; controller optimistic apply with satellite hydration &gt; updateView (agent pick) applies locally — shows terminal immediately" time="0.000402569">
        </testcase>
        <testcase classname="src/renderer/plugins/builtin/canvas/annex-canvas-sync.test.ts" name="annex canvas sync &gt; controller optimistic apply with satellite hydration &gt; removeView applies locally — view disappears immediately" time="0.000687589">
        </testcase>
        <testcase classname="src/renderer/plugins/builtin/canvas/annex-canvas-sync.test.ts" name="annex canvas sync &gt; controller optimistic apply with satellite hydration &gt; resizeView applies locally — no snap-back on hydration" time="0.000661531">
        </testcase>
    </testsuite>
    <testsuite name="src/renderer/plugins/builtin/canvas/annex-namespace-sync.test.ts" timestamp="2026-03-25T04:47:30.551Z" hostname="runnervm46oaq" tests="12" failures="0" errors="0" skipped="0" time="0.012617481">
        <testcase classname="src/renderer/plugins/builtin/canvas/annex-namespace-sync.test.ts" name="annex namespace ID translation &gt; stripNamespacedIds (satellite side) &gt; strips namespace prefix from agentId" time="0.005304698">
        </testcase>
        <testcase classname="src/renderer/plugins/builtin/canvas/annex-namespace-sync.test.ts" name="annex namespace ID translation &gt; stripNamespacedIds (satellite side) &gt; strips namespace prefix from projectId" time="0.000291312">
        </testcase>
        <testcase classname="src/renderer/plugins/builtin/canvas/annex-namespace-sync.test.ts" name="annex namespace ID translation &gt; stripNamespacedIds (satellite side) &gt; strips namespace from metadata agentId and projectId" time="0.000555724">
        </testcase>
        <testcase classname="src/renderer/plugins/builtin/canvas/annex-namespace-sync.test.ts" name="annex namespace ID translation &gt; stripNamespacedIds (satellite side) &gt; leaves non-namespaced IDs unchanged" time="0.000422726">
        </testcase>
        <testcase classname="src/renderer/plugins/builtin/canvas/annex-namespace-sync.test.ts" name="annex namespace ID translation &gt; stripNamespacedIds (satellite side) &gt; handles missing fields gracefully" time="0.000367984">
        </testcase>
        <testcase classname="src/renderer/plugins/builtin/canvas/annex-namespace-sync.test.ts" name="annex namespace ID translation &gt; stripNamespacedIds (satellite side) &gt; handles null/undefined metadata" time="0.000246468">
        </testcase>
        <testcase classname="src/renderer/plugins/builtin/canvas/annex-namespace-sync.test.ts" name="annex namespace ID translation &gt; namespaceViewIds (controller side) &gt; adds namespace prefix to agentId" time="0.000352236">
        </testcase>
        <testcase classname="src/renderer/plugins/builtin/canvas/annex-namespace-sync.test.ts" name="annex namespace ID translation &gt; namespaceViewIds (controller side) &gt; adds namespace prefix to projectId" time="0.000240547">
        </testcase>
        <testcase classname="src/renderer/plugins/builtin/canvas/annex-namespace-sync.test.ts" name="annex namespace ID translation &gt; namespaceViewIds (controller side) &gt; namespaces metadata agentId and projectId" time="0.000852395">
        </testcase>
        <testcase classname="src/renderer/plugins/builtin/canvas/annex-namespace-sync.test.ts" name="annex namespace ID translation &gt; namespaceViewIds (controller side) &gt; does not double-namespace already namespaced IDs" time="0.00033363">
        </testcase>
        <testcase classname="src/renderer/plugins/builtin/canvas/annex-namespace-sync.test.ts" name="annex namespace ID translation &gt; namespaceViewIds (controller side) &gt; leaves views without agentId/projectId unchanged" time="0.00031693">
        </testcase>
        <testcase classname="src/renderer/plugins/builtin/canvas/annex-namespace-sync.test.ts" name="annex namespace ID translation &gt; round-trip: controller → satellite → controller &gt; namespaced IDs survive full round trip" time="0.000490823">
        </testcase>
    </testsuite>
    <testsuite name="src/renderer/plugins/builtin/canvas/canvas-anchor.test.ts" timestamp="2026-03-25T04:47:30.553Z" hostname="runnervm46oaq" tests="22" failures="0" errors="0" skipped="0" time="0.023069482">
        <testcase classname="src/renderer/plugins/builtin/canvas/canvas-anchor.test.ts" name="anchor canvas widget &gt; createView — anchor type &gt; creates an anchor view with correct defaults" time="0.004561875">
        </testcase>
        <testcase classname="src/renderer/plugins/builtin/canvas/canvas-anchor.test.ts" name="anchor canvas widget &gt; createView — anchor type &gt; snaps anchor position to grid" time="0.000429499">
        </testcase>
        <testcase classname="src/renderer/plugins/builtin/canvas/canvas-anchor.test.ts" name="anchor canvas widget &gt; createView — anchor type &gt; deduplicates anchor display names" time="0.000352857">
        </testcase>
        <testcase classname="src/renderer/plugins/builtin/canvas/canvas-anchor.test.ts" name="anchor canvas widget &gt; createView — anchor type &gt; generates unique random IDs for anchor views" time="0.000748302">
        </testcase>
        <testcase classname="src/renderer/plugins/builtin/canvas/canvas-anchor.test.ts" name="anchor canvas widget &gt; search — anchor views &gt; includes anchor label in searchable text" time="0.000493238">
        </testcase>
        <testcase classname="src/renderer/plugins/builtin/canvas/canvas-anchor.test.ts" name="anchor canvas widget &gt; search — anchor views &gt; includes anchor type label in searchable text" time="0.000265975">
        </testcase>
        <testcase classname="src/renderer/plugins/builtin/canvas/canvas-anchor.test.ts" name="anchor canvas widget &gt; search — anchor views &gt; filters by anchor display name" time="0.001369879">
        </testcase>
        <testcase classname="src/renderer/plugins/builtin/canvas/canvas-anchor.test.ts" name="anchor canvas widget &gt; search — anchor views &gt; filters by anchor type keyword" time="0.000405685">
        </testcase>
        <testcase classname="src/renderer/plugins/builtin/canvas/canvas-anchor.test.ts" name="anchor canvas widget &gt; search — anchor views &gt; empty query returns all views including anchors" time="0.000840042">
        </testcase>
        <testcase classname="src/renderer/plugins/builtin/canvas/canvas-anchor.test.ts" name="anchor canvas widget &gt; store — anchor operations &gt; adds an anchor view to the active canvas" time="0.002804948">
        </testcase>
        <testcase classname="src/renderer/plugins/builtin/canvas/canvas-anchor.test.ts" name="anchor canvas widget &gt; store — anchor operations &gt; removes an anchor view" time="0.000941862">
        </testcase>
        <testcase classname="src/renderer/plugins/builtin/canvas/canvas-anchor.test.ts" name="anchor canvas widget &gt; store — anchor operations &gt; updates anchor view fields" time="0.000541567">
        </testcase>
        <testcase classname="src/renderer/plugins/builtin/canvas/canvas-anchor.test.ts" name="anchor canvas widget &gt; store — anchor operations &gt; persists and loads anchor views round-trip" time="0.001985543">
        </testcase>
        <testcase classname="src/renderer/plugins/builtin/canvas/canvas-anchor.test.ts" name="anchor canvas widget &gt; store — anchor operations &gt; queries anchor views by type" time="0.001002615">
        </testcase>
        <testcase classname="src/renderer/plugins/builtin/canvas/canvas-anchor.test.ts" name="anchor canvas widget &gt; compact anchor — fixed height &gt; creates anchor with height equal to ANCHOR_HEIGHT" time="0.00026354">
        </testcase>
        <testcase classname="src/renderer/plugins/builtin/canvas/canvas-anchor.test.ts" name="anchor canvas widget &gt; compact anchor — fixed height &gt; updateViewSize forces anchor height to ANCHOR_HEIGHT" time="0.000421404">
        </testcase>
        <testcase classname="src/renderer/plugins/builtin/canvas/canvas-anchor.test.ts" name="anchor canvas widget &gt; compact anchor — fixed height &gt; updateViewSize still enforces MIN_VIEW_HEIGHT for non-anchor views" time="0.00022022">
        </testcase>
        <testcase classname="src/renderer/plugins/builtin/canvas/canvas-anchor.test.ts" name="anchor canvas widget &gt; compact anchor — fixed height &gt; defaults autoCollapse to undefined" time="0.000199882">
        </testcase>
        <testcase classname="src/renderer/plugins/builtin/canvas/canvas-anchor.test.ts" name="anchor canvas widget &gt; compact anchor — fixed height &gt; persists autoCollapse via updateView" time="0.00030061">
        </testcase>
        <testcase classname="src/renderer/plugins/builtin/canvas/canvas-anchor.test.ts" name="anchor canvas widget &gt; compact anchor — fixed height &gt; persists autoCollapse through save/load" time="0.000932885">
        </testcase>
        <testcase classname="src/renderer/plugins/builtin/canvas/canvas-anchor.test.ts" name="anchor canvas widget &gt; anchor cycler &gt; counts anchor views correctly" time="0.000594425">
        </testcase>
        <testcase classname="src/renderer/plugins/builtin/canvas/canvas-anchor.test.ts" name="anchor canvas widget &gt; anchor cycler &gt; cycles through anchors wrapping around" time="0.000287465">
        </testcase>
    </testsuite>
    <testsuite name="src/renderer/plugins/builtin/canvas/canvas-annex-widget-gate.test.tsx" timestamp="2026-03-25T04:47:30.557Z" hostname="runnervm46oaq" tests="4" failures="0" errors="0" skipped="0" time="0.117799951">
        <testcase classname="src/renderer/plugins/builtin/canvas/canvas-annex-widget-gate.test.tsx" name="CanvasView annex plugin widget gate &gt; blocks non-annex-enabled plugin widget on remote project" time="0.084018056">
        </testcase>
        <testcase classname="src/renderer/plugins/builtin/canvas/canvas-annex-widget-gate.test.tsx" name="CanvasView annex plugin widget gate &gt; blocks plugin widget not found in match state on remote project" time="0.01685991">
        </testcase>
        <testcase classname="src/renderer/plugins/builtin/canvas/canvas-annex-widget-gate.test.tsx" name="CanvasView annex plugin widget gate &gt; allows annex-enabled plugin widget on remote project" time="0.007184764">
        </testcase>
        <testcase classname="src/renderer/plugins/builtin/canvas/canvas-annex-widget-gate.test.tsx" name="CanvasView annex plugin widget gate &gt; allows plugin widget on local (non-remote) project regardless" time="0.006224187">
        </testcase>
    </testsuite>
    <testsuite name="src/renderer/plugins/builtin/canvas/canvas-attention.test.ts" timestamp="2026-03-25T04:47:30.558Z" hostname="runnervm46oaq" tests="27" failures="0" errors="0" skipped="0" time="0.016897263">
        <testcase classname="src/renderer/plugins/builtin/canvas/canvas-attention.test.ts" name="agentAttention &gt; returns warning for needs_permission" time="0.00588644">
        </testcase>
        <testcase classname="src/renderer/plugins/builtin/canvas/canvas-attention.test.ts" name="agentAttention &gt; returns error for tool_error" time="0.000449186">
        </testcase>
        <testcase classname="src/renderer/plugins/builtin/canvas/canvas-attention.test.ts" name="agentAttention &gt; returns null for idle" time="0.000296151">
        </testcase>
        <testcase classname="src/renderer/plugins/builtin/canvas/canvas-attention.test.ts" name="agentAttention &gt; returns null for working" time="0.000331377">
        </testcase>
        <testcase classname="src/renderer/plugins/builtin/canvas/canvas-attention.test.ts" name="agentAttention &gt; returns null for null status" time="0.000245416">
        </testcase>
        <testcase classname="src/renderer/plugins/builtin/canvas/canvas-attention.test.ts" name="viewToScreenRect &gt; maps canvas coordinates to screen space" time="0.000499609">
        </testcase>
        <testcase classname="src/renderer/plugins/builtin/canvas/canvas-attention.test.ts" name="viewToScreenRect &gt; accounts for zoom" time="0.000446911">
        </testcase>
        <testcase classname="src/renderer/plugins/builtin/canvas/canvas-attention.test.ts" name="isViewOffScreen &gt; returns false when view is within viewport" time="0.00037641">
        </testcase>
        <testcase classname="src/renderer/plugins/builtin/canvas/canvas-attention.test.ts" name="isViewOffScreen &gt; returns true when view is fully left of viewport" time="0.00074727">
        </testcase>
        <testcase classname="src/renderer/plugins/builtin/canvas/canvas-attention.test.ts" name="isViewOffScreen &gt; returns true when view is fully above viewport" time="0.00029039">
        </testcase>
        <testcase classname="src/renderer/plugins/builtin/canvas/canvas-attention.test.ts" name="isViewOffScreen &gt; returns true when view is fully right of viewport" time="0.000268699">
        </testcase>
        <testcase classname="src/renderer/plugins/builtin/canvas/canvas-attention.test.ts" name="isViewOffScreen &gt; returns true when view is fully below viewport" time="0.000212516">
        </testcase>
        <testcase classname="src/renderer/plugins/builtin/canvas/canvas-attention.test.ts" name="isViewOffScreen &gt; returns false when view is partially visible" time="0.000169075">
        </testcase>
        <testcase classname="src/renderer/plugins/builtin/canvas/canvas-attention.test.ts" name="getOffScreenDirection &gt; returns &quot;top&quot; when view is above" time="0.000240177">
        </testcase>
        <testcase classname="src/renderer/plugins/builtin/canvas/canvas-attention.test.ts" name="getOffScreenDirection &gt; returns &quot;bottom&quot; when view is below" time="0.000165578">
        </testcase>
        <testcase classname="src/renderer/plugins/builtin/canvas/canvas-attention.test.ts" name="getOffScreenDirection &gt; returns &quot;left&quot; when view is to the left" time="0.000189272">
        </testcase>
        <testcase classname="src/renderer/plugins/builtin/canvas/canvas-attention.test.ts" name="getOffScreenDirection &gt; returns &quot;right&quot; when view is to the right" time="0.000174164">
        </testcase>
        <testcase classname="src/renderer/plugins/builtin/canvas/canvas-attention.test.ts" name="getOffScreenDirection &gt; returns &quot;top-left&quot; for upper-left corner" time="0.000156782">
        </testcase>
        <testcase classname="src/renderer/plugins/builtin/canvas/canvas-attention.test.ts" name="getOffScreenDirection &gt; returns &quot;bottom-right&quot; for lower-right corner" time="0.000214629">
        </testcase>
        <testcase classname="src/renderer/plugins/builtin/canvas/canvas-attention.test.ts" name="computeIndicatorPosition &gt; places top indicators at y=8" time="0.000302924">
        </testcase>
        <testcase classname="src/renderer/plugins/builtin/canvas/canvas-attention.test.ts" name="computeIndicatorPosition &gt; places bottom indicators near bottom edge" time="0.000168604">
        </testcase>
        <testcase classname="src/renderer/plugins/builtin/canvas/canvas-attention.test.ts" name="computeIndicatorPosition &gt; places left indicators at x=8" time="0.000164757">
        </testcase>
        <testcase classname="src/renderer/plugins/builtin/canvas/canvas-attention.test.ts" name="computeIndicatorPosition &gt; clamps x position within padded bounds" time="0.000153766">
        </testcase>
        <testcase classname="src/renderer/plugins/builtin/canvas/canvas-attention.test.ts" name="computeOffScreenIndicators &gt; returns empty array when no views need attention" time="0.00031163">
        </testcase>
        <testcase classname="src/renderer/plugins/builtin/canvas/canvas-attention.test.ts" name="computeOffScreenIndicators &gt; returns empty when attention view is on-screen" time="0.000230389">
        </testcase>
        <testcase classname="src/renderer/plugins/builtin/canvas/canvas-attention.test.ts" name="computeOffScreenIndicators &gt; returns indicator for attention view that is off-screen" time="0.001154418">
        </testcase>
        <testcase classname="src/renderer/plugins/builtin/canvas/canvas-attention.test.ts" name="computeOffScreenIndicators &gt; skips views not in attention map" time="0.000202206">
        </testcase>
    </testsuite>
    <testsuite name="src/renderer/plugins/builtin/canvas/canvas-context-menu-coordinates.test.ts" timestamp="2026-03-25T04:47:30.563Z" hostname="runnervm46oaq" tests="8" failures="0" errors="0" skipped="0" time="0.007882571">
        <testcase classname="src/renderer/plugins/builtin/canvas/canvas-context-menu-coordinates.test.ts" name="Context menu coordinate correctness &gt; right-click on canvas background → menu position &gt; menu should appear at the click position (clientX/clientY) at zoom 1" time="0.002840844">
        </testcase>
        <testcase classname="src/renderer/plugins/builtin/canvas/canvas-context-menu-coordinates.test.ts" name="Context menu coordinate correctness &gt; right-click on canvas background → menu position &gt; menu should appear at click position regardless of zoom level" time="0.000341385">
        </testcase>
        <testcase classname="src/renderer/plugins/builtin/canvas/canvas-context-menu-coordinates.test.ts" name="Context menu coordinate correctness &gt; right-click on canvas background → menu position &gt; canvas coordinates account for pan offset" time="0.000286383">
        </testcase>
        <testcase classname="src/renderer/plugins/builtin/canvas/canvas-context-menu-coordinates.test.ts" name="Context menu coordinate correctness &gt; view placed at canvas coords renders at expected screen position &gt; new view placed via context menu appears where user clicked (zoom 1)" time="0.000495211">
        </testcase>
        <testcase classname="src/renderer/plugins/builtin/canvas/canvas-context-menu-coordinates.test.ts" name="Context menu coordinate correctness &gt; view placed at canvas coords renders at expected screen position &gt; roundtrip works at zoom 0.5 with pan" time="0.000381369">
        </testcase>
        <testcase classname="src/renderer/plugins/builtin/canvas/canvas-context-menu-coordinates.test.ts" name="Context menu coordinate correctness &gt; view placed at canvas coords renders at expected screen position &gt; roundtrip works at zoom 2 with negative pan" time="0.000285982">
        </testcase>
        <testcase classname="src/renderer/plugins/builtin/canvas/canvas-context-menu-coordinates.test.ts" name="Context menu coordinate correctness &gt; git diff context menu coordinates (previously broken) &gt; file right-click menu position uses raw clientX/clientY via portal" time="0.000361622">
        </testcase>
        <testcase classname="src/renderer/plugins/builtin/canvas/canvas-context-menu-coordinates.test.ts" name="Context menu coordinate correctness &gt; git diff context menu coordinates (previously broken) &gt; demonstrates the old bug: fixed positioning inside transform container" time="0.000364507">
        </testcase>
    </testsuite>
    <testsuite name="src/renderer/plugins/builtin/canvas/canvas-context-menu-icons.test.tsx" timestamp="2026-03-25T04:47:30.565Z" hostname="runnervm46oaq" tests="8" failures="0" errors="0" skipped="0" time="0.191710922">
        <testcase classname="src/renderer/plugins/builtin/canvas/canvas-context-menu-icons.test.tsx" name="CanvasContextMenu plugin widget icons &gt; renders built-in item SVG icons as HTML elements, not plain text" time="0.066178496">
        </testcase>
        <testcase classname="src/renderer/plugins/builtin/canvas/canvas-context-menu-icons.test.tsx" name="CanvasContextMenu plugin widget icons &gt; renders promoted plugin widget SVG icon as HTML, not raw text" time="0.0247416">
        </testcase>
        <testcase classname="src/renderer/plugins/builtin/canvas/canvas-context-menu-icons.test.tsx" name="CanvasContextMenu plugin widget icons &gt; renders other (3rd-party) plugin widget SVG icon as HTML, not raw text" time="0.02147678">
        </testcase>
        <testcase classname="src/renderer/plugins/builtin/canvas/canvas-context-menu-icons.test.tsx" name="CanvasContextMenu plugin widget icons &gt; falls back to &quot;+&quot; when no icon is provided" time="0.012764921">
        </testcase>
        <testcase classname="src/renderer/plugins/builtin/canvas/canvas-context-menu-icons.test.tsx" name="CanvasContextMenu plugin widget icons &gt; dismisses on outside mouse down" time="0.01939215">
        </testcase>
        <testcase classname="src/renderer/plugins/builtin/canvas/canvas-context-menu-icons.test.tsx" name="CanvasContextMenu plugin widget icons &gt; dismisses on Escape" time="0.017214289">
        </testcase>
        <testcase classname="src/renderer/plugins/builtin/canvas/canvas-context-menu-icons.test.tsx" name="CanvasContextMenu MCP gating &gt; hides group-project widget when MCP is disabled" time="0.012417898">
        </testcase>
        <testcase classname="src/renderer/plugins/builtin/canvas/canvas-context-menu-icons.test.tsx" name="CanvasContextMenu MCP gating &gt; shows group-project widget when MCP is enabled" time="0.014354249">
        </testcase>
    </testsuite>
    <testsuite name="src/renderer/plugins/builtin/canvas/canvas-keyboard-focus.test.tsx" timestamp="2026-03-25T04:47:30.567Z" hostname="runnervm46oaq" tests="10" failures="0" errors="0" skipped="0" time="0.442339953">
        <testcase classname="src/renderer/plugins/builtin/canvas/canvas-keyboard-focus.test.tsx" name="canvas keyboard focus &gt; auto-focuses the workspace container on mount" time="0.055952557">
        </testcase>
        <testcase classname="src/renderer/plugins/builtin/canvas/canvas-keyboard-focus.test.tsx" name="canvas keyboard focus &gt; pans canvas with arrow keys when no widget is selected" time="0.012755768">
        </testcase>
        <testcase classname="src/renderer/plugins/builtin/canvas/canvas-keyboard-focus.test.tsx" name="canvas keyboard focus &gt; does NOT pan canvas with arrow keys when a widget is selected" time="0.047953724">
        </testcase>
        <testcase classname="src/renderer/plugins/builtin/canvas/canvas-keyboard-focus.test.tsx" name="canvas keyboard focus &gt; Escape deselects and returns focus to the workspace" time="0.018547402">
        </testcase>
        <testcase classname="src/renderer/plugins/builtin/canvas/canvas-keyboard-focus.test.tsx" name="canvas keyboard focus &gt; clicking empty canvas space deselects and focuses the workspace" time="0.026787397">
        </testcase>
        <testcase classname="src/renderer/plugins/builtin/canvas/canvas-keyboard-focus.test.tsx" name="canvas keyboard focus &gt; workspace regains focus when selectedViewId transitions to null" time="0.036313685">
        </testcase>
        <testcase classname="src/renderer/plugins/builtin/canvas/canvas-keyboard-focus.test.tsx" name="canvas view pointer-events &gt; does NOT block pointer-events on content area when widget is not selected" time="0.01810004">
        </testcase>
        <testcase classname="src/renderer/plugins/builtin/canvas/canvas-keyboard-focus.test.tsx" name="canvas view pointer-events &gt; allows pointer-events on content area when widget is selected" time="0.009513376">
        </testcase>
        <testcase classname="src/renderer/plugins/builtin/canvas/canvas-keyboard-focus.test.tsx" name="canvas view pointer-events &gt; clicking an unselected widget calls onSelect" time="0.010091542">
        </testcase>
        <testcase classname="src/renderer/plugins/builtin/canvas/canvas-keyboard-focus.test.tsx" name="canvas view pointer-events &gt; first click on content area of unselected widget is not blocked" time="0.202258138">
        </testcase>
    </testsuite>
    <testsuite name="src/renderer/plugins/builtin/canvas/canvas-minimap.test.ts" timestamp="2026-03-25T04:47:30.569Z" hostname="runnervm46oaq" tests="23" failures="0" errors="0" skipped="0" time="0.013645732">
        <testcase classname="src/renderer/plugins/builtin/canvas/canvas-minimap.test.ts" name="viewportToCanvasRect &gt; computes visible canvas area at zoom 1" time="0.002747331">
        </testcase>
        <testcase classname="src/renderer/plugins/builtin/canvas/canvas-minimap.test.ts" name="viewportToCanvasRect &gt; adjusts for pan offset" time="0.000987116">
        </testcase>
        <testcase classname="src/renderer/plugins/builtin/canvas/canvas-minimap.test.ts" name="viewportToCanvasRect &gt; adjusts for zoom" time="0.0004887">
        </testcase>
        <testcase classname="src/renderer/plugins/builtin/canvas/canvas-minimap.test.ts" name="viewportToCanvasRect &gt; combines pan and zoom" time="0.000281063">
        </testcase>
        <testcase classname="src/renderer/plugins/builtin/canvas/canvas-minimap.test.ts" name="computeMinimapBounds &gt; returns padded viewport when no views exist" time="0.000492035">
        </testcase>
        <testcase classname="src/renderer/plugins/builtin/canvas/canvas-minimap.test.ts" name="computeMinimapBounds &gt; computes 1.5x padded bounding box of views" time="0.000340834">
        </testcase>
        <testcase classname="src/renderer/plugins/builtin/canvas/canvas-minimap.test.ts" name="computeMinimapBounds &gt; includes viewport when it extends beyond padded content" time="0.000369447">
        </testcase>
        <testcase classname="src/renderer/plugins/builtin/canvas/canvas-minimap.test.ts" name="computeMinimapBounds &gt; uses 1.5x content bbox when viewport is within it" time="0.000373053">
        </testcase>
        <testcase classname="src/renderer/plugins/builtin/canvas/canvas-minimap.test.ts" name="canvasToMinimap &gt; maps a rect at the origin of world bounds to minimap origin" time="0.000889905">
        </testcase>
        <testcase classname="src/renderer/plugins/builtin/canvas/canvas-minimap.test.ts" name="canvasToMinimap &gt; centers content when aspect ratios differ" time="0.000405395">
        </testcase>
        <testcase classname="src/renderer/plugins/builtin/canvas/canvas-minimap.test.ts" name="canvasToMinimap &gt; handles negative canvas coordinates" time="0.000289379">
        </testcase>
        <testcase classname="src/renderer/plugins/builtin/canvas/canvas-minimap.test.ts" name="minimapToCanvas &gt; round-trips with canvasToMinimap for a point inside bounds" time="0.000313103">
        </testcase>
        <testcase classname="src/renderer/plugins/builtin/canvas/canvas-minimap.test.ts" name="minimapToCanvas &gt; maps minimap center to world center" time="0.000213477">
        </testcase>
        <testcase classname="src/renderer/plugins/builtin/canvas/canvas-minimap.test.ts" name="centerViewportOn &gt; computes pan to center a point at zoom 1" time="0.000250406">
        </testcase>
        <testcase classname="src/renderer/plugins/builtin/canvas/canvas-minimap.test.ts" name="centerViewportOn &gt; accounts for zoom" time="0.000191867">
        </testcase>
        <testcase classname="src/renderer/plugins/builtin/canvas/canvas-minimap.test.ts" name="constants &gt; has sensible default dimensions" time="0.000221592">
        </testcase>
        <testcase classname="src/renderer/plugins/builtin/canvas/canvas-minimap.test.ts" name="constants &gt; has a positive initial hide delay" time="0.000147905">
        </testcase>
        <testcase classname="src/renderer/plugins/builtin/canvas/canvas-minimap.test.ts" name="constants &gt; has a shorter interaction hide delay" time="0.000214589">
        </testcase>
        <testcase classname="src/renderer/plugins/builtin/canvas/canvas-minimap.test.ts" name="constants &gt; has padding factor &gt; 1" time="0.000136705">
        </testcase>
        <testcase classname="src/renderer/plugins/builtin/canvas/canvas-minimap.test.ts" name="edge cases &gt; handles zero-size views in bounding box" time="0.000254443">
        </testcase>
        <testcase classname="src/renderer/plugins/builtin/canvas/canvas-minimap.test.ts" name="edge cases &gt; handles very zoomed out viewport" time="0.0002044">
        </testcase>
        <testcase classname="src/renderer/plugins/builtin/canvas/canvas-minimap.test.ts" name="edge cases &gt; handles multiple views spread across canvas" time="0.000304947">
        </testcase>
        <testcase classname="src/renderer/plugins/builtin/canvas/canvas-minimap.test.ts" name="edge cases &gt; includes all view types in bounds computation" time="0.000411335">
        </testcase>
    </testsuite>
    <testsuite name="src/renderer/plugins/builtin/canvas/canvas-multi-drag.test.ts" timestamp="2026-03-25T04:47:30.573Z" hostname="runnervm46oaq" tests="12" failures="0" errors="0" skipped="0" time="0.01690391">
        <testcase classname="src/renderer/plugins/builtin/canvas/canvas-multi-drag.test.ts" name="multi-drag relative position preservation &gt; moveViews applies a uniform delta to all selected views" time="0.00696808">
        </testcase>
        <testcase classname="src/renderer/plugins/builtin/canvas/canvas-multi-drag.test.ts" name="multi-drag relative position preservation &gt; preserves relative distance between views after move" time="0.001138207">
        </testcase>
        <testcase classname="src/renderer/plugins/builtin/canvas/canvas-multi-drag.test.ts" name="multi-drag selection clearing &gt; clearSelection empties selectedViewIds after moveViews" time="0.001169716">
        </testcase>
        <testcase classname="src/renderer/plugins/builtin/canvas/canvas-multi-drag.test.ts" name="multi-drag selection clearing &gt; clearSelection also clears focused selectedViewId" time="0.001055743">
        </testcase>
        <testcase classname="src/renderer/plugins/builtin/canvas/canvas-multi-drag.test.ts" name="dragOffset computation for multi-drag &gt; returns undefined when no multi-drag is active" time="0.000412317">
        </testcase>
        <testcase classname="src/renderer/plugins/builtin/canvas/canvas-multi-drag.test.ts" name="dragOffset computation for multi-drag &gt; returns undefined for the primary drag view" time="0.000261106">
        </testcase>
        <testcase classname="src/renderer/plugins/builtin/canvas/canvas-multi-drag.test.ts" name="dragOffset computation for multi-drag &gt; returns the delta for non-primary selected views during multi-drag" time="0.000261046">
        </testcase>
        <testcase classname="src/renderer/plugins/builtin/canvas/canvas-multi-drag.test.ts" name="dragOffset computation for multi-drag &gt; returns undefined for views not in the selection" time="0.000229977">
        </testcase>
        <testcase classname="src/renderer/plugins/builtin/canvas/canvas-multi-drag.test.ts" name="dragOffset computation for multi-drag &gt; returns the delta for all non-primary views in a 3-item selection" time="0.000845483">
        </testcase>
        <testcase classname="src/renderer/plugins/builtin/canvas/canvas-multi-drag.test.ts" name="dragOffset computation for zone drag &gt; returns undefined when no zone drag is active" time="0.000334442">
        </testcase>
        <testcase classname="src/renderer/plugins/builtin/canvas/canvas-multi-drag.test.ts" name="dragOffset computation for zone drag &gt; returns the delta for contained views during zone drag" time="0.000361132">
        </testcase>
        <testcase classname="src/renderer/plugins/builtin/canvas/canvas-multi-drag.test.ts" name="dragOffset computation for zone drag &gt; returns undefined for views not contained in the dragged zone" time="0.00019855">
        </testcase>
    </testsuite>
    <testsuite name="src/renderer/plugins/builtin/canvas/canvas-multi-select.test.ts" timestamp="2026-03-25T04:47:30.575Z" hostname="runnervm46oaq" tests="23" failures="0" errors="0" skipped="0" time="0.020373799">
        <testcase classname="src/renderer/plugins/builtin/canvas/canvas-multi-select.test.ts" name="isViewFullyInRect &gt; returns true when view is fully inside the rect" time="0.002546126">
        </testcase>
        <testcase classname="src/renderer/plugins/builtin/canvas/canvas-multi-select.test.ts" name="isViewFullyInRect &gt; returns true when view exactly matches the rect" time="0.000409943">
        </testcase>
        <testcase classname="src/renderer/plugins/builtin/canvas/canvas-multi-select.test.ts" name="isViewFullyInRect &gt; returns false when view is partially outside (right edge)" time="0.000245046">
        </testcase>
        <testcase classname="src/renderer/plugins/builtin/canvas/canvas-multi-select.test.ts" name="isViewFullyInRect &gt; returns false when view is partially outside (bottom edge)" time="0.000332699">
        </testcase>
        <testcase classname="src/renderer/plugins/builtin/canvas/canvas-multi-select.test.ts" name="isViewFullyInRect &gt; returns false when view is completely outside" time="0.000248813">
        </testcase>
        <testcase classname="src/renderer/plugins/builtin/canvas/canvas-multi-select.test.ts" name="isViewFullyInRect &gt; handles negative-direction rects (drag from bottom-right to top-left)" time="0.00020969">
        </testcase>
        <testcase classname="src/renderer/plugins/builtin/canvas/canvas-multi-select.test.ts" name="isViewFullyInRect &gt; rejects partially overlapping views with negative rects" time="0.0003227">
        </testcase>
        <testcase classname="src/renderer/plugins/builtin/canvas/canvas-multi-select.test.ts" name="computeTiledPositions &gt; returns empty map for no views" time="0.000574638">
        </testcase>
        <testcase classname="src/renderer/plugins/builtin/canvas/canvas-multi-select.test.ts" name="computeTiledPositions &gt; places a single view at the snapped origin" time="0.001739686">
        </testcase>
        <testcase classname="src/renderer/plugins/builtin/canvas/canvas-multi-select.test.ts" name="computeTiledPositions &gt; tiles two views side by side" time="0.000513976">
        </testcase>
        <testcase classname="src/renderer/plugins/builtin/canvas/canvas-multi-select.test.ts" name="computeTiledPositions &gt; tiles four views in a 2×2 grid" time="0.000567245">
        </testcase>
        <testcase classname="src/renderer/plugins/builtin/canvas/canvas-multi-select.test.ts" name="computeTiledPositions &gt; respects gap parameter" time="0.000272948">
        </testcase>
        <testcase classname="src/renderer/plugins/builtin/canvas/canvas-multi-select.test.ts" name="computeTiledPositions &gt; handles views of different sizes" time="0.000365269">
        </testcase>
        <testcase classname="src/renderer/plugins/builtin/canvas/canvas-multi-select.test.ts" name="computeTiledPositions &gt; snaps all positions to grid" time="0.00038172">
        </testcase>
        <testcase classname="src/renderer/plugins/builtin/canvas/canvas-multi-select.test.ts" name="canvas-store multi-select &gt; starts with empty selectedViewIds" time="0.002300248">
        </testcase>
        <testcase classname="src/renderer/plugins/builtin/canvas/canvas-multi-select.test.ts" name="canvas-store multi-select &gt; toggleSelectView adds a view" time="0.000995392">
        </testcase>
        <testcase classname="src/renderer/plugins/builtin/canvas/canvas-multi-select.test.ts" name="canvas-store multi-select &gt; toggleSelectView removes a view on second call" time="0.000540535">
        </testcase>
        <testcase classname="src/renderer/plugins/builtin/canvas/canvas-multi-select.test.ts" name="canvas-store multi-select &gt; toggleSelectView supports multiple views" time="0.000485603">
        </testcase>
        <testcase classname="src/renderer/plugins/builtin/canvas/canvas-multi-select.test.ts" name="canvas-store multi-select &gt; setSelectedViewIds replaces the selection" time="0.000769752">
        </testcase>
        <testcase classname="src/renderer/plugins/builtin/canvas/canvas-multi-select.test.ts" name="canvas-store multi-select &gt; clearSelection clears both selectedViewIds and selectedViewId" time="0.000780982">
        </testcase>
        <testcase classname="src/renderer/plugins/builtin/canvas/canvas-multi-select.test.ts" name="canvas-store multi-select &gt; moveViews updates positions of multiple views" time="0.00104839">
        </testcase>
        <testcase classname="src/renderer/plugins/builtin/canvas/canvas-multi-select.test.ts" name="canvas-store multi-select &gt; moveViews clamps positions to canvas bounds" time="0.000534425">
        </testcase>
        <testcase classname="src/renderer/plugins/builtin/canvas/canvas-multi-select.test.ts" name="canvas-store multi-select &gt; selectedViewIds is not persisted to storage" time="0.001297112">
        </testcase>
    </testsuite>
    <testsuite name="src/renderer/plugins/builtin/canvas/canvas-operations.test.ts" timestamp="2026-03-25T04:47:30.579Z" hostname="runnervm46oaq" tests="68" failures="0" errors="0" skipped="0" time="0.032494834">
        <testcase classname="src/renderer/plugins/builtin/canvas/canvas-operations.test.ts" name="canvas-operations &gt; generateViewId &gt; generates IDs with cv_ prefix and 8-char hex suffix" time="0.0033443">
        </testcase>
        <testcase classname="src/renderer/plugins/builtin/canvas/canvas-operations.test.ts" name="canvas-operations &gt; generateViewId &gt; generates unique IDs on each call" time="0.000901667">
        </testcase>
        <testcase classname="src/renderer/plugins/builtin/canvas/canvas-operations.test.ts" name="canvas-operations &gt; snapToGrid &gt; snaps to nearest grid line" time="0.000664135">
        </testcase>
        <testcase classname="src/renderer/plugins/builtin/canvas/canvas-operations.test.ts" name="canvas-operations &gt; snapPosition &gt; snaps both coordinates" time="0.001282535">
        </testcase>
        <testcase classname="src/renderer/plugins/builtin/canvas/canvas-operations.test.ts" name="canvas-operations &gt; snapSize &gt; enforces minimum dimensions" time="0.000492145">
        </testcase>
        <testcase classname="src/renderer/plugins/builtin/canvas/canvas-operations.test.ts" name="canvas-operations &gt; snapSize &gt; snaps to grid" time="0.000325195">
        </testcase>
        <testcase classname="src/renderer/plugins/builtin/canvas/canvas-operations.test.ts" name="canvas-operations &gt; createView &gt; creates an agent view with random ID" time="0.000785731">
        </testcase>
        <testcase classname="src/renderer/plugins/builtin/canvas/canvas-operations.test.ts" name="canvas-operations &gt; createView &gt; snaps position to grid" time="0.000325586">
        </testcase>
        <testcase classname="src/renderer/plugins/builtin/canvas/canvas-operations.test.ts" name="canvas-operations &gt; removeView &gt; removes view by ID" time="0.001975955">
        </testcase>
        <testcase classname="src/renderer/plugins/builtin/canvas/canvas-operations.test.ts" name="canvas-operations &gt; removeView &gt; returns same array if ID not found" time="0.000336776">
        </testcase>
        <testcase classname="src/renderer/plugins/builtin/canvas/canvas-operations.test.ts" name="canvas-operations &gt; updateViewPosition &gt; updates position and clamps to canvas bounds" time="0.000529936">
        </testcase>
        <testcase classname="src/renderer/plugins/builtin/canvas/canvas-operations.test.ts" name="canvas-operations &gt; updateViewPosition &gt; allows negative positions within symmetric bounds" time="0.000288146">
        </testcase>
        <testcase classname="src/renderer/plugins/builtin/canvas/canvas-operations.test.ts" name="canvas-operations &gt; updateViewSize &gt; enforces minimum size" time="0.000422155">
        </testcase>
        <testcase classname="src/renderer/plugins/builtin/canvas/canvas-operations.test.ts" name="canvas-operations &gt; updateViewSize &gt; allows sizes above minimum" time="0.000248633">
        </testcase>
        <testcase classname="src/renderer/plugins/builtin/canvas/canvas-operations.test.ts" name="canvas-operations &gt; updateViewTitle &gt; updates view title" time="0.00028485">
        </testcase>
        <testcase classname="src/renderer/plugins/builtin/canvas/canvas-operations.test.ts" name="canvas-operations &gt; bringToFront &gt; sets highest zIndex on target view" time="0.000337197">
        </testcase>
        <testcase classname="src/renderer/plugins/builtin/canvas/canvas-operations.test.ts" name="canvas-operations &gt; clampZoom &gt; clamps to min" time="0.000229116">
        </testcase>
        <testcase classname="src/renderer/plugins/builtin/canvas/canvas-operations.test.ts" name="canvas-operations &gt; clampZoom &gt; clamps to max" time="0.00020426">
        </testcase>
        <testcase classname="src/renderer/plugins/builtin/canvas/canvas-operations.test.ts" name="canvas-operations &gt; clampZoom &gt; passes through valid zoom" time="0.000172611">
        </testcase>
        <testcase classname="src/renderer/plugins/builtin/canvas/canvas-operations.test.ts" name="canvas-operations &gt; clampPosition &gt; allows moderate negative values (symmetric range)" time="0.000359278">
        </testcase>
        <testcase classname="src/renderer/plugins/builtin/canvas/canvas-operations.test.ts" name="canvas-operations &gt; clampPosition &gt; clamps values below -CANVAS_SIZE" time="0.000239065">
        </testcase>
        <testcase classname="src/renderer/plugins/builtin/canvas/canvas-operations.test.ts" name="canvas-operations &gt; clampPosition &gt; clamps values above CANVAS_SIZE" time="0.000217635">
        </testcase>
        <testcase classname="src/renderer/plugins/builtin/canvas/canvas-operations.test.ts" name="canvas-operations &gt; clampPosition &gt; passes through values within range" time="0.00020403">
        </testcase>
        <testcase classname="src/renderer/plugins/builtin/canvas/canvas-operations.test.ts" name="canvas-operations &gt; clampViewport &gt; clamps zoom but preserves pan" time="0.000304306">
        </testcase>
        <testcase classname="src/renderer/plugins/builtin/canvas/canvas-operations.test.ts" name="canvas-operations &gt; zoomTowardPoint &gt; preserves point under cursor" time="0.000273589">
        </testcase>
        <testcase classname="src/renderer/plugins/builtin/canvas/canvas-operations.test.ts" name="canvas-operations &gt; zoomTowardPoint &gt; clamps zoom to bounds" time="0.000191386">
        </testcase>
        <testcase classname="src/renderer/plugins/builtin/canvas/canvas-operations.test.ts" name="canvas-operations &gt; detectOverlaps &gt; returns overlapping views" time="0.000732442">
        </testcase>
        <testcase classname="src/renderer/plugins/builtin/canvas/canvas-operations.test.ts" name="canvas-operations &gt; detectOverlaps &gt; returns empty for non-overlapping views" time="0.000328711">
        </testcase>
        <testcase classname="src/renderer/plugins/builtin/canvas/canvas-operations.test.ts" name="canvas-operations &gt; detectOverlaps &gt; returns empty for unknown view ID" time="0.000286724">
        </testcase>
        <testcase classname="src/renderer/plugins/builtin/canvas/canvas-operations.test.ts" name="canvas-operations &gt; reflowViews &gt; shifts overlapping views right" time="0.000418809">
        </testcase>
        <testcase classname="src/renderer/plugins/builtin/canvas/canvas-operations.test.ts" name="canvas-operations &gt; reflowViews &gt; shifts overlapping views down" time="0.000261446">
        </testcase>
        <testcase classname="src/renderer/plugins/builtin/canvas/canvas-operations.test.ts" name="canvas-operations &gt; reflowViews &gt; returns views unchanged if no overlaps" time="0.000243513">
        </testcase>
        <testcase classname="src/renderer/plugins/builtin/canvas/canvas-operations.test.ts" name="canvas-operations &gt; computeBoundingBox &gt; returns null for empty array" time="0.0002472">
        </testcase>
        <testcase classname="src/renderer/plugins/builtin/canvas/canvas-operations.test.ts" name="canvas-operations &gt; computeBoundingBox &gt; computes bounding box of a single view" time="0.000275883">
        </testcase>
        <testcase classname="src/renderer/plugins/builtin/canvas/canvas-operations.test.ts" name="canvas-operations &gt; computeBoundingBox &gt; computes bounding box of multiple views" time="0.000246468">
        </testcase>
        <testcase classname="src/renderer/plugins/builtin/canvas/canvas-operations.test.ts" name="canvas-operations &gt; computeBoundingBox &gt; handles views at negative positions" time="0.000238504">
        </testcase>
        <testcase classname="src/renderer/plugins/builtin/canvas/canvas-operations.test.ts" name="canvas-operations &gt; viewportToFitViews &gt; returns default viewport for empty views" time="0.000405134">
        </testcase>
        <testcase classname="src/renderer/plugins/builtin/canvas/canvas-operations.test.ts" name="canvas-operations &gt; viewportToFitViews &gt; fits a single view in the container" time="0.000300018">
        </testcase>
        <testcase classname="src/renderer/plugins/builtin/canvas/canvas-operations.test.ts" name="canvas-operations &gt; viewportToFitViews &gt; zoom does not exceed 1" time="0.000206925">
        </testcase>
        <testcase classname="src/renderer/plugins/builtin/canvas/canvas-operations.test.ts" name="canvas-operations &gt; viewportToCenterView &gt; centers viewport on a view" time="0.000332679">
        </testcase>
        <testcase classname="src/renderer/plugins/builtin/canvas/canvas-operations.test.ts" name="canvas-operations &gt; viewportToCenterView &gt; accounts for zoom when centering" time="0.000253602">
        </testcase>
        <testcase classname="src/renderer/plugins/builtin/canvas/canvas-operations.test.ts" name="canvas-operations &gt; canvas instance IDs &gt; generates canvas IDs with canvas_ prefix and 8-char hex suffix" time="0.000258812">
        </testcase>
        <testcase classname="src/renderer/plugins/builtin/canvas/canvas-operations.test.ts" name="canvas-operations &gt; canvas instance IDs &gt; generates unique canvas IDs on each call" time="0.000577935">
        </testcase>
        <testcase classname="src/renderer/plugins/builtin/canvas/canvas-operations.test.ts" name="canvas-operations &gt; screenToCanvas &gt; converts screen coords at zoom 1 with no pan" time="0.000282556">
        </testcase>
        <testcase classname="src/renderer/plugins/builtin/canvas/canvas-operations.test.ts" name="canvas-operations &gt; screenToCanvas &gt; accounts for zoom" time="0.000237432">
        </testcase>
        <testcase classname="src/renderer/plugins/builtin/canvas/canvas-operations.test.ts" name="canvas-operations &gt; screenToCanvas &gt; accounts for pan offset" time="0.000217685">
        </testcase>
        <testcase classname="src/renderer/plugins/builtin/canvas/canvas-operations.test.ts" name="canvas-operations &gt; screenToCanvas &gt; accounts for both zoom and pan" time="0.000412417">
        </testcase>
        <testcase classname="src/renderer/plugins/builtin/canvas/canvas-operations.test.ts" name="canvas-operations &gt; screenToCanvas &gt; handles fractional zoom" time="0.00024204">
        </testcase>
        <testcase classname="src/renderer/plugins/builtin/canvas/canvas-operations.test.ts" name="canvas-operations &gt; canvasToScreen &gt; converts canvas coords at zoom 1 with no pan" time="0.000261737">
        </testcase>
        <testcase classname="src/renderer/plugins/builtin/canvas/canvas-operations.test.ts" name="canvas-operations &gt; canvasToScreen &gt; accounts for zoom" time="0.000229788">
        </testcase>
        <testcase classname="src/renderer/plugins/builtin/canvas/canvas-operations.test.ts" name="canvas-operations &gt; canvasToScreen &gt; accounts for pan offset" time="0.000227293">
        </testcase>
        <testcase classname="src/renderer/plugins/builtin/canvas/canvas-operations.test.ts" name="canvas-operations &gt; canvasToScreen &gt; is the inverse of screenToCanvas" time="0.000326528">
        </testcase>
        <testcase classname="src/renderer/plugins/builtin/canvas/canvas-operations.test.ts" name="canvas-operations &gt; canvasToScreen &gt; roundtrips correctly with extreme zoom" time="0.000234116">
        </testcase>
        <testcase classname="src/renderer/plugins/builtin/canvas/canvas-operations.test.ts" name="canvas-operations &gt; createView(&quot;zone&quot;) &gt; creates a zone view with correct defaults" time="0.000582233">
        </testcase>
        <testcase classname="src/renderer/plugins/builtin/canvas/canvas-operations.test.ts" name="canvas-operations &gt; createView(&quot;zone&quot;) &gt; generates adjective-place display names" time="0.000249083">
        </testcase>
        <testcase classname="src/renderer/plugins/builtin/canvas/canvas-operations.test.ts" name="canvas-operations &gt; isViewInZone &gt; returns true when widget is fully inside zone" time="0.000408389">
        </testcase>
        <testcase classname="src/renderer/plugins/builtin/canvas/canvas-operations.test.ts" name="canvas-operations &gt; isViewInZone &gt; returns true when &gt;50% overlap" time="0.000265694">
        </testcase>
        <testcase classname="src/renderer/plugins/builtin/canvas/canvas-operations.test.ts" name="canvas-operations &gt; isViewInZone &gt; rejects self" time="0.000164085">
        </testcase>
        <testcase classname="src/renderer/plugins/builtin/canvas/canvas-operations.test.ts" name="canvas-operations &gt; isViewInZone &gt; rejects other zones (no nesting)" time="0.000197467">
        </testcase>
        <testcase classname="src/renderer/plugins/builtin/canvas/canvas-operations.test.ts" name="canvas-operations &gt; isViewInZone &gt; returns false when widget is fully outside" time="0.000226291">
        </testcase>
        <testcase classname="src/renderer/plugins/builtin/canvas/canvas-operations.test.ts" name="canvas-operations &gt; computeZoneContainment &gt; finds views inside zone" time="0.000327619">
        </testcase>
        <testcase classname="src/renderer/plugins/builtin/canvas/canvas-operations.test.ts" name="canvas-operations &gt; computeZoneContainment &gt; returns empty for zone with no contained views" time="0.000228605">
        </testcase>
        <testcase classname="src/renderer/plugins/builtin/canvas/canvas-operations.test.ts" name="canvas-operations &gt; computeZoneBounds &gt; returns original bounds when no contained views" time="0.000432644">
        </testcase>
        <testcase classname="src/renderer/plugins/builtin/canvas/canvas-operations.test.ts" name="canvas-operations &gt; computeZoneBounds &gt; expands to encompass contained views with padding" time="0.000379466">
        </testcase>
        <testcase classname="src/renderer/plugins/builtin/canvas/canvas-operations.test.ts" name="canvas-operations &gt; computeZoneBounds &gt; enforces minimum zone dimensions" time="0.000260465">
        </testcase>
        <testcase classname="src/renderer/plugins/builtin/canvas/canvas-operations.test.ts" name="canvas-operations &gt; recomputeZones &gt; updates containedViewIds based on spatial overlap" time="0.000492476">
        </testcase>
        <testcase classname="src/renderer/plugins/builtin/canvas/canvas-operations.test.ts" name="canvas-operations &gt; recomputeZones &gt; returns views unchanged when no zones exist" time="0.000201385">
        </testcase>
        <testcase classname="src/renderer/plugins/builtin/canvas/canvas-operations.test.ts" name="canvas-operations &gt; updateViewSize for zones &gt; enforces minimum zone dimensions" time="0.00029031">
        </testcase>
    </testsuite>
    <testsuite name="src/renderer/plugins/builtin/canvas/canvas-plugin-widgets.test.ts" timestamp="2026-03-25T04:47:30.593Z" hostname="runnervm46oaq" tests="22" failures="0" errors="0" skipped="0" time="0.017985602">
        <testcase classname="src/renderer/plugins/builtin/canvas/canvas-plugin-widgets.test.ts" name="canvas plugin widget support &gt; deduplicateDisplayName &gt; returns base name when no duplicates exist" time="0.003277627">
        </testcase>
        <testcase classname="src/renderer/plugins/builtin/canvas/canvas-plugin-widgets.test.ts" name="canvas plugin widget support &gt; deduplicateDisplayName &gt; appends (2) when base name exists" time="0.00026333">
        </testcase>
        <testcase classname="src/renderer/plugins/builtin/canvas/canvas-plugin-widgets.test.ts" name="canvas plugin widget support &gt; deduplicateDisplayName &gt; increments suffix when multiple duplicates exist" time="0.000363205">
        </testcase>
        <testcase classname="src/renderer/plugins/builtin/canvas/canvas-plugin-widgets.test.ts" name="canvas plugin widget support &gt; deduplicateDisplayName &gt; handles gaps in suffix numbers" time="0.00025801">
        </testcase>
        <testcase classname="src/renderer/plugins/builtin/canvas/canvas-plugin-widgets.test.ts" name="canvas plugin widget support &gt; createView with displayName &gt; generates displayName for agent view" time="0.001593834">
        </testcase>
        <testcase classname="src/renderer/plugins/builtin/canvas/canvas-plugin-widgets.test.ts" name="canvas plugin widget support &gt; createView with displayName &gt; deduplicates when existing names are provided" time="0.000361212">
        </testcase>
        <testcase classname="src/renderer/plugins/builtin/canvas/canvas-plugin-widgets.test.ts" name="canvas plugin widget support &gt; createView with displayName &gt; throws for plugin type" time="0.001271706">
        </testcase>
        <testcase classname="src/renderer/plugins/builtin/canvas/canvas-plugin-widgets.test.ts" name="canvas plugin widget support &gt; createPluginView &gt; creates a plugin canvas view" time="0.000849691">
        </testcase>
        <testcase classname="src/renderer/plugins/builtin/canvas/canvas-plugin-widgets.test.ts" name="canvas plugin widget support &gt; createPluginView &gt; includes metadata" time="0.000867734">
        </testcase>
        <testcase classname="src/renderer/plugins/builtin/canvas/canvas-plugin-widgets.test.ts" name="canvas plugin widget support &gt; createPluginView &gt; uses custom default size" time="0.000449145">
        </testcase>
        <testcase classname="src/renderer/plugins/builtin/canvas/canvas-plugin-widgets.test.ts" name="canvas plugin widget support &gt; createPluginView &gt; enforces minimum size" time="0.000484631">
        </testcase>
        <testcase classname="src/renderer/plugins/builtin/canvas/canvas-plugin-widgets.test.ts" name="canvas plugin widget support &gt; createPluginView &gt; deduplicates display name" time="0.0002469">
        </testcase>
        <testcase classname="src/renderer/plugins/builtin/canvas/canvas-plugin-widgets.test.ts" name="canvas plugin widget support &gt; queryViews &gt; returns all views when no filter" time="0.001074689">
        </testcase>
        <testcase classname="src/renderer/plugins/builtin/canvas/canvas-plugin-widgets.test.ts" name="canvas plugin widget support &gt; queryViews &gt; filters by type" time="0.000445349">
        </testcase>
        <testcase classname="src/renderer/plugins/builtin/canvas/canvas-plugin-widgets.test.ts" name="canvas plugin widget support &gt; queryViews &gt; filters by plugin widget type" time="0.000374056">
        </testcase>
        <testcase classname="src/renderer/plugins/builtin/canvas/canvas-plugin-widgets.test.ts" name="canvas plugin widget support &gt; queryViews &gt; filters by id" time="0.000314174">
        </testcase>
        <testcase classname="src/renderer/plugins/builtin/canvas/canvas-plugin-widgets.test.ts" name="canvas plugin widget support &gt; queryViews &gt; filters by metadata" time="0.00046742">
        </testcase>
        <testcase classname="src/renderer/plugins/builtin/canvas/canvas-plugin-widgets.test.ts" name="canvas plugin widget support &gt; queryViews &gt; filters by metadata across types" time="0.000331326">
        </testcase>
        <testcase classname="src/renderer/plugins/builtin/canvas/canvas-plugin-widgets.test.ts" name="canvas plugin widget support &gt; queryViews &gt; filters by displayName substring" time="0.000383253">
        </testcase>
        <testcase classname="src/renderer/plugins/builtin/canvas/canvas-plugin-widgets.test.ts" name="canvas plugin widget support &gt; queryViews &gt; combines filters (AND logic)" time="0.000339672">
        </testcase>
        <testcase classname="src/renderer/plugins/builtin/canvas/canvas-plugin-widgets.test.ts" name="canvas plugin widget support &gt; queryViews &gt; returns empty for no matches" time="0.000549432">
        </testcase>
        <testcase classname="src/renderer/plugins/builtin/canvas/canvas-plugin-widgets.test.ts" name="canvas plugin widget support &gt; queryViews &gt; returns handles with correct type for plugin views" time="0.000282315">
        </testcase>
    </testsuite>
    <testsuite name="src/renderer/plugins/builtin/canvas/canvas-rename.test.ts" timestamp="2026-03-25T04:47:30.597Z" hostname="runnervm46oaq" tests="18" failures="0" errors="0" skipped="0" time="0.021967983">
        <testcase classname="src/renderer/plugins/builtin/canvas/canvas-rename.test.ts" name="widget card rename — commit logic &gt; returns trimmed value when different from current" time="0.003159487">
        </testcase>
        <testcase classname="src/renderer/plugins/builtin/canvas/canvas-rename.test.ts" name="widget card rename — commit logic &gt; trims whitespace from the new name" time="0.00040826">
        </testcase>
        <testcase classname="src/renderer/plugins/builtin/canvas/canvas-rename.test.ts" name="widget card rename — commit logic &gt; returns null when name is unchanged" time="0.000284458">
        </testcase>
        <testcase classname="src/renderer/plugins/builtin/canvas/canvas-rename.test.ts" name="widget card rename — commit logic &gt; returns null for empty string" time="0.000317851">
        </testcase>
        <testcase classname="src/renderer/plugins/builtin/canvas/canvas-rename.test.ts" name="widget card rename — commit logic &gt; returns null for whitespace-only string" time="0.000267899">
        </testcase>
        <testcase classname="src/renderer/plugins/builtin/canvas/canvas-rename.test.ts" name="widget card rename — commit logic &gt; returns null when trimmed value equals current" time="0.000238784">
        </testcase>
        <testcase classname="src/renderer/plugins/builtin/canvas/canvas-rename.test.ts" name="widget card rename — store integration &gt; renames an agent view via updateView" time="0.003328472">
        </testcase>
        <testcase classname="src/renderer/plugins/builtin/canvas/canvas-rename.test.ts" name="widget card rename — store integration &gt; renames an anchor and keeps label in sync" time="0.000813854">
        </testcase>
        <testcase classname="src/renderer/plugins/builtin/canvas/canvas-rename.test.ts" name="widget card rename — store integration &gt; does not change the view type when renaming" time="0.000825345">
        </testcase>
        <testcase classname="src/renderer/plugins/builtin/canvas/canvas-rename.test.ts" name="widget card rename — store integration &gt; preserves other fields when renaming" time="0.001205272">
        </testcase>
        <testcase classname="src/renderer/plugins/builtin/canvas/canvas-rename.test.ts" name="widget card rename — search uses renamed value &gt; search finds agent by custom display name" time="0.002050956">
        </testcase>
        <testcase classname="src/renderer/plugins/builtin/canvas/canvas-rename.test.ts" name="widget card rename — search uses renamed value &gt; search no longer finds view by old auto-generated name after rename" time="0.000809877">
        </testcase>
        <testcase classname="src/renderer/plugins/builtin/canvas/canvas-rename.test.ts" name="widget card rename — search uses renamed value &gt; search finds renamed anchor by new label" time="0.000637195">
        </testcase>
        <testcase classname="src/renderer/plugins/builtin/canvas/canvas-rename.test.ts" name="widget card rename — search uses renamed value &gt; multi-term search works with renamed views" time="0.000759833">
        </testcase>
        <testcase classname="src/renderer/plugins/builtin/canvas/canvas-rename.test.ts" name="widget card rename — persistence &gt; persists renamed displayName across save/load" time="0.001710612">
        </testcase>
        <testcase classname="src/renderer/plugins/builtin/canvas/canvas-rename.test.ts" name="widget card rename — persistence &gt; persists renamed anchor label across save/load" time="0.000856594">
        </testcase>
        <testcase classname="src/renderer/plugins/builtin/canvas/canvas-rename.test.ts" name="widget card rename — query API uses renamed displayName &gt; queryViews by displayName matches renamed value" time="0.000717545">
        </testcase>
        <testcase classname="src/renderer/plugins/builtin/canvas/canvas-rename.test.ts" name="widget card rename — query API uses renamed displayName &gt; queryViews handle returns updated displayName" time="0.000329293">
        </testcase>
    </testsuite>
    <testsuite name="src/renderer/plugins/builtin/canvas/canvas-search-shortcut.test.tsx" timestamp="2026-03-25T04:47:30.599Z" hostname="runnervm46oaq" tests="14" failures="0" errors="0" skipped="0" time="0.217607536">
        <testcase classname="src/renderer/plugins/builtin/canvas/canvas-search-shortcut.test.tsx" name="canvas search — Cmd/Ctrl+F shortcut &gt; opens search when Cmd+F is pressed with focus inside the canvas workspace" time="0.06066001">
        </testcase>
        <testcase classname="src/renderer/plugins/builtin/canvas/canvas-search-shortcut.test.tsx" name="canvas search — Cmd/Ctrl+F shortcut &gt; opens search when Ctrl+F is pressed (Windows/Linux)" time="0.012819987">
        </testcase>
        <testcase classname="src/renderer/plugins/builtin/canvas/canvas-search-shortcut.test.tsx" name="canvas search — Cmd/Ctrl+F shortcut &gt; does NOT open search when Cmd+F is pressed with focus outside the canvas" time="0.006389857">
        </testcase>
        <testcase classname="src/renderer/plugins/builtin/canvas/canvas-search-shortcut.test.tsx" name="canvas search — Cmd/Ctrl+F shortcut &gt; opens search when focus is on a child element inside the canvas panel" time="0.010546989">
        </testcase>
        <testcase classname="src/renderer/plugins/builtin/canvas/canvas-search-shortcut.test.tsx" name="canvas search — Cmd/Ctrl+F shortcut &gt; returns focus to workspace when search is closed via Escape" time="0.01005323">
        </testcase>
        <testcase classname="src/renderer/plugins/builtin/canvas/canvas-search-shortcut.test.tsx" name="canvas search — Cmd/Ctrl+F shortcut &gt; returns focus to workspace when a search result is selected" time="0.00868343">
        </testcase>
        <testcase classname="src/renderer/plugins/builtin/canvas/canvas-search-shortcut.test.tsx" name="canvas search — Cmd/Ctrl+F shortcut &gt; returns focus to workspace when toggle button closes search" time="0.008449507">
        </testcase>
        <testcase classname="src/renderer/plugins/builtin/canvas/canvas-search-shortcut.test.tsx" name="canvas search — Cmd/Ctrl+F shortcut &gt; does NOT open when CanvasSearch is not within a canvas-panel" time="0.002899213">
        </testcase>
        <testcase classname="src/renderer/plugins/builtin/canvas/canvas-search-shortcut.test.tsx" name="canvas search — Enter-to-cycle through multiple matches &gt; navigates to first match on Enter, then cycles on subsequent presses" time="0.021322993">
        </testcase>
        <testcase classname="src/renderer/plugins/builtin/canvas/canvas-search-shortcut.test.tsx" name="canvas search — Enter-to-cycle through multiple matches &gt; wraps around after the last match" time="0.020237753">
        </testcase>
        <testcase classname="src/renderer/plugins/builtin/canvas/canvas-search-shortcut.test.tsx" name="canvas search — Enter-to-cycle through multiple matches &gt; does not close search when cycling with multiple matches" time="0.015553296">
        </testcase>
        <testcase classname="src/renderer/plugins/builtin/canvas/canvas-search-shortcut.test.tsx" name="canvas search — Enter-to-cycle through multiple matches &gt; closes search on Enter when there is exactly one match" time="0.010304776">
        </testcase>
        <testcase classname="src/renderer/plugins/builtin/canvas/canvas-search-shortcut.test.tsx" name="canvas search — Enter-to-cycle through multiple matches &gt; shows match counter when cycling" time="0.011385031">
        </testcase>
        <testcase classname="src/renderer/plugins/builtin/canvas/canvas-search-shortcut.test.tsx" name="canvas search — Enter-to-cycle through multiple matches &gt; does nothing on Enter when no results match" time="0.014198902">
        </testcase>
    </testsuite>
    <testsuite name="src/renderer/plugins/builtin/canvas/canvas-search.test.ts" timestamp="2026-03-25T04:47:30.601Z" hostname="runnervm46oaq" tests="21" failures="0" errors="0" skipped="0" time="0.012033523">
        <testcase classname="src/renderer/plugins/builtin/canvas/canvas-search.test.ts" name="canvas search — buildSearchableText &gt; includes displayName in searchable text" time="0.00188687">
        </testcase>
        <testcase classname="src/renderer/plugins/builtin/canvas/canvas-search.test.ts" name="canvas search — buildSearchableText &gt; includes type in searchable text" time="0.000373795">
        </testcase>
        <testcase classname="src/renderer/plugins/builtin/canvas/canvas-search.test.ts" name="canvas search — buildSearchableText &gt; includes metadata values in searchable text" time="0.0002529">
        </testcase>
        <testcase classname="src/renderer/plugins/builtin/canvas/canvas-search.test.ts" name="canvas search — buildSearchableText &gt; includes projectName in searchable text for agent views" time="0.000248262">
        </testcase>
        <testcase classname="src/renderer/plugins/builtin/canvas/canvas-search.test.ts" name="canvas search — buildSearchableText &gt; includes orchestrator in searchable text for agent views" time="0.000178462">
        </testcase>
        <testcase classname="src/renderer/plugins/builtin/canvas/canvas-search.test.ts" name="canvas search — buildSearchableText &gt; includes model in searchable text for agent views" time="0.000157132">
        </testcase>
        <testcase classname="src/renderer/plugins/builtin/canvas/canvas-search.test.ts" name="canvas search — buildSearchableText &gt; includes pluginWidgetType for plugin views" time="0.000224117">
        </testcase>
        <testcase classname="src/renderer/plugins/builtin/canvas/canvas-search.test.ts" name="canvas search — buildSearchableText &gt; includes metadata url for browser plugin views" time="0.000161531">
        </testcase>
        <testcase classname="src/renderer/plugins/builtin/canvas/canvas-search.test.ts" name="canvas search — filterViews &gt; returns all views when query is empty" time="0.001425752">
        </testcase>
        <testcase classname="src/renderer/plugins/builtin/canvas/canvas-search.test.ts" name="canvas search — filterViews &gt; filters by type keyword" time="0.001461489">
        </testcase>
        <testcase classname="src/renderer/plugins/builtin/canvas/canvas-search.test.ts" name="canvas search — filterViews &gt; filters by display name" time="0.000477488">
        </testcase>
        <testcase classname="src/renderer/plugins/builtin/canvas/canvas-search.test.ts" name="canvas search — filterViews &gt; filters by metadata value" time="0.000314816">
        </testcase>
        <testcase classname="src/renderer/plugins/builtin/canvas/canvas-search.test.ts" name="canvas search — filterViews &gt; is case-insensitive" time="0.000293486">
        </testcase>
        <testcase classname="src/renderer/plugins/builtin/canvas/canvas-search.test.ts" name="canvas search — filterViews &gt; filters by plugin widget type" time="0.000418439">
        </testcase>
        <testcase classname="src/renderer/plugins/builtin/canvas/canvas-search.test.ts" name="canvas search — filterViews &gt; returns empty array when nothing matches" time="0.000240788">
        </testcase>
        <testcase classname="src/renderer/plugins/builtin/canvas/canvas-search.test.ts" name="canvas search — filterViews &gt; matches partial strings" time="0.000270233">
        </testcase>
        <testcase classname="src/renderer/plugins/builtin/canvas/canvas-search.test.ts" name="canvas search — filterViews &gt; matches against URL in metadata" time="0.000352887">
        </testcase>
        <testcase classname="src/renderer/plugins/builtin/canvas/canvas-search.test.ts" name="canvas search — filterViews &gt; filters agent by project name" time="0.000347667">
        </testcase>
        <testcase classname="src/renderer/plugins/builtin/canvas/canvas-search.test.ts" name="canvas search — filterViews &gt; filters agent by orchestrator" time="0.000338008">
        </testcase>
        <testcase classname="src/renderer/plugins/builtin/canvas/canvas-search.test.ts" name="canvas search — filterViews &gt; filters agent by model name" time="0.000287084">
        </testcase>
        <testcase classname="src/renderer/plugins/builtin/canvas/canvas-search.test.ts" name="canvas search — filterViews &gt; combines project name + agent name for precise search" time="0.000249624">
        </testcase>
    </testsuite>
    <testsuite name="src/renderer/plugins/builtin/canvas/canvas-selection.test.ts" timestamp="2026-03-25T04:47:30.605Z" hostname="runnervm46oaq" tests="8" failures="0" errors="0" skipped="0" time="0.012936783">
        <testcase classname="src/renderer/plugins/builtin/canvas/canvas-selection.test.ts" name="canvas selection &gt; starts with no selected view" time="0.004340123">
        </testcase>
        <testcase classname="src/renderer/plugins/builtin/canvas/canvas-selection.test.ts" name="canvas selection &gt; selects a view" time="0.001470726">
        </testcase>
        <testcase classname="src/renderer/plugins/builtin/canvas/canvas-selection.test.ts" name="canvas selection &gt; deselects by passing null" time="0.00048916">
        </testcase>
        <testcase classname="src/renderer/plugins/builtin/canvas/canvas-selection.test.ts" name="canvas selection &gt; selecting a view brings it to front (increases zIndex)" time="0.000882732">
        </testcase>
        <testcase classname="src/renderer/plugins/builtin/canvas/canvas-selection.test.ts" name="canvas selection &gt; clears selection when the selected view is removed" time="0.000873235">
        </testcase>
        <testcase classname="src/renderer/plugins/builtin/canvas/canvas-selection.test.ts" name="canvas selection &gt; preserves selection when a different view is removed" time="0.000583726">
        </testcase>
        <testcase classname="src/renderer/plugins/builtin/canvas/canvas-selection.test.ts" name="canvas selection &gt; switching canvases resets selection via syncDerivedState" time="0.000877412">
        </testcase>
        <testcase classname="src/renderer/plugins/builtin/canvas/canvas-selection.test.ts" name="canvas selection &gt; selectedViewId is not persisted to storage" time="0.001163975">
        </testcase>
    </testsuite>
    <testsuite name="src/renderer/plugins/builtin/canvas/canvas-store.test.ts" timestamp="2026-03-25T04:47:30.606Z" hostname="runnervm46oaq" tests="55" failures="0" errors="0" skipped="0" time="0.055433764">
        <testcase classname="src/renderer/plugins/builtin/canvas/canvas-store.test.ts" name="canvas-store &gt; starts with one canvas and no views" time="0.008165718">
        </testcase>
        <testcase classname="src/renderer/plugins/builtin/canvas/canvas-store.test.ts" name="canvas-store &gt; loads fresh canvas from empty storage" time="0.001444697">
        </testcase>
        <testcase classname="src/renderer/plugins/builtin/canvas/canvas-store.test.ts" name="canvas-store &gt; saves and loads canvas state round-trip" time="0.002360661">
        </testcase>
        <testcase classname="src/renderer/plugins/builtin/canvas/canvas-store.test.ts" name="canvas-store &gt; adds a new canvas" time="0.000738844">
        </testcase>
        <testcase classname="src/renderer/plugins/builtin/canvas/canvas-store.test.ts" name="canvas-store &gt; inserts a pre-formed canvas" time="0.000884385">
        </testcase>
        <testcase classname="src/renderer/plugins/builtin/canvas/canvas-store.test.ts" name="canvas-store &gt; inserted canvas becomes the active canvas" time="0.001237872">
        </testcase>
        <testcase classname="src/renderer/plugins/builtin/canvas/canvas-store.test.ts" name="canvas-store &gt; loadAndInsertCanvas loads existing data then inserts" time="0.00193572">
        </testcase>
        <testcase classname="src/renderer/plugins/builtin/canvas/canvas-store.test.ts" name="canvas-store &gt; loadAndInsertCanvas persists to storage immediately" time="0.000843469">
        </testcase>
        <testcase classname="src/renderer/plugins/builtin/canvas/canvas-store.test.ts" name="canvas-store &gt; loadAndInsertCanvas skips load if already loaded" time="0.001274">
        </testcase>
        <testcase classname="src/renderer/plugins/builtin/canvas/canvas-store.test.ts" name="canvas-store &gt; loadAndInsertCanvas survives re-load from storage" time="0.00079023">
        </testcase>
        <testcase classname="src/renderer/plugins/builtin/canvas/canvas-store.test.ts" name="canvas-store &gt; removes a canvas" time="0.00070985">
        </testcase>
        <testcase classname="src/renderer/plugins/builtin/canvas/canvas-store.test.ts" name="canvas-store &gt; resets when removing the last canvas" time="0.000635191">
        </testcase>
        <testcase classname="src/renderer/plugins/builtin/canvas/canvas-store.test.ts" name="canvas-store &gt; renames a canvas" time="0.000326788">
        </testcase>
        <testcase classname="src/renderer/plugins/builtin/canvas/canvas-store.test.ts" name="canvas-store &gt; switches active canvas" time="0.000409833">
        </testcase>
        <testcase classname="src/renderer/plugins/builtin/canvas/canvas-store.test.ts" name="canvas-store &gt; adds and removes views" time="0.000723857">
        </testcase>
        <testcase classname="src/renderer/plugins/builtin/canvas/canvas-store.test.ts" name="canvas-store &gt; moves a view" time="0.000681508">
        </testcase>
        <testcase classname="src/renderer/plugins/builtin/canvas/canvas-store.test.ts" name="canvas-store &gt; resizes a view" time="0.000651732">
        </testcase>
        <testcase classname="src/renderer/plugins/builtin/canvas/canvas-store.test.ts" name="canvas-store &gt; renames a view" time="0.000463773">
        </testcase>
        <testcase classname="src/renderer/plugins/builtin/canvas/canvas-store.test.ts" name="canvas-store &gt; focuses a view (brings to front)" time="0.000732683">
        </testcase>
        <testcase classname="src/renderer/plugins/builtin/canvas/canvas-store.test.ts" name="canvas-store &gt; updates arbitrary view fields" time="0.00041923">
        </testcase>
        <testcase classname="src/renderer/plugins/builtin/canvas/canvas-store.test.ts" name="canvas-store &gt; updates viewport" time="0.000480574">
        </testcase>
        <testcase classname="src/renderer/plugins/builtin/canvas/canvas-store.test.ts" name="canvas-store &gt; clamps viewport zoom" time="0.000271936">
        </testcase>
        <testcase classname="src/renderer/plugins/builtin/canvas/canvas-store.test.ts" name="canvas-store &gt; starts with no zoomed view" time="0.000243152">
        </testcase>
        <testcase classname="src/renderer/plugins/builtin/canvas/canvas-store.test.ts" name="canvas-store &gt; zooms a view" time="0.000484862">
        </testcase>
        <testcase classname="src/renderer/plugins/builtin/canvas/canvas-store.test.ts" name="canvas-store &gt; unzooms a view" time="0.000375418">
        </testcase>
        <testcase classname="src/renderer/plugins/builtin/canvas/canvas-store.test.ts" name="canvas-store &gt; zoomed view is per-canvas" time="0.000481576">
        </testcase>
        <testcase classname="src/renderer/plugins/builtin/canvas/canvas-store.test.ts" name="canvas-store &gt; views are isolated per canvas" time="0.000923498">
        </testcase>
        <testcase classname="src/renderer/plugins/builtin/canvas/canvas-store.test.ts" name="hydrateFromRemote &gt; hydrates canvas state from remote data" time="0.000859258">
        </testcase>
        <testcase classname="src/renderer/plugins/builtin/canvas/canvas-store.test.ts" name="hydrateFromRemote &gt; does nothing with empty data" time="0.00023696">
        </testcase>
        <testcase classname="src/renderer/plugins/builtin/canvas/canvas-store.test.ts" name="hydrateFromRemote &gt; does nothing with null data" time="0.000191646">
        </testcase>
        <testcase classname="src/renderer/plugins/builtin/canvas/canvas-store.test.ts" name="hydrateFromRemote &gt; falls back to first canvas if activeCanvasId is missing" time="0.000271846">
        </testcase>
        <testcase classname="src/renderer/plugins/builtin/canvas/canvas-store.test.ts" name="hydrateFromRemote &gt; hydrates multiple canvases" time="0.000353187">
        </testcase>
        <testcase classname="src/renderer/plugins/builtin/canvas/canvas-store.test.ts" name="hydrateFromRemote &gt; wire persistence &gt; saves wire definitions to storage" time="0.004229988">
        </testcase>
        <testcase classname="src/renderer/plugins/builtin/canvas/canvas-store.test.ts" name="hydrateFromRemote &gt; wire persistence &gt; saves wire definitions with instructions" time="0.000809997">
        </testcase>
        <testcase classname="src/renderer/plugins/builtin/canvas/canvas-store.test.ts" name="hydrateFromRemote &gt; wire persistence &gt; restores wires from storage via IPC bind calls" time="0.000889445">
        </testcase>
        <testcase classname="src/renderer/plugins/builtin/canvas/canvas-store.test.ts" name="hydrateFromRemote &gt; wire persistence &gt; restores wire instructions" time="0.000772167">
        </testcase>
        <testcase classname="src/renderer/plugins/builtin/canvas/canvas-store.test.ts" name="hydrateFromRemote &gt; wire persistence &gt; handles empty storage gracefully" time="0.00048895">
        </testcase>
        <testcase classname="src/renderer/plugins/builtin/canvas/canvas-store.test.ts" name="hydrateFromRemote &gt; wire persistence &gt; skips entries with missing required fields" time="0.00066117">
        </testcase>
        <testcase classname="src/renderer/plugins/builtin/canvas/canvas-store.test.ts" name="hydrateFromRemote &gt; wire persistence &gt; prunes stale bindings whose source and target views no longer exist" time="0.000954986">
        </testcase>
        <testcase classname="src/renderer/plugins/builtin/canvas/canvas-store.test.ts" name="hydrateFromRemote &gt; wire persistence &gt; keeps bindings where only target exists on canvas" time="0.000595437">
        </testcase>
        <testcase classname="src/renderer/plugins/builtin/canvas/canvas-store.test.ts" name="hydrateFromRemote &gt; wire persistence &gt; loadWires populates wireDefinitions" time="0.000583244">
        </testcase>
        <testcase classname="src/renderer/plugins/builtin/canvas/canvas-store.test.ts" name="hydrateFromRemote &gt; wire persistence &gt; loadWires keeps wire definitions even when MCP bind fails" time="0.000654878">
        </testcase>
        <testcase classname="src/renderer/plugins/builtin/canvas/canvas-store.test.ts" name="hydrateFromRemote &gt; wire persistence &gt; saveWires persists from wireDefinitions, not from external bindings" time="0.000750646">
        </testcase>
        <testcase classname="src/renderer/plugins/builtin/canvas/canvas-store.test.ts" name="hydrateFromRemote &gt; wire persistence &gt; wire definitions survive even if MCP bindings are removed (agent sleep scenario)" time="0.000831607">
        </testcase>
        <testcase classname="src/renderer/plugins/builtin/canvas/canvas-store.test.ts" name="hydrateFromRemote &gt; wire persistence &gt; addWireDefinition adds a new entry" time="0.000318081">
        </testcase>
        <testcase classname="src/renderer/plugins/builtin/canvas/canvas-store.test.ts" name="hydrateFromRemote &gt; wire persistence &gt; addWireDefinition deduplicates by agentId+targetId" time="0.000294468">
        </testcase>
        <testcase classname="src/renderer/plugins/builtin/canvas/canvas-store.test.ts" name="hydrateFromRemote &gt; wire persistence &gt; removeWireDefinition removes the matching entry" time="0.000548289">
        </testcase>
        <testcase classname="src/renderer/plugins/builtin/canvas/canvas-store.test.ts" name="hydrateFromRemote &gt; wire persistence &gt; removeWireDefinition is a no-op for non-existent entry" time="0.000331397">
        </testcase>
        <testcase classname="src/renderer/plugins/builtin/canvas/canvas-store.test.ts" name="hydrateFromRemote &gt; wire persistence &gt; updateWireDefinition updates fields on matching entry" time="0.000465686">
        </testcase>
        <testcase classname="src/renderer/plugins/builtin/canvas/canvas-store.test.ts" name="hydrateFromRemote &gt; wire persistence &gt; updateWireDefinition does not affect non-matching entries" time="0.000348278">
        </testcase>
        <testcase classname="src/renderer/plugins/builtin/canvas/canvas-store.test.ts" name="hydrateFromRemote &gt; wire persistence &gt; wire definitions round-trip: save then load into fresh store" time="0.000777947">
        </testcase>
        <testcase classname="src/renderer/plugins/builtin/canvas/canvas-store.test.ts" name="hydrateFromRemote &gt; wire persistence &gt; reconciles group-project bindings by metadata.groupProjectId" time="0.001030297">
        </testcase>
        <testcase classname="src/renderer/plugins/builtin/canvas/canvas-store.test.ts" name="hydrateFromRemote &gt; zone creation does not auto-contain existing agents &gt; adding a zone on top of an existing agent does not contain it" time="0.000684514">
        </testcase>
        <testcase classname="src/renderer/plugins/builtin/canvas/canvas-store.test.ts" name="hydrateFromRemote &gt; zone creation does not auto-contain existing agents &gt; moving an agent into a zone adds it to containment" time="0.003993598">
        </testcase>
        <testcase classname="src/renderer/plugins/builtin/canvas/canvas-store.test.ts" name="hydrateFromRemote &gt; zone creation does not auto-contain existing agents &gt; adding a non-zone view inside an existing zone does contain it" time="0.000409271">
        </testcase>
    </testsuite>
    <testsuite name="src/renderer/plugins/builtin/canvas/canvas-sync.test.ts" timestamp="2026-03-25T04:47:30.614Z" hostname="runnervm46oaq" tests="11" failures="0" errors="0" skipped="0" time="0.020158456">
        <testcase classname="src/renderer/plugins/builtin/canvas/canvas-sync.test.ts" name="canvas-sync &gt; applyCanvasMutation &gt; applies addView mutation" time="0.006618651">
        </testcase>
        <testcase classname="src/renderer/plugins/builtin/canvas/canvas-sync.test.ts" name="canvas-sync &gt; applyCanvasMutation &gt; applies removeView mutation" time="0.00087627">
        </testcase>
        <testcase classname="src/renderer/plugins/builtin/canvas/canvas-sync.test.ts" name="canvas-sync &gt; applyCanvasMutation &gt; applies moveView mutation" time="0.001345834">
        </testcase>
        <testcase classname="src/renderer/plugins/builtin/canvas/canvas-sync.test.ts" name="canvas-sync &gt; applyCanvasMutation &gt; applies resizeView mutation" time="0.000898582">
        </testcase>
        <testcase classname="src/renderer/plugins/builtin/canvas/canvas-sync.test.ts" name="canvas-sync &gt; applyCanvasMutation &gt; applies setViewport mutation" time="0.000757569">
        </testcase>
        <testcase classname="src/renderer/plugins/builtin/canvas/canvas-sync.test.ts" name="canvas-sync &gt; applyCanvasMutation &gt; applies zoomView mutation" time="0.000708147">
        </testcase>
        <testcase classname="src/renderer/plugins/builtin/canvas/canvas-sync.test.ts" name="canvas-sync &gt; applyCanvasMutation &gt; applies focusView mutation" time="0.000756006">
        </testcase>
        <testcase classname="src/renderer/plugins/builtin/canvas/canvas-sync.test.ts" name="canvas-sync &gt; applyCanvasMutation &gt; broadcasts state after mutation" time="0.002649397">
        </testcase>
        <testcase classname="src/renderer/plugins/builtin/canvas/canvas-sync.test.ts" name="canvas-sync &gt; applyCanvasMutation &gt; applies mutation to non-active canvas" time="0.00149996">
        </testcase>
        <testcase classname="src/renderer/plugins/builtin/canvas/canvas-sync.test.ts" name="canvas-sync &gt; broadcastCanvasState &gt; broadcasts current canvas state" time="0.000658726">
        </testcase>
        <testcase classname="src/renderer/plugins/builtin/canvas/canvas-sync.test.ts" name="canvas-sync &gt; broadcastCanvasState &gt; does nothing for non-existent canvas" time="0.000418268">
        </testcase>
    </testsuite>
    <testsuite name="src/renderer/plugins/builtin/canvas/canvas-title-bar.test.ts" timestamp="2026-03-25T04:47:30.615Z" hostname="runnervm46oaq" tests="22" failures="0" errors="0" skipped="0" time="0.013635341">
        <testcase classname="src/renderer/plugins/builtin/canvas/canvas-title-bar.test.ts" name="Canvas title bar — formatViewType &gt; capitalises first letter of simple types" time="0.004765614">
        </testcase>
        <testcase classname="src/renderer/plugins/builtin/canvas/canvas-title-bar.test.ts" name="Canvas title bar — formatViewType &gt; handles plugin widget type names" time="0.000428116">
        </testcase>
        <testcase classname="src/renderer/plugins/builtin/canvas/canvas-title-bar.test.ts" name="Canvas title bar — formatViewType &gt; handles single character types" time="0.000265574">
        </testcase>
        <testcase classname="src/renderer/plugins/builtin/canvas/canvas-title-bar.test.ts" name="Canvas title bar — formatViewType &gt; handles already capitalised input" time="0.000210171">
        </testcase>
        <testcase classname="src/renderer/plugins/builtin/canvas/canvas-title-bar.test.ts" name="Canvas title bar — buildProjectContext &gt; returns project name for agent view with projectId" time="0.000371982">
        </testcase>
        <testcase classname="src/renderer/plugins/builtin/canvas/canvas-title-bar.test.ts" name="Canvas title bar — buildProjectContext &gt; returns null when view has no projectId" time="0.000348939">
        </testcase>
        <testcase classname="src/renderer/plugins/builtin/canvas/canvas-title-bar.test.ts" name="Canvas title bar — buildProjectContext &gt; returns null when projectId does not match any project" time="0.000292334">
        </testcase>
        <testcase classname="src/renderer/plugins/builtin/canvas/canvas-title-bar.test.ts" name="Canvas title bar — buildProjectContext &gt; returns null for anchor views (no projectId field)" time="0.000323942">
        </testcase>
        <testcase classname="src/renderer/plugins/builtin/canvas/canvas-title-bar.test.ts" name="Canvas title bar — sleep button visibility &gt; shows sleep button for a running agent" time="0.000687048">
        </testcase>
        <testcase classname="src/renderer/plugins/builtin/canvas/canvas-title-bar.test.ts" name="Canvas title bar — sleep button visibility &gt; shows sleep button for a creating agent" time="0.00029568">
        </testcase>
        <testcase classname="src/renderer/plugins/builtin/canvas/canvas-title-bar.test.ts" name="Canvas title bar — sleep button visibility &gt; hides sleep button for a sleeping agent" time="0.000251397">
        </testcase>
        <testcase classname="src/renderer/plugins/builtin/canvas/canvas-title-bar.test.ts" name="Canvas title bar — sleep button visibility &gt; hides sleep button for an error agent" time="0.000164866">
        </testcase>
        <testcase classname="src/renderer/plugins/builtin/canvas/canvas-title-bar.test.ts" name="Canvas title bar — sleep button visibility &gt; hides sleep button when agent info is null" time="0.000184564">
        </testcase>
        <testcase classname="src/renderer/plugins/builtin/canvas/canvas-title-bar.test.ts" name="Canvas title bar — sleep button visibility &gt; hides sleep button for non-agent view types" time="0.000187799">
        </testcase>
        <testcase classname="src/renderer/plugins/builtin/canvas/canvas-title-bar.test.ts" name="Canvas title bar — plugin widget type extraction &gt; extracts last segment from colon-delimited string" time="0.000182118">
        </testcase>
        <testcase classname="src/renderer/plugins/builtin/canvas/canvas-title-bar.test.ts" name="Canvas title bar — plugin widget type extraction &gt; returns full string when no colons present" time="0.000319515">
        </testcase>
        <testcase classname="src/renderer/plugins/builtin/canvas/canvas-title-bar.test.ts" name="Canvas title bar — plugin widget type extraction &gt; handles double-colon edge case" time="0.000202085">
        </testcase>
        <testcase classname="src/renderer/plugins/builtin/canvas/canvas-title-bar.test.ts" name="Canvas title bar — plugin widget type extraction &gt; returns empty string for trailing colon" time="0.000160268">
        </testcase>
        <testcase classname="src/renderer/plugins/builtin/canvas/canvas-title-bar.test.ts" name="Canvas view — handleUpdateMetadata updates displayName &gt; imports generatePluginWidgetDisplayName" time="0.000302734">
        </testcase>
        <testcase classname="src/renderer/plugins/builtin/canvas/canvas-title-bar.test.ts" name="Canvas view — handleUpdateMetadata updates displayName &gt; calls generatePluginWidgetDisplayName inside handleUpdateMetadata for plugin views" time="0.000448884">
        </testcase>
        <testcase classname="src/renderer/plugins/builtin/canvas/canvas-title-bar.test.ts" name="Canvas view — plugin widget registry subscription &gt; imports onRegistryChange from canvas-widget-registry" time="0.000182229">
        </testcase>
        <testcase classname="src/renderer/plugins/builtin/canvas/canvas-title-bar.test.ts" name="Canvas view — plugin widget registry subscription &gt; subscribes to registry changes for plugin views" time="0.000279459">
        </testcase>
    </testsuite>
    <testsuite name="src/renderer/plugins/builtin/canvas/canvas-views.test.ts" timestamp="2026-03-25T04:47:30.619Z" hostname="runnervm46oaq" tests="45" failures="0" errors="0" skipped="0" time="0.021484313">
        <testcase classname="src/renderer/plugins/builtin/canvas/canvas-views.test.ts" name="File viewer — file name extraction &gt; extracts filename from simple path" time="0.002602271">
        </testcase>
        <testcase classname="src/renderer/plugins/builtin/canvas/canvas-views.test.ts" name="File viewer — file name extraction &gt; extracts filename from nested path" time="0.000372382">
        </testcase>
        <testcase classname="src/renderer/plugins/builtin/canvas/canvas-views.test.ts" name="File viewer — file name extraction &gt; extracts filename from deeply nested path" time="0.000260104">
        </testcase>
        <testcase classname="src/renderer/plugins/builtin/canvas/canvas-views.test.ts" name="File viewer — file name extraction &gt; handles empty path gracefully" time="0.000342647">
        </testcase>
        <testcase classname="src/renderer/plugins/builtin/canvas/canvas-views.test.ts" name="File viewer — hidden files filtering &gt; filters dot-prefixed entries when showHidden is false" time="0.002011973">
        </testcase>
        <testcase classname="src/renderer/plugins/builtin/canvas/canvas-views.test.ts" name="File viewer — hidden files filtering &gt; keeps all entries when showHidden is true" time="0.00038208">
        </testcase>
        <testcase classname="src/renderer/plugins/builtin/canvas/canvas-views.test.ts" name="AgentCanvasView — handlePickAgent updates displayName &gt; sets displayName to agent name when agent has a name" time="0.000534073">
        </testcase>
        <testcase classname="src/renderer/plugins/builtin/canvas/canvas-views.test.ts" name="AgentCanvasView — handlePickAgent updates displayName &gt; falls back to agent id when name is missing" time="0.000333">
        </testcase>
        <testcase classname="src/renderer/plugins/builtin/canvas/canvas-views.test.ts" name="AgentCanvasView — handlePickAgent updates displayName &gt; falls back to agent id when name is empty string" time="0.000856232">
        </testcase>
        <testcase classname="src/renderer/plugins/builtin/canvas/canvas-views.test.ts" name="AgentCanvasView — handlePickAgent updates displayName &gt; displayName matches title so title bar shows the correct value" time="0.000327639">
        </testcase>
        <testcase classname="src/renderer/plugins/builtin/canvas/canvas-views.test.ts" name="AgentCanvasView — projectColor &gt; returns consistent color for same name" time="0.000321288">
        </testcase>
        <testcase classname="src/renderer/plugins/builtin/canvas/canvas-views.test.ts" name="AgentCanvasView — projectColor &gt; returns different colors for different names" time="0.000410503">
        </testcase>
        <testcase classname="src/renderer/plugins/builtin/canvas/canvas-views.test.ts" name="AgentCanvasView — projectColor &gt; returns valid hsl string" time="0.000260624">
        </testcase>
        <testcase classname="src/renderer/plugins/builtin/canvas/canvas-views.test.ts" name="AgentCanvasView — agent filtering &gt; filters out quick agents, keeping only durable" time="0.000449175">
        </testcase>
        <testcase classname="src/renderer/plugins/builtin/canvas/canvas-views.test.ts" name="AgentCanvasView — agent filtering &gt; excludes all quick agents regardless of status" time="0.000240347">
        </testcase>
        <testcase classname="src/renderer/plugins/builtin/canvas/canvas-views.test.ts" name="AgentCanvasView — agent filtering &gt; combines project filtering with durable-only filtering" time="0.000542259">
        </testcase>
        <testcase classname="src/renderer/plugins/builtin/canvas/canvas-views.test.ts" name="AgentCanvasView — create agent resolves active project &gt; resolves project from selection in app mode" time="0.000268019">
        </testcase>
        <testcase classname="src/renderer/plugins/builtin/canvas/canvas-views.test.ts" name="AgentCanvasView — create agent resolves active project &gt; resolves project from context in project mode" time="0.00018261">
        </testcase>
        <testcase classname="src/renderer/plugins/builtin/canvas/canvas-views.test.ts" name="AgentCanvasView — create agent resolves active project &gt; returns null when no project selected in app mode" time="0.000185064">
        </testcase>
        <testcase classname="src/renderer/plugins/builtin/canvas/canvas-views.test.ts" name="AgentCanvasView — create agent resolves active project &gt; returns null for unknown project id" time="0.000156311">
        </testcase>
        <testcase classname="src/renderer/plugins/builtin/canvas/canvas-views.test.ts" name="AgentCanvasView — handleCreateDurable auto-assigns new agent &gt; finds the newly created agent by id and builds pick update" time="0.000332348">
        </testcase>
        <testcase classname="src/renderer/plugins/builtin/canvas/canvas-views.test.ts" name="AgentCanvasView — handleCreateDurable auto-assigns new agent &gt; handles case when agent not found after creation" time="0.000201795">
        </testcase>
        <testcase classname="src/renderer/plugins/builtin/canvas/canvas-views.test.ts" name="CanvasView — scroll isolation &gt; stopPropagation prevents parent from receiving wheel events" time="0.000728345">
        </testcase>
        <testcase classname="src/renderer/plugins/builtin/canvas/canvas-views.test.ts" name="CanvasView — permission indicator &gt; returns orange for needs_permission state" time="0.00018801">
        </testcase>
        <testcase classname="src/renderer/plugins/builtin/canvas/canvas-views.test.ts" name="CanvasView — permission indicator &gt; returns yellow for tool_error state" time="0.000181748">
        </testcase>
        <testcase classname="src/renderer/plugins/builtin/canvas/canvas-views.test.ts" name="CanvasView — permission indicator &gt; returns transparent for idle state" time="0.000160609">
        </testcase>
        <testcase classname="src/renderer/plugins/builtin/canvas/canvas-views.test.ts" name="CanvasView — permission indicator &gt; returns transparent for working state" time="0.000179914">
        </testcase>
        <testcase classname="src/renderer/plugins/builtin/canvas/canvas-views.test.ts" name="CanvasView — permission indicator &gt; returns transparent for null state" time="0.000154959">
        </testcase>
        <testcase classname="src/renderer/plugins/builtin/canvas/canvas-views.test.ts" name="CanvasView — permission indicator &gt; applies animate-pulse class only for needs_permission" time="0.000287043">
        </testcase>
        <testcase classname="src/renderer/plugins/builtin/canvas/canvas-views.test.ts" name="CanvasView — permission indicator &gt; sets border width to 2 for permission/error states" time="0.000303675">
        </testcase>
        <testcase classname="src/renderer/plugins/builtin/canvas/canvas-views.test.ts" name="Canvas — zoom view toggle &gt; toggles zoom on when clicking zoom on an unzoomed view" time="0.000181307">
        </testcase>
        <testcase classname="src/renderer/plugins/builtin/canvas/canvas-views.test.ts" name="Canvas — zoom view toggle &gt; toggles zoom off when clicking zoom on the already-zoomed view" time="0.000170557">
        </testcase>
        <testcase classname="src/renderer/plugins/builtin/canvas/canvas-views.test.ts" name="Canvas — zoom view toggle &gt; switches to a different view when clicking zoom on another view" time="0.000168322">
        </testcase>
        <testcase classname="src/renderer/plugins/builtin/canvas/canvas-views.test.ts" name="CanvasView — multi-directional resize &gt; east (e) — only width changes &gt; increases width when dragging right" time="0.000409702">
        </testcase>
        <testcase classname="src/renderer/plugins/builtin/canvas/canvas-views.test.ts" name="CanvasView — multi-directional resize &gt; east (e) — only width changes &gt; decreases width when dragging left, clamped to min" time="0.000200362">
        </testcase>
        <testcase classname="src/renderer/plugins/builtin/canvas/canvas-views.test.ts" name="CanvasView — multi-directional resize &gt; west (w) — width and x change &gt; increases width when dragging left" time="0.000258531">
        </testcase>
        <testcase classname="src/renderer/plugins/builtin/canvas/canvas-views.test.ts" name="CanvasView — multi-directional resize &gt; west (w) — width and x change &gt; clamps to min width and adjusts x" time="0.000216663">
        </testcase>
        <testcase classname="src/renderer/plugins/builtin/canvas/canvas-views.test.ts" name="CanvasView — multi-directional resize &gt; south (s) — only height changes &gt; increases height when dragging down" time="0.000270574">
        </testcase>
        <testcase classname="src/renderer/plugins/builtin/canvas/canvas-views.test.ts" name="CanvasView — multi-directional resize &gt; north (n) — height and y change &gt; increases height when dragging up" time="0.000251428">
        </testcase>
        <testcase classname="src/renderer/plugins/builtin/canvas/canvas-views.test.ts" name="CanvasView — multi-directional resize &gt; north (n) — height and y change &gt; clamps to min height and adjusts y" time="0.000216062">
        </testcase>
        <testcase classname="src/renderer/plugins/builtin/canvas/canvas-views.test.ts" name="CanvasView — multi-directional resize &gt; southeast (se) — width and height change &gt; increases both when dragging down-right" time="0.000288387">
        </testcase>
        <testcase classname="src/renderer/plugins/builtin/canvas/canvas-views.test.ts" name="CanvasView — multi-directional resize &gt; northwest (nw) — all four values change &gt; increases size when dragging up-left" time="0.000356412">
        </testcase>
        <testcase classname="src/renderer/plugins/builtin/canvas/canvas-views.test.ts" name="CanvasView — multi-directional resize &gt; northwest (nw) — all four values change &gt; clamps to min and adjusts position for both axes" time="0.00028504">
        </testcase>
        <testcase classname="src/renderer/plugins/builtin/canvas/canvas-views.test.ts" name="CanvasView — multi-directional resize &gt; northeast (ne) — width increases, height and y change &gt; increases width right, increases height up" time="0.000252881">
        </testcase>
        <testcase classname="src/renderer/plugins/builtin/canvas/canvas-views.test.ts" name="CanvasView — multi-directional resize &gt; southwest (sw) — height increases, width and x change &gt; increases height down, increases width left" time="0.000267618">
        </testcase>
    </testsuite>
    <testsuite name="src/renderer/plugins/builtin/canvas/canvas-visual-contrast.test.ts" timestamp="2026-03-25T04:47:30.625Z" hostname="runnervm46oaq" tests="7" failures="0" errors="0" skipped="0" time="0.011795133">
        <testcase classname="src/renderer/plugins/builtin/canvas/canvas-visual-contrast.test.ts" name="canvas visual contrast &gt; dot grid styling &gt; dot opacity should be 45% for adequate visibility" time="0.002892921">
        </testcase>
        <testcase classname="src/renderer/plugins/builtin/canvas/canvas-visual-contrast.test.ts" name="canvas visual contrast &gt; dot grid styling &gt; dot radius should be 0.75px for visibility at normal zoom" time="0.000475755">
        </testcase>
        <testcase classname="src/renderer/plugins/builtin/canvas/canvas-visual-contrast.test.ts" name="canvas visual contrast &gt; background vs card color contrast &gt; canvas background (crust) is darker than card background (base)" time="0.000426593">
        </testcase>
        <testcase classname="src/renderer/plugins/builtin/canvas/canvas-visual-contrast.test.ts" name="canvas visual contrast &gt; background vs card color contrast &gt; crust-to-base contrast ratio is perceptible (&gt;1.1)" time="0.000318422">
        </testcase>
        <testcase classname="src/renderer/plugins/builtin/canvas/canvas-visual-contrast.test.ts" name="canvas visual contrast &gt; background vs card color contrast &gt; card border (surface2) contrasts with card background (base)" time="0.000476616">
        </testcase>
        <testcase classname="src/renderer/plugins/builtin/canvas/canvas-visual-contrast.test.ts" name="canvas visual contrast &gt; card shadow &gt; card shadow uses sufficient blur and opacity for floating effect" time="0.000424409">
        </testcase>
        <testcase classname="src/renderer/plugins/builtin/canvas/canvas-visual-contrast.test.ts" name="canvas visual contrast &gt; card shadow &gt; card shadow includes subtle ring for edge definition" time="0.000739636">
        </testcase>
    </testsuite>
    <testsuite name="src/renderer/plugins/builtin/canvas/canvas-widget-tweaks.test.ts" timestamp="2026-03-25T04:47:30.626Z" hostname="runnervm46oaq" tests="19" failures="0" errors="0" skipped="0" time="0.025094551">
        <testcase classname="src/renderer/plugins/builtin/canvas/canvas-widget-tweaks.test.ts" name="File viewer — read-only toggle &gt; defaults to read-only (checked)" time="0.005665389">
        </testcase>
        <testcase classname="src/renderer/plugins/builtin/canvas/canvas-widget-tweaks.test.ts" name="File viewer — read-only toggle &gt; unchecking switches to edit mode" time="0.000386859">
        </testcase>
        <testcase classname="src/renderer/plugins/builtin/canvas/canvas-widget-tweaks.test.ts" name="File viewer — read-only toggle &gt; checking again switches back to read-only" time="0.000238223">
        </testcase>
        <testcase classname="src/renderer/plugins/builtin/canvas/canvas-widget-tweaks.test.ts" name="ReadOnlyMonacoEditor — readOnly prop toggling &gt; updateOptions receives correct readOnly values" time="0.00290307">
        </testcase>
        <testcase classname="src/renderer/plugins/builtin/canvas/canvas-widget-tweaks.test.ts" name="ReadOnlyMonacoEditor — readOnly prop toggling &gt; onSave callback receives editor content" time="0.00067156">
        </testcase>
        <testcase classname="src/renderer/plugins/builtin/canvas/canvas-widget-tweaks.test.ts" name="AgentCanvasView — hook ordering regression (#310) &gt; all useCallback hooks are defined before the early-return guard" time="0.001717495">
        </testcase>
        <testcase classname="src/renderer/plugins/builtin/canvas/canvas-widget-tweaks.test.ts" name="AgentCanvasView — stop button &gt; calls api.agents.kill with the agent ID" time="0.000628328">
        </testcase>
        <testcase classname="src/renderer/plugins/builtin/canvas/canvas-widget-tweaks.test.ts" name="AgentCanvasView — stop button &gt; does not call kill when agentId is null" time="0.000655098">
        </testcase>
        <testcase classname="src/renderer/plugins/builtin/canvas/canvas-widget-tweaks.test.ts" name="AgentCanvasView — stop button &gt; stop button only shows for running/creating agents" time="0.00085452">
        </testcase>
        <testcase classname="src/renderer/plugins/builtin/canvas/canvas-widget-tweaks.test.ts" name="Git widget — context menu actions &gt; stage calls window.clubhouse.git.stage with correct args" time="0.002056966">
        </testcase>
        <testcase classname="src/renderer/plugins/builtin/canvas/canvas-widget-tweaks.test.ts" name="Git widget — context menu actions &gt; unstage calls window.clubhouse.git.unstage with correct args" time="0.000520368">
        </testcase>
        <testcase classname="src/renderer/plugins/builtin/canvas/canvas-widget-tweaks.test.ts" name="Git widget — context menu actions &gt; revert calls window.clubhouse.git.discard for tracked files" time="0.000470114">
        </testcase>
        <testcase classname="src/renderer/plugins/builtin/canvas/canvas-widget-tweaks.test.ts" name="Git widget — context menu actions &gt; revert calls window.clubhouse.git.discard with isUntracked=true for ?? status" time="0.000624211">
        </testcase>
        <testcase classname="src/renderer/plugins/builtin/canvas/canvas-widget-tweaks.test.ts" name="Git widget — context menu actions &gt; context menu shows Stage for unstaged files" time="0.000374116">
        </testcase>
        <testcase classname="src/renderer/plugins/builtin/canvas/canvas-widget-tweaks.test.ts" name="Git widget — context menu actions &gt; context menu shows Unstage for staged files" time="0.000299877">
        </testcase>
        <testcase classname="src/renderer/plugins/builtin/canvas/canvas-widget-tweaks.test.ts" name="Git widget — revert confirmation &gt; shows confirm dialog with file name from path" time="0.00020432">
        </testcase>
        <testcase classname="src/renderer/plugins/builtin/canvas/canvas-widget-tweaks.test.ts" name="Git widget — revert confirmation &gt; correctly identifies untracked files from status code" time="0.000375328">
        </testcase>
        <testcase classname="src/renderer/plugins/builtin/canvas/canvas-widget-tweaks.test.ts" name="Git widget — revert confirmation &gt; clears diff data when reverting the currently viewed file" time="0.000176859">
        </testcase>
        <testcase classname="src/renderer/plugins/builtin/canvas/canvas-widget-tweaks.test.ts" name="Git widget — revert confirmation &gt; does not clear diff data when reverting a different file" time="0.00017773">
        </testcase>
    </testsuite>
    <testsuite name="src/renderer/plugins/builtin/canvas/canvas-zoom-mouse-adjust.test.tsx" timestamp="2026-03-25T04:47:30.629Z" hostname="runnervm46oaq" tests="5" failures="0" errors="0" skipped="0" time="0.115430719">
        <testcase classname="src/renderer/plugins/builtin/canvas/canvas-zoom-mouse-adjust.test.tsx" name="canvas zoom mouse coordinate adjustment &gt; does not adjust mouse coordinates at zoom = 1" time="0.063821655">
        </testcase>
        <testcase classname="src/renderer/plugins/builtin/canvas/canvas-zoom-mouse-adjust.test.tsx" name="canvas zoom mouse coordinate adjustment &gt; adjusts mouse coordinates at zoom &lt; 1 (e.g. 0.5)" time="0.013938114">
        </testcase>
        <testcase classname="src/renderer/plugins/builtin/canvas/canvas-zoom-mouse-adjust.test.tsx" name="canvas zoom mouse coordinate adjustment &gt; adjusts mouse coordinates at zoom &gt; 1 (e.g. 2.0)" time="0.011835974">
        </testcase>
        <testcase classname="src/renderer/plugins/builtin/canvas/canvas-zoom-mouse-adjust.test.tsx" name="canvas zoom mouse coordinate adjustment &gt; adjusts all mouse event types" time="0.013884707">
        </testcase>
        <testcase classname="src/renderer/plugins/builtin/canvas/canvas-zoom-mouse-adjust.test.tsx" name="canvas zoom mouse coordinate adjustment &gt; adjusts coordinates on child elements (events bubble up)" time="0.008585979">
        </testcase>
    </testsuite>
    <testsuite name="src/renderer/plugins/builtin/canvas/feature-gating.test.ts" timestamp="2026-03-25T04:47:30.630Z" hostname="runnervm46oaq" tests="9" failures="0" errors="0" skipped="0" time="0.0107255">
        <testcase classname="src/renderer/plugins/builtin/canvas/feature-gating.test.ts" name="canvas feature gating &gt; canvas IS always included in getBuiltinPlugins() (no experimental flag needed)" time="0.003448064">
        </testcase>
        <testcase classname="src/renderer/plugins/builtin/canvas/feature-gating.test.ts" name="canvas feature gating &gt; canvas sub-plugins (group-project, agent-queue) are always loaded alongside canvas" time="0.000649869">
        </testcase>
        <testcase classname="src/renderer/plugins/builtin/canvas/feature-gating.test.ts" name="canvas feature gating &gt; canvas NOT in default enabled IDs (disabled by default)" time="0.000467079">
        </testcase>
        <testcase classname="src/renderer/plugins/builtin/canvas/feature-gating.test.ts" name="canvas feature gating &gt; canvas sub-plugins NOT in default enabled IDs" time="0.000456189">
        </testcase>
        <testcase classname="src/renderer/plugins/builtin/canvas/feature-gating.test.ts" name="canvas feature gating &gt; CANVAS_SUB_PLUGIN_IDS contains group-project and agent-queue" time="0.000315287">
        </testcase>
        <testcase classname="src/renderer/plugins/builtin/canvas/feature-gating.test.ts" name="canvas feature gating &gt; base plugins always present regardless of flags" time="0.000854649">
        </testcase>
        <testcase classname="src/renderer/plugins/builtin/canvas/feature-gating.test.ts" name="canvas feature gating &gt; base default enabled IDs always present" time="0.000435049">
        </testcase>
        <testcase classname="src/renderer/plugins/builtin/canvas/feature-gating.test.ts" name="canvas feature gating &gt; PluginListSettings cascade-enables sub-plugins when canvas is enabled (structural)" time="0.000716803">
        </testcase>
        <testcase classname="src/renderer/plugins/builtin/canvas/feature-gating.test.ts" name="canvas feature gating &gt; browser and git are loaded but NOT in default enabled IDs" time="0.001094716">
        </testcase>
    </testsuite>
    <testsuite name="src/renderer/plugins/builtin/canvas/lifecycle-cleanup.test.ts" timestamp="2026-03-25T04:47:30.631Z" hostname="runnervm46oaq" tests="6" failures="0" errors="0" skipped="0" time="0.007714389">
        <testcase classname="src/renderer/plugins/builtin/canvas/lifecycle-cleanup.test.ts" name="findBindingsForView &gt; finds bindings where an agent view is the source" time="0.003287455">
        </testcase>
        <testcase classname="src/renderer/plugins/builtin/canvas/lifecycle-cleanup.test.ts" name="findBindingsForView &gt; finds bindings where an agent view is only the target" time="0.000439047">
        </testcase>
        <testcase classname="src/renderer/plugins/builtin/canvas/lifecycle-cleanup.test.ts" name="findBindingsForView &gt; finds bindings for a browser view by view ID" time="0.000567114">
        </testcase>
        <testcase classname="src/renderer/plugins/builtin/canvas/lifecycle-cleanup.test.ts" name="findBindingsForView &gt; finds bindings for a group project view by groupProjectId" time="0.000485904">
        </testcase>
        <testcase classname="src/renderer/plugins/builtin/canvas/lifecycle-cleanup.test.ts" name="findBindingsForView &gt; returns empty for views with no bindings" time="0.000460717">
        </testcase>
        <testcase classname="src/renderer/plugins/builtin/canvas/lifecycle-cleanup.test.ts" name="findBindingsForView &gt; returns empty for agent view with null agentId" time="0.000358277">
        </testcase>
    </testsuite>
    <testsuite name="src/renderer/plugins/builtin/canvas/main.test.ts" timestamp="2026-03-25T04:47:30.632Z" hostname="runnervm46oaq" tests="20" failures="0" errors="0" skipped="0" time="0.015686109">
        <testcase classname="src/renderer/plugins/builtin/canvas/main.test.ts" name="canvas main &gt; passes validateBuiltinPlugin" time="0.003527902">
        </testcase>
        <testcase classname="src/renderer/plugins/builtin/canvas/main.test.ts" name="canvas main &gt; activate registers add-agent-view command" time="0.00363977">
        </testcase>
        <testcase classname="src/renderer/plugins/builtin/canvas/main.test.ts" name="canvas main &gt; activate pushes disposables to ctx.subscriptions" time="0.000583936">
        </testcase>
        <testcase classname="src/renderer/plugins/builtin/canvas/main.test.ts" name="canvas main &gt; deactivate does not throw" time="0.000675135">
        </testcase>
        <testcase classname="src/renderer/plugins/builtin/canvas/main.test.ts" name="canvas main &gt; exports MainPanel component" time="0.000221573">
        </testcase>
        <testcase classname="src/renderer/plugins/builtin/canvas/main.test.ts" name="canvas main &gt; exports getProjectCanvasStore function" time="0.000283347">
        </testcase>
        <testcase classname="src/renderer/plugins/builtin/canvas/main.test.ts" name="canvas main &gt; exports hasProjectCanvasStore function" time="0.000223496">
        </testcase>
        <testcase classname="src/renderer/plugins/builtin/canvas/main.test.ts" name="canvas main &gt; hasProjectCanvasStore returns false for unknown project" time="0.000169876">
        </testcase>
        <testcase classname="src/renderer/plugins/builtin/canvas/main.test.ts" name="canvas main &gt; hasProjectCanvasStore returns false for null" time="0.000546556">
        </testcase>
        <testcase classname="src/renderer/plugins/builtin/canvas/main.test.ts" name="canvas main &gt; hasProjectCanvasStore returns true after store is created" time="0.000313283">
        </testcase>
        <testcase classname="src/renderer/plugins/builtin/canvas/main.test.ts" name="canvas main &gt; getProjectCanvasStore returns the same store for the same projectId" time="0.00024721">
        </testcase>
        <testcase classname="src/renderer/plugins/builtin/canvas/main.test.ts" name="canvas main &gt; getProjectCanvasStore returns different stores for different projectIds" time="0.00036551">
        </testcase>
        <testcase classname="src/renderer/plugins/builtin/canvas/main.test.ts" name="canvas main &gt; loadCanvas is awaited before loadWires in MainPanel (structural)" time="0.000453503">
        </testcase>
        <testcase classname="src/renderer/plugins/builtin/canvas/main.test.ts" name="canvas main &gt; selectView is forwarded via remoteForward (structural)" time="0.000269651">
        </testcase>
        <testcase classname="src/renderer/plugins/builtin/canvas/main.test.ts" name="canvas main &gt; CanvasView guards against null plugin component (structural)" time="0.000321758">
        </testcase>
        <testcase classname="src/renderer/plugins/builtin/canvas/main.test.ts" name="canvas main &gt; auto-save uses wireDefinitions instead of live MCP bindings (structural)" time="0.000344571">
        </testcase>
        <testcase classname="src/renderer/plugins/builtin/canvas/main.test.ts" name="canvas main &gt; CanvasWorkspace receives wireDefinitions prop (structural)" time="0.000291232">
        </testcase>
        <testcase classname="src/renderer/plugins/builtin/canvas/main.test.ts" name="canvas main &gt; agent wake reconciliation re-creates MCP bindings from wire definitions (structural)" time="0.000246398">
        </testcase>
        <testcase classname="src/renderer/plugins/builtin/canvas/main.test.ts" name="canvas main &gt; handleRemoveView cleans up wire definitions (structural)" time="0.000197357">
        </testcase>
        <testcase classname="src/renderer/plugins/builtin/canvas/main.test.ts" name="canvas main &gt; per-project stores have isolated state" time="0.000850752">
        </testcase>
    </testsuite>
    <testsuite name="src/renderer/plugins/builtin/canvas/manifest.test.ts" timestamp="2026-03-25T04:47:30.635Z" hostname="runnervm46oaq" tests="12" failures="0" errors="0" skipped="0" time="0.009073247">
        <testcase classname="src/renderer/plugins/builtin/canvas/manifest.test.ts" name="canvas manifest &gt; passes validateManifest()" time="0.003317391">
        </testcase>
        <testcase classname="src/renderer/plugins/builtin/canvas/manifest.test.ts" name="canvas manifest &gt; has id &quot;canvas&quot;" time="0.000294738">
        </testcase>
        <testcase classname="src/renderer/plugins/builtin/canvas/manifest.test.ts" name="canvas manifest &gt; has scope &quot;dual&quot;" time="0.000238444">
        </testcase>
        <testcase classname="src/renderer/plugins/builtin/canvas/manifest.test.ts" name="canvas manifest &gt; targets engine.api 0.9" time="0.000212525">
        </testcase>
        <testcase classname="src/renderer/plugins/builtin/canvas/manifest.test.ts" name="canvas manifest &gt; contributes tab.title and railItem.title" time="0.000196165">
        </testcase>
        <testcase classname="src/renderer/plugins/builtin/canvas/manifest.test.ts" name="canvas manifest &gt; declares required permissions" time="0.000986716">
        </testcase>
        <testcase classname="src/renderer/plugins/builtin/canvas/manifest.test.ts" name="canvas manifest &gt; contributes a tab with label and full layout" time="0.000291522">
        </testcase>
        <testcase classname="src/renderer/plugins/builtin/canvas/manifest.test.ts" name="canvas manifest &gt; contributes a railItem with label and top position" time="0.000231641">
        </testcase>
        <testcase classname="src/renderer/plugins/builtin/canvas/manifest.test.ts" name="canvas manifest &gt; contributes commands including reset-viewport with defaultBinding" time="0.000675406">
        </testcase>
        <testcase classname="src/renderer/plugins/builtin/canvas/manifest.test.ts" name="canvas manifest &gt; contributes project-local storage scope" time="0.000250016">
        </testcase>
        <testcase classname="src/renderer/plugins/builtin/canvas/manifest.test.ts" name="canvas manifest &gt; contributes cross-project-canvas boolean setting with default true" time="0.000253281">
        </testcase>
        <testcase classname="src/renderer/plugins/builtin/canvas/manifest.test.ts" name="canvas manifest &gt; uses declarative settings panel" time="0.000118982">
        </testcase>
    </testsuite>
    <testsuite name="src/renderer/plugins/builtin/canvas/useWireActivity.test.ts" timestamp="2026-03-25T04:47:30.637Z" hostname="runnervm46oaq" tests="15" failures="0" errors="0" skipped="0" time="0.010867725">
        <testcase classname="src/renderer/plugins/builtin/canvas/useWireActivity.test.ts" name="useWireActivity &gt; wireKeyFromActivity &gt; builds wire key from source and target" time="0.00277436">
        </testcase>
        <testcase classname="src/renderer/plugins/builtin/canvas/useWireActivity.test.ts" name="useWireActivity &gt; computeActivityState &gt; returns idle when not alive" time="0.000533032">
        </testcase>
        <testcase classname="src/renderer/plugins/builtin/canvas/useWireActivity.test.ts" name="useWireActivity &gt; computeActivityState &gt; returns ambient when alive with no timestamps" time="0.000266967">
        </testcase>
        <testcase classname="src/renderer/plugins/builtin/canvas/useWireActivity.test.ts" name="useWireActivity &gt; computeActivityState &gt; returns ambient when all timestamps are expired" time="0.000514347">
        </testcase>
        <testcase classname="src/renderer/plugins/builtin/canvas/useWireActivity.test.ts" name="useWireActivity &gt; computeActivityState &gt; returns active-forward when forward is recent" time="0.000389665">
        </testcase>
        <testcase classname="src/renderer/plugins/builtin/canvas/useWireActivity.test.ts" name="useWireActivity &gt; computeActivityState &gt; returns active-reverse when reverse is recent" time="0.000259734">
        </testcase>
        <testcase classname="src/renderer/plugins/builtin/canvas/useWireActivity.test.ts" name="useWireActivity &gt; computeActivityState &gt; returns active-both when both are recent" time="0.000225399">
        </testcase>
        <testcase classname="src/renderer/plugins/builtin/canvas/useWireActivity.test.ts" name="useWireActivity &gt; computeActivityState &gt; returns active-forward when only forward is within decay window" time="0.000254985">
        </testcase>
        <testcase classname="src/renderer/plugins/builtin/canvas/useWireActivity.test.ts" name="useWireActivity &gt; recordActivity &gt; records forward activity" time="0.001076843">
        </testcase>
        <testcase classname="src/renderer/plugins/builtin/canvas/useWireActivity.test.ts" name="useWireActivity &gt; recordActivity &gt; records reverse activity" time="0.000409833">
        </testcase>
        <testcase classname="src/renderer/plugins/builtin/canvas/useWireActivity.test.ts" name="useWireActivity &gt; recordActivity &gt; accumulates forward and reverse timestamps" time="0.000430851">
        </testcase>
        <testcase classname="src/renderer/plugins/builtin/canvas/useWireActivity.test.ts" name="useWireActivity &gt; recordActivity &gt; updates reverse key for bidirectional wires" time="0.000259343">
        </testcase>
        <testcase classname="src/renderer/plugins/builtin/canvas/useWireActivity.test.ts" name="useWireActivity &gt; recordActivity &gt; resets cleanly for testing" time="0.000229637">
        </testcase>
        <testcase classname="src/renderer/plugins/builtin/canvas/useWireActivity.test.ts" name="useWireActivity &gt; direction inference &gt; read_output maps to reverse direction" time="0.000251808">
        </testcase>
        <testcase classname="src/renderer/plugins/builtin/canvas/useWireActivity.test.ts" name="useWireActivity &gt; direction inference &gt; send_message maps to forward direction" time="0.000199582">
        </testcase>
    </testsuite>
    <testsuite name="src/renderer/plugins/builtin/canvas/useWirePhysics.test.ts" timestamp="2026-03-25T04:47:30.639Z" hostname="runnervm46oaq" tests="4" failures="0" errors="0" skipped="0" time="0.042928629">
        <testcase classname="src/renderer/plugins/builtin/canvas/useWirePhysics.test.ts" name="useWirePhysics &gt; returns empty map when disabled" time="0.025035607">
        </testcase>
        <testcase classname="src/renderer/plugins/builtin/canvas/useWirePhysics.test.ts" name="useWirePhysics &gt; returns empty map when no wires" time="0.003351975">
        </testcase>
        <testcase classname="src/renderer/plugins/builtin/canvas/useWirePhysics.test.ts" name="useWirePhysics &gt; produces offsets for each wire after animation frames" time="0.007286383">
        </testcase>
        <testcase classname="src/renderer/plugins/builtin/canvas/useWirePhysics.test.ts" name="useWirePhysics &gt; offsets stay within MAX_OFFSET (20px) bounds" time="0.003403361">
        </testcase>
    </testsuite>
    <testsuite name="src/renderer/plugins/builtin/canvas/useWiring.test.ts" timestamp="2026-03-25T04:47:30.640Z" hostname="runnervm46oaq" tests="16" failures="0" errors="0" skipped="0" time="0.011356494">
        <testcase classname="src/renderer/plugins/builtin/canvas/useWiring.test.ts" name="isValidWireTarget &gt; rejects self" time="0.002405915">
        </testcase>
        <testcase classname="src/renderer/plugins/builtin/canvas/useWiring.test.ts" name="isValidWireTarget &gt; accepts another agent with assigned agentId" time="0.000366361">
        </testcase>
        <testcase classname="src/renderer/plugins/builtin/canvas/useWiring.test.ts" name="isValidWireTarget &gt; rejects agent without agentId" time="0.0002364">
        </testcase>
        <testcase classname="src/renderer/plugins/builtin/canvas/useWiring.test.ts" name="isValidWireTarget &gt; accepts browser plugin widget" time="0.000341215">
        </testcase>
        <testcase classname="src/renderer/plugins/builtin/canvas/useWiring.test.ts" name="isValidWireTarget &gt; rejects non-browser plugin widget" time="0.000326337">
        </testcase>
        <testcase classname="src/renderer/plugins/builtin/canvas/useWiring.test.ts" name="isValidWireTarget &gt; rejects anchor views" time="0.000630974">
        </testcase>
        <testcase classname="src/renderer/plugins/builtin/canvas/useWiring.test.ts" name="isValidWireTarget &gt; zone support &gt; accepts zone as target from agent source" time="0.000365209">
        </testcase>
        <testcase classname="src/renderer/plugins/builtin/canvas/useWiring.test.ts" name="isValidWireTarget &gt; zone support &gt; accepts agent as target from zone source" time="0.000307181">
        </testcase>
        <testcase classname="src/renderer/plugins/builtin/canvas/useWiring.test.ts" name="isValidWireTarget &gt; zone support &gt; accepts zone-to-zone" time="0.000802663">
        </testcase>
        <testcase classname="src/renderer/plugins/builtin/canvas/useWiring.test.ts" name="isValidWireTarget &gt; zone support &gt; rejects zone-to-self" time="0.000301321">
        </testcase>
        <testcase classname="src/renderer/plugins/builtin/canvas/useWiring.test.ts" name="isValidWireTarget &gt; zone support &gt; accepts browser as target from zone source" time="0.000312321">
        </testcase>
        <testcase classname="src/renderer/plugins/builtin/canvas/useWiring.test.ts" name="isValidWireTarget &gt; zone support &gt; rejects anchor from zone source" time="0.000202958">
        </testcase>
        <testcase classname="src/renderer/plugins/builtin/canvas/useWiring.test.ts" name="hitTestViews &gt; returns agent inside a zone instead of the zone" time="0.001515398">
        </testcase>
        <testcase classname="src/renderer/plugins/builtin/canvas/useWiring.test.ts" name="hitTestViews &gt; returns zone only when no non-zone view overlaps" time="0.000278158">
        </testcase>
        <testcase classname="src/renderer/plugins/builtin/canvas/useWiring.test.ts" name="hitTestViews &gt; returns null when no view is hit" time="0.000210381">
        </testcase>
        <testcase classname="src/renderer/plugins/builtin/canvas/useWiring.test.ts" name="hitTestViews &gt; prefers agent over zone even when zone has higher zIndex" time="0.000183822">
        </testcase>
    </testsuite>
    <testsuite name="src/renderer/plugins/builtin/canvas/wire-utils.test.ts" timestamp="2026-03-25T04:47:30.642Z" hostname="runnervm46oaq" tests="14" failures="0" errors="0" skipped="0" time="0.011314453">
        <testcase classname="src/renderer/plugins/builtin/canvas/wire-utils.test.ts" name="closestEdgeMidpoint &gt; picks right edge when target is to the right" time="0.002527401">
        </testcase>
        <testcase classname="src/renderer/plugins/builtin/canvas/wire-utils.test.ts" name="closestEdgeMidpoint &gt; picks left edge when target is to the left" time="0.000452181">
        </testcase>
        <testcase classname="src/renderer/plugins/builtin/canvas/wire-utils.test.ts" name="closestEdgeMidpoint &gt; picks bottom edge when target is below" time="0.000292885">
        </testcase>
        <testcase classname="src/renderer/plugins/builtin/canvas/wire-utils.test.ts" name="closestEdgeMidpoint &gt; picks top edge when target is above" time="0.000416625">
        </testcase>
        <testcase classname="src/renderer/plugins/builtin/canvas/wire-utils.test.ts" name="closestEdgeMidpoint &gt; picks horizontal edge for diagonal (NE) — horizontal dominant" time="0.000253872">
        </testcase>
        <testcase classname="src/renderer/plugins/builtin/canvas/wire-utils.test.ts" name="closestEdgeMidpoint &gt; picks vertical edge for diagonal (SW) — vertical dominant" time="0.000209911">
        </testcase>
        <testcase classname="src/renderer/plugins/builtin/canvas/wire-utils.test.ts" name="closestEdgeMidpoint &gt; defaults to right edge when widgets overlap perfectly" time="0.000332258">
        </testcase>
        <testcase classname="src/renderer/plugins/builtin/canvas/wire-utils.test.ts" name="bezierPath &gt; returns a valid SVG cubic bezier path" time="0.00079547">
        </testcase>
        <testcase classname="src/renderer/plugins/builtin/canvas/wire-utils.test.ts" name="bezierPath &gt; control points extend along exit direction" time="0.000588555">
        </testcase>
        <testcase classname="src/renderer/plugins/builtin/canvas/wire-utils.test.ts" name="viewRect &gt; creates rect from position and size" time="0.001149388">
        </testcase>
        <testcase classname="src/renderer/plugins/builtin/canvas/wire-utils.test.ts" name="bezierPathWithOffsets &gt; returns same as bezierPath when offsets are zero" time="0.000363466">
        </testcase>
        <testcase classname="src/renderer/plugins/builtin/canvas/wire-utils.test.ts" name="bezierPathWithOffsets &gt; applies offsets to control points only, not endpoints" time="0.000447542">
        </testcase>
        <testcase classname="src/renderer/plugins/builtin/canvas/wire-utils.test.ts" name="computeWirePath &gt; returns a path connecting two rects" time="0.000391749">
        </testcase>
        <testcase classname="src/renderer/plugins/builtin/canvas/wire-utils.test.ts" name="computeWirePath &gt; handles vertically stacked rects" time="0.000318813">
        </testcase>
    </testsuite>
    <testsuite name="src/renderer/plugins/builtin/canvas/zone-containment.test.ts" timestamp="2026-03-25T04:47:30.644Z" hostname="runnervm46oaq" tests="5" failures="0" errors="0" skipped="0" time="0.006955748">
        <testcase classname="src/renderer/plugins/builtin/canvas/zone-containment.test.ts" name="buildZoneContainmentMap &gt; maps contained views to their zone" time="0.002776104">
        </testcase>
        <testcase classname="src/renderer/plugins/builtin/canvas/zone-containment.test.ts" name="buildZoneContainmentMap &gt; returns empty maps when no zones" time="0.000492566">
        </testcase>
        <testcase classname="src/renderer/plugins/builtin/canvas/zone-containment.test.ts" name="buildZoneContainmentMap &gt; handles multiple zones" time="0.000609654">
        </testcase>
        <testcase classname="src/renderer/plugins/builtin/canvas/zone-containment.test.ts" name="getViewThemeOverride &gt; returns theme for view in zone" time="0.000485153">
        </testcase>
        <testcase classname="src/renderer/plugins/builtin/canvas/zone-containment.test.ts" name="getViewThemeOverride &gt; returns undefined for view not in any zone" time="0.00027419">
        </testcase>
    </testsuite>
    <testsuite name="src/renderer/plugins/builtin/canvas/zone-wire-expansion.test.ts" timestamp="2026-03-25T04:47:30.645Z" hostname="runnervm46oaq" tests="8" failures="0" errors="0" skipped="0" time="0.008174885">
        <testcase classname="src/renderer/plugins/builtin/canvas/zone-wire-expansion.test.ts" name="expandZoneWires &gt; zone -&gt; agent: creates bindings from zone agents to target agent" time="0.00313441">
        </testcase>
        <testcase classname="src/renderer/plugins/builtin/canvas/zone-wire-expansion.test.ts" name="expandZoneWires &gt; zone -&gt; agent: also connects target agent to zone browsers" time="0.000627868">
        </testcase>
        <testcase classname="src/renderer/plugins/builtin/canvas/zone-wire-expansion.test.ts" name="expandZoneWires &gt; zone -&gt; group project: connects all zone agents to group project" time="0.00033865">
        </testcase>
        <testcase classname="src/renderer/plugins/builtin/canvas/zone-wire-expansion.test.ts" name="expandZoneWires &gt; zone -&gt; zone: creates cross-product bindings" time="0.0005972">
        </testcase>
        <testcase classname="src/renderer/plugins/builtin/canvas/zone-wire-expansion.test.ts" name="expandZoneWires &gt; deduplicates bindings" time="0.000324203">
        </testcase>
        <testcase classname="src/renderer/plugins/builtin/canvas/zone-wire-expansion.test.ts" name="expandZoneWires &gt; returns empty when zone has no contained agents" time="0.000228876">
        </testcase>
        <testcase classname="src/renderer/plugins/builtin/canvas/zone-wire-expansion.test.ts" name="reconcileZoneBindings &gt; identifies bindings to add and remove" time="0.00051563">
        </testcase>
        <testcase classname="src/renderer/plugins/builtin/canvas/zone-wire-expansion.test.ts" name="reconcileZoneBindings &gt; individual bindings not in zone expansion are only in toRemove, not toAdd" time="0.000314154">
        </testcase>
    </testsuite>
    <testsuite name="src/renderer/plugins/builtin/review/main.test.ts" timestamp="2026-03-25T04:47:30.647Z" hostname="runnervm46oaq" tests="19" failures="0" errors="0" skipped="0" time="0.018366432">
        <testcase classname="src/renderer/plugins/builtin/review/main.test.ts" name="review main &gt; passes validateBuiltinPlugin" time="0.004754063">
        </testcase>
        <testcase classname="src/renderer/plugins/builtin/review/main.test.ts" name="review main &gt; activate registers review-prev and review-next commands" time="0.003956238">
        </testcase>
        <testcase classname="src/renderer/plugins/builtin/review/main.test.ts" name="review main &gt; activate pushes disposables to ctx.subscriptions" time="0.000630122">
        </testcase>
        <testcase classname="src/renderer/plugins/builtin/review/main.test.ts" name="review main &gt; deactivate does not throw" time="0.001025618">
        </testcase>
        <testcase classname="src/renderer/plugins/builtin/review/main.test.ts" name="review main &gt; exports MainPanel component" time="0.000417807">
        </testcase>
        <testcase classname="src/renderer/plugins/builtin/review/main.test.ts" name="filterAgents &gt; returns all agents when includeSleeping is true" time="0.000390807">
        </testcase>
        <testcase classname="src/renderer/plugins/builtin/review/main.test.ts" name="filterAgents &gt; excludes sleeping agents when includeSleeping is false" time="0.000517182">
        </testcase>
        <testcase classname="src/renderer/plugins/builtin/review/main.test.ts" name="filterAgents &gt; returns empty array when all agents are sleeping and includeSleeping is false" time="0.000377022">
        </testcase>
        <testcase classname="src/renderer/plugins/builtin/review/main.test.ts" name="filterAgents &gt; returns empty array for empty input" time="0.000888493">
        </testcase>
        <testcase classname="src/renderer/plugins/builtin/review/main.test.ts" name="filterNeedsAttention &gt; filters to only error/needs_permission/tool_error agents" time="0.000766476">
        </testcase>
        <testcase classname="src/renderer/plugins/builtin/review/main.test.ts" name="filterNeedsAttention &gt; includes agents with status &quot;error&quot; even without detailed status" time="0.000412177">
        </testcase>
        <testcase classname="src/renderer/plugins/builtin/review/main.test.ts" name="filterNeedsAttention &gt; returns empty array for empty input" time="0.000389725">
        </testcase>
        <testcase classname="src/renderer/plugins/builtin/review/main.test.ts" name="filterNeedsAttention &gt; excludes agents that are working or idle" time="0.000218917">
        </testcase>
        <testcase classname="src/renderer/plugins/builtin/review/main.test.ts" name="resolveIndex &gt; wraps forward at the end" time="0.000183351">
        </testcase>
        <testcase classname="src/renderer/plugins/builtin/review/main.test.ts" name="resolveIndex &gt; wraps backward at the start" time="0.000107209">
        </testcase>
        <testcase classname="src/renderer/plugins/builtin/review/main.test.ts" name="resolveIndex &gt; advances forward normally" time="0.000100818">
        </testcase>
        <testcase classname="src/renderer/plugins/builtin/review/main.test.ts" name="resolveIndex &gt; goes backward normally" time="0.000153515">
        </testcase>
        <testcase classname="src/renderer/plugins/builtin/review/main.test.ts" name="resolveIndex &gt; returns 0 for empty list" time="0.000136064">
        </testcase>
        <testcase classname="src/renderer/plugins/builtin/review/main.test.ts" name="resolveIndex &gt; stays at 0 for single-element list" time="0.000129922">
        </testcase>
    </testsuite>
    <testsuite name="src/renderer/plugins/builtin/review/manifest.test.ts" timestamp="2026-03-25T04:47:30.649Z" hostname="runnervm46oaq" tests="12" failures="0" errors="0" skipped="0" time="0.012564381">
        <testcase classname="src/renderer/plugins/builtin/review/manifest.test.ts" name="review manifest &gt; passes validateManifest()" time="0.004728064">
        </testcase>
        <testcase classname="src/renderer/plugins/builtin/review/manifest.test.ts" name="review manifest &gt; has id &quot;review&quot;" time="0.000330354">
        </testcase>
        <testcase classname="src/renderer/plugins/builtin/review/manifest.test.ts" name="review manifest &gt; has scope &quot;dual&quot;" time="0.000288136">
        </testcase>
        <testcase classname="src/renderer/plugins/builtin/review/manifest.test.ts" name="review manifest &gt; targets engine.api 0.8" time="0.000274881">
        </testcase>
        <testcase classname="src/renderer/plugins/builtin/review/manifest.test.ts" name="review manifest &gt; contributes tab with full layout" time="0.000424821">
        </testcase>
        <testcase classname="src/renderer/plugins/builtin/review/manifest.test.ts" name="review manifest &gt; contributes tab.title and railItem.title" time="0.000410243">
        </testcase>
        <testcase classname="src/renderer/plugins/builtin/review/manifest.test.ts" name="review manifest &gt; contributes railItem with top position" time="0.000411225">
        </testcase>
        <testcase classname="src/renderer/plugins/builtin/review/manifest.test.ts" name="review manifest &gt; contributes review-prev and review-next commands" time="0.000477128">
        </testcase>
        <testcase classname="src/renderer/plugins/builtin/review/manifest.test.ts" name="review manifest &gt; contributes include-sleeping boolean setting defaulting to true" time="0.000855772">
        </testcase>
        <testcase classname="src/renderer/plugins/builtin/review/manifest.test.ts" name="review manifest &gt; contributes needs-attention-only boolean setting defaulting to false" time="0.000405654">
        </testcase>
        <testcase classname="src/renderer/plugins/builtin/review/manifest.test.ts" name="review manifest &gt; declares required permissions" time="0.001081061">
        </testcase>
        <testcase classname="src/renderer/plugins/builtin/review/manifest.test.ts" name="review manifest &gt; uses declarative settings panel" time="0.000207185">
        </testcase>
    </testsuite>
    <testsuite name="src/renderer/plugins/builtin/hub/AgentPicker.test.tsx" timestamp="2026-03-25T04:47:30.651Z" hostname="runnervm46oaq" tests="6" failures="0" errors="0" skipped="0" time="0.175726586">
        <testcase classname="src/renderer/plugins/builtin/hub/AgentPicker.test.tsx" name="AgentPicker &gt; &quot;No agents available&quot; when empty" time="0.046251765">
            <system-err>
An update to AgentPicker inside a test was not wrapped in act(...).

When testing, code that causes React state updates should be wrapped into act(...):

act(() =&gt; {
  /* fire events that update state */
});
/* assert on the output */

This ensures that you&apos;re testing the behavior the user would see in the browser. Learn more at https://react.dev/link/wrap-tests-with-act

            </system-err>
        </testcase>
        <testcase classname="src/renderer/plugins/builtin/hub/AgentPicker.test.tsx" name="AgentPicker &gt; durable + quick agents in separate sections" time="0.016434327">
            <system-err>
An update to AgentPicker inside a test was not wrapped in act(...).

When testing, code that causes React state updates should be wrapped into act(...):

act(() =&gt; {
  /* fire events that update state */
});
/* assert on the output */

This ensures that you&apos;re testing the behavior the user would see in the browser. Learn more at https://react.dev/link/wrap-tests-with-act

            </system-err>
        </testcase>
        <testcase classname="src/renderer/plugins/builtin/hub/AgentPicker.test.tsx" name="AgentPicker &gt; click agent calls onPick(id)" time="0.012260634">
            <system-err>
An update to AgentPicker inside a test was not wrapped in act(...).

When testing, code that causes React state updates should be wrapped into act(...):

act(() =&gt; {
  /* fire events that update state */
});
/* assert on the output */

This ensures that you&apos;re testing the behavior the user would see in the browser. Learn more at https://react.dev/link/wrap-tests-with-act

            </system-err>
        </testcase>
        <testcase classname="src/renderer/plugins/builtin/hub/AgentPicker.test.tsx" name="AgentPicker &gt; quick agent form: fill + Start calls api.agents.runQuick()" time="0.042383289">
        </testcase>
        <testcase classname="src/renderer/plugins/builtin/hub/AgentPicker.test.tsx" name="AgentPicker &gt; Cmd+Enter submits form" time="0.038226868">
        </testcase>
        <testcase classname="src/renderer/plugins/builtin/hub/AgentPicker.test.tsx" name="AgentPicker &gt; spawn error shows api.ui.showError()" time="0.016340211">
        </testcase>
    </testsuite>
    <testsuite name="src/renderer/plugins/builtin/hub/HubPane.test.tsx" timestamp="2026-03-25T04:47:30.653Z" hostname="runnervm46oaq" tests="7" failures="0" errors="0" skipped="0" time="0.112760227">
        <testcase classname="src/renderer/plugins/builtin/hub/HubPane.test.tsx" name="HubPane &gt; running agent renders AgentTerminal widget" time="0.055053511">
        </testcase>
        <testcase classname="src/renderer/plugins/builtin/hub/HubPane.test.tsx" name="HubPane &gt; non-running agent renders SleepingAgent widget" time="0.008016942">
        </testcase>
        <testcase classname="src/renderer/plugins/builtin/hub/HubPane.test.tsx" name="HubPane &gt; no agent renders picker slot (children)" time="0.004258361">
        </testcase>
        <testcase classname="src/renderer/plugins/builtin/hub/HubPane.test.tsx" name="HubPane &gt; completed quick agent renders QuickAgentGhost" time="0.004030998">
        </testcase>
        <testcase classname="src/renderer/plugins/builtin/hub/HubPane.test.tsx" name="HubPane &gt; renders pop-out button in expanded chip for assigned agent" time="0.017464253">
        </testcase>
        <testcase classname="src/renderer/plugins/builtin/hub/HubPane.test.tsx" name="HubPane &gt; chip wrapper has pointer-events-none to prevent focus theft" time="0.010641433">
        </testcase>
        <testcase classname="src/renderer/plugins/builtin/hub/HubPane.test.tsx" name="HubPane &gt; pop-out button calls createPopout with correct params" time="0.010175317">
        </testcase>
    </testsuite>
    <testsuite name="src/renderer/plugins/builtin/hub/HubTabBar.test.tsx" timestamp="2026-03-25T04:47:30.654Z" hostname="runnervm46oaq" tests="16" failures="0" errors="0" skipped="0" time="0.185591711">
        <testcase classname="src/renderer/plugins/builtin/hub/HubTabBar.test.tsx" name="HubTabBar &gt; renders all hub tabs" time="0.05482279">
        </testcase>
        <testcase classname="src/renderer/plugins/builtin/hub/HubTabBar.test.tsx" name="HubTabBar &gt; renders add button" time="0.0068652">
        </testcase>
        <testcase classname="src/renderer/plugins/builtin/hub/HubTabBar.test.tsx" name="HubTabBar &gt; calls onAddHub when add button is clicked" time="0.012432807">
        </testcase>
        <testcase classname="src/renderer/plugins/builtin/hub/HubTabBar.test.tsx" name="HubTabBar &gt; calls onSelectHub when a tab is clicked" time="0.009157664">
        </testcase>
        <testcase classname="src/renderer/plugins/builtin/hub/HubTabBar.test.tsx" name="HubTabBar &gt; shows close button on hover when multiple hubs exist" time="0.00786493">
        </testcase>
        <testcase classname="src/renderer/plugins/builtin/hub/HubTabBar.test.tsx" name="HubTabBar &gt; calls onRemoveHub when close button clicked" time="0.004679815">
        </testcase>
        <testcase classname="src/renderer/plugins/builtin/hub/HubTabBar.test.tsx" name="HubTabBar &gt; shows pop-out button on hover" time="0.003584378">
        </testcase>
        <testcase classname="src/renderer/plugins/builtin/hub/HubTabBar.test.tsx" name="HubTabBar &gt; calls onPopOutHub when pop-out button clicked" time="0.004575401">
        </testcase>
        <testcase classname="src/renderer/plugins/builtin/hub/HubTabBar.test.tsx" name="HubTabBar &gt; enters rename mode on double-click" time="0.010035407">
        </testcase>
        <testcase classname="src/renderer/plugins/builtin/hub/HubTabBar.test.tsx" name="HubTabBar &gt; commits rename on Enter" time="0.00957449">
        </testcase>
        <testcase classname="src/renderer/plugins/builtin/hub/HubTabBar.test.tsx" name="HubTabBar &gt; cancels rename on Escape" time="0.011048011">
        </testcase>
        <testcase classname="src/renderer/plugins/builtin/hub/HubTabBar.test.tsx" name="HubTabBar &gt; shows context menu on right-click when handlers are provided" time="0.014560845">
        </testcase>
        <testcase classname="src/renderer/plugins/builtin/hub/HubTabBar.test.tsx" name="HubTabBar &gt; does not show context menu when handlers are not provided" time="0.004345954">
        </testcase>
        <testcase classname="src/renderer/plugins/builtin/hub/HubTabBar.test.tsx" name="HubTabBar &gt; calls onUpgradeToCanvas from context menu" time="0.007708549">
        </testcase>
        <testcase classname="src/renderer/plugins/builtin/hub/HubTabBar.test.tsx" name="HubTabBar &gt; calls onDuplicateHub from context menu" time="0.011306912">
        </testcase>
        <testcase classname="src/renderer/plugins/builtin/hub/HubTabBar.test.tsx" name="HubTabBar &gt; shows context menu with only Duplicate when canvas is not enabled" time="0.008594096">
        </testcase>
    </testsuite>
    <testsuite name="src/renderer/plugins/builtin/hub/HubTabContextMenu.test.tsx" timestamp="2026-03-25T04:47:30.656Z" hostname="runnervm46oaq" tests="12" failures="0" errors="0" skipped="0" time="0.137629728">
        <testcase classname="src/renderer/plugins/builtin/hub/HubTabContextMenu.test.tsx" name="HubTabContextMenu &gt; renders the context menu" time="0.055313536">
        </testcase>
        <testcase classname="src/renderer/plugins/builtin/hub/HubTabContextMenu.test.tsx" name="HubTabContextMenu &gt; renders Upgrade to Canvas option" time="0.013046217">
        </testcase>
        <testcase classname="src/renderer/plugins/builtin/hub/HubTabContextMenu.test.tsx" name="HubTabContextMenu &gt; renders Duplicate option" time="0.009791954">
        </testcase>
        <testcase classname="src/renderer/plugins/builtin/hub/HubTabContextMenu.test.tsx" name="HubTabContextMenu &gt; calls onUpgradeToCanvas with hubId when clicked" time="0.014243344">
        </testcase>
        <testcase classname="src/renderer/plugins/builtin/hub/HubTabContextMenu.test.tsx" name="HubTabContextMenu &gt; calls onDuplicate with hubId when clicked" time="0.007230128">
        </testcase>
        <testcase classname="src/renderer/plugins/builtin/hub/HubTabContextMenu.test.tsx" name="HubTabContextMenu &gt; calls onClose after clicking an option" time="0.004803845">
        </testcase>
        <testcase classname="src/renderer/plugins/builtin/hub/HubTabContextMenu.test.tsx" name="HubTabContextMenu &gt; closes on Escape key" time="0.004443506">
        </testcase>
        <testcase classname="src/renderer/plugins/builtin/hub/HubTabContextMenu.test.tsx" name="HubTabContextMenu &gt; closes on click outside" time="0.004183241">
        </testcase>
        <testcase classname="src/renderer/plugins/builtin/hub/HubTabContextMenu.test.tsx" name="HubTabContextMenu &gt; does not close on click inside" time="0.007857416">
        </testcase>
        <testcase classname="src/renderer/plugins/builtin/hub/HubTabContextMenu.test.tsx" name="HubTabContextMenu &gt; positions the menu at provided coordinates" time="0.005323082">
        </testcase>
        <testcase classname="src/renderer/plugins/builtin/hub/HubTabContextMenu.test.tsx" name="HubTabContextMenu &gt; hides Upgrade to Canvas when onUpgradeToCanvas is not provided" time="0.003180696">
        </testcase>
        <testcase classname="src/renderer/plugins/builtin/hub/HubTabContextMenu.test.tsx" name="HubTabContextMenu &gt; shows only Duplicate when canvas is not enabled" time="0.003798766">
        </testcase>
    </testsuite>
    <testsuite name="src/renderer/plugins/builtin/hub/PaneContainer.test.tsx" timestamp="2026-03-25T04:47:30.658Z" hostname="runnervm46oaq" tests="7" failures="0" errors="0" skipped="0" time="0.087204943">
        <testcase classname="src/renderer/plugins/builtin/hub/PaneContainer.test.tsx" name="PaneContainer &gt; single leaf renders one pane" time="0.035637908">
        </testcase>
        <testcase classname="src/renderer/plugins/builtin/hub/PaneContainer.test.tsx" name="PaneContainer &gt; horizontal split renders two panes with divider" time="0.020245558">
        </testcase>
        <testcase classname="src/renderer/plugins/builtin/hub/PaneContainer.test.tsx" name="PaneContainer &gt; canClose false for single pane, true for multi" time="0.006245988">
        </testcase>
        <testcase classname="src/renderer/plugins/builtin/hub/PaneContainer.test.tsx" name="PaneContainer &gt; renders ratio-based sizing" time="0.009907488">
        </testcase>
        <testcase classname="src/renderer/plugins/builtin/hub/PaneContainer.test.tsx" name="PaneContainer &gt; defaults to 0.5 ratio when ratio is undefined" time="0.004061084">
        </testcase>
        <testcase classname="src/renderer/plugins/builtin/hub/PaneContainer.test.tsx" name="PaneContainer &gt; zoom mode renders only the zoomed pane" time="0.00287128">
        </testcase>
        <testcase classname="src/renderer/plugins/builtin/hub/PaneContainer.test.tsx" name="PaneContainer &gt; zoom mode falls back to normal when pane not found" time="0.004295069">
        </testcase>
    </testsuite>
    <testsuite name="src/renderer/plugins/builtin/hub/UpgradeToCanvasDialog.test.tsx" timestamp="2026-03-25T04:47:30.659Z" hostname="runnervm46oaq" tests="9" failures="0" errors="0" skipped="0" time="0.078249064">
        <testcase classname="src/renderer/plugins/builtin/hub/UpgradeToCanvasDialog.test.tsx" name="UpgradeToCanvasDialog &gt; renders the dialog with hub name" time="0.036130004">
        </testcase>
        <testcase classname="src/renderer/plugins/builtin/hub/UpgradeToCanvasDialog.test.tsx" name="UpgradeToCanvasDialog &gt; displays informational warnings" time="0.005375067">
        </testcase>
        <testcase classname="src/renderer/plugins/builtin/hub/UpgradeToCanvasDialog.test.tsx" name="UpgradeToCanvasDialog &gt; has Upgrade, Upgrade &amp; Delete, and Cancel buttons" time="0.004229577">
        </testcase>
        <testcase classname="src/renderer/plugins/builtin/hub/UpgradeToCanvasDialog.test.tsx" name="UpgradeToCanvasDialog &gt; calls onUpgrade when Upgrade button is clicked" time="0.006567286">
        </testcase>
        <testcase classname="src/renderer/plugins/builtin/hub/UpgradeToCanvasDialog.test.tsx" name="UpgradeToCanvasDialog &gt; calls onUpgradeAndDelete when Upgrade &amp; Delete button is clicked" time="0.004605262">
        </testcase>
        <testcase classname="src/renderer/plugins/builtin/hub/UpgradeToCanvasDialog.test.tsx" name="UpgradeToCanvasDialog &gt; calls onClose when Cancel is clicked" time="0.003034905">
        </testcase>
        <testcase classname="src/renderer/plugins/builtin/hub/UpgradeToCanvasDialog.test.tsx" name="UpgradeToCanvasDialog &gt; calls onClose when backdrop is clicked" time="0.003057547">
        </testcase>
        <testcase classname="src/renderer/plugins/builtin/hub/UpgradeToCanvasDialog.test.tsx" name="UpgradeToCanvasDialog &gt; does not call onClose when dialog content is clicked" time="0.004837729">
        </testcase>
        <testcase classname="src/renderer/plugins/builtin/hub/UpgradeToCanvasDialog.test.tsx" name="UpgradeToCanvasDialog &gt; closes on Escape key" time="0.0056021">
        </testcase>
    </testsuite>
    <testsuite name="src/renderer/plugins/builtin/hub/hub-sync.test.ts" timestamp="2026-03-25T04:47:30.660Z" hostname="runnervm46oaq" tests="8" failures="0" errors="0" skipped="0" time="0.016711251">
        <testcase classname="src/renderer/plugins/builtin/hub/hub-sync.test.ts" name="hub-sync &gt; applyHubMutation &gt; applies split mutation" time="0.004591981">
        </testcase>
        <testcase classname="src/renderer/plugins/builtin/hub/hub-sync.test.ts" name="hub-sync &gt; applyHubMutation &gt; applies close mutation" time="0.002673052">
        </testcase>
        <testcase classname="src/renderer/plugins/builtin/hub/hub-sync.test.ts" name="hub-sync &gt; applyHubMutation &gt; applies assign mutation" time="0.000652654">
        </testcase>
        <testcase classname="src/renderer/plugins/builtin/hub/hub-sync.test.ts" name="hub-sync &gt; applyHubMutation &gt; applies zoom mutation" time="0.000785782">
        </testcase>
        <testcase classname="src/renderer/plugins/builtin/hub/hub-sync.test.ts" name="hub-sync &gt; applyHubMutation &gt; applies focus mutation" time="0.000775633">
        </testcase>
        <testcase classname="src/renderer/plugins/builtin/hub/hub-sync.test.ts" name="hub-sync &gt; applyHubMutation &gt; broadcasts state after mutation" time="0.003630302">
        </testcase>
        <testcase classname="src/renderer/plugins/builtin/hub/hub-sync.test.ts" name="hub-sync &gt; broadcastHubState &gt; broadcasts current hub state" time="0.000667081">
        </testcase>
        <testcase classname="src/renderer/plugins/builtin/hub/hub-sync.test.ts" name="hub-sync &gt; broadcastHubState &gt; does nothing for non-existent hub" time="0.000516801">
        </testcase>
    </testsuite>
    <testsuite name="src/renderer/plugins/builtin/hub/hub-to-canvas.test.ts" timestamp="2026-03-25T04:47:30.661Z" hostname="runnervm46oaq" tests="32" failures="0" errors="0" skipped="0" time="0.02442354">
        <testcase classname="src/renderer/plugins/builtin/hub/hub-to-canvas.test.ts" name="flattenPaneTree &gt; returns a single pane for a leaf node" time="0.004454197">
        </testcase>
        <testcase classname="src/renderer/plugins/builtin/hub/hub-to-canvas.test.ts" name="flattenPaneTree &gt; preserves empty panes (null agentId)" time="0.000766396">
        </testcase>
        <testcase classname="src/renderer/plugins/builtin/hub/hub-to-canvas.test.ts" name="flattenPaneTree &gt; preserves projectId on panes" time="0.000301711">
        </testcase>
        <testcase classname="src/renderer/plugins/builtin/hub/hub-to-canvas.test.ts" name="flattenPaneTree &gt; splits horizontally into two panes" time="0.000986285">
        </testcase>
        <testcase classname="src/renderer/plugins/builtin/hub/hub-to-canvas.test.ts" name="flattenPaneTree &gt; splits vertically into two panes" time="0.00056417">
        </testcase>
        <testcase classname="src/renderer/plugins/builtin/hub/hub-to-canvas.test.ts" name="flattenPaneTree &gt; respects custom split ratios" time="0.000327459">
        </testcase>
        <testcase classname="src/renderer/plugins/builtin/hub/hub-to-canvas.test.ts" name="flattenPaneTree &gt; handles nested splits (2x2 grid)" time="0.001629141">
        </testcase>
        <testcase classname="src/renderer/plugins/builtin/hub/hub-to-canvas.test.ts" name="flattenPaneTree &gt; enforces minimum pane dimensions" time="0.000384836">
        </testcase>
        <testcase classname="src/renderer/plugins/builtin/hub/hub-to-canvas.test.ts" name="flattenPaneTree &gt; snaps positions to grid" time="0.001137446">
        </testcase>
        <testcase classname="src/renderer/plugins/builtin/hub/hub-to-canvas.test.ts" name="flattenPaneTree &gt; handles deeply nested tree" time="0.00069351">
        </testcase>
        <testcase classname="src/renderer/plugins/builtin/hub/hub-to-canvas.test.ts" name="buildCanvasViews &gt; returns empty array for empty input" time="0.000544594">
        </testcase>
        <testcase classname="src/renderer/plugins/builtin/hub/hub-to-canvas.test.ts" name="buildCanvasViews &gt; creates agent canvas views from flattened panes" time="0.00101073">
        </testcase>
        <testcase classname="src/renderer/plugins/builtin/hub/hub-to-canvas.test.ts" name="buildCanvasViews &gt; centers views around origin" time="0.000378574">
        </testcase>
        <testcase classname="src/renderer/plugins/builtin/hub/hub-to-canvas.test.ts" name="buildCanvasViews &gt; deduplicates display names" time="0.000294438">
        </testcase>
        <testcase classname="src/renderer/plugins/builtin/hub/hub-to-canvas.test.ts" name="buildCanvasViews &gt; preserves null agentId for empty panes" time="0.000321188">
        </testcase>
        <testcase classname="src/renderer/plugins/builtin/hub/hub-to-canvas.test.ts" name="buildCanvasViews &gt; preserves projectId" time="0.000229016">
        </testcase>
        <testcase classname="src/renderer/plugins/builtin/hub/hub-to-canvas.test.ts" name="buildCanvasViews &gt; assigns sequential z-indexes" time="0.000475795">
        </testcase>
        <testcase classname="src/renderer/plugins/builtin/hub/hub-to-canvas.test.ts" name="buildCanvasViews &gt; generates unique IDs for each view" time="0.000755646">
        </testcase>
        <testcase classname="src/renderer/plugins/builtin/hub/hub-to-canvas.test.ts" name="convertHubToCanvas &gt; creates a canvas instance with correct name (upgrade mode)" time="0.00082791">
        </testcase>
        <testcase classname="src/renderer/plugins/builtin/hub/hub-to-canvas.test.ts" name="convertHubToCanvas &gt; creates a canvas with original name (upgrade &amp; delete mode)" time="0.000251047">
        </testcase>
        <testcase classname="src/renderer/plugins/builtin/hub/hub-to-canvas.test.ts" name="convertHubToCanvas &gt; sets viewport to fit all views" time="0.00039268">
        </testcase>
        <testcase classname="src/renderer/plugins/builtin/hub/hub-to-canvas.test.ts" name="convertHubToCanvas &gt; sets nextZIndex to number of views" time="0.00023113">
        </testcase>
        <testcase classname="src/renderer/plugins/builtin/hub/hub-to-canvas.test.ts" name="convertHubToCanvas &gt; preserves agent assignments in converted views" time="0.00032828">
        </testcase>
        <testcase classname="src/renderer/plugins/builtin/hub/hub-to-canvas.test.ts" name="convertHubToCanvas &gt; handles complex 2x2 hub layout" time="0.000599405">
        </testcase>
        <testcase classname="src/renderer/plugins/builtin/hub/hub-to-canvas.test.ts" name="convertHubToCanvas &gt; initializes zoomedViewId and selectedViewId as null" time="0.000257969">
        </testcase>
        <testcase classname="src/renderer/plugins/builtin/hub/hub-to-canvas.test.ts" name="generateDuplicateHubName &gt; generates -2 suffix for first duplicate" time="0.000197898">
        </testcase>
        <testcase classname="src/renderer/plugins/builtin/hub/hub-to-canvas.test.ts" name="generateDuplicateHubName &gt; increments suffix to avoid collision" time="0.000173934">
        </testcase>
        <testcase classname="src/renderer/plugins/builtin/hub/hub-to-canvas.test.ts" name="generateDuplicateHubName &gt; starts at -2 even if base name is not in list" time="0.000155349">
        </testcase>
        <testcase classname="src/renderer/plugins/builtin/hub/hub-to-canvas.test.ts" name="clonePaneTree &gt; clones a leaf with new ID" time="0.000340203">
        </testcase>
        <testcase classname="src/renderer/plugins/builtin/hub/hub-to-canvas.test.ts" name="clonePaneTree &gt; clones a split tree with new IDs for all nodes" time="0.000535687">
        </testcase>
        <testcase classname="src/renderer/plugins/builtin/hub/hub-to-canvas.test.ts" name="clonePaneTree &gt; preserves null agentId in cloned leaves" time="0.000222955">
        </testcase>
        <testcase classname="src/renderer/plugins/builtin/hub/hub-to-canvas.test.ts" name="clonePaneTree &gt; deeply clones nested structure" time="0.001191878">
        </testcase>
    </testsuite>
    <testsuite name="src/renderer/plugins/builtin/hub/main.test.ts" timestamp="2026-03-25T04:47:30.666Z" hostname="runnervm46oaq" tests="13" failures="0" errors="0" skipped="0" time="0.021219189">
        <testcase classname="src/renderer/plugins/builtin/hub/main.test.ts" name="hub main &gt; passes validateBuiltinPlugin" time="0.011335675">
        </testcase>
        <testcase classname="src/renderer/plugins/builtin/hub/main.test.ts" name="hub main &gt; activate registers split-pane command" time="0.002874627">
        </testcase>
        <testcase classname="src/renderer/plugins/builtin/hub/main.test.ts" name="hub main &gt; activate pushes disposable to ctx.subscriptions" time="0.000509027">
        </testcase>
        <testcase classname="src/renderer/plugins/builtin/hub/main.test.ts" name="hub main &gt; deactivate does not throw" time="0.00080113">
        </testcase>
        <testcase classname="src/renderer/plugins/builtin/hub/main.test.ts" name="hub main &gt; exports MainPanel component" time="0.000256647">
        </testcase>
        <testcase classname="src/renderer/plugins/builtin/hub/main.test.ts" name="hub main &gt; exports getProjectHubStore function" time="0.000360461">
        </testcase>
        <testcase classname="src/renderer/plugins/builtin/hub/main.test.ts" name="hub main &gt; exports hasProjectHubStore function" time="0.000347827">
        </testcase>
        <testcase classname="src/renderer/plugins/builtin/hub/main.test.ts" name="hub main &gt; hasProjectHubStore returns false for unknown project" time="0.000190405">
        </testcase>
        <testcase classname="src/renderer/plugins/builtin/hub/main.test.ts" name="hub main &gt; hasProjectHubStore returns false for null" time="0.000605756">
        </testcase>
        <testcase classname="src/renderer/plugins/builtin/hub/main.test.ts" name="hub main &gt; hasProjectHubStore returns true after store is created" time="0.000330335">
        </testcase>
        <testcase classname="src/renderer/plugins/builtin/hub/main.test.ts" name="hub main &gt; getProjectHubStore returns the same store for the same projectId" time="0.00036551">
        </testcase>
        <testcase classname="src/renderer/plugins/builtin/hub/main.test.ts" name="hub main &gt; getProjectHubStore returns different stores for different projectIds" time="0.000402229">
        </testcase>
        <testcase classname="src/renderer/plugins/builtin/hub/main.test.ts" name="hub main &gt; per-project stores have isolated state" time="0.000724437">
        </testcase>
    </testsuite>
    <testsuite name="src/renderer/plugins/builtin/hub/manifest.test.ts" timestamp="2026-03-25T04:47:30.668Z" hostname="runnervm46oaq" tests="14" failures="0" errors="0" skipped="0" time="0.013459475">
        <testcase classname="src/renderer/plugins/builtin/hub/manifest.test.ts" name="hub manifest &gt; passes validateManifest()" time="0.004596079">
        </testcase>
        <testcase classname="src/renderer/plugins/builtin/hub/manifest.test.ts" name="hub manifest &gt; has id &quot;hub&quot;" time="0.000412648">
        </testcase>
        <testcase classname="src/renderer/plugins/builtin/hub/manifest.test.ts" name="hub manifest &gt; has scope &quot;dual&quot;" time="0.000243183">
        </testcase>
        <testcase classname="src/renderer/plugins/builtin/hub/manifest.test.ts" name="hub manifest &gt; targets engine.api 0.8" time="0.000259041">
        </testcase>
        <testcase classname="src/renderer/plugins/builtin/hub/manifest.test.ts" name="hub manifest &gt; contributes tab.title and railItem.title" time="0.000280682">
        </testcase>
        <testcase classname="src/renderer/plugins/builtin/hub/manifest.test.ts" name="hub manifest &gt; declares required permissions" time="0.001446971">
        </testcase>
        <testcase classname="src/renderer/plugins/builtin/hub/manifest.test.ts" name="hub manifest &gt; does not declare annex permission" time="0.000730159">
        </testcase>
        <testcase classname="src/renderer/plugins/builtin/hub/manifest.test.ts" name="hub manifest &gt; contributes help topics" time="0.000450958">
        </testcase>
        <testcase classname="src/renderer/plugins/builtin/hub/manifest.test.ts" name="hub manifest &gt; contributes a tab with label and full layout" time="0.00085505">
        </testcase>
        <testcase classname="src/renderer/plugins/builtin/hub/manifest.test.ts" name="hub manifest &gt; contributes a railItem with label and top position" time="0.000382912">
        </testcase>
        <testcase classname="src/renderer/plugins/builtin/hub/manifest.test.ts" name="hub manifest &gt; contributes split-pane command with defaultBinding" time="0.000439617">
        </testcase>
        <testcase classname="src/renderer/plugins/builtin/hub/manifest.test.ts" name="hub manifest &gt; contributes project-local storage scope" time="0.000222554">
        </testcase>
        <testcase classname="src/renderer/plugins/builtin/hub/manifest.test.ts" name="hub manifest &gt; contributes cross-project-hub boolean setting with default true" time="0.000309917">
        </testcase>
        <testcase classname="src/renderer/plugins/builtin/hub/manifest.test.ts" name="hub manifest &gt; uses declarative settings panel" time="0.000164145">
        </testcase>
    </testsuite>
    <testsuite name="src/renderer/plugins/builtin/hub/pane-tree.test.ts" timestamp="2026-03-25T04:47:30.670Z" hostname="runnervm46oaq" tests="82" failures="0" errors="0" skipped="0" time="0.032139147">
        <testcase classname="src/renderer/plugins/builtin/hub/pane-tree.test.ts" name="pane-tree &gt; generatePaneId &gt; generates sequential IDs" time="0.003314465">
        </testcase>
        <testcase classname="src/renderer/plugins/builtin/hub/pane-tree.test.ts" name="pane-tree &gt; generatePaneId &gt; uses the given prefix" time="0.00053768">
        </testcase>
        <testcase classname="src/renderer/plugins/builtin/hub/pane-tree.test.ts" name="pane-tree &gt; resetPaneCounter &gt; resets to 0 by default" time="0.000313604">
        </testcase>
        <testcase classname="src/renderer/plugins/builtin/hub/pane-tree.test.ts" name="pane-tree &gt; resetPaneCounter &gt; resets to custom value" time="0.000379426">
        </testcase>
        <testcase classname="src/renderer/plugins/builtin/hub/pane-tree.test.ts" name="pane-tree &gt; createLeaf &gt; creates a leaf with defaults" time="0.000781032">
        </testcase>
        <testcase classname="src/renderer/plugins/builtin/hub/pane-tree.test.ts" name="pane-tree &gt; createLeaf &gt; creates a leaf with an agent" time="0.000278057">
        </testcase>
        <testcase classname="src/renderer/plugins/builtin/hub/pane-tree.test.ts" name="pane-tree &gt; createLeaf &gt; creates a leaf with a project" time="0.000394293">
        </testcase>
        <testcase classname="src/renderer/plugins/builtin/hub/pane-tree.test.ts" name="pane-tree &gt; createLeaf &gt; generates unique IDs" time="0.001064089">
        </testcase>
        <testcase classname="src/renderer/plugins/builtin/hub/pane-tree.test.ts" name="pane-tree &gt; createLeaf &gt; includes prefix in ID" time="0.000808885">
        </testcase>
        <testcase classname="src/renderer/plugins/builtin/hub/pane-tree.test.ts" name="pane-tree &gt; splitPane &gt; splits a single leaf (default after)" time="0.000523203">
        </testcase>
        <testcase classname="src/renderer/plugins/builtin/hub/pane-tree.test.ts" name="pane-tree &gt; splitPane &gt; splits with before position" time="0.00076366">
        </testcase>
        <testcase classname="src/renderer/plugins/builtin/hub/pane-tree.test.ts" name="pane-tree &gt; splitPane &gt; splits with after position" time="0.000571973">
        </testcase>
        <testcase classname="src/renderer/plugins/builtin/hub/pane-tree.test.ts" name="pane-tree &gt; splitPane &gt; supports horizontal direction" time="0.000213076">
        </testcase>
        <testcase classname="src/renderer/plugins/builtin/hub/pane-tree.test.ts" name="pane-tree &gt; splitPane &gt; supports vertical direction" time="0.000202136">
        </testcase>
        <testcase classname="src/renderer/plugins/builtin/hub/pane-tree.test.ts" name="pane-tree &gt; splitPane &gt; returns same ref when paneId not found" time="0.000173603">
        </testcase>
        <testcase classname="src/renderer/plugins/builtin/hub/pane-tree.test.ts" name="pane-tree &gt; splitPane &gt; new leaf has null agent" time="0.000213267">
        </testcase>
        <testcase classname="src/renderer/plugins/builtin/hub/pane-tree.test.ts" name="pane-tree &gt; splitPane &gt; splits nested left child" time="0.00027435">
        </testcase>
        <testcase classname="src/renderer/plugins/builtin/hub/pane-tree.test.ts" name="pane-tree &gt; splitPane &gt; splits nested right child" time="0.000253272">
        </testcase>
        <testcase classname="src/renderer/plugins/builtin/hub/pane-tree.test.ts" name="pane-tree &gt; splitPane &gt; splits deeply nested pane" time="0.001157142">
        </testcase>
        <testcase classname="src/renderer/plugins/builtin/hub/pane-tree.test.ts" name="pane-tree &gt; closePane &gt; returns null when closing the only leaf" time="0.000373484">
        </testcase>
        <testcase classname="src/renderer/plugins/builtin/hub/pane-tree.test.ts" name="pane-tree &gt; closePane &gt; returns sibling when closing left child" time="0.000200462">
        </testcase>
        <testcase classname="src/renderer/plugins/builtin/hub/pane-tree.test.ts" name="pane-tree &gt; closePane &gt; returns sibling when closing right child" time="0.000188241">
        </testcase>
        <testcase classname="src/renderer/plugins/builtin/hub/pane-tree.test.ts" name="pane-tree &gt; closePane &gt; returns unchanged tree when paneId not found" time="0.00017768">
        </testcase>
        <testcase classname="src/renderer/plugins/builtin/hub/pane-tree.test.ts" name="pane-tree &gt; closePane &gt; propagates through nested splits" time="0.000400746">
        </testcase>
        <testcase classname="src/renderer/plugins/builtin/hub/pane-tree.test.ts" name="pane-tree &gt; closePane &gt; promotes sibling when parent is removed" time="0.000185896">
        </testcase>
        <testcase classname="src/renderer/plugins/builtin/hub/pane-tree.test.ts" name="pane-tree &gt; closePane &gt; preserves structural sharing when not-found" time="0.000181698">
        </testcase>
        <testcase classname="src/renderer/plugins/builtin/hub/pane-tree.test.ts" name="pane-tree &gt; assignAgent &gt; sets agent on a leaf" time="0.000244485">
        </testcase>
        <testcase classname="src/renderer/plugins/builtin/hub/pane-tree.test.ts" name="pane-tree &gt; assignAgent &gt; unsets agent (null)" time="0.000206654">
        </testcase>
        <testcase classname="src/renderer/plugins/builtin/hub/pane-tree.test.ts" name="pane-tree &gt; assignAgent &gt; sets agent with projectId" time="0.000190785">
        </testcase>
        <testcase classname="src/renderer/plugins/builtin/hub/pane-tree.test.ts" name="pane-tree &gt; assignAgent &gt; targets nested leaf" time="0.000212695">
        </testcase>
        <testcase classname="src/renderer/plugins/builtin/hub/pane-tree.test.ts" name="pane-tree &gt; assignAgent &gt; returns same ref when paneId not found" time="0.000154107">
        </testcase>
        <testcase classname="src/renderer/plugins/builtin/hub/pane-tree.test.ts" name="pane-tree &gt; assignAgent &gt; preserves structural sharing for unchanged branches" time="0.000170377">
        </testcase>
        <testcase classname="src/renderer/plugins/builtin/hub/pane-tree.test.ts" name="pane-tree &gt; swapPanes &gt; swaps agents between two panes" time="0.0009086">
        </testcase>
        <testcase classname="src/renderer/plugins/builtin/hub/pane-tree.test.ts" name="pane-tree &gt; swapPanes &gt; returns same ref when id1 not found" time="0.000198259">
        </testcase>
        <testcase classname="src/renderer/plugins/builtin/hub/pane-tree.test.ts" name="pane-tree &gt; swapPanes &gt; returns same ref when id2 not found" time="0.000162923">
        </testcase>
        <testcase classname="src/renderer/plugins/builtin/hub/pane-tree.test.ts" name="pane-tree &gt; swapPanes &gt; self-swap produces no change" time="0.000169566">
        </testcase>
        <testcase classname="src/renderer/plugins/builtin/hub/pane-tree.test.ts" name="pane-tree &gt; swapPanes &gt; swaps null and non-null agents" time="0.000235879">
        </testcase>
        <testcase classname="src/renderer/plugins/builtin/hub/pane-tree.test.ts" name="pane-tree &gt; removePanesByAgent &gt; clears matching agent" time="0.000308032">
        </testcase>
        <testcase classname="src/renderer/plugins/builtin/hub/pane-tree.test.ts" name="pane-tree &gt; removePanesByAgent &gt; keeps non-matching agent" time="0.000163424">
        </testcase>
        <testcase classname="src/renderer/plugins/builtin/hub/pane-tree.test.ts" name="pane-tree &gt; removePanesByAgent &gt; no-op when agent not found" time="0.000154487">
        </testcase>
        <testcase classname="src/renderer/plugins/builtin/hub/pane-tree.test.ts" name="pane-tree &gt; removePanesByAgent &gt; clears multiple matching leaves in tree" time="0.000208748">
        </testcase>
        <testcase classname="src/renderer/plugins/builtin/hub/pane-tree.test.ts" name="pane-tree &gt; validateAgents &gt; clears unknown agent" time="0.000261446">
        </testcase>
        <testcase classname="src/renderer/plugins/builtin/hub/pane-tree.test.ts" name="pane-tree &gt; validateAgents &gt; preserves known agent" time="0.000201014">
        </testcase>
        <testcase classname="src/renderer/plugins/builtin/hub/pane-tree.test.ts" name="pane-tree &gt; validateAgents &gt; empty set clears all agents" time="0.000165979">
        </testcase>
        <testcase classname="src/renderer/plugins/builtin/hub/pane-tree.test.ts" name="pane-tree &gt; validateAgents &gt; null agents are safe (not cleared)" time="0.000160128">
        </testcase>
        <testcase classname="src/renderer/plugins/builtin/hub/pane-tree.test.ts" name="pane-tree &gt; validateAgents &gt; clears projectId when agent is unknown" time="0.000154678">
        </testcase>
        <testcase classname="src/renderer/plugins/builtin/hub/pane-tree.test.ts" name="pane-tree &gt; findLeaf &gt; finds a leaf by id" time="0.000210422">
        </testcase>
        <testcase classname="src/renderer/plugins/builtin/hub/pane-tree.test.ts" name="pane-tree &gt; findLeaf &gt; returns null when not found" time="0.000166901">
        </testcase>
        <testcase classname="src/renderer/plugins/builtin/hub/pane-tree.test.ts" name="pane-tree &gt; findLeaf &gt; finds nested leaf" time="0.000171679">
        </testcase>
        <testcase classname="src/renderer/plugins/builtin/hub/pane-tree.test.ts" name="pane-tree &gt; findLeaf &gt; finds deeply nested leaf" time="0.00019319">
        </testcase>
        <testcase classname="src/renderer/plugins/builtin/hub/pane-tree.test.ts" name="pane-tree &gt; getFirstLeafId &gt; returns id of a single leaf" time="0.000221592">
        </testcase>
        <testcase classname="src/renderer/plugins/builtin/hub/pane-tree.test.ts" name="pane-tree &gt; getFirstLeafId &gt; returns leftmost leaf id in split" time="0.000227112">
        </testcase>
        <testcase classname="src/renderer/plugins/builtin/hub/pane-tree.test.ts" name="pane-tree &gt; getFirstLeafId &gt; traverses deeply nested left" time="0.000213628">
        </testcase>
        <testcase classname="src/renderer/plugins/builtin/hub/pane-tree.test.ts" name="pane-tree &gt; mapLeaves &gt; maps a single leaf" time="0.000218306">
        </testcase>
        <testcase classname="src/renderer/plugins/builtin/hub/pane-tree.test.ts" name="pane-tree &gt; mapLeaves &gt; maps all leaves in a split" time="0.000253531">
        </testcase>
        <testcase classname="src/renderer/plugins/builtin/hub/pane-tree.test.ts" name="pane-tree &gt; mapLeaves &gt; identity map returns new refs for splits" time="0.000517242">
        </testcase>
        <testcase classname="src/renderer/plugins/builtin/hub/pane-tree.test.ts" name="pane-tree &gt; collectLeaves &gt; collects a single leaf" time="0.0002796">
        </testcase>
        <testcase classname="src/renderer/plugins/builtin/hub/pane-tree.test.ts" name="pane-tree &gt; collectLeaves &gt; collects leaves in order" time="0.000244194">
        </testcase>
        <testcase classname="src/renderer/plugins/builtin/hub/pane-tree.test.ts" name="pane-tree &gt; collectLeaves &gt; collects leaves from nested tree" time="0.000244145">
        </testcase>
        <testcase classname="src/renderer/plugins/builtin/hub/pane-tree.test.ts" name="pane-tree &gt; setSplitRatio &gt; sets ratio on a split node" time="0.000331757">
        </testcase>
        <testcase classname="src/renderer/plugins/builtin/hub/pane-tree.test.ts" name="pane-tree &gt; setSplitRatio &gt; clamps ratio below 0.15" time="0.000185515">
        </testcase>
        <testcase classname="src/renderer/plugins/builtin/hub/pane-tree.test.ts" name="pane-tree &gt; setSplitRatio &gt; clamps ratio above 0.85" time="0.000194431">
        </testcase>
        <testcase classname="src/renderer/plugins/builtin/hub/pane-tree.test.ts" name="pane-tree &gt; setSplitRatio &gt; returns same ref when splitId not found" time="0.000179164">
        </testcase>
        <testcase classname="src/renderer/plugins/builtin/hub/pane-tree.test.ts" name="pane-tree &gt; setSplitRatio &gt; preserves structural sharing for unchanged branches" time="0.00023694">
        </testcase>
        <testcase classname="src/renderer/plugins/builtin/hub/pane-tree.test.ts" name="pane-tree &gt; findSplit &gt; finds a split by id" time="0.000227834">
        </testcase>
        <testcase classname="src/renderer/plugins/builtin/hub/pane-tree.test.ts" name="pane-tree &gt; findSplit &gt; returns null for leaf" time="0.000155559">
        </testcase>
        <testcase classname="src/renderer/plugins/builtin/hub/pane-tree.test.ts" name="pane-tree &gt; findSplit &gt; finds nested split" time="0.000205913">
        </testcase>
        <testcase classname="src/renderer/plugins/builtin/hub/pane-tree.test.ts" name="pane-tree &gt; splitPane ratio &gt; new splits have ratio 0.5" time="0.000166079">
        </testcase>
        <testcase classname="src/renderer/plugins/builtin/hub/pane-tree.test.ts" name="pane-tree &gt; backward compat (missing ratio) &gt; old tree without ratio defaults to 0.5 when read" time="0.000174996">
        </testcase>
        <testcase classname="src/renderer/plugins/builtin/hub/pane-tree.test.ts" name="pane-tree &gt; syncCounterToTree &gt; sets counter above max ID suffix in tree" time="0.000279139">
        </testcase>
        <testcase classname="src/renderer/plugins/builtin/hub/pane-tree.test.ts" name="pane-tree &gt; syncCounterToTree &gt; does not lower the counter" time="0.000233294">
        </testcase>
        <testcase classname="src/renderer/plugins/builtin/hub/pane-tree.test.ts" name="pane-tree &gt; syncCounterToTree &gt; handles split node IDs" time="0.000203889">
        </testcase>
        <testcase classname="src/renderer/plugins/builtin/hub/pane-tree.test.ts" name="pane-tree &gt; createPaneCounter (scoped) &gt; creates independent counters" time="0.000296491">
        </testcase>
        <testcase classname="src/renderer/plugins/builtin/hub/pane-tree.test.ts" name="pane-tree &gt; createPaneCounter (scoped) &gt; scoped counter does not affect default counter" time="0.000168103">
        </testcase>
        <testcase classname="src/renderer/plugins/builtin/hub/pane-tree.test.ts" name="pane-tree &gt; createPaneCounter (scoped) &gt; createLeaf uses scoped counter" time="0.000193089">
        </testcase>
        <testcase classname="src/renderer/plugins/builtin/hub/pane-tree.test.ts" name="pane-tree &gt; createPaneCounter (scoped) &gt; splitPane uses scoped counter" time="0.000227854">
        </testcase>
        <testcase classname="src/renderer/plugins/builtin/hub/pane-tree.test.ts" name="pane-tree &gt; createPaneCounter (scoped) &gt; syncCounterToTree syncs scoped counter" time="0.00018335">
        </testcase>
        <testcase classname="src/renderer/plugins/builtin/hub/pane-tree.test.ts" name="pane-tree &gt; createPaneCounter (scoped) &gt; two stores with scoped counters produce non-colliding IDs" time="0.000299457">
        </testcase>
        <testcase classname="src/renderer/plugins/builtin/hub/pane-tree.test.ts" name="pane-tree &gt; sanitizeProjectIds &gt; keeps leaves with matching projectId" time="0.000287866">
        </testcase>
        <testcase classname="src/renderer/plugins/builtin/hub/pane-tree.test.ts" name="pane-tree &gt; sanitizeProjectIds &gt; clears leaves with mismatched projectId" time="0.000269361">
        </testcase>
        <testcase classname="src/renderer/plugins/builtin/hub/pane-tree.test.ts" name="pane-tree &gt; sanitizeProjectIds &gt; leaves without projectId are untouched" time="0.000218095">
        </testcase>
        <testcase classname="src/renderer/plugins/builtin/hub/pane-tree.test.ts" name="pane-tree &gt; sanitizeProjectIds &gt; recursively sanitizes split tree" time="0.001356955">
        </testcase>
    </testsuite>
    <testsuite name="src/renderer/plugins/builtin/hub/useHubStore.test.ts" timestamp="2026-03-25T04:47:30.682Z" hostname="runnervm46oaq" tests="54" failures="0" errors="0" skipped="0" time="0.028224336">
        <testcase classname="src/renderer/plugins/builtin/hub/useHubStore.test.ts" name="useHubStore &gt; initial state &gt; starts with a single hub containing a single leaf" time="0.004504498">
        </testcase>
        <testcase classname="src/renderer/plugins/builtin/hub/useHubStore.test.ts" name="useHubStore &gt; initial state &gt; activeHubId matches the initial hub" time="0.000314956">
        </testcase>
        <testcase classname="src/renderer/plugins/builtin/hub/useHubStore.test.ts" name="useHubStore &gt; initial state &gt; paneTree is synced from active hub" time="0.000281134">
        </testcase>
        <testcase classname="src/renderer/plugins/builtin/hub/useHubStore.test.ts" name="useHubStore &gt; initial state &gt; loaded is false initially" time="0.000323411">
        </testcase>
        <testcase classname="src/renderer/plugins/builtin/hub/useHubStore.test.ts" name="useHubStore &gt; initial state &gt; drag state is null initially" time="0.000355371">
        </testcase>
        <testcase classname="src/renderer/plugins/builtin/hub/useHubStore.test.ts" name="useHubStore &gt; loadHub &gt; loads multi-hub instances from storage" time="0.001589987">
        </testcase>
        <testcase classname="src/renderer/plugins/builtin/hub/useHubStore.test.ts" name="useHubStore &gt; loadHub &gt; migrates legacy single-tree format" time="0.000635171">
        </testcase>
        <testcase classname="src/renderer/plugins/builtin/hub/useHubStore.test.ts" name="useHubStore &gt; loadHub &gt; falls back to fresh hub on null" time="0.00061307">
        </testcase>
        <testcase classname="src/renderer/plugins/builtin/hub/useHubStore.test.ts" name="useHubStore &gt; loadHub &gt; falls back to fresh hub on invalid data" time="0.001216302">
        </testcase>
        <testcase classname="src/renderer/plugins/builtin/hub/useHubStore.test.ts" name="useHubStore &gt; loadHub &gt; falls back to fresh hub on error" time="0.000691466">
        </testcase>
        <testcase classname="src/renderer/plugins/builtin/hub/useHubStore.test.ts" name="useHubStore &gt; loadHub &gt; syncs pane counter to loaded tree" time="0.000800318">
        </testcase>
        <testcase classname="src/renderer/plugins/builtin/hub/useHubStore.test.ts" name="useHubStore &gt; loadHub &gt; restores saved active hub id" time="0.000294138">
        </testcase>
        <testcase classname="src/renderer/plugins/builtin/hub/useHubStore.test.ts" name="useHubStore &gt; loadHub &gt; falls back to first hub when saved active id is invalid" time="0.000286063">
        </testcase>
        <testcase classname="src/renderer/plugins/builtin/hub/useHubStore.test.ts" name="useHubStore &gt; loadHub &gt; sanitizes cross-project references when currentProjectId is provided" time="0.000515969">
        </testcase>
        <testcase classname="src/renderer/plugins/builtin/hub/useHubStore.test.ts" name="useHubStore &gt; loadHub &gt; does not sanitize when currentProjectId is omitted" time="0.00042461">
        </testcase>
        <testcase classname="src/renderer/plugins/builtin/hub/useHubStore.test.ts" name="useHubStore &gt; loadHub &gt; sanitizes legacy tree during migration with currentProjectId" time="0.000319655">
        </testcase>
        <testcase classname="src/renderer/plugins/builtin/hub/useHubStore.test.ts" name="useHubStore &gt; saveHub &gt; writes hub instances and active id" time="0.000504529">
        </testcase>
        <testcase classname="src/renderer/plugins/builtin/hub/useHubStore.test.ts" name="useHubStore &gt; addHub &gt; adds a new hub and activates it" time="0.000621376">
        </testcase>
        <testcase classname="src/renderer/plugins/builtin/hub/useHubStore.test.ts" name="useHubStore &gt; addHub &gt; new hub has a generated name" time="0.000377923">
        </testcase>
        <testcase classname="src/renderer/plugins/builtin/hub/useHubStore.test.ts" name="useHubStore &gt; removeHub &gt; removes a hub and switches active" time="0.000548801">
        </testcase>
        <testcase classname="src/renderer/plugins/builtin/hub/useHubStore.test.ts" name="useHubStore &gt; removeHub &gt; resets when removing the last hub" time="0.000281534">
        </testcase>
        <testcase classname="src/renderer/plugins/builtin/hub/useHubStore.test.ts" name="useHubStore &gt; removeHub &gt; keeps active if a different hub is removed" time="0.000275904">
        </testcase>
        <testcase classname="src/renderer/plugins/builtin/hub/useHubStore.test.ts" name="useHubStore &gt; renameHub &gt; renames a hub" time="0.000195213">
        </testcase>
        <testcase classname="src/renderer/plugins/builtin/hub/useHubStore.test.ts" name="useHubStore &gt; setActiveHub &gt; switches the active hub" time="0.00027958">
        </testcase>
        <testcase classname="src/renderer/plugins/builtin/hub/useHubStore.test.ts" name="useHubStore &gt; setActiveHub &gt; ignores invalid hub id" time="0.000157783">
        </testcase>
        <testcase classname="src/renderer/plugins/builtin/hub/useHubStore.test.ts" name="useHubStore &gt; splitPane &gt; splits a pane in the active hub" time="0.000202427">
        </testcase>
        <testcase classname="src/renderer/plugins/builtin/hub/useHubStore.test.ts" name="useHubStore &gt; splitPane &gt; does not affect other hubs" time="0.00023116">
        </testcase>
        <testcase classname="src/renderer/plugins/builtin/hub/useHubStore.test.ts" name="useHubStore &gt; closePane &gt; closing last pane creates fresh leaf" time="0.000316148">
        </testcase>
        <testcase classname="src/renderer/plugins/builtin/hub/useHubStore.test.ts" name="useHubStore &gt; closePane &gt; updates focusedPaneId when focused pane is closed" time="0.000250636">
        </testcase>
        <testcase classname="src/renderer/plugins/builtin/hub/useHubStore.test.ts" name="useHubStore &gt; closePane &gt; keeps focusedPaneId when non-focused pane is closed" time="0.00020949">
        </testcase>
        <testcase classname="src/renderer/plugins/builtin/hub/useHubStore.test.ts" name="useHubStore &gt; assignAgent &gt; assigns agent to a pane" time="0.000249845">
        </testcase>
        <testcase classname="src/renderer/plugins/builtin/hub/useHubStore.test.ts" name="useHubStore &gt; swapPanes &gt; swaps agents between panes" time="0.000355782">
        </testcase>
        <testcase classname="src/renderer/plugins/builtin/hub/useHubStore.test.ts" name="useHubStore &gt; validateAgents &gt; clears unknown agents from all hubs" time="0.00031737">
        </testcase>
        <testcase classname="src/renderer/plugins/builtin/hub/useHubStore.test.ts" name="useHubStore &gt; validateAgents &gt; preserves remote agent IDs when included in known set" time="0.000189322">
        </testcase>
        <testcase classname="src/renderer/plugins/builtin/hub/useHubStore.test.ts" name="useHubStore &gt; validateAgents &gt; clears remote agent IDs when NOT in known set (satellite disconnected)" time="0.00017703">
        </testcase>
        <testcase classname="src/renderer/plugins/builtin/hub/useHubStore.test.ts" name="useHubStore &gt; removePanesByAgent &gt; clears matching agent from all hubs" time="0.000353357">
        </testcase>
        <testcase classname="src/renderer/plugins/builtin/hub/useHubStore.test.ts" name="useHubStore &gt; drag state &gt; setDragSource and setDragOver update state" time="0.000251879">
        </testcase>
        <testcase classname="src/renderer/plugins/builtin/hub/useHubStore.test.ts" name="useHubStore &gt; drag state &gt; setDragSource/setDragOver accept null to clear" time="0.000160339">
        </testcase>
        <testcase classname="src/renderer/plugins/builtin/hub/useHubStore.test.ts" name="useHubStore &gt; setSplitRatio &gt; updates the ratio on a split" time="0.000645801">
        </testcase>
        <testcase classname="src/renderer/plugins/builtin/hub/useHubStore.test.ts" name="useHubStore &gt; setSplitRatio &gt; clamps the ratio" time="0.000180475">
        </testcase>
        <testcase classname="src/renderer/plugins/builtin/hub/useHubStore.test.ts" name="useHubStore &gt; toggleZoom &gt; sets zoomedPaneId" time="0.000173573">
        </testcase>
        <testcase classname="src/renderer/plugins/builtin/hub/useHubStore.test.ts" name="useHubStore &gt; toggleZoom &gt; unsets zoomedPaneId on second call" time="0.000144729">
        </testcase>
        <testcase classname="src/renderer/plugins/builtin/hub/useHubStore.test.ts" name="useHubStore &gt; toggleZoom &gt; cleared when zoomed pane is closed" time="0.000219248">
        </testcase>
        <testcase classname="src/renderer/plugins/builtin/hub/useHubStore.test.ts" name="useHubStore &gt; round-trip &gt; load → add hub → split → assign → save → new store load → verify" time="0.000598813">
        </testcase>
        <testcase classname="src/renderer/plugins/builtin/hub/useHubStore.test.ts" name="useHubStore &gt; agents across hubs &gt; same agent can appear in multiple hubs" time="0.000222153">
        </testcase>
        <testcase classname="src/renderer/plugins/builtin/hub/useHubStore.test.ts" name="useHubStore &gt; duplicateHub &gt; creates a copy of the hub with a new name" time="0.000417426">
        </testcase>
        <testcase classname="src/renderer/plugins/builtin/hub/useHubStore.test.ts" name="useHubStore &gt; duplicateHub &gt; activates the duplicated hub" time="0.000154267">
        </testcase>
        <testcase classname="src/renderer/plugins/builtin/hub/useHubStore.test.ts" name="useHubStore &gt; duplicateHub &gt; preserves agent assignments in the clone" time="0.000178381">
        </testcase>
        <testcase classname="src/renderer/plugins/builtin/hub/useHubStore.test.ts" name="useHubStore &gt; duplicateHub &gt; duplicated hub has independent IDs (different from source)" time="0.000620975">
        </testcase>
        <testcase classname="src/renderer/plugins/builtin/hub/useHubStore.test.ts" name="useHubStore &gt; duplicateHub &gt; increments suffix for multiple duplicates" time="0.000244935">
        </testcase>
        <testcase classname="src/renderer/plugins/builtin/hub/useHubStore.test.ts" name="useHubStore &gt; duplicateHub &gt; returns empty string for nonexistent hub" time="0.000131685">
        </testcase>
        <testcase classname="src/renderer/plugins/builtin/hub/useHubStore.test.ts" name="useHubStore &gt; duplicateHub &gt; preserves complex split tree structure" time="0.000318432">
        </testcase>
        <testcase classname="src/renderer/plugins/builtin/hub/useHubStore.test.ts" name="useHubStore &gt; per-store scoped counters &gt; two stores have independent pane counters" time="0.000952972">
        </testcase>
        <testcase classname="src/renderer/plugins/builtin/hub/useHubStore.test.ts" name="useHubStore &gt; per-store scoped counters &gt; two stores have independent hub ID counters" time="0.000351414">
        </testcase>
    </testsuite>
    <testsuite name="src/renderer/plugins/builtin/sessions/main.test.ts" timestamp="2026-03-25T04:47:30.690Z" hostname="runnervm46oaq" tests="53" failures="0" errors="0" skipped="0" time="0.47346865">
        <testcase classname="src/renderer/plugins/builtin/sessions/main.test.ts" name="sessions plugin (built-in validation) &gt; passes validateBuiltinPlugin" time="0.004657463">
        </testcase>
        <testcase classname="src/renderer/plugins/builtin/sessions/main.test.ts" name="sessions plugin activate() &gt; does not throw" time="0.001885126">
        </testcase>
        <testcase classname="src/renderer/plugins/builtin/sessions/main.test.ts" name="sessions plugin activate() &gt; does not call any agent API methods during activation" time="0.001164085">
        </testcase>
        <testcase classname="src/renderer/plugins/builtin/sessions/main.test.ts" name="sessions plugin activate() &gt; works without project context" time="0.000643086">
        </testcase>
        <testcase classname="src/renderer/plugins/builtin/sessions/main.test.ts" name="sessions plugin deactivate() &gt; does not throw" time="0.000637245">
        </testcase>
        <testcase classname="src/renderer/plugins/builtin/sessions/main.test.ts" name="sessions plugin deactivate() &gt; can be called multiple times" time="0.000273519">
        </testcase>
        <testcase classname="src/renderer/plugins/builtin/sessions/main.test.ts" name="sessions plugin deactivate() &gt; resets sessionsState selectedAgent to null" time="0.000511251">
        </testcase>
        <testcase classname="src/renderer/plugins/builtin/sessions/main.test.ts" name="sessions plugin deactivate() &gt; resets sessionsState selectedSessionId to null" time="0.00052737">
        </testcase>
        <testcase classname="src/renderer/plugins/builtin/sessions/main.test.ts" name="sessions plugin deactivate() &gt; resets playback state" time="0.00176377">
        </testcase>
        <testcase classname="src/renderer/plugins/builtin/sessions/main.test.ts" name="SidebarPanel &gt; renders the sidebar panel with header" time="0.046207924">
        </testcase>
        <testcase classname="src/renderer/plugins/builtin/sessions/main.test.ts" name="SidebarPanel &gt; renders durable agents from the agents API" time="0.01794632">
        </testcase>
        <testcase classname="src/renderer/plugins/builtin/sessions/main.test.ts" name="SidebarPanel &gt; uses AgentAvatar widget for durable agents (supports custom icons)" time="0.007933366">
        </testcase>
        <testcase classname="src/renderer/plugins/builtin/sessions/main.test.ts" name="SidebarPanel &gt; shows status label for different statuses" time="0.011073216">
        </testcase>
        <testcase classname="src/renderer/plugins/builtin/sessions/main.test.ts" name="SidebarPanel &gt; loads and displays sessions when agent is expanded" time="0.021757698">
        </testcase>
        <testcase classname="src/renderer/plugins/builtin/sessions/main.test.ts" name="SidebarPanel &gt; shows &quot;No sessions&quot; when agent has no sessions" time="0.009549271">
        </testcase>
        <testcase classname="src/renderer/plugins/builtin/sessions/main.test.ts" name="SidebarPanel &gt; shows &quot;Loading sessions...&quot; while fetching" time="0.007696064">
        </testcase>
        <testcase classname="src/renderer/plugins/builtin/sessions/main.test.ts" name="SidebarPanel &gt; clicking a session sets the selected session state" time="0.014544396">
        </testcase>
        <testcase classname="src/renderer/plugins/builtin/sessions/main.test.ts" name="SidebarPanel &gt; renders completed agents with lightning icon avatar" time="0.01252144">
        </testcase>
        <testcase classname="src/renderer/plugins/builtin/sessions/main.test.ts" name="SidebarPanel &gt; does not re-fetch sessions when agent is already loaded (via ref tracking)" time="0.015969356">
        </testcase>
        <testcase classname="src/renderer/plugins/builtin/sessions/main.test.ts" name="SidebarPanel &gt; renders AgentAvatar for each durable agent" time="0.004687679">
        </testcase>
        <testcase classname="src/renderer/plugins/builtin/sessions/main.test.ts" name="SidebarPanel &gt; renders multiple durable agents in order" time="0.005386229">
        </testcase>
        <testcase classname="src/renderer/plugins/builtin/sessions/main.test.ts" name="SidebarPanel &gt; only renders durable agents, not quick ones" time="0.003993778">
        </testcase>
        <testcase classname="src/renderer/plugins/builtin/sessions/main.test.ts" name="SidebarPanel &gt; marks first session as latest" time="0.009615694">
        </testcase>
        <testcase classname="src/renderer/plugins/builtin/sessions/main.test.ts" name="SidebarPanel &gt; subscribes to agent changes and refreshes" time="0.004737852">
        </testcase>
        <testcase classname="src/renderer/plugins/builtin/sessions/main.test.ts" name="MainPanel &gt; shows placeholder when no session is selected" time="0.00312388">
        </testcase>
        <testcase classname="src/renderer/plugins/builtin/sessions/main.test.ts" name="MainPanel &gt; shows loading state when fetching session data" time="0.005740457">
        </testcase>
        <testcase classname="src/renderer/plugins/builtin/sessions/main.test.ts" name="MainPanel &gt; loads and displays session summary and events" time="0.046723082">
        </testcase>
        <testcase classname="src/renderer/plugins/builtin/sessions/main.test.ts" name="MainPanel &gt; displays session summary card with stats" time="0.011180893">
        </testcase>
        <testcase classname="src/renderer/plugins/builtin/sessions/main.test.ts" name="MainPanel &gt; expandable file list in summary card" time="0.01189265">
        </testcase>
        <testcase classname="src/renderer/plugins/builtin/sessions/main.test.ts" name="MainPanel &gt; shows &quot;No events in this session&quot; when events are empty" time="0.00467187">
        </testcase>
        <testcase classname="src/renderer/plugins/builtin/sessions/main.test.ts" name="MainPanel &gt; shows &quot;No events in this session&quot; when transcript returns null" time="0.008815907">
        </testcase>
        <testcase classname="src/renderer/plugins/builtin/sessions/main.test.ts" name="MainPanel &gt; renders session header with agent name and session ID prefix" time="0.016759663">
        </testcase>
        <testcase classname="src/renderer/plugins/builtin/sessions/main.test.ts" name="MainPanel &gt; renders timeline section with playback controls when events exist" time="0.015969542">
        </testcase>
        <testcase classname="src/renderer/plugins/builtin/sessions/main.test.ts" name="MainPanel &gt; playback toggle changes state" time="0.026185587">
        </testcase>
        <testcase classname="src/renderer/plugins/builtin/sessions/main.test.ts" name="MainPanel &gt; clicking an event updates playback index" time="0.0203951">
        </testcase>
        <testcase classname="src/renderer/plugins/builtin/sessions/main.test.ts" name="MainPanel &gt; calls getSessionSummary and readSessionTranscript with correct args" time="0.003963075">
        </testcase>
        <testcase classname="src/renderer/plugins/builtin/sessions/main.test.ts" name="MainPanel &gt; clears state when selection is removed" time="0.015967966">
        </testcase>
        <testcase classname="src/renderer/plugins/builtin/sessions/main.test.ts" name="MainPanel &gt; shows event count in header" time="0.01019377">
        </testcase>
        <testcase classname="src/renderer/plugins/builtin/sessions/main.test.ts" name="MainPanel &gt; shows partial event count when paginated" time="0.008943955">
        </testcase>
        <testcase classname="src/renderer/plugins/builtin/sessions/main.test.ts" name="MainPanel &gt; renders event labels correctly for each type" time="0.016268615">
        </testcase>
        <testcase classname="src/renderer/plugins/builtin/sessions/main.test.ts" name="MainPanel &gt; sets window title based on selection" time="0.003340022">
        </testcase>
        <testcase classname="src/renderer/plugins/builtin/sessions/main.test.ts" name="SidebarPanel session persistence &gt; session lists survive unmount/remount (Bug 5 regression)" time="0.012225803">
        </testcase>
        <testcase classname="src/renderer/plugins/builtin/sessions/main.test.ts" name="SidebarPanel session persistence &gt; auto-fetches sessions for agents expanded before mount" time="0.006627916">
        </testcase>
        <testcase classname="src/renderer/plugins/builtin/sessions/main.test.ts" name="MainPanel completed quick agent &gt; shows completed agent details when quick agent is selected (Bug 3 fix)" time="0.007579107">
        </testcase>
        <testcase classname="src/renderer/plugins/builtin/sessions/main.test.ts" name="MainPanel completed quick agent &gt; shows &quot;Agent details not available&quot; for missing completed agent" time="0.001732873">
        </testcase>
        <testcase classname="src/renderer/plugins/builtin/sessions/main.test.ts" name="MainPanel completed quick agent &gt; shows &quot;Select a session&quot; for durable agent without session" time="0.001971567">
        </testcase>
        <testcase classname="src/renderer/plugins/builtin/sessions/main.test.ts" name="sessions plugin module exports &gt; exports activate function" time="0.000252109">
        </testcase>
        <testcase classname="src/renderer/plugins/builtin/sessions/main.test.ts" name="sessions plugin module exports &gt; exports deactivate function" time="0.000262348">
        </testcase>
        <testcase classname="src/renderer/plugins/builtin/sessions/main.test.ts" name="sessions plugin module exports &gt; exports MainPanel component" time="0.000196254">
        </testcase>
        <testcase classname="src/renderer/plugins/builtin/sessions/main.test.ts" name="sessions plugin module exports &gt; exports SidebarPanel component" time="0.000169365">
        </testcase>
        <testcase classname="src/renderer/plugins/builtin/sessions/main.test.ts" name="sessions plugin module exports &gt; does not export HubPanel" time="0.000192237">
        </testcase>
        <testcase classname="src/renderer/plugins/builtin/sessions/main.test.ts" name="sessions plugin module exports &gt; does not export SettingsPanel" time="0.000738634">
        </testcase>
        <testcase classname="src/renderer/plugins/builtin/sessions/main.test.ts" name="sessions plugin lifecycle &gt; activate then deactivate does not throw" time="0.000222483">
        </testcase>
    </testsuite>
    <testsuite name="src/renderer/plugins/builtin/sessions/manifest.test.ts" timestamp="2026-03-25T04:47:30.698Z" hostname="runnervm46oaq" tests="10" failures="0" errors="0" skipped="0" time="0.008286904">
        <testcase classname="src/renderer/plugins/builtin/sessions/manifest.test.ts" name="sessions plugin manifest &gt; passes manifest validation" time="0.003359338">
        </testcase>
        <testcase classname="src/renderer/plugins/builtin/sessions/manifest.test.ts" name="sessions plugin manifest &gt; has correct id" time="0.000399624">
        </testcase>
        <testcase classname="src/renderer/plugins/builtin/sessions/manifest.test.ts" name="sessions plugin manifest &gt; is project-scoped" time="0.000203559">
        </testcase>
        <testcase classname="src/renderer/plugins/builtin/sessions/manifest.test.ts" name="sessions plugin manifest &gt; targets API v0.8" time="0.000281754">
        </testcase>
        <testcase classname="src/renderer/plugins/builtin/sessions/manifest.test.ts" name="sessions plugin manifest &gt; contributes tab.title" time="0.000180566">
        </testcase>
        <testcase classname="src/renderer/plugins/builtin/sessions/manifest.test.ts" name="sessions plugin manifest &gt; declares required permissions" time="0.00041366">
        </testcase>
        <testcase classname="src/renderer/plugins/builtin/sessions/manifest.test.ts" name="sessions plugin manifest &gt; contributes help topics" time="0.000457761">
        </testcase>
        <testcase classname="src/renderer/plugins/builtin/sessions/manifest.test.ts" name="sessions plugin manifest &gt; contributes a sidebar-content layout tab" time="0.00029553">
        </testcase>
        <testcase classname="src/renderer/plugins/builtin/sessions/manifest.test.ts" name="sessions plugin manifest &gt; has a tab icon (SVG string)" time="0.00067739">
        </testcase>
        <testcase classname="src/renderer/plugins/builtin/sessions/manifest.test.ts" name="sessions plugin manifest &gt; does not contribute a rail item (project-scoped only)" time="0.000271094">
        </testcase>
    </testsuite>
    <testsuite name="src/renderer/plugins/builtin/sessions/state.test.ts" timestamp="2026-03-25T04:47:30.700Z" hostname="runnervm46oaq" tests="30" failures="0" errors="0" skipped="0" time="0.018170159">
        <testcase classname="src/renderer/plugins/builtin/sessions/state.test.ts" name="sessionsState &gt; selectedAgent starts null" time="0.002599766">
        </testcase>
        <testcase classname="src/renderer/plugins/builtin/sessions/state.test.ts" name="sessionsState &gt; selectedSessionId starts null" time="0.000457531">
        </testcase>
        <testcase classname="src/renderer/plugins/builtin/sessions/state.test.ts" name="sessionsState &gt; expandedAgents starts empty" time="0.000390537">
        </testcase>
        <testcase classname="src/renderer/plugins/builtin/sessions/state.test.ts" name="sessionsState &gt; playback starts with defaults" time="0.001110426">
        </testcase>
        <testcase classname="src/renderer/plugins/builtin/sessions/state.test.ts" name="sessionsState &gt; setSelectedAgent updates value and notifies" time="0.000758201">
        </testcase>
        <testcase classname="src/renderer/plugins/builtin/sessions/state.test.ts" name="sessionsState &gt; setSelectedAgent to null clears selection" time="0.000277186">
        </testcase>
        <testcase classname="src/renderer/plugins/builtin/sessions/state.test.ts" name="sessionsState &gt; setSelectedSession updates value and notifies" time="0.000557206">
        </testcase>
        <testcase classname="src/renderer/plugins/builtin/sessions/state.test.ts" name="sessionsState &gt; setSelectedSession resets playback" time="0.000390016">
        </testcase>
        <testcase classname="src/renderer/plugins/builtin/sessions/state.test.ts" name="sessionsState &gt; toggleExpandedAgent adds agent when not present" time="0.00065035">
        </testcase>
        <testcase classname="src/renderer/plugins/builtin/sessions/state.test.ts" name="sessionsState &gt; toggleExpandedAgent removes agent when already present" time="0.000382772">
        </testcase>
        <testcase classname="src/renderer/plugins/builtin/sessions/state.test.ts" name="sessionsState &gt; toggleExpandedAgent notifies listeners" time="0.000369057">
        </testcase>
        <testcase classname="src/renderer/plugins/builtin/sessions/state.test.ts" name="sessionsState &gt; toggleExpandedAgent produces a new Set reference (required for useSyncExternalStore)" time="0.000353378">
        </testcase>
        <testcase classname="src/renderer/plugins/builtin/sessions/state.test.ts" name="sessionsState &gt; setPlaybackPlaying updates playing state" time="0.000362173">
        </testcase>
        <testcase classname="src/renderer/plugins/builtin/sessions/state.test.ts" name="sessionsState &gt; setPlaybackSpeed updates speed" time="0.000271364">
        </testcase>
        <testcase classname="src/renderer/plugins/builtin/sessions/state.test.ts" name="sessionsState &gt; setPlaybackIndex updates currentEventIndex" time="0.000193921">
        </testcase>
        <testcase classname="src/renderer/plugins/builtin/sessions/state.test.ts" name="sessionsState &gt; playback changes notify listeners" time="0.000299657">
        </testcase>
        <testcase classname="src/renderer/plugins/builtin/sessions/state.test.ts" name="sessionsState &gt; subscribe returns unsubscribe function" time="0.000299267">
        </testcase>
        <testcase classname="src/renderer/plugins/builtin/sessions/state.test.ts" name="sessionsState &gt; multiple listeners all receive notifications" time="0.000653726">
        </testcase>
        <testcase classname="src/renderer/plugins/builtin/sessions/state.test.ts" name="sessionsState &gt; double-unsubscribe is safe" time="0.0010647">
        </testcase>
        <testcase classname="src/renderer/plugins/builtin/sessions/state.test.ts" name="sessionsState &gt; reset clears all state" time="0.000372353">
        </testcase>
        <testcase classname="src/renderer/plugins/builtin/sessions/state.test.ts" name="sessionsState &gt; reset clears listeners so further changes do not notify" time="0.000527441">
        </testcase>
        <testcase classname="src/renderer/plugins/builtin/sessions/state.test.ts" name="sessionsState &gt; sessionLists starts empty" time="0.000217975">
        </testcase>
        <testcase classname="src/renderer/plugins/builtin/sessions/state.test.ts" name="sessionsState &gt; setSessionList stores sessions for an agent and notifies" time="0.000389294">
        </testcase>
        <testcase classname="src/renderer/plugins/builtin/sessions/state.test.ts" name="sessionsState &gt; setSessionList produces a new object reference" time="0.000610406">
        </testcase>
        <testcase classname="src/renderer/plugins/builtin/sessions/state.test.ts" name="sessionsState &gt; loadingAgents starts empty" time="0.000179173">
        </testcase>
        <testcase classname="src/renderer/plugins/builtin/sessions/state.test.ts" name="sessionsState &gt; setLoadingAgent adds/removes and notifies" time="0.000400285">
        </testcase>
        <testcase classname="src/renderer/plugins/builtin/sessions/state.test.ts" name="sessionsState &gt; fetchedAgents starts empty" time="0.0001886">
        </testcase>
        <testcase classname="src/renderer/plugins/builtin/sessions/state.test.ts" name="sessionsState &gt; markFetched adds agent without notifying listeners" time="0.000326186">
        </testcase>
        <testcase classname="src/renderer/plugins/builtin/sessions/state.test.ts" name="sessionsState &gt; reset clears session lists, loading, and fetched state" time="0.000455036">
        </testcase>
        <testcase classname="src/renderer/plugins/builtin/sessions/state.test.ts" name="sessionsState &gt; sessionLists survive across subscribe/unsubscribe cycles (simulating unmount/remount)" time="0.000342907">
        </testcase>
    </testsuite>
    <testsuite name="src/renderer/plugins/builtin/terminal/main.test.ts" timestamp="2026-03-25T04:47:30.704Z" hostname="runnervm46oaq" tests="76" failures="0" errors="0" skipped="0" time="0.038077488">
        <testcase classname="src/renderer/plugins/builtin/terminal/main.test.ts" name="terminal plugin (built-in validation) &gt; passes validateBuiltinPlugin" time="0.003946421">
        </testcase>
        <testcase classname="src/renderer/plugins/builtin/terminal/main.test.ts" name="terminal plugin activate() &gt; registers a restart command" time="0.004332208">
        </testcase>
        <testcase classname="src/renderer/plugins/builtin/terminal/main.test.ts" name="terminal plugin activate() &gt; registers exactly one command" time="0.000627747">
        </testcase>
        <testcase classname="src/renderer/plugins/builtin/terminal/main.test.ts" name="terminal plugin activate() &gt; pushes two disposables to ctx.subscriptions (command + canvas widget)" time="0.000888633">
        </testcase>
        <testcase classname="src/renderer/plugins/builtin/terminal/main.test.ts" name="terminal plugin activate() &gt; does not call any terminal API methods during activation" time="0.001030096">
        </testcase>
        <testcase classname="src/renderer/plugins/builtin/terminal/main.test.ts" name="terminal plugin activate() &gt; does not read context.projectId or context.projectPath during activation" time="0.001321859">
        </testcase>
        <testcase classname="src/renderer/plugins/builtin/terminal/main.test.ts" name="terminal plugin activate() &gt; calling activate twice registers two commands (idempotency is caller concern)" time="0.000766386">
        </testcase>
        <testcase classname="src/renderer/plugins/builtin/terminal/main.test.ts" name="terminal plugin deactivate() &gt; does not throw" time="0.000436763">
        </testcase>
        <testcase classname="src/renderer/plugins/builtin/terminal/main.test.ts" name="terminal plugin deactivate() &gt; returns void" time="0.000681418">
        </testcase>
        <testcase classname="src/renderer/plugins/builtin/terminal/main.test.ts" name="terminal plugin deactivate() &gt; can be called multiple times" time="0.000277647">
        </testcase>
        <testcase classname="src/renderer/plugins/builtin/terminal/main.test.ts" name="terminal plugin deactivate() &gt; resets terminalState activeTarget to null" time="0.000450518">
        </testcase>
        <testcase classname="src/renderer/plugins/builtin/terminal/main.test.ts" name="terminal plugin deactivate() &gt; resets terminalState targets to empty array" time="0.000571062">
        </testcase>
        <testcase classname="src/renderer/plugins/builtin/terminal/main.test.ts" name="terminalState &gt; activeTarget starts null" time="0.00027445">
        </testcase>
        <testcase classname="src/renderer/plugins/builtin/terminal/main.test.ts" name="terminalState &gt; targets starts empty" time="0.000233284">
        </testcase>
        <testcase classname="src/renderer/plugins/builtin/terminal/main.test.ts" name="terminalState &gt; setActiveTarget updates value and notifies listeners" time="0.000309535">
        </testcase>
        <testcase classname="src/renderer/plugins/builtin/terminal/main.test.ts" name="terminalState &gt; setTargets updates value and notifies listeners" time="0.00039242">
        </testcase>
        <testcase classname="src/renderer/plugins/builtin/terminal/main.test.ts" name="terminalState &gt; subscribe returns unsubscribe function that prevents further callbacks" time="0.00034932">
        </testcase>
        <testcase classname="src/renderer/plugins/builtin/terminal/main.test.ts" name="terminalState &gt; reset clears activeTarget, targets, and all listeners" time="0.000364138">
        </testcase>
        <testcase classname="src/renderer/plugins/builtin/terminal/main.test.ts" name="terminalState &gt; multiple listeners all receive notifications" time="0.000261146">
        </testcase>
        <testcase classname="src/renderer/plugins/builtin/terminal/main.test.ts" name="terminalState &gt; double-unsubscribe is safe (no-op)" time="0.000329273">
        </testcase>
        <testcase classname="src/renderer/plugins/builtin/terminal/main.test.ts" name="makeSessionId &gt; project root produces terminal:&lt;projectId&gt;:project" time="0.000207436">
        </testcase>
        <testcase classname="src/renderer/plugins/builtin/terminal/main.test.ts" name="makeSessionId &gt; agent produces terminal:&lt;projectId&gt;:agent:&lt;name&gt;" time="0.000175807">
        </testcase>
        <testcase classname="src/renderer/plugins/builtin/terminal/main.test.ts" name="makeSessionId &gt; project and agent IDs never collide even if agent name is &quot;project&quot;" time="0.000356463">
        </testcase>
        <testcase classname="src/renderer/plugins/builtin/terminal/main.test.ts" name="makeSessionId &gt; different agents produce different IDs" time="0.000324213">
        </testcase>
        <testcase classname="src/renderer/plugins/builtin/terminal/main.test.ts" name="makeSessionId &gt; different projects produce different IDs for same agent name" time="0.000224408">
        </testcase>
        <testcase classname="src/renderer/plugins/builtin/terminal/main.test.ts" name="terminal plugin MainPanel &gt; is exported as a function" time="0.000174384">
        </testcase>
        <testcase classname="src/renderer/plugins/builtin/terminal/main.test.ts" name="terminal plugin MainPanel &gt; conforms to PluginModule.MainPanel shape (accepts { api })" time="0.000240107">
        </testcase>
        <testcase classname="src/renderer/plugins/builtin/terminal/main.test.ts" name="terminal plugin SidebarPanel &gt; is exported as a function" time="0.000277957">
        </testcase>
        <testcase classname="src/renderer/plugins/builtin/terminal/main.test.ts" name="terminal plugin SidebarPanel &gt; conforms to PluginModule.SidebarPanel shape (accepts { api })" time="0.000181307">
        </testcase>
        <testcase classname="src/renderer/plugins/builtin/terminal/main.test.ts" name="terminal plugin API assumptions &gt; context &gt; assumes api.context.projectId is a string (used to build session IDs)" time="0.000350071">
        </testcase>
        <testcase classname="src/renderer/plugins/builtin/terminal/main.test.ts" name="terminal plugin API assumptions &gt; context &gt; assumes api.context.projectPath is a string (used to build absolute cwds)" time="0.000412297">
        </testcase>
        <testcase classname="src/renderer/plugins/builtin/terminal/main.test.ts" name="terminal plugin API assumptions &gt; context &gt; falls back to &quot;default&quot; when projectId is undefined" time="0.000413489">
        </testcase>
        <testcase classname="src/renderer/plugins/builtin/terminal/main.test.ts" name="terminal plugin API assumptions &gt; context &gt; falls back to empty string when projectPath is undefined" time="0.000256797">
        </testcase>
        <testcase classname="src/renderer/plugins/builtin/terminal/main.test.ts" name="terminal plugin API assumptions &gt; agents.list() &gt; exists and returns an array" time="0.000266446">
        </testcase>
        <testcase classname="src/renderer/plugins/builtin/terminal/main.test.ts" name="terminal plugin API assumptions &gt; agents.list() &gt; items have name, kind, worktreePath fields" time="0.000605406">
        </testcase>
        <testcase classname="src/renderer/plugins/builtin/terminal/main.test.ts" name="terminal plugin API assumptions &gt; agents.list() &gt; items with kind &quot;durable&quot; may have worktreePath as a string" time="0.00031688">
        </testcase>
        <testcase classname="src/renderer/plugins/builtin/terminal/main.test.ts" name="terminal plugin API assumptions &gt; agents.list() &gt; items with kind &quot;quick&quot; have worktreePath undefined" time="0.000308644">
        </testcase>
        <testcase classname="src/renderer/plugins/builtin/terminal/main.test.ts" name="terminal plugin API assumptions &gt; agents.onAnyChange() &gt; exists and returns a Disposable" time="0.000324293">
        </testcase>
        <testcase classname="src/renderer/plugins/builtin/terminal/main.test.ts" name="terminal plugin API assumptions &gt; agents.onAnyChange() &gt; dispose does not throw" time="0.00034404">
        </testcase>
        <testcase classname="src/renderer/plugins/builtin/terminal/main.test.ts" name="terminal plugin API assumptions &gt; terminal.spawn &gt; exists and is callable" time="0.000202788">
        </testcase>
        <testcase classname="src/renderer/plugins/builtin/terminal/main.test.ts" name="terminal plugin API assumptions &gt; terminal.spawn &gt; returns a promise" time="0.000362424">
        </testcase>
        <testcase classname="src/renderer/plugins/builtin/terminal/main.test.ts" name="terminal plugin API assumptions &gt; terminal.spawn &gt; resolves to void on success" time="0.000228475">
        </testcase>
        <testcase classname="src/renderer/plugins/builtin/terminal/main.test.ts" name="terminal plugin API assumptions &gt; terminal.spawn &gt; plugin catches spawn rejection (expects it can throw)" time="0.001390736">
        </testcase>
        <testcase classname="src/renderer/plugins/builtin/terminal/main.test.ts" name="terminal plugin API assumptions &gt; terminal.kill &gt; exists and is callable" time="0.000240557">
        </testcase>
        <testcase classname="src/renderer/plugins/builtin/terminal/main.test.ts" name="terminal plugin API assumptions &gt; terminal.kill &gt; returns a promise" time="0.000213717">
        </testcase>
        <testcase classname="src/renderer/plugins/builtin/terminal/main.test.ts" name="terminal plugin API assumptions &gt; terminal.kill &gt; resolves to void" time="0.000216233">
        </testcase>
        <testcase classname="src/renderer/plugins/builtin/terminal/main.test.ts" name="terminal plugin API assumptions &gt; terminal.getBuffer &gt; exists and is callable" time="0.000207596">
        </testcase>
        <testcase classname="src/renderer/plugins/builtin/terminal/main.test.ts" name="terminal plugin API assumptions &gt; terminal.getBuffer &gt; returns a promise resolving to a string" time="0.000256848">
        </testcase>
        <testcase classname="src/renderer/plugins/builtin/terminal/main.test.ts" name="terminal plugin API assumptions &gt; terminal.getBuffer &gt; plugin treats empty string as &quot;no existing session&quot;" time="0.000234587">
        </testcase>
        <testcase classname="src/renderer/plugins/builtin/terminal/main.test.ts" name="terminal plugin API assumptions &gt; terminal.getBuffer &gt; plugin treats non-empty string as &quot;existing session&quot;" time="0.000325686">
        </testcase>
        <testcase classname="src/renderer/plugins/builtin/terminal/main.test.ts" name="terminal plugin API assumptions &gt; terminal.onExit &gt; exists and is callable" time="0.000206574">
        </testcase>
        <testcase classname="src/renderer/plugins/builtin/terminal/main.test.ts" name="terminal plugin API assumptions &gt; terminal.onExit &gt; returns a Disposable with dispose()" time="0.00025823">
        </testcase>
        <testcase classname="src/renderer/plugins/builtin/terminal/main.test.ts" name="terminal plugin API assumptions &gt; terminal.onExit &gt; dispose does not throw" time="0.000342437">
        </testcase>
        <testcase classname="src/renderer/plugins/builtin/terminal/main.test.ts" name="terminal plugin API assumptions &gt; terminal.onExit &gt; callback receives exit code as a number" time="0.000288226">
        </testcase>
        <testcase classname="src/renderer/plugins/builtin/terminal/main.test.ts" name="terminal plugin API assumptions &gt; terminal.onData &gt; exists and is callable" time="0.000229487">
        </testcase>
        <testcase classname="src/renderer/plugins/builtin/terminal/main.test.ts" name="terminal plugin API assumptions &gt; terminal.onData &gt; returns a Disposable" time="0.000222654">
        </testcase>
        <testcase classname="src/renderer/plugins/builtin/terminal/main.test.ts" name="terminal plugin API assumptions &gt; terminal.write &gt; exists and is callable" time="0.000200564">
        </testcase>
        <testcase classname="src/renderer/plugins/builtin/terminal/main.test.ts" name="terminal plugin API assumptions &gt; terminal.write &gt; is synchronous (returns void, not Promise)" time="0.000264623">
        </testcase>
        <testcase classname="src/renderer/plugins/builtin/terminal/main.test.ts" name="terminal plugin API assumptions &gt; terminal.resize &gt; exists and is callable" time="0.000251337">
        </testcase>
        <testcase classname="src/renderer/plugins/builtin/terminal/main.test.ts" name="terminal plugin API assumptions &gt; terminal.resize &gt; is synchronous (returns void)" time="0.000199231">
        </testcase>
        <testcase classname="src/renderer/plugins/builtin/terminal/main.test.ts" name="terminal plugin API assumptions &gt; terminal.ShellTerminal &gt; exists and is a component (function)" time="0.000201084">
        </testcase>
        <testcase classname="src/renderer/plugins/builtin/terminal/main.test.ts" name="terminal plugin API assumptions &gt; terminal.ShellTerminal &gt; plugin passes sessionId and focused props" time="0.000229818">
        </testcase>
        <testcase classname="src/renderer/plugins/builtin/terminal/main.test.ts" name="terminal plugin API assumptions &gt; commands.register &gt; returns a Disposable" time="0.000240858">
        </testcase>
        <testcase classname="src/renderer/plugins/builtin/terminal/main.test.ts" name="terminal plugin session ID scheme &gt; uses projectId to build session ID for project target" time="0.000180306">
        </testcase>
        <testcase classname="src/renderer/plugins/builtin/terminal/main.test.ts" name="terminal plugin session ID scheme &gt; uses &quot;default&quot; projectId when projectId is missing" time="0.000207556">
        </testcase>
        <testcase classname="src/renderer/plugins/builtin/terminal/main.test.ts" name="terminal plugin session ID scheme &gt; different projects produce different session IDs" time="0.000229637">
        </testcase>
        <testcase classname="src/renderer/plugins/builtin/terminal/main.test.ts" name="terminal plugin session ID scheme &gt; passes projectPath as cwd to spawn" time="0.000302513">
        </testcase>
        <testcase classname="src/renderer/plugins/builtin/terminal/main.test.ts" name="terminal plugin lifecycle &gt; activate then deactivate does not throw" time="0.0001987">
        </testcase>
        <testcase classname="src/renderer/plugins/builtin/terminal/main.test.ts" name="terminal plugin lifecycle &gt; subscriptions from activate are disposable" time="0.000560673">
        </testcase>
        <testcase classname="src/renderer/plugins/builtin/terminal/main.test.ts" name="terminal plugin lifecycle &gt; subscriptions dispose is idempotent (double-dispose safe)" time="0.000387932">
        </testcase>
        <testcase classname="src/renderer/plugins/builtin/terminal/main.test.ts" name="terminal plugin module exports &gt; exports activate function" time="0.000179063">
        </testcase>
        <testcase classname="src/renderer/plugins/builtin/terminal/main.test.ts" name="terminal plugin module exports &gt; exports deactivate function" time="0.00017181">
        </testcase>
        <testcase classname="src/renderer/plugins/builtin/terminal/main.test.ts" name="terminal plugin module exports &gt; exports MainPanel component" time="0.000169816">
        </testcase>
        <testcase classname="src/renderer/plugins/builtin/terminal/main.test.ts" name="terminal plugin module exports &gt; exports SidebarPanel component" time="0.000214329">
        </testcase>
        <testcase classname="src/renderer/plugins/builtin/terminal/main.test.ts" name="terminal plugin module exports &gt; does not export HubPanel" time="0.000193661">
        </testcase>
        <testcase classname="src/renderer/plugins/builtin/terminal/main.test.ts" name="terminal plugin module exports &gt; does not export SettingsPanel" time="0.00016692">
        </testcase>
    </testsuite>
    <testsuite name="src/renderer/plugins/builtin/terminal/manifest.test.ts" timestamp="2026-03-25T04:47:30.714Z" hostname="runnervm46oaq" tests="12" failures="0" errors="0" skipped="0" time="0.011156632">
        <testcase classname="src/renderer/plugins/builtin/terminal/manifest.test.ts" name="terminal plugin manifest &gt; passes manifest validation" time="0.003763531">
        </testcase>
        <testcase classname="src/renderer/plugins/builtin/terminal/manifest.test.ts" name="terminal plugin manifest &gt; has correct id" time="0.000316488">
        </testcase>
        <testcase classname="src/renderer/plugins/builtin/terminal/manifest.test.ts" name="terminal plugin manifest &gt; is project-scoped" time="0.000215792">
        </testcase>
        <testcase classname="src/renderer/plugins/builtin/terminal/manifest.test.ts" name="terminal plugin manifest &gt; targets API v0.8" time="0.000269061">
        </testcase>
        <testcase classname="src/renderer/plugins/builtin/terminal/manifest.test.ts" name="terminal plugin manifest &gt; declares required permissions including canvas" time="0.00137639">
        </testcase>
        <testcase classname="src/renderer/plugins/builtin/terminal/manifest.test.ts" name="terminal plugin manifest &gt; contributes tab.title" time="0.000321388">
        </testcase>
        <testcase classname="src/renderer/plugins/builtin/terminal/manifest.test.ts" name="terminal plugin manifest &gt; declares a shell canvas widget" time="0.000987006">
        </testcase>
        <testcase classname="src/renderer/plugins/builtin/terminal/manifest.test.ts" name="terminal plugin manifest &gt; contributes help topics" time="0.00027423">
        </testcase>
        <testcase classname="src/renderer/plugins/builtin/terminal/manifest.test.ts" name="terminal plugin manifest &gt; contributes a sidebar-content layout tab" time="0.000617599">
        </testcase>
        <testcase classname="src/renderer/plugins/builtin/terminal/manifest.test.ts" name="terminal plugin manifest &gt; contributes a restart command with defaultBinding" time="0.000274851">
        </testcase>
        <testcase classname="src/renderer/plugins/builtin/terminal/manifest.test.ts" name="terminal plugin manifest &gt; has a tab icon (SVG string)" time="0.000314776">
        </testcase>
        <testcase classname="src/renderer/plugins/builtin/terminal/manifest.test.ts" name="terminal plugin manifest &gt; does not contribute a rail item (project-scoped only)" time="0.000149368">
        </testcase>
    </testsuite>
    <testsuite name="src/renderer/plugins/builtin/terminal/terminal-main.test.tsx" timestamp="2026-03-25T04:47:30.716Z" hostname="runnervm46oaq" tests="28" failures="0" errors="0" skipped="0" time="0.317265374">
        <testcase classname="src/renderer/plugins/builtin/terminal/terminal-main.test.tsx" name="Terminal MainPanel &gt; shows &quot;Starting...&quot; before spawn completes" time="0.055647251">
            <system-err>
An update to MainPanel inside a test was not wrapped in act(...).

When testing, code that causes React state updates should be wrapped into act(...):

act(() =&gt; {
  /* fire events that update state */
});
/* assert on the output */

This ensures that you&apos;re testing the behavior the user would see in the browser. Learn more at https://react.dev/link/wrap-tests-with-act

            </system-err>
        </testcase>
        <testcase classname="src/renderer/plugins/builtin/terminal/terminal-main.test.tsx" name="Terminal MainPanel &gt; shows &quot;Running&quot; + ShellTerminal after spawn" time="0.025513087">
        </testcase>
        <testcase classname="src/renderer/plugins/builtin/terminal/terminal-main.test.tsx" name="Terminal MainPanel &gt; shows &quot;Exited (code)&quot; on exit" time="0.015135168">
        </testcase>
        <testcase classname="src/renderer/plugins/builtin/terminal/terminal-main.test.tsx" name="Terminal MainPanel &gt; restart calls kill then re-spawn" time="0.06536988">
        </testcase>
        <testcase classname="src/renderer/plugins/builtin/terminal/terminal-main.test.tsx" name="Terminal MainPanel &gt; uses makeSessionId format for session ID (not raw projectId)" time="0.009321944">
        </testcase>
        <testcase classname="src/renderer/plugins/builtin/terminal/terminal-main.test.tsx" name="Terminal MainPanel &gt; spawns with projectPath as cwd" time="0.006678846">
        </testcase>
        <testcase classname="src/renderer/plugins/builtin/terminal/terminal-main.test.tsx" name="Terminal MainPanel &gt; shows &quot;Terminal — Project&quot; header when no target or project target selected" time="0.005715734">
        </testcase>
        <testcase classname="src/renderer/plugins/builtin/terminal/terminal-main.test.tsx" name="Terminal MainPanel &gt; shows &quot;Terminal — {name}&quot; header when agent target selected" time="0.006023286">
        </testcase>
        <testcase classname="src/renderer/plugins/builtin/terminal/terminal-main.test.tsx" name="Terminal MainPanel &gt; reconnects existing session via getBuffer instead of re-spawning" time="0.010464549">
        </testcase>
        <testcase classname="src/renderer/plugins/builtin/terminal/terminal-main.test.tsx" name="Terminal MainPanel &gt; reacts to terminalState target changes" time="0.011685581">
        </testcase>
        <testcase classname="src/renderer/plugins/builtin/terminal/terminal-main.test.tsx" name="Terminal SidebarPanel &gt; renders &quot;Targets&quot; header" time="0.004777899">
        </testcase>
        <testcase classname="src/renderer/plugins/builtin/terminal/terminal-main.test.tsx" name="Terminal SidebarPanel &gt; always shows &quot;Project&quot; row" time="0.00359062">
        </testcase>
        <testcase classname="src/renderer/plugins/builtin/terminal/terminal-main.test.tsx" name="Terminal SidebarPanel &gt; shows durable agent rows with worktreePath" time="0.006617983">
        </testcase>
        <testcase classname="src/renderer/plugins/builtin/terminal/terminal-main.test.tsx" name="Terminal SidebarPanel &gt; filters out quick agents (no worktreePath)" time="0.005246191">
        </testcase>
        <testcase classname="src/renderer/plugins/builtin/terminal/terminal-main.test.tsx" name="Terminal SidebarPanel &gt; shows durable agents without worktreePath greyed out under &quot;No worktree&quot; section" time="0.007652437">
        </testcase>
        <testcase classname="src/renderer/plugins/builtin/terminal/terminal-main.test.tsx" name="Terminal SidebarPanel &gt; auto-selects Project target on mount" time="0.003322822">
        </testcase>
        <testcase classname="src/renderer/plugins/builtin/terminal/terminal-main.test.tsx" name="Terminal SidebarPanel &gt; clicking an agent row sets it as active target" time="0.010918851">
        </testcase>
        <testcase classname="src/renderer/plugins/builtin/terminal/terminal-main.test.tsx" name="Terminal SidebarPanel &gt; clicking Project row sets project as active target" time="0.004657335">
        </testcase>
        <testcase classname="src/renderer/plugins/builtin/terminal/terminal-main.test.tsx" name="Terminal SidebarPanel &gt; subscribes to agents.onAnyChange for live updates" time="0.004214902">
        </testcase>
        <testcase classname="src/renderer/plugins/builtin/terminal/terminal-main.test.tsx" name="Terminal SidebarPanel &gt; refreshes target list when agents change" time="0.007279225">
        </testcase>
        <testcase classname="src/renderer/plugins/builtin/terminal/terminal-main.test.tsx" name="Terminal SidebarPanel &gt; populates targets in terminalState on mount" time="0.003915014">
        </testcase>
        <testcase classname="src/renderer/plugins/builtin/terminal/terminal-main.test.tsx" name="Terminal SidebarPanel &gt; highlights active target row" time="0.00420846">
        </testcase>
        <testcase classname="src/renderer/plugins/builtin/terminal/terminal-main.test.tsx" name="Terminal SidebarPanel &gt; disposes onAnyChange subscription on unmount" time="0.002727434">
        </testcase>
        <testcase classname="src/renderer/plugins/builtin/terminal/terminal-main.test.tsx" name="Terminal cross-panel integration &gt; SidebarPanel click propagates to MainPanel via terminalState" time="0.021808133">
        </testcase>
        <testcase classname="src/renderer/plugins/builtin/terminal/terminal-main.test.tsx" name="Terminal cross-panel integration &gt; deactivate resets terminalState used by both panels" time="0.006042981">
        </testcase>
        <testcase classname="src/renderer/plugins/builtin/terminal/terminal-main.test.tsx" name="Terminal activate/deactivate &gt; activate registers the restart command" time="0.001220681">
        </testcase>
        <testcase classname="src/renderer/plugins/builtin/terminal/terminal-main.test.tsx" name="Terminal activate/deactivate &gt; deactivate does not throw" time="0.001275122">
        </testcase>
        <testcase classname="src/renderer/plugins/builtin/terminal/terminal-main.test.tsx" name="Terminal activate/deactivate &gt; deactivate resets terminalState" time="0.000389033">
        </testcase>
    </testsuite>
</testsuites>
